[0.014s][info][gc,heap] Heap region size: 1M
[0.023s][info][gc     ] Using G1
[0.023s][info][gc,heap,coops] Heap address: 0x00000007e0000000, size: 512 MB, Compressed Oops mode: Zero based, Oop shift amount: 3
[0.186s][info][gc,start     ] GC(0) Pause Young (Normal) (G1 Evacuation Pause)
[0.187s][info][gc,task      ] GC(0) Using 8 workers of 8 for evacuation
[0.189s][info][gc,phases    ] GC(0)   Pre Evacuate Collection Set: 0.0ms
[0.189s][info][gc,phases    ] GC(0)   Evacuate Collection Set: 1.4ms
[0.189s][info][gc,phases    ] GC(0)   Post Evacuate Collection Set: 0.2ms
[0.189s][info][gc,phases    ] GC(0)   Other: 0.6ms
[0.189s][info][gc,heap      ] GC(0) Eden regions: 25->0(306)
[0.189s][info][gc,heap      ] GC(0) Survivor regions: 0->1(4)
[0.189s][info][gc,heap      ] GC(0) Old regions: 0->0
[0.189s][info][gc,heap      ] GC(0) Humongous regions: 0->0
[0.189s][info][gc,metaspace ] GC(0) Metaspace: 6465K->6465K(1056768K)
[0.189s][info][gc           ] GC(0) Pause Young (Normal) (G1 Evacuation Pause) 25M->0M(512M) 2.359ms
[0.189s][info][gc,cpu       ] GC(0) User=0.00s Sys=0.00s Real=0.00s
[0.426s][info][gc,start     ] GC(1) Pause Young (Normal) (G1 Evacuation Pause)
[0.426s][info][gc,task      ] GC(1) Using 8 workers of 8 for evacuation
[0.428s][info][gc,phases    ] GC(1)   Pre Evacuate Collection Set: 0.0ms
[0.428s][info][gc,phases    ] GC(1)   Evacuate Collection Set: 1.6ms
[0.428s][info][gc,phases    ] GC(1)   Post Evacuate Collection Set: 0.3ms
[0.428s][info][gc,phases    ] GC(1)   Other: 0.3ms
[0.429s][info][gc,heap      ] GC(1) Eden regions: 306->0(306)
[0.429s][info][gc,heap      ] GC(1) Survivor regions: 1->1(39)
[0.429s][info][gc,heap      ] GC(1) Old regions: 0->0
[0.429s][info][gc,heap      ] GC(1) Humongous regions: 0->0
[0.429s][info][gc,metaspace ] GC(1) Metaspace: 6493K->6493K(1056768K)
[0.429s][info][gc           ] GC(1) Pause Young (Normal) (G1 Evacuation Pause) 306M->1M(512M) 2.312ms
[0.429s][info][gc,cpu       ] GC(1) User=0.01s Sys=0.00s Real=0.00s
[0.499s][info][gc,start     ] GC(2) Pause Young (Normal) (G1 Evacuation Pause)
[0.499s][info][gc,task      ] GC(2) Using 8 workers of 8 for evacuation
[0.501s][info][gc,phases    ] GC(2)   Pre Evacuate Collection Set: 0.0ms
[0.501s][info][gc,phases    ] GC(2)   Evacuate Collection Set: 1.1ms
[0.501s][info][gc,phases    ] GC(2)   Post Evacuate Collection Set: 0.3ms
[0.501s][info][gc,phases    ] GC(2)   Other: 0.2ms
[0.501s][info][gc,heap      ] GC(2) Eden regions: 306->0(305)
[0.501s][info][gc,heap      ] GC(2) Survivor regions: 1->2(39)
[0.501s][info][gc,heap      ] GC(2) Old regions: 0->0
[0.501s][info][gc,heap      ] GC(2) Humongous regions: 0->0
[0.501s][info][gc,metaspace ] GC(2) Metaspace: 6493K->6493K(1056768K)
[0.501s][info][gc           ] GC(2) Pause Young (Normal) (G1 Evacuation Pause) 307M->1M(512M) 1.633ms
[0.501s][info][gc,cpu       ] GC(2) User=0.00s Sys=0.00s Real=0.01s
[0.565s][info][gc,start     ] GC(3) Pause Young (Normal) (G1 Evacuation Pause)
[0.565s][info][gc,task      ] GC(3) Using 8 workers of 8 for evacuation
[0.566s][info][gc,phases    ] GC(3)   Pre Evacuate Collection Set: 0.0ms
[0.566s][info][gc,phases    ] GC(3)   Evacuate Collection Set: 1.0ms
[0.566s][info][gc,phases    ] GC(3)   Post Evacuate Collection Set: 0.2ms
[0.566s][info][gc,phases    ] GC(3)   Other: 0.1ms
[0.566s][info][gc,heap      ] GC(3) Eden regions: 305->0(305)
[0.566s][info][gc,heap      ] GC(3) Survivor regions: 2->2(39)
[0.566s][info][gc,heap      ] GC(3) Old regions: 0->0
[0.566s][info][gc,heap      ] GC(3) Humongous regions: 0->0
[0.566s][info][gc,metaspace ] GC(3) Metaspace: 6493K->6493K(1056768K)
[0.566s][info][gc           ] GC(3) Pause Young (Normal) (G1 Evacuation Pause) 306M->1M(512M) 1.509ms
[0.566s][info][gc,cpu       ] GC(3) User=0.00s Sys=0.00s Real=0.00s
[0.630s][info][gc,start     ] GC(4) Pause Young (Normal) (G1 Evacuation Pause)
[0.630s][info][gc,task      ] GC(4) Using 8 workers of 8 for evacuation
[0.631s][info][gc,phases    ] GC(4)   Pre Evacuate Collection Set: 0.0ms
[0.632s][info][gc,phases    ] GC(4)   Evacuate Collection Set: 1.1ms
[0.632s][info][gc,phases    ] GC(4)   Post Evacuate Collection Set: 0.3ms
[0.632s][info][gc,phases    ] GC(4)   Other: 0.1ms
[0.632s][info][gc,heap      ] GC(4) Eden regions: 305->0(305)
[0.632s][info][gc,heap      ] GC(4) Survivor regions: 2->2(39)
[0.632s][info][gc,heap      ] GC(4) Old regions: 0->0
[0.632s][info][gc,heap      ] GC(4) Humongous regions: 0->0
[0.632s][info][gc,metaspace ] GC(4) Metaspace: 6493K->6493K(1056768K)
[0.632s][info][gc           ] GC(4) Pause Young (Normal) (G1 Evacuation Pause) 306M->1M(512M) 1.633ms
[0.632s][info][gc,cpu       ] GC(4) User=0.01s Sys=0.00s Real=0.01s
[0.703s][info][gc,start     ] GC(5) Pause Young (Normal) (G1 Evacuation Pause)
[0.703s][info][gc,task      ] GC(5) Using 8 workers of 8 for evacuation
[0.705s][info][gc,phases    ] GC(5)   Pre Evacuate Collection Set: 0.0ms
[0.705s][info][gc,phases    ] GC(5)   Evacuate Collection Set: 1.1ms
[0.705s][info][gc,phases    ] GC(5)   Post Evacuate Collection Set: 0.2ms
[0.705s][info][gc,phases    ] GC(5)   Other: 0.1ms
[0.705s][info][gc,heap      ] GC(5) Eden regions: 305->0(305)
[0.705s][info][gc,heap      ] GC(5) Survivor regions: 2->2(39)
[0.705s][info][gc,heap      ] GC(5) Old regions: 0->0
[0.705s][info][gc,heap      ] GC(5) Humongous regions: 0->0
[0.705s][info][gc,metaspace ] GC(5) Metaspace: 6493K->6493K(1056768K)
[0.705s][info][gc           ] GC(5) Pause Young (Normal) (G1 Evacuation Pause) 306M->1M(512M) 1.517ms
[0.705s][info][gc,cpu       ] GC(5) User=0.01s Sys=0.00s Real=0.00s
[0.771s][info][gc,start     ] GC(6) Pause Young (Normal) (G1 Evacuation Pause)
[0.771s][info][gc,task      ] GC(6) Using 8 workers of 8 for evacuation
[0.773s][info][gc,phases    ] GC(6)   Pre Evacuate Collection Set: 0.0ms
[0.773s][info][gc,phases    ] GC(6)   Evacuate Collection Set: 1.1ms
[0.773s][info][gc,phases    ] GC(6)   Post Evacuate Collection Set: 0.3ms
[0.773s][info][gc,phases    ] GC(6)   Other: 0.1ms
[0.773s][info][gc,heap      ] GC(6) Eden regions: 305->0(305)
[0.773s][info][gc,heap      ] GC(6) Survivor regions: 2->2(39)
[0.773s][info][gc,heap      ] GC(6) Old regions: 0->0
[0.773s][info][gc,heap      ] GC(6) Humongous regions: 0->0
[0.773s][info][gc,metaspace ] GC(6) Metaspace: 6493K->6493K(1056768K)
[0.773s][info][gc           ] GC(6) Pause Young (Normal) (G1 Evacuation Pause) 306M->1M(512M) 1.639ms
[0.773s][info][gc,cpu       ] GC(6) User=0.01s Sys=0.00s Real=0.00s
[0.838s][info][gc,start     ] GC(7) Pause Young (Normal) (G1 Evacuation Pause)
[0.838s][info][gc,task      ] GC(7) Using 8 workers of 8 for evacuation
[0.840s][info][gc,phases    ] GC(7)   Pre Evacuate Collection Set: 0.0ms
[0.840s][info][gc,phases    ] GC(7)   Evacuate Collection Set: 1.3ms
[0.840s][info][gc,phases    ] GC(7)   Post Evacuate Collection Set: 0.3ms
[0.840s][info][gc,phases    ] GC(7)   Other: 0.1ms
[0.840s][info][gc,heap      ] GC(7) Eden regions: 305->0(305)
[0.840s][info][gc,heap      ] GC(7) Survivor regions: 2->2(39)
[0.840s][info][gc,heap      ] GC(7) Old regions: 0->0
[0.840s][info][gc,heap      ] GC(7) Humongous regions: 0->0
[0.840s][info][gc,metaspace ] GC(7) Metaspace: 6493K->6493K(1056768K)
[0.840s][info][gc           ] GC(7) Pause Young (Normal) (G1 Evacuation Pause) 306M->1M(512M) 1.778ms
[0.840s][info][gc,cpu       ] GC(7) User=0.01s Sys=0.00s Real=0.00s
[0.918s][info][gc,start     ] GC(8) Pause Young (Normal) (G1 Evacuation Pause)
[0.918s][info][gc,task      ] GC(8) Using 8 workers of 8 for evacuation
[0.919s][info][gc,phases    ] GC(8)   Pre Evacuate Collection Set: 0.0ms
[0.919s][info][gc,phases    ] GC(8)   Evacuate Collection Set: 1.1ms
[0.919s][info][gc,phases    ] GC(8)   Post Evacuate Collection Set: 0.3ms
[0.919s][info][gc,phases    ] GC(8)   Other: 0.1ms
[0.919s][info][gc,heap      ] GC(8) Eden regions: 305->0(305)
[0.919s][info][gc,heap      ] GC(8) Survivor regions: 2->2(39)
[0.919s][info][gc,heap      ] GC(8) Old regions: 0->0
[0.919s][info][gc,heap      ] GC(8) Humongous regions: 0->0
[0.919s][info][gc,metaspace ] GC(8) Metaspace: 6493K->6493K(1056768K)
[0.919s][info][gc           ] GC(8) Pause Young (Normal) (G1 Evacuation Pause) 306M->1M(512M) 1.638ms
[0.919s][info][gc,cpu       ] GC(8) User=0.01s Sys=0.00s Real=0.00s
[0.984s][info][gc,start     ] GC(9) Pause Young (Normal) (G1 Evacuation Pause)
[0.984s][info][gc,task      ] GC(9) Using 8 workers of 8 for evacuation
[0.985s][info][gc,phases    ] GC(9)   Pre Evacuate Collection Set: 0.0ms
[0.985s][info][gc,phases    ] GC(9)   Evacuate Collection Set: 1.2ms
[0.985s][info][gc,phases    ] GC(9)   Post Evacuate Collection Set: 0.3ms
[0.985s][info][gc,phases    ] GC(9)   Other: 0.1ms
[0.985s][info][gc,heap      ] GC(9) Eden regions: 305->0(305)
[0.985s][info][gc,heap      ] GC(9) Survivor regions: 2->2(39)
[0.985s][info][gc,heap      ] GC(9) Old regions: 0->0
[0.985s][info][gc,heap      ] GC(9) Humongous regions: 0->0
[0.985s][info][gc,metaspace ] GC(9) Metaspace: 6493K->6493K(1056768K)
[0.985s][info][gc           ] GC(9) Pause Young (Normal) (G1 Evacuation Pause) 306M->1M(512M) 1.723ms
[0.985s][info][gc,cpu       ] GC(9) User=0.01s Sys=0.00s Real=0.00s
[1.058s][info][gc,start     ] GC(10) Pause Young (Normal) (G1 Evacuation Pause)
[1.058s][info][gc,task      ] GC(10) Using 8 workers of 8 for evacuation
[1.062s][info][gc,phases    ] GC(10)   Pre Evacuate Collection Set: 0.1ms
[1.062s][info][gc,phases    ] GC(10)   Evacuate Collection Set: 3.3ms
[1.062s][info][gc,phases    ] GC(10)   Post Evacuate Collection Set: 0.3ms
[1.062s][info][gc,phases    ] GC(10)   Other: 0.4ms
[1.062s][info][gc,heap      ] GC(10) Eden regions: 305->0(304)
[1.062s][info][gc,heap      ] GC(10) Survivor regions: 2->3(39)
[1.062s][info][gc,heap      ] GC(10) Old regions: 0->0
[1.062s][info][gc,heap      ] GC(10) Humongous regions: 0->0
[1.062s][info][gc,metaspace ] GC(10) Metaspace: 6493K->6493K(1056768K)
[1.062s][info][gc           ] GC(10) Pause Young (Normal) (G1 Evacuation Pause) 306M->2M(512M) 4.204ms
[1.062s][info][gc,cpu       ] GC(10) User=0.00s Sys=0.00s Real=0.01s
[1.129s][info][gc,start     ] GC(11) Pause Young (Normal) (G1 Evacuation Pause)
[1.129s][info][gc,task      ] GC(11) Using 8 workers of 8 for evacuation
[1.131s][info][gc,phases    ] GC(11)   Pre Evacuate Collection Set: 0.0ms
[1.131s][info][gc,phases    ] GC(11)   Evacuate Collection Set: 1.7ms
[1.131s][info][gc,phases    ] GC(11)   Post Evacuate Collection Set: 0.4ms
[1.131s][info][gc,phases    ] GC(11)   Other: 0.2ms
[1.131s][info][gc,heap      ] GC(11) Eden regions: 304->0(304)
[1.131s][info][gc,heap      ] GC(11) Survivor regions: 3->3(39)
[1.131s][info][gc,heap      ] GC(11) Old regions: 0->0
[1.131s][info][gc,heap      ] GC(11) Humongous regions: 0->0
[1.131s][info][gc,metaspace ] GC(11) Metaspace: 6493K->6493K(1056768K)
[1.131s][info][gc           ] GC(11) Pause Young (Normal) (G1 Evacuation Pause) 306M->2M(512M) 2.386ms
[1.131s][info][gc,cpu       ] GC(11) User=0.00s Sys=0.00s Real=0.01s
[1.195s][info][gc,start     ] GC(12) Pause Young (Normal) (G1 Evacuation Pause)
[1.195s][info][gc,task      ] GC(12) Using 8 workers of 8 for evacuation
[1.197s][info][gc,phases    ] GC(12)   Pre Evacuate Collection Set: 0.0ms
[1.197s][info][gc,phases    ] GC(12)   Evacuate Collection Set: 1.5ms
[1.197s][info][gc,phases    ] GC(12)   Post Evacuate Collection Set: 0.3ms
[1.197s][info][gc,phases    ] GC(12)   Other: 0.2ms
[1.197s][info][gc,heap      ] GC(12) Eden regions: 304->0(304)
[1.197s][info][gc,heap      ] GC(12) Survivor regions: 3->3(39)
[1.197s][info][gc,heap      ] GC(12) Old regions: 0->0
[1.197s][info][gc,heap      ] GC(12) Humongous regions: 0->0
[1.197s][info][gc,metaspace ] GC(12) Metaspace: 6493K->6493K(1056768K)
[1.197s][info][gc           ] GC(12) Pause Young (Normal) (G1 Evacuation Pause) 306M->2M(512M) 2.133ms
[1.197s][info][gc,cpu       ] GC(12) User=0.00s Sys=0.00s Real=0.00s
[1.260s][info][gc,start     ] GC(13) Pause Young (Normal) (G1 Evacuation Pause)
[1.260s][info][gc,task      ] GC(13) Using 8 workers of 8 for evacuation
[1.262s][info][gc,phases    ] GC(13)   Pre Evacuate Collection Set: 0.0ms
[1.262s][info][gc,phases    ] GC(13)   Evacuate Collection Set: 1.6ms
[1.262s][info][gc,phases    ] GC(13)   Post Evacuate Collection Set: 0.3ms
[1.262s][info][gc,phases    ] GC(13)   Other: 0.1ms
[1.262s][info][gc,heap      ] GC(13) Eden regions: 304->0(304)
[1.262s][info][gc,heap      ] GC(13) Survivor regions: 3->3(39)
[1.262s][info][gc,heap      ] GC(13) Old regions: 0->0
[1.262s][info][gc,heap      ] GC(13) Humongous regions: 0->0
[1.262s][info][gc,metaspace ] GC(13) Metaspace: 7413K->7413K(1056768K)
[1.262s][info][gc           ] GC(13) Pause Young (Normal) (G1 Evacuation Pause) 306M->2M(512M) 2.221ms
[1.262s][info][gc,cpu       ] GC(13) User=0.01s Sys=0.00s Real=0.00s
[1.336s][info][gc,start     ] GC(14) Pause Young (Normal) (G1 Evacuation Pause)
[1.336s][info][gc,task      ] GC(14) Using 8 workers of 8 for evacuation
[1.338s][info][gc,phases    ] GC(14)   Pre Evacuate Collection Set: 0.0ms
[1.338s][info][gc,phases    ] GC(14)   Evacuate Collection Set: 1.6ms
[1.338s][info][gc,phases    ] GC(14)   Post Evacuate Collection Set: 0.3ms
[1.338s][info][gc,phases    ] GC(14)   Other: 0.1ms
[1.338s][info][gc,heap      ] GC(14) Eden regions: 304->0(303)
[1.338s][info][gc,heap      ] GC(14) Survivor regions: 3->4(39)
[1.338s][info][gc,heap      ] GC(14) Old regions: 0->0
[1.338s][info][gc,heap      ] GC(14) Humongous regions: 0->0
[1.338s][info][gc,metaspace ] GC(14) Metaspace: 7413K->7413K(1056768K)
[1.338s][info][gc           ] GC(14) Pause Young (Normal) (G1 Evacuation Pause) 306M->3M(512M) 2.171ms
[1.338s][info][gc,cpu       ] GC(14) User=0.01s Sys=0.00s Real=0.00s
[1.408s][info][gc,start     ] GC(15) Pause Young (Normal) (G1 Evacuation Pause)
[1.408s][info][gc,task      ] GC(15) Using 8 workers of 8 for evacuation
[1.411s][info][gc,phases    ] GC(15)   Pre Evacuate Collection Set: 0.0ms
[1.411s][info][gc,phases    ] GC(15)   Evacuate Collection Set: 2.3ms
[1.411s][info][gc,phases    ] GC(15)   Post Evacuate Collection Set: 0.3ms
[1.411s][info][gc,phases    ] GC(15)   Other: 0.2ms
[1.411s][info][gc,heap      ] GC(15) Eden regions: 303->0(304)
[1.411s][info][gc,heap      ] GC(15) Survivor regions: 4->3(39)
[1.411s][info][gc,heap      ] GC(15) Old regions: 0->1
[1.411s][info][gc,heap      ] GC(15) Humongous regions: 0->0
[1.411s][info][gc,metaspace ] GC(15) Metaspace: 7413K->7413K(1056768K)
[1.411s][info][gc           ] GC(15) Pause Young (Normal) (G1 Evacuation Pause) 306M->3M(512M) 3.065ms
[1.411s][info][gc,cpu       ] GC(15) User=0.02s Sys=0.00s Real=0.01s
[1.482s][info][gc,start     ] GC(16) Pause Young (Normal) (G1 Evacuation Pause)
[1.482s][info][gc,task      ] GC(16) Using 8 workers of 8 for evacuation
[1.484s][info][gc,phases    ] GC(16)   Pre Evacuate Collection Set: 0.0ms
[1.484s][info][gc,phases    ] GC(16)   Evacuate Collection Set: 0.9ms
[1.484s][info][gc,phases    ] GC(16)   Post Evacuate Collection Set: 0.3ms
[1.484s][info][gc,phases    ] GC(16)   Other: 0.2ms
[1.484s][info][gc,heap      ] GC(16) Eden regions: 304->0(304)
[1.484s][info][gc,heap      ] GC(16) Survivor regions: 3->3(39)
[1.484s][info][gc,heap      ] GC(16) Old regions: 1->1
[1.484s][info][gc,heap      ] GC(16) Humongous regions: 0->0
[1.484s][info][gc,metaspace ] GC(16) Metaspace: 7413K->7413K(1056768K)
[1.484s][info][gc           ] GC(16) Pause Young (Normal) (G1 Evacuation Pause) 307M->3M(512M) 1.468ms
[1.484s][info][gc,cpu       ] GC(16) User=0.00s Sys=0.00s Real=0.00s
[1.565s][info][gc,start     ] GC(17) Pause Young (Normal) (G1 Evacuation Pause)
[1.565s][info][gc,task      ] GC(17) Using 8 workers of 8 for evacuation
[1.566s][info][gc,phases    ] GC(17)   Pre Evacuate Collection Set: 0.0ms
[1.566s][info][gc,phases    ] GC(17)   Evacuate Collection Set: 0.8ms
[1.566s][info][gc,phases    ] GC(17)   Post Evacuate Collection Set: 0.3ms
[1.566s][info][gc,phases    ] GC(17)   Other: 0.2ms
[1.566s][info][gc,heap      ] GC(17) Eden regions: 304->0(304)
[1.566s][info][gc,heap      ] GC(17) Survivor regions: 3->3(39)
[1.567s][info][gc,heap      ] GC(17) Old regions: 1->2
[1.567s][info][gc,heap      ] GC(17) Humongous regions: 0->0
[1.567s][info][gc,metaspace ] GC(17) Metaspace: 7413K->7413K(1056768K)
[1.567s][info][gc           ] GC(17) Pause Young (Normal) (G1 Evacuation Pause) 307M->3M(512M) 1.408ms
[1.567s][info][gc,cpu       ] GC(17) User=0.01s Sys=0.00s Real=0.00s
[1.640s][info][gc,start     ] GC(18) Pause Young (Normal) (G1 Evacuation Pause)
[1.640s][info][gc,task      ] GC(18) Using 8 workers of 8 for evacuation
[1.641s][info][gc,phases    ] GC(18)   Pre Evacuate Collection Set: 0.0ms
[1.641s][info][gc,phases    ] GC(18)   Evacuate Collection Set: 0.8ms
[1.641s][info][gc,phases    ] GC(18)   Post Evacuate Collection Set: 0.3ms
[1.641s][info][gc,phases    ] GC(18)   Other: 0.2ms
[1.641s][info][gc,heap      ] GC(18) Eden regions: 304->0(304)
[1.641s][info][gc,heap      ] GC(18) Survivor regions: 3->3(39)
[1.641s][info][gc,heap      ] GC(18) Old regions: 2->2
[1.641s][info][gc,heap      ] GC(18) Humongous regions: 0->0
[1.641s][info][gc,metaspace ] GC(18) Metaspace: 7413K->7413K(1056768K)
[1.641s][info][gc           ] GC(18) Pause Young (Normal) (G1 Evacuation Pause) 307M->3M(512M) 1.429ms
[1.641s][info][gc,cpu       ] GC(18) User=0.00s Sys=0.00s Real=0.01s
[1.713s][info][gc,start     ] GC(19) Pause Young (Normal) (G1 Evacuation Pause)
[1.713s][info][gc,task      ] GC(19) Using 8 workers of 8 for evacuation
[1.715s][info][gc,phases    ] GC(19)   Pre Evacuate Collection Set: 0.0ms
[1.715s][info][gc,phases    ] GC(19)   Evacuate Collection Set: 0.8ms
[1.715s][info][gc,phases    ] GC(19)   Post Evacuate Collection Set: 0.3ms
[1.715s][info][gc,phases    ] GC(19)   Other: 0.2ms
[1.715s][info][gc,heap      ] GC(19) Eden regions: 304->0(304)
[1.715s][info][gc,heap      ] GC(19) Survivor regions: 3->3(39)
[1.715s][info][gc,heap      ] GC(19) Old regions: 2->2
[1.715s][info][gc,heap      ] GC(19) Humongous regions: 0->0
[1.715s][info][gc,metaspace ] GC(19) Metaspace: 7413K->7413K(1056768K)
[1.715s][info][gc           ] GC(19) Pause Young (Normal) (G1 Evacuation Pause) 307M->3M(512M) 1.425ms
[1.715s][info][gc,cpu       ] GC(19) User=0.00s Sys=0.00s Real=0.00s
[1.794s][info][gc,start     ] GC(20) Pause Young (Normal) (G1 Evacuation Pause)
[1.794s][info][gc,task      ] GC(20) Using 8 workers of 8 for evacuation
[1.795s][info][gc,phases    ] GC(20)   Pre Evacuate Collection Set: 0.0ms
[1.795s][info][gc,phases    ] GC(20)   Evacuate Collection Set: 0.8ms
[1.795s][info][gc,phases    ] GC(20)   Post Evacuate Collection Set: 0.3ms
[1.795s][info][gc,phases    ] GC(20)   Other: 0.2ms
[1.795s][info][gc,heap      ] GC(20) Eden regions: 304->0(304)
[1.795s][info][gc,heap      ] GC(20) Survivor regions: 3->3(39)
[1.795s][info][gc,heap      ] GC(20) Old regions: 2->2
[1.795s][info][gc,heap      ] GC(20) Humongous regions: 0->0
[1.795s][info][gc,metaspace ] GC(20) Metaspace: 7413K->7413K(1056768K)
[1.795s][info][gc           ] GC(20) Pause Young (Normal) (G1 Evacuation Pause) 307M->3M(512M) 1.428ms
[1.795s][info][gc,cpu       ] GC(20) User=0.01s Sys=0.00s Real=0.00s
[1.869s][info][gc,start     ] GC(21) Pause Young (Normal) (G1 Evacuation Pause)
[1.869s][info][gc,task      ] GC(21) Using 8 workers of 8 for evacuation
[1.871s][info][gc,phases    ] GC(21)   Pre Evacuate Collection Set: 0.0ms
[1.871s][info][gc,phases    ] GC(21)   Evacuate Collection Set: 0.8ms
[1.871s][info][gc,phases    ] GC(21)   Post Evacuate Collection Set: 0.3ms
[1.871s][info][gc,phases    ] GC(21)   Other: 0.2ms
[1.871s][info][gc,heap      ] GC(21) Eden regions: 304->0(304)
[1.871s][info][gc,heap      ] GC(21) Survivor regions: 3->3(39)
[1.871s][info][gc,heap      ] GC(21) Old regions: 2->2
[1.871s][info][gc,heap      ] GC(21) Humongous regions: 0->0
[1.871s][info][gc,metaspace ] GC(21) Metaspace: 7413K->7413K(1056768K)
[1.871s][info][gc           ] GC(21) Pause Young (Normal) (G1 Evacuation Pause) 307M->3M(512M) 1.499ms
[1.871s][info][gc,cpu       ] GC(21) User=0.00s Sys=0.00s Real=0.01s
[1.946s][info][gc,start     ] GC(22) Pause Young (Normal) (G1 Evacuation Pause)
[1.946s][info][gc,task      ] GC(22) Using 8 workers of 8 for evacuation
[1.947s][info][gc,phases    ] GC(22)   Pre Evacuate Collection Set: 0.0ms
[1.947s][info][gc,phases    ] GC(22)   Evacuate Collection Set: 0.9ms
[1.947s][info][gc,phases    ] GC(22)   Post Evacuate Collection Set: 0.3ms
[1.947s][info][gc,phases    ] GC(22)   Other: 0.2ms
[1.948s][info][gc,heap      ] GC(22) Eden regions: 304->0(304)
[1.948s][info][gc,heap      ] GC(22) Survivor regions: 3->3(39)
[1.948s][info][gc,heap      ] GC(22) Old regions: 2->2
[1.948s][info][gc,heap      ] GC(22) Humongous regions: 0->0
[1.948s][info][gc,metaspace ] GC(22) Metaspace: 7413K->7413K(1056768K)
[1.948s][info][gc           ] GC(22) Pause Young (Normal) (G1 Evacuation Pause) 307M->4M(512M) 1.594ms
[1.948s][info][gc,cpu       ] GC(22) User=0.01s Sys=0.01s Real=0.00s
[2.027s][info][gc,start     ] GC(23) Pause Young (Normal) (G1 Evacuation Pause)
[2.027s][info][gc,task      ] GC(23) Using 8 workers of 8 for evacuation
[2.028s][info][gc,phases    ] GC(23)   Pre Evacuate Collection Set: 0.0ms
[2.028s][info][gc,phases    ] GC(23)   Evacuate Collection Set: 0.7ms
[2.028s][info][gc,phases    ] GC(23)   Post Evacuate Collection Set: 0.3ms
[2.028s][info][gc,phases    ] GC(23)   Other: 0.2ms
[2.028s][info][gc,heap      ] GC(23) Eden regions: 304->0(304)
[2.028s][info][gc,heap      ] GC(23) Survivor regions: 3->3(39)
[2.028s][info][gc,heap      ] GC(23) Old regions: 2->2
[2.028s][info][gc,heap      ] GC(23) Humongous regions: 0->0
[2.029s][info][gc,metaspace ] GC(23) Metaspace: 7413K->7413K(1056768K)
[2.029s][info][gc           ] GC(23) Pause Young (Normal) (G1 Evacuation Pause) 308M->4M(512M) 1.288ms
[2.029s][info][gc,cpu       ] GC(23) User=0.01s Sys=0.00s Real=0.00s
[2.101s][info][gc,start     ] GC(24) Pause Young (Normal) (G1 Evacuation Pause)
[2.101s][info][gc,task      ] GC(24) Using 8 workers of 8 for evacuation
[2.102s][info][gc,phases    ] GC(24)   Pre Evacuate Collection Set: 0.0ms
[2.103s][info][gc,phases    ] GC(24)   Evacuate Collection Set: 1.0ms
[2.103s][info][gc,phases    ] GC(24)   Post Evacuate Collection Set: 0.3ms
[2.103s][info][gc,phases    ] GC(24)   Other: 0.2ms
[2.103s][info][gc,heap      ] GC(24) Eden regions: 304->0(304)
[2.103s][info][gc,heap      ] GC(24) Survivor regions: 3->3(39)
[2.103s][info][gc,heap      ] GC(24) Old regions: 2->2
[2.103s][info][gc,heap      ] GC(24) Humongous regions: 0->0
[2.103s][info][gc,metaspace ] GC(24) Metaspace: 7413K->7413K(1056768K)
[2.103s][info][gc           ] GC(24) Pause Young (Normal) (G1 Evacuation Pause) 308M->4M(512M) 1.641ms
[2.103s][info][gc,cpu       ] GC(24) User=0.00s Sys=0.00s Real=0.00s
[2.179s][info][gc,start     ] GC(25) Pause Young (Normal) (G1 Evacuation Pause)
[2.179s][info][gc,task      ] GC(25) Using 8 workers of 8 for evacuation
[2.180s][info][gc,phases    ] GC(25)   Pre Evacuate Collection Set: 0.0ms
[2.180s][info][gc,phases    ] GC(25)   Evacuate Collection Set: 0.9ms
[2.180s][info][gc,phases    ] GC(25)   Post Evacuate Collection Set: 0.2ms
[2.180s][info][gc,phases    ] GC(25)   Other: 0.2ms
[2.180s][info][gc,heap      ] GC(25) Eden regions: 304->0(304)
[2.180s][info][gc,heap      ] GC(25) Survivor regions: 3->3(39)
[2.180s][info][gc,heap      ] GC(25) Old regions: 2->3
[2.180s][info][gc,heap      ] GC(25) Humongous regions: 0->0
[2.180s][info][gc,metaspace ] GC(25) Metaspace: 7413K->7413K(1056768K)
[2.180s][info][gc           ] GC(25) Pause Young (Normal) (G1 Evacuation Pause) 308M->4M(512M) 1.508ms
[2.180s][info][gc,cpu       ] GC(25) User=0.00s Sys=0.00s Real=0.01s
[2.267s][info][gc,start     ] GC(26) Pause Young (Normal) (G1 Evacuation Pause)
[2.267s][info][gc,task      ] GC(26) Using 8 workers of 8 for evacuation
[2.268s][info][gc,phases    ] GC(26)   Pre Evacuate Collection Set: 0.0ms
[2.268s][info][gc,phases    ] GC(26)   Evacuate Collection Set: 0.7ms
[2.268s][info][gc,phases    ] GC(26)   Post Evacuate Collection Set: 0.3ms
[2.268s][info][gc,phases    ] GC(26)   Other: 0.1ms
[2.268s][info][gc,heap      ] GC(26) Eden regions: 304->0(304)
[2.268s][info][gc,heap      ] GC(26) Survivor regions: 3->3(39)
[2.268s][info][gc,heap      ] GC(26) Old regions: 3->3
[2.268s][info][gc,heap      ] GC(26) Humongous regions: 0->0
[2.268s][info][gc,metaspace ] GC(26) Metaspace: 7413K->7413K(1056768K)
[2.268s][info][gc           ] GC(26) Pause Young (Normal) (G1 Evacuation Pause) 308M->4M(512M) 1.194ms
[2.268s][info][gc,cpu       ] GC(26) User=0.00s Sys=0.00s Real=0.00s
[2.342s][info][gc,start     ] GC(27) Pause Young (Normal) (G1 Evacuation Pause)
[2.342s][info][gc,task      ] GC(27) Using 8 workers of 8 for evacuation
[2.344s][info][gc,phases    ] GC(27)   Pre Evacuate Collection Set: 0.0ms
[2.344s][info][gc,phases    ] GC(27)   Evacuate Collection Set: 1.0ms
[2.344s][info][gc,phases    ] GC(27)   Post Evacuate Collection Set: 0.3ms
[2.344s][info][gc,phases    ] GC(27)   Other: 0.2ms
[2.344s][info][gc,heap      ] GC(27) Eden regions: 304->0(304)
[2.344s][info][gc,heap      ] GC(27) Survivor regions: 3->3(39)
[2.344s][info][gc,heap      ] GC(27) Old regions: 3->3
[2.344s][info][gc,heap      ] GC(27) Humongous regions: 0->0
[2.344s][info][gc,metaspace ] GC(27) Metaspace: 7413K->7413K(1056768K)
[2.344s][info][gc           ] GC(27) Pause Young (Normal) (G1 Evacuation Pause) 308M->4M(512M) 1.648ms
[2.344s][info][gc,cpu       ] GC(27) User=0.01s Sys=0.00s Real=0.00s
[2.421s][info][gc,start     ] GC(28) Pause Young (Normal) (G1 Evacuation Pause)
[2.421s][info][gc,task      ] GC(28) Using 8 workers of 8 for evacuation
[2.422s][info][gc,phases    ] GC(28)   Pre Evacuate Collection Set: 0.0ms
[2.422s][info][gc,phases    ] GC(28)   Evacuate Collection Set: 1.2ms
[2.422s][info][gc,phases    ] GC(28)   Post Evacuate Collection Set: 0.3ms
[2.422s][info][gc,phases    ] GC(28)   Other: 0.2ms
[2.422s][info][gc,heap      ] GC(28) Eden regions: 304->0(305)
[2.422s][info][gc,heap      ] GC(28) Survivor regions: 3->2(39)
[2.422s][info][gc,heap      ] GC(28) Old regions: 3->3
[2.422s][info][gc,heap      ] GC(28) Humongous regions: 0->0
[2.423s][info][gc,metaspace ] GC(28) Metaspace: 7413K->7413K(1056768K)
[2.423s][info][gc           ] GC(28) Pause Young (Normal) (G1 Evacuation Pause) 308M->4M(512M) 2.035ms
[2.423s][info][gc,cpu       ] GC(28) User=0.01s Sys=0.00s Real=0.00s
[2.501s][info][gc,start     ] GC(29) Pause Young (Normal) (G1 Evacuation Pause)
[2.501s][info][gc,task      ] GC(29) Using 8 workers of 8 for evacuation
[2.502s][info][gc,phases    ] GC(29)   Pre Evacuate Collection Set: 0.0ms
[2.502s][info][gc,phases    ] GC(29)   Evacuate Collection Set: 0.6ms
[2.502s][info][gc,phases    ] GC(29)   Post Evacuate Collection Set: 0.3ms
[2.502s][info][gc,phases    ] GC(29)   Other: 0.2ms
[2.502s][info][gc,heap      ] GC(29) Eden regions: 305->0(305)
[2.502s][info][gc,heap      ] GC(29) Survivor regions: 2->2(39)
[2.503s][info][gc,heap      ] GC(29) Old regions: 3->3
[2.503s][info][gc,heap      ] GC(29) Humongous regions: 0->0
[2.503s][info][gc,metaspace ] GC(29) Metaspace: 7413K->7413K(1056768K)
[2.503s][info][gc           ] GC(29) Pause Young (Normal) (G1 Evacuation Pause) 309M->4M(512M) 1.214ms
[2.503s][info][gc,cpu       ] GC(29) User=0.01s Sys=0.00s Real=0.00s
[2.577s][info][gc,start     ] GC(30) Pause Young (Normal) (G1 Evacuation Pause)
[2.577s][info][gc,task      ] GC(30) Using 8 workers of 8 for evacuation
[2.578s][info][gc,phases    ] GC(30)   Pre Evacuate Collection Set: 0.0ms
[2.578s][info][gc,phases    ] GC(30)   Evacuate Collection Set: 0.6ms
[2.578s][info][gc,phases    ] GC(30)   Post Evacuate Collection Set: 0.3ms
[2.578s][info][gc,phases    ] GC(30)   Other: 0.2ms
[2.578s][info][gc,heap      ] GC(30) Eden regions: 305->0(305)
[2.578s][info][gc,heap      ] GC(30) Survivor regions: 2->2(39)
[2.578s][info][gc,heap      ] GC(30) Old regions: 3->4
[2.578s][info][gc,heap      ] GC(30) Humongous regions: 0->0
[2.578s][info][gc,metaspace ] GC(30) Metaspace: 7413K->7413K(1056768K)
[2.578s][info][gc           ] GC(30) Pause Young (Normal) (G1 Evacuation Pause) 309M->4M(512M) 1.293ms
[2.578s][info][gc,cpu       ] GC(30) User=0.00s Sys=0.00s Real=0.00s
[2.644s][info][gc,start     ] GC(31) Pause Young (Normal) (G1 Evacuation Pause)
[2.644s][info][gc,task      ] GC(31) Using 8 workers of 8 for evacuation
[2.645s][info][gc,phases    ] GC(31)   Pre Evacuate Collection Set: 0.0ms
[2.645s][info][gc,phases    ] GC(31)   Evacuate Collection Set: 0.6ms
[2.645s][info][gc,phases    ] GC(31)   Post Evacuate Collection Set: 0.3ms
[2.645s][info][gc,phases    ] GC(31)   Other: 0.1ms
[2.645s][info][gc,heap      ] GC(31) Eden regions: 305->0(305)
[2.645s][info][gc,heap      ] GC(31) Survivor regions: 2->2(39)
[2.645s][info][gc,heap      ] GC(31) Old regions: 4->4
[2.645s][info][gc,heap      ] GC(31) Humongous regions: 0->0
[2.645s][info][gc,metaspace ] GC(31) Metaspace: 7413K->7413K(1056768K)
[2.645s][info][gc           ] GC(31) Pause Young (Normal) (G1 Evacuation Pause) 309M->5M(512M) 1.133ms
[2.645s][info][gc,cpu       ] GC(31) User=0.01s Sys=0.01s Real=0.00s
[2.714s][info][gc,start     ] GC(32) Pause Young (Normal) (G1 Evacuation Pause)
[2.714s][info][gc,task      ] GC(32) Using 8 workers of 8 for evacuation
[2.715s][info][gc,phases    ] GC(32)   Pre Evacuate Collection Set: 0.0ms
[2.715s][info][gc,phases    ] GC(32)   Evacuate Collection Set: 0.5ms
[2.715s][info][gc,phases    ] GC(32)   Post Evacuate Collection Set: 0.3ms
[2.715s][info][gc,phases    ] GC(32)   Other: 0.1ms
[2.715s][info][gc,heap      ] GC(32) Eden regions: 305->0(305)
[2.715s][info][gc,heap      ] GC(32) Survivor regions: 2->2(39)
[2.715s][info][gc,heap      ] GC(32) Old regions: 4->4
[2.715s][info][gc,heap      ] GC(32) Humongous regions: 0->0
[2.715s][info][gc,metaspace ] GC(32) Metaspace: 7413K->7413K(1056768K)
[2.715s][info][gc           ] GC(32) Pause Young (Normal) (G1 Evacuation Pause) 310M->5M(512M) 1.027ms
[2.715s][info][gc,cpu       ] GC(32) User=0.01s Sys=0.00s Real=0.00s
[2.785s][info][gc,start     ] GC(33) Pause Young (Normal) (G1 Evacuation Pause)
[2.785s][info][gc,task      ] GC(33) Using 8 workers of 8 for evacuation
[2.786s][info][gc,phases    ] GC(33)   Pre Evacuate Collection Set: 0.0ms
[2.786s][info][gc,phases    ] GC(33)   Evacuate Collection Set: 0.7ms
[2.786s][info][gc,phases    ] GC(33)   Post Evacuate Collection Set: 0.2ms
[2.786s][info][gc,phases    ] GC(33)   Other: 0.1ms
[2.786s][info][gc,heap      ] GC(33) Eden regions: 305->0(305)
[2.786s][info][gc,heap      ] GC(33) Survivor regions: 2->2(39)
[2.786s][info][gc,heap      ] GC(33) Old regions: 4->4
[2.786s][info][gc,heap      ] GC(33) Humongous regions: 0->0
[2.786s][info][gc,metaspace ] GC(33) Metaspace: 7413K->7413K(1056768K)
[2.786s][info][gc           ] GC(33) Pause Young (Normal) (G1 Evacuation Pause) 310M->5M(512M) 1.192ms
[2.786s][info][gc,cpu       ] GC(33) User=0.00s Sys=0.00s Real=0.00s
[2.855s][info][gc,start     ] GC(34) Pause Young (Normal) (G1 Evacuation Pause)
[2.855s][info][gc,task      ] GC(34) Using 8 workers of 8 for evacuation
[2.855s][info][gc,phases    ] GC(34)   Pre Evacuate Collection Set: 0.0ms
[2.855s][info][gc,phases    ] GC(34)   Evacuate Collection Set: 0.4ms
[2.855s][info][gc,phases    ] GC(34)   Post Evacuate Collection Set: 0.3ms
[2.855s][info][gc,phases    ] GC(34)   Other: 0.1ms
[2.855s][info][gc,heap      ] GC(34) Eden regions: 305->0(305)
[2.855s][info][gc,heap      ] GC(34) Survivor regions: 2->2(39)
[2.855s][info][gc,heap      ] GC(34) Old regions: 4->4
[2.855s][info][gc,heap      ] GC(34) Humongous regions: 0->0
[2.855s][info][gc,metaspace ] GC(34) Metaspace: 7413K->7413K(1056768K)
[2.855s][info][gc           ] GC(34) Pause Young (Normal) (G1 Evacuation Pause) 310M->5M(512M) 0.928ms
[2.855s][info][gc,cpu       ] GC(34) User=0.00s Sys=0.00s Real=0.00s
[2.934s][info][gc,start     ] GC(35) Pause Young (Normal) (G1 Evacuation Pause)
[2.934s][info][gc,task      ] GC(35) Using 8 workers of 8 for evacuation
[2.936s][info][gc,phases    ] GC(35)   Pre Evacuate Collection Set: 0.0ms
[2.936s][info][gc,phases    ] GC(35)   Evacuate Collection Set: 1.0ms
[2.936s][info][gc,phases    ] GC(35)   Post Evacuate Collection Set: 0.4ms
[2.936s][info][gc,phases    ] GC(35)   Other: 0.2ms
[2.936s][info][gc,heap      ] GC(35) Eden regions: 305->0(305)
[2.936s][info][gc,heap      ] GC(35) Survivor regions: 2->2(39)
[2.936s][info][gc,heap      ] GC(35) Old regions: 4->4
[2.936s][info][gc,heap      ] GC(35) Humongous regions: 0->0
[2.936s][info][gc,metaspace ] GC(35) Metaspace: 7413K->7413K(1056768K)
[2.936s][info][gc           ] GC(35) Pause Young (Normal) (G1 Evacuation Pause) 310M->5M(512M) 1.749ms
[2.936s][info][gc,cpu       ] GC(35) User=0.01s Sys=0.00s Real=0.00s
[3.011s][info][gc,start     ] GC(36) Pause Young (Normal) (G1 Evacuation Pause)
[3.011s][info][gc,task      ] GC(36) Using 8 workers of 8 for evacuation
[3.012s][info][gc,phases    ] GC(36)   Pre Evacuate Collection Set: 0.0ms
[3.012s][info][gc,phases    ] GC(36)   Evacuate Collection Set: 0.7ms
[3.012s][info][gc,phases    ] GC(36)   Post Evacuate Collection Set: 0.3ms
[3.012s][info][gc,phases    ] GC(36)   Other: 0.2ms
[3.012s][info][gc,heap      ] GC(36) Eden regions: 305->0(305)
[3.012s][info][gc,heap      ] GC(36) Survivor regions: 2->2(39)
[3.012s][info][gc,heap      ] GC(36) Old regions: 4->4
[3.012s][info][gc,heap      ] GC(36) Humongous regions: 0->0
[3.012s][info][gc,metaspace ] GC(36) Metaspace: 7413K->7413K(1056768K)
[3.012s][info][gc           ] GC(36) Pause Young (Normal) (G1 Evacuation Pause) 310M->5M(512M) 1.386ms
[3.012s][info][gc,cpu       ] GC(36) User=0.01s Sys=0.00s Real=0.00s
[3.087s][info][gc,start     ] GC(37) Pause Young (Normal) (G1 Evacuation Pause)
[3.087s][info][gc,task      ] GC(37) Using 8 workers of 8 for evacuation
[3.088s][info][gc,phases    ] GC(37)   Pre Evacuate Collection Set: 0.0ms
[3.088s][info][gc,phases    ] GC(37)   Evacuate Collection Set: 0.6ms
[3.088s][info][gc,phases    ] GC(37)   Post Evacuate Collection Set: 0.3ms
[3.088s][info][gc,phases    ] GC(37)   Other: 0.2ms
[3.088s][info][gc,heap      ] GC(37) Eden regions: 305->0(305)
[3.088s][info][gc,heap      ] GC(37) Survivor regions: 2->2(39)
[3.088s][info][gc,heap      ] GC(37) Old regions: 4->4
[3.088s][info][gc,heap      ] GC(37) Humongous regions: 0->0
[3.088s][info][gc,metaspace ] GC(37) Metaspace: 7413K->7413K(1056768K)
[3.088s][info][gc           ] GC(37) Pause Young (Normal) (G1 Evacuation Pause) 310M->5M(512M) 1.222ms
[3.088s][info][gc,cpu       ] GC(37) User=0.00s Sys=0.00s Real=0.00s
[3.164s][info][gc,start     ] GC(38) Pause Young (Normal) (G1 Evacuation Pause)
[3.164s][info][gc,task      ] GC(38) Using 8 workers of 8 for evacuation
[3.165s][info][gc,phases    ] GC(38)   Pre Evacuate Collection Set: 0.0ms
[3.165s][info][gc,phases    ] GC(38)   Evacuate Collection Set: 0.5ms
[3.165s][info][gc,phases    ] GC(38)   Post Evacuate Collection Set: 0.3ms
[3.165s][info][gc,phases    ] GC(38)   Other: 0.2ms
[3.165s][info][gc,heap      ] GC(38) Eden regions: 305->0(305)
[3.165s][info][gc,heap      ] GC(38) Survivor regions: 2->2(39)
[3.165s][info][gc,heap      ] GC(38) Old regions: 4->5
[3.165s][info][gc,heap      ] GC(38) Humongous regions: 0->0
[3.165s][info][gc,metaspace ] GC(38) Metaspace: 7413K->7413K(1056768K)
[3.165s][info][gc           ] GC(38) Pause Young (Normal) (G1 Evacuation Pause) 310M->5M(512M) 1.059ms
[3.165s][info][gc,cpu       ] GC(38) User=0.01s Sys=0.00s Real=0.00s
[3.245s][info][gc,start     ] GC(39) Pause Young (Normal) (G1 Evacuation Pause)
[3.245s][info][gc,task      ] GC(39) Using 8 workers of 8 for evacuation
[3.246s][info][gc,phases    ] GC(39)   Pre Evacuate Collection Set: 0.0ms
[3.246s][info][gc,phases    ] GC(39)   Evacuate Collection Set: 0.7ms
[3.246s][info][gc,phases    ] GC(39)   Post Evacuate Collection Set: 0.3ms
[3.246s][info][gc,phases    ] GC(39)   Other: 0.3ms
[3.246s][info][gc,heap      ] GC(39) Eden regions: 305->0(305)
[3.246s][info][gc,heap      ] GC(39) Survivor regions: 2->2(39)
[3.246s][info][gc,heap      ] GC(39) Old regions: 5->5
[3.246s][info][gc,heap      ] GC(39) Humongous regions: 0->0
[3.246s][info][gc,metaspace ] GC(39) Metaspace: 7413K->7413K(1056768K)
[3.246s][info][gc           ] GC(39) Pause Young (Normal) (G1 Evacuation Pause) 310M->6M(512M) 1.386ms
[3.246s][info][gc,cpu       ] GC(39) User=0.00s Sys=0.00s Real=0.00s
[3.302s][info][gc,heap,exit ] Heap
[3.302s][info][gc,heap,exit ]  garbage-first heap   total 524288K, used 176155K [0x00000007e0000000, 0x0000000800000000)
[3.302s][info][gc,heap,exit ]   region size 1024K, 169 young (173056K), 2 survivors (2048K)
[3.302s][info][gc,heap,exit ]  Metaspace       used 7684K, capacity 7801K, committed 7936K, reserved 1056768K
[3.302s][info][gc,heap,exit ]   class space    used 694K, capacity 725K, committed 768K, reserved 1048576K
