[0.013s][info][gc,heap] Heap region size: 1M
[0.020s][info][gc     ] Using G1
[0.020s][info][gc,heap,coops] Heap address: 0x00000007e0000000, size: 512 MB, Compressed Oops mode: Zero based, Oop shift amount: 3
[0.182s][info][gc,start     ] GC(0) Pause Young (Normal) (G1 Evacuation Pause)
[0.182s][info][gc,task      ] GC(0) Using 8 workers of 8 for evacuation
[0.184s][info][gc,phases    ] GC(0)   Pre Evacuate Collection Set: 0.0ms
[0.184s][info][gc,phases    ] GC(0)   Evacuate Collection Set: 1.2ms
[0.184s][info][gc,phases    ] GC(0)   Post Evacuate Collection Set: 0.1ms
[0.184s][info][gc,phases    ] GC(0)   Other: 0.7ms
[0.184s][info][gc,heap      ] GC(0) Eden regions: 25->0(306)
[0.184s][info][gc,heap      ] GC(0) Survivor regions: 0->1(4)
[0.184s][info][gc,heap      ] GC(0) Old regions: 0->0
[0.184s][info][gc,heap      ] GC(0) Humongous regions: 0->0
[0.184s][info][gc,metaspace ] GC(0) Metaspace: 6452K->6452K(1056768K)
[0.184s][info][gc           ] GC(0) Pause Young (Normal) (G1 Evacuation Pause) 25M->0M(512M) 2.238ms
[0.184s][info][gc,cpu       ] GC(0) User=0.01s Sys=0.00s Real=0.00s
[0.384s][info][gc,start     ] GC(1) Pause Young (Normal) (G1 Evacuation Pause)
[0.384s][info][gc,task      ] GC(1) Using 8 workers of 8 for evacuation
[0.386s][info][gc,phases    ] GC(1)   Pre Evacuate Collection Set: 0.0ms
[0.386s][info][gc,phases    ] GC(1)   Evacuate Collection Set: 1.3ms
[0.386s][info][gc,phases    ] GC(1)   Post Evacuate Collection Set: 0.2ms
[0.386s][info][gc,phases    ] GC(1)   Other: 0.2ms
[0.386s][info][gc,heap      ] GC(1) Eden regions: 306->0(306)
[0.386s][info][gc,heap      ] GC(1) Survivor regions: 1->1(39)
[0.386s][info][gc,heap      ] GC(1) Old regions: 0->0
[0.386s][info][gc,heap      ] GC(1) Humongous regions: 0->0
[0.386s][info][gc,metaspace ] GC(1) Metaspace: 6494K->6494K(1056768K)
[0.386s][info][gc           ] GC(1) Pause Young (Normal) (G1 Evacuation Pause) 306M->0M(512M) 1.864ms
[0.386s][info][gc,cpu       ] GC(1) User=0.01s Sys=0.00s Real=0.00s
[0.435s][info][gc,start     ] GC(2) Pause Young (Normal) (G1 Evacuation Pause)
[0.435s][info][gc,task      ] GC(2) Using 8 workers of 8 for evacuation
[0.436s][info][gc,phases    ] GC(2)   Pre Evacuate Collection Set: 0.0ms
[0.436s][info][gc,phases    ] GC(2)   Evacuate Collection Set: 1.0ms
[0.436s][info][gc,phases    ] GC(2)   Post Evacuate Collection Set: 0.3ms
[0.436s][info][gc,phases    ] GC(2)   Other: 0.1ms
[0.436s][info][gc,heap      ] GC(2) Eden regions: 306->0(305)
[0.436s][info][gc,heap      ] GC(2) Survivor regions: 1->2(39)
[0.436s][info][gc,heap      ] GC(2) Old regions: 0->0
[0.436s][info][gc,heap      ] GC(2) Humongous regions: 0->0
[0.436s][info][gc,metaspace ] GC(2) Metaspace: 6494K->6494K(1056768K)
[0.436s][info][gc           ] GC(2) Pause Young (Normal) (G1 Evacuation Pause) 306M->1M(512M) 1.612ms
[0.436s][info][gc,cpu       ] GC(2) User=0.00s Sys=0.00s Real=0.00s
[0.473s][info][gc,start     ] GC(3) Pause Young (Normal) (G1 Evacuation Pause)
[0.473s][info][gc,task      ] GC(3) Using 8 workers of 8 for evacuation
[0.474s][info][gc,phases    ] GC(3)   Pre Evacuate Collection Set: 0.0ms
[0.474s][info][gc,phases    ] GC(3)   Evacuate Collection Set: 1.1ms
[0.474s][info][gc,phases    ] GC(3)   Post Evacuate Collection Set: 0.2ms
[0.474s][info][gc,phases    ] GC(3)   Other: 0.1ms
[0.474s][info][gc,heap      ] GC(3) Eden regions: 305->0(305)
[0.474s][info][gc,heap      ] GC(3) Survivor regions: 2->2(39)
[0.474s][info][gc,heap      ] GC(3) Old regions: 0->0
[0.474s][info][gc,heap      ] GC(3) Humongous regions: 0->0
[0.474s][info][gc,metaspace ] GC(3) Metaspace: 6494K->6494K(1056768K)
[0.474s][info][gc           ] GC(3) Pause Young (Normal) (G1 Evacuation Pause) 306M->1M(512M) 1.593ms
[0.474s][info][gc,cpu       ] GC(3) User=0.01s Sys=0.00s Real=0.00s
[0.511s][info][gc,start     ] GC(4) Pause Young (Normal) (G1 Evacuation Pause)
[0.511s][info][gc,task      ] GC(4) Using 8 workers of 8 for evacuation
[0.512s][info][gc,phases    ] GC(4)   Pre Evacuate Collection Set: 0.0ms
[0.512s][info][gc,phases    ] GC(4)   Evacuate Collection Set: 1.1ms
[0.512s][info][gc,phases    ] GC(4)   Post Evacuate Collection Set: 0.2ms
[0.512s][info][gc,phases    ] GC(4)   Other: 0.1ms
[0.512s][info][gc,heap      ] GC(4) Eden regions: 305->0(305)
[0.512s][info][gc,heap      ] GC(4) Survivor regions: 2->2(39)
[0.512s][info][gc,heap      ] GC(4) Old regions: 0->0
[0.512s][info][gc,heap      ] GC(4) Humongous regions: 0->0
[0.512s][info][gc,metaspace ] GC(4) Metaspace: 6494K->6494K(1056768K)
[0.513s][info][gc           ] GC(4) Pause Young (Normal) (G1 Evacuation Pause) 306M->1M(512M) 1.570ms
[0.513s][info][gc,cpu       ] GC(4) User=0.01s Sys=0.00s Real=0.00s
[0.551s][info][gc,start     ] GC(5) Pause Young (Normal) (G1 Evacuation Pause)
[0.551s][info][gc,task      ] GC(5) Using 8 workers of 8 for evacuation
[0.552s][info][gc,phases    ] GC(5)   Pre Evacuate Collection Set: 0.0ms
[0.552s][info][gc,phases    ] GC(5)   Evacuate Collection Set: 1.1ms
[0.552s][info][gc,phases    ] GC(5)   Post Evacuate Collection Set: 0.3ms
[0.552s][info][gc,phases    ] GC(5)   Other: 0.2ms
[0.552s][info][gc,heap      ] GC(5) Eden regions: 305->0(305)
[0.552s][info][gc,heap      ] GC(5) Survivor regions: 2->2(39)
[0.552s][info][gc,heap      ] GC(5) Old regions: 0->0
[0.552s][info][gc,heap      ] GC(5) Humongous regions: 0->0
[0.552s][info][gc,metaspace ] GC(5) Metaspace: 6494K->6494K(1056768K)
[0.552s][info][gc           ] GC(5) Pause Young (Normal) (G1 Evacuation Pause) 306M->1M(512M) 1.659ms
[0.552s][info][gc,cpu       ] GC(5) User=0.01s Sys=0.00s Real=0.00s
[0.589s][info][gc,start     ] GC(6) Pause Young (Normal) (G1 Evacuation Pause)
[0.589s][info][gc,task      ] GC(6) Using 8 workers of 8 for evacuation
[0.591s][info][gc,phases    ] GC(6)   Pre Evacuate Collection Set: 0.0ms
[0.591s][info][gc,phases    ] GC(6)   Evacuate Collection Set: 1.4ms
[0.591s][info][gc,phases    ] GC(6)   Post Evacuate Collection Set: 0.5ms
[0.591s][info][gc,phases    ] GC(6)   Other: 0.1ms
[0.591s][info][gc,heap      ] GC(6) Eden regions: 305->0(305)
[0.591s][info][gc,heap      ] GC(6) Survivor regions: 2->2(39)
[0.591s][info][gc,heap      ] GC(6) Old regions: 0->0
[0.591s][info][gc,heap      ] GC(6) Humongous regions: 0->0
[0.591s][info][gc,metaspace ] GC(6) Metaspace: 6494K->6494K(1056768K)
[0.591s][info][gc           ] GC(6) Pause Young (Normal) (G1 Evacuation Pause) 306M->1M(512M) 2.164ms
[0.591s][info][gc,cpu       ] GC(6) User=0.01s Sys=0.00s Real=0.00s
[0.639s][info][gc,start     ] GC(7) Pause Young (Normal) (G1 Evacuation Pause)
[0.639s][info][gc,task      ] GC(7) Using 8 workers of 8 for evacuation
[0.643s][info][gc,phases    ] GC(7)   Pre Evacuate Collection Set: 0.0ms
[0.643s][info][gc,phases    ] GC(7)   Evacuate Collection Set: 2.3ms
[0.643s][info][gc,phases    ] GC(7)   Post Evacuate Collection Set: 1.1ms
[0.643s][info][gc,phases    ] GC(7)   Other: 0.4ms
[0.643s][info][gc,heap      ] GC(7) Eden regions: 305->0(305)
[0.643s][info][gc,heap      ] GC(7) Survivor regions: 2->2(39)
[0.643s][info][gc,heap      ] GC(7) Old regions: 0->0
[0.643s][info][gc,heap      ] GC(7) Humongous regions: 0->0
[0.643s][info][gc,metaspace ] GC(7) Metaspace: 6494K->6494K(1056768K)
[0.643s][info][gc           ] GC(7) Pause Young (Normal) (G1 Evacuation Pause) 306M->1M(512M) 3.928ms
[0.643s][info][gc,cpu       ] GC(7) User=0.01s Sys=0.00s Real=0.00s
[0.687s][info][gc,start     ] GC(8) Pause Young (Normal) (G1 Evacuation Pause)
[0.687s][info][gc,task      ] GC(8) Using 8 workers of 8 for evacuation
[0.689s][info][gc,phases    ] GC(8)   Pre Evacuate Collection Set: 0.0ms
[0.689s][info][gc,phases    ] GC(8)   Evacuate Collection Set: 1.5ms
[0.689s][info][gc,phases    ] GC(8)   Post Evacuate Collection Set: 0.3ms
[0.689s][info][gc,phases    ] GC(8)   Other: 0.1ms
[0.689s][info][gc,heap      ] GC(8) Eden regions: 305->0(305)
[0.689s][info][gc,heap      ] GC(8) Survivor regions: 2->2(39)
[0.689s][info][gc,heap      ] GC(8) Old regions: 0->0
[0.689s][info][gc,heap      ] GC(8) Humongous regions: 0->0
[0.689s][info][gc,metaspace ] GC(8) Metaspace: 6494K->6494K(1056768K)
[0.689s][info][gc           ] GC(8) Pause Young (Normal) (G1 Evacuation Pause) 306M->1M(512M) 2.048ms
[0.689s][info][gc,cpu       ] GC(8) User=0.01s Sys=0.00s Real=0.01s
[0.725s][info][gc,start     ] GC(9) Pause Young (Normal) (G1 Evacuation Pause)
[0.725s][info][gc,task      ] GC(9) Using 8 workers of 8 for evacuation
[0.726s][info][gc,phases    ] GC(9)   Pre Evacuate Collection Set: 0.0ms
[0.726s][info][gc,phases    ] GC(9)   Evacuate Collection Set: 1.0ms
[0.726s][info][gc,phases    ] GC(9)   Post Evacuate Collection Set: 0.3ms
[0.726s][info][gc,phases    ] GC(9)   Other: 0.1ms
[0.726s][info][gc,heap      ] GC(9) Eden regions: 305->0(305)
[0.726s][info][gc,heap      ] GC(9) Survivor regions: 2->2(39)
[0.726s][info][gc,heap      ] GC(9) Old regions: 0->0
[0.726s][info][gc,heap      ] GC(9) Humongous regions: 0->0
[0.726s][info][gc,metaspace ] GC(9) Metaspace: 6494K->6494K(1056768K)
[0.726s][info][gc           ] GC(9) Pause Young (Normal) (G1 Evacuation Pause) 306M->1M(512M) 1.491ms
[0.726s][info][gc,cpu       ] GC(9) User=0.00s Sys=0.00s Real=0.00s
[0.763s][info][gc,start     ] GC(10) Pause Young (Normal) (G1 Evacuation Pause)
[0.763s][info][gc,task      ] GC(10) Using 8 workers of 8 for evacuation
[0.764s][info][gc,phases    ] GC(10)   Pre Evacuate Collection Set: 0.0ms
[0.764s][info][gc,phases    ] GC(10)   Evacuate Collection Set: 1.0ms
[0.764s][info][gc,phases    ] GC(10)   Post Evacuate Collection Set: 0.2ms
[0.764s][info][gc,phases    ] GC(10)   Other: 0.1ms
[0.764s][info][gc,heap      ] GC(10) Eden regions: 305->0(305)
[0.764s][info][gc,heap      ] GC(10) Survivor regions: 2->2(39)
[0.764s][info][gc,heap      ] GC(10) Old regions: 0->0
[0.764s][info][gc,heap      ] GC(10) Humongous regions: 0->0
[0.764s][info][gc,metaspace ] GC(10) Metaspace: 6494K->6494K(1056768K)
[0.765s][info][gc           ] GC(10) Pause Young (Normal) (G1 Evacuation Pause) 306M->1M(512M) 1.475ms
[0.765s][info][gc,cpu       ] GC(10) User=0.01s Sys=0.01s Real=0.00s
[0.808s][info][gc,start     ] GC(11) Pause Young (Normal) (G1 Evacuation Pause)
[0.808s][info][gc,task      ] GC(11) Using 8 workers of 8 for evacuation
[0.809s][info][gc,phases    ] GC(11)   Pre Evacuate Collection Set: 0.0ms
[0.809s][info][gc,phases    ] GC(11)   Evacuate Collection Set: 1.3ms
[0.809s][info][gc,phases    ] GC(11)   Post Evacuate Collection Set: 0.2ms
[0.809s][info][gc,phases    ] GC(11)   Other: 0.1ms
[0.809s][info][gc,heap      ] GC(11) Eden regions: 305->0(305)
[0.809s][info][gc,heap      ] GC(11) Survivor regions: 2->2(39)
[0.809s][info][gc,heap      ] GC(11) Old regions: 0->0
[0.809s][info][gc,heap      ] GC(11) Humongous regions: 0->0
[0.809s][info][gc,metaspace ] GC(11) Metaspace: 6494K->6494K(1056768K)
[0.809s][info][gc           ] GC(11) Pause Young (Normal) (G1 Evacuation Pause) 306M->1M(512M) 1.752ms
[0.809s][info][gc,cpu       ] GC(11) User=0.01s Sys=0.00s Real=0.01s
[0.845s][info][gc,start     ] GC(12) Pause Young (Normal) (G1 Evacuation Pause)
[0.845s][info][gc,task      ] GC(12) Using 8 workers of 8 for evacuation
[0.847s][info][gc,phases    ] GC(12)   Pre Evacuate Collection Set: 0.0ms
[0.847s][info][gc,phases    ] GC(12)   Evacuate Collection Set: 1.2ms
[0.847s][info][gc,phases    ] GC(12)   Post Evacuate Collection Set: 0.2ms
[0.847s][info][gc,phases    ] GC(12)   Other: 0.1ms
[0.847s][info][gc,heap      ] GC(12) Eden regions: 305->0(305)
[0.847s][info][gc,heap      ] GC(12) Survivor regions: 2->2(39)
[0.847s][info][gc,heap      ] GC(12) Old regions: 0->0
[0.847s][info][gc,heap      ] GC(12) Humongous regions: 0->0
[0.847s][info][gc,metaspace ] GC(12) Metaspace: 6494K->6494K(1056768K)
[0.847s][info][gc           ] GC(12) Pause Young (Normal) (G1 Evacuation Pause) 306M->1M(512M) 1.681ms
[0.847s][info][gc,cpu       ] GC(12) User=0.01s Sys=0.00s Real=0.00s
[0.883s][info][gc,start     ] GC(13) Pause Young (Normal) (G1 Evacuation Pause)
[0.883s][info][gc,task      ] GC(13) Using 8 workers of 8 for evacuation
[0.884s][info][gc,phases    ] GC(13)   Pre Evacuate Collection Set: 0.0ms
[0.884s][info][gc,phases    ] GC(13)   Evacuate Collection Set: 1.1ms
[0.884s][info][gc,phases    ] GC(13)   Post Evacuate Collection Set: 0.2ms
[0.884s][info][gc,phases    ] GC(13)   Other: 0.1ms
[0.884s][info][gc,heap      ] GC(13) Eden regions: 305->0(305)
[0.884s][info][gc,heap      ] GC(13) Survivor regions: 2->2(39)
[0.884s][info][gc,heap      ] GC(13) Old regions: 0->0
[0.884s][info][gc,heap      ] GC(13) Humongous regions: 0->0
[0.884s][info][gc,metaspace ] GC(13) Metaspace: 6494K->6494K(1056768K)
[0.884s][info][gc           ] GC(13) Pause Young (Normal) (G1 Evacuation Pause) 306M->1M(512M) 1.640ms
[0.884s][info][gc,cpu       ] GC(13) User=0.00s Sys=0.00s Real=0.00s
[0.922s][info][gc,start     ] GC(14) Pause Young (Normal) (G1 Evacuation Pause)
[0.922s][info][gc,task      ] GC(14) Using 8 workers of 8 for evacuation
[0.923s][info][gc,phases    ] GC(14)   Pre Evacuate Collection Set: 0.0ms
[0.923s][info][gc,phases    ] GC(14)   Evacuate Collection Set: 1.2ms
[0.924s][info][gc,phases    ] GC(14)   Post Evacuate Collection Set: 0.2ms
[0.924s][info][gc,phases    ] GC(14)   Other: 0.1ms
[0.924s][info][gc,heap      ] GC(14) Eden regions: 305->0(305)
[0.924s][info][gc,heap      ] GC(14) Survivor regions: 2->2(39)
[0.924s][info][gc,heap      ] GC(14) Old regions: 0->0
[0.924s][info][gc,heap      ] GC(14) Humongous regions: 0->0
[0.924s][info][gc,metaspace ] GC(14) Metaspace: 6494K->6494K(1056768K)
[0.924s][info][gc           ] GC(14) Pause Young (Normal) (G1 Evacuation Pause) 306M->1M(512M) 1.605ms
[0.924s][info][gc,cpu       ] GC(14) User=0.01s Sys=0.00s Real=0.00s
[0.959s][info][gc,start     ] GC(15) Pause Young (Normal) (G1 Evacuation Pause)
[0.960s][info][gc,task      ] GC(15) Using 8 workers of 8 for evacuation
[0.962s][info][gc,phases    ] GC(15)   Pre Evacuate Collection Set: 0.0ms
[0.962s][info][gc,phases    ] GC(15)   Evacuate Collection Set: 1.8ms
[0.962s][info][gc,phases    ] GC(15)   Post Evacuate Collection Set: 0.3ms
[0.962s][info][gc,phases    ] GC(15)   Other: 0.2ms
[0.962s][info][gc,heap      ] GC(15) Eden regions: 305->0(306)
[0.962s][info][gc,heap      ] GC(15) Survivor regions: 2->1(39)
[0.962s][info][gc,heap      ] GC(15) Old regions: 0->1
[0.962s][info][gc,heap      ] GC(15) Humongous regions: 0->0
[0.962s][info][gc,metaspace ] GC(15) Metaspace: 6494K->6494K(1056768K)
[0.962s][info][gc           ] GC(15) Pause Young (Normal) (G1 Evacuation Pause) 306M->1M(512M) 2.452ms
[0.962s][info][gc,cpu       ] GC(15) User=0.00s Sys=0.00s Real=0.00s
[1.006s][info][gc,start     ] GC(16) Pause Young (Normal) (G1 Evacuation Pause)
[1.006s][info][gc,task      ] GC(16) Using 8 workers of 8 for evacuation
[1.007s][info][gc,phases    ] GC(16)   Pre Evacuate Collection Set: 0.0ms
[1.007s][info][gc,phases    ] GC(16)   Evacuate Collection Set: 0.6ms
[1.007s][info][gc,phases    ] GC(16)   Post Evacuate Collection Set: 0.3ms
[1.007s][info][gc,phases    ] GC(16)   Other: 0.1ms
[1.007s][info][gc,heap      ] GC(16) Eden regions: 306->0(306)
[1.007s][info][gc,heap      ] GC(16) Survivor regions: 1->1(39)
[1.008s][info][gc,heap      ] GC(16) Old regions: 1->1
[1.008s][info][gc,heap      ] GC(16) Humongous regions: 0->0
[1.008s][info][gc,metaspace ] GC(16) Metaspace: 6494K->6494K(1056768K)
[1.008s][info][gc           ] GC(16) Pause Young (Normal) (G1 Evacuation Pause) 307M->1M(512M) 1.174ms
[1.008s][info][gc,cpu       ] GC(16) User=0.00s Sys=0.00s Real=0.00s
[1.055s][info][gc,start     ] GC(17) Pause Young (Normal) (G1 Evacuation Pause)
[1.055s][info][gc,task      ] GC(17) Using 8 workers of 8 for evacuation
[1.056s][info][gc,phases    ] GC(17)   Pre Evacuate Collection Set: 0.0ms
[1.056s][info][gc,phases    ] GC(17)   Evacuate Collection Set: 0.5ms
[1.056s][info][gc,phases    ] GC(17)   Post Evacuate Collection Set: 0.3ms
[1.056s][info][gc,phases    ] GC(17)   Other: 0.2ms
[1.056s][info][gc,heap      ] GC(17) Eden regions: 306->0(306)
[1.056s][info][gc,heap      ] GC(17) Survivor regions: 1->1(39)
[1.056s][info][gc,heap      ] GC(17) Old regions: 1->1
[1.056s][info][gc,heap      ] GC(17) Humongous regions: 0->0
[1.056s][info][gc,metaspace ] GC(17) Metaspace: 6494K->6494K(1056768K)
[1.056s][info][gc           ] GC(17) Pause Young (Normal) (G1 Evacuation Pause) 307M->1M(512M) 1.123ms
[1.056s][info][gc,cpu       ] GC(17) User=0.00s Sys=0.00s Real=0.00s
[1.093s][info][gc,start     ] GC(18) Pause Young (Normal) (G1 Evacuation Pause)
[1.093s][info][gc,task      ] GC(18) Using 8 workers of 8 for evacuation
[1.094s][info][gc,phases    ] GC(18)   Pre Evacuate Collection Set: 0.0ms
[1.094s][info][gc,phases    ] GC(18)   Evacuate Collection Set: 0.7ms
[1.094s][info][gc,phases    ] GC(18)   Post Evacuate Collection Set: 0.2ms
[1.094s][info][gc,phases    ] GC(18)   Other: 0.2ms
[1.094s][info][gc,heap      ] GC(18) Eden regions: 306->0(306)
[1.094s][info][gc,heap      ] GC(18) Survivor regions: 1->1(39)
[1.094s][info][gc,heap      ] GC(18) Old regions: 1->2
[1.094s][info][gc,heap      ] GC(18) Humongous regions: 0->0
[1.094s][info][gc,metaspace ] GC(18) Metaspace: 6494K->6494K(1056768K)
[1.094s][info][gc           ] GC(18) Pause Young (Normal) (G1 Evacuation Pause) 307M->1M(512M) 1.315ms
[1.094s][info][gc,cpu       ] GC(18) User=0.01s Sys=0.00s Real=0.00s
[1.131s][info][gc,start     ] GC(19) Pause Young (Normal) (G1 Evacuation Pause)
[1.131s][info][gc,task      ] GC(19) Using 8 workers of 8 for evacuation
[1.132s][info][gc,phases    ] GC(19)   Pre Evacuate Collection Set: 0.0ms
[1.132s][info][gc,phases    ] GC(19)   Evacuate Collection Set: 0.5ms
[1.132s][info][gc,phases    ] GC(19)   Post Evacuate Collection Set: 0.2ms
[1.132s][info][gc,phases    ] GC(19)   Other: 0.2ms
[1.132s][info][gc,heap      ] GC(19) Eden regions: 306->0(306)
[1.132s][info][gc,heap      ] GC(19) Survivor regions: 1->1(39)
[1.132s][info][gc,heap      ] GC(19) Old regions: 2->2
[1.132s][info][gc,heap      ] GC(19) Humongous regions: 0->0
[1.132s][info][gc,metaspace ] GC(19) Metaspace: 6494K->6494K(1056768K)
[1.132s][info][gc           ] GC(19) Pause Young (Normal) (G1 Evacuation Pause) 307M->1M(512M) 1.102ms
[1.132s][info][gc,cpu       ] GC(19) User=0.00s Sys=0.00s Real=0.00s
[1.171s][info][gc,start     ] GC(20) Pause Young (Normal) (G1 Evacuation Pause)
[1.171s][info][gc,task      ] GC(20) Using 8 workers of 8 for evacuation
[1.172s][info][gc,phases    ] GC(20)   Pre Evacuate Collection Set: 0.0ms
[1.172s][info][gc,phases    ] GC(20)   Evacuate Collection Set: 0.5ms
[1.172s][info][gc,phases    ] GC(20)   Post Evacuate Collection Set: 0.2ms
[1.172s][info][gc,phases    ] GC(20)   Other: 0.2ms
[1.172s][info][gc,heap      ] GC(20) Eden regions: 306->0(306)
[1.172s][info][gc,heap      ] GC(20) Survivor regions: 1->1(39)
[1.172s][info][gc,heap      ] GC(20) Old regions: 2->2
[1.172s][info][gc,heap      ] GC(20) Humongous regions: 0->0
[1.172s][info][gc,metaspace ] GC(20) Metaspace: 6494K->6494K(1056768K)
[1.172s][info][gc           ] GC(20) Pause Young (Normal) (G1 Evacuation Pause) 307M->2M(512M) 1.070ms
[1.172s][info][gc,cpu       ] GC(20) User=0.00s Sys=0.00s Real=0.00s
[1.212s][info][gc,start     ] GC(21) Pause Young (Normal) (G1 Evacuation Pause)
[1.212s][info][gc,task      ] GC(21) Using 8 workers of 8 for evacuation
[1.213s][info][gc,phases    ] GC(21)   Pre Evacuate Collection Set: 0.0ms
[1.213s][info][gc,phases    ] GC(21)   Evacuate Collection Set: 0.6ms
[1.213s][info][gc,phases    ] GC(21)   Post Evacuate Collection Set: 0.2ms
[1.213s][info][gc,phases    ] GC(21)   Other: 0.2ms
[1.213s][info][gc,heap      ] GC(21) Eden regions: 306->0(305)
[1.213s][info][gc,heap      ] GC(21) Survivor regions: 1->2(39)
[1.213s][info][gc,heap      ] GC(21) Old regions: 2->2
[1.213s][info][gc,heap      ] GC(21) Humongous regions: 0->0
[1.213s][info][gc,metaspace ] GC(21) Metaspace: 6820K->6820K(1056768K)
[1.213s][info][gc           ] GC(21) Pause Young (Normal) (G1 Evacuation Pause) 308M->2M(512M) 1.096ms
[1.213s][info][gc,cpu       ] GC(21) User=0.01s Sys=0.00s Real=0.00s
[1.250s][info][gc,start     ] GC(22) Pause Young (Normal) (G1 Evacuation Pause)
[1.250s][info][gc,task      ] GC(22) Using 8 workers of 8 for evacuation
[1.251s][info][gc,phases    ] GC(22)   Pre Evacuate Collection Set: 0.0ms
[1.251s][info][gc,phases    ] GC(22)   Evacuate Collection Set: 1.0ms
[1.251s][info][gc,phases    ] GC(22)   Post Evacuate Collection Set: 0.2ms
[1.251s][info][gc,phases    ] GC(22)   Other: 0.2ms
[1.251s][info][gc,heap      ] GC(22) Eden regions: 305->0(305)
[1.251s][info][gc,heap      ] GC(22) Survivor regions: 2->2(39)
[1.251s][info][gc,heap      ] GC(22) Old regions: 2->2
[1.251s][info][gc,heap      ] GC(22) Humongous regions: 0->0
[1.251s][info][gc,metaspace ] GC(22) Metaspace: 7413K->7413K(1056768K)
[1.251s][info][gc           ] GC(22) Pause Young (Normal) (G1 Evacuation Pause) 307M->2M(512M) 1.566ms
[1.251s][info][gc,cpu       ] GC(22) User=0.00s Sys=0.00s Real=0.00s
[1.303s][info][gc,start     ] GC(23) Pause Young (Normal) (G1 Evacuation Pause)
[1.304s][info][gc,task      ] GC(23) Using 8 workers of 8 for evacuation
[1.306s][info][gc,phases    ] GC(23)   Pre Evacuate Collection Set: 0.0ms
[1.306s][info][gc,phases    ] GC(23)   Evacuate Collection Set: 1.3ms
[1.306s][info][gc,phases    ] GC(23)   Post Evacuate Collection Set: 0.7ms
[1.306s][info][gc,phases    ] GC(23)   Other: 0.2ms
[1.306s][info][gc,heap      ] GC(23) Eden regions: 305->0(305)
[1.306s][info][gc,heap      ] GC(23) Survivor regions: 2->2(39)
[1.306s][info][gc,heap      ] GC(23) Old regions: 2->2
[1.306s][info][gc,heap      ] GC(23) Humongous regions: 0->0
[1.306s][info][gc,metaspace ] GC(23) Metaspace: 7413K->7413K(1056768K)
[1.306s][info][gc           ] GC(23) Pause Young (Normal) (G1 Evacuation Pause) 307M->2M(512M) 2.359ms
[1.306s][info][gc,cpu       ] GC(23) User=0.01s Sys=0.00s Real=0.00s
[1.353s][info][gc,start     ] GC(24) Pause Young (Normal) (G1 Evacuation Pause)
[1.353s][info][gc,task      ] GC(24) Using 8 workers of 8 for evacuation
[1.358s][info][gc,phases    ] GC(24)   Pre Evacuate Collection Set: 0.1ms
[1.358s][info][gc,phases    ] GC(24)   Evacuate Collection Set: 2.6ms
[1.358s][info][gc,phases    ] GC(24)   Post Evacuate Collection Set: 1.5ms
[1.358s][info][gc,phases    ] GC(24)   Other: 0.6ms
[1.358s][info][gc,heap      ] GC(24) Eden regions: 305->0(305)
[1.358s][info][gc,heap      ] GC(24) Survivor regions: 2->2(39)
[1.358s][info][gc,heap      ] GC(24) Old regions: 2->2
[1.358s][info][gc,heap      ] GC(24) Humongous regions: 0->0
[1.358s][info][gc,metaspace ] GC(24) Metaspace: 7413K->7413K(1056768K)
[1.358s][info][gc           ] GC(24) Pause Young (Normal) (G1 Evacuation Pause) 307M->2M(512M) 5.253ms
[1.358s][info][gc,cpu       ] GC(24) User=0.01s Sys=0.00s Real=0.01s
[1.396s][info][gc,start     ] GC(25) Pause Young (Normal) (G1 Evacuation Pause)
[1.396s][info][gc,task      ] GC(25) Using 8 workers of 8 for evacuation
[1.397s][info][gc,phases    ] GC(25)   Pre Evacuate Collection Set: 0.0ms
[1.397s][info][gc,phases    ] GC(25)   Evacuate Collection Set: 0.8ms
[1.397s][info][gc,phases    ] GC(25)   Post Evacuate Collection Set: 0.2ms
[1.397s][info][gc,phases    ] GC(25)   Other: 0.1ms
[1.397s][info][gc,heap      ] GC(25) Eden regions: 305->0(305)
[1.397s][info][gc,heap      ] GC(25) Survivor regions: 2->2(39)
[1.397s][info][gc,heap      ] GC(25) Old regions: 2->2
[1.397s][info][gc,heap      ] GC(25) Humongous regions: 0->0
[1.397s][info][gc,metaspace ] GC(25) Metaspace: 7413K->7413K(1056768K)
[1.397s][info][gc           ] GC(25) Pause Young (Normal) (G1 Evacuation Pause) 307M->2M(512M) 1.224ms
[1.397s][info][gc,cpu       ] GC(25) User=0.00s Sys=0.00s Real=0.00s
[1.434s][info][gc,start     ] GC(26) Pause Young (Normal) (G1 Evacuation Pause)
[1.435s][info][gc,task      ] GC(26) Using 8 workers of 8 for evacuation
[1.436s][info][gc,phases    ] GC(26)   Pre Evacuate Collection Set: 0.0ms
[1.436s][info][gc,phases    ] GC(26)   Evacuate Collection Set: 0.8ms
[1.436s][info][gc,phases    ] GC(26)   Post Evacuate Collection Set: 0.3ms
[1.436s][info][gc,phases    ] GC(26)   Other: 0.1ms
[1.436s][info][gc,heap      ] GC(26) Eden regions: 305->0(305)
[1.436s][info][gc,heap      ] GC(26) Survivor regions: 2->2(39)
[1.436s][info][gc,heap      ] GC(26) Old regions: 2->2
[1.436s][info][gc,heap      ] GC(26) Humongous regions: 0->0
[1.436s][info][gc,metaspace ] GC(26) Metaspace: 7413K->7413K(1056768K)
[1.436s][info][gc           ] GC(26) Pause Young (Normal) (G1 Evacuation Pause) 307M->2M(512M) 1.311ms
[1.436s][info][gc,cpu       ] GC(26) User=0.01s Sys=0.00s Real=0.00s
[1.473s][info][gc,start     ] GC(27) Pause Young (Normal) (G1 Evacuation Pause)
[1.473s][info][gc,task      ] GC(27) Using 8 workers of 8 for evacuation
[1.474s][info][gc,phases    ] GC(27)   Pre Evacuate Collection Set: 0.0ms
[1.474s][info][gc,phases    ] GC(27)   Evacuate Collection Set: 0.7ms
[1.474s][info][gc,phases    ] GC(27)   Post Evacuate Collection Set: 0.2ms
[1.474s][info][gc,phases    ] GC(27)   Other: 0.1ms
[1.474s][info][gc,heap      ] GC(27) Eden regions: 305->0(305)
[1.474s][info][gc,heap      ] GC(27) Survivor regions: 2->2(39)
[1.474s][info][gc,heap      ] GC(27) Old regions: 2->2
[1.474s][info][gc,heap      ] GC(27) Humongous regions: 0->0
[1.474s][info][gc,metaspace ] GC(27) Metaspace: 7413K->7413K(1056768K)
[1.474s][info][gc           ] GC(27) Pause Young (Normal) (G1 Evacuation Pause) 307M->2M(512M) 1.160ms
[1.474s][info][gc,cpu       ] GC(27) User=0.01s Sys=0.00s Real=0.00s
[1.516s][info][gc,start     ] GC(28) Pause Young (Normal) (G1 Evacuation Pause)
[1.516s][info][gc,task      ] GC(28) Using 8 workers of 8 for evacuation
[1.517s][info][gc,phases    ] GC(28)   Pre Evacuate Collection Set: 0.0ms
[1.517s][info][gc,phases    ] GC(28)   Evacuate Collection Set: 0.7ms
[1.517s][info][gc,phases    ] GC(28)   Post Evacuate Collection Set: 0.3ms
[1.517s][info][gc,phases    ] GC(28)   Other: 0.1ms
[1.517s][info][gc,heap      ] GC(28) Eden regions: 305->0(305)
[1.517s][info][gc,heap      ] GC(28) Survivor regions: 2->2(39)
[1.517s][info][gc,heap      ] GC(28) Old regions: 2->2
[1.517s][info][gc,heap      ] GC(28) Humongous regions: 0->0
[1.517s][info][gc,metaspace ] GC(28) Metaspace: 7413K->7413K(1056768K)
[1.517s][info][gc           ] GC(28) Pause Young (Normal) (G1 Evacuation Pause) 307M->3M(512M) 1.219ms
[1.517s][info][gc,cpu       ] GC(28) User=0.01s Sys=0.00s Real=0.00s
[1.566s][info][gc,start     ] GC(29) Pause Young (Normal) (G1 Evacuation Pause)
[1.566s][info][gc,task      ] GC(29) Using 8 workers of 8 for evacuation
[1.567s][info][gc,phases    ] GC(29)   Pre Evacuate Collection Set: 0.0ms
[1.567s][info][gc,phases    ] GC(29)   Evacuate Collection Set: 0.6ms
[1.567s][info][gc,phases    ] GC(29)   Post Evacuate Collection Set: 0.3ms
[1.567s][info][gc,phases    ] GC(29)   Other: 0.1ms
[1.567s][info][gc,heap      ] GC(29) Eden regions: 305->0(305)
[1.567s][info][gc,heap      ] GC(29) Survivor regions: 2->2(39)
[1.567s][info][gc,heap      ] GC(29) Old regions: 2->2
[1.567s][info][gc,heap      ] GC(29) Humongous regions: 0->0
[1.567s][info][gc,metaspace ] GC(29) Metaspace: 7413K->7413K(1056768K)
[1.567s][info][gc           ] GC(29) Pause Young (Normal) (G1 Evacuation Pause) 308M->3M(512M) 1.178ms
[1.567s][info][gc,cpu       ] GC(29) User=0.00s Sys=0.01s Real=0.00s
[1.616s][info][gc,start     ] GC(30) Pause Young (Normal) (G1 Evacuation Pause)
[1.616s][info][gc,task      ] GC(30) Using 8 workers of 8 for evacuation
[1.617s][info][gc,phases    ] GC(30)   Pre Evacuate Collection Set: 0.0ms
[1.617s][info][gc,phases    ] GC(30)   Evacuate Collection Set: 0.7ms
[1.617s][info][gc,phases    ] GC(30)   Post Evacuate Collection Set: 0.2ms
[1.617s][info][gc,phases    ] GC(30)   Other: 0.2ms
[1.617s][info][gc,heap      ] GC(30) Eden regions: 305->0(305)
[1.617s][info][gc,heap      ] GC(30) Survivor regions: 2->2(39)
[1.617s][info][gc,heap      ] GC(30) Old regions: 2->2
[1.617s][info][gc,heap      ] GC(30) Humongous regions: 0->0
[1.617s][info][gc,metaspace ] GC(30) Metaspace: 7413K->7413K(1056768K)
[1.617s][info][gc           ] GC(30) Pause Young (Normal) (G1 Evacuation Pause) 308M->3M(512M) 1.207ms
[1.617s][info][gc,cpu       ] GC(30) User=0.00s Sys=0.00s Real=0.00s
[1.672s][info][gc,start     ] GC(31) Pause Young (Normal) (G1 Evacuation Pause)
[1.672s][info][gc,task      ] GC(31) Using 8 workers of 8 for evacuation
[1.673s][info][gc,phases    ] GC(31)   Pre Evacuate Collection Set: 0.0ms
[1.673s][info][gc,phases    ] GC(31)   Evacuate Collection Set: 0.7ms
[1.673s][info][gc,phases    ] GC(31)   Post Evacuate Collection Set: 0.4ms
[1.673s][info][gc,phases    ] GC(31)   Other: 0.1ms
[1.673s][info][gc,heap      ] GC(31) Eden regions: 305->0(305)
[1.673s][info][gc,heap      ] GC(31) Survivor regions: 2->2(39)
[1.673s][info][gc,heap      ] GC(31) Old regions: 2->2
[1.673s][info][gc,heap      ] GC(31) Humongous regions: 0->0
[1.673s][info][gc,metaspace ] GC(31) Metaspace: 7413K->7413K(1056768K)
[1.673s][info][gc           ] GC(31) Pause Young (Normal) (G1 Evacuation Pause) 308M->3M(512M) 1.276ms
[1.673s][info][gc,cpu       ] GC(31) User=0.00s Sys=0.00s Real=0.00s
[1.713s][info][gc,start     ] GC(32) Pause Young (Normal) (G1 Evacuation Pause)
[1.713s][info][gc,task      ] GC(32) Using 8 workers of 8 for evacuation
[1.714s][info][gc,phases    ] GC(32)   Pre Evacuate Collection Set: 0.0ms
[1.714s][info][gc,phases    ] GC(32)   Evacuate Collection Set: 0.8ms
[1.714s][info][gc,phases    ] GC(32)   Post Evacuate Collection Set: 0.3ms
[1.714s][info][gc,phases    ] GC(32)   Other: 0.2ms
[1.714s][info][gc,heap      ] GC(32) Eden regions: 305->0(305)
[1.714s][info][gc,heap      ] GC(32) Survivor regions: 2->2(39)
[1.714s][info][gc,heap      ] GC(32) Old regions: 2->2
[1.714s][info][gc,heap      ] GC(32) Humongous regions: 0->0
[1.714s][info][gc,metaspace ] GC(32) Metaspace: 7413K->7413K(1056768K)
[1.714s][info][gc           ] GC(32) Pause Young (Normal) (G1 Evacuation Pause) 308M->3M(512M) 1.411ms
[1.714s][info][gc,cpu       ] GC(32) User=0.00s Sys=0.00s Real=0.00s
[1.765s][info][gc,start     ] GC(33) Pause Young (Normal) (G1 Evacuation Pause)
[1.765s][info][gc,task      ] GC(33) Using 8 workers of 8 for evacuation
[1.766s][info][gc,phases    ] GC(33)   Pre Evacuate Collection Set: 0.0ms
[1.766s][info][gc,phases    ] GC(33)   Evacuate Collection Set: 0.8ms
[1.766s][info][gc,phases    ] GC(33)   Post Evacuate Collection Set: 0.3ms
[1.766s][info][gc,phases    ] GC(33)   Other: 0.2ms
[1.766s][info][gc,heap      ] GC(33) Eden regions: 305->0(305)
[1.766s][info][gc,heap      ] GC(33) Survivor regions: 2->2(39)
[1.766s][info][gc,heap      ] GC(33) Old regions: 2->2
[1.766s][info][gc,heap      ] GC(33) Humongous regions: 0->0
[1.766s][info][gc,metaspace ] GC(33) Metaspace: 7413K->7413K(1056768K)
[1.766s][info][gc           ] GC(33) Pause Young (Normal) (G1 Evacuation Pause) 308M->3M(512M) 1.364ms
[1.766s][info][gc,cpu       ] GC(33) User=0.01s Sys=0.00s Real=0.00s
[1.817s][info][gc,start     ] GC(34) Pause Young (Normal) (G1 Evacuation Pause)
[1.817s][info][gc,task      ] GC(34) Using 8 workers of 8 for evacuation
[1.818s][info][gc,phases    ] GC(34)   Pre Evacuate Collection Set: 0.0ms
[1.818s][info][gc,phases    ] GC(34)   Evacuate Collection Set: 0.7ms
[1.818s][info][gc,phases    ] GC(34)   Post Evacuate Collection Set: 0.3ms
[1.818s][info][gc,phases    ] GC(34)   Other: 0.1ms
[1.818s][info][gc,heap      ] GC(34) Eden regions: 305->0(305)
[1.818s][info][gc,heap      ] GC(34) Survivor regions: 2->2(39)
[1.818s][info][gc,heap      ] GC(34) Old regions: 2->2
[1.818s][info][gc,heap      ] GC(34) Humongous regions: 0->0
[1.818s][info][gc,metaspace ] GC(34) Metaspace: 7413K->7413K(1056768K)
[1.818s][info][gc           ] GC(34) Pause Young (Normal) (G1 Evacuation Pause) 308M->3M(512M) 1.179ms
[1.818s][info][gc,cpu       ] GC(34) User=0.00s Sys=0.00s Real=0.01s
[1.861s][info][gc,start     ] GC(35) Pause Young (Normal) (G1 Evacuation Pause)
[1.861s][info][gc,task      ] GC(35) Using 8 workers of 8 for evacuation
[1.862s][info][gc,phases    ] GC(35)   Pre Evacuate Collection Set: 0.0ms
[1.862s][info][gc,phases    ] GC(35)   Evacuate Collection Set: 0.6ms
[1.862s][info][gc,phases    ] GC(35)   Post Evacuate Collection Set: 0.2ms
[1.862s][info][gc,phases    ] GC(35)   Other: 0.2ms
[1.862s][info][gc,heap      ] GC(35) Eden regions: 305->0(305)
[1.862s][info][gc,heap      ] GC(35) Survivor regions: 2->2(39)
[1.862s][info][gc,heap      ] GC(35) Old regions: 2->3
[1.862s][info][gc,heap      ] GC(35) Humongous regions: 0->0
[1.862s][info][gc,metaspace ] GC(35) Metaspace: 7413K->7413K(1056768K)
[1.862s][info][gc           ] GC(35) Pause Young (Normal) (G1 Evacuation Pause) 308M->3M(512M) 1.128ms
[1.862s][info][gc,cpu       ] GC(35) User=0.00s Sys=0.00s Real=0.00s
[1.907s][info][gc,start     ] GC(36) Pause Young (Normal) (G1 Evacuation Pause)
[1.907s][info][gc,task      ] GC(36) Using 8 workers of 8 for evacuation
[1.908s][info][gc,phases    ] GC(36)   Pre Evacuate Collection Set: 0.0ms
[1.908s][info][gc,phases    ] GC(36)   Evacuate Collection Set: 0.9ms
[1.908s][info][gc,phases    ] GC(36)   Post Evacuate Collection Set: 0.3ms
[1.908s][info][gc,phases    ] GC(36)   Other: 0.2ms
[1.908s][info][gc,heap      ] GC(36) Eden regions: 305->0(305)
[1.908s][info][gc,heap      ] GC(36) Survivor regions: 2->2(39)
[1.908s][info][gc,heap      ] GC(36) Old regions: 3->3
[1.908s][info][gc,heap      ] GC(36) Humongous regions: 0->0
[1.908s][info][gc,metaspace ] GC(36) Metaspace: 7413K->7413K(1056768K)
[1.908s][info][gc           ] GC(36) Pause Young (Normal) (G1 Evacuation Pause) 308M->3M(512M) 1.494ms
[1.908s][info][gc,cpu       ] GC(36) User=0.00s Sys=0.00s Real=0.01s
[1.951s][info][gc,start     ] GC(37) Pause Young (Normal) (G1 Evacuation Pause)
[1.951s][info][gc,task      ] GC(37) Using 8 workers of 8 for evacuation
[1.953s][info][gc,phases    ] GC(37)   Pre Evacuate Collection Set: 0.0ms
[1.953s][info][gc,phases    ] GC(37)   Evacuate Collection Set: 0.8ms
[1.953s][info][gc,phases    ] GC(37)   Post Evacuate Collection Set: 0.3ms
[1.953s][info][gc,phases    ] GC(37)   Other: 0.2ms
[1.953s][info][gc,heap      ] GC(37) Eden regions: 305->0(306)
[1.953s][info][gc,heap      ] GC(37) Survivor regions: 2->1(39)
[1.953s][info][gc,heap      ] GC(37) Old regions: 3->3
[1.953s][info][gc,heap      ] GC(37) Humongous regions: 0->0
[1.953s][info][gc,metaspace ] GC(37) Metaspace: 7413K->7413K(1056768K)
[1.953s][info][gc           ] GC(37) Pause Young (Normal) (G1 Evacuation Pause) 308M->3M(512M) 1.328ms
[1.953s][info][gc,cpu       ] GC(37) User=0.00s Sys=0.00s Real=0.00s
[2.010s][info][gc,start     ] GC(38) Pause Young (Normal) (G1 Evacuation Pause)
[2.010s][info][gc,task      ] GC(38) Using 8 workers of 8 for evacuation
[2.012s][info][gc,phases    ] GC(38)   Pre Evacuate Collection Set: 0.0ms
[2.012s][info][gc,phases    ] GC(38)   Evacuate Collection Set: 1.0ms
[2.012s][info][gc,phases    ] GC(38)   Post Evacuate Collection Set: 0.8ms
[2.012s][info][gc,phases    ] GC(38)   Other: 0.3ms
[2.012s][info][gc,heap      ] GC(38) Eden regions: 306->0(306)
[2.012s][info][gc,heap      ] GC(38) Survivor regions: 1->1(39)
[2.012s][info][gc,heap      ] GC(38) Old regions: 3->3
[2.012s][info][gc,heap      ] GC(38) Humongous regions: 0->0
[2.012s][info][gc,metaspace ] GC(38) Metaspace: 7413K->7413K(1056768K)
[2.012s][info][gc           ] GC(38) Pause Young (Normal) (G1 Evacuation Pause) 309M->3M(512M) 2.371ms
[2.012s][info][gc,cpu       ] GC(38) User=0.01s Sys=0.01s Real=0.00s
[2.066s][info][gc,start     ] GC(39) Pause Young (Normal) (G1 Evacuation Pause)
[2.066s][info][gc,task      ] GC(39) Using 8 workers of 8 for evacuation
[2.067s][info][gc,phases    ] GC(39)   Pre Evacuate Collection Set: 0.0ms
[2.067s][info][gc,phases    ] GC(39)   Evacuate Collection Set: 0.5ms
[2.067s][info][gc,phases    ] GC(39)   Post Evacuate Collection Set: 0.2ms
[2.067s][info][gc,phases    ] GC(39)   Other: 0.1ms
[2.067s][info][gc,heap      ] GC(39) Eden regions: 306->0(306)
[2.067s][info][gc,heap      ] GC(39) Survivor regions: 1->1(39)
[2.067s][info][gc,heap      ] GC(39) Old regions: 3->3
[2.067s][info][gc,heap      ] GC(39) Humongous regions: 0->0
[2.067s][info][gc,metaspace ] GC(39) Metaspace: 7413K->7413K(1056768K)
[2.067s][info][gc           ] GC(39) Pause Young (Normal) (G1 Evacuation Pause) 309M->3M(512M) 1.057ms
[2.067s][info][gc,cpu       ] GC(39) User=0.01s Sys=0.00s Real=0.00s
[2.107s][info][gc,start     ] GC(40) Pause Young (Normal) (G1 Evacuation Pause)
[2.107s][info][gc,task      ] GC(40) Using 8 workers of 8 for evacuation
[2.108s][info][gc,phases    ] GC(40)   Pre Evacuate Collection Set: 0.0ms
[2.108s][info][gc,phases    ] GC(40)   Evacuate Collection Set: 0.4ms
[2.108s][info][gc,phases    ] GC(40)   Post Evacuate Collection Set: 0.3ms
[2.108s][info][gc,phases    ] GC(40)   Other: 0.1ms
[2.108s][info][gc,heap      ] GC(40) Eden regions: 306->0(306)
[2.108s][info][gc,heap      ] GC(40) Survivor regions: 1->1(39)
[2.108s][info][gc,heap      ] GC(40) Old regions: 3->3
[2.108s][info][gc,heap      ] GC(40) Humongous regions: 0->0
[2.108s][info][gc,metaspace ] GC(40) Metaspace: 7413K->7413K(1056768K)
[2.108s][info][gc           ] GC(40) Pause Young (Normal) (G1 Evacuation Pause) 309M->3M(512M) 0.906ms
[2.108s][info][gc,cpu       ] GC(40) User=0.00s Sys=0.00s Real=0.01s
[2.149s][info][gc,start     ] GC(41) Pause Young (Normal) (G1 Evacuation Pause)
[2.149s][info][gc,task      ] GC(41) Using 8 workers of 8 for evacuation
[2.150s][info][gc,phases    ] GC(41)   Pre Evacuate Collection Set: 0.0ms
[2.151s][info][gc,phases    ] GC(41)   Evacuate Collection Set: 0.6ms
[2.151s][info][gc,phases    ] GC(41)   Post Evacuate Collection Set: 0.3ms
[2.151s][info][gc,phases    ] GC(41)   Other: 0.2ms
[2.151s][info][gc,heap      ] GC(41) Eden regions: 306->0(306)
[2.151s][info][gc,heap      ] GC(41) Survivor regions: 1->1(39)
[2.151s][info][gc,heap      ] GC(41) Old regions: 3->3
[2.151s][info][gc,heap      ] GC(41) Humongous regions: 0->0
[2.151s][info][gc,metaspace ] GC(41) Metaspace: 7413K->7413K(1056768K)
[2.151s][info][gc           ] GC(41) Pause Young (Normal) (G1 Evacuation Pause) 309M->3M(512M) 1.232ms
[2.151s][info][gc,cpu       ] GC(41) User=0.01s Sys=0.00s Real=0.00s
[2.195s][info][gc,start     ] GC(42) Pause Young (Normal) (G1 Evacuation Pause)
[2.195s][info][gc,task      ] GC(42) Using 8 workers of 8 for evacuation
[2.196s][info][gc,phases    ] GC(42)   Pre Evacuate Collection Set: 0.0ms
[2.196s][info][gc,phases    ] GC(42)   Evacuate Collection Set: 0.5ms
[2.196s][info][gc,phases    ] GC(42)   Post Evacuate Collection Set: 0.3ms
[2.196s][info][gc,phases    ] GC(42)   Other: 0.2ms
[2.196s][info][gc,heap      ] GC(42) Eden regions: 306->0(306)
[2.196s][info][gc,heap      ] GC(42) Survivor regions: 1->1(39)
[2.196s][info][gc,heap      ] GC(42) Old regions: 3->3
[2.196s][info][gc,heap      ] GC(42) Humongous regions: 0->0
[2.196s][info][gc,metaspace ] GC(42) Metaspace: 7413K->7413K(1056768K)
[2.196s][info][gc           ] GC(42) Pause Young (Normal) (G1 Evacuation Pause) 309M->3M(512M) 1.026ms
[2.196s][info][gc,cpu       ] GC(42) User=0.01s Sys=0.00s Real=0.00s
[2.243s][info][gc,start     ] GC(43) Pause Young (Normal) (G1 Evacuation Pause)
[2.243s][info][gc,task      ] GC(43) Using 8 workers of 8 for evacuation
[2.244s][info][gc,phases    ] GC(43)   Pre Evacuate Collection Set: 0.0ms
[2.244s][info][gc,phases    ] GC(43)   Evacuate Collection Set: 0.4ms
[2.244s][info][gc,phases    ] GC(43)   Post Evacuate Collection Set: 0.2ms
[2.244s][info][gc,phases    ] GC(43)   Other: 0.1ms
[2.244s][info][gc,heap      ] GC(43) Eden regions: 306->0(306)
[2.244s][info][gc,heap      ] GC(43) Survivor regions: 1->1(39)
[2.244s][info][gc,heap      ] GC(43) Old regions: 3->4
[2.244s][info][gc,heap      ] GC(43) Humongous regions: 0->0
[2.244s][info][gc,metaspace ] GC(43) Metaspace: 7413K->7413K(1056768K)
[2.244s][info][gc           ] GC(43) Pause Young (Normal) (G1 Evacuation Pause) 309M->3M(512M) 0.906ms
[2.244s][info][gc,cpu       ] GC(43) User=0.01s Sys=0.00s Real=0.00s
[2.294s][info][gc,start     ] GC(44) Pause Young (Normal) (G1 Evacuation Pause)
[2.294s][info][gc,task      ] GC(44) Using 8 workers of 8 for evacuation
[2.295s][info][gc,phases    ] GC(44)   Pre Evacuate Collection Set: 0.0ms
[2.295s][info][gc,phases    ] GC(44)   Evacuate Collection Set: 0.5ms
[2.295s][info][gc,phases    ] GC(44)   Post Evacuate Collection Set: 0.2ms
[2.295s][info][gc,phases    ] GC(44)   Other: 0.1ms
[2.295s][info][gc,heap      ] GC(44) Eden regions: 306->0(306)
[2.295s][info][gc,heap      ] GC(44) Survivor regions: 1->1(39)
[2.295s][info][gc,heap      ] GC(44) Old regions: 4->4
[2.295s][info][gc,heap      ] GC(44) Humongous regions: 0->0
[2.295s][info][gc,metaspace ] GC(44) Metaspace: 7413K->7413K(1056768K)
[2.295s][info][gc           ] GC(44) Pause Young (Normal) (G1 Evacuation Pause) 309M->3M(512M) 1.011ms
[2.295s][info][gc,cpu       ] GC(44) User=0.00s Sys=0.00s Real=0.00s
[2.346s][info][gc,start     ] GC(45) Pause Young (Normal) (G1 Evacuation Pause)
[2.346s][info][gc,task      ] GC(45) Using 8 workers of 8 for evacuation
[2.346s][info][gc,phases    ] GC(45)   Pre Evacuate Collection Set: 0.0ms
[2.346s][info][gc,phases    ] GC(45)   Evacuate Collection Set: 0.4ms
[2.346s][info][gc,phases    ] GC(45)   Post Evacuate Collection Set: 0.2ms
[2.346s][info][gc,phases    ] GC(45)   Other: 0.2ms
[2.346s][info][gc,heap      ] GC(45) Eden regions: 306->0(306)
[2.346s][info][gc,heap      ] GC(45) Survivor regions: 1->1(39)
[2.346s][info][gc,heap      ] GC(45) Old regions: 4->4
[2.346s][info][gc,heap      ] GC(45) Humongous regions: 0->0
[2.346s][info][gc,metaspace ] GC(45) Metaspace: 7413K->7413K(1056768K)
[2.346s][info][gc           ] GC(45) Pause Young (Normal) (G1 Evacuation Pause) 309M->4M(512M) 0.908ms
[2.346s][info][gc,cpu       ] GC(45) User=0.01s Sys=0.00s Real=0.00s
[2.389s][info][gc,start     ] GC(46) Pause Young (Normal) (G1 Evacuation Pause)
[2.389s][info][gc,task      ] GC(46) Using 8 workers of 8 for evacuation
[2.390s][info][gc,phases    ] GC(46)   Pre Evacuate Collection Set: 0.0ms
[2.390s][info][gc,phases    ] GC(46)   Evacuate Collection Set: 0.4ms
[2.390s][info][gc,phases    ] GC(46)   Post Evacuate Collection Set: 0.2ms
[2.390s][info][gc,phases    ] GC(46)   Other: 0.2ms
[2.390s][info][gc,heap      ] GC(46) Eden regions: 306->0(306)
[2.390s][info][gc,heap      ] GC(46) Survivor regions: 1->1(39)
[2.390s][info][gc,heap      ] GC(46) Old regions: 4->4
[2.390s][info][gc,heap      ] GC(46) Humongous regions: 0->0
[2.390s][info][gc,metaspace ] GC(46) Metaspace: 7413K->7413K(1056768K)
[2.390s][info][gc           ] GC(46) Pause Young (Normal) (G1 Evacuation Pause) 310M->4M(512M) 0.906ms
[2.390s][info][gc,cpu       ] GC(46) User=0.00s Sys=0.00s Real=0.00s
[2.434s][info][gc,start     ] GC(47) Pause Young (Normal) (G1 Evacuation Pause)
[2.434s][info][gc,task      ] GC(47) Using 8 workers of 8 for evacuation
[2.435s][info][gc,phases    ] GC(47)   Pre Evacuate Collection Set: 0.0ms
[2.435s][info][gc,phases    ] GC(47)   Evacuate Collection Set: 0.4ms
[2.435s][info][gc,phases    ] GC(47)   Post Evacuate Collection Set: 0.3ms
[2.435s][info][gc,phases    ] GC(47)   Other: 0.2ms
[2.435s][info][gc,heap      ] GC(47) Eden regions: 306->0(306)
[2.435s][info][gc,heap      ] GC(47) Survivor regions: 1->1(39)
[2.435s][info][gc,heap      ] GC(47) Old regions: 4->4
[2.435s][info][gc,heap      ] GC(47) Humongous regions: 0->0
[2.435s][info][gc,metaspace ] GC(47) Metaspace: 7413K->7413K(1056768K)
[2.435s][info][gc           ] GC(47) Pause Young (Normal) (G1 Evacuation Pause) 310M->4M(512M) 1.035ms
[2.435s][info][gc,cpu       ] GC(47) User=0.00s Sys=0.00s Real=0.00s
[2.483s][info][gc,start     ] GC(48) Pause Young (Normal) (G1 Evacuation Pause)
[2.483s][info][gc,task      ] GC(48) Using 8 workers of 8 for evacuation
[2.484s][info][gc,phases    ] GC(48)   Pre Evacuate Collection Set: 0.0ms
[2.484s][info][gc,phases    ] GC(48)   Evacuate Collection Set: 0.5ms
[2.484s][info][gc,phases    ] GC(48)   Post Evacuate Collection Set: 0.3ms
[2.484s][info][gc,phases    ] GC(48)   Other: 0.2ms
[2.484s][info][gc,heap      ] GC(48) Eden regions: 306->0(306)
[2.484s][info][gc,heap      ] GC(48) Survivor regions: 1->1(39)
[2.484s][info][gc,heap      ] GC(48) Old regions: 4->4
[2.484s][info][gc,heap      ] GC(48) Humongous regions: 0->0
[2.484s][info][gc,metaspace ] GC(48) Metaspace: 7413K->7413K(1056768K)
[2.484s][info][gc           ] GC(48) Pause Young (Normal) (G1 Evacuation Pause) 310M->4M(512M) 1.148ms
[2.484s][info][gc,cpu       ] GC(48) User=0.00s Sys=0.00s Real=0.00s
[2.535s][info][gc,start     ] GC(49) Pause Young (Normal) (G1 Evacuation Pause)
[2.535s][info][gc,task      ] GC(49) Using 8 workers of 8 for evacuation
[2.536s][info][gc,phases    ] GC(49)   Pre Evacuate Collection Set: 0.0ms
[2.536s][info][gc,phases    ] GC(49)   Evacuate Collection Set: 0.5ms
[2.536s][info][gc,phases    ] GC(49)   Post Evacuate Collection Set: 0.3ms
[2.536s][info][gc,phases    ] GC(49)   Other: 0.1ms
[2.536s][info][gc,heap      ] GC(49) Eden regions: 306->0(306)
[2.536s][info][gc,heap      ] GC(49) Survivor regions: 1->1(39)
[2.536s][info][gc,heap      ] GC(49) Old regions: 4->4
[2.536s][info][gc,heap      ] GC(49) Humongous regions: 0->0
[2.536s][info][gc,metaspace ] GC(49) Metaspace: 7413K->7413K(1056768K)
[2.536s][info][gc           ] GC(49) Pause Young (Normal) (G1 Evacuation Pause) 310M->4M(512M) 1.008ms
[2.536s][info][gc,cpu       ] GC(49) User=0.00s Sys=0.00s Real=0.00s
[2.581s][info][gc,start     ] GC(50) Pause Young (Normal) (G1 Evacuation Pause)
[2.581s][info][gc,task      ] GC(50) Using 8 workers of 8 for evacuation
[2.582s][info][gc,phases    ] GC(50)   Pre Evacuate Collection Set: 0.0ms
[2.582s][info][gc,phases    ] GC(50)   Evacuate Collection Set: 0.6ms
[2.582s][info][gc,phases    ] GC(50)   Post Evacuate Collection Set: 0.3ms
[2.582s][info][gc,phases    ] GC(50)   Other: 0.2ms
[2.582s][info][gc,heap      ] GC(50) Eden regions: 306->0(306)
[2.582s][info][gc,heap      ] GC(50) Survivor regions: 1->1(39)
[2.582s][info][gc,heap      ] GC(50) Old regions: 4->4
[2.582s][info][gc,heap      ] GC(50) Humongous regions: 0->0
[2.582s][info][gc,metaspace ] GC(50) Metaspace: 7413K->7413K(1056768K)
[2.582s][info][gc           ] GC(50) Pause Young (Normal) (G1 Evacuation Pause) 310M->4M(512M) 1.187ms
[2.582s][info][gc,cpu       ] GC(50) User=0.01s Sys=0.00s Real=0.00s
[2.621s][info][gc,start     ] GC(51) Pause Young (Normal) (G1 Evacuation Pause)
[2.621s][info][gc,task      ] GC(51) Using 8 workers of 8 for evacuation
[2.622s][info][gc,phases    ] GC(51)   Pre Evacuate Collection Set: 0.0ms
[2.622s][info][gc,phases    ] GC(51)   Evacuate Collection Set: 0.3ms
[2.622s][info][gc,phases    ] GC(51)   Post Evacuate Collection Set: 0.3ms
[2.622s][info][gc,phases    ] GC(51)   Other: 0.2ms
[2.622s][info][gc,heap      ] GC(51) Eden regions: 306->0(306)
[2.622s][info][gc,heap      ] GC(51) Survivor regions: 1->1(39)
[2.622s][info][gc,heap      ] GC(51) Old regions: 4->4
[2.622s][info][gc,heap      ] GC(51) Humongous regions: 0->0
[2.622s][info][gc,metaspace ] GC(51) Metaspace: 7413K->7413K(1056768K)
[2.622s][info][gc           ] GC(51) Pause Young (Normal) (G1 Evacuation Pause) 310M->4M(512M) 0.906ms
[2.622s][info][gc,cpu       ] GC(51) User=0.00s Sys=0.00s Real=0.00s
[2.671s][info][gc,start     ] GC(52) Pause Young (Normal) (G1 Evacuation Pause)
[2.671s][info][gc,task      ] GC(52) Using 8 workers of 8 for evacuation
[2.671s][info][gc,phases    ] GC(52)   Pre Evacuate Collection Set: 0.0ms
[2.671s][info][gc,phases    ] GC(52)   Evacuate Collection Set: 0.4ms
[2.671s][info][gc,phases    ] GC(52)   Post Evacuate Collection Set: 0.2ms
[2.671s][info][gc,phases    ] GC(52)   Other: 0.2ms
[2.671s][info][gc,heap      ] GC(52) Eden regions: 306->0(306)
[2.671s][info][gc,heap      ] GC(52) Survivor regions: 1->1(39)
[2.671s][info][gc,heap      ] GC(52) Old regions: 4->4
[2.671s][info][gc,heap      ] GC(52) Humongous regions: 0->0
[2.671s][info][gc,metaspace ] GC(52) Metaspace: 7413K->7413K(1056768K)
[2.671s][info][gc           ] GC(52) Pause Young (Normal) (G1 Evacuation Pause) 310M->4M(512M) 0.828ms
[2.672s][info][gc,cpu       ] GC(52) User=0.01s Sys=0.00s Real=0.00s
[2.717s][info][gc,start     ] GC(53) Pause Young (Normal) (G1 Evacuation Pause)
[2.717s][info][gc,task      ] GC(53) Using 8 workers of 8 for evacuation
[2.718s][info][gc,phases    ] GC(53)   Pre Evacuate Collection Set: 0.0ms
[2.718s][info][gc,phases    ] GC(53)   Evacuate Collection Set: 0.4ms
[2.718s][info][gc,phases    ] GC(53)   Post Evacuate Collection Set: 0.2ms
[2.718s][info][gc,phases    ] GC(53)   Other: 0.1ms
[2.718s][info][gc,heap      ] GC(53) Eden regions: 306->0(306)
[2.718s][info][gc,heap      ] GC(53) Survivor regions: 1->1(39)
[2.718s][info][gc,heap      ] GC(53) Old regions: 4->4
[2.718s][info][gc,heap      ] GC(53) Humongous regions: 0->0
[2.718s][info][gc,metaspace ] GC(53) Metaspace: 7413K->7413K(1056768K)
[2.718s][info][gc           ] GC(53) Pause Young (Normal) (G1 Evacuation Pause) 310M->4M(512M) 0.922ms
[2.718s][info][gc,cpu       ] GC(53) User=0.00s Sys=0.00s Real=0.01s
[2.768s][info][gc,start     ] GC(54) Pause Young (Normal) (G1 Evacuation Pause)
[2.768s][info][gc,task      ] GC(54) Using 8 workers of 8 for evacuation
[2.769s][info][gc,phases    ] GC(54)   Pre Evacuate Collection Set: 0.0ms
[2.769s][info][gc,phases    ] GC(54)   Evacuate Collection Set: 0.5ms
[2.769s][info][gc,phases    ] GC(54)   Post Evacuate Collection Set: 0.2ms
[2.769s][info][gc,phases    ] GC(54)   Other: 0.1ms
[2.769s][info][gc,heap      ] GC(54) Eden regions: 306->0(306)
[2.769s][info][gc,heap      ] GC(54) Survivor regions: 1->1(39)
[2.769s][info][gc,heap      ] GC(54) Old regions: 4->4
[2.769s][info][gc,heap      ] GC(54) Humongous regions: 0->0
[2.769s][info][gc,metaspace ] GC(54) Metaspace: 7413K->7413K(1056768K)
[2.769s][info][gc           ] GC(54) Pause Young (Normal) (G1 Evacuation Pause) 310M->4M(512M) 1.000ms
[2.769s][info][gc,cpu       ] GC(54) User=0.00s Sys=0.00s Real=0.00s
[2.816s][info][gc,start     ] GC(55) Pause Young (Normal) (G1 Evacuation Pause)
[2.816s][info][gc,task      ] GC(55) Using 8 workers of 8 for evacuation
[2.817s][info][gc,phases    ] GC(55)   Pre Evacuate Collection Set: 0.0ms
[2.817s][info][gc,phases    ] GC(55)   Evacuate Collection Set: 0.5ms
[2.817s][info][gc,phases    ] GC(55)   Post Evacuate Collection Set: 0.2ms
[2.817s][info][gc,phases    ] GC(55)   Other: 0.1ms
[2.817s][info][gc,heap      ] GC(55) Eden regions: 306->0(306)
[2.817s][info][gc,heap      ] GC(55) Survivor regions: 1->1(39)
[2.817s][info][gc,heap      ] GC(55) Old regions: 4->4
[2.817s][info][gc,heap      ] GC(55) Humongous regions: 0->0
[2.817s][info][gc,metaspace ] GC(55) Metaspace: 7413K->7413K(1056768K)
[2.817s][info][gc           ] GC(55) Pause Young (Normal) (G1 Evacuation Pause) 310M->4M(512M) 0.934ms
[2.817s][info][gc,cpu       ] GC(55) User=0.00s Sys=0.00s Real=0.00s
[2.862s][info][gc,start     ] GC(56) Pause Young (Normal) (G1 Evacuation Pause)
[2.862s][info][gc,task      ] GC(56) Using 8 workers of 8 for evacuation
[2.863s][info][gc,phases    ] GC(56)   Pre Evacuate Collection Set: 0.0ms
[2.863s][info][gc,phases    ] GC(56)   Evacuate Collection Set: 0.4ms
[2.863s][info][gc,phases    ] GC(56)   Post Evacuate Collection Set: 0.3ms
[2.863s][info][gc,phases    ] GC(56)   Other: 0.2ms
[2.863s][info][gc,heap      ] GC(56) Eden regions: 306->0(306)
[2.863s][info][gc,heap      ] GC(56) Survivor regions: 1->1(39)
[2.863s][info][gc,heap      ] GC(56) Old regions: 4->4
[2.863s][info][gc,heap      ] GC(56) Humongous regions: 0->0
[2.863s][info][gc,metaspace ] GC(56) Metaspace: 7413K->7413K(1056768K)
[2.863s][info][gc           ] GC(56) Pause Young (Normal) (G1 Evacuation Pause) 310M->4M(512M) 0.940ms
[2.863s][info][gc,cpu       ] GC(56) User=0.00s Sys=0.00s Real=0.00s
[2.903s][info][gc,start     ] GC(57) Pause Young (Normal) (G1 Evacuation Pause)
[2.903s][info][gc,task      ] GC(57) Using 8 workers of 8 for evacuation
[2.904s][info][gc,phases    ] GC(57)   Pre Evacuate Collection Set: 0.0ms
[2.904s][info][gc,phases    ] GC(57)   Evacuate Collection Set: 0.4ms
[2.904s][info][gc,phases    ] GC(57)   Post Evacuate Collection Set: 0.2ms
[2.904s][info][gc,phases    ] GC(57)   Other: 0.1ms
[2.904s][info][gc,heap      ] GC(57) Eden regions: 306->0(306)
[2.904s][info][gc,heap      ] GC(57) Survivor regions: 1->1(39)
[2.904s][info][gc,heap      ] GC(57) Old regions: 4->4
[2.904s][info][gc,heap      ] GC(57) Humongous regions: 0->0
[2.904s][info][gc,metaspace ] GC(57) Metaspace: 7413K->7413K(1056768K)
[2.904s][info][gc           ] GC(57) Pause Young (Normal) (G1 Evacuation Pause) 310M->4M(512M) 0.898ms
[2.904s][info][gc,cpu       ] GC(57) User=0.00s Sys=0.00s Real=0.00s
[2.947s][info][gc,start     ] GC(58) Pause Young (Normal) (G1 Evacuation Pause)
[2.947s][info][gc,task      ] GC(58) Using 8 workers of 8 for evacuation
[2.947s][info][gc,phases    ] GC(58)   Pre Evacuate Collection Set: 0.0ms
[2.947s][info][gc,phases    ] GC(58)   Evacuate Collection Set: 0.5ms
[2.947s][info][gc,phases    ] GC(58)   Post Evacuate Collection Set: 0.2ms
[2.947s][info][gc,phases    ] GC(58)   Other: 0.1ms
[2.947s][info][gc,heap      ] GC(58) Eden regions: 306->0(306)
[2.947s][info][gc,heap      ] GC(58) Survivor regions: 1->1(39)
[2.947s][info][gc,heap      ] GC(58) Old regions: 4->4
[2.947s][info][gc,heap      ] GC(58) Humongous regions: 0->0
[2.947s][info][gc,metaspace ] GC(58) Metaspace: 7413K->7413K(1056768K)
[2.947s][info][gc           ] GC(58) Pause Young (Normal) (G1 Evacuation Pause) 310M->4M(512M) 0.940ms
[2.947s][info][gc,cpu       ] GC(58) User=0.00s Sys=0.00s Real=0.00s
[3.008s][info][gc,start     ] GC(59) Pause Young (Normal) (G1 Evacuation Pause)
[3.008s][info][gc,task      ] GC(59) Using 8 workers of 8 for evacuation
[3.009s][info][gc,phases    ] GC(59)   Pre Evacuate Collection Set: 0.0ms
[3.009s][info][gc,phases    ] GC(59)   Evacuate Collection Set: 0.5ms
[3.009s][info][gc,phases    ] GC(59)   Post Evacuate Collection Set: 0.2ms
[3.009s][info][gc,phases    ] GC(59)   Other: 0.3ms
[3.009s][info][gc,heap      ] GC(59) Eden regions: 306->0(306)
[3.009s][info][gc,heap      ] GC(59) Survivor regions: 1->1(39)
[3.009s][info][gc,heap      ] GC(59) Old regions: 4->4
[3.009s][info][gc,heap      ] GC(59) Humongous regions: 0->0
[3.009s][info][gc,metaspace ] GC(59) Metaspace: 7413K->7413K(1056768K)
[3.009s][info][gc           ] GC(59) Pause Young (Normal) (G1 Evacuation Pause) 310M->4M(512M) 1.138ms
[3.009s][info][gc,cpu       ] GC(59) User=0.01s Sys=0.00s Real=0.00s
[3.046s][info][gc,start     ] GC(60) Pause Young (Normal) (G1 Evacuation Pause)
[3.046s][info][gc,task      ] GC(60) Using 8 workers of 8 for evacuation
[3.047s][info][gc,phases    ] GC(60)   Pre Evacuate Collection Set: 0.0ms
[3.047s][info][gc,phases    ] GC(60)   Evacuate Collection Set: 0.5ms
[3.047s][info][gc,phases    ] GC(60)   Post Evacuate Collection Set: 0.2ms
[3.047s][info][gc,phases    ] GC(60)   Other: 0.1ms
[3.047s][info][gc,heap      ] GC(60) Eden regions: 306->0(306)
[3.047s][info][gc,heap      ] GC(60) Survivor regions: 1->1(39)
[3.047s][info][gc,heap      ] GC(60) Old regions: 4->5
[3.047s][info][gc,heap      ] GC(60) Humongous regions: 0->0
[3.047s][info][gc,metaspace ] GC(60) Metaspace: 7413K->7413K(1056768K)
[3.047s][info][gc           ] GC(60) Pause Young (Normal) (G1 Evacuation Pause) 310M->4M(512M) 0.984ms
[3.047s][info][gc,cpu       ] GC(60) User=0.00s Sys=0.00s Real=0.00s
[3.084s][info][gc,start     ] GC(61) Pause Young (Normal) (G1 Evacuation Pause)
[3.084s][info][gc,task      ] GC(61) Using 8 workers of 8 for evacuation
[3.084s][info][gc,phases    ] GC(61)   Pre Evacuate Collection Set: 0.0ms
[3.084s][info][gc,phases    ] GC(61)   Evacuate Collection Set: 0.5ms
[3.084s][info][gc,phases    ] GC(61)   Post Evacuate Collection Set: 0.2ms
[3.084s][info][gc,phases    ] GC(61)   Other: 0.1ms
[3.084s][info][gc,heap      ] GC(61) Eden regions: 306->0(306)
[3.084s][info][gc,heap      ] GC(61) Survivor regions: 1->1(39)
[3.084s][info][gc,heap      ] GC(61) Old regions: 5->5
[3.084s][info][gc,heap      ] GC(61) Humongous regions: 0->0
[3.084s][info][gc,metaspace ] GC(61) Metaspace: 7413K->7413K(1056768K)
[3.085s][info][gc           ] GC(61) Pause Young (Normal) (G1 Evacuation Pause) 310M->5M(512M) 0.906ms
[3.085s][info][gc,cpu       ] GC(61) User=0.00s Sys=0.00s Real=0.00s
[3.127s][info][gc,start     ] GC(62) Pause Young (Normal) (G1 Evacuation Pause)
[3.127s][info][gc,task      ] GC(62) Using 8 workers of 8 for evacuation
[3.128s][info][gc,phases    ] GC(62)   Pre Evacuate Collection Set: 0.0ms
[3.128s][info][gc,phases    ] GC(62)   Evacuate Collection Set: 0.5ms
[3.128s][info][gc,phases    ] GC(62)   Post Evacuate Collection Set: 0.3ms
[3.128s][info][gc,phases    ] GC(62)   Other: 0.1ms
[3.128s][info][gc,heap      ] GC(62) Eden regions: 306->0(306)
[3.128s][info][gc,heap      ] GC(62) Survivor regions: 1->1(39)
[3.128s][info][gc,heap      ] GC(62) Old regions: 5->5
[3.128s][info][gc,heap      ] GC(62) Humongous regions: 0->0
[3.128s][info][gc,metaspace ] GC(62) Metaspace: 7413K->7413K(1056768K)
[3.128s][info][gc           ] GC(62) Pause Young (Normal) (G1 Evacuation Pause) 311M->5M(512M) 0.993ms
[3.128s][info][gc,cpu       ] GC(62) User=0.01s Sys=0.00s Real=0.01s
[3.175s][info][gc,start     ] GC(63) Pause Young (Normal) (G1 Evacuation Pause)
[3.175s][info][gc,task      ] GC(63) Using 8 workers of 8 for evacuation
[3.176s][info][gc,phases    ] GC(63)   Pre Evacuate Collection Set: 0.0ms
[3.176s][info][gc,phases    ] GC(63)   Evacuate Collection Set: 0.8ms
[3.176s][info][gc,phases    ] GC(63)   Post Evacuate Collection Set: 0.4ms
[3.176s][info][gc,phases    ] GC(63)   Other: 0.3ms
[3.176s][info][gc,heap      ] GC(63) Eden regions: 306->0(306)
[3.176s][info][gc,heap      ] GC(63) Survivor regions: 1->1(39)
[3.176s][info][gc,heap      ] GC(63) Old regions: 5->5
[3.176s][info][gc,heap      ] GC(63) Humongous regions: 0->0
[3.176s][info][gc,metaspace ] GC(63) Metaspace: 7413K->7413K(1056768K)
[3.176s][info][gc           ] GC(63) Pause Young (Normal) (G1 Evacuation Pause) 311M->5M(512M) 1.668ms
[3.176s][info][gc,cpu       ] GC(63) User=0.00s Sys=0.00s Real=0.00s
[3.223s][info][gc,start     ] GC(64) Pause Young (Normal) (G1 Evacuation Pause)
[3.223s][info][gc,task      ] GC(64) Using 8 workers of 8 for evacuation
[3.224s][info][gc,phases    ] GC(64)   Pre Evacuate Collection Set: 0.0ms
[3.224s][info][gc,phases    ] GC(64)   Evacuate Collection Set: 0.4ms
[3.224s][info][gc,phases    ] GC(64)   Post Evacuate Collection Set: 0.2ms
[3.224s][info][gc,phases    ] GC(64)   Other: 0.1ms
[3.224s][info][gc,heap      ] GC(64) Eden regions: 306->0(306)
[3.224s][info][gc,heap      ] GC(64) Survivor regions: 1->1(39)
[3.224s][info][gc,heap      ] GC(64) Old regions: 5->5
[3.224s][info][gc,heap      ] GC(64) Humongous regions: 0->0
[3.224s][info][gc,metaspace ] GC(64) Metaspace: 7413K->7413K(1056768K)
[3.224s][info][gc           ] GC(64) Pause Young (Normal) (G1 Evacuation Pause) 311M->5M(512M) 0.885ms
[3.224s][info][gc,cpu       ] GC(64) User=0.00s Sys=0.00s Real=0.00s
[3.273s][info][gc,start     ] GC(65) Pause Young (Normal) (G1 Evacuation Pause)
[3.273s][info][gc,task      ] GC(65) Using 8 workers of 8 for evacuation
[3.273s][info][gc,phases    ] GC(65)   Pre Evacuate Collection Set: 0.0ms
[3.273s][info][gc,phases    ] GC(65)   Evacuate Collection Set: 0.4ms
[3.273s][info][gc,phases    ] GC(65)   Post Evacuate Collection Set: 0.3ms
[3.273s][info][gc,phases    ] GC(65)   Other: 0.2ms
[3.273s][info][gc,heap      ] GC(65) Eden regions: 306->0(306)
[3.273s][info][gc,heap      ] GC(65) Survivor regions: 1->1(39)
[3.273s][info][gc,heap      ] GC(65) Old regions: 5->5
[3.273s][info][gc,heap      ] GC(65) Humongous regions: 0->0
[3.273s][info][gc,metaspace ] GC(65) Metaspace: 7413K->7413K(1056768K)
[3.273s][info][gc           ] GC(65) Pause Young (Normal) (G1 Evacuation Pause) 311M->5M(512M) 0.941ms
[3.274s][info][gc,cpu       ] GC(65) User=0.00s Sys=0.00s Real=0.00s
[3.321s][info][gc,start     ] GC(66) Pause Young (Normal) (G1 Evacuation Pause)
[3.321s][info][gc,task      ] GC(66) Using 8 workers of 8 for evacuation
[3.322s][info][gc,phases    ] GC(66)   Pre Evacuate Collection Set: 0.0ms
[3.322s][info][gc,phases    ] GC(66)   Evacuate Collection Set: 0.4ms
[3.322s][info][gc,phases    ] GC(66)   Post Evacuate Collection Set: 0.2ms
[3.322s][info][gc,phases    ] GC(66)   Other: 0.1ms
[3.322s][info][gc,heap      ] GC(66) Eden regions: 306->0(306)
[3.322s][info][gc,heap      ] GC(66) Survivor regions: 1->1(39)
[3.322s][info][gc,heap      ] GC(66) Old regions: 5->5
[3.322s][info][gc,heap      ] GC(66) Humongous regions: 0->0
[3.322s][info][gc,metaspace ] GC(66) Metaspace: 7413K->7413K(1056768K)
[3.322s][info][gc           ] GC(66) Pause Young (Normal) (G1 Evacuation Pause) 311M->5M(512M) 0.854ms
[3.322s][info][gc,cpu       ] GC(66) User=0.01s Sys=0.00s Real=0.00s
[3.361s][info][gc,start     ] GC(67) Pause Young (Normal) (G1 Evacuation Pause)
[3.361s][info][gc,task      ] GC(67) Using 8 workers of 8 for evacuation
[3.362s][info][gc,phases    ] GC(67)   Pre Evacuate Collection Set: 0.0ms
[3.362s][info][gc,phases    ] GC(67)   Evacuate Collection Set: 0.4ms
[3.362s][info][gc,phases    ] GC(67)   Post Evacuate Collection Set: 0.3ms
[3.362s][info][gc,phases    ] GC(67)   Other: 0.1ms
[3.362s][info][gc,heap      ] GC(67) Eden regions: 306->0(306)
[3.362s][info][gc,heap      ] GC(67) Survivor regions: 1->1(39)
[3.362s][info][gc,heap      ] GC(67) Old regions: 5->5
[3.362s][info][gc,heap      ] GC(67) Humongous regions: 0->0
[3.362s][info][gc,metaspace ] GC(67) Metaspace: 7413K->7413K(1056768K)
[3.362s][info][gc           ] GC(67) Pause Young (Normal) (G1 Evacuation Pause) 311M->5M(512M) 0.921ms
[3.362s][info][gc,cpu       ] GC(67) User=0.00s Sys=0.00s Real=0.00s
[3.410s][info][gc,start     ] GC(68) Pause Young (Normal) (G1 Evacuation Pause)
[3.411s][info][gc,task      ] GC(68) Using 8 workers of 8 for evacuation
[3.411s][info][gc,phases    ] GC(68)   Pre Evacuate Collection Set: 0.0ms
[3.411s][info][gc,phases    ] GC(68)   Evacuate Collection Set: 0.5ms
[3.411s][info][gc,phases    ] GC(68)   Post Evacuate Collection Set: 0.3ms
[3.411s][info][gc,phases    ] GC(68)   Other: 0.2ms
[3.411s][info][gc,heap      ] GC(68) Eden regions: 306->0(306)
[3.411s][info][gc,heap      ] GC(68) Survivor regions: 1->1(39)
[3.411s][info][gc,heap      ] GC(68) Old regions: 5->5
[3.411s][info][gc,heap      ] GC(68) Humongous regions: 0->0
[3.411s][info][gc,metaspace ] GC(68) Metaspace: 7413K->7413K(1056768K)
[3.412s][info][gc           ] GC(68) Pause Young (Normal) (G1 Evacuation Pause) 311M->5M(512M) 1.017ms
[3.412s][info][gc,cpu       ] GC(68) User=0.00s Sys=0.00s Real=0.00s
[3.461s][info][gc,start     ] GC(69) Pause Young (Normal) (G1 Evacuation Pause)
[3.462s][info][gc,task      ] GC(69) Using 8 workers of 8 for evacuation
[3.462s][info][gc,phases    ] GC(69)   Pre Evacuate Collection Set: 0.0ms
[3.462s][info][gc,phases    ] GC(69)   Evacuate Collection Set: 0.4ms
[3.462s][info][gc,phases    ] GC(69)   Post Evacuate Collection Set: 0.2ms
[3.462s][info][gc,phases    ] GC(69)   Other: 0.1ms
[3.462s][info][gc,heap      ] GC(69) Eden regions: 306->0(306)
[3.462s][info][gc,heap      ] GC(69) Survivor regions: 1->1(39)
[3.462s][info][gc,heap      ] GC(69) Old regions: 5->5
[3.462s][info][gc,heap      ] GC(69) Humongous regions: 0->0
[3.462s][info][gc,metaspace ] GC(69) Metaspace: 7413K->7413K(1056768K)
[3.462s][info][gc           ] GC(69) Pause Young (Normal) (G1 Evacuation Pause) 311M->5M(512M) 0.894ms
[3.462s][info][gc,cpu       ] GC(69) User=0.01s Sys=0.00s Real=0.00s
[3.505s][info][gc,start     ] GC(70) Pause Young (Normal) (G1 Evacuation Pause)
[3.505s][info][gc,task      ] GC(70) Using 8 workers of 8 for evacuation
[3.506s][info][gc,phases    ] GC(70)   Pre Evacuate Collection Set: 0.0ms
[3.506s][info][gc,phases    ] GC(70)   Evacuate Collection Set: 0.3ms
[3.506s][info][gc,phases    ] GC(70)   Post Evacuate Collection Set: 0.3ms
[3.506s][info][gc,phases    ] GC(70)   Other: 0.1ms
[3.506s][info][gc,heap      ] GC(70) Eden regions: 306->0(306)
[3.506s][info][gc,heap      ] GC(70) Survivor regions: 1->1(39)
[3.506s][info][gc,heap      ] GC(70) Old regions: 5->5
[3.506s][info][gc,heap      ] GC(70) Humongous regions: 0->0
[3.506s][info][gc,metaspace ] GC(70) Metaspace: 7413K->7413K(1056768K)
[3.506s][info][gc           ] GC(70) Pause Young (Normal) (G1 Evacuation Pause) 311M->5M(512M) 0.923ms
[3.506s][info][gc,cpu       ] GC(70) User=0.00s Sys=0.00s Real=0.00s
[3.549s][info][gc,start     ] GC(71) Pause Young (Normal) (G1 Evacuation Pause)
[3.549s][info][gc,task      ] GC(71) Using 8 workers of 8 for evacuation
[3.550s][info][gc,phases    ] GC(71)   Pre Evacuate Collection Set: 0.0ms
[3.550s][info][gc,phases    ] GC(71)   Evacuate Collection Set: 0.4ms
[3.550s][info][gc,phases    ] GC(71)   Post Evacuate Collection Set: 0.2ms
[3.550s][info][gc,phases    ] GC(71)   Other: 0.1ms
[3.550s][info][gc,heap      ] GC(71) Eden regions: 306->0(306)
[3.550s][info][gc,heap      ] GC(71) Survivor regions: 1->1(39)
[3.550s][info][gc,heap      ] GC(71) Old regions: 5->5
[3.550s][info][gc,heap      ] GC(71) Humongous regions: 0->0
[3.550s][info][gc,metaspace ] GC(71) Metaspace: 7413K->7413K(1056768K)
[3.550s][info][gc           ] GC(71) Pause Young (Normal) (G1 Evacuation Pause) 311M->5M(512M) 0.824ms
[3.550s][info][gc,cpu       ] GC(71) User=0.00s Sys=0.00s Real=0.00s
[3.590s][info][gc,start     ] GC(72) Pause Young (Normal) (G1 Evacuation Pause)
[3.590s][info][gc,task      ] GC(72) Using 8 workers of 8 for evacuation
[3.590s][info][gc,phases    ] GC(72)   Pre Evacuate Collection Set: 0.0ms
[3.590s][info][gc,phases    ] GC(72)   Evacuate Collection Set: 0.4ms
[3.590s][info][gc,phases    ] GC(72)   Post Evacuate Collection Set: 0.2ms
[3.590s][info][gc,phases    ] GC(72)   Other: 0.1ms
[3.590s][info][gc,heap      ] GC(72) Eden regions: 306->0(306)
[3.590s][info][gc,heap      ] GC(72) Survivor regions: 1->1(39)
[3.590s][info][gc,heap      ] GC(72) Old regions: 5->5
[3.590s][info][gc,heap      ] GC(72) Humongous regions: 0->0
[3.590s][info][gc,metaspace ] GC(72) Metaspace: 7413K->7413K(1056768K)
[3.590s][info][gc           ] GC(72) Pause Young (Normal) (G1 Evacuation Pause) 311M->5M(512M) 0.828ms
[3.590s][info][gc,cpu       ] GC(72) User=0.00s Sys=0.00s Real=0.00s
[3.635s][info][gc,start     ] GC(73) Pause Young (Normal) (G1 Evacuation Pause)
[3.635s][info][gc,task      ] GC(73) Using 8 workers of 8 for evacuation
[3.636s][info][gc,phases    ] GC(73)   Pre Evacuate Collection Set: 0.0ms
[3.636s][info][gc,phases    ] GC(73)   Evacuate Collection Set: 0.4ms
[3.636s][info][gc,phases    ] GC(73)   Post Evacuate Collection Set: 0.3ms
[3.636s][info][gc,phases    ] GC(73)   Other: 0.1ms
[3.636s][info][gc,heap      ] GC(73) Eden regions: 306->0(306)
[3.636s][info][gc,heap      ] GC(73) Survivor regions: 1->1(39)
[3.636s][info][gc,heap      ] GC(73) Old regions: 5->5
[3.636s][info][gc,heap      ] GC(73) Humongous regions: 0->0
[3.636s][info][gc,metaspace ] GC(73) Metaspace: 7413K->7413K(1056768K)
[3.636s][info][gc           ] GC(73) Pause Young (Normal) (G1 Evacuation Pause) 311M->5M(512M) 0.911ms
[3.636s][info][gc,cpu       ] GC(73) User=0.00s Sys=0.00s Real=0.00s
[3.685s][info][gc,start     ] GC(74) Pause Young (Normal) (G1 Evacuation Pause)
[3.685s][info][gc,task      ] GC(74) Using 8 workers of 8 for evacuation
[3.686s][info][gc,phases    ] GC(74)   Pre Evacuate Collection Set: 0.0ms
[3.686s][info][gc,phases    ] GC(74)   Evacuate Collection Set: 0.5ms
[3.686s][info][gc,phases    ] GC(74)   Post Evacuate Collection Set: 0.2ms
[3.686s][info][gc,phases    ] GC(74)   Other: 0.2ms
[3.686s][info][gc,heap      ] GC(74) Eden regions: 306->0(306)
[3.686s][info][gc,heap      ] GC(74) Survivor regions: 1->1(39)
[3.686s][info][gc,heap      ] GC(74) Old regions: 5->5
[3.686s][info][gc,heap      ] GC(74) Humongous regions: 0->0
[3.686s][info][gc,metaspace ] GC(74) Metaspace: 7413K->7413K(1056768K)
[3.686s][info][gc           ] GC(74) Pause Young (Normal) (G1 Evacuation Pause) 311M->5M(512M) 0.936ms
[3.686s][info][gc,cpu       ] GC(74) User=0.01s Sys=0.00s Real=0.00s
[3.734s][info][gc,start     ] GC(75) Pause Young (Normal) (G1 Evacuation Pause)
[3.734s][info][gc,task      ] GC(75) Using 8 workers of 8 for evacuation
[3.735s][info][gc,phases    ] GC(75)   Pre Evacuate Collection Set: 0.0ms
[3.735s][info][gc,phases    ] GC(75)   Evacuate Collection Set: 0.3ms
[3.735s][info][gc,phases    ] GC(75)   Post Evacuate Collection Set: 0.3ms
[3.735s][info][gc,phases    ] GC(75)   Other: 0.2ms
[3.735s][info][gc,heap      ] GC(75) Eden regions: 306->0(306)
[3.735s][info][gc,heap      ] GC(75) Survivor regions: 1->1(39)
[3.735s][info][gc,heap      ] GC(75) Old regions: 5->5
[3.735s][info][gc,heap      ] GC(75) Humongous regions: 0->0
[3.735s][info][gc,metaspace ] GC(75) Metaspace: 7413K->7413K(1056768K)
[3.735s][info][gc           ] GC(75) Pause Young (Normal) (G1 Evacuation Pause) 311M->5M(512M) 0.904ms
[3.735s][info][gc,cpu       ] GC(75) User=0.00s Sys=0.00s Real=0.00s
[3.779s][info][gc,start     ] GC(76) Pause Young (Normal) (G1 Evacuation Pause)
[3.779s][info][gc,task      ] GC(76) Using 8 workers of 8 for evacuation
[3.780s][info][gc,phases    ] GC(76)   Pre Evacuate Collection Set: 0.0ms
[3.780s][info][gc,phases    ] GC(76)   Evacuate Collection Set: 0.4ms
[3.780s][info][gc,phases    ] GC(76)   Post Evacuate Collection Set: 0.2ms
[3.780s][info][gc,phases    ] GC(76)   Other: 0.2ms
[3.780s][info][gc,heap      ] GC(76) Eden regions: 306->0(306)
[3.780s][info][gc,heap      ] GC(76) Survivor regions: 1->1(39)
[3.780s][info][gc,heap      ] GC(76) Old regions: 5->6
[3.780s][info][gc,heap      ] GC(76) Humongous regions: 0->0
[3.780s][info][gc,metaspace ] GC(76) Metaspace: 7413K->7413K(1056768K)
[3.780s][info][gc           ] GC(76) Pause Young (Normal) (G1 Evacuation Pause) 311M->5M(512M) 0.898ms
[3.780s][info][gc,cpu       ] GC(76) User=0.01s Sys=0.00s Real=0.00s
[3.818s][info][gc,start     ] GC(77) Pause Young (Normal) (G1 Evacuation Pause)
[3.819s][info][gc,task      ] GC(77) Using 8 workers of 8 for evacuation
[3.819s][info][gc,phases    ] GC(77)   Pre Evacuate Collection Set: 0.0ms
[3.819s][info][gc,phases    ] GC(77)   Evacuate Collection Set: 0.4ms
[3.819s][info][gc,phases    ] GC(77)   Post Evacuate Collection Set: 0.2ms
[3.819s][info][gc,phases    ] GC(77)   Other: 0.1ms
[3.819s][info][gc,heap      ] GC(77) Eden regions: 306->0(306)
[3.819s][info][gc,heap      ] GC(77) Survivor regions: 1->1(39)
[3.819s][info][gc,heap      ] GC(77) Old regions: 6->6
[3.819s][info][gc,heap      ] GC(77) Humongous regions: 0->0
[3.819s][info][gc,metaspace ] GC(77) Metaspace: 7413K->7413K(1056768K)
[3.819s][info][gc           ] GC(77) Pause Young (Normal) (G1 Evacuation Pause) 311M->5M(512M) 0.852ms
[3.819s][info][gc,cpu       ] GC(77) User=0.00s Sys=0.00s Real=0.00s
[3.865s][info][gc,start     ] GC(78) Pause Young (Normal) (G1 Evacuation Pause)
[3.865s][info][gc,task      ] GC(78) Using 8 workers of 8 for evacuation
[3.866s][info][gc,phases    ] GC(78)   Pre Evacuate Collection Set: 0.0ms
[3.866s][info][gc,phases    ] GC(78)   Evacuate Collection Set: 0.4ms
[3.866s][info][gc,phases    ] GC(78)   Post Evacuate Collection Set: 0.3ms
[3.866s][info][gc,phases    ] GC(78)   Other: 0.2ms
[3.866s][info][gc,heap      ] GC(78) Eden regions: 306->0(306)
[3.866s][info][gc,heap      ] GC(78) Survivor regions: 1->1(39)
[3.866s][info][gc,heap      ] GC(78) Old regions: 6->6
[3.866s][info][gc,heap      ] GC(78) Humongous regions: 0->0
[3.866s][info][gc,metaspace ] GC(78) Metaspace: 7413K->7413K(1056768K)
[3.866s][info][gc           ] GC(78) Pause Young (Normal) (G1 Evacuation Pause) 311M->6M(512M) 0.913ms
[3.866s][info][gc,cpu       ] GC(78) User=0.00s Sys=0.00s Real=0.00s
[3.917s][info][gc,start     ] GC(79) Pause Young (Normal) (G1 Evacuation Pause)
[3.917s][info][gc,task      ] GC(79) Using 8 workers of 8 for evacuation
[3.917s][info][gc,phases    ] GC(79)   Pre Evacuate Collection Set: 0.0ms
[3.917s][info][gc,phases    ] GC(79)   Evacuate Collection Set: 0.4ms
[3.917s][info][gc,phases    ] GC(79)   Post Evacuate Collection Set: 0.3ms
[3.917s][info][gc,phases    ] GC(79)   Other: 0.1ms
[3.917s][info][gc,heap      ] GC(79) Eden regions: 306->0(306)
[3.917s][info][gc,heap      ] GC(79) Survivor regions: 1->1(39)
[3.918s][info][gc,heap      ] GC(79) Old regions: 6->6
[3.918s][info][gc,heap      ] GC(79) Humongous regions: 0->0
[3.918s][info][gc,metaspace ] GC(79) Metaspace: 7413K->7413K(1056768K)
[3.918s][info][gc           ] GC(79) Pause Young (Normal) (G1 Evacuation Pause) 312M->6M(512M) 0.933ms
[3.918s][info][gc,cpu       ] GC(79) User=0.00s Sys=0.00s Real=0.00s
[3.967s][info][gc,start     ] GC(80) Pause Young (Normal) (G1 Evacuation Pause)
[3.967s][info][gc,task      ] GC(80) Using 8 workers of 8 for evacuation
[3.968s][info][gc,phases    ] GC(80)   Pre Evacuate Collection Set: 0.0ms
[3.968s][info][gc,phases    ] GC(80)   Evacuate Collection Set: 0.7ms
[3.968s][info][gc,phases    ] GC(80)   Post Evacuate Collection Set: 0.5ms
[3.968s][info][gc,phases    ] GC(80)   Other: 0.2ms
[3.968s][info][gc,heap      ] GC(80) Eden regions: 306->0(306)
[3.968s][info][gc,heap      ] GC(80) Survivor regions: 1->1(39)
[3.968s][info][gc,heap      ] GC(80) Old regions: 6->6
[3.968s][info][gc,heap      ] GC(80) Humongous regions: 0->0
[3.968s][info][gc,metaspace ] GC(80) Metaspace: 7413K->7413K(1056768K)
[3.968s][info][gc           ] GC(80) Pause Young (Normal) (G1 Evacuation Pause) 312M->6M(512M) 1.505ms
[3.968s][info][gc,cpu       ] GC(80) User=0.01s Sys=0.00s Real=0.01s
[4.013s][info][gc,start     ] GC(81) Pause Young (Normal) (G1 Evacuation Pause)
[4.013s][info][gc,task      ] GC(81) Using 8 workers of 8 for evacuation
[4.014s][info][gc,phases    ] GC(81)   Pre Evacuate Collection Set: 0.0ms
[4.014s][info][gc,phases    ] GC(81)   Evacuate Collection Set: 0.5ms
[4.014s][info][gc,phases    ] GC(81)   Post Evacuate Collection Set: 0.3ms
[4.014s][info][gc,phases    ] GC(81)   Other: 0.2ms
[4.014s][info][gc,heap      ] GC(81) Eden regions: 306->0(306)
[4.014s][info][gc,heap      ] GC(81) Survivor regions: 1->1(39)
[4.014s][info][gc,heap      ] GC(81) Old regions: 6->6
[4.014s][info][gc,heap      ] GC(81) Humongous regions: 0->0
[4.014s][info][gc,metaspace ] GC(81) Metaspace: 7413K->7413K(1056768K)
[4.014s][info][gc           ] GC(81) Pause Young (Normal) (G1 Evacuation Pause) 312M->6M(512M) 1.114ms
[4.014s][info][gc,cpu       ] GC(81) User=0.00s Sys=0.00s Real=0.00s
[4.055s][info][gc,start     ] GC(82) Pause Young (Normal) (G1 Evacuation Pause)
[4.055s][info][gc,task      ] GC(82) Using 8 workers of 8 for evacuation
[4.057s][info][gc,phases    ] GC(82)   Pre Evacuate Collection Set: 0.0ms
[4.057s][info][gc,phases    ] GC(82)   Evacuate Collection Set: 0.5ms
[4.057s][info][gc,phases    ] GC(82)   Post Evacuate Collection Set: 1.4ms
[4.057s][info][gc,phases    ] GC(82)   Other: 0.1ms
[4.057s][info][gc,heap      ] GC(82) Eden regions: 306->0(306)
[4.057s][info][gc,heap      ] GC(82) Survivor regions: 1->1(39)
[4.057s][info][gc,heap      ] GC(82) Old regions: 6->6
[4.057s][info][gc,heap      ] GC(82) Humongous regions: 0->0
[4.057s][info][gc,metaspace ] GC(82) Metaspace: 7413K->7413K(1056768K)
[4.057s][info][gc           ] GC(82) Pause Young (Normal) (G1 Evacuation Pause) 312M->6M(512M) 2.146ms
[4.057s][info][gc,cpu       ] GC(82) User=0.00s Sys=0.00s Real=0.00s
[4.104s][info][gc,start     ] GC(83) Pause Young (Normal) (G1 Evacuation Pause)
[4.104s][info][gc,task      ] GC(83) Using 8 workers of 8 for evacuation
[4.104s][info][gc,phases    ] GC(83)   Pre Evacuate Collection Set: 0.0ms
[4.104s][info][gc,phases    ] GC(83)   Evacuate Collection Set: 0.4ms
[4.104s][info][gc,phases    ] GC(83)   Post Evacuate Collection Set: 0.2ms
[4.104s][info][gc,phases    ] GC(83)   Other: 0.2ms
[4.104s][info][gc,heap      ] GC(83) Eden regions: 306->0(306)
[4.104s][info][gc,heap      ] GC(83) Survivor regions: 1->1(39)
[4.104s][info][gc,heap      ] GC(83) Old regions: 6->6
[4.104s][info][gc,heap      ] GC(83) Humongous regions: 0->0
[4.105s][info][gc,metaspace ] GC(83) Metaspace: 7413K->7413K(1056768K)
[4.105s][info][gc           ] GC(83) Pause Young (Normal) (G1 Evacuation Pause) 312M->6M(512M) 0.988ms
[4.105s][info][gc,cpu       ] GC(83) User=0.01s Sys=0.00s Real=0.00s
[4.153s][info][gc,start     ] GC(84) Pause Young (Normal) (G1 Evacuation Pause)
[4.153s][info][gc,task      ] GC(84) Using 8 workers of 8 for evacuation
[4.154s][info][gc,phases    ] GC(84)   Pre Evacuate Collection Set: 0.0ms
[4.154s][info][gc,phases    ] GC(84)   Evacuate Collection Set: 0.5ms
[4.154s][info][gc,phases    ] GC(84)   Post Evacuate Collection Set: 0.7ms
[4.154s][info][gc,phases    ] GC(84)   Other: 0.2ms
[4.154s][info][gc,heap      ] GC(84) Eden regions: 306->0(306)
[4.154s][info][gc,heap      ] GC(84) Survivor regions: 1->1(39)
[4.154s][info][gc,heap      ] GC(84) Old regions: 6->6
[4.154s][info][gc,heap      ] GC(84) Humongous regions: 0->0
[4.154s][info][gc,metaspace ] GC(84) Metaspace: 7413K->7413K(1056768K)
[4.154s][info][gc           ] GC(84) Pause Young (Normal) (G1 Evacuation Pause) 312M->6M(512M) 1.693ms
[4.154s][info][gc,cpu       ] GC(84) User=0.00s Sys=0.00s Real=0.00s
[4.203s][info][gc,start     ] GC(85) Pause Young (Normal) (G1 Evacuation Pause)
[4.203s][info][gc,task      ] GC(85) Using 8 workers of 8 for evacuation
[4.204s][info][gc,phases    ] GC(85)   Pre Evacuate Collection Set: 0.0ms
[4.204s][info][gc,phases    ] GC(85)   Evacuate Collection Set: 0.6ms
[4.204s][info][gc,phases    ] GC(85)   Post Evacuate Collection Set: 0.3ms
[4.204s][info][gc,phases    ] GC(85)   Other: 0.2ms
[4.204s][info][gc,heap      ] GC(85) Eden regions: 306->0(306)
[4.204s][info][gc,heap      ] GC(85) Survivor regions: 1->1(39)
[4.204s][info][gc,heap      ] GC(85) Old regions: 6->6
[4.204s][info][gc,heap      ] GC(85) Humongous regions: 0->0
[4.204s][info][gc,metaspace ] GC(85) Metaspace: 7413K->7413K(1056768K)
[4.204s][info][gc           ] GC(85) Pause Young (Normal) (G1 Evacuation Pause) 312M->6M(512M) 1.184ms
[4.204s][info][gc,cpu       ] GC(85) User=0.00s Sys=0.00s Real=0.00s
[4.247s][info][gc,start     ] GC(86) Pause Young (Normal) (G1 Evacuation Pause)
[4.247s][info][gc,task      ] GC(86) Using 8 workers of 8 for evacuation
[4.248s][info][gc,phases    ] GC(86)   Pre Evacuate Collection Set: 0.0ms
[4.248s][info][gc,phases    ] GC(86)   Evacuate Collection Set: 0.5ms
[4.248s][info][gc,phases    ] GC(86)   Post Evacuate Collection Set: 0.3ms
[4.248s][info][gc,phases    ] GC(86)   Other: 0.2ms
[4.248s][info][gc,heap      ] GC(86) Eden regions: 306->0(306)
[4.248s][info][gc,heap      ] GC(86) Survivor regions: 1->1(39)
[4.248s][info][gc,heap      ] GC(86) Old regions: 6->6
[4.248s][info][gc,heap      ] GC(86) Humongous regions: 0->0
[4.248s][info][gc,metaspace ] GC(86) Metaspace: 7413K->7413K(1056768K)
[4.248s][info][gc           ] GC(86) Pause Young (Normal) (G1 Evacuation Pause) 312M->6M(512M) 1.103ms
[4.248s][info][gc,cpu       ] GC(86) User=0.00s Sys=0.00s Real=0.01s
[4.292s][info][gc,start     ] GC(87) Pause Young (Normal) (G1 Evacuation Pause)
[4.292s][info][gc,task      ] GC(87) Using 8 workers of 8 for evacuation
[4.293s][info][gc,phases    ] GC(87)   Pre Evacuate Collection Set: 0.0ms
[4.293s][info][gc,phases    ] GC(87)   Evacuate Collection Set: 0.5ms
[4.293s][info][gc,phases    ] GC(87)   Post Evacuate Collection Set: 0.4ms
[4.293s][info][gc,phases    ] GC(87)   Other: 0.2ms
[4.293s][info][gc,heap      ] GC(87) Eden regions: 306->0(306)
[4.293s][info][gc,heap      ] GC(87) Survivor regions: 1->1(39)
[4.293s][info][gc,heap      ] GC(87) Old regions: 6->6
[4.293s][info][gc,heap      ] GC(87) Humongous regions: 0->0
[4.293s][info][gc,metaspace ] GC(87) Metaspace: 7413K->7413K(1056768K)
[4.293s][info][gc           ] GC(87) Pause Young (Normal) (G1 Evacuation Pause) 312M->6M(512M) 1.216ms
[4.293s][info][gc,cpu       ] GC(87) User=0.00s Sys=0.00s Real=0.00s
[4.344s][info][gc,start     ] GC(88) Pause Young (Normal) (G1 Evacuation Pause)
[4.344s][info][gc,task      ] GC(88) Using 8 workers of 8 for evacuation
[4.345s][info][gc,phases    ] GC(88)   Pre Evacuate Collection Set: 0.0ms
[4.345s][info][gc,phases    ] GC(88)   Evacuate Collection Set: 0.5ms
[4.345s][info][gc,phases    ] GC(88)   Post Evacuate Collection Set: 0.2ms
[4.345s][info][gc,phases    ] GC(88)   Other: 0.2ms
[4.345s][info][gc,heap      ] GC(88) Eden regions: 306->0(306)
[4.345s][info][gc,heap      ] GC(88) Survivor regions: 1->1(39)
[4.345s][info][gc,heap      ] GC(88) Old regions: 6->6
[4.345s][info][gc,heap      ] GC(88) Humongous regions: 0->0
[4.345s][info][gc,metaspace ] GC(88) Metaspace: 7413K->7413K(1056768K)
[4.345s][info][gc           ] GC(88) Pause Young (Normal) (G1 Evacuation Pause) 312M->6M(512M) 1.049ms
[4.345s][info][gc,cpu       ] GC(88) User=0.00s Sys=0.00s Real=0.00s
[4.399s][info][gc,start     ] GC(89) Pause Young (Normal) (G1 Evacuation Pause)
[4.399s][info][gc,task      ] GC(89) Using 8 workers of 8 for evacuation
[4.400s][info][gc,phases    ] GC(89)   Pre Evacuate Collection Set: 0.0ms
[4.400s][info][gc,phases    ] GC(89)   Evacuate Collection Set: 0.4ms
[4.400s][info][gc,phases    ] GC(89)   Post Evacuate Collection Set: 0.2ms
[4.400s][info][gc,phases    ] GC(89)   Other: 0.1ms
[4.400s][info][gc,heap      ] GC(89) Eden regions: 306->0(306)
[4.400s][info][gc,heap      ] GC(89) Survivor regions: 1->1(39)
[4.400s][info][gc,heap      ] GC(89) Old regions: 6->6
[4.400s][info][gc,heap      ] GC(89) Humongous regions: 0->0
[4.400s][info][gc,metaspace ] GC(89) Metaspace: 7413K->7413K(1056768K)
[4.400s][info][gc           ] GC(89) Pause Young (Normal) (G1 Evacuation Pause) 312M->6M(512M) 0.849ms
[4.400s][info][gc,cpu       ] GC(89) User=0.00s Sys=0.00s Real=0.00s
[4.442s][info][gc,start     ] GC(90) Pause Young (Normal) (G1 Evacuation Pause)
[4.442s][info][gc,task      ] GC(90) Using 8 workers of 8 for evacuation
[4.442s][info][gc,phases    ] GC(90)   Pre Evacuate Collection Set: 0.0ms
[4.442s][info][gc,phases    ] GC(90)   Evacuate Collection Set: 0.4ms
[4.442s][info][gc,phases    ] GC(90)   Post Evacuate Collection Set: 0.2ms
[4.442s][info][gc,phases    ] GC(90)   Other: 0.2ms
[4.442s][info][gc,heap      ] GC(90) Eden regions: 306->0(306)
[4.442s][info][gc,heap      ] GC(90) Survivor regions: 1->1(39)
[4.442s][info][gc,heap      ] GC(90) Old regions: 6->6
[4.442s][info][gc,heap      ] GC(90) Humongous regions: 0->0
[4.442s][info][gc,metaspace ] GC(90) Metaspace: 7413K->7413K(1056768K)
[4.442s][info][gc           ] GC(90) Pause Young (Normal) (G1 Evacuation Pause) 312M->6M(512M) 0.942ms
[4.443s][info][gc,cpu       ] GC(90) User=0.00s Sys=0.00s Real=0.00s
[4.489s][info][gc,start     ] GC(91) Pause Young (Normal) (G1 Evacuation Pause)
[4.489s][info][gc,task      ] GC(91) Using 8 workers of 8 for evacuation
[4.490s][info][gc,phases    ] GC(91)   Pre Evacuate Collection Set: 0.0ms
[4.490s][info][gc,phases    ] GC(91)   Evacuate Collection Set: 0.4ms
[4.490s][info][gc,phases    ] GC(91)   Post Evacuate Collection Set: 0.3ms
[4.490s][info][gc,phases    ] GC(91)   Other: 0.2ms
[4.490s][info][gc,heap      ] GC(91) Eden regions: 306->0(306)
[4.490s][info][gc,heap      ] GC(91) Survivor regions: 1->1(39)
[4.490s][info][gc,heap      ] GC(91) Old regions: 6->6
[4.490s][info][gc,heap      ] GC(91) Humongous regions: 0->0
[4.490s][info][gc,metaspace ] GC(91) Metaspace: 7413K->7413K(1056768K)
[4.490s][info][gc           ] GC(91) Pause Young (Normal) (G1 Evacuation Pause) 312M->6M(512M) 0.981ms
[4.490s][info][gc,cpu       ] GC(91) User=0.00s Sys=0.00s Real=0.00s
[4.534s][info][gc,start     ] GC(92) Pause Young (Normal) (G1 Evacuation Pause)
[4.534s][info][gc,task      ] GC(92) Using 8 workers of 8 for evacuation
[4.534s][info][gc,phases    ] GC(92)   Pre Evacuate Collection Set: 0.0ms
[4.534s][info][gc,phases    ] GC(92)   Evacuate Collection Set: 0.4ms
[4.534s][info][gc,phases    ] GC(92)   Post Evacuate Collection Set: 0.3ms
[4.534s][info][gc,phases    ] GC(92)   Other: 0.2ms
[4.535s][info][gc,heap      ] GC(92) Eden regions: 306->0(306)
[4.535s][info][gc,heap      ] GC(92) Survivor regions: 1->1(39)
[4.535s][info][gc,heap      ] GC(92) Old regions: 6->6
[4.535s][info][gc,heap      ] GC(92) Humongous regions: 0->0
[4.535s][info][gc,metaspace ] GC(92) Metaspace: 7413K->7413K(1056768K)
[4.535s][info][gc           ] GC(92) Pause Young (Normal) (G1 Evacuation Pause) 312M->6M(512M) 0.952ms
[4.535s][info][gc,cpu       ] GC(92) User=0.00s Sys=0.00s Real=0.00s
[4.580s][info][gc,start     ] GC(93) Pause Young (Normal) (G1 Evacuation Pause)
[4.580s][info][gc,task      ] GC(93) Using 8 workers of 8 for evacuation
[4.581s][info][gc,phases    ] GC(93)   Pre Evacuate Collection Set: 0.0ms
[4.581s][info][gc,phases    ] GC(93)   Evacuate Collection Set: 0.5ms
[4.581s][info][gc,phases    ] GC(93)   Post Evacuate Collection Set: 0.4ms
[4.581s][info][gc,phases    ] GC(93)   Other: 0.2ms
[4.581s][info][gc,heap      ] GC(93) Eden regions: 306->0(306)
[4.581s][info][gc,heap      ] GC(93) Survivor regions: 1->1(39)
[4.581s][info][gc,heap      ] GC(93) Old regions: 6->7
[4.581s][info][gc,heap      ] GC(93) Humongous regions: 0->0
[4.581s][info][gc,metaspace ] GC(93) Metaspace: 7413K->7413K(1056768K)
[4.581s][info][gc           ] GC(93) Pause Young (Normal) (G1 Evacuation Pause) 312M->6M(512M) 1.285ms
[4.581s][info][gc,cpu       ] GC(93) User=0.00s Sys=0.00s Real=0.00s
[4.636s][info][gc,start     ] GC(94) Pause Young (Normal) (G1 Evacuation Pause)
[4.636s][info][gc,task      ] GC(94) Using 8 workers of 8 for evacuation
[4.638s][info][gc,phases    ] GC(94)   Pre Evacuate Collection Set: 0.0ms
[4.638s][info][gc,phases    ] GC(94)   Evacuate Collection Set: 0.5ms
[4.638s][info][gc,phases    ] GC(94)   Post Evacuate Collection Set: 0.7ms
[4.638s][info][gc,phases    ] GC(94)   Other: 0.2ms
[4.638s][info][gc,heap      ] GC(94) Eden regions: 306->0(306)
[4.638s][info][gc,heap      ] GC(94) Survivor regions: 1->1(39)
[4.638s][info][gc,heap      ] GC(94) Old regions: 7->7
[4.638s][info][gc,heap      ] GC(94) Humongous regions: 0->0
[4.638s][info][gc,metaspace ] GC(94) Metaspace: 7413K->7413K(1056768K)
[4.638s][info][gc           ] GC(94) Pause Young (Normal) (G1 Evacuation Pause) 312M->7M(512M) 1.598ms
[4.638s][info][gc,cpu       ] GC(94) User=0.01s Sys=0.00s Real=0.01s
[4.680s][info][gc,start     ] GC(95) Pause Young (Normal) (G1 Evacuation Pause)
[4.680s][info][gc,task      ] GC(95) Using 8 workers of 8 for evacuation
[4.681s][info][gc,phases    ] GC(95)   Pre Evacuate Collection Set: 0.0ms
[4.681s][info][gc,phases    ] GC(95)   Evacuate Collection Set: 0.5ms
[4.681s][info][gc,phases    ] GC(95)   Post Evacuate Collection Set: 0.2ms
[4.681s][info][gc,phases    ] GC(95)   Other: 0.1ms
[4.681s][info][gc,heap      ] GC(95) Eden regions: 306->0(306)
[4.681s][info][gc,heap      ] GC(95) Survivor regions: 1->1(39)
[4.681s][info][gc,heap      ] GC(95) Old regions: 7->7
[4.681s][info][gc,heap      ] GC(95) Humongous regions: 0->0
[4.681s][info][gc,metaspace ] GC(95) Metaspace: 7413K->7413K(1056768K)
[4.681s][info][gc           ] GC(95) Pause Young (Normal) (G1 Evacuation Pause) 313M->7M(512M) 0.953ms
[4.681s][info][gc,cpu       ] GC(95) User=0.01s Sys=0.00s Real=0.00s
[4.725s][info][gc,start     ] GC(96) Pause Young (Normal) (G1 Evacuation Pause)
[4.725s][info][gc,task      ] GC(96) Using 8 workers of 8 for evacuation
[4.726s][info][gc,phases    ] GC(96)   Pre Evacuate Collection Set: 0.0ms
[4.726s][info][gc,phases    ] GC(96)   Evacuate Collection Set: 0.5ms
[4.726s][info][gc,phases    ] GC(96)   Post Evacuate Collection Set: 0.3ms
[4.726s][info][gc,phases    ] GC(96)   Other: 0.2ms
[4.726s][info][gc,heap      ] GC(96) Eden regions: 306->0(306)
[4.726s][info][gc,heap      ] GC(96) Survivor regions: 1->1(39)
[4.726s][info][gc,heap      ] GC(96) Old regions: 7->7
[4.726s][info][gc,heap      ] GC(96) Humongous regions: 0->0
[4.726s][info][gc,metaspace ] GC(96) Metaspace: 7413K->7413K(1056768K)
[4.726s][info][gc           ] GC(96) Pause Young (Normal) (G1 Evacuation Pause) 313M->7M(512M) 1.032ms
[4.726s][info][gc,cpu       ] GC(96) User=0.00s Sys=0.00s Real=0.00s
[4.772s][info][gc,start     ] GC(97) Pause Young (Normal) (G1 Evacuation Pause)
[4.772s][info][gc,task      ] GC(97) Using 8 workers of 8 for evacuation
[4.773s][info][gc,phases    ] GC(97)   Pre Evacuate Collection Set: 0.0ms
[4.773s][info][gc,phases    ] GC(97)   Evacuate Collection Set: 0.4ms
[4.773s][info][gc,phases    ] GC(97)   Post Evacuate Collection Set: 0.3ms
[4.773s][info][gc,phases    ] GC(97)   Other: 0.2ms
[4.773s][info][gc,heap      ] GC(97) Eden regions: 306->0(306)
[4.773s][info][gc,heap      ] GC(97) Survivor regions: 1->1(39)
[4.773s][info][gc,heap      ] GC(97) Old regions: 7->7
[4.773s][info][gc,heap      ] GC(97) Humongous regions: 0->0
[4.773s][info][gc,metaspace ] GC(97) Metaspace: 7413K->7413K(1056768K)
[4.773s][info][gc           ] GC(97) Pause Young (Normal) (G1 Evacuation Pause) 313M->7M(512M) 0.945ms
[4.773s][info][gc,cpu       ] GC(97) User=0.00s Sys=0.00s Real=0.00s
[4.816s][info][gc,start     ] GC(98) Pause Young (Normal) (G1 Evacuation Pause)
[4.817s][info][gc,task      ] GC(98) Using 8 workers of 8 for evacuation
[4.817s][info][gc,phases    ] GC(98)   Pre Evacuate Collection Set: 0.0ms
[4.817s][info][gc,phases    ] GC(98)   Evacuate Collection Set: 0.4ms
[4.817s][info][gc,phases    ] GC(98)   Post Evacuate Collection Set: 0.2ms
[4.817s][info][gc,phases    ] GC(98)   Other: 0.1ms
[4.817s][info][gc,heap      ] GC(98) Eden regions: 306->0(306)
[4.817s][info][gc,heap      ] GC(98) Survivor regions: 1->1(39)
[4.817s][info][gc,heap      ] GC(98) Old regions: 7->7
[4.817s][info][gc,heap      ] GC(98) Humongous regions: 0->0
[4.817s][info][gc,metaspace ] GC(98) Metaspace: 7413K->7413K(1056768K)
[4.817s][info][gc           ] GC(98) Pause Young (Normal) (G1 Evacuation Pause) 313M->7M(512M) 0.870ms
[4.817s][info][gc,cpu       ] GC(98) User=0.00s Sys=0.00s Real=0.00s
[4.866s][info][gc,start     ] GC(99) Pause Young (Normal) (G1 Evacuation Pause)
[4.866s][info][gc,task      ] GC(99) Using 8 workers of 8 for evacuation
[4.867s][info][gc,phases    ] GC(99)   Pre Evacuate Collection Set: 0.0ms
[4.867s][info][gc,phases    ] GC(99)   Evacuate Collection Set: 0.4ms
[4.867s][info][gc,phases    ] GC(99)   Post Evacuate Collection Set: 0.3ms
[4.867s][info][gc,phases    ] GC(99)   Other: 0.1ms
[4.867s][info][gc,heap      ] GC(99) Eden regions: 306->0(306)
[4.867s][info][gc,heap      ] GC(99) Survivor regions: 1->1(39)
[4.867s][info][gc,heap      ] GC(99) Old regions: 7->7
[4.867s][info][gc,heap      ] GC(99) Humongous regions: 0->0
[4.867s][info][gc,metaspace ] GC(99) Metaspace: 7413K->7413K(1056768K)
[4.867s][info][gc           ] GC(99) Pause Young (Normal) (G1 Evacuation Pause) 313M->7M(512M) 0.952ms
[4.867s][info][gc,cpu       ] GC(99) User=0.01s Sys=0.00s Real=0.00s
[4.914s][info][gc,start     ] GC(100) Pause Young (Normal) (G1 Evacuation Pause)
[4.914s][info][gc,task      ] GC(100) Using 8 workers of 8 for evacuation
[4.915s][info][gc,phases    ] GC(100)   Pre Evacuate Collection Set: 0.0ms
[4.915s][info][gc,phases    ] GC(100)   Evacuate Collection Set: 0.5ms
[4.915s][info][gc,phases    ] GC(100)   Post Evacuate Collection Set: 0.3ms
[4.915s][info][gc,phases    ] GC(100)   Other: 0.1ms
[4.915s][info][gc,heap      ] GC(100) Eden regions: 306->0(306)
[4.915s][info][gc,heap      ] GC(100) Survivor regions: 1->1(39)
[4.915s][info][gc,heap      ] GC(100) Old regions: 7->7
[4.915s][info][gc,heap      ] GC(100) Humongous regions: 0->0
[4.915s][info][gc,metaspace ] GC(100) Metaspace: 7413K->7413K(1056768K)
[4.915s][info][gc           ] GC(100) Pause Young (Normal) (G1 Evacuation Pause) 313M->7M(512M) 1.120ms
[4.915s][info][gc,cpu       ] GC(100) User=0.01s Sys=0.01s Real=0.00s
[4.953s][info][gc,start     ] GC(101) Pause Young (Normal) (G1 Evacuation Pause)
[4.953s][info][gc,task      ] GC(101) Using 8 workers of 8 for evacuation
[4.954s][info][gc,phases    ] GC(101)   Pre Evacuate Collection Set: 0.0ms
[4.954s][info][gc,phases    ] GC(101)   Evacuate Collection Set: 0.5ms
[4.954s][info][gc,phases    ] GC(101)   Post Evacuate Collection Set: 0.4ms
[4.954s][info][gc,phases    ] GC(101)   Other: 0.1ms
[4.954s][info][gc,heap      ] GC(101) Eden regions: 306->0(306)
[4.954s][info][gc,heap      ] GC(101) Survivor regions: 1->1(39)
[4.954s][info][gc,heap      ] GC(101) Old regions: 7->7
[4.954s][info][gc,heap      ] GC(101) Humongous regions: 0->0
[4.954s][info][gc,metaspace ] GC(101) Metaspace: 7413K->7413K(1056768K)
[4.954s][info][gc           ] GC(101) Pause Young (Normal) (G1 Evacuation Pause) 313M->7M(512M) 1.155ms
[4.954s][info][gc,cpu       ] GC(101) User=0.00s Sys=0.00s Real=0.00s
[5.003s][info][gc,start     ] GC(102) Pause Young (Normal) (G1 Evacuation Pause)
[5.003s][info][gc,task      ] GC(102) Using 8 workers of 8 for evacuation
[5.004s][info][gc,phases    ] GC(102)   Pre Evacuate Collection Set: 0.0ms
[5.004s][info][gc,phases    ] GC(102)   Evacuate Collection Set: 0.4ms
[5.004s][info][gc,phases    ] GC(102)   Post Evacuate Collection Set: 0.2ms
[5.004s][info][gc,phases    ] GC(102)   Other: 0.1ms
[5.004s][info][gc,heap      ] GC(102) Eden regions: 306->0(306)
[5.004s][info][gc,heap      ] GC(102) Survivor regions: 1->1(39)
[5.004s][info][gc,heap      ] GC(102) Old regions: 7->7
[5.004s][info][gc,heap      ] GC(102) Humongous regions: 0->0
[5.004s][info][gc,metaspace ] GC(102) Metaspace: 7413K->7413K(1056768K)
[5.004s][info][gc           ] GC(102) Pause Young (Normal) (G1 Evacuation Pause) 313M->7M(512M) 0.848ms
[5.004s][info][gc,cpu       ] GC(102) User=0.00s Sys=0.00s Real=0.00s
[5.050s][info][gc,start     ] GC(103) Pause Young (Normal) (G1 Evacuation Pause)
[5.050s][info][gc,task      ] GC(103) Using 8 workers of 8 for evacuation
[5.051s][info][gc,phases    ] GC(103)   Pre Evacuate Collection Set: 0.0ms
[5.051s][info][gc,phases    ] GC(103)   Evacuate Collection Set: 0.4ms
[5.051s][info][gc,phases    ] GC(103)   Post Evacuate Collection Set: 0.2ms
[5.051s][info][gc,phases    ] GC(103)   Other: 0.1ms
[5.051s][info][gc,heap      ] GC(103) Eden regions: 306->0(306)
[5.051s][info][gc,heap      ] GC(103) Survivor regions: 1->1(39)
[5.051s][info][gc,heap      ] GC(103) Old regions: 7->7
[5.051s][info][gc,heap      ] GC(103) Humongous regions: 0->0
[5.051s][info][gc,metaspace ] GC(103) Metaspace: 7413K->7413K(1056768K)
[5.051s][info][gc           ] GC(103) Pause Young (Normal) (G1 Evacuation Pause) 313M->7M(512M) 0.890ms
[5.051s][info][gc,cpu       ] GC(103) User=0.00s Sys=0.00s Real=0.00s
[5.099s][info][gc,start     ] GC(104) Pause Young (Normal) (G1 Evacuation Pause)
[5.099s][info][gc,task      ] GC(104) Using 8 workers of 8 for evacuation
[5.100s][info][gc,phases    ] GC(104)   Pre Evacuate Collection Set: 0.0ms
[5.100s][info][gc,phases    ] GC(104)   Evacuate Collection Set: 0.4ms
[5.100s][info][gc,phases    ] GC(104)   Post Evacuate Collection Set: 0.2ms
[5.100s][info][gc,phases    ] GC(104)   Other: 0.1ms
[5.100s][info][gc,heap      ] GC(104) Eden regions: 306->0(306)
[5.100s][info][gc,heap      ] GC(104) Survivor regions: 1->1(39)
[5.100s][info][gc,heap      ] GC(104) Old regions: 7->7
[5.100s][info][gc,heap      ] GC(104) Humongous regions: 0->0
[5.100s][info][gc,metaspace ] GC(104) Metaspace: 7413K->7413K(1056768K)
[5.100s][info][gc           ] GC(104) Pause Young (Normal) (G1 Evacuation Pause) 313M->7M(512M) 0.868ms
[5.100s][info][gc,cpu       ] GC(104) User=0.01s Sys=0.00s Real=0.00s
[5.143s][info][gc,start     ] GC(105) Pause Young (Normal) (G1 Evacuation Pause)
[5.143s][info][gc,task      ] GC(105) Using 8 workers of 8 for evacuation
[5.144s][info][gc,phases    ] GC(105)   Pre Evacuate Collection Set: 0.0ms
[5.144s][info][gc,phases    ] GC(105)   Evacuate Collection Set: 0.5ms
[5.144s][info][gc,phases    ] GC(105)   Post Evacuate Collection Set: 0.2ms
[5.144s][info][gc,phases    ] GC(105)   Other: 0.1ms
[5.144s][info][gc,heap      ] GC(105) Eden regions: 306->0(306)
[5.144s][info][gc,heap      ] GC(105) Survivor regions: 1->1(39)
[5.144s][info][gc,heap      ] GC(105) Old regions: 7->7
[5.144s][info][gc,heap      ] GC(105) Humongous regions: 0->0
[5.144s][info][gc,metaspace ] GC(105) Metaspace: 7413K->7413K(1056768K)
[5.144s][info][gc           ] GC(105) Pause Young (Normal) (G1 Evacuation Pause) 313M->7M(512M) 0.967ms
[5.144s][info][gc,cpu       ] GC(105) User=0.00s Sys=0.00s Real=0.00s
[5.187s][info][gc,start     ] GC(106) Pause Young (Normal) (G1 Evacuation Pause)
[5.187s][info][gc,task      ] GC(106) Using 8 workers of 8 for evacuation
[5.188s][info][gc,phases    ] GC(106)   Pre Evacuate Collection Set: 0.0ms
[5.188s][info][gc,phases    ] GC(106)   Evacuate Collection Set: 0.4ms
[5.188s][info][gc,phases    ] GC(106)   Post Evacuate Collection Set: 0.2ms
[5.188s][info][gc,phases    ] GC(106)   Other: 0.2ms
[5.188s][info][gc,heap      ] GC(106) Eden regions: 306->0(306)
[5.188s][info][gc,heap      ] GC(106) Survivor regions: 1->1(39)
[5.188s][info][gc,heap      ] GC(106) Old regions: 7->7
[5.188s][info][gc,heap      ] GC(106) Humongous regions: 0->0
[5.188s][info][gc,metaspace ] GC(106) Metaspace: 7413K->7413K(1056768K)
[5.188s][info][gc           ] GC(106) Pause Young (Normal) (G1 Evacuation Pause) 313M->7M(512M) 0.948ms
[5.188s][info][gc,cpu       ] GC(106) User=0.00s Sys=0.00s Real=0.01s
[5.228s][info][gc,start     ] GC(107) Pause Young (Normal) (G1 Evacuation Pause)
[5.228s][info][gc,task      ] GC(107) Using 8 workers of 8 for evacuation
[5.229s][info][gc,phases    ] GC(107)   Pre Evacuate Collection Set: 0.0ms
[5.229s][info][gc,phases    ] GC(107)   Evacuate Collection Set: 0.6ms
[5.229s][info][gc,phases    ] GC(107)   Post Evacuate Collection Set: 0.3ms
[5.229s][info][gc,phases    ] GC(107)   Other: 0.2ms
[5.229s][info][gc,heap      ] GC(107) Eden regions: 306->0(306)
[5.229s][info][gc,heap      ] GC(107) Survivor regions: 1->1(39)
[5.229s][info][gc,heap      ] GC(107) Old regions: 7->7
[5.229s][info][gc,heap      ] GC(107) Humongous regions: 0->0
[5.229s][info][gc,metaspace ] GC(107) Metaspace: 7413K->7413K(1056768K)
[5.229s][info][gc           ] GC(107) Pause Young (Normal) (G1 Evacuation Pause) 313M->7M(512M) 1.225ms
[5.229s][info][gc,cpu       ] GC(107) User=0.01s Sys=0.00s Real=0.01s
[5.279s][info][gc,start     ] GC(108) Pause Young (Normal) (G1 Evacuation Pause)
[5.279s][info][gc,task      ] GC(108) Using 8 workers of 8 for evacuation
[5.279s][info][gc,phases    ] GC(108)   Pre Evacuate Collection Set: 0.0ms
[5.279s][info][gc,phases    ] GC(108)   Evacuate Collection Set: 0.4ms
[5.279s][info][gc,phases    ] GC(108)   Post Evacuate Collection Set: 0.2ms
[5.279s][info][gc,phases    ] GC(108)   Other: 0.1ms
[5.279s][info][gc,heap      ] GC(108) Eden regions: 306->0(306)
[5.279s][info][gc,heap      ] GC(108) Survivor regions: 1->1(39)
[5.279s][info][gc,heap      ] GC(108) Old regions: 7->7
[5.279s][info][gc,heap      ] GC(108) Humongous regions: 0->0
[5.279s][info][gc,metaspace ] GC(108) Metaspace: 7413K->7413K(1056768K)
[5.279s][info][gc           ] GC(108) Pause Young (Normal) (G1 Evacuation Pause) 313M->7M(512M) 0.933ms
[5.280s][info][gc,cpu       ] GC(108) User=0.00s Sys=0.00s Real=0.00s
[5.343s][info][gc,start     ] GC(109) Pause Young (Normal) (G1 Evacuation Pause)
[5.343s][info][gc,task      ] GC(109) Using 8 workers of 8 for evacuation
[5.344s][info][gc,phases    ] GC(109)   Pre Evacuate Collection Set: 0.0ms
[5.344s][info][gc,phases    ] GC(109)   Evacuate Collection Set: 0.4ms
[5.344s][info][gc,phases    ] GC(109)   Post Evacuate Collection Set: 0.3ms
[5.344s][info][gc,phases    ] GC(109)   Other: 0.2ms
[5.344s][info][gc,heap      ] GC(109) Eden regions: 306->0(306)
[5.344s][info][gc,heap      ] GC(109) Survivor regions: 1->1(39)
[5.344s][info][gc,heap      ] GC(109) Old regions: 7->8
[5.344s][info][gc,heap      ] GC(109) Humongous regions: 0->0
[5.344s][info][gc,metaspace ] GC(109) Metaspace: 7413K->7413K(1056768K)
[5.344s][info][gc           ] GC(109) Pause Young (Normal) (G1 Evacuation Pause) 313M->7M(512M) 0.938ms
[5.344s][info][gc,cpu       ] GC(109) User=0.01s Sys=0.00s Real=0.00s
[5.387s][info][gc,start     ] GC(110) Pause Young (Normal) (G1 Evacuation Pause)
[5.387s][info][gc,task      ] GC(110) Using 8 workers of 8 for evacuation
[5.388s][info][gc,phases    ] GC(110)   Pre Evacuate Collection Set: 0.0ms
[5.388s][info][gc,phases    ] GC(110)   Evacuate Collection Set: 0.4ms
[5.388s][info][gc,phases    ] GC(110)   Post Evacuate Collection Set: 0.2ms
[5.388s][info][gc,phases    ] GC(110)   Other: 0.2ms
[5.388s][info][gc,heap      ] GC(110) Eden regions: 306->0(306)
[5.388s][info][gc,heap      ] GC(110) Survivor regions: 1->1(39)
[5.388s][info][gc,heap      ] GC(110) Old regions: 8->8
[5.388s][info][gc,heap      ] GC(110) Humongous regions: 0->0
[5.388s][info][gc,metaspace ] GC(110) Metaspace: 7413K->7413K(1056768K)
[5.388s][info][gc           ] GC(110) Pause Young (Normal) (G1 Evacuation Pause) 313M->8M(512M) 0.888ms
[5.388s][info][gc,cpu       ] GC(110) User=0.00s Sys=0.00s Real=0.01s
[5.432s][info][gc,start     ] GC(111) Pause Young (Normal) (G1 Evacuation Pause)
[5.432s][info][gc,task      ] GC(111) Using 8 workers of 8 for evacuation
[5.433s][info][gc,phases    ] GC(111)   Pre Evacuate Collection Set: 0.0ms
[5.433s][info][gc,phases    ] GC(111)   Evacuate Collection Set: 0.4ms
[5.433s][info][gc,phases    ] GC(111)   Post Evacuate Collection Set: 0.3ms
[5.433s][info][gc,phases    ] GC(111)   Other: 0.2ms
[5.433s][info][gc,heap      ] GC(111) Eden regions: 306->0(306)
[5.433s][info][gc,heap      ] GC(111) Survivor regions: 1->1(39)
[5.433s][info][gc,heap      ] GC(111) Old regions: 8->8
[5.433s][info][gc,heap      ] GC(111) Humongous regions: 0->0
[5.433s][info][gc,metaspace ] GC(111) Metaspace: 7413K->7413K(1056768K)
[5.433s][info][gc           ] GC(111) Pause Young (Normal) (G1 Evacuation Pause) 314M->8M(512M) 0.963ms
[5.433s][info][gc,cpu       ] GC(111) User=0.00s Sys=0.01s Real=0.00s
[5.477s][info][gc,start     ] GC(112) Pause Young (Normal) (G1 Evacuation Pause)
[5.477s][info][gc,task      ] GC(112) Using 8 workers of 8 for evacuation
[5.478s][info][gc,phases    ] GC(112)   Pre Evacuate Collection Set: 0.0ms
[5.478s][info][gc,phases    ] GC(112)   Evacuate Collection Set: 0.5ms
[5.478s][info][gc,phases    ] GC(112)   Post Evacuate Collection Set: 0.3ms
[5.478s][info][gc,phases    ] GC(112)   Other: 0.2ms
[5.478s][info][gc,heap      ] GC(112) Eden regions: 306->0(306)
[5.478s][info][gc,heap      ] GC(112) Survivor regions: 1->1(39)
[5.478s][info][gc,heap      ] GC(112) Old regions: 8->8
[5.478s][info][gc,heap      ] GC(112) Humongous regions: 0->0
[5.478s][info][gc,metaspace ] GC(112) Metaspace: 7413K->7413K(1056768K)
[5.478s][info][gc           ] GC(112) Pause Young (Normal) (G1 Evacuation Pause) 314M->8M(512M) 1.057ms
[5.478s][info][gc,cpu       ] GC(112) User=0.00s Sys=0.00s Real=0.01s
[5.525s][info][gc,start     ] GC(113) Pause Young (Normal) (G1 Evacuation Pause)
[5.525s][info][gc,task      ] GC(113) Using 8 workers of 8 for evacuation
[5.525s][info][gc,phases    ] GC(113)   Pre Evacuate Collection Set: 0.0ms
[5.525s][info][gc,phases    ] GC(113)   Evacuate Collection Set: 0.4ms
[5.525s][info][gc,phases    ] GC(113)   Post Evacuate Collection Set: 0.2ms
[5.525s][info][gc,phases    ] GC(113)   Other: 0.1ms
[5.525s][info][gc,heap      ] GC(113) Eden regions: 306->0(306)
[5.525s][info][gc,heap      ] GC(113) Survivor regions: 1->1(39)
[5.525s][info][gc,heap      ] GC(113) Old regions: 8->8
[5.525s][info][gc,heap      ] GC(113) Humongous regions: 0->0
[5.525s][info][gc,metaspace ] GC(113) Metaspace: 7413K->7413K(1056768K)
[5.525s][info][gc           ] GC(113) Pause Young (Normal) (G1 Evacuation Pause) 314M->8M(512M) 0.905ms
[5.525s][info][gc,cpu       ] GC(113) User=0.00s Sys=0.00s Real=0.00s
[5.580s][info][gc,start     ] GC(114) Pause Young (Normal) (G1 Evacuation Pause)
[5.580s][info][gc,task      ] GC(114) Using 8 workers of 8 for evacuation
[5.580s][info][gc,phases    ] GC(114)   Pre Evacuate Collection Set: 0.0ms
[5.580s][info][gc,phases    ] GC(114)   Evacuate Collection Set: 0.4ms
[5.580s][info][gc,phases    ] GC(114)   Post Evacuate Collection Set: 0.2ms
[5.580s][info][gc,phases    ] GC(114)   Other: 0.1ms
[5.580s][info][gc,heap      ] GC(114) Eden regions: 306->0(306)
[5.580s][info][gc,heap      ] GC(114) Survivor regions: 1->1(39)
[5.580s][info][gc,heap      ] GC(114) Old regions: 8->8
[5.580s][info][gc,heap      ] GC(114) Humongous regions: 0->0
[5.580s][info][gc,metaspace ] GC(114) Metaspace: 7413K->7413K(1056768K)
[5.580s][info][gc           ] GC(114) Pause Young (Normal) (G1 Evacuation Pause) 314M->8M(512M) 0.917ms
[5.580s][info][gc,cpu       ] GC(114) User=0.00s Sys=0.00s Real=0.00s
[5.623s][info][gc,start     ] GC(115) Pause Young (Normal) (G1 Evacuation Pause)
[5.623s][info][gc,task      ] GC(115) Using 8 workers of 8 for evacuation
[5.623s][info][gc,phases    ] GC(115)   Pre Evacuate Collection Set: 0.0ms
[5.623s][info][gc,phases    ] GC(115)   Evacuate Collection Set: 0.4ms
[5.623s][info][gc,phases    ] GC(115)   Post Evacuate Collection Set: 0.2ms
[5.623s][info][gc,phases    ] GC(115)   Other: 0.1ms
[5.623s][info][gc,heap      ] GC(115) Eden regions: 306->0(306)
[5.623s][info][gc,heap      ] GC(115) Survivor regions: 1->1(39)
[5.623s][info][gc,heap      ] GC(115) Old regions: 8->8
[5.623s][info][gc,heap      ] GC(115) Humongous regions: 0->0
[5.623s][info][gc,metaspace ] GC(115) Metaspace: 7413K->7413K(1056768K)
[5.623s][info][gc           ] GC(115) Pause Young (Normal) (G1 Evacuation Pause) 314M->8M(512M) 0.857ms
[5.623s][info][gc,cpu       ] GC(115) User=0.01s Sys=0.00s Real=0.00s
[5.671s][info][gc,start     ] GC(116) Pause Young (Normal) (G1 Evacuation Pause)
[5.671s][info][gc,task      ] GC(116) Using 8 workers of 8 for evacuation
[5.671s][info][gc,phases    ] GC(116)   Pre Evacuate Collection Set: 0.0ms
[5.672s][info][gc,phases    ] GC(116)   Evacuate Collection Set: 0.4ms
[5.672s][info][gc,phases    ] GC(116)   Post Evacuate Collection Set: 0.3ms
[5.672s][info][gc,phases    ] GC(116)   Other: 0.2ms
[5.672s][info][gc,heap      ] GC(116) Eden regions: 306->0(306)
[5.672s][info][gc,heap      ] GC(116) Survivor regions: 1->1(39)
[5.672s][info][gc,heap      ] GC(116) Old regions: 8->8
[5.672s][info][gc,heap      ] GC(116) Humongous regions: 0->0
[5.672s][info][gc,metaspace ] GC(116) Metaspace: 7413K->7413K(1056768K)
[5.672s][info][gc           ] GC(116) Pause Young (Normal) (G1 Evacuation Pause) 314M->8M(512M) 0.941ms
[5.672s][info][gc,cpu       ] GC(116) User=0.01s Sys=0.00s Real=0.00s
[5.714s][info][gc,start     ] GC(117) Pause Young (Normal) (G1 Evacuation Pause)
[5.714s][info][gc,task      ] GC(117) Using 8 workers of 8 for evacuation
[5.714s][info][gc,phases    ] GC(117)   Pre Evacuate Collection Set: 0.0ms
[5.714s][info][gc,phases    ] GC(117)   Evacuate Collection Set: 0.4ms
[5.715s][info][gc,phases    ] GC(117)   Post Evacuate Collection Set: 0.3ms
[5.715s][info][gc,phases    ] GC(117)   Other: 0.2ms
[5.715s][info][gc,heap      ] GC(117) Eden regions: 306->0(306)
[5.715s][info][gc,heap      ] GC(117) Survivor regions: 1->1(39)
[5.715s][info][gc,heap      ] GC(117) Old regions: 8->8
[5.715s][info][gc,heap      ] GC(117) Humongous regions: 0->0
[5.715s][info][gc,metaspace ] GC(117) Metaspace: 7413K->7413K(1056768K)
[5.715s][info][gc           ] GC(117) Pause Young (Normal) (G1 Evacuation Pause) 314M->8M(512M) 1.054ms
[5.715s][info][gc,cpu       ] GC(117) User=0.00s Sys=0.00s Real=0.00s
[5.761s][info][gc,start     ] GC(118) Pause Young (Normal) (G1 Evacuation Pause)
[5.761s][info][gc,task      ] GC(118) Using 8 workers of 8 for evacuation
[5.762s][info][gc,phases    ] GC(118)   Pre Evacuate Collection Set: 0.0ms
[5.762s][info][gc,phases    ] GC(118)   Evacuate Collection Set: 0.4ms
[5.762s][info][gc,phases    ] GC(118)   Post Evacuate Collection Set: 0.2ms
[5.762s][info][gc,phases    ] GC(118)   Other: 0.1ms
[5.762s][info][gc,heap      ] GC(118) Eden regions: 306->0(306)
[5.762s][info][gc,heap      ] GC(118) Survivor regions: 1->1(39)
[5.762s][info][gc,heap      ] GC(118) Old regions: 8->8
[5.762s][info][gc,heap      ] GC(118) Humongous regions: 0->0
[5.762s][info][gc,metaspace ] GC(118) Metaspace: 7413K->7413K(1056768K)
[5.762s][info][gc           ] GC(118) Pause Young (Normal) (G1 Evacuation Pause) 314M->8M(512M) 0.869ms
[5.762s][info][gc,cpu       ] GC(118) User=0.00s Sys=0.00s Real=0.00s
[5.812s][info][gc,start     ] GC(119) Pause Young (Normal) (G1 Evacuation Pause)
[5.812s][info][gc,task      ] GC(119) Using 8 workers of 8 for evacuation
[5.813s][info][gc,phases    ] GC(119)   Pre Evacuate Collection Set: 0.0ms
[5.813s][info][gc,phases    ] GC(119)   Evacuate Collection Set: 0.4ms
[5.813s][info][gc,phases    ] GC(119)   Post Evacuate Collection Set: 0.3ms
[5.813s][info][gc,phases    ] GC(119)   Other: 0.1ms
[5.813s][info][gc,heap      ] GC(119) Eden regions: 306->0(306)
[5.813s][info][gc,heap      ] GC(119) Survivor regions: 1->1(39)
[5.813s][info][gc,heap      ] GC(119) Old regions: 8->8
[5.813s][info][gc,heap      ] GC(119) Humongous regions: 0->0
[5.813s][info][gc,metaspace ] GC(119) Metaspace: 7413K->7413K(1056768K)
[5.813s][info][gc           ] GC(119) Pause Young (Normal) (G1 Evacuation Pause) 314M->8M(512M) 0.922ms
[5.813s][info][gc,cpu       ] GC(119) User=0.00s Sys=0.00s Real=0.00s
[5.861s][info][gc,start     ] GC(120) Pause Young (Normal) (G1 Evacuation Pause)
[5.862s][info][gc,task      ] GC(120) Using 8 workers of 8 for evacuation
[5.862s][info][gc,phases    ] GC(120)   Pre Evacuate Collection Set: 0.0ms
[5.862s][info][gc,phases    ] GC(120)   Evacuate Collection Set: 0.4ms
[5.862s][info][gc,phases    ] GC(120)   Post Evacuate Collection Set: 0.3ms
[5.862s][info][gc,phases    ] GC(120)   Other: 0.2ms
[5.862s][info][gc,heap      ] GC(120) Eden regions: 306->0(306)
[5.862s][info][gc,heap      ] GC(120) Survivor regions: 1->1(39)
[5.862s][info][gc,heap      ] GC(120) Old regions: 8->8
[5.862s][info][gc,heap      ] GC(120) Humongous regions: 0->0
[5.862s][info][gc,metaspace ] GC(120) Metaspace: 7413K->7413K(1056768K)
[5.862s][info][gc           ] GC(120) Pause Young (Normal) (G1 Evacuation Pause) 314M->8M(512M) 0.965ms
[5.862s][info][gc,cpu       ] GC(120) User=0.00s Sys=0.00s Real=0.00s
[5.906s][info][gc,start     ] GC(121) Pause Young (Normal) (G1 Evacuation Pause)
[5.906s][info][gc,task      ] GC(121) Using 8 workers of 8 for evacuation
[5.907s][info][gc,phases    ] GC(121)   Pre Evacuate Collection Set: 0.0ms
[5.907s][info][gc,phases    ] GC(121)   Evacuate Collection Set: 0.5ms
[5.907s][info][gc,phases    ] GC(121)   Post Evacuate Collection Set: 0.3ms
[5.907s][info][gc,phases    ] GC(121)   Other: 0.2ms
[5.907s][info][gc,heap      ] GC(121) Eden regions: 306->0(306)
[5.907s][info][gc,heap      ] GC(121) Survivor regions: 1->1(39)
[5.907s][info][gc,heap      ] GC(121) Old regions: 8->8
[5.907s][info][gc,heap      ] GC(121) Humongous regions: 0->0
[5.907s][info][gc,metaspace ] GC(121) Metaspace: 7413K->7413K(1056768K)
[5.907s][info][gc           ] GC(121) Pause Young (Normal) (G1 Evacuation Pause) 314M->8M(512M) 1.073ms
[5.907s][info][gc,cpu       ] GC(121) User=0.00s Sys=0.00s Real=0.00s
[5.949s][info][gc,start     ] GC(122) Pause Young (Normal) (G1 Evacuation Pause)
[5.949s][info][gc,task      ] GC(122) Using 8 workers of 8 for evacuation
[5.950s][info][gc,phases    ] GC(122)   Pre Evacuate Collection Set: 0.0ms
[5.950s][info][gc,phases    ] GC(122)   Evacuate Collection Set: 0.5ms
[5.950s][info][gc,phases    ] GC(122)   Post Evacuate Collection Set: 0.3ms
[5.950s][info][gc,phases    ] GC(122)   Other: 0.1ms
[5.950s][info][gc,heap      ] GC(122) Eden regions: 306->0(306)
[5.950s][info][gc,heap      ] GC(122) Survivor regions: 1->1(39)
[5.950s][info][gc,heap      ] GC(122) Old regions: 8->8
[5.950s][info][gc,heap      ] GC(122) Humongous regions: 0->0
[5.950s][info][gc,metaspace ] GC(122) Metaspace: 7413K->7413K(1056768K)
[5.950s][info][gc           ] GC(122) Pause Young (Normal) (G1 Evacuation Pause) 314M->8M(512M) 0.991ms
[5.950s][info][gc,cpu       ] GC(122) User=0.01s Sys=0.00s Real=0.00s
[6.001s][info][gc,start     ] GC(123) Pause Young (Normal) (G1 Evacuation Pause)
[6.001s][info][gc,task      ] GC(123) Using 8 workers of 8 for evacuation
[6.002s][info][gc,phases    ] GC(123)   Pre Evacuate Collection Set: 0.0ms
[6.002s][info][gc,phases    ] GC(123)   Evacuate Collection Set: 0.8ms
[6.002s][info][gc,phases    ] GC(123)   Post Evacuate Collection Set: 0.5ms
[6.002s][info][gc,phases    ] GC(123)   Other: 0.2ms
[6.002s][info][gc,heap      ] GC(123) Eden regions: 306->0(306)
[6.002s][info][gc,heap      ] GC(123) Survivor regions: 1->1(39)
[6.002s][info][gc,heap      ] GC(123) Old regions: 8->8
[6.002s][info][gc,heap      ] GC(123) Humongous regions: 0->0
[6.002s][info][gc,metaspace ] GC(123) Metaspace: 7413K->7413K(1056768K)
[6.002s][info][gc           ] GC(123) Pause Young (Normal) (G1 Evacuation Pause) 314M->8M(512M) 1.590ms
[6.003s][info][gc,cpu       ] GC(123) User=0.00s Sys=0.00s Real=0.00s
[6.049s][info][gc,start     ] GC(124) Pause Young (Normal) (G1 Evacuation Pause)
[6.049s][info][gc,task      ] GC(124) Using 8 workers of 8 for evacuation
[6.050s][info][gc,phases    ] GC(124)   Pre Evacuate Collection Set: 0.0ms
[6.050s][info][gc,phases    ] GC(124)   Evacuate Collection Set: 0.5ms
[6.050s][info][gc,phases    ] GC(124)   Post Evacuate Collection Set: 0.2ms
[6.050s][info][gc,phases    ] GC(124)   Other: 0.1ms
[6.050s][info][gc,heap      ] GC(124) Eden regions: 306->0(306)
[6.050s][info][gc,heap      ] GC(124) Survivor regions: 1->1(39)
[6.050s][info][gc,heap      ] GC(124) Old regions: 8->8
[6.050s][info][gc,heap      ] GC(124) Humongous regions: 0->0
[6.050s][info][gc,metaspace ] GC(124) Metaspace: 7413K->7413K(1056768K)
[6.050s][info][gc           ] GC(124) Pause Young (Normal) (G1 Evacuation Pause) 314M->8M(512M) 0.964ms
[6.050s][info][gc,cpu       ] GC(124) User=0.01s Sys=0.00s Real=0.00s
[6.095s][info][gc,start     ] GC(125) Pause Young (Normal) (G1 Evacuation Pause)
[6.095s][info][gc,task      ] GC(125) Using 8 workers of 8 for evacuation
[6.096s][info][gc,phases    ] GC(125)   Pre Evacuate Collection Set: 0.0ms
[6.096s][info][gc,phases    ] GC(125)   Evacuate Collection Set: 0.4ms
[6.096s][info][gc,phases    ] GC(125)   Post Evacuate Collection Set: 0.3ms
[6.096s][info][gc,phases    ] GC(125)   Other: 0.1ms
[6.096s][info][gc,heap      ] GC(125) Eden regions: 306->0(306)
[6.096s][info][gc,heap      ] GC(125) Survivor regions: 1->1(39)
[6.096s][info][gc,heap      ] GC(125) Old regions: 8->9
[6.096s][info][gc,heap      ] GC(125) Humongous regions: 0->0
[6.096s][info][gc,metaspace ] GC(125) Metaspace: 7413K->7413K(1056768K)
[6.096s][info][gc           ] GC(125) Pause Young (Normal) (G1 Evacuation Pause) 314M->8M(512M) 0.919ms
[6.096s][info][gc,cpu       ] GC(125) User=0.00s Sys=0.00s Real=0.00s
[6.138s][info][gc,start     ] GC(126) Pause Young (Normal) (G1 Evacuation Pause)
[6.139s][info][gc,task      ] GC(126) Using 8 workers of 8 for evacuation
[6.139s][info][gc,phases    ] GC(126)   Pre Evacuate Collection Set: 0.0ms
[6.139s][info][gc,phases    ] GC(126)   Evacuate Collection Set: 0.4ms
[6.139s][info][gc,phases    ] GC(126)   Post Evacuate Collection Set: 0.3ms
[6.139s][info][gc,phases    ] GC(126)   Other: 0.2ms
[6.139s][info][gc,heap      ] GC(126) Eden regions: 306->0(306)
[6.139s][info][gc,heap      ] GC(126) Survivor regions: 1->1(39)
[6.139s][info][gc,heap      ] GC(126) Old regions: 9->9
[6.139s][info][gc,heap      ] GC(126) Humongous regions: 0->0
[6.139s][info][gc,metaspace ] GC(126) Metaspace: 7413K->7413K(1056768K)
[6.139s][info][gc           ] GC(126) Pause Young (Normal) (G1 Evacuation Pause) 314M->8M(512M) 0.979ms
[6.139s][info][gc,cpu       ] GC(126) User=0.00s Sys=0.00s Real=0.00s
[6.183s][info][gc,start     ] GC(127) Pause Young (Normal) (G1 Evacuation Pause)
[6.183s][info][gc,task      ] GC(127) Using 8 workers of 8 for evacuation
[6.184s][info][gc,phases    ] GC(127)   Pre Evacuate Collection Set: 0.0ms
[6.184s][info][gc,phases    ] GC(127)   Evacuate Collection Set: 0.4ms
[6.184s][info][gc,phases    ] GC(127)   Post Evacuate Collection Set: 0.3ms
[6.184s][info][gc,phases    ] GC(127)   Other: 0.2ms
[6.184s][info][gc,heap      ] GC(127) Eden regions: 306->0(306)
[6.184s][info][gc,heap      ] GC(127) Survivor regions: 1->1(39)
[6.184s][info][gc,heap      ] GC(127) Old regions: 9->9
[6.184s][info][gc,heap      ] GC(127) Humongous regions: 0->0
[6.184s][info][gc,metaspace ] GC(127) Metaspace: 7413K->7413K(1056768K)
[6.184s][info][gc           ] GC(127) Pause Young (Normal) (G1 Evacuation Pause) 314M->9M(512M) 0.997ms
[6.184s][info][gc,cpu       ] GC(127) User=0.00s Sys=0.00s Real=0.00s
[6.230s][info][gc,start     ] GC(128) Pause Young (Normal) (G1 Evacuation Pause)
[6.230s][info][gc,task      ] GC(128) Using 8 workers of 8 for evacuation
[6.231s][info][gc,phases    ] GC(128)   Pre Evacuate Collection Set: 0.0ms
[6.231s][info][gc,phases    ] GC(128)   Evacuate Collection Set: 0.4ms
[6.231s][info][gc,phases    ] GC(128)   Post Evacuate Collection Set: 0.3ms
[6.231s][info][gc,phases    ] GC(128)   Other: 0.1ms
[6.231s][info][gc,heap      ] GC(128) Eden regions: 306->0(306)
[6.231s][info][gc,heap      ] GC(128) Survivor regions: 1->1(39)
[6.231s][info][gc,heap      ] GC(128) Old regions: 9->9
[6.231s][info][gc,heap      ] GC(128) Humongous regions: 0->0
[6.231s][info][gc,metaspace ] GC(128) Metaspace: 7413K->7413K(1056768K)
[6.231s][info][gc           ] GC(128) Pause Young (Normal) (G1 Evacuation Pause) 315M->9M(512M) 0.938ms
[6.231s][info][gc,cpu       ] GC(128) User=0.00s Sys=0.00s Real=0.00s
[6.279s][info][gc,start     ] GC(129) Pause Young (Normal) (G1 Evacuation Pause)
[6.280s][info][gc,task      ] GC(129) Using 8 workers of 8 for evacuation
[6.281s][info][gc,phases    ] GC(129)   Pre Evacuate Collection Set: 0.0ms
[6.281s][info][gc,phases    ] GC(129)   Evacuate Collection Set: 0.8ms
[6.281s][info][gc,phases    ] GC(129)   Post Evacuate Collection Set: 0.6ms
[6.281s][info][gc,phases    ] GC(129)   Other: 0.2ms
[6.281s][info][gc,heap      ] GC(129) Eden regions: 306->0(306)
[6.281s][info][gc,heap      ] GC(129) Survivor regions: 1->1(39)
[6.281s][info][gc,heap      ] GC(129) Old regions: 9->9
[6.281s][info][gc,heap      ] GC(129) Humongous regions: 0->0
[6.281s][info][gc,metaspace ] GC(129) Metaspace: 7413K->7413K(1056768K)
[6.281s][info][gc           ] GC(129) Pause Young (Normal) (G1 Evacuation Pause) 315M->9M(512M) 1.809ms
[6.281s][info][gc,cpu       ] GC(129) User=0.00s Sys=0.00s Real=0.00s
[6.336s][info][gc,start     ] GC(130) Pause Young (Normal) (G1 Evacuation Pause)
[6.336s][info][gc,task      ] GC(130) Using 8 workers of 8 for evacuation
[6.337s][info][gc,phases    ] GC(130)   Pre Evacuate Collection Set: 0.0ms
[6.337s][info][gc,phases    ] GC(130)   Evacuate Collection Set: 0.4ms
[6.337s][info][gc,phases    ] GC(130)   Post Evacuate Collection Set: 0.2ms
[6.337s][info][gc,phases    ] GC(130)   Other: 0.1ms
[6.337s][info][gc,heap      ] GC(130) Eden regions: 306->0(306)
[6.337s][info][gc,heap      ] GC(130) Survivor regions: 1->1(39)
[6.337s][info][gc,heap      ] GC(130) Old regions: 9->9
[6.337s][info][gc,heap      ] GC(130) Humongous regions: 0->0
[6.337s][info][gc,metaspace ] GC(130) Metaspace: 7413K->7413K(1056768K)
[6.337s][info][gc           ] GC(130) Pause Young (Normal) (G1 Evacuation Pause) 315M->9M(512M) 0.875ms
[6.337s][info][gc,cpu       ] GC(130) User=0.00s Sys=0.00s Real=0.00s
[6.378s][info][gc,start     ] GC(131) Pause Young (Normal) (G1 Evacuation Pause)
[6.378s][info][gc,task      ] GC(131) Using 8 workers of 8 for evacuation
[6.379s][info][gc,phases    ] GC(131)   Pre Evacuate Collection Set: 0.0ms
[6.379s][info][gc,phases    ] GC(131)   Evacuate Collection Set: 0.4ms
[6.379s][info][gc,phases    ] GC(131)   Post Evacuate Collection Set: 0.2ms
[6.379s][info][gc,phases    ] GC(131)   Other: 0.1ms
[6.379s][info][gc,heap      ] GC(131) Eden regions: 306->0(306)
[6.379s][info][gc,heap      ] GC(131) Survivor regions: 1->1(39)
[6.379s][info][gc,heap      ] GC(131) Old regions: 9->9
[6.379s][info][gc,heap      ] GC(131) Humongous regions: 0->0
[6.379s][info][gc,metaspace ] GC(131) Metaspace: 7413K->7413K(1056768K)
[6.379s][info][gc           ] GC(131) Pause Young (Normal) (G1 Evacuation Pause) 315M->9M(512M) 0.792ms
[6.379s][info][gc,cpu       ] GC(131) User=0.00s Sys=0.01s Real=0.00s
[6.419s][info][gc,start     ] GC(132) Pause Young (Normal) (G1 Evacuation Pause)
[6.419s][info][gc,task      ] GC(132) Using 8 workers of 8 for evacuation
[6.420s][info][gc,phases    ] GC(132)   Pre Evacuate Collection Set: 0.0ms
[6.420s][info][gc,phases    ] GC(132)   Evacuate Collection Set: 0.4ms
[6.420s][info][gc,phases    ] GC(132)   Post Evacuate Collection Set: 0.2ms
[6.420s][info][gc,phases    ] GC(132)   Other: 0.1ms
[6.420s][info][gc,heap      ] GC(132) Eden regions: 306->0(306)
[6.420s][info][gc,heap      ] GC(132) Survivor regions: 1->1(39)
[6.420s][info][gc,heap      ] GC(132) Old regions: 9->9
[6.420s][info][gc,heap      ] GC(132) Humongous regions: 0->0
[6.420s][info][gc,metaspace ] GC(132) Metaspace: 7413K->7413K(1056768K)
[6.420s][info][gc           ] GC(132) Pause Young (Normal) (G1 Evacuation Pause) 315M->9M(512M) 0.881ms
[6.420s][info][gc,cpu       ] GC(132) User=0.00s Sys=0.00s Real=0.00s
[6.466s][info][gc,start     ] GC(133) Pause Young (Normal) (G1 Evacuation Pause)
[6.466s][info][gc,task      ] GC(133) Using 8 workers of 8 for evacuation
[6.467s][info][gc,phases    ] GC(133)   Pre Evacuate Collection Set: 0.0ms
[6.467s][info][gc,phases    ] GC(133)   Evacuate Collection Set: 0.5ms
[6.467s][info][gc,phases    ] GC(133)   Post Evacuate Collection Set: 0.2ms
[6.467s][info][gc,phases    ] GC(133)   Other: 0.1ms
[6.467s][info][gc,heap      ] GC(133) Eden regions: 306->0(306)
[6.467s][info][gc,heap      ] GC(133) Survivor regions: 1->1(39)
[6.467s][info][gc,heap      ] GC(133) Old regions: 9->9
[6.467s][info][gc,heap      ] GC(133) Humongous regions: 0->0
[6.467s][info][gc,metaspace ] GC(133) Metaspace: 7413K->7413K(1056768K)
[6.467s][info][gc           ] GC(133) Pause Young (Normal) (G1 Evacuation Pause) 315M->9M(512M) 0.964ms
[6.467s][info][gc,cpu       ] GC(133) User=0.00s Sys=0.00s Real=0.00s
[6.516s][info][gc,start     ] GC(134) Pause Young (Normal) (G1 Evacuation Pause)
[6.516s][info][gc,task      ] GC(134) Using 8 workers of 8 for evacuation
[6.517s][info][gc,phases    ] GC(134)   Pre Evacuate Collection Set: 0.0ms
[6.517s][info][gc,phases    ] GC(134)   Evacuate Collection Set: 0.5ms
[6.517s][info][gc,phases    ] GC(134)   Post Evacuate Collection Set: 0.3ms
[6.517s][info][gc,phases    ] GC(134)   Other: 0.1ms
[6.517s][info][gc,heap      ] GC(134) Eden regions: 306->0(306)
[6.517s][info][gc,heap      ] GC(134) Survivor regions: 1->1(39)
[6.517s][info][gc,heap      ] GC(134) Old regions: 9->9
[6.517s][info][gc,heap      ] GC(134) Humongous regions: 0->0
[6.517s][info][gc,metaspace ] GC(134) Metaspace: 7413K->7413K(1056768K)
[6.517s][info][gc           ] GC(134) Pause Young (Normal) (G1 Evacuation Pause) 315M->9M(512M) 1.003ms
[6.517s][info][gc,cpu       ] GC(134) User=0.01s Sys=0.00s Real=0.00s
[6.563s][info][gc,start     ] GC(135) Pause Young (Normal) (G1 Evacuation Pause)
[6.563s][info][gc,task      ] GC(135) Using 8 workers of 8 for evacuation
[6.564s][info][gc,phases    ] GC(135)   Pre Evacuate Collection Set: 0.0ms
[6.564s][info][gc,phases    ] GC(135)   Evacuate Collection Set: 0.4ms
[6.564s][info][gc,phases    ] GC(135)   Post Evacuate Collection Set: 0.2ms
[6.564s][info][gc,phases    ] GC(135)   Other: 0.1ms
[6.564s][info][gc,heap      ] GC(135) Eden regions: 306->0(306)
[6.564s][info][gc,heap      ] GC(135) Survivor regions: 1->1(39)
[6.564s][info][gc,heap      ] GC(135) Old regions: 9->9
[6.564s][info][gc,heap      ] GC(135) Humongous regions: 0->0
[6.564s][info][gc,metaspace ] GC(135) Metaspace: 7413K->7413K(1056768K)
[6.564s][info][gc           ] GC(135) Pause Young (Normal) (G1 Evacuation Pause) 315M->9M(512M) 0.835ms
[6.564s][info][gc,cpu       ] GC(135) User=0.01s Sys=0.00s Real=0.00s
[6.602s][info][gc,start     ] GC(136) Pause Young (Normal) (G1 Evacuation Pause)
[6.609s][info][gc,task      ] GC(136) Using 8 workers of 8 for evacuation
[6.622s][info][gc,phases    ] GC(136)   Pre Evacuate Collection Set: 0.0ms
[6.622s][info][gc,phases    ] GC(136)   Evacuate Collection Set: 1.0ms
[6.622s][info][gc,phases    ] GC(136)   Post Evacuate Collection Set: 0.5ms
[6.622s][info][gc,phases    ] GC(136)   Other: 18.7ms
[6.622s][info][gc,heap      ] GC(136) Eden regions: 306->0(306)
[6.622s][info][gc,heap      ] GC(136) Survivor regions: 1->1(39)
[6.622s][info][gc,heap      ] GC(136) Old regions: 9->9
[6.622s][info][gc,heap      ] GC(136) Humongous regions: 0->0
[6.622s][info][gc,metaspace ] GC(136) Metaspace: 7413K->7413K(1056768K)
[6.622s][info][gc           ] GC(136) Pause Young (Normal) (G1 Evacuation Pause) 315M->9M(512M) 20.371ms
[6.622s][info][gc,cpu       ] GC(136) User=0.00s Sys=0.00s Real=0.02s
[6.669s][info][gc,start     ] GC(137) Pause Young (Normal) (G1 Evacuation Pause)
[6.669s][info][gc,task      ] GC(137) Using 8 workers of 8 for evacuation
[6.670s][info][gc,phases    ] GC(137)   Pre Evacuate Collection Set: 0.0ms
[6.670s][info][gc,phases    ] GC(137)   Evacuate Collection Set: 0.4ms
[6.670s][info][gc,phases    ] GC(137)   Post Evacuate Collection Set: 0.2ms
[6.670s][info][gc,phases    ] GC(137)   Other: 0.1ms
[6.670s][info][gc,heap      ] GC(137) Eden regions: 306->0(306)
[6.670s][info][gc,heap      ] GC(137) Survivor regions: 1->1(39)
[6.670s][info][gc,heap      ] GC(137) Old regions: 9->9
[6.670s][info][gc,heap      ] GC(137) Humongous regions: 0->0
[6.670s][info][gc,metaspace ] GC(137) Metaspace: 7413K->7413K(1056768K)
[6.670s][info][gc           ] GC(137) Pause Young (Normal) (G1 Evacuation Pause) 315M->9M(512M) 0.891ms
[6.670s][info][gc,cpu       ] GC(137) User=0.00s Sys=0.00s Real=0.00s
[6.717s][info][gc,start     ] GC(138) Pause Young (Normal) (G1 Evacuation Pause)
[6.717s][info][gc,task      ] GC(138) Using 8 workers of 8 for evacuation
[6.718s][info][gc,phases    ] GC(138)   Pre Evacuate Collection Set: 0.0ms
[6.718s][info][gc,phases    ] GC(138)   Evacuate Collection Set: 0.6ms
[6.718s][info][gc,phases    ] GC(138)   Post Evacuate Collection Set: 0.3ms
[6.718s][info][gc,phases    ] GC(138)   Other: 0.2ms
[6.718s][info][gc,heap      ] GC(138) Eden regions: 306->0(306)
[6.718s][info][gc,heap      ] GC(138) Survivor regions: 1->1(39)
[6.718s][info][gc,heap      ] GC(138) Old regions: 9->9
[6.718s][info][gc,heap      ] GC(138) Humongous regions: 0->0
[6.718s][info][gc,metaspace ] GC(138) Metaspace: 7413K->7413K(1056768K)
[6.718s][info][gc           ] GC(138) Pause Young (Normal) (G1 Evacuation Pause) 315M->9M(512M) 1.183ms
[6.718s][info][gc,cpu       ] GC(138) User=0.01s Sys=0.00s Real=0.00s
[6.763s][info][gc,start     ] GC(139) Pause Young (Normal) (G1 Evacuation Pause)
[6.763s][info][gc,task      ] GC(139) Using 8 workers of 8 for evacuation
[6.764s][info][gc,phases    ] GC(139)   Pre Evacuate Collection Set: 0.0ms
[6.764s][info][gc,phases    ] GC(139)   Evacuate Collection Set: 0.5ms
[6.764s][info][gc,phases    ] GC(139)   Post Evacuate Collection Set: 0.2ms
[6.764s][info][gc,phases    ] GC(139)   Other: 0.1ms
[6.764s][info][gc,heap      ] GC(139) Eden regions: 306->0(306)
[6.764s][info][gc,heap      ] GC(139) Survivor regions: 1->1(39)
[6.764s][info][gc,heap      ] GC(139) Old regions: 9->9
[6.764s][info][gc,heap      ] GC(139) Humongous regions: 0->0
[6.764s][info][gc,metaspace ] GC(139) Metaspace: 7413K->7413K(1056768K)
[6.764s][info][gc           ] GC(139) Pause Young (Normal) (G1 Evacuation Pause) 315M->9M(512M) 0.901ms
[6.764s][info][gc,cpu       ] GC(139) User=0.01s Sys=0.00s Real=0.00s
[6.806s][info][gc,start     ] GC(140) Pause Young (Normal) (G1 Evacuation Pause)
[6.806s][info][gc,task      ] GC(140) Using 8 workers of 8 for evacuation
[6.807s][info][gc,phases    ] GC(140)   Pre Evacuate Collection Set: 0.0ms
[6.807s][info][gc,phases    ] GC(140)   Evacuate Collection Set: 0.5ms
[6.807s][info][gc,phases    ] GC(140)   Post Evacuate Collection Set: 0.2ms
[6.807s][info][gc,phases    ] GC(140)   Other: 0.1ms
[6.807s][info][gc,heap      ] GC(140) Eden regions: 306->0(306)
[6.807s][info][gc,heap      ] GC(140) Survivor regions: 1->1(39)
[6.807s][info][gc,heap      ] GC(140) Old regions: 9->9
[6.807s][info][gc,heap      ] GC(140) Humongous regions: 0->0
[6.807s][info][gc,metaspace ] GC(140) Metaspace: 7413K->7413K(1056768K)
[6.807s][info][gc           ] GC(140) Pause Young (Normal) (G1 Evacuation Pause) 315M->9M(512M) 1.025ms
[6.807s][info][gc,cpu       ] GC(140) User=0.00s Sys=0.01s Real=0.00s
[6.845s][info][gc,start     ] GC(141) Pause Young (Normal) (G1 Evacuation Pause)
[6.845s][info][gc,task      ] GC(141) Using 8 workers of 8 for evacuation
[6.846s][info][gc,phases    ] GC(141)   Pre Evacuate Collection Set: 0.0ms
[6.846s][info][gc,phases    ] GC(141)   Evacuate Collection Set: 0.6ms
[6.846s][info][gc,phases    ] GC(141)   Post Evacuate Collection Set: 0.3ms
[6.846s][info][gc,phases    ] GC(141)   Other: 0.2ms
[6.846s][info][gc,heap      ] GC(141) Eden regions: 306->0(306)
[6.846s][info][gc,heap      ] GC(141) Survivor regions: 1->1(39)
[6.846s][info][gc,heap      ] GC(141) Old regions: 9->9
[6.846s][info][gc,heap      ] GC(141) Humongous regions: 0->0
[6.846s][info][gc,metaspace ] GC(141) Metaspace: 7413K->7413K(1056768K)
[6.846s][info][gc           ] GC(141) Pause Young (Normal) (G1 Evacuation Pause) 315M->9M(512M) 1.142ms
[6.846s][info][gc,cpu       ] GC(141) User=0.00s Sys=0.00s Real=0.00s
[6.891s][info][gc,start     ] GC(142) Pause Young (Normal) (G1 Evacuation Pause)
[6.891s][info][gc,task      ] GC(142) Using 8 workers of 8 for evacuation
[6.893s][info][gc,phases    ] GC(142)   Pre Evacuate Collection Set: 0.0ms
[6.893s][info][gc,phases    ] GC(142)   Evacuate Collection Set: 0.8ms
[6.893s][info][gc,phases    ] GC(142)   Post Evacuate Collection Set: 0.7ms
[6.893s][info][gc,phases    ] GC(142)   Other: 0.3ms
[6.893s][info][gc,heap      ] GC(142) Eden regions: 306->0(306)
[6.893s][info][gc,heap      ] GC(142) Survivor regions: 1->1(39)
[6.893s][info][gc,heap      ] GC(142) Old regions: 9->10
[6.893s][info][gc,heap      ] GC(142) Humongous regions: 0->0
[6.893s][info][gc,metaspace ] GC(142) Metaspace: 7413K->7413K(1056768K)
[6.893s][info][gc           ] GC(142) Pause Young (Normal) (G1 Evacuation Pause) 315M->9M(512M) 1.983ms
[6.893s][info][gc,cpu       ] GC(142) User=0.01s Sys=0.00s Real=0.00s
[6.941s][info][gc,start     ] GC(143) Pause Young (Normal) (G1 Evacuation Pause)
[6.941s][info][gc,task      ] GC(143) Using 8 workers of 8 for evacuation
[6.942s][info][gc,phases    ] GC(143)   Pre Evacuate Collection Set: 0.0ms
[6.942s][info][gc,phases    ] GC(143)   Evacuate Collection Set: 0.6ms
[6.942s][info][gc,phases    ] GC(143)   Post Evacuate Collection Set: 0.3ms
[6.942s][info][gc,phases    ] GC(143)   Other: 0.2ms
[6.942s][info][gc,heap      ] GC(143) Eden regions: 306->0(306)
[6.942s][info][gc,heap      ] GC(143) Survivor regions: 1->1(39)
[6.942s][info][gc,heap      ] GC(143) Old regions: 10->10
[6.942s][info][gc,heap      ] GC(143) Humongous regions: 0->0
[6.942s][info][gc,metaspace ] GC(143) Metaspace: 7413K->7413K(1056768K)
[6.942s][info][gc           ] GC(143) Pause Young (Normal) (G1 Evacuation Pause) 315M->10M(512M) 1.190ms
[6.942s][info][gc,cpu       ] GC(143) User=0.00s Sys=0.00s Real=0.00s
[6.991s][info][gc,start     ] GC(144) Pause Young (Normal) (G1 Evacuation Pause)
[6.991s][info][gc,task      ] GC(144) Using 8 workers of 8 for evacuation
[6.992s][info][gc,phases    ] GC(144)   Pre Evacuate Collection Set: 0.0ms
[6.992s][info][gc,phases    ] GC(144)   Evacuate Collection Set: 0.5ms
[6.992s][info][gc,phases    ] GC(144)   Post Evacuate Collection Set: 0.3ms
[6.992s][info][gc,phases    ] GC(144)   Other: 0.1ms
[6.992s][info][gc,heap      ] GC(144) Eden regions: 306->0(306)
[6.992s][info][gc,heap      ] GC(144) Survivor regions: 1->1(39)
[6.992s][info][gc,heap      ] GC(144) Old regions: 10->10
[6.992s][info][gc,heap      ] GC(144) Humongous regions: 0->0
[6.992s][info][gc,metaspace ] GC(144) Metaspace: 7413K->7413K(1056768K)
[6.992s][info][gc           ] GC(144) Pause Young (Normal) (G1 Evacuation Pause) 316M->10M(512M) 1.064ms
[6.992s][info][gc,cpu       ] GC(144) User=0.00s Sys=0.00s Real=0.00s
[7.032s][info][gc,start     ] GC(145) Pause Young (Normal) (G1 Evacuation Pause)
[7.033s][info][gc,task      ] GC(145) Using 8 workers of 8 for evacuation
[7.033s][info][gc,phases    ] GC(145)   Pre Evacuate Collection Set: 0.0ms
[7.033s][info][gc,phases    ] GC(145)   Evacuate Collection Set: 0.4ms
[7.033s][info][gc,phases    ] GC(145)   Post Evacuate Collection Set: 0.2ms
[7.033s][info][gc,phases    ] GC(145)   Other: 0.1ms
[7.033s][info][gc,heap      ] GC(145) Eden regions: 306->0(306)
[7.033s][info][gc,heap      ] GC(145) Survivor regions: 1->1(39)
[7.033s][info][gc,heap      ] GC(145) Old regions: 10->10
[7.033s][info][gc,heap      ] GC(145) Humongous regions: 0->0
[7.033s][info][gc,metaspace ] GC(145) Metaspace: 7413K->7413K(1056768K)
[7.033s][info][gc           ] GC(145) Pause Young (Normal) (G1 Evacuation Pause) 316M->10M(512M) 0.866ms
[7.033s][info][gc,cpu       ] GC(145) User=0.00s Sys=0.00s Real=0.00s
[7.075s][info][gc,start     ] GC(146) Pause Young (Normal) (G1 Evacuation Pause)
[7.075s][info][gc,task      ] GC(146) Using 8 workers of 8 for evacuation
[7.076s][info][gc,phases    ] GC(146)   Pre Evacuate Collection Set: 0.0ms
[7.076s][info][gc,phases    ] GC(146)   Evacuate Collection Set: 0.4ms
[7.076s][info][gc,phases    ] GC(146)   Post Evacuate Collection Set: 0.3ms
[7.076s][info][gc,phases    ] GC(146)   Other: 0.2ms
[7.076s][info][gc,heap      ] GC(146) Eden regions: 306->0(306)
[7.076s][info][gc,heap      ] GC(146) Survivor regions: 1->1(39)
[7.076s][info][gc,heap      ] GC(146) Old regions: 10->10
[7.076s][info][gc,heap      ] GC(146) Humongous regions: 0->0
[7.076s][info][gc,metaspace ] GC(146) Metaspace: 7413K->7413K(1056768K)
[7.076s][info][gc           ] GC(146) Pause Young (Normal) (G1 Evacuation Pause) 316M->10M(512M) 1.007ms
[7.076s][info][gc,cpu       ] GC(146) User=0.00s Sys=0.00s Real=0.00s
[7.123s][info][gc,start     ] GC(147) Pause Young (Normal) (G1 Evacuation Pause)
[7.123s][info][gc,task      ] GC(147) Using 8 workers of 8 for evacuation
[7.124s][info][gc,phases    ] GC(147)   Pre Evacuate Collection Set: 0.0ms
[7.124s][info][gc,phases    ] GC(147)   Evacuate Collection Set: 0.4ms
[7.124s][info][gc,phases    ] GC(147)   Post Evacuate Collection Set: 0.2ms
[7.124s][info][gc,phases    ] GC(147)   Other: 0.1ms
[7.124s][info][gc,heap      ] GC(147) Eden regions: 306->0(306)
[7.124s][info][gc,heap      ] GC(147) Survivor regions: 1->1(39)
[7.124s][info][gc,heap      ] GC(147) Old regions: 10->10
[7.124s][info][gc,heap      ] GC(147) Humongous regions: 0->0
[7.124s][info][gc,metaspace ] GC(147) Metaspace: 7413K->7413K(1056768K)
[7.124s][info][gc           ] GC(147) Pause Young (Normal) (G1 Evacuation Pause) 316M->10M(512M) 0.949ms
[7.124s][info][gc,cpu       ] GC(147) User=0.01s Sys=0.00s Real=0.00s
[7.172s][info][gc,start     ] GC(148) Pause Young (Normal) (G1 Evacuation Pause)
[7.172s][info][gc,task      ] GC(148) Using 8 workers of 8 for evacuation
[7.173s][info][gc,phases    ] GC(148)   Pre Evacuate Collection Set: 0.0ms
[7.173s][info][gc,phases    ] GC(148)   Evacuate Collection Set: 0.7ms
[7.173s][info][gc,phases    ] GC(148)   Post Evacuate Collection Set: 0.6ms
[7.173s][info][gc,phases    ] GC(148)   Other: 0.4ms
[7.173s][info][gc,heap      ] GC(148) Eden regions: 306->0(306)
[7.173s][info][gc,heap      ] GC(148) Survivor regions: 1->1(39)
[7.173s][info][gc,heap      ] GC(148) Old regions: 10->10
[7.173s][info][gc,heap      ] GC(148) Humongous regions: 0->0
[7.173s][info][gc,metaspace ] GC(148) Metaspace: 7413K->7413K(1056768K)
[7.173s][info][gc           ] GC(148) Pause Young (Normal) (G1 Evacuation Pause) 316M->10M(512M) 1.893ms
[7.174s][info][gc,cpu       ] GC(148) User=0.01s Sys=0.00s Real=0.00s
[7.220s][info][gc,start     ] GC(149) Pause Young (Normal) (G1 Evacuation Pause)
[7.220s][info][gc,task      ] GC(149) Using 8 workers of 8 for evacuation
[7.221s][info][gc,phases    ] GC(149)   Pre Evacuate Collection Set: 0.0ms
[7.221s][info][gc,phases    ] GC(149)   Evacuate Collection Set: 0.4ms
[7.221s][info][gc,phases    ] GC(149)   Post Evacuate Collection Set: 0.3ms
[7.221s][info][gc,phases    ] GC(149)   Other: 0.1ms
[7.221s][info][gc,heap      ] GC(149) Eden regions: 306->0(306)
[7.221s][info][gc,heap      ] GC(149) Survivor regions: 1->1(39)
[7.221s][info][gc,heap      ] GC(149) Old regions: 10->10
[7.221s][info][gc,heap      ] GC(149) Humongous regions: 0->0
[7.221s][info][gc,metaspace ] GC(149) Metaspace: 7413K->7413K(1056768K)
[7.221s][info][gc           ] GC(149) Pause Young (Normal) (G1 Evacuation Pause) 316M->10M(512M) 0.902ms
[7.221s][info][gc,cpu       ] GC(149) User=0.00s Sys=0.01s Real=0.00s
[7.261s][info][gc,start     ] GC(150) Pause Young (Normal) (G1 Evacuation Pause)
[7.261s][info][gc,task      ] GC(150) Using 8 workers of 8 for evacuation
[7.262s][info][gc,phases    ] GC(150)   Pre Evacuate Collection Set: 0.0ms
[7.262s][info][gc,phases    ] GC(150)   Evacuate Collection Set: 0.4ms
[7.262s][info][gc,phases    ] GC(150)   Post Evacuate Collection Set: 0.3ms
[7.262s][info][gc,phases    ] GC(150)   Other: 0.2ms
[7.262s][info][gc,heap      ] GC(150) Eden regions: 306->0(306)
[7.262s][info][gc,heap      ] GC(150) Survivor regions: 1->1(39)
[7.262s][info][gc,heap      ] GC(150) Old regions: 10->10
[7.262s][info][gc,heap      ] GC(150) Humongous regions: 0->0
[7.262s][info][gc,metaspace ] GC(150) Metaspace: 7413K->7413K(1056768K)
[7.262s][info][gc           ] GC(150) Pause Young (Normal) (G1 Evacuation Pause) 316M->10M(512M) 1.041ms
[7.262s][info][gc,cpu       ] GC(150) User=0.01s Sys=0.00s Real=0.00s
[7.310s][info][gc,start     ] GC(151) Pause Young (Normal) (G1 Evacuation Pause)
[7.310s][info][gc,task      ] GC(151) Using 8 workers of 8 for evacuation
[7.311s][info][gc,phases    ] GC(151)   Pre Evacuate Collection Set: 0.0ms
[7.311s][info][gc,phases    ] GC(151)   Evacuate Collection Set: 0.4ms
[7.311s][info][gc,phases    ] GC(151)   Post Evacuate Collection Set: 0.3ms
[7.311s][info][gc,phases    ] GC(151)   Other: 0.1ms
[7.311s][info][gc,heap      ] GC(151) Eden regions: 306->0(306)
[7.311s][info][gc,heap      ] GC(151) Survivor regions: 1->1(39)
[7.311s][info][gc,heap      ] GC(151) Old regions: 10->10
[7.311s][info][gc,heap      ] GC(151) Humongous regions: 0->0
[7.311s][info][gc,metaspace ] GC(151) Metaspace: 7413K->7413K(1056768K)
[7.311s][info][gc           ] GC(151) Pause Young (Normal) (G1 Evacuation Pause) 316M->10M(512M) 1.034ms
[7.311s][info][gc,cpu       ] GC(151) User=0.00s Sys=0.00s Real=0.00s
[7.359s][info][gc,start     ] GC(152) Pause Young (Normal) (G1 Evacuation Pause)
[7.359s][info][gc,task      ] GC(152) Using 8 workers of 8 for evacuation
[7.360s][info][gc,phases    ] GC(152)   Pre Evacuate Collection Set: 0.0ms
[7.360s][info][gc,phases    ] GC(152)   Evacuate Collection Set: 0.4ms
[7.360s][info][gc,phases    ] GC(152)   Post Evacuate Collection Set: 0.2ms
[7.360s][info][gc,phases    ] GC(152)   Other: 0.2ms
[7.360s][info][gc,heap      ] GC(152) Eden regions: 306->0(306)
[7.360s][info][gc,heap      ] GC(152) Survivor regions: 1->1(39)
[7.360s][info][gc,heap      ] GC(152) Old regions: 10->10
[7.360s][info][gc,heap      ] GC(152) Humongous regions: 0->0
[7.360s][info][gc,metaspace ] GC(152) Metaspace: 7413K->7413K(1056768K)
[7.360s][info][gc           ] GC(152) Pause Young (Normal) (G1 Evacuation Pause) 316M->10M(512M) 0.896ms
[7.360s][info][gc,cpu       ] GC(152) User=0.00s Sys=0.00s Real=0.00s
[7.412s][info][gc,start     ] GC(153) Pause Young (Normal) (G1 Evacuation Pause)
[7.412s][info][gc,task      ] GC(153) Using 8 workers of 8 for evacuation
[7.412s][info][gc,phases    ] GC(153)   Pre Evacuate Collection Set: 0.0ms
[7.412s][info][gc,phases    ] GC(153)   Evacuate Collection Set: 0.4ms
[7.412s][info][gc,phases    ] GC(153)   Post Evacuate Collection Set: 0.2ms
[7.412s][info][gc,phases    ] GC(153)   Other: 0.1ms
[7.412s][info][gc,heap      ] GC(153) Eden regions: 306->0(306)
[7.412s][info][gc,heap      ] GC(153) Survivor regions: 1->1(39)
[7.412s][info][gc,heap      ] GC(153) Old regions: 10->10
[7.412s][info][gc,heap      ] GC(153) Humongous regions: 0->0
[7.412s][info][gc,metaspace ] GC(153) Metaspace: 7413K->7413K(1056768K)
[7.412s][info][gc           ] GC(153) Pause Young (Normal) (G1 Evacuation Pause) 316M->10M(512M) 0.866ms
[7.413s][info][gc,cpu       ] GC(153) User=0.01s Sys=0.00s Real=0.00s
[7.458s][info][gc,start     ] GC(154) Pause Young (Normal) (G1 Evacuation Pause)
[7.458s][info][gc,task      ] GC(154) Using 8 workers of 8 for evacuation
[7.459s][info][gc,phases    ] GC(154)   Pre Evacuate Collection Set: 0.0ms
[7.459s][info][gc,phases    ] GC(154)   Evacuate Collection Set: 0.5ms
[7.459s][info][gc,phases    ] GC(154)   Post Evacuate Collection Set: 0.2ms
[7.459s][info][gc,phases    ] GC(154)   Other: 0.1ms
[7.459s][info][gc,heap      ] GC(154) Eden regions: 306->0(306)
[7.459s][info][gc,heap      ] GC(154) Survivor regions: 1->1(39)
[7.459s][info][gc,heap      ] GC(154) Old regions: 10->10
[7.459s][info][gc,heap      ] GC(154) Humongous regions: 0->0
[7.459s][info][gc,metaspace ] GC(154) Metaspace: 7413K->7413K(1056768K)
[7.459s][info][gc           ] GC(154) Pause Young (Normal) (G1 Evacuation Pause) 316M->10M(512M) 0.936ms
[7.459s][info][gc,cpu       ] GC(154) User=0.01s Sys=0.00s Real=0.00s
[7.503s][info][gc,start     ] GC(155) Pause Young (Normal) (G1 Evacuation Pause)
[7.503s][info][gc,task      ] GC(155) Using 8 workers of 8 for evacuation
[7.504s][info][gc,phases    ] GC(155)   Pre Evacuate Collection Set: 0.0ms
[7.504s][info][gc,phases    ] GC(155)   Evacuate Collection Set: 0.4ms
[7.504s][info][gc,phases    ] GC(155)   Post Evacuate Collection Set: 0.2ms
[7.504s][info][gc,phases    ] GC(155)   Other: 0.2ms
[7.504s][info][gc,heap      ] GC(155) Eden regions: 306->0(306)
[7.504s][info][gc,heap      ] GC(155) Survivor regions: 1->1(39)
[7.504s][info][gc,heap      ] GC(155) Old regions: 10->10
[7.504s][info][gc,heap      ] GC(155) Humongous regions: 0->0
[7.504s][info][gc,metaspace ] GC(155) Metaspace: 7413K->7413K(1056768K)
[7.504s][info][gc           ] GC(155) Pause Young (Normal) (G1 Evacuation Pause) 316M->10M(512M) 0.947ms
[7.504s][info][gc,cpu       ] GC(155) User=0.00s Sys=0.00s Real=0.00s
[7.542s][info][gc,start     ] GC(156) Pause Young (Normal) (G1 Evacuation Pause)
[7.542s][info][gc,task      ] GC(156) Using 8 workers of 8 for evacuation
[7.543s][info][gc,phases    ] GC(156)   Pre Evacuate Collection Set: 0.0ms
[7.543s][info][gc,phases    ] GC(156)   Evacuate Collection Set: 0.5ms
[7.543s][info][gc,phases    ] GC(156)   Post Evacuate Collection Set: 0.3ms
[7.543s][info][gc,phases    ] GC(156)   Other: 0.1ms
[7.543s][info][gc,heap      ] GC(156) Eden regions: 306->0(306)
[7.543s][info][gc,heap      ] GC(156) Survivor regions: 1->1(39)
[7.543s][info][gc,heap      ] GC(156) Old regions: 10->10
[7.543s][info][gc,heap      ] GC(156) Humongous regions: 0->0
[7.543s][info][gc,metaspace ] GC(156) Metaspace: 7413K->7413K(1056768K)
[7.543s][info][gc           ] GC(156) Pause Young (Normal) (G1 Evacuation Pause) 316M->10M(512M) 1.020ms
[7.544s][info][gc,cpu       ] GC(156) User=0.01s Sys=0.00s Real=0.00s
[7.588s][info][gc,start     ] GC(157) Pause Young (Normal) (G1 Evacuation Pause)
[7.588s][info][gc,task      ] GC(157) Using 8 workers of 8 for evacuation
[7.589s][info][gc,phases    ] GC(157)   Pre Evacuate Collection Set: 0.0ms
[7.589s][info][gc,phases    ] GC(157)   Evacuate Collection Set: 0.6ms
[7.589s][info][gc,phases    ] GC(157)   Post Evacuate Collection Set: 0.3ms
[7.589s][info][gc,phases    ] GC(157)   Other: 0.2ms
[7.589s][info][gc,heap      ] GC(157) Eden regions: 306->0(306)
[7.590s][info][gc,heap      ] GC(157) Survivor regions: 1->1(39)
[7.590s][info][gc,heap      ] GC(157) Old regions: 10->10
[7.590s][info][gc,heap      ] GC(157) Humongous regions: 0->0
[7.590s][info][gc,metaspace ] GC(157) Metaspace: 7413K->7413K(1056768K)
[7.590s][info][gc           ] GC(157) Pause Young (Normal) (G1 Evacuation Pause) 316M->10M(512M) 1.211ms
[7.590s][info][gc,cpu       ] GC(157) User=0.01s Sys=0.00s Real=0.00s
[7.650s][info][gc,start     ] GC(158) Pause Young (Normal) (G1 Evacuation Pause)
[7.650s][info][gc,task      ] GC(158) Using 8 workers of 8 for evacuation
[7.651s][info][gc,phases    ] GC(158)   Pre Evacuate Collection Set: 0.0ms
[7.651s][info][gc,phases    ] GC(158)   Evacuate Collection Set: 0.4ms
[7.651s][info][gc,phases    ] GC(158)   Post Evacuate Collection Set: 0.3ms
[7.651s][info][gc,phases    ] GC(158)   Other: 0.1ms
[7.651s][info][gc,heap      ] GC(158) Eden regions: 306->0(306)
[7.651s][info][gc,heap      ] GC(158) Survivor regions: 1->1(39)
[7.651s][info][gc,heap      ] GC(158) Old regions: 10->11
[7.651s][info][gc,heap      ] GC(158) Humongous regions: 0->0
[7.651s][info][gc,metaspace ] GC(158) Metaspace: 7413K->7413K(1056768K)
[7.651s][info][gc           ] GC(158) Pause Young (Normal) (G1 Evacuation Pause) 316M->10M(512M) 0.879ms
[7.651s][info][gc,cpu       ] GC(158) User=0.00s Sys=0.00s Real=0.00s
[7.695s][info][gc,start     ] GC(159) Pause Young (Normal) (G1 Evacuation Pause)
[7.695s][info][gc,task      ] GC(159) Using 8 workers of 8 for evacuation
[7.696s][info][gc,phases    ] GC(159)   Pre Evacuate Collection Set: 0.0ms
[7.696s][info][gc,phases    ] GC(159)   Evacuate Collection Set: 0.3ms
[7.696s][info][gc,phases    ] GC(159)   Post Evacuate Collection Set: 0.3ms
[7.696s][info][gc,phases    ] GC(159)   Other: 0.1ms
[7.696s][info][gc,heap      ] GC(159) Eden regions: 306->0(306)
[7.696s][info][gc,heap      ] GC(159) Survivor regions: 1->1(39)
[7.696s][info][gc,heap      ] GC(159) Old regions: 11->11
[7.696s][info][gc,heap      ] GC(159) Humongous regions: 0->0
[7.696s][info][gc,metaspace ] GC(159) Metaspace: 7413K->7413K(1056768K)
[7.696s][info][gc           ] GC(159) Pause Young (Normal) (G1 Evacuation Pause) 316M->11M(512M) 0.930ms
[7.696s][info][gc,cpu       ] GC(159) User=0.00s Sys=0.00s Real=0.00s
[7.739s][info][gc,start     ] GC(160) Pause Young (Normal) (G1 Evacuation Pause)
[7.739s][info][gc,task      ] GC(160) Using 8 workers of 8 for evacuation
[7.740s][info][gc,phases    ] GC(160)   Pre Evacuate Collection Set: 0.0ms
[7.740s][info][gc,phases    ] GC(160)   Evacuate Collection Set: 0.5ms
[7.740s][info][gc,phases    ] GC(160)   Post Evacuate Collection Set: 0.2ms
[7.740s][info][gc,phases    ] GC(160)   Other: 0.1ms
[7.740s][info][gc,heap      ] GC(160) Eden regions: 306->0(306)
[7.740s][info][gc,heap      ] GC(160) Survivor regions: 1->1(39)
[7.740s][info][gc,heap      ] GC(160) Old regions: 11->11
[7.740s][info][gc,heap      ] GC(160) Humongous regions: 0->0
[7.740s][info][gc,metaspace ] GC(160) Metaspace: 7413K->7413K(1056768K)
[7.740s][info][gc           ] GC(160) Pause Young (Normal) (G1 Evacuation Pause) 317M->11M(512M) 0.981ms
[7.740s][info][gc,cpu       ] GC(160) User=0.00s Sys=0.01s Real=0.00s
[7.785s][info][gc,start     ] GC(161) Pause Young (Normal) (G1 Evacuation Pause)
[7.785s][info][gc,task      ] GC(161) Using 8 workers of 8 for evacuation
[7.786s][info][gc,phases    ] GC(161)   Pre Evacuate Collection Set: 0.0ms
[7.786s][info][gc,phases    ] GC(161)   Evacuate Collection Set: 0.7ms
[7.786s][info][gc,phases    ] GC(161)   Post Evacuate Collection Set: 0.3ms
[7.786s][info][gc,phases    ] GC(161)   Other: 0.2ms
[7.786s][info][gc,heap      ] GC(161) Eden regions: 306->0(306)
[7.786s][info][gc,heap      ] GC(161) Survivor regions: 1->1(39)
[7.786s][info][gc,heap      ] GC(161) Old regions: 11->11
[7.786s][info][gc,heap      ] GC(161) Humongous regions: 0->0
[7.786s][info][gc,metaspace ] GC(161) Metaspace: 7413K->7413K(1056768K)
[7.787s][info][gc           ] GC(161) Pause Young (Normal) (G1 Evacuation Pause) 317M->11M(512M) 1.356ms
[7.787s][info][gc,cpu       ] GC(161) User=0.01s Sys=0.00s Real=0.00s
[7.834s][info][gc,start     ] GC(162) Pause Young (Normal) (G1 Evacuation Pause)
[7.834s][info][gc,task      ] GC(162) Using 8 workers of 8 for evacuation
[7.835s][info][gc,phases    ] GC(162)   Pre Evacuate Collection Set: 0.0ms
[7.835s][info][gc,phases    ] GC(162)   Evacuate Collection Set: 0.5ms
[7.835s][info][gc,phases    ] GC(162)   Post Evacuate Collection Set: 0.3ms
[7.835s][info][gc,phases    ] GC(162)   Other: 0.1ms
[7.835s][info][gc,heap      ] GC(162) Eden regions: 306->0(306)
[7.835s][info][gc,heap      ] GC(162) Survivor regions: 1->1(39)
[7.835s][info][gc,heap      ] GC(162) Old regions: 11->11
[7.835s][info][gc,heap      ] GC(162) Humongous regions: 0->0
[7.835s][info][gc,metaspace ] GC(162) Metaspace: 7413K->7413K(1056768K)
[7.835s][info][gc           ] GC(162) Pause Young (Normal) (G1 Evacuation Pause) 317M->11M(512M) 0.992ms
[7.835s][info][gc,cpu       ] GC(162) User=0.00s Sys=0.00s Real=0.00s
[7.882s][info][gc,start     ] GC(163) Pause Young (Normal) (G1 Evacuation Pause)
[7.882s][info][gc,task      ] GC(163) Using 8 workers of 8 for evacuation
[7.883s][info][gc,phases    ] GC(163)   Pre Evacuate Collection Set: 0.0ms
[7.883s][info][gc,phases    ] GC(163)   Evacuate Collection Set: 0.5ms
[7.883s][info][gc,phases    ] GC(163)   Post Evacuate Collection Set: 0.3ms
[7.883s][info][gc,phases    ] GC(163)   Other: 0.2ms
[7.883s][info][gc,heap      ] GC(163) Eden regions: 306->0(306)
[7.883s][info][gc,heap      ] GC(163) Survivor regions: 1->1(39)
[7.883s][info][gc,heap      ] GC(163) Old regions: 11->11
[7.883s][info][gc,heap      ] GC(163) Humongous regions: 0->0
[7.883s][info][gc,metaspace ] GC(163) Metaspace: 7413K->7413K(1056768K)
[7.883s][info][gc           ] GC(163) Pause Young (Normal) (G1 Evacuation Pause) 317M->11M(512M) 1.048ms
[7.883s][info][gc,cpu       ] GC(163) User=0.00s Sys=0.00s Real=0.00s
[7.933s][info][gc,start     ] GC(164) Pause Young (Normal) (G1 Evacuation Pause)
[7.933s][info][gc,task      ] GC(164) Using 8 workers of 8 for evacuation
[7.933s][info][gc,phases    ] GC(164)   Pre Evacuate Collection Set: 0.0ms
[7.933s][info][gc,phases    ] GC(164)   Evacuate Collection Set: 0.4ms
[7.933s][info][gc,phases    ] GC(164)   Post Evacuate Collection Set: 0.2ms
[7.933s][info][gc,phases    ] GC(164)   Other: 0.1ms
[7.933s][info][gc,heap      ] GC(164) Eden regions: 306->0(306)
[7.933s][info][gc,heap      ] GC(164) Survivor regions: 1->1(39)
[7.933s][info][gc,heap      ] GC(164) Old regions: 11->11
[7.933s][info][gc,heap      ] GC(164) Humongous regions: 0->0
[7.934s][info][gc,metaspace ] GC(164) Metaspace: 7413K->7413K(1056768K)
[7.934s][info][gc           ] GC(164) Pause Young (Normal) (G1 Evacuation Pause) 317M->11M(512M) 0.932ms
[7.934s][info][gc,cpu       ] GC(164) User=0.00s Sys=0.00s Real=0.00s
[7.984s][info][gc,start     ] GC(165) Pause Young (Normal) (G1 Evacuation Pause)
[7.984s][info][gc,task      ] GC(165) Using 8 workers of 8 for evacuation
[7.985s][info][gc,phases    ] GC(165)   Pre Evacuate Collection Set: 0.0ms
[7.985s][info][gc,phases    ] GC(165)   Evacuate Collection Set: 0.4ms
[7.985s][info][gc,phases    ] GC(165)   Post Evacuate Collection Set: 0.2ms
[7.985s][info][gc,phases    ] GC(165)   Other: 0.1ms
[7.985s][info][gc,heap      ] GC(165) Eden regions: 306->0(306)
[7.985s][info][gc,heap      ] GC(165) Survivor regions: 1->1(39)
[7.985s][info][gc,heap      ] GC(165) Old regions: 11->11
[7.985s][info][gc,heap      ] GC(165) Humongous regions: 0->0
[7.985s][info][gc,metaspace ] GC(165) Metaspace: 7413K->7413K(1056768K)
[7.985s][info][gc           ] GC(165) Pause Young (Normal) (G1 Evacuation Pause) 317M->11M(512M) 0.902ms
[7.985s][info][gc,cpu       ] GC(165) User=0.00s Sys=0.00s Real=0.00s
[8.028s][info][gc,start     ] GC(166) Pause Young (Normal) (G1 Evacuation Pause)
[8.028s][info][gc,task      ] GC(166) Using 8 workers of 8 for evacuation
[8.029s][info][gc,phases    ] GC(166)   Pre Evacuate Collection Set: 0.0ms
[8.029s][info][gc,phases    ] GC(166)   Evacuate Collection Set: 0.5ms
[8.029s][info][gc,phases    ] GC(166)   Post Evacuate Collection Set: 0.3ms
[8.029s][info][gc,phases    ] GC(166)   Other: 0.2ms
[8.029s][info][gc,heap      ] GC(166) Eden regions: 306->0(306)
[8.029s][info][gc,heap      ] GC(166) Survivor regions: 1->1(39)
[8.029s][info][gc,heap      ] GC(166) Old regions: 11->11
[8.029s][info][gc,heap      ] GC(166) Humongous regions: 0->0
[8.029s][info][gc,metaspace ] GC(166) Metaspace: 7413K->7413K(1056768K)
[8.029s][info][gc           ] GC(166) Pause Young (Normal) (G1 Evacuation Pause) 317M->11M(512M) 1.140ms
[8.029s][info][gc,cpu       ] GC(166) User=0.01s Sys=0.00s Real=0.00s
[8.079s][info][gc,start     ] GC(167) Pause Young (Normal) (G1 Evacuation Pause)
[8.079s][info][gc,task      ] GC(167) Using 8 workers of 8 for evacuation
[8.080s][info][gc,phases    ] GC(167)   Pre Evacuate Collection Set: 0.0ms
[8.080s][info][gc,phases    ] GC(167)   Evacuate Collection Set: 0.9ms
[8.080s][info][gc,phases    ] GC(167)   Post Evacuate Collection Set: 0.7ms
[8.080s][info][gc,phases    ] GC(167)   Other: 0.2ms
[8.081s][info][gc,heap      ] GC(167) Eden regions: 306->0(306)
[8.081s][info][gc,heap      ] GC(167) Survivor regions: 1->1(39)
[8.081s][info][gc,heap      ] GC(167) Old regions: 11->11
[8.081s][info][gc,heap      ] GC(167) Humongous regions: 0->0
[8.081s][info][gc,metaspace ] GC(167) Metaspace: 7413K->7413K(1056768K)
[8.081s][info][gc           ] GC(167) Pause Young (Normal) (G1 Evacuation Pause) 317M->11M(512M) 2.005ms
[8.081s][info][gc,cpu       ] GC(167) User=0.00s Sys=0.00s Real=0.00s
[8.131s][info][gc,start     ] GC(168) Pause Young (Normal) (G1 Evacuation Pause)
[8.131s][info][gc,task      ] GC(168) Using 8 workers of 8 for evacuation
[8.132s][info][gc,phases    ] GC(168)   Pre Evacuate Collection Set: 0.0ms
[8.132s][info][gc,phases    ] GC(168)   Evacuate Collection Set: 0.5ms
[8.132s][info][gc,phases    ] GC(168)   Post Evacuate Collection Set: 0.2ms
[8.132s][info][gc,phases    ] GC(168)   Other: 0.1ms
[8.132s][info][gc,heap      ] GC(168) Eden regions: 306->0(306)
[8.132s][info][gc,heap      ] GC(168) Survivor regions: 1->1(39)
[8.132s][info][gc,heap      ] GC(168) Old regions: 11->11
[8.132s][info][gc,heap      ] GC(168) Humongous regions: 0->0
[8.132s][info][gc,metaspace ] GC(168) Metaspace: 7413K->7413K(1056768K)
[8.132s][info][gc           ] GC(168) Pause Young (Normal) (G1 Evacuation Pause) 317M->11M(512M) 1.022ms
[8.132s][info][gc,cpu       ] GC(168) User=0.00s Sys=0.00s Real=0.00s
[8.175s][info][gc,start     ] GC(169) Pause Young (Normal) (G1 Evacuation Pause)
[8.175s][info][gc,task      ] GC(169) Using 8 workers of 8 for evacuation
[8.176s][info][gc,phases    ] GC(169)   Pre Evacuate Collection Set: 0.0ms
[8.176s][info][gc,phases    ] GC(169)   Evacuate Collection Set: 0.3ms
[8.176s][info][gc,phases    ] GC(169)   Post Evacuate Collection Set: 0.2ms
[8.176s][info][gc,phases    ] GC(169)   Other: 0.2ms
[8.176s][info][gc,heap      ] GC(169) Eden regions: 306->0(306)
[8.176s][info][gc,heap      ] GC(169) Survivor regions: 1->1(39)
[8.176s][info][gc,heap      ] GC(169) Old regions: 11->11
[8.176s][info][gc,heap      ] GC(169) Humongous regions: 0->0
[8.176s][info][gc,metaspace ] GC(169) Metaspace: 7413K->7413K(1056768K)
[8.176s][info][gc           ] GC(169) Pause Young (Normal) (G1 Evacuation Pause) 317M->11M(512M) 0.865ms
[8.176s][info][gc,cpu       ] GC(169) User=0.01s Sys=0.00s Real=0.00s
[8.215s][info][gc,start     ] GC(170) Pause Young (Normal) (G1 Evacuation Pause)
[8.215s][info][gc,task      ] GC(170) Using 8 workers of 8 for evacuation
[8.215s][info][gc,phases    ] GC(170)   Pre Evacuate Collection Set: 0.0ms
[8.215s][info][gc,phases    ] GC(170)   Evacuate Collection Set: 0.4ms
[8.216s][info][gc,phases    ] GC(170)   Post Evacuate Collection Set: 0.3ms
[8.216s][info][gc,phases    ] GC(170)   Other: 0.1ms
[8.216s][info][gc,heap      ] GC(170) Eden regions: 306->0(306)
[8.216s][info][gc,heap      ] GC(170) Survivor regions: 1->1(39)
[8.216s][info][gc,heap      ] GC(170) Old regions: 11->11
[8.216s][info][gc,heap      ] GC(170) Humongous regions: 0->0
[8.216s][info][gc,metaspace ] GC(170) Metaspace: 7413K->7413K(1056768K)
[8.216s][info][gc           ] GC(170) Pause Young (Normal) (G1 Evacuation Pause) 317M->11M(512M) 0.925ms
[8.216s][info][gc,cpu       ] GC(170) User=0.00s Sys=0.01s Real=0.00s
[8.256s][info][gc,start     ] GC(171) Pause Young (Normal) (G1 Evacuation Pause)
[8.256s][info][gc,task      ] GC(171) Using 8 workers of 8 for evacuation
[8.257s][info][gc,phases    ] GC(171)   Pre Evacuate Collection Set: 0.0ms
[8.257s][info][gc,phases    ] GC(171)   Evacuate Collection Set: 0.5ms
[8.257s][info][gc,phases    ] GC(171)   Post Evacuate Collection Set: 0.2ms
[8.257s][info][gc,phases    ] GC(171)   Other: 0.1ms
[8.257s][info][gc,heap      ] GC(171) Eden regions: 306->0(306)
[8.257s][info][gc,heap      ] GC(171) Survivor regions: 1->1(39)
[8.257s][info][gc,heap      ] GC(171) Old regions: 11->11
[8.257s][info][gc,heap      ] GC(171) Humongous regions: 0->0
[8.257s][info][gc,metaspace ] GC(171) Metaspace: 7413K->7413K(1056768K)
[8.257s][info][gc           ] GC(171) Pause Young (Normal) (G1 Evacuation Pause) 317M->11M(512M) 0.900ms
[8.257s][info][gc,cpu       ] GC(171) User=0.00s Sys=0.00s Real=0.00s
[8.301s][info][gc,start     ] GC(172) Pause Young (Normal) (G1 Evacuation Pause)
[8.301s][info][gc,task      ] GC(172) Using 8 workers of 8 for evacuation
[8.302s][info][gc,phases    ] GC(172)   Pre Evacuate Collection Set: 0.0ms
[8.302s][info][gc,phases    ] GC(172)   Evacuate Collection Set: 0.4ms
[8.302s][info][gc,phases    ] GC(172)   Post Evacuate Collection Set: 0.2ms
[8.302s][info][gc,phases    ] GC(172)   Other: 0.2ms
[8.302s][info][gc,heap      ] GC(172) Eden regions: 306->0(306)
[8.302s][info][gc,heap      ] GC(172) Survivor regions: 1->1(39)
[8.302s][info][gc,heap      ] GC(172) Old regions: 11->11
[8.302s][info][gc,heap      ] GC(172) Humongous regions: 0->0
[8.302s][info][gc,metaspace ] GC(172) Metaspace: 7413K->7413K(1056768K)
[8.302s][info][gc           ] GC(172) Pause Young (Normal) (G1 Evacuation Pause) 317M->11M(512M) 0.903ms
[8.302s][info][gc,cpu       ] GC(172) User=0.00s Sys=0.00s Real=0.00s
[8.354s][info][gc,start     ] GC(173) Pause Young (Normal) (G1 Evacuation Pause)
[8.355s][info][gc,task      ] GC(173) Using 8 workers of 8 for evacuation
[8.356s][info][gc,phases    ] GC(173)   Pre Evacuate Collection Set: 0.0ms
[8.356s][info][gc,phases    ] GC(173)   Evacuate Collection Set: 0.5ms
[8.356s][info][gc,phases    ] GC(173)   Post Evacuate Collection Set: 0.6ms
[8.356s][info][gc,phases    ] GC(173)   Other: 0.2ms
[8.356s][info][gc,heap      ] GC(173) Eden regions: 306->0(306)
[8.356s][info][gc,heap      ] GC(173) Survivor regions: 1->1(39)
[8.356s][info][gc,heap      ] GC(173) Old regions: 11->11
[8.356s][info][gc,heap      ] GC(173) Humongous regions: 0->0
[8.356s][info][gc,metaspace ] GC(173) Metaspace: 7413K->7413K(1056768K)
[8.356s][info][gc           ] GC(173) Pause Young (Normal) (G1 Evacuation Pause) 317M->11M(512M) 1.369ms
[8.356s][info][gc,cpu       ] GC(173) User=0.00s Sys=0.00s Real=0.00s
[8.403s][info][gc,start     ] GC(174) Pause Young (Normal) (G1 Evacuation Pause)
[8.403s][info][gc,task      ] GC(174) Using 8 workers of 8 for evacuation
[8.404s][info][gc,phases    ] GC(174)   Pre Evacuate Collection Set: 0.0ms
[8.404s][info][gc,phases    ] GC(174)   Evacuate Collection Set: 0.5ms
[8.404s][info][gc,phases    ] GC(174)   Post Evacuate Collection Set: 0.3ms
[8.404s][info][gc,phases    ] GC(174)   Other: 0.2ms
[8.404s][info][gc,heap      ] GC(174) Eden regions: 306->0(306)
[8.404s][info][gc,heap      ] GC(174) Survivor regions: 1->1(39)
[8.404s][info][gc,heap      ] GC(174) Old regions: 11->11
[8.404s][info][gc,heap      ] GC(174) Humongous regions: 0->0
[8.404s][info][gc,metaspace ] GC(174) Metaspace: 7413K->7413K(1056768K)
[8.404s][info][gc           ] GC(174) Pause Young (Normal) (G1 Evacuation Pause) 317M->11M(512M) 1.121ms
[8.404s][info][gc,cpu       ] GC(174) User=0.00s Sys=0.00s Real=0.00s
[8.449s][info][gc,start     ] GC(175) Pause Young (Normal) (G1 Evacuation Pause)
[8.449s][info][gc,task      ] GC(175) Using 8 workers of 8 for evacuation
[8.450s][info][gc,phases    ] GC(175)   Pre Evacuate Collection Set: 0.0ms
[8.450s][info][gc,phases    ] GC(175)   Evacuate Collection Set: 0.3ms
[8.450s][info][gc,phases    ] GC(175)   Post Evacuate Collection Set: 0.3ms
[8.450s][info][gc,phases    ] GC(175)   Other: 0.2ms
[8.450s][info][gc,heap      ] GC(175) Eden regions: 306->0(306)
[8.450s][info][gc,heap      ] GC(175) Survivor regions: 1->1(39)
[8.450s][info][gc,heap      ] GC(175) Old regions: 11->12
[8.450s][info][gc,heap      ] GC(175) Humongous regions: 0->0
[8.450s][info][gc,metaspace ] GC(175) Metaspace: 7413K->7413K(1056768K)
[8.450s][info][gc           ] GC(175) Pause Young (Normal) (G1 Evacuation Pause) 317M->11M(512M) 0.933ms
[8.450s][info][gc,cpu       ] GC(175) User=0.00s Sys=0.00s Real=0.00s
[8.494s][info][gc,start     ] GC(176) Pause Young (Normal) (G1 Evacuation Pause)
[8.494s][info][gc,task      ] GC(176) Using 8 workers of 8 for evacuation
[8.495s][info][gc,phases    ] GC(176)   Pre Evacuate Collection Set: 0.0ms
[8.495s][info][gc,phases    ] GC(176)   Evacuate Collection Set: 0.3ms
[8.495s][info][gc,phases    ] GC(176)   Post Evacuate Collection Set: 0.2ms
[8.495s][info][gc,phases    ] GC(176)   Other: 0.1ms
[8.495s][info][gc,heap      ] GC(176) Eden regions: 306->0(306)
[8.495s][info][gc,heap      ] GC(176) Survivor regions: 1->1(39)
[8.495s][info][gc,heap      ] GC(176) Old regions: 12->12
[8.495s][info][gc,heap      ] GC(176) Humongous regions: 0->0
[8.495s][info][gc,metaspace ] GC(176) Metaspace: 7413K->7413K(1056768K)
[8.495s][info][gc           ] GC(176) Pause Young (Normal) (G1 Evacuation Pause) 317M->12M(512M) 0.808ms
[8.495s][info][gc,cpu       ] GC(176) User=0.00s Sys=0.00s Real=0.00s
[8.540s][info][gc,start     ] GC(177) Pause Young (Normal) (G1 Evacuation Pause)
[8.540s][info][gc,task      ] GC(177) Using 8 workers of 8 for evacuation
[8.541s][info][gc,phases    ] GC(177)   Pre Evacuate Collection Set: 0.0ms
[8.541s][info][gc,phases    ] GC(177)   Evacuate Collection Set: 0.8ms
[8.541s][info][gc,phases    ] GC(177)   Post Evacuate Collection Set: 0.3ms
[8.541s][info][gc,phases    ] GC(177)   Other: 0.2ms
[8.541s][info][gc,heap      ] GC(177) Eden regions: 306->0(306)
[8.541s][info][gc,heap      ] GC(177) Survivor regions: 1->1(39)
[8.541s][info][gc,heap      ] GC(177) Old regions: 12->12
[8.541s][info][gc,heap      ] GC(177) Humongous regions: 0->0
[8.541s][info][gc,metaspace ] GC(177) Metaspace: 7413K->7413K(1056768K)
[8.541s][info][gc           ] GC(177) Pause Young (Normal) (G1 Evacuation Pause) 318M->12M(512M) 1.385ms
[8.541s][info][gc,cpu       ] GC(177) User=0.01s Sys=0.00s Real=0.00s
[8.596s][info][gc,start     ] GC(178) Pause Young (Normal) (G1 Evacuation Pause)
[8.596s][info][gc,task      ] GC(178) Using 8 workers of 8 for evacuation
[8.597s][info][gc,phases    ] GC(178)   Pre Evacuate Collection Set: 0.0ms
[8.597s][info][gc,phases    ] GC(178)   Evacuate Collection Set: 0.5ms
[8.597s][info][gc,phases    ] GC(178)   Post Evacuate Collection Set: 0.2ms
[8.597s][info][gc,phases    ] GC(178)   Other: 0.1ms
[8.597s][info][gc,heap      ] GC(178) Eden regions: 306->0(306)
[8.597s][info][gc,heap      ] GC(178) Survivor regions: 1->1(39)
[8.597s][info][gc,heap      ] GC(178) Old regions: 12->12
[8.597s][info][gc,heap      ] GC(178) Humongous regions: 0->0
[8.597s][info][gc,metaspace ] GC(178) Metaspace: 7413K->7413K(1056768K)
[8.597s][info][gc           ] GC(178) Pause Young (Normal) (G1 Evacuation Pause) 318M->12M(512M) 0.952ms
[8.597s][info][gc,cpu       ] GC(178) User=0.01s Sys=0.00s Real=0.00s
[8.650s][info][gc,start     ] GC(179) Pause Young (Normal) (G1 Evacuation Pause)
[8.650s][info][gc,task      ] GC(179) Using 8 workers of 8 for evacuation
[8.651s][info][gc,phases    ] GC(179)   Pre Evacuate Collection Set: 0.0ms
[8.651s][info][gc,phases    ] GC(179)   Evacuate Collection Set: 0.4ms
[8.651s][info][gc,phases    ] GC(179)   Post Evacuate Collection Set: 0.3ms
[8.651s][info][gc,phases    ] GC(179)   Other: 0.1ms
[8.651s][info][gc,heap      ] GC(179) Eden regions: 306->0(306)
[8.651s][info][gc,heap      ] GC(179) Survivor regions: 1->1(39)
[8.651s][info][gc,heap      ] GC(179) Old regions: 12->12
[8.651s][info][gc,heap      ] GC(179) Humongous regions: 0->0
[8.651s][info][gc,metaspace ] GC(179) Metaspace: 7413K->7413K(1056768K)
[8.651s][info][gc           ] GC(179) Pause Young (Normal) (G1 Evacuation Pause) 318M->12M(512M) 0.892ms
[8.651s][info][gc,cpu       ] GC(179) User=0.00s Sys=0.00s Real=0.00s
[8.694s][info][gc,start     ] GC(180) Pause Young (Normal) (G1 Evacuation Pause)
[8.694s][info][gc,task      ] GC(180) Using 8 workers of 8 for evacuation
[8.694s][info][gc,phases    ] GC(180)   Pre Evacuate Collection Set: 0.0ms
[8.694s][info][gc,phases    ] GC(180)   Evacuate Collection Set: 0.3ms
[8.694s][info][gc,phases    ] GC(180)   Post Evacuate Collection Set: 0.2ms
[8.694s][info][gc,phases    ] GC(180)   Other: 0.2ms
[8.694s][info][gc,heap      ] GC(180) Eden regions: 306->0(306)
[8.694s][info][gc,heap      ] GC(180) Survivor regions: 1->1(39)
[8.694s][info][gc,heap      ] GC(180) Old regions: 12->12
[8.694s][info][gc,heap      ] GC(180) Humongous regions: 0->0
[8.694s][info][gc,metaspace ] GC(180) Metaspace: 7413K->7413K(1056768K)
[8.694s][info][gc           ] GC(180) Pause Young (Normal) (G1 Evacuation Pause) 318M->12M(512M) 0.848ms
[8.694s][info][gc,cpu       ] GC(180) User=0.00s Sys=0.01s Real=0.00s
[8.740s][info][gc,start     ] GC(181) Pause Young (Normal) (G1 Evacuation Pause)
[8.740s][info][gc,task      ] GC(181) Using 8 workers of 8 for evacuation
[8.741s][info][gc,phases    ] GC(181)   Pre Evacuate Collection Set: 0.0ms
[8.741s][info][gc,phases    ] GC(181)   Evacuate Collection Set: 0.7ms
[8.741s][info][gc,phases    ] GC(181)   Post Evacuate Collection Set: 0.3ms
[8.741s][info][gc,phases    ] GC(181)   Other: 0.2ms
[8.741s][info][gc,heap      ] GC(181) Eden regions: 306->0(306)
[8.741s][info][gc,heap      ] GC(181) Survivor regions: 1->1(39)
[8.741s][info][gc,heap      ] GC(181) Old regions: 12->12
[8.741s][info][gc,heap      ] GC(181) Humongous regions: 0->0
[8.741s][info][gc,metaspace ] GC(181) Metaspace: 7413K->7413K(1056768K)
[8.741s][info][gc           ] GC(181) Pause Young (Normal) (G1 Evacuation Pause) 318M->12M(512M) 1.314ms
[8.741s][info][gc,cpu       ] GC(181) User=0.00s Sys=0.00s Real=0.00s
[8.793s][info][gc,start     ] GC(182) Pause Young (Normal) (G1 Evacuation Pause)
[8.793s][info][gc,task      ] GC(182) Using 8 workers of 8 for evacuation
[8.793s][info][gc,phases    ] GC(182)   Pre Evacuate Collection Set: 0.0ms
[8.793s][info][gc,phases    ] GC(182)   Evacuate Collection Set: 0.4ms
[8.793s][info][gc,phases    ] GC(182)   Post Evacuate Collection Set: 0.2ms
[8.794s][info][gc,phases    ] GC(182)   Other: 0.1ms
[8.794s][info][gc,heap      ] GC(182) Eden regions: 306->0(306)
[8.794s][info][gc,heap      ] GC(182) Survivor regions: 1->1(39)
[8.794s][info][gc,heap      ] GC(182) Old regions: 12->12
[8.794s][info][gc,heap      ] GC(182) Humongous regions: 0->0
[8.794s][info][gc,metaspace ] GC(182) Metaspace: 7413K->7413K(1056768K)
[8.794s][info][gc           ] GC(182) Pause Young (Normal) (G1 Evacuation Pause) 318M->12M(512M) 0.885ms
[8.794s][info][gc,cpu       ] GC(182) User=0.00s Sys=0.00s Real=0.00s
[8.840s][info][gc,start     ] GC(183) Pause Young (Normal) (G1 Evacuation Pause)
[8.840s][info][gc,task      ] GC(183) Using 8 workers of 8 for evacuation
[8.840s][info][gc,phases    ] GC(183)   Pre Evacuate Collection Set: 0.0ms
[8.840s][info][gc,phases    ] GC(183)   Evacuate Collection Set: 0.4ms
[8.840s][info][gc,phases    ] GC(183)   Post Evacuate Collection Set: 0.3ms
[8.840s][info][gc,phases    ] GC(183)   Other: 0.1ms
[8.840s][info][gc,heap      ] GC(183) Eden regions: 306->0(306)
[8.841s][info][gc,heap      ] GC(183) Survivor regions: 1->1(39)
[8.841s][info][gc,heap      ] GC(183) Old regions: 12->12
[8.841s][info][gc,heap      ] GC(183) Humongous regions: 0->0
[8.841s][info][gc,metaspace ] GC(183) Metaspace: 7413K->7413K(1056768K)
[8.841s][info][gc           ] GC(183) Pause Young (Normal) (G1 Evacuation Pause) 318M->12M(512M) 0.969ms
[8.841s][info][gc,cpu       ] GC(183) User=0.00s Sys=0.00s Real=0.00s
[8.884s][info][gc,start     ] GC(184) Pause Young (Normal) (G1 Evacuation Pause)
[8.884s][info][gc,task      ] GC(184) Using 8 workers of 8 for evacuation
[8.885s][info][gc,phases    ] GC(184)   Pre Evacuate Collection Set: 0.0ms
[8.885s][info][gc,phases    ] GC(184)   Evacuate Collection Set: 0.5ms
[8.885s][info][gc,phases    ] GC(184)   Post Evacuate Collection Set: 0.2ms
[8.885s][info][gc,phases    ] GC(184)   Other: 0.1ms
[8.885s][info][gc,heap      ] GC(184) Eden regions: 306->0(306)
[8.885s][info][gc,heap      ] GC(184) Survivor regions: 1->1(39)
[8.885s][info][gc,heap      ] GC(184) Old regions: 12->12
[8.885s][info][gc,heap      ] GC(184) Humongous regions: 0->0
[8.885s][info][gc,metaspace ] GC(184) Metaspace: 7413K->7413K(1056768K)
[8.885s][info][gc           ] GC(184) Pause Young (Normal) (G1 Evacuation Pause) 318M->12M(512M) 0.971ms
[8.885s][info][gc,cpu       ] GC(184) User=0.01s Sys=0.00s Real=0.00s
[8.925s][info][gc,start     ] GC(185) Pause Young (Normal) (G1 Evacuation Pause)
[8.925s][info][gc,task      ] GC(185) Using 8 workers of 8 for evacuation
[8.926s][info][gc,phases    ] GC(185)   Pre Evacuate Collection Set: 0.0ms
[8.926s][info][gc,phases    ] GC(185)   Evacuate Collection Set: 0.5ms
[8.926s][info][gc,phases    ] GC(185)   Post Evacuate Collection Set: 0.2ms
[8.926s][info][gc,phases    ] GC(185)   Other: 0.1ms
[8.926s][info][gc,heap      ] GC(185) Eden regions: 306->0(306)
[8.926s][info][gc,heap      ] GC(185) Survivor regions: 1->1(39)
[8.926s][info][gc,heap      ] GC(185) Old regions: 12->12
[8.926s][info][gc,heap      ] GC(185) Humongous regions: 0->0
[8.926s][info][gc,metaspace ] GC(185) Metaspace: 7413K->7413K(1056768K)
[8.926s][info][gc           ] GC(185) Pause Young (Normal) (G1 Evacuation Pause) 318M->12M(512M) 0.955ms
[8.926s][info][gc,cpu       ] GC(185) User=0.00s Sys=0.00s Real=0.00s
[8.977s][info][gc,start     ] GC(186) Pause Young (Normal) (G1 Evacuation Pause)
[8.977s][info][gc,task      ] GC(186) Using 8 workers of 8 for evacuation
[8.978s][info][gc,phases    ] GC(186)   Pre Evacuate Collection Set: 0.0ms
[8.978s][info][gc,phases    ] GC(186)   Evacuate Collection Set: 0.4ms
[8.978s][info][gc,phases    ] GC(186)   Post Evacuate Collection Set: 0.2ms
[8.978s][info][gc,phases    ] GC(186)   Other: 0.1ms
[8.978s][info][gc,heap      ] GC(186) Eden regions: 306->0(306)
[8.978s][info][gc,heap      ] GC(186) Survivor regions: 1->1(39)
[8.978s][info][gc,heap      ] GC(186) Old regions: 12->12
[8.978s][info][gc,heap      ] GC(186) Humongous regions: 0->0
[8.978s][info][gc,metaspace ] GC(186) Metaspace: 7413K->7413K(1056768K)
[8.978s][info][gc           ] GC(186) Pause Young (Normal) (G1 Evacuation Pause) 318M->12M(512M) 0.887ms
[8.978s][info][gc,cpu       ] GC(186) User=0.01s Sys=0.00s Real=0.00s
[9.027s][info][gc,start     ] GC(187) Pause Young (Normal) (G1 Evacuation Pause)
[9.027s][info][gc,task      ] GC(187) Using 8 workers of 8 for evacuation
[9.027s][info][gc,phases    ] GC(187)   Pre Evacuate Collection Set: 0.0ms
[9.027s][info][gc,phases    ] GC(187)   Evacuate Collection Set: 0.4ms
[9.027s][info][gc,phases    ] GC(187)   Post Evacuate Collection Set: 0.3ms
[9.027s][info][gc,phases    ] GC(187)   Other: 0.1ms
[9.028s][info][gc,heap      ] GC(187) Eden regions: 306->0(306)
[9.028s][info][gc,heap      ] GC(187) Survivor regions: 1->1(39)
[9.028s][info][gc,heap      ] GC(187) Old regions: 12->12
[9.028s][info][gc,heap      ] GC(187) Humongous regions: 0->0
[9.028s][info][gc,metaspace ] GC(187) Metaspace: 7413K->7413K(1056768K)
[9.028s][info][gc           ] GC(187) Pause Young (Normal) (G1 Evacuation Pause) 318M->12M(512M) 1.008ms
[9.028s][info][gc,cpu       ] GC(187) User=0.01s Sys=0.00s Real=0.00s
[9.077s][info][gc,start     ] GC(188) Pause Young (Normal) (G1 Evacuation Pause)
[9.077s][info][gc,task      ] GC(188) Using 8 workers of 8 for evacuation
[9.078s][info][gc,phases    ] GC(188)   Pre Evacuate Collection Set: 0.0ms
[9.078s][info][gc,phases    ] GC(188)   Evacuate Collection Set: 0.4ms
[9.078s][info][gc,phases    ] GC(188)   Post Evacuate Collection Set: 0.3ms
[9.078s][info][gc,phases    ] GC(188)   Other: 0.1ms
[9.078s][info][gc,heap      ] GC(188) Eden regions: 306->0(306)
[9.078s][info][gc,heap      ] GC(188) Survivor regions: 1->1(39)
[9.078s][info][gc,heap      ] GC(188) Old regions: 12->12
[9.078s][info][gc,heap      ] GC(188) Humongous regions: 0->0
[9.078s][info][gc,metaspace ] GC(188) Metaspace: 7413K->7413K(1056768K)
[9.078s][info][gc           ] GC(188) Pause Young (Normal) (G1 Evacuation Pause) 318M->12M(512M) 0.924ms
[9.078s][info][gc,cpu       ] GC(188) User=0.00s Sys=0.00s Real=0.00s
[9.124s][info][gc,start     ] GC(189) Pause Young (Normal) (G1 Evacuation Pause)
[9.125s][info][gc,task      ] GC(189) Using 8 workers of 8 for evacuation
[9.125s][info][gc,phases    ] GC(189)   Pre Evacuate Collection Set: 0.0ms
[9.125s][info][gc,phases    ] GC(189)   Evacuate Collection Set: 0.3ms
[9.125s][info][gc,phases    ] GC(189)   Post Evacuate Collection Set: 0.2ms
[9.125s][info][gc,phases    ] GC(189)   Other: 0.1ms
[9.125s][info][gc,heap      ] GC(189) Eden regions: 306->0(306)
[9.125s][info][gc,heap      ] GC(189) Survivor regions: 1->1(39)
[9.125s][info][gc,heap      ] GC(189) Old regions: 12->12
[9.125s][info][gc,heap      ] GC(189) Humongous regions: 0->0
[9.125s][info][gc,metaspace ] GC(189) Metaspace: 7413K->7413K(1056768K)
[9.125s][info][gc           ] GC(189) Pause Young (Normal) (G1 Evacuation Pause) 318M->12M(512M) 0.813ms
[9.125s][info][gc,cpu       ] GC(189) User=0.00s Sys=0.00s Real=0.00s
[9.170s][info][gc,start     ] GC(190) Pause Young (Normal) (G1 Evacuation Pause)
[9.170s][info][gc,task      ] GC(190) Using 8 workers of 8 for evacuation
[9.171s][info][gc,phases    ] GC(190)   Pre Evacuate Collection Set: 0.0ms
[9.171s][info][gc,phases    ] GC(190)   Evacuate Collection Set: 0.4ms
[9.171s][info][gc,phases    ] GC(190)   Post Evacuate Collection Set: 0.2ms
[9.171s][info][gc,phases    ] GC(190)   Other: 0.2ms
[9.171s][info][gc,heap      ] GC(190) Eden regions: 306->0(306)
[9.171s][info][gc,heap      ] GC(190) Survivor regions: 1->1(39)
[9.171s][info][gc,heap      ] GC(190) Old regions: 12->12
[9.171s][info][gc,heap      ] GC(190) Humongous regions: 0->0
[9.171s][info][gc,metaspace ] GC(190) Metaspace: 7413K->7413K(1056768K)
[9.171s][info][gc           ] GC(190) Pause Young (Normal) (G1 Evacuation Pause) 318M->12M(512M) 0.972ms
[9.171s][info][gc,cpu       ] GC(190) User=0.00s Sys=0.01s Real=0.00s
[9.215s][info][gc,start     ] GC(191) Pause Young (Normal) (G1 Evacuation Pause)
[9.215s][info][gc,task      ] GC(191) Using 8 workers of 8 for evacuation
[9.216s][info][gc,phases    ] GC(191)   Pre Evacuate Collection Set: 0.0ms
[9.216s][info][gc,phases    ] GC(191)   Evacuate Collection Set: 0.4ms
[9.216s][info][gc,phases    ] GC(191)   Post Evacuate Collection Set: 0.3ms
[9.216s][info][gc,phases    ] GC(191)   Other: 0.1ms
[9.216s][info][gc,heap      ] GC(191) Eden regions: 306->0(306)
[9.216s][info][gc,heap      ] GC(191) Survivor regions: 1->1(39)
[9.216s][info][gc,heap      ] GC(191) Old regions: 12->13
[9.216s][info][gc,heap      ] GC(191) Humongous regions: 0->0
[9.216s][info][gc,metaspace ] GC(191) Metaspace: 7413K->7413K(1056768K)
[9.216s][info][gc           ] GC(191) Pause Young (Normal) (G1 Evacuation Pause) 318M->12M(512M) 0.914ms
[9.216s][info][gc,cpu       ] GC(191) User=0.00s Sys=0.00s Real=0.00s
[9.262s][info][gc,start     ] GC(192) Pause Young (Normal) (G1 Evacuation Pause)
[9.262s][info][gc,task      ] GC(192) Using 8 workers of 8 for evacuation
[9.263s][info][gc,phases    ] GC(192)   Pre Evacuate Collection Set: 0.0ms
[9.263s][info][gc,phases    ] GC(192)   Evacuate Collection Set: 0.5ms
[9.263s][info][gc,phases    ] GC(192)   Post Evacuate Collection Set: 0.3ms
[9.263s][info][gc,phases    ] GC(192)   Other: 0.2ms
[9.263s][info][gc,heap      ] GC(192) Eden regions: 306->0(306)
[9.263s][info][gc,heap      ] GC(192) Survivor regions: 1->1(39)
[9.263s][info][gc,heap      ] GC(192) Old regions: 13->13
[9.263s][info][gc,heap      ] GC(192) Humongous regions: 0->0
[9.263s][info][gc,metaspace ] GC(192) Metaspace: 7413K->7413K(1056768K)
[9.263s][info][gc           ] GC(192) Pause Young (Normal) (G1 Evacuation Pause) 318M->13M(512M) 1.093ms
[9.263s][info][gc,cpu       ] GC(192) User=0.00s Sys=0.00s Real=0.00s
[9.332s][info][gc,start     ] GC(193) Pause Young (Normal) (G1 Evacuation Pause)
[9.332s][info][gc,task      ] GC(193) Using 8 workers of 8 for evacuation
[9.332s][info][gc,phases    ] GC(193)   Pre Evacuate Collection Set: 0.0ms
[9.332s][info][gc,phases    ] GC(193)   Evacuate Collection Set: 0.5ms
[9.332s][info][gc,phases    ] GC(193)   Post Evacuate Collection Set: 0.2ms
[9.332s][info][gc,phases    ] GC(193)   Other: 0.1ms
[9.332s][info][gc,heap      ] GC(193) Eden regions: 306->0(306)
[9.333s][info][gc,heap      ] GC(193) Survivor regions: 1->1(39)
[9.333s][info][gc,heap      ] GC(193) Old regions: 13->13
[9.333s][info][gc,heap      ] GC(193) Humongous regions: 0->0
[9.333s][info][gc,metaspace ] GC(193) Metaspace: 7413K->7413K(1056768K)
[9.333s][info][gc           ] GC(193) Pause Young (Normal) (G1 Evacuation Pause) 319M->13M(512M) 0.987ms
[9.333s][info][gc,cpu       ] GC(193) User=0.00s Sys=0.00s Real=0.00s
[9.378s][info][gc,start     ] GC(194) Pause Young (Normal) (G1 Evacuation Pause)
[9.378s][info][gc,task      ] GC(194) Using 8 workers of 8 for evacuation
[9.378s][info][gc,phases    ] GC(194)   Pre Evacuate Collection Set: 0.0ms
[9.378s][info][gc,phases    ] GC(194)   Evacuate Collection Set: 0.4ms
[9.378s][info][gc,phases    ] GC(194)   Post Evacuate Collection Set: 0.2ms
[9.378s][info][gc,phases    ] GC(194)   Other: 0.2ms
[9.378s][info][gc,heap      ] GC(194) Eden regions: 306->0(306)
[9.379s][info][gc,heap      ] GC(194) Survivor regions: 1->1(39)
[9.379s][info][gc,heap      ] GC(194) Old regions: 13->13
[9.379s][info][gc,heap      ] GC(194) Humongous regions: 0->0
[9.379s][info][gc,metaspace ] GC(194) Metaspace: 7413K->7413K(1056768K)
[9.379s][info][gc           ] GC(194) Pause Young (Normal) (G1 Evacuation Pause) 319M->13M(512M) 0.913ms
[9.379s][info][gc,cpu       ] GC(194) User=0.00s Sys=0.00s Real=0.01s
[9.424s][info][gc,start     ] GC(195) Pause Young (Normal) (G1 Evacuation Pause)
[9.424s][info][gc,task      ] GC(195) Using 8 workers of 8 for evacuation
[9.425s][info][gc,phases    ] GC(195)   Pre Evacuate Collection Set: 0.0ms
[9.425s][info][gc,phases    ] GC(195)   Evacuate Collection Set: 0.4ms
[9.425s][info][gc,phases    ] GC(195)   Post Evacuate Collection Set: 0.3ms
[9.425s][info][gc,phases    ] GC(195)   Other: 0.2ms
[9.425s][info][gc,heap      ] GC(195) Eden regions: 306->0(306)
[9.425s][info][gc,heap      ] GC(195) Survivor regions: 1->1(39)
[9.425s][info][gc,heap      ] GC(195) Old regions: 13->13
[9.425s][info][gc,heap      ] GC(195) Humongous regions: 0->0
[9.425s][info][gc,metaspace ] GC(195) Metaspace: 7413K->7413K(1056768K)
[9.425s][info][gc           ] GC(195) Pause Young (Normal) (G1 Evacuation Pause) 319M->13M(512M) 0.945ms
[9.425s][info][gc,cpu       ] GC(195) User=0.00s Sys=0.00s Real=0.00s
[9.466s][info][gc,start     ] GC(196) Pause Young (Normal) (G1 Evacuation Pause)
[9.466s][info][gc,task      ] GC(196) Using 8 workers of 8 for evacuation
[9.467s][info][gc,phases    ] GC(196)   Pre Evacuate Collection Set: 0.0ms
[9.467s][info][gc,phases    ] GC(196)   Evacuate Collection Set: 0.4ms
[9.467s][info][gc,phases    ] GC(196)   Post Evacuate Collection Set: 0.2ms
[9.467s][info][gc,phases    ] GC(196)   Other: 0.1ms
[9.467s][info][gc,heap      ] GC(196) Eden regions: 306->0(306)
[9.467s][info][gc,heap      ] GC(196) Survivor regions: 1->1(39)
[9.467s][info][gc,heap      ] GC(196) Old regions: 13->13
[9.467s][info][gc,heap      ] GC(196) Humongous regions: 0->0
[9.467s][info][gc,metaspace ] GC(196) Metaspace: 7413K->7413K(1056768K)
[9.467s][info][gc           ] GC(196) Pause Young (Normal) (G1 Evacuation Pause) 319M->13M(512M) 0.916ms
[9.467s][info][gc,cpu       ] GC(196) User=0.01s Sys=0.00s Real=0.00s
[9.514s][info][gc,start     ] GC(197) Pause Young (Normal) (G1 Evacuation Pause)
[9.514s][info][gc,task      ] GC(197) Using 8 workers of 8 for evacuation
[9.514s][info][gc,phases    ] GC(197)   Pre Evacuate Collection Set: 0.0ms
[9.514s][info][gc,phases    ] GC(197)   Evacuate Collection Set: 0.5ms
[9.514s][info][gc,phases    ] GC(197)   Post Evacuate Collection Set: 0.2ms
[9.514s][info][gc,phases    ] GC(197)   Other: 0.1ms
[9.514s][info][gc,heap      ] GC(197) Eden regions: 306->0(306)
[9.514s][info][gc,heap      ] GC(197) Survivor regions: 1->1(39)
[9.515s][info][gc,heap      ] GC(197) Old regions: 13->13
[9.515s][info][gc,heap      ] GC(197) Humongous regions: 0->0
[9.515s][info][gc,metaspace ] GC(197) Metaspace: 7413K->7413K(1056768K)
[9.515s][info][gc           ] GC(197) Pause Young (Normal) (G1 Evacuation Pause) 319M->13M(512M) 1.006ms
[9.515s][info][gc,cpu       ] GC(197) User=0.01s Sys=0.00s Real=0.00s
[9.563s][info][gc,start     ] GC(198) Pause Young (Normal) (G1 Evacuation Pause)
[9.563s][info][gc,task      ] GC(198) Using 8 workers of 8 for evacuation
[9.564s][info][gc,phases    ] GC(198)   Pre Evacuate Collection Set: 0.0ms
[9.564s][info][gc,phases    ] GC(198)   Evacuate Collection Set: 0.5ms
[9.564s][info][gc,phases    ] GC(198)   Post Evacuate Collection Set: 0.2ms
[9.564s][info][gc,phases    ] GC(198)   Other: 0.2ms
[9.564s][info][gc,heap      ] GC(198) Eden regions: 306->0(306)
[9.564s][info][gc,heap      ] GC(198) Survivor regions: 1->1(39)
[9.564s][info][gc,heap      ] GC(198) Old regions: 13->13
[9.564s][info][gc,heap      ] GC(198) Humongous regions: 0->0
[9.564s][info][gc,metaspace ] GC(198) Metaspace: 7413K->7413K(1056768K)
[9.564s][info][gc           ] GC(198) Pause Young (Normal) (G1 Evacuation Pause) 319M->13M(512M) 1.001ms
[9.564s][info][gc,cpu       ] GC(198) User=0.00s Sys=0.00s Real=0.00s
[9.603s][info][gc,start     ] GC(199) Pause Young (Normal) (G1 Evacuation Pause)
[9.603s][info][gc,task      ] GC(199) Using 8 workers of 8 for evacuation
[9.604s][info][gc,phases    ] GC(199)   Pre Evacuate Collection Set: 0.0ms
[9.604s][info][gc,phases    ] GC(199)   Evacuate Collection Set: 0.5ms
[9.604s][info][gc,phases    ] GC(199)   Post Evacuate Collection Set: 0.2ms
[9.604s][info][gc,phases    ] GC(199)   Other: 0.1ms
[9.604s][info][gc,heap      ] GC(199) Eden regions: 306->0(306)
[9.604s][info][gc,heap      ] GC(199) Survivor regions: 1->1(39)
[9.604s][info][gc,heap      ] GC(199) Old regions: 13->13
[9.604s][info][gc,heap      ] GC(199) Humongous regions: 0->0
[9.604s][info][gc,metaspace ] GC(199) Metaspace: 7413K->7413K(1056768K)
[9.604s][info][gc           ] GC(199) Pause Young (Normal) (G1 Evacuation Pause) 319M->13M(512M) 0.950ms
[9.604s][info][gc,cpu       ] GC(199) User=0.00s Sys=0.00s Real=0.00s
[9.650s][info][gc,start     ] GC(200) Pause Young (Normal) (G1 Evacuation Pause)
[9.650s][info][gc,task      ] GC(200) Using 8 workers of 8 for evacuation
[9.651s][info][gc,phases    ] GC(200)   Pre Evacuate Collection Set: 0.0ms
[9.651s][info][gc,phases    ] GC(200)   Evacuate Collection Set: 0.5ms
[9.651s][info][gc,phases    ] GC(200)   Post Evacuate Collection Set: 0.3ms
[9.651s][info][gc,phases    ] GC(200)   Other: 0.1ms
[9.651s][info][gc,heap      ] GC(200) Eden regions: 306->0(306)
[9.651s][info][gc,heap      ] GC(200) Survivor regions: 1->1(39)
[9.651s][info][gc,heap      ] GC(200) Old regions: 13->13
[9.651s][info][gc,heap      ] GC(200) Humongous regions: 0->0
[9.651s][info][gc,metaspace ] GC(200) Metaspace: 7413K->7413K(1056768K)
[9.651s][info][gc           ] GC(200) Pause Young (Normal) (G1 Evacuation Pause) 319M->13M(512M) 1.047ms
[9.651s][info][gc,cpu       ] GC(200) User=0.00s Sys=0.00s Real=0.00s
[9.698s][info][gc,start     ] GC(201) Pause Young (Normal) (G1 Evacuation Pause)
[9.698s][info][gc,task      ] GC(201) Using 8 workers of 8 for evacuation
[9.699s][info][gc,phases    ] GC(201)   Pre Evacuate Collection Set: 0.0ms
[9.699s][info][gc,phases    ] GC(201)   Evacuate Collection Set: 0.4ms
[9.699s][info][gc,phases    ] GC(201)   Post Evacuate Collection Set: 0.3ms
[9.699s][info][gc,phases    ] GC(201)   Other: 0.1ms
[9.699s][info][gc,heap      ] GC(201) Eden regions: 306->0(306)
[9.699s][info][gc,heap      ] GC(201) Survivor regions: 1->1(39)
[9.699s][info][gc,heap      ] GC(201) Old regions: 13->13
[9.699s][info][gc,heap      ] GC(201) Humongous regions: 0->0
[9.699s][info][gc,metaspace ] GC(201) Metaspace: 7413K->7413K(1056768K)
[9.699s][info][gc           ] GC(201) Pause Young (Normal) (G1 Evacuation Pause) 319M->13M(512M) 0.881ms
[9.699s][info][gc,cpu       ] GC(201) User=0.00s Sys=0.01s Real=0.00s
[9.746s][info][gc,start     ] GC(202) Pause Young (Normal) (G1 Evacuation Pause)
[9.746s][info][gc,task      ] GC(202) Using 8 workers of 8 for evacuation
[9.747s][info][gc,phases    ] GC(202)   Pre Evacuate Collection Set: 0.0ms
[9.747s][info][gc,phases    ] GC(202)   Evacuate Collection Set: 0.6ms
[9.748s][info][gc,phases    ] GC(202)   Post Evacuate Collection Set: 0.5ms
[9.748s][info][gc,phases    ] GC(202)   Other: 0.2ms
[9.748s][info][gc,heap      ] GC(202) Eden regions: 306->0(306)
[9.748s][info][gc,heap      ] GC(202) Survivor regions: 1->1(39)
[9.748s][info][gc,heap      ] GC(202) Old regions: 13->13
[9.748s][info][gc,heap      ] GC(202) Humongous regions: 0->0
[9.748s][info][gc,metaspace ] GC(202) Metaspace: 7413K->7413K(1056768K)
[9.748s][info][gc           ] GC(202) Pause Young (Normal) (G1 Evacuation Pause) 319M->13M(512M) 1.339ms
[9.748s][info][gc,cpu       ] GC(202) User=0.01s Sys=0.00s Real=0.00s
[9.795s][info][gc,start     ] GC(203) Pause Young (Normal) (G1 Evacuation Pause)
[9.795s][info][gc,task      ] GC(203) Using 8 workers of 8 for evacuation
[9.796s][info][gc,phases    ] GC(203)   Pre Evacuate Collection Set: 0.0ms
[9.796s][info][gc,phases    ] GC(203)   Evacuate Collection Set: 0.5ms
[9.796s][info][gc,phases    ] GC(203)   Post Evacuate Collection Set: 0.2ms
[9.796s][info][gc,phases    ] GC(203)   Other: 0.2ms
[9.796s][info][gc,heap      ] GC(203) Eden regions: 306->0(306)
[9.796s][info][gc,heap      ] GC(203) Survivor regions: 1->1(39)
[9.796s][info][gc,heap      ] GC(203) Old regions: 13->13
[9.796s][info][gc,heap      ] GC(203) Humongous regions: 0->0
[9.796s][info][gc,metaspace ] GC(203) Metaspace: 7413K->7413K(1056768K)
[9.796s][info][gc           ] GC(203) Pause Young (Normal) (G1 Evacuation Pause) 319M->13M(512M) 0.995ms
[9.796s][info][gc,cpu       ] GC(203) User=0.00s Sys=0.00s Real=0.00s
[9.839s][info][gc,start     ] GC(204) Pause Young (Normal) (G1 Evacuation Pause)
[9.839s][info][gc,task      ] GC(204) Using 8 workers of 8 for evacuation
[9.840s][info][gc,phases    ] GC(204)   Pre Evacuate Collection Set: 0.0ms
[9.840s][info][gc,phases    ] GC(204)   Evacuate Collection Set: 0.5ms
[9.840s][info][gc,phases    ] GC(204)   Post Evacuate Collection Set: 0.3ms
[9.840s][info][gc,phases    ] GC(204)   Other: 0.2ms
[9.840s][info][gc,heap      ] GC(204) Eden regions: 306->0(306)
[9.840s][info][gc,heap      ] GC(204) Survivor regions: 1->1(39)
[9.840s][info][gc,heap      ] GC(204) Old regions: 13->13
[9.840s][info][gc,heap      ] GC(204) Humongous regions: 0->0
[9.840s][info][gc,metaspace ] GC(204) Metaspace: 7413K->7413K(1056768K)
[9.840s][info][gc           ] GC(204) Pause Young (Normal) (G1 Evacuation Pause) 319M->13M(512M) 1.113ms
[9.840s][info][gc,cpu       ] GC(204) User=0.01s Sys=0.00s Real=0.00s
[9.882s][info][gc,start     ] GC(205) Pause Young (Normal) (G1 Evacuation Pause)
[9.882s][info][gc,task      ] GC(205) Using 8 workers of 8 for evacuation
[9.883s][info][gc,phases    ] GC(205)   Pre Evacuate Collection Set: 0.0ms
[9.883s][info][gc,phases    ] GC(205)   Evacuate Collection Set: 0.5ms
[9.883s][info][gc,phases    ] GC(205)   Post Evacuate Collection Set: 0.3ms
[9.883s][info][gc,phases    ] GC(205)   Other: 0.2ms
[9.883s][info][gc,heap      ] GC(205) Eden regions: 306->0(306)
[9.883s][info][gc,heap      ] GC(205) Survivor regions: 1->1(39)
[9.883s][info][gc,heap      ] GC(205) Old regions: 13->13
[9.883s][info][gc,heap      ] GC(205) Humongous regions: 0->0
[9.883s][info][gc,metaspace ] GC(205) Metaspace: 7413K->7413K(1056768K)
[9.883s][info][gc           ] GC(205) Pause Young (Normal) (G1 Evacuation Pause) 319M->13M(512M) 1.089ms
[9.883s][info][gc,cpu       ] GC(205) User=0.00s Sys=0.00s Real=0.00s
[9.930s][info][gc,start     ] GC(206) Pause Young (Normal) (G1 Evacuation Pause)
[9.930s][info][gc,task      ] GC(206) Using 8 workers of 8 for evacuation
[9.931s][info][gc,phases    ] GC(206)   Pre Evacuate Collection Set: 0.0ms
[9.931s][info][gc,phases    ] GC(206)   Evacuate Collection Set: 0.4ms
[9.931s][info][gc,phases    ] GC(206)   Post Evacuate Collection Set: 0.3ms
[9.931s][info][gc,phases    ] GC(206)   Other: 0.1ms
[9.931s][info][gc,heap      ] GC(206) Eden regions: 306->0(306)
[9.931s][info][gc,heap      ] GC(206) Survivor regions: 1->1(39)
[9.931s][info][gc,heap      ] GC(206) Old regions: 13->13
[9.931s][info][gc,heap      ] GC(206) Humongous regions: 0->0
[9.931s][info][gc,metaspace ] GC(206) Metaspace: 7413K->7413K(1056768K)
[9.931s][info][gc           ] GC(206) Pause Young (Normal) (G1 Evacuation Pause) 319M->13M(512M) 0.915ms
[9.931s][info][gc,cpu       ] GC(206) User=0.01s Sys=0.00s Real=0.00s
[9.982s][info][gc,start     ] GC(207) Pause Young (Normal) (G1 Evacuation Pause)
[9.982s][info][gc,task      ] GC(207) Using 8 workers of 8 for evacuation
[9.983s][info][gc,phases    ] GC(207)   Pre Evacuate Collection Set: 0.0ms
[9.983s][info][gc,phases    ] GC(207)   Evacuate Collection Set: 0.5ms
[9.983s][info][gc,phases    ] GC(207)   Post Evacuate Collection Set: 0.3ms
[9.983s][info][gc,phases    ] GC(207)   Other: 0.2ms
[9.983s][info][gc,heap      ] GC(207) Eden regions: 306->0(306)
[9.983s][info][gc,heap      ] GC(207) Survivor regions: 1->1(39)
[9.983s][info][gc,heap      ] GC(207) Old regions: 13->14
[9.983s][info][gc,heap      ] GC(207) Humongous regions: 0->0
[9.983s][info][gc,metaspace ] GC(207) Metaspace: 7413K->7413K(1056768K)
[9.983s][info][gc           ] GC(207) Pause Young (Normal) (G1 Evacuation Pause) 319M->13M(512M) 1.044ms
[9.983s][info][gc,cpu       ] GC(207) User=0.00s Sys=0.00s Real=0.00s
[10.026s][info][gc,start     ] GC(208) Pause Young (Normal) (G1 Evacuation Pause)
[10.026s][info][gc,task      ] GC(208) Using 8 workers of 8 for evacuation
[10.027s][info][gc,phases    ] GC(208)   Pre Evacuate Collection Set: 0.0ms
[10.027s][info][gc,phases    ] GC(208)   Evacuate Collection Set: 0.4ms
[10.027s][info][gc,phases    ] GC(208)   Post Evacuate Collection Set: 0.2ms
[10.027s][info][gc,phases    ] GC(208)   Other: 0.1ms
[10.027s][info][gc,heap      ] GC(208) Eden regions: 306->0(306)
[10.027s][info][gc,heap      ] GC(208) Survivor regions: 1->1(39)
[10.027s][info][gc,heap      ] GC(208) Old regions: 14->14
[10.027s][info][gc,heap      ] GC(208) Humongous regions: 0->0
[10.027s][info][gc,metaspace ] GC(208) Metaspace: 7413K->7413K(1056768K)
[10.027s][info][gc           ] GC(208) Pause Young (Normal) (G1 Evacuation Pause) 319M->13M(512M) 0.807ms
[10.027s][info][gc,cpu       ] GC(208) User=0.00s Sys=0.00s Real=0.00s
[10.069s][info][gc,start     ] GC(209) Pause Young (Normal) (G1 Evacuation Pause)
[10.069s][info][gc,task      ] GC(209) Using 8 workers of 8 for evacuation
[10.070s][info][gc,phases    ] GC(209)   Pre Evacuate Collection Set: 0.0ms
[10.070s][info][gc,phases    ] GC(209)   Evacuate Collection Set: 0.5ms
[10.070s][info][gc,phases    ] GC(209)   Post Evacuate Collection Set: 0.2ms
[10.070s][info][gc,phases    ] GC(209)   Other: 0.2ms
[10.070s][info][gc,heap      ] GC(209) Eden regions: 306->0(306)
[10.070s][info][gc,heap      ] GC(209) Survivor regions: 1->1(39)
[10.070s][info][gc,heap      ] GC(209) Old regions: 14->14
[10.070s][info][gc,heap      ] GC(209) Humongous regions: 0->0
[10.070s][info][gc,metaspace ] GC(209) Metaspace: 7413K->7413K(1056768K)
[10.070s][info][gc           ] GC(209) Pause Young (Normal) (G1 Evacuation Pause) 319M->14M(512M) 1.036ms
[10.070s][info][gc,cpu       ] GC(209) User=0.01s Sys=0.00s Real=0.00s
[10.112s][info][gc,start     ] GC(210) Pause Young (Normal) (G1 Evacuation Pause)
[10.112s][info][gc,task      ] GC(210) Using 8 workers of 8 for evacuation
[10.113s][info][gc,phases    ] GC(210)   Pre Evacuate Collection Set: 0.0ms
[10.113s][info][gc,phases    ] GC(210)   Evacuate Collection Set: 0.4ms
[10.113s][info][gc,phases    ] GC(210)   Post Evacuate Collection Set: 0.3ms
[10.113s][info][gc,phases    ] GC(210)   Other: 0.2ms
[10.113s][info][gc,heap      ] GC(210) Eden regions: 306->0(306)
[10.113s][info][gc,heap      ] GC(210) Survivor regions: 1->1(39)
[10.113s][info][gc,heap      ] GC(210) Old regions: 14->14
[10.113s][info][gc,heap      ] GC(210) Humongous regions: 0->0
[10.113s][info][gc,metaspace ] GC(210) Metaspace: 7413K->7413K(1056768K)
[10.113s][info][gc           ] GC(210) Pause Young (Normal) (G1 Evacuation Pause) 320M->14M(512M) 0.953ms
[10.113s][info][gc,cpu       ] GC(210) User=0.00s Sys=0.00s Real=0.00s
[10.154s][info][gc,start     ] GC(211) Pause Young (Normal) (G1 Evacuation Pause)
[10.154s][info][gc,task      ] GC(211) Using 8 workers of 8 for evacuation
[10.156s][info][gc,phases    ] GC(211)   Pre Evacuate Collection Set: 0.1ms
[10.156s][info][gc,phases    ] GC(211)   Evacuate Collection Set: 1.1ms
[10.156s][info][gc,phases    ] GC(211)   Post Evacuate Collection Set: 1.0ms
[10.156s][info][gc,phases    ] GC(211)   Other: 0.3ms
[10.156s][info][gc,heap      ] GC(211) Eden regions: 306->0(306)
[10.156s][info][gc,heap      ] GC(211) Survivor regions: 1->1(39)
[10.156s][info][gc,heap      ] GC(211) Old regions: 14->14
[10.156s][info][gc,heap      ] GC(211) Humongous regions: 0->0
[10.156s][info][gc,metaspace ] GC(211) Metaspace: 7413K->7413K(1056768K)
[10.156s][info][gc           ] GC(211) Pause Young (Normal) (G1 Evacuation Pause) 320M->14M(512M) 2.637ms
[10.156s][info][gc,cpu       ] GC(211) User=0.01s Sys=0.01s Real=0.00s
[10.208s][info][gc,start     ] GC(212) Pause Young (Normal) (G1 Evacuation Pause)
[10.208s][info][gc,task      ] GC(212) Using 8 workers of 8 for evacuation
[10.210s][info][gc,phases    ] GC(212)   Pre Evacuate Collection Set: 0.0ms
[10.210s][info][gc,phases    ] GC(212)   Evacuate Collection Set: 0.9ms
[10.210s][info][gc,phases    ] GC(212)   Post Evacuate Collection Set: 0.5ms
[10.210s][info][gc,phases    ] GC(212)   Other: 0.3ms
[10.210s][info][gc,heap      ] GC(212) Eden regions: 306->0(306)
[10.210s][info][gc,heap      ] GC(212) Survivor regions: 1->1(39)
[10.210s][info][gc,heap      ] GC(212) Old regions: 14->14
[10.210s][info][gc,heap      ] GC(212) Humongous regions: 0->0
[10.210s][info][gc,metaspace ] GC(212) Metaspace: 7413K->7413K(1056768K)
[10.210s][info][gc           ] GC(212) Pause Young (Normal) (G1 Evacuation Pause) 320M->14M(512M) 1.815ms
[10.210s][info][gc,cpu       ] GC(212) User=0.01s Sys=0.00s Real=0.01s
[10.260s][info][gc,start     ] GC(213) Pause Young (Normal) (G1 Evacuation Pause)
[10.260s][info][gc,task      ] GC(213) Using 8 workers of 8 for evacuation
[10.260s][info][gc,phases    ] GC(213)   Pre Evacuate Collection Set: 0.0ms
[10.260s][info][gc,phases    ] GC(213)   Evacuate Collection Set: 0.4ms
[10.260s][info][gc,phases    ] GC(213)   Post Evacuate Collection Set: 0.2ms
[10.260s][info][gc,phases    ] GC(213)   Other: 0.1ms
[10.260s][info][gc,heap      ] GC(213) Eden regions: 306->0(306)
[10.260s][info][gc,heap      ] GC(213) Survivor regions: 1->1(39)
[10.260s][info][gc,heap      ] GC(213) Old regions: 14->14
[10.260s][info][gc,heap      ] GC(213) Humongous regions: 0->0
[10.260s][info][gc,metaspace ] GC(213) Metaspace: 7413K->7413K(1056768K)
[10.260s][info][gc           ] GC(213) Pause Young (Normal) (G1 Evacuation Pause) 320M->14M(512M) 0.828ms
[10.261s][info][gc,cpu       ] GC(213) User=0.00s Sys=0.00s Real=0.00s
[10.300s][info][gc,start     ] GC(214) Pause Young (Normal) (G1 Evacuation Pause)
[10.300s][info][gc,task      ] GC(214) Using 8 workers of 8 for evacuation
[10.301s][info][gc,phases    ] GC(214)   Pre Evacuate Collection Set: 0.0ms
[10.301s][info][gc,phases    ] GC(214)   Evacuate Collection Set: 0.4ms
[10.301s][info][gc,phases    ] GC(214)   Post Evacuate Collection Set: 0.3ms
[10.301s][info][gc,phases    ] GC(214)   Other: 0.2ms
[10.301s][info][gc,heap      ] GC(214) Eden regions: 306->0(306)
[10.301s][info][gc,heap      ] GC(214) Survivor regions: 1->1(39)
[10.301s][info][gc,heap      ] GC(214) Old regions: 14->14
[10.301s][info][gc,heap      ] GC(214) Humongous regions: 0->0
[10.301s][info][gc,metaspace ] GC(214) Metaspace: 7413K->7413K(1056768K)
[10.301s][info][gc           ] GC(214) Pause Young (Normal) (G1 Evacuation Pause) 320M->14M(512M) 0.965ms
[10.301s][info][gc,cpu       ] GC(214) User=0.01s Sys=0.00s Real=0.00s
[10.340s][info][gc,start     ] GC(215) Pause Young (Normal) (G1 Evacuation Pause)
[10.340s][info][gc,task      ] GC(215) Using 8 workers of 8 for evacuation
[10.341s][info][gc,phases    ] GC(215)   Pre Evacuate Collection Set: 0.0ms
[10.341s][info][gc,phases    ] GC(215)   Evacuate Collection Set: 0.4ms
[10.341s][info][gc,phases    ] GC(215)   Post Evacuate Collection Set: 0.3ms
[10.341s][info][gc,phases    ] GC(215)   Other: 0.1ms
[10.341s][info][gc,heap      ] GC(215) Eden regions: 306->0(306)
[10.341s][info][gc,heap      ] GC(215) Survivor regions: 1->1(39)
[10.341s][info][gc,heap      ] GC(215) Old regions: 14->14
[10.341s][info][gc,heap      ] GC(215) Humongous regions: 0->0
[10.341s][info][gc,metaspace ] GC(215) Metaspace: 7413K->7413K(1056768K)
[10.341s][info][gc           ] GC(215) Pause Young (Normal) (G1 Evacuation Pause) 320M->14M(512M) 0.869ms
[10.341s][info][gc,cpu       ] GC(215) User=0.00s Sys=0.00s Real=0.00s
[10.389s][info][gc,start     ] GC(216) Pause Young (Normal) (G1 Evacuation Pause)
[10.390s][info][gc,task      ] GC(216) Using 8 workers of 8 for evacuation
[10.390s][info][gc,phases    ] GC(216)   Pre Evacuate Collection Set: 0.0ms
[10.390s][info][gc,phases    ] GC(216)   Evacuate Collection Set: 0.5ms
[10.390s][info][gc,phases    ] GC(216)   Post Evacuate Collection Set: 0.3ms
[10.390s][info][gc,phases    ] GC(216)   Other: 0.2ms
[10.390s][info][gc,heap      ] GC(216) Eden regions: 306->0(306)
[10.390s][info][gc,heap      ] GC(216) Survivor regions: 1->1(39)
[10.390s][info][gc,heap      ] GC(216) Old regions: 14->14
[10.391s][info][gc,heap      ] GC(216) Humongous regions: 0->0
[10.391s][info][gc,metaspace ] GC(216) Metaspace: 7413K->7413K(1056768K)
[10.391s][info][gc           ] GC(216) Pause Young (Normal) (G1 Evacuation Pause) 320M->14M(512M) 1.063ms
[10.391s][info][gc,cpu       ] GC(216) User=0.00s Sys=0.00s Real=0.00s
[10.445s][info][gc,start     ] GC(217) Pause Young (Normal) (G1 Evacuation Pause)
[10.445s][info][gc,task      ] GC(217) Using 8 workers of 8 for evacuation
[10.446s][info][gc,phases    ] GC(217)   Pre Evacuate Collection Set: 0.0ms
[10.446s][info][gc,phases    ] GC(217)   Evacuate Collection Set: 0.5ms
[10.446s][info][gc,phases    ] GC(217)   Post Evacuate Collection Set: 0.3ms
[10.446s][info][gc,phases    ] GC(217)   Other: 0.2ms
[10.446s][info][gc,heap      ] GC(217) Eden regions: 306->0(306)
[10.446s][info][gc,heap      ] GC(217) Survivor regions: 1->1(39)
[10.446s][info][gc,heap      ] GC(217) Old regions: 14->14
[10.446s][info][gc,heap      ] GC(217) Humongous regions: 0->0
[10.446s][info][gc,metaspace ] GC(217) Metaspace: 7413K->7413K(1056768K)
[10.446s][info][gc           ] GC(217) Pause Young (Normal) (G1 Evacuation Pause) 320M->14M(512M) 1.061ms
[10.446s][info][gc,cpu       ] GC(217) User=0.00s Sys=0.00s Real=0.00s
[10.487s][info][gc,start     ] GC(218) Pause Young (Normal) (G1 Evacuation Pause)
[10.487s][info][gc,task      ] GC(218) Using 8 workers of 8 for evacuation
[10.488s][info][gc,phases    ] GC(218)   Pre Evacuate Collection Set: 0.0ms
[10.488s][info][gc,phases    ] GC(218)   Evacuate Collection Set: 0.5ms
[10.488s][info][gc,phases    ] GC(218)   Post Evacuate Collection Set: 0.2ms
[10.488s][info][gc,phases    ] GC(218)   Other: 0.2ms
[10.488s][info][gc,heap      ] GC(218) Eden regions: 306->0(306)
[10.488s][info][gc,heap      ] GC(218) Survivor regions: 1->1(39)
[10.488s][info][gc,heap      ] GC(218) Old regions: 14->14
[10.488s][info][gc,heap      ] GC(218) Humongous regions: 0->0
[10.488s][info][gc,metaspace ] GC(218) Metaspace: 7413K->7413K(1056768K)
[10.488s][info][gc           ] GC(218) Pause Young (Normal) (G1 Evacuation Pause) 320M->14M(512M) 1.128ms
[10.488s][info][gc,cpu       ] GC(218) User=0.00s Sys=0.00s Real=0.00s
[10.533s][info][gc,start     ] GC(219) Pause Young (Normal) (G1 Evacuation Pause)
[10.543s][info][gc,task      ] GC(219) Using 8 workers of 8 for evacuation
[10.545s][info][gc,phases    ] GC(219)   Pre Evacuate Collection Set: 0.0ms
[10.545s][info][gc,phases    ] GC(219)   Evacuate Collection Set: 1.3ms
[10.545s][info][gc,phases    ] GC(219)   Post Evacuate Collection Set: 0.5ms
[10.546s][info][gc,phases    ] GC(219)   Other: 10.7ms
[10.546s][info][gc,heap      ] GC(219) Eden regions: 306->0(306)
[10.546s][info][gc,heap      ] GC(219) Survivor regions: 1->1(39)
[10.546s][info][gc,heap      ] GC(219) Old regions: 14->14
[10.546s][info][gc,heap      ] GC(219) Humongous regions: 0->0
[10.546s][info][gc,metaspace ] GC(219) Metaspace: 7413K->7413K(1056768K)
[10.546s][info][gc           ] GC(219) Pause Young (Normal) (G1 Evacuation Pause) 320M->14M(512M) 12.820ms
[10.546s][info][gc,cpu       ] GC(219) User=0.00s Sys=0.01s Real=0.01s
[10.590s][info][gc,start     ] GC(220) Pause Young (Normal) (G1 Evacuation Pause)
[10.590s][info][gc,task      ] GC(220) Using 8 workers of 8 for evacuation
[10.591s][info][gc,phases    ] GC(220)   Pre Evacuate Collection Set: 0.0ms
[10.591s][info][gc,phases    ] GC(220)   Evacuate Collection Set: 0.4ms
[10.591s][info][gc,phases    ] GC(220)   Post Evacuate Collection Set: 0.2ms
[10.591s][info][gc,phases    ] GC(220)   Other: 0.2ms
[10.591s][info][gc,heap      ] GC(220) Eden regions: 306->0(306)
[10.591s][info][gc,heap      ] GC(220) Survivor regions: 1->1(39)
[10.591s][info][gc,heap      ] GC(220) Old regions: 14->14
[10.591s][info][gc,heap      ] GC(220) Humongous regions: 0->0
[10.591s][info][gc,metaspace ] GC(220) Metaspace: 7413K->7413K(1056768K)
[10.591s][info][gc           ] GC(220) Pause Young (Normal) (G1 Evacuation Pause) 320M->14M(512M) 0.866ms
[10.591s][info][gc,cpu       ] GC(220) User=0.00s Sys=0.00s Real=0.00s
[10.648s][info][gc,start     ] GC(221) Pause Young (Normal) (G1 Evacuation Pause)
[10.648s][info][gc,task      ] GC(221) Using 8 workers of 8 for evacuation
[10.649s][info][gc,phases    ] GC(221)   Pre Evacuate Collection Set: 0.0ms
[10.649s][info][gc,phases    ] GC(221)   Evacuate Collection Set: 0.4ms
[10.649s][info][gc,phases    ] GC(221)   Post Evacuate Collection Set: 0.3ms
[10.649s][info][gc,phases    ] GC(221)   Other: 0.2ms
[10.649s][info][gc,heap      ] GC(221) Eden regions: 306->0(306)
[10.649s][info][gc,heap      ] GC(221) Survivor regions: 1->1(39)
[10.649s][info][gc,heap      ] GC(221) Old regions: 14->14
[10.649s][info][gc,heap      ] GC(221) Humongous regions: 0->0
[10.649s][info][gc,metaspace ] GC(221) Metaspace: 7413K->7413K(1056768K)
[10.649s][info][gc           ] GC(221) Pause Young (Normal) (G1 Evacuation Pause) 320M->14M(512M) 0.972ms
[10.649s][info][gc,cpu       ] GC(221) User=0.00s Sys=0.00s Real=0.00s
[10.701s][info][gc,start     ] GC(222) Pause Young (Normal) (G1 Evacuation Pause)
[10.701s][info][gc,task      ] GC(222) Using 8 workers of 8 for evacuation
[10.701s][info][gc,phases    ] GC(222)   Pre Evacuate Collection Set: 0.0ms
[10.701s][info][gc,phases    ] GC(222)   Evacuate Collection Set: 0.5ms
[10.701s][info][gc,phases    ] GC(222)   Post Evacuate Collection Set: 0.2ms
[10.701s][info][gc,phases    ] GC(222)   Other: 0.2ms
[10.702s][info][gc,heap      ] GC(222) Eden regions: 306->0(306)
[10.702s][info][gc,heap      ] GC(222) Survivor regions: 1->1(39)
[10.702s][info][gc,heap      ] GC(222) Old regions: 14->14
[10.702s][info][gc,heap      ] GC(222) Humongous regions: 0->0
[10.702s][info][gc,metaspace ] GC(222) Metaspace: 7413K->7413K(1056768K)
[10.702s][info][gc           ] GC(222) Pause Young (Normal) (G1 Evacuation Pause) 320M->14M(512M) 0.994ms
[10.702s][info][gc,cpu       ] GC(222) User=0.00s Sys=0.00s Real=0.00s
[10.747s][info][gc,start     ] GC(223) Pause Young (Normal) (G1 Evacuation Pause)
[10.747s][info][gc,task      ] GC(223) Using 8 workers of 8 for evacuation
[10.748s][info][gc,phases    ] GC(223)   Pre Evacuate Collection Set: 0.0ms
[10.748s][info][gc,phases    ] GC(223)   Evacuate Collection Set: 0.5ms
[10.748s][info][gc,phases    ] GC(223)   Post Evacuate Collection Set: 0.3ms
[10.748s][info][gc,phases    ] GC(223)   Other: 0.2ms
[10.748s][info][gc,heap      ] GC(223) Eden regions: 306->0(306)
[10.748s][info][gc,heap      ] GC(223) Survivor regions: 1->1(39)
[10.748s][info][gc,heap      ] GC(223) Old regions: 14->14
[10.748s][info][gc,heap      ] GC(223) Humongous regions: 0->0
[10.748s][info][gc,metaspace ] GC(223) Metaspace: 7413K->7413K(1056768K)
[10.748s][info][gc           ] GC(223) Pause Young (Normal) (G1 Evacuation Pause) 320M->14M(512M) 1.005ms
[10.748s][info][gc,cpu       ] GC(223) User=0.01s Sys=0.00s Real=0.01s
[10.786s][info][gc,start     ] GC(224) Pause Young (Normal) (G1 Evacuation Pause)
[10.786s][info][gc,task      ] GC(224) Using 8 workers of 8 for evacuation
[10.787s][info][gc,phases    ] GC(224)   Pre Evacuate Collection Set: 0.0ms
[10.787s][info][gc,phases    ] GC(224)   Evacuate Collection Set: 0.3ms
[10.787s][info][gc,phases    ] GC(224)   Post Evacuate Collection Set: 0.3ms
[10.787s][info][gc,phases    ] GC(224)   Other: 0.1ms
[10.787s][info][gc,heap      ] GC(224) Eden regions: 306->0(306)
[10.787s][info][gc,heap      ] GC(224) Survivor regions: 1->1(39)
[10.787s][info][gc,heap      ] GC(224) Old regions: 14->15
[10.787s][info][gc,heap      ] GC(224) Humongous regions: 0->0
[10.787s][info][gc,metaspace ] GC(224) Metaspace: 7413K->7413K(1056768K)
[10.787s][info][gc           ] GC(224) Pause Young (Normal) (G1 Evacuation Pause) 320M->14M(512M) 0.886ms
[10.787s][info][gc,cpu       ] GC(224) User=0.00s Sys=0.00s Real=0.00s
[10.831s][info][gc,start     ] GC(225) Pause Young (Normal) (G1 Evacuation Pause)
[10.831s][info][gc,task      ] GC(225) Using 8 workers of 8 for evacuation
[10.832s][info][gc,phases    ] GC(225)   Pre Evacuate Collection Set: 0.0ms
[10.832s][info][gc,phases    ] GC(225)   Evacuate Collection Set: 0.4ms
[10.832s][info][gc,phases    ] GC(225)   Post Evacuate Collection Set: 0.3ms
[10.832s][info][gc,phases    ] GC(225)   Other: 0.1ms
[10.832s][info][gc,heap      ] GC(225) Eden regions: 306->0(306)
[10.832s][info][gc,heap      ] GC(225) Survivor regions: 1->1(39)
[10.832s][info][gc,heap      ] GC(225) Old regions: 15->15
[10.832s][info][gc,heap      ] GC(225) Humongous regions: 0->0
[10.832s][info][gc,metaspace ] GC(225) Metaspace: 7413K->7413K(1056768K)
[10.832s][info][gc           ] GC(225) Pause Young (Normal) (G1 Evacuation Pause) 320M->15M(512M) 0.992ms
[10.832s][info][gc,cpu       ] GC(225) User=0.01s Sys=0.00s Real=0.00s
[10.880s][info][gc,start     ] GC(226) Pause Young (Normal) (G1 Evacuation Pause)
[10.880s][info][gc,task      ] GC(226) Using 8 workers of 8 for evacuation
[10.881s][info][gc,phases    ] GC(226)   Pre Evacuate Collection Set: 0.0ms
[10.881s][info][gc,phases    ] GC(226)   Evacuate Collection Set: 0.4ms
[10.881s][info][gc,phases    ] GC(226)   Post Evacuate Collection Set: 0.3ms
[10.881s][info][gc,phases    ] GC(226)   Other: 0.2ms
[10.881s][info][gc,heap      ] GC(226) Eden regions: 306->0(306)
[10.881s][info][gc,heap      ] GC(226) Survivor regions: 1->1(39)
[10.881s][info][gc,heap      ] GC(226) Old regions: 15->15
[10.881s][info][gc,heap      ] GC(226) Humongous regions: 0->0
[10.881s][info][gc,metaspace ] GC(226) Metaspace: 7413K->7413K(1056768K)
[10.881s][info][gc           ] GC(226) Pause Young (Normal) (G1 Evacuation Pause) 321M->15M(512M) 1.019ms
[10.881s][info][gc,cpu       ] GC(226) User=0.00s Sys=0.00s Real=0.00s
[10.935s][info][gc,start     ] GC(227) Pause Young (Normal) (G1 Evacuation Pause)
[10.935s][info][gc,task      ] GC(227) Using 8 workers of 8 for evacuation
[10.936s][info][gc,phases    ] GC(227)   Pre Evacuate Collection Set: 0.0ms
[10.936s][info][gc,phases    ] GC(227)   Evacuate Collection Set: 0.8ms
[10.936s][info][gc,phases    ] GC(227)   Post Evacuate Collection Set: 0.7ms
[10.936s][info][gc,phases    ] GC(227)   Other: 0.3ms
[10.937s][info][gc,heap      ] GC(227) Eden regions: 306->0(306)
[10.937s][info][gc,heap      ] GC(227) Survivor regions: 1->1(39)
[10.937s][info][gc,heap      ] GC(227) Old regions: 15->15
[10.937s][info][gc,heap      ] GC(227) Humongous regions: 0->0
[10.937s][info][gc,metaspace ] GC(227) Metaspace: 7413K->7413K(1056768K)
[10.937s][info][gc           ] GC(227) Pause Young (Normal) (G1 Evacuation Pause) 321M->15M(512M) 2.074ms
[10.937s][info][gc,cpu       ] GC(227) User=0.01s Sys=0.00s Real=0.00s
[10.987s][info][gc,start     ] GC(228) Pause Young (Normal) (G1 Evacuation Pause)
[10.987s][info][gc,task      ] GC(228) Using 8 workers of 8 for evacuation
[10.988s][info][gc,phases    ] GC(228)   Pre Evacuate Collection Set: 0.0ms
[10.988s][info][gc,phases    ] GC(228)   Evacuate Collection Set: 0.4ms
[10.988s][info][gc,phases    ] GC(228)   Post Evacuate Collection Set: 0.2ms
[10.988s][info][gc,phases    ] GC(228)   Other: 0.1ms
[10.988s][info][gc,heap      ] GC(228) Eden regions: 306->0(306)
[10.988s][info][gc,heap      ] GC(228) Survivor regions: 1->1(39)
[10.988s][info][gc,heap      ] GC(228) Old regions: 15->15
[10.988s][info][gc,heap      ] GC(228) Humongous regions: 0->0
[10.988s][info][gc,metaspace ] GC(228) Metaspace: 7413K->7413K(1056768K)
[10.988s][info][gc           ] GC(228) Pause Young (Normal) (G1 Evacuation Pause) 321M->15M(512M) 0.878ms
[10.988s][info][gc,cpu       ] GC(228) User=0.00s Sys=0.01s Real=0.00s
[11.028s][info][gc,start     ] GC(229) Pause Young (Normal) (G1 Evacuation Pause)
[11.028s][info][gc,task      ] GC(229) Using 8 workers of 8 for evacuation
[11.029s][info][gc,phases    ] GC(229)   Pre Evacuate Collection Set: 0.0ms
[11.029s][info][gc,phases    ] GC(229)   Evacuate Collection Set: 0.4ms
[11.029s][info][gc,phases    ] GC(229)   Post Evacuate Collection Set: 0.3ms
[11.029s][info][gc,phases    ] GC(229)   Other: 0.2ms
[11.029s][info][gc,heap      ] GC(229) Eden regions: 306->0(306)
[11.029s][info][gc,heap      ] GC(229) Survivor regions: 1->1(39)
[11.029s][info][gc,heap      ] GC(229) Old regions: 15->15
[11.029s][info][gc,heap      ] GC(229) Humongous regions: 0->0
[11.029s][info][gc,metaspace ] GC(229) Metaspace: 7413K->7413K(1056768K)
[11.029s][info][gc           ] GC(229) Pause Young (Normal) (G1 Evacuation Pause) 321M->15M(512M) 0.974ms
[11.029s][info][gc,cpu       ] GC(229) User=0.01s Sys=0.00s Real=0.01s
[11.069s][info][gc,start     ] GC(230) Pause Young (Normal) (G1 Evacuation Pause)
[11.069s][info][gc,task      ] GC(230) Using 8 workers of 8 for evacuation
[11.070s][info][gc,phases    ] GC(230)   Pre Evacuate Collection Set: 0.0ms
[11.070s][info][gc,phases    ] GC(230)   Evacuate Collection Set: 0.4ms
[11.070s][info][gc,phases    ] GC(230)   Post Evacuate Collection Set: 0.3ms
[11.070s][info][gc,phases    ] GC(230)   Other: 0.1ms
[11.070s][info][gc,heap      ] GC(230) Eden regions: 306->0(306)
[11.070s][info][gc,heap      ] GC(230) Survivor regions: 1->1(39)
[11.070s][info][gc,heap      ] GC(230) Old regions: 15->15
[11.070s][info][gc,heap      ] GC(230) Humongous regions: 0->0
[11.070s][info][gc,metaspace ] GC(230) Metaspace: 7413K->7413K(1056768K)
[11.070s][info][gc           ] GC(230) Pause Young (Normal) (G1 Evacuation Pause) 321M->15M(512M) 0.982ms
[11.070s][info][gc,cpu       ] GC(230) User=0.00s Sys=0.00s Real=0.00s
[11.116s][info][gc,start     ] GC(231) Pause Young (Normal) (G1 Evacuation Pause)
[11.116s][info][gc,task      ] GC(231) Using 8 workers of 8 for evacuation
[11.117s][info][gc,phases    ] GC(231)   Pre Evacuate Collection Set: 0.0ms
[11.117s][info][gc,phases    ] GC(231)   Evacuate Collection Set: 0.5ms
[11.117s][info][gc,phases    ] GC(231)   Post Evacuate Collection Set: 0.2ms
[11.117s][info][gc,phases    ] GC(231)   Other: 0.1ms
[11.117s][info][gc,heap      ] GC(231) Eden regions: 306->0(306)
[11.117s][info][gc,heap      ] GC(231) Survivor regions: 1->1(39)
[11.117s][info][gc,heap      ] GC(231) Old regions: 15->15
[11.117s][info][gc,heap      ] GC(231) Humongous regions: 0->0
[11.117s][info][gc,metaspace ] GC(231) Metaspace: 7413K->7413K(1056768K)
[11.117s][info][gc           ] GC(231) Pause Young (Normal) (G1 Evacuation Pause) 321M->15M(512M) 0.954ms
[11.117s][info][gc,cpu       ] GC(231) User=0.00s Sys=0.00s Real=0.00s
[11.166s][info][gc,start     ] GC(232) Pause Young (Normal) (G1 Evacuation Pause)
[11.166s][info][gc,task      ] GC(232) Using 8 workers of 8 for evacuation
[11.167s][info][gc,phases    ] GC(232)   Pre Evacuate Collection Set: 0.0ms
[11.167s][info][gc,phases    ] GC(232)   Evacuate Collection Set: 0.4ms
[11.167s][info][gc,phases    ] GC(232)   Post Evacuate Collection Set: 0.2ms
[11.167s][info][gc,phases    ] GC(232)   Other: 0.1ms
[11.167s][info][gc,heap      ] GC(232) Eden regions: 306->0(306)
[11.167s][info][gc,heap      ] GC(232) Survivor regions: 1->1(39)
[11.167s][info][gc,heap      ] GC(232) Old regions: 15->15
[11.167s][info][gc,heap      ] GC(232) Humongous regions: 0->0
[11.167s][info][gc,metaspace ] GC(232) Metaspace: 7413K->7413K(1056768K)
[11.167s][info][gc           ] GC(232) Pause Young (Normal) (G1 Evacuation Pause) 321M->15M(512M) 0.883ms
[11.167s][info][gc,cpu       ] GC(232) User=0.01s Sys=0.00s Real=0.00s
[11.213s][info][gc,start     ] GC(233) Pause Young (Normal) (G1 Evacuation Pause)
[11.213s][info][gc,task      ] GC(233) Using 8 workers of 8 for evacuation
[11.213s][info][gc,phases    ] GC(233)   Pre Evacuate Collection Set: 0.0ms
[11.214s][info][gc,phases    ] GC(233)   Evacuate Collection Set: 0.4ms
[11.214s][info][gc,phases    ] GC(233)   Post Evacuate Collection Set: 0.3ms
[11.214s][info][gc,phases    ] GC(233)   Other: 0.2ms
[11.214s][info][gc,heap      ] GC(233) Eden regions: 306->0(306)
[11.214s][info][gc,heap      ] GC(233) Survivor regions: 1->1(39)
[11.214s][info][gc,heap      ] GC(233) Old regions: 15->15
[11.214s][info][gc,heap      ] GC(233) Humongous regions: 0->0
[11.214s][info][gc,metaspace ] GC(233) Metaspace: 7413K->7413K(1056768K)
[11.214s][info][gc           ] GC(233) Pause Young (Normal) (G1 Evacuation Pause) 321M->15M(512M) 1.067ms
[11.214s][info][gc,cpu       ] GC(233) User=0.01s Sys=0.00s Real=0.00s
[11.253s][info][gc,start     ] GC(234) Pause Young (Normal) (G1 Evacuation Pause)
[11.253s][info][gc,task      ] GC(234) Using 8 workers of 8 for evacuation
[11.254s][info][gc,phases    ] GC(234)   Pre Evacuate Collection Set: 0.0ms
[11.254s][info][gc,phases    ] GC(234)   Evacuate Collection Set: 0.4ms
[11.254s][info][gc,phases    ] GC(234)   Post Evacuate Collection Set: 0.2ms
[11.254s][info][gc,phases    ] GC(234)   Other: 0.1ms
[11.254s][info][gc,heap      ] GC(234) Eden regions: 306->0(306)
[11.254s][info][gc,heap      ] GC(234) Survivor regions: 1->1(39)
[11.254s][info][gc,heap      ] GC(234) Old regions: 15->15
[11.254s][info][gc,heap      ] GC(234) Humongous regions: 0->0
[11.254s][info][gc,metaspace ] GC(234) Metaspace: 7413K->7413K(1056768K)
[11.254s][info][gc           ] GC(234) Pause Young (Normal) (G1 Evacuation Pause) 321M->15M(512M) 0.885ms
[11.254s][info][gc,cpu       ] GC(234) User=0.00s Sys=0.00s Real=0.00s
[11.300s][info][gc,start     ] GC(235) Pause Young (Normal) (G1 Evacuation Pause)
[11.300s][info][gc,task      ] GC(235) Using 8 workers of 8 for evacuation
[11.301s][info][gc,phases    ] GC(235)   Pre Evacuate Collection Set: 0.0ms
[11.301s][info][gc,phases    ] GC(235)   Evacuate Collection Set: 0.4ms
[11.301s][info][gc,phases    ] GC(235)   Post Evacuate Collection Set: 0.2ms
[11.301s][info][gc,phases    ] GC(235)   Other: 0.1ms
[11.301s][info][gc,heap      ] GC(235) Eden regions: 306->0(306)
[11.301s][info][gc,heap      ] GC(235) Survivor regions: 1->1(39)
[11.301s][info][gc,heap      ] GC(235) Old regions: 15->15
[11.301s][info][gc,heap      ] GC(235) Humongous regions: 0->0
[11.301s][info][gc,metaspace ] GC(235) Metaspace: 7413K->7413K(1056768K)
[11.301s][info][gc           ] GC(235) Pause Young (Normal) (G1 Evacuation Pause) 321M->15M(512M) 0.910ms
[11.301s][info][gc,cpu       ] GC(235) User=0.00s Sys=0.00s Real=0.00s
[11.354s][info][gc,start     ] GC(236) Pause Young (Normal) (G1 Evacuation Pause)
[11.354s][info][gc,task      ] GC(236) Using 8 workers of 8 for evacuation
[11.354s][info][gc,phases    ] GC(236)   Pre Evacuate Collection Set: 0.0ms
[11.354s][info][gc,phases    ] GC(236)   Evacuate Collection Set: 0.4ms
[11.354s][info][gc,phases    ] GC(236)   Post Evacuate Collection Set: 0.2ms
[11.354s][info][gc,phases    ] GC(236)   Other: 0.1ms
[11.355s][info][gc,heap      ] GC(236) Eden regions: 306->0(306)
[11.355s][info][gc,heap      ] GC(236) Survivor regions: 1->1(39)
[11.355s][info][gc,heap      ] GC(236) Old regions: 15->15
[11.355s][info][gc,heap      ] GC(236) Humongous regions: 0->0
[11.355s][info][gc,metaspace ] GC(236) Metaspace: 7413K->7413K(1056768K)
[11.355s][info][gc           ] GC(236) Pause Young (Normal) (G1 Evacuation Pause) 321M->15M(512M) 0.894ms
[11.355s][info][gc,cpu       ] GC(236) User=0.01s Sys=0.00s Real=0.00s
[11.397s][info][gc,start     ] GC(237) Pause Young (Normal) (G1 Evacuation Pause)
[11.397s][info][gc,task      ] GC(237) Using 8 workers of 8 for evacuation
[11.398s][info][gc,phases    ] GC(237)   Pre Evacuate Collection Set: 0.0ms
[11.398s][info][gc,phases    ] GC(237)   Evacuate Collection Set: 0.4ms
[11.398s][info][gc,phases    ] GC(237)   Post Evacuate Collection Set: 0.2ms
[11.398s][info][gc,phases    ] GC(237)   Other: 0.1ms
[11.398s][info][gc,heap      ] GC(237) Eden regions: 306->0(306)
[11.398s][info][gc,heap      ] GC(237) Survivor regions: 1->1(39)
[11.398s][info][gc,heap      ] GC(237) Old regions: 15->15
[11.398s][info][gc,heap      ] GC(237) Humongous regions: 0->0
[11.398s][info][gc,metaspace ] GC(237) Metaspace: 7413K->7413K(1056768K)
[11.398s][info][gc           ] GC(237) Pause Young (Normal) (G1 Evacuation Pause) 321M->15M(512M) 0.835ms
[11.398s][info][gc,cpu       ] GC(237) User=0.00s Sys=0.00s Real=0.00s
[11.442s][info][gc,start     ] GC(238) Pause Young (Normal) (G1 Evacuation Pause)
[11.442s][info][gc,task      ] GC(238) Using 8 workers of 8 for evacuation
[11.442s][info][gc,phases    ] GC(238)   Pre Evacuate Collection Set: 0.0ms
[11.442s][info][gc,phases    ] GC(238)   Evacuate Collection Set: 0.3ms
[11.442s][info][gc,phases    ] GC(238)   Post Evacuate Collection Set: 0.2ms
[11.442s][info][gc,phases    ] GC(238)   Other: 0.2ms
[11.442s][info][gc,heap      ] GC(238) Eden regions: 306->0(306)
[11.442s][info][gc,heap      ] GC(238) Survivor regions: 1->1(39)
[11.442s][info][gc,heap      ] GC(238) Old regions: 15->15
[11.442s][info][gc,heap      ] GC(238) Humongous regions: 0->0
[11.442s][info][gc,metaspace ] GC(238) Metaspace: 7413K->7413K(1056768K)
[11.443s][info][gc           ] GC(238) Pause Young (Normal) (G1 Evacuation Pause) 321M->15M(512M) 0.810ms
[11.443s][info][gc,cpu       ] GC(238) User=0.00s Sys=0.00s Real=0.00s
[11.483s][info][gc,start     ] GC(239) Pause Young (Normal) (G1 Evacuation Pause)
[11.484s][info][gc,task      ] GC(239) Using 8 workers of 8 for evacuation
[11.484s][info][gc,phases    ] GC(239)   Pre Evacuate Collection Set: 0.0ms
[11.484s][info][gc,phases    ] GC(239)   Evacuate Collection Set: 0.5ms
[11.484s][info][gc,phases    ] GC(239)   Post Evacuate Collection Set: 0.3ms
[11.485s][info][gc,phases    ] GC(239)   Other: 0.2ms
[11.485s][info][gc,heap      ] GC(239) Eden regions: 306->0(306)
[11.485s][info][gc,heap      ] GC(239) Survivor regions: 1->1(39)
[11.485s][info][gc,heap      ] GC(239) Old regions: 15->15
[11.485s][info][gc,heap      ] GC(239) Humongous regions: 0->0
[11.485s][info][gc,metaspace ] GC(239) Metaspace: 7413K->7413K(1056768K)
[11.485s][info][gc           ] GC(239) Pause Young (Normal) (G1 Evacuation Pause) 321M->15M(512M) 1.101ms
[11.485s][info][gc,cpu       ] GC(239) User=0.00s Sys=0.00s Real=0.00s
[11.524s][info][gc,start     ] GC(240) Pause Young (Normal) (G1 Evacuation Pause)
[11.524s][info][gc,task      ] GC(240) Using 8 workers of 8 for evacuation
[11.525s][info][gc,phases    ] GC(240)   Pre Evacuate Collection Set: 0.0ms
[11.525s][info][gc,phases    ] GC(240)   Evacuate Collection Set: 0.4ms
[11.525s][info][gc,phases    ] GC(240)   Post Evacuate Collection Set: 0.2ms
[11.525s][info][gc,phases    ] GC(240)   Other: 0.1ms
[11.525s][info][gc,heap      ] GC(240) Eden regions: 306->0(306)
[11.525s][info][gc,heap      ] GC(240) Survivor regions: 1->1(39)
[11.525s][info][gc,heap      ] GC(240) Old regions: 15->16
[11.525s][info][gc,heap      ] GC(240) Humongous regions: 0->0
[11.525s][info][gc,metaspace ] GC(240) Metaspace: 7413K->7413K(1056768K)
[11.525s][info][gc           ] GC(240) Pause Young (Normal) (G1 Evacuation Pause) 321M->15M(512M) 0.851ms
[11.525s][info][gc,cpu       ] GC(240) User=0.00s Sys=0.00s Real=0.00s
[11.566s][info][gc,start     ] GC(241) Pause Young (Normal) (G1 Evacuation Pause)
[11.566s][info][gc,task      ] GC(241) Using 8 workers of 8 for evacuation
[11.568s][info][gc,phases    ] GC(241)   Pre Evacuate Collection Set: 0.0ms
[11.568s][info][gc,phases    ] GC(241)   Evacuate Collection Set: 0.8ms
[11.568s][info][gc,phases    ] GC(241)   Post Evacuate Collection Set: 0.7ms
[11.568s][info][gc,phases    ] GC(241)   Other: 0.3ms
[11.568s][info][gc,heap      ] GC(241) Eden regions: 306->0(306)
[11.568s][info][gc,heap      ] GC(241) Survivor regions: 1->1(39)
[11.568s][info][gc,heap      ] GC(241) Old regions: 16->16
[11.568s][info][gc,heap      ] GC(241) Humongous regions: 0->0
[11.568s][info][gc,metaspace ] GC(241) Metaspace: 7413K->7413K(1056768K)
[11.568s][info][gc           ] GC(241) Pause Young (Normal) (G1 Evacuation Pause) 321M->16M(512M) 1.937ms
[11.568s][info][gc,cpu       ] GC(241) User=0.01s Sys=0.00s Real=0.00s
[11.623s][info][gc,start     ] GC(242) Pause Young (Normal) (G1 Evacuation Pause)
[11.623s][info][gc,task      ] GC(242) Using 8 workers of 8 for evacuation
[11.625s][info][gc,phases    ] GC(242)   Pre Evacuate Collection Set: 0.0ms
[11.625s][info][gc,phases    ] GC(242)   Evacuate Collection Set: 1.2ms
[11.625s][info][gc,phases    ] GC(242)   Post Evacuate Collection Set: 0.8ms
[11.625s][info][gc,phases    ] GC(242)   Other: 0.3ms
[11.625s][info][gc,heap      ] GC(242) Eden regions: 306->0(306)
[11.625s][info][gc,heap      ] GC(242) Survivor regions: 1->1(39)
[11.625s][info][gc,heap      ] GC(242) Old regions: 16->16
[11.625s][info][gc,heap      ] GC(242) Humongous regions: 0->0
[11.625s][info][gc,metaspace ] GC(242) Metaspace: 7413K->7413K(1056768K)
[11.625s][info][gc           ] GC(242) Pause Young (Normal) (G1 Evacuation Pause) 322M->16M(512M) 2.520ms
[11.625s][info][gc,cpu       ] GC(242) User=0.01s Sys=0.00s Real=0.00s
[11.676s][info][gc,start     ] GC(243) Pause Young (Normal) (G1 Evacuation Pause)
[11.676s][info][gc,task      ] GC(243) Using 8 workers of 8 for evacuation
[11.677s][info][gc,phases    ] GC(243)   Pre Evacuate Collection Set: 0.0ms
[11.677s][info][gc,phases    ] GC(243)   Evacuate Collection Set: 0.4ms
[11.677s][info][gc,phases    ] GC(243)   Post Evacuate Collection Set: 0.3ms
[11.677s][info][gc,phases    ] GC(243)   Other: 0.2ms
[11.677s][info][gc,heap      ] GC(243) Eden regions: 306->0(306)
[11.677s][info][gc,heap      ] GC(243) Survivor regions: 1->1(39)
[11.677s][info][gc,heap      ] GC(243) Old regions: 16->16
[11.677s][info][gc,heap      ] GC(243) Humongous regions: 0->0
[11.677s][info][gc,metaspace ] GC(243) Metaspace: 7413K->7413K(1056768K)
[11.677s][info][gc           ] GC(243) Pause Young (Normal) (G1 Evacuation Pause) 322M->16M(512M) 0.963ms
[11.677s][info][gc,cpu       ] GC(243) User=0.00s Sys=0.00s Real=0.00s
[11.720s][info][gc,start     ] GC(244) Pause Young (Normal) (G1 Evacuation Pause)
[11.720s][info][gc,task      ] GC(244) Using 8 workers of 8 for evacuation
[11.721s][info][gc,phases    ] GC(244)   Pre Evacuate Collection Set: 0.0ms
[11.721s][info][gc,phases    ] GC(244)   Evacuate Collection Set: 0.4ms
[11.721s][info][gc,phases    ] GC(244)   Post Evacuate Collection Set: 0.3ms
[11.721s][info][gc,phases    ] GC(244)   Other: 0.2ms
[11.721s][info][gc,heap      ] GC(244) Eden regions: 306->0(306)
[11.721s][info][gc,heap      ] GC(244) Survivor regions: 1->1(39)
[11.721s][info][gc,heap      ] GC(244) Old regions: 16->16
[11.721s][info][gc,heap      ] GC(244) Humongous regions: 0->0
[11.721s][info][gc,metaspace ] GC(244) Metaspace: 7413K->7413K(1056768K)
[11.721s][info][gc           ] GC(244) Pause Young (Normal) (G1 Evacuation Pause) 322M->16M(512M) 1.064ms
[11.721s][info][gc,cpu       ] GC(244) User=0.00s Sys=0.00s Real=0.00s
[11.764s][info][gc,start     ] GC(245) Pause Young (Normal) (G1 Evacuation Pause)
[11.764s][info][gc,task      ] GC(245) Using 8 workers of 8 for evacuation
[11.765s][info][gc,phases    ] GC(245)   Pre Evacuate Collection Set: 0.0ms
[11.765s][info][gc,phases    ] GC(245)   Evacuate Collection Set: 0.6ms
[11.765s][info][gc,phases    ] GC(245)   Post Evacuate Collection Set: 0.3ms
[11.765s][info][gc,phases    ] GC(245)   Other: 0.2ms
[11.765s][info][gc,heap      ] GC(245) Eden regions: 306->0(306)
[11.765s][info][gc,heap      ] GC(245) Survivor regions: 1->1(39)
[11.765s][info][gc,heap      ] GC(245) Old regions: 16->16
[11.765s][info][gc,heap      ] GC(245) Humongous regions: 0->0
[11.765s][info][gc,metaspace ] GC(245) Metaspace: 7413K->7413K(1056768K)
[11.765s][info][gc           ] GC(245) Pause Young (Normal) (G1 Evacuation Pause) 322M->16M(512M) 1.169ms
[11.765s][info][gc,cpu       ] GC(245) User=0.00s Sys=0.00s Real=0.00s
[11.814s][info][gc,start     ] GC(246) Pause Young (Normal) (G1 Evacuation Pause)
[11.814s][info][gc,task      ] GC(246) Using 8 workers of 8 for evacuation
[11.815s][info][gc,phases    ] GC(246)   Pre Evacuate Collection Set: 0.0ms
[11.815s][info][gc,phases    ] GC(246)   Evacuate Collection Set: 0.4ms
[11.815s][info][gc,phases    ] GC(246)   Post Evacuate Collection Set: 0.2ms
[11.815s][info][gc,phases    ] GC(246)   Other: 0.1ms
[11.815s][info][gc,heap      ] GC(246) Eden regions: 306->0(306)
[11.815s][info][gc,heap      ] GC(246) Survivor regions: 1->1(39)
[11.815s][info][gc,heap      ] GC(246) Old regions: 16->16
[11.815s][info][gc,heap      ] GC(246) Humongous regions: 0->0
[11.815s][info][gc,metaspace ] GC(246) Metaspace: 7413K->7413K(1056768K)
[11.815s][info][gc           ] GC(246) Pause Young (Normal) (G1 Evacuation Pause) 322M->16M(512M) 0.867ms
[11.815s][info][gc,cpu       ] GC(246) User=0.00s Sys=0.00s Real=0.00s
[11.864s][info][gc,start     ] GC(247) Pause Young (Normal) (G1 Evacuation Pause)
[11.864s][info][gc,task      ] GC(247) Using 8 workers of 8 for evacuation
[11.865s][info][gc,phases    ] GC(247)   Pre Evacuate Collection Set: 0.0ms
[11.865s][info][gc,phases    ] GC(247)   Evacuate Collection Set: 0.5ms
[11.865s][info][gc,phases    ] GC(247)   Post Evacuate Collection Set: 0.3ms
[11.865s][info][gc,phases    ] GC(247)   Other: 0.1ms
[11.865s][info][gc,heap      ] GC(247) Eden regions: 306->0(306)
[11.865s][info][gc,heap      ] GC(247) Survivor regions: 1->1(39)
[11.865s][info][gc,heap      ] GC(247) Old regions: 16->16
[11.865s][info][gc,heap      ] GC(247) Humongous regions: 0->0
[11.865s][info][gc,metaspace ] GC(247) Metaspace: 7413K->7413K(1056768K)
[11.865s][info][gc           ] GC(247) Pause Young (Normal) (G1 Evacuation Pause) 322M->16M(512M) 1.015ms
[11.865s][info][gc,cpu       ] GC(247) User=0.01s Sys=0.00s Real=0.00s
[11.907s][info][gc,start     ] GC(248) Pause Young (Normal) (G1 Evacuation Pause)
[11.907s][info][gc,task      ] GC(248) Using 8 workers of 8 for evacuation
[11.908s][info][gc,phases    ] GC(248)   Pre Evacuate Collection Set: 0.0ms
[11.908s][info][gc,phases    ] GC(248)   Evacuate Collection Set: 0.4ms
[11.908s][info][gc,phases    ] GC(248)   Post Evacuate Collection Set: 0.2ms
[11.908s][info][gc,phases    ] GC(248)   Other: 0.1ms
[11.908s][info][gc,heap      ] GC(248) Eden regions: 306->0(306)
[11.908s][info][gc,heap      ] GC(248) Survivor regions: 1->1(39)
[11.908s][info][gc,heap      ] GC(248) Old regions: 16->16
[11.908s][info][gc,heap      ] GC(248) Humongous regions: 0->0
[11.908s][info][gc,metaspace ] GC(248) Metaspace: 7413K->7413K(1056768K)
[11.908s][info][gc           ] GC(248) Pause Young (Normal) (G1 Evacuation Pause) 322M->16M(512M) 0.876ms
[11.908s][info][gc,cpu       ] GC(248) User=0.00s Sys=0.01s Real=0.01s
[11.953s][info][gc,start     ] GC(249) Pause Young (Normal) (G1 Evacuation Pause)
[11.953s][info][gc,task      ] GC(249) Using 8 workers of 8 for evacuation
[11.953s][info][gc,phases    ] GC(249)   Pre Evacuate Collection Set: 0.0ms
[11.953s][info][gc,phases    ] GC(249)   Evacuate Collection Set: 0.5ms
[11.953s][info][gc,phases    ] GC(249)   Post Evacuate Collection Set: 0.3ms
[11.953s][info][gc,phases    ] GC(249)   Other: 0.2ms
[11.953s][info][gc,heap      ] GC(249) Eden regions: 306->0(306)
[11.953s][info][gc,heap      ] GC(249) Survivor regions: 1->1(39)
[11.954s][info][gc,heap      ] GC(249) Old regions: 16->16
[11.954s][info][gc,heap      ] GC(249) Humongous regions: 0->0
[11.954s][info][gc,metaspace ] GC(249) Metaspace: 7413K->7413K(1056768K)
[11.954s][info][gc           ] GC(249) Pause Young (Normal) (G1 Evacuation Pause) 322M->16M(512M) 1.050ms
[11.954s][info][gc,cpu       ] GC(249) User=0.00s Sys=0.00s Real=0.00s
[12.000s][info][gc,start     ] GC(250) Pause Young (Normal) (G1 Evacuation Pause)
[12.000s][info][gc,task      ] GC(250) Using 8 workers of 8 for evacuation
[12.001s][info][gc,phases    ] GC(250)   Pre Evacuate Collection Set: 0.0ms
[12.001s][info][gc,phases    ] GC(250)   Evacuate Collection Set: 0.6ms
[12.001s][info][gc,phases    ] GC(250)   Post Evacuate Collection Set: 0.3ms
[12.001s][info][gc,phases    ] GC(250)   Other: 0.1ms
[12.001s][info][gc,heap      ] GC(250) Eden regions: 306->0(306)
[12.001s][info][gc,heap      ] GC(250) Survivor regions: 1->1(39)
[12.001s][info][gc,heap      ] GC(250) Old regions: 16->16
[12.001s][info][gc,heap      ] GC(250) Humongous regions: 0->0
[12.001s][info][gc,metaspace ] GC(250) Metaspace: 7413K->7413K(1056768K)
[12.001s][info][gc           ] GC(250) Pause Young (Normal) (G1 Evacuation Pause) 322M->16M(512M) 1.217ms
[12.001s][info][gc,cpu       ] GC(250) User=0.00s Sys=0.00s Real=0.00s
[12.047s][info][gc,start     ] GC(251) Pause Young (Normal) (G1 Evacuation Pause)
[12.047s][info][gc,task      ] GC(251) Using 8 workers of 8 for evacuation
[12.048s][info][gc,phases    ] GC(251)   Pre Evacuate Collection Set: 0.0ms
[12.048s][info][gc,phases    ] GC(251)   Evacuate Collection Set: 0.6ms
[12.048s][info][gc,phases    ] GC(251)   Post Evacuate Collection Set: 0.3ms
[12.048s][info][gc,phases    ] GC(251)   Other: 0.2ms
[12.048s][info][gc,heap      ] GC(251) Eden regions: 306->0(306)
[12.048s][info][gc,heap      ] GC(251) Survivor regions: 1->1(39)
[12.048s][info][gc,heap      ] GC(251) Old regions: 16->16
[12.048s][info][gc,heap      ] GC(251) Humongous regions: 0->0
[12.048s][info][gc,metaspace ] GC(251) Metaspace: 7413K->7413K(1056768K)
[12.048s][info][gc           ] GC(251) Pause Young (Normal) (G1 Evacuation Pause) 322M->16M(512M) 1.136ms
[12.048s][info][gc,cpu       ] GC(251) User=0.00s Sys=0.00s Real=0.01s
[12.099s][info][gc,start     ] GC(252) Pause Young (Normal) (G1 Evacuation Pause)
[12.099s][info][gc,task      ] GC(252) Using 8 workers of 8 for evacuation
[12.100s][info][gc,phases    ] GC(252)   Pre Evacuate Collection Set: 0.0ms
[12.100s][info][gc,phases    ] GC(252)   Evacuate Collection Set: 0.5ms
[12.100s][info][gc,phases    ] GC(252)   Post Evacuate Collection Set: 0.2ms
[12.100s][info][gc,phases    ] GC(252)   Other: 0.2ms
[12.100s][info][gc,heap      ] GC(252) Eden regions: 306->0(306)
[12.100s][info][gc,heap      ] GC(252) Survivor regions: 1->1(39)
[12.100s][info][gc,heap      ] GC(252) Old regions: 16->16
[12.100s][info][gc,heap      ] GC(252) Humongous regions: 0->0
[12.100s][info][gc,metaspace ] GC(252) Metaspace: 7413K->7413K(1056768K)
[12.100s][info][gc           ] GC(252) Pause Young (Normal) (G1 Evacuation Pause) 322M->16M(512M) 1.017ms
[12.100s][info][gc,cpu       ] GC(252) User=0.00s Sys=0.00s Real=0.00s
[12.144s][info][gc,start     ] GC(253) Pause Young (Normal) (G1 Evacuation Pause)
[12.144s][info][gc,task      ] GC(253) Using 8 workers of 8 for evacuation
[12.145s][info][gc,phases    ] GC(253)   Pre Evacuate Collection Set: 0.0ms
[12.145s][info][gc,phases    ] GC(253)   Evacuate Collection Set: 0.3ms
[12.145s][info][gc,phases    ] GC(253)   Post Evacuate Collection Set: 0.2ms
[12.145s][info][gc,phases    ] GC(253)   Other: 0.1ms
[12.145s][info][gc,heap      ] GC(253) Eden regions: 306->0(306)
[12.145s][info][gc,heap      ] GC(253) Survivor regions: 1->1(39)
[12.145s][info][gc,heap      ] GC(253) Old regions: 16->16
[12.145s][info][gc,heap      ] GC(253) Humongous regions: 0->0
[12.145s][info][gc,metaspace ] GC(253) Metaspace: 7413K->7413K(1056768K)
[12.145s][info][gc           ] GC(253) Pause Young (Normal) (G1 Evacuation Pause) 322M->16M(512M) 0.810ms
[12.145s][info][gc,cpu       ] GC(253) User=0.00s Sys=0.00s Real=0.00s
[12.188s][info][gc,start     ] GC(254) Pause Young (Normal) (G1 Evacuation Pause)
[12.188s][info][gc,task      ] GC(254) Using 8 workers of 8 for evacuation
[12.189s][info][gc,phases    ] GC(254)   Pre Evacuate Collection Set: 0.0ms
[12.189s][info][gc,phases    ] GC(254)   Evacuate Collection Set: 0.6ms
[12.189s][info][gc,phases    ] GC(254)   Post Evacuate Collection Set: 0.4ms
[12.189s][info][gc,phases    ] GC(254)   Other: 0.2ms
[12.189s][info][gc,heap      ] GC(254) Eden regions: 306->0(306)
[12.189s][info][gc,heap      ] GC(254) Survivor regions: 1->1(39)
[12.189s][info][gc,heap      ] GC(254) Old regions: 16->16
[12.189s][info][gc,heap      ] GC(254) Humongous regions: 0->0
[12.189s][info][gc,metaspace ] GC(254) Metaspace: 7413K->7413K(1056768K)
[12.189s][info][gc           ] GC(254) Pause Young (Normal) (G1 Evacuation Pause) 322M->16M(512M) 1.233ms
[12.189s][info][gc,cpu       ] GC(254) User=0.01s Sys=0.00s Real=0.00s
[12.228s][info][gc,start     ] GC(255) Pause Young (Normal) (G1 Evacuation Pause)
[12.228s][info][gc,task      ] GC(255) Using 8 workers of 8 for evacuation
[12.229s][info][gc,phases    ] GC(255)   Pre Evacuate Collection Set: 0.0ms
[12.229s][info][gc,phases    ] GC(255)   Evacuate Collection Set: 0.4ms
[12.229s][info][gc,phases    ] GC(255)   Post Evacuate Collection Set: 0.2ms
[12.229s][info][gc,phases    ] GC(255)   Other: 0.1ms
[12.229s][info][gc,heap      ] GC(255) Eden regions: 306->0(306)
[12.229s][info][gc,heap      ] GC(255) Survivor regions: 1->1(39)
[12.229s][info][gc,heap      ] GC(255) Old regions: 16->16
[12.229s][info][gc,heap      ] GC(255) Humongous regions: 0->0
[12.229s][info][gc,metaspace ] GC(255) Metaspace: 7413K->7413K(1056768K)
[12.229s][info][gc           ] GC(255) Pause Young (Normal) (G1 Evacuation Pause) 322M->16M(512M) 0.830ms
[12.229s][info][gc,cpu       ] GC(255) User=0.00s Sys=0.00s Real=0.01s
[12.271s][info][gc,start     ] GC(256) Pause Young (Normal) (G1 Evacuation Pause)
[12.271s][info][gc,task      ] GC(256) Using 8 workers of 8 for evacuation
[12.273s][info][gc,phases    ] GC(256)   Pre Evacuate Collection Set: 0.0ms
[12.273s][info][gc,phases    ] GC(256)   Evacuate Collection Set: 1.0ms
[12.273s][info][gc,phases    ] GC(256)   Post Evacuate Collection Set: 1.0ms
[12.273s][info][gc,phases    ] GC(256)   Other: 0.2ms
[12.273s][info][gc,heap      ] GC(256) Eden regions: 306->0(306)
[12.273s][info][gc,heap      ] GC(256) Survivor regions: 1->1(39)
[12.273s][info][gc,heap      ] GC(256) Old regions: 16->16
[12.273s][info][gc,heap      ] GC(256) Humongous regions: 0->0
[12.273s][info][gc,metaspace ] GC(256) Metaspace: 7413K->7413K(1056768K)
[12.273s][info][gc           ] GC(256) Pause Young (Normal) (G1 Evacuation Pause) 322M->16M(512M) 2.555ms
[12.274s][info][gc,cpu       ] GC(256) User=0.01s Sys=0.00s Real=0.00s
[12.328s][info][gc,start     ] GC(257) Pause Young (Normal) (G1 Evacuation Pause)
[12.328s][info][gc,task      ] GC(257) Using 8 workers of 8 for evacuation
[12.329s][info][gc,phases    ] GC(257)   Pre Evacuate Collection Set: 0.0ms
[12.329s][info][gc,phases    ] GC(257)   Evacuate Collection Set: 0.8ms
[12.329s][info][gc,phases    ] GC(257)   Post Evacuate Collection Set: 0.3ms
[12.329s][info][gc,phases    ] GC(257)   Other: 0.2ms
[12.329s][info][gc,heap      ] GC(257) Eden regions: 306->0(306)
[12.329s][info][gc,heap      ] GC(257) Survivor regions: 1->1(39)
[12.329s][info][gc,heap      ] GC(257) Old regions: 16->17
[12.329s][info][gc,heap      ] GC(257) Humongous regions: 0->0
[12.329s][info][gc,metaspace ] GC(257) Metaspace: 7413K->7413K(1056768K)
[12.329s][info][gc           ] GC(257) Pause Young (Normal) (G1 Evacuation Pause) 322M->16M(512M) 1.513ms
[12.329s][info][gc,cpu       ] GC(257) User=0.01s Sys=0.01s Real=0.01s
[12.376s][info][gc,start     ] GC(258) Pause Young (Normal) (G1 Evacuation Pause)
[12.376s][info][gc,task      ] GC(258) Using 8 workers of 8 for evacuation
[12.376s][info][gc,phases    ] GC(258)   Pre Evacuate Collection Set: 0.0ms
[12.376s][info][gc,phases    ] GC(258)   Evacuate Collection Set: 0.4ms
[12.376s][info][gc,phases    ] GC(258)   Post Evacuate Collection Set: 0.2ms
[12.376s][info][gc,phases    ] GC(258)   Other: 0.1ms
[12.376s][info][gc,heap      ] GC(258) Eden regions: 306->0(306)
[12.376s][info][gc,heap      ] GC(258) Survivor regions: 1->1(39)
[12.376s][info][gc,heap      ] GC(258) Old regions: 17->17
[12.376s][info][gc,heap      ] GC(258) Humongous regions: 0->0
[12.376s][info][gc,metaspace ] GC(258) Metaspace: 7413K->7413K(1056768K)
[12.376s][info][gc           ] GC(258) Pause Young (Normal) (G1 Evacuation Pause) 322M->17M(512M) 0.848ms
[12.376s][info][gc,cpu       ] GC(258) User=0.00s Sys=0.00s Real=0.00s
[12.418s][info][gc,start     ] GC(259) Pause Young (Normal) (G1 Evacuation Pause)
[12.418s][info][gc,task      ] GC(259) Using 8 workers of 8 for evacuation
[12.419s][info][gc,phases    ] GC(259)   Pre Evacuate Collection Set: 0.0ms
[12.419s][info][gc,phases    ] GC(259)   Evacuate Collection Set: 0.5ms
[12.419s][info][gc,phases    ] GC(259)   Post Evacuate Collection Set: 0.2ms
[12.419s][info][gc,phases    ] GC(259)   Other: 0.2ms
[12.419s][info][gc,heap      ] GC(259) Eden regions: 306->0(306)
[12.419s][info][gc,heap      ] GC(259) Survivor regions: 1->1(39)
[12.419s][info][gc,heap      ] GC(259) Old regions: 17->17
[12.419s][info][gc,heap      ] GC(259) Humongous regions: 0->0
[12.419s][info][gc,metaspace ] GC(259) Metaspace: 7413K->7413K(1056768K)
[12.419s][info][gc           ] GC(259) Pause Young (Normal) (G1 Evacuation Pause) 323M->17M(512M) 1.006ms
[12.419s][info][gc,cpu       ] GC(259) User=0.00s Sys=0.00s Real=0.01s
[12.458s][info][gc,start     ] GC(260) Pause Young (Normal) (G1 Evacuation Pause)
[12.458s][info][gc,task      ] GC(260) Using 8 workers of 8 for evacuation
[12.459s][info][gc,phases    ] GC(260)   Pre Evacuate Collection Set: 0.0ms
[12.459s][info][gc,phases    ] GC(260)   Evacuate Collection Set: 0.7ms
[12.459s][info][gc,phases    ] GC(260)   Post Evacuate Collection Set: 0.3ms
[12.459s][info][gc,phases    ] GC(260)   Other: 0.2ms
[12.459s][info][gc,heap      ] GC(260) Eden regions: 306->0(306)
[12.459s][info][gc,heap      ] GC(260) Survivor regions: 1->1(39)
[12.459s][info][gc,heap      ] GC(260) Old regions: 17->17
[12.459s][info][gc,heap      ] GC(260) Humongous regions: 0->0
[12.459s][info][gc,metaspace ] GC(260) Metaspace: 7413K->7413K(1056768K)
[12.459s][info][gc           ] GC(260) Pause Young (Normal) (G1 Evacuation Pause) 323M->17M(512M) 1.239ms
[12.459s][info][gc,cpu       ] GC(260) User=0.00s Sys=0.00s Real=0.01s
[12.502s][info][gc,start     ] GC(261) Pause Young (Normal) (G1 Evacuation Pause)
[12.502s][info][gc,task      ] GC(261) Using 8 workers of 8 for evacuation
[12.502s][info][gc,phases    ] GC(261)   Pre Evacuate Collection Set: 0.0ms
[12.503s][info][gc,phases    ] GC(261)   Evacuate Collection Set: 0.4ms
[12.503s][info][gc,phases    ] GC(261)   Post Evacuate Collection Set: 0.2ms
[12.503s][info][gc,phases    ] GC(261)   Other: 0.1ms
[12.503s][info][gc,heap      ] GC(261) Eden regions: 306->0(306)
[12.503s][info][gc,heap      ] GC(261) Survivor regions: 1->1(39)
[12.503s][info][gc,heap      ] GC(261) Old regions: 17->17
[12.503s][info][gc,heap      ] GC(261) Humongous regions: 0->0
[12.503s][info][gc,metaspace ] GC(261) Metaspace: 7413K->7413K(1056768K)
[12.503s][info][gc           ] GC(261) Pause Young (Normal) (G1 Evacuation Pause) 323M->17M(512M) 0.866ms
[12.503s][info][gc,cpu       ] GC(261) User=0.01s Sys=0.00s Real=0.00s
[12.554s][info][gc,start     ] GC(262) Pause Young (Normal) (G1 Evacuation Pause)
[12.554s][info][gc,task      ] GC(262) Using 8 workers of 8 for evacuation
[12.555s][info][gc,phases    ] GC(262)   Pre Evacuate Collection Set: 0.0ms
[12.555s][info][gc,phases    ] GC(262)   Evacuate Collection Set: 0.5ms
[12.555s][info][gc,phases    ] GC(262)   Post Evacuate Collection Set: 0.3ms
[12.555s][info][gc,phases    ] GC(262)   Other: 0.3ms
[12.555s][info][gc,heap      ] GC(262) Eden regions: 306->0(306)
[12.555s][info][gc,heap      ] GC(262) Survivor regions: 1->1(39)
[12.555s][info][gc,heap      ] GC(262) Old regions: 17->17
[12.555s][info][gc,heap      ] GC(262) Humongous regions: 0->0
[12.555s][info][gc,metaspace ] GC(262) Metaspace: 7413K->7413K(1056768K)
[12.555s][info][gc           ] GC(262) Pause Young (Normal) (G1 Evacuation Pause) 323M->17M(512M) 1.194ms
[12.555s][info][gc,cpu       ] GC(262) User=0.00s Sys=0.00s Real=0.00s
[12.599s][info][gc,start     ] GC(263) Pause Young (Normal) (G1 Evacuation Pause)
[12.599s][info][gc,task      ] GC(263) Using 8 workers of 8 for evacuation
[12.600s][info][gc,phases    ] GC(263)   Pre Evacuate Collection Set: 0.0ms
[12.600s][info][gc,phases    ] GC(263)   Evacuate Collection Set: 0.4ms
[12.600s][info][gc,phases    ] GC(263)   Post Evacuate Collection Set: 0.2ms
[12.600s][info][gc,phases    ] GC(263)   Other: 0.1ms
[12.600s][info][gc,heap      ] GC(263) Eden regions: 306->0(306)
[12.600s][info][gc,heap      ] GC(263) Survivor regions: 1->1(39)
[12.600s][info][gc,heap      ] GC(263) Old regions: 17->17
[12.600s][info][gc,heap      ] GC(263) Humongous regions: 0->0
[12.600s][info][gc,metaspace ] GC(263) Metaspace: 7413K->7413K(1056768K)
[12.600s][info][gc           ] GC(263) Pause Young (Normal) (G1 Evacuation Pause) 323M->17M(512M) 0.828ms
[12.600s][info][gc,cpu       ] GC(263) User=0.00s Sys=0.00s Real=0.00s
[12.650s][info][gc,start     ] GC(264) Pause Young (Normal) (G1 Evacuation Pause)
[12.650s][info][gc,task      ] GC(264) Using 8 workers of 8 for evacuation
[12.651s][info][gc,phases    ] GC(264)   Pre Evacuate Collection Set: 0.0ms
[12.651s][info][gc,phases    ] GC(264)   Evacuate Collection Set: 0.4ms
[12.651s][info][gc,phases    ] GC(264)   Post Evacuate Collection Set: 0.3ms
[12.651s][info][gc,phases    ] GC(264)   Other: 0.2ms
[12.651s][info][gc,heap      ] GC(264) Eden regions: 306->0(306)
[12.651s][info][gc,heap      ] GC(264) Survivor regions: 1->1(39)
[12.651s][info][gc,heap      ] GC(264) Old regions: 17->17
[12.651s][info][gc,heap      ] GC(264) Humongous regions: 0->0
[12.651s][info][gc,metaspace ] GC(264) Metaspace: 7413K->7413K(1056768K)
[12.651s][info][gc           ] GC(264) Pause Young (Normal) (G1 Evacuation Pause) 323M->17M(512M) 0.967ms
[12.651s][info][gc,cpu       ] GC(264) User=0.01s Sys=0.00s Real=0.00s
[12.698s][info][gc,start     ] GC(265) Pause Young (Normal) (G1 Evacuation Pause)
[12.698s][info][gc,task      ] GC(265) Using 8 workers of 8 for evacuation
[12.699s][info][gc,phases    ] GC(265)   Pre Evacuate Collection Set: 0.0ms
[12.699s][info][gc,phases    ] GC(265)   Evacuate Collection Set: 0.4ms
[12.699s][info][gc,phases    ] GC(265)   Post Evacuate Collection Set: 0.3ms
[12.699s][info][gc,phases    ] GC(265)   Other: 0.2ms
[12.699s][info][gc,heap      ] GC(265) Eden regions: 306->0(306)
[12.699s][info][gc,heap      ] GC(265) Survivor regions: 1->1(39)
[12.699s][info][gc,heap      ] GC(265) Old regions: 17->17
[12.699s][info][gc,heap      ] GC(265) Humongous regions: 0->0
[12.699s][info][gc,metaspace ] GC(265) Metaspace: 7413K->7413K(1056768K)
[12.699s][info][gc           ] GC(265) Pause Young (Normal) (G1 Evacuation Pause) 323M->17M(512M) 0.993ms
[12.699s][info][gc,cpu       ] GC(265) User=0.01s Sys=0.00s Real=0.01s
[12.747s][info][gc,start     ] GC(266) Pause Young (Normal) (G1 Evacuation Pause)
[12.747s][info][gc,task      ] GC(266) Using 8 workers of 8 for evacuation
[12.748s][info][gc,phases    ] GC(266)   Pre Evacuate Collection Set: 0.0ms
[12.748s][info][gc,phases    ] GC(266)   Evacuate Collection Set: 0.5ms
[12.748s][info][gc,phases    ] GC(266)   Post Evacuate Collection Set: 0.3ms
[12.748s][info][gc,phases    ] GC(266)   Other: 0.2ms
[12.748s][info][gc,heap      ] GC(266) Eden regions: 306->0(306)
[12.748s][info][gc,heap      ] GC(266) Survivor regions: 1->1(39)
[12.748s][info][gc,heap      ] GC(266) Old regions: 17->17
[12.748s][info][gc,heap      ] GC(266) Humongous regions: 0->0
[12.748s][info][gc,metaspace ] GC(266) Metaspace: 7413K->7413K(1056768K)
[12.748s][info][gc           ] GC(266) Pause Young (Normal) (G1 Evacuation Pause) 323M->17M(512M) 1.052ms
[12.748s][info][gc,cpu       ] GC(266) User=0.00s Sys=0.00s Real=0.01s
[12.799s][info][gc,start     ] GC(267) Pause Young (Normal) (G1 Evacuation Pause)
[12.799s][info][gc,task      ] GC(267) Using 8 workers of 8 for evacuation
[12.800s][info][gc,phases    ] GC(267)   Pre Evacuate Collection Set: 0.0ms
[12.800s][info][gc,phases    ] GC(267)   Evacuate Collection Set: 0.4ms
[12.800s][info][gc,phases    ] GC(267)   Post Evacuate Collection Set: 0.3ms
[12.800s][info][gc,phases    ] GC(267)   Other: 0.2ms
[12.800s][info][gc,heap      ] GC(267) Eden regions: 306->0(306)
[12.800s][info][gc,heap      ] GC(267) Survivor regions: 1->1(39)
[12.800s][info][gc,heap      ] GC(267) Old regions: 17->17
[12.800s][info][gc,heap      ] GC(267) Humongous regions: 0->0
[12.800s][info][gc,metaspace ] GC(267) Metaspace: 7413K->7413K(1056768K)
[12.800s][info][gc           ] GC(267) Pause Young (Normal) (G1 Evacuation Pause) 323M->17M(512M) 0.954ms
[12.800s][info][gc,cpu       ] GC(267) User=0.00s Sys=0.00s Real=0.00s
[12.846s][info][gc,start     ] GC(268) Pause Young (Normal) (G1 Evacuation Pause)
[12.846s][info][gc,task      ] GC(268) Using 8 workers of 8 for evacuation
[12.847s][info][gc,phases    ] GC(268)   Pre Evacuate Collection Set: 0.0ms
[12.847s][info][gc,phases    ] GC(268)   Evacuate Collection Set: 0.7ms
[12.847s][info][gc,phases    ] GC(268)   Post Evacuate Collection Set: 0.3ms
[12.847s][info][gc,phases    ] GC(268)   Other: 0.2ms
[12.847s][info][gc,heap      ] GC(268) Eden regions: 306->0(306)
[12.847s][info][gc,heap      ] GC(268) Survivor regions: 1->1(39)
[12.847s][info][gc,heap      ] GC(268) Old regions: 17->17
[12.847s][info][gc,heap      ] GC(268) Humongous regions: 0->0
[12.847s][info][gc,metaspace ] GC(268) Metaspace: 7413K->7413K(1056768K)
[12.847s][info][gc           ] GC(268) Pause Young (Normal) (G1 Evacuation Pause) 323M->17M(512M) 1.283ms
[12.847s][info][gc,cpu       ] GC(268) User=0.00s Sys=0.00s Real=0.00s
[12.891s][info][gc,start     ] GC(269) Pause Young (Normal) (G1 Evacuation Pause)
[12.891s][info][gc,task      ] GC(269) Using 8 workers of 8 for evacuation
[12.892s][info][gc,phases    ] GC(269)   Pre Evacuate Collection Set: 0.0ms
[12.892s][info][gc,phases    ] GC(269)   Evacuate Collection Set: 0.4ms
[12.892s][info][gc,phases    ] GC(269)   Post Evacuate Collection Set: 0.3ms
[12.892s][info][gc,phases    ] GC(269)   Other: 0.1ms
[12.892s][info][gc,heap      ] GC(269) Eden regions: 306->0(306)
[12.892s][info][gc,heap      ] GC(269) Survivor regions: 1->1(39)
[12.892s][info][gc,heap      ] GC(269) Old regions: 17->17
[12.892s][info][gc,heap      ] GC(269) Humongous regions: 0->0
[12.892s][info][gc,metaspace ] GC(269) Metaspace: 7413K->7413K(1056768K)
[12.892s][info][gc           ] GC(269) Pause Young (Normal) (G1 Evacuation Pause) 323M->17M(512M) 0.962ms
[12.892s][info][gc,cpu       ] GC(269) User=0.00s Sys=0.00s Real=0.00s
[12.935s][info][gc,start     ] GC(270) Pause Young (Normal) (G1 Evacuation Pause)
[12.935s][info][gc,task      ] GC(270) Using 8 workers of 8 for evacuation
[12.936s][info][gc,phases    ] GC(270)   Pre Evacuate Collection Set: 0.0ms
[12.936s][info][gc,phases    ] GC(270)   Evacuate Collection Set: 0.5ms
[12.936s][info][gc,phases    ] GC(270)   Post Evacuate Collection Set: 0.2ms
[12.936s][info][gc,phases    ] GC(270)   Other: 0.1ms
[12.936s][info][gc,heap      ] GC(270) Eden regions: 306->0(306)
[12.936s][info][gc,heap      ] GC(270) Survivor regions: 1->1(39)
[12.936s][info][gc,heap      ] GC(270) Old regions: 17->17
[12.936s][info][gc,heap      ] GC(270) Humongous regions: 0->0
[12.936s][info][gc,metaspace ] GC(270) Metaspace: 7413K->7413K(1056768K)
[12.936s][info][gc           ] GC(270) Pause Young (Normal) (G1 Evacuation Pause) 323M->17M(512M) 1.015ms
[12.936s][info][gc,cpu       ] GC(270) User=0.00s Sys=0.00s Real=0.00s
[12.987s][info][gc,start     ] GC(271) Pause Young (Normal) (G1 Evacuation Pause)
[12.988s][info][gc,task      ] GC(271) Using 8 workers of 8 for evacuation
[12.989s][info][gc,phases    ] GC(271)   Pre Evacuate Collection Set: 0.0ms
[12.989s][info][gc,phases    ] GC(271)   Evacuate Collection Set: 0.6ms
[12.989s][info][gc,phases    ] GC(271)   Post Evacuate Collection Set: 0.3ms
[12.989s][info][gc,phases    ] GC(271)   Other: 0.1ms
[12.989s][info][gc,heap      ] GC(271) Eden regions: 306->0(306)
[12.989s][info][gc,heap      ] GC(271) Survivor regions: 1->1(39)
[12.989s][info][gc,heap      ] GC(271) Old regions: 17->17
[12.989s][info][gc,heap      ] GC(271) Humongous regions: 0->0
[12.989s][info][gc,metaspace ] GC(271) Metaspace: 7413K->7413K(1056768K)
[12.989s][info][gc           ] GC(271) Pause Young (Normal) (G1 Evacuation Pause) 323M->17M(512M) 1.349ms
[12.989s][info][gc,cpu       ] GC(271) User=0.01s Sys=0.00s Real=0.01s
[13.044s][info][gc,start     ] GC(272) Pause Young (Normal) (G1 Evacuation Pause)
[13.044s][info][gc,task      ] GC(272) Using 8 workers of 8 for evacuation
[13.045s][info][gc,phases    ] GC(272)   Pre Evacuate Collection Set: 0.1ms
[13.045s][info][gc,phases    ] GC(272)   Evacuate Collection Set: 0.4ms
[13.045s][info][gc,phases    ] GC(272)   Post Evacuate Collection Set: 0.3ms
[13.045s][info][gc,phases    ] GC(272)   Other: 0.4ms
[13.045s][info][gc,heap      ] GC(272) Eden regions: 306->0(306)
[13.045s][info][gc,heap      ] GC(272) Survivor regions: 1->1(39)
[13.045s][info][gc,heap      ] GC(272) Old regions: 17->17
[13.045s][info][gc,heap      ] GC(272) Humongous regions: 0->0
[13.045s][info][gc,metaspace ] GC(272) Metaspace: 7413K->7413K(1056768K)
[13.045s][info][gc           ] GC(272) Pause Young (Normal) (G1 Evacuation Pause) 323M->17M(512M) 1.178ms
[13.045s][info][gc,cpu       ] GC(272) User=0.01s Sys=0.00s Real=0.00s
[13.089s][info][gc,start     ] GC(273) Pause Young (Normal) (G1 Evacuation Pause)
[13.089s][info][gc,task      ] GC(273) Using 8 workers of 8 for evacuation
[13.090s][info][gc,phases    ] GC(273)   Pre Evacuate Collection Set: 0.0ms
[13.090s][info][gc,phases    ] GC(273)   Evacuate Collection Set: 0.4ms
[13.090s][info][gc,phases    ] GC(273)   Post Evacuate Collection Set: 0.2ms
[13.090s][info][gc,phases    ] GC(273)   Other: 0.1ms
[13.090s][info][gc,heap      ] GC(273) Eden regions: 306->0(306)
[13.090s][info][gc,heap      ] GC(273) Survivor regions: 1->1(39)
[13.090s][info][gc,heap      ] GC(273) Old regions: 17->18
[13.090s][info][gc,heap      ] GC(273) Humongous regions: 0->0
[13.090s][info][gc,metaspace ] GC(273) Metaspace: 7413K->7413K(1056768K)
[13.090s][info][gc           ] GC(273) Pause Young (Normal) (G1 Evacuation Pause) 323M->17M(512M) 0.901ms
[13.090s][info][gc,cpu       ] GC(273) User=0.00s Sys=0.00s Real=0.00s
[13.136s][info][gc,start     ] GC(274) Pause Young (Normal) (G1 Evacuation Pause)
[13.136s][info][gc,task      ] GC(274) Using 8 workers of 8 for evacuation
[13.137s][info][gc,phases    ] GC(274)   Pre Evacuate Collection Set: 0.0ms
[13.137s][info][gc,phases    ] GC(274)   Evacuate Collection Set: 0.4ms
[13.137s][info][gc,phases    ] GC(274)   Post Evacuate Collection Set: 0.2ms
[13.137s][info][gc,phases    ] GC(274)   Other: 0.2ms
[13.137s][info][gc,heap      ] GC(274) Eden regions: 306->0(306)
[13.137s][info][gc,heap      ] GC(274) Survivor regions: 1->1(39)
[13.137s][info][gc,heap      ] GC(274) Old regions: 18->18
[13.137s][info][gc,heap      ] GC(274) Humongous regions: 0->0
[13.137s][info][gc,metaspace ] GC(274) Metaspace: 7413K->7413K(1056768K)
[13.137s][info][gc           ] GC(274) Pause Young (Normal) (G1 Evacuation Pause) 323M->18M(512M) 0.905ms
[13.137s][info][gc,cpu       ] GC(274) User=0.00s Sys=0.00s Real=0.00s
[13.180s][info][gc,start     ] GC(275) Pause Young (Normal) (G1 Evacuation Pause)
[13.180s][info][gc,task      ] GC(275) Using 8 workers of 8 for evacuation
[13.181s][info][gc,phases    ] GC(275)   Pre Evacuate Collection Set: 0.0ms
[13.181s][info][gc,phases    ] GC(275)   Evacuate Collection Set: 0.4ms
[13.181s][info][gc,phases    ] GC(275)   Post Evacuate Collection Set: 0.2ms
[13.181s][info][gc,phases    ] GC(275)   Other: 0.1ms
[13.181s][info][gc,heap      ] GC(275) Eden regions: 306->0(306)
[13.181s][info][gc,heap      ] GC(275) Survivor regions: 1->1(39)
[13.181s][info][gc,heap      ] GC(275) Old regions: 18->18
[13.181s][info][gc,heap      ] GC(275) Humongous regions: 0->0
[13.181s][info][gc,metaspace ] GC(275) Metaspace: 7413K->7413K(1056768K)
[13.181s][info][gc           ] GC(275) Pause Young (Normal) (G1 Evacuation Pause) 324M->18M(512M) 0.825ms
[13.181s][info][gc,cpu       ] GC(275) User=0.00s Sys=0.00s Real=0.00s
[13.226s][info][gc,start     ] GC(276) Pause Young (Normal) (G1 Evacuation Pause)
[13.226s][info][gc,task      ] GC(276) Using 8 workers of 8 for evacuation
[13.227s][info][gc,phases    ] GC(276)   Pre Evacuate Collection Set: 0.0ms
[13.227s][info][gc,phases    ] GC(276)   Evacuate Collection Set: 0.4ms
[13.227s][info][gc,phases    ] GC(276)   Post Evacuate Collection Set: 0.2ms
[13.227s][info][gc,phases    ] GC(276)   Other: 0.1ms
[13.227s][info][gc,heap      ] GC(276) Eden regions: 306->0(306)
[13.227s][info][gc,heap      ] GC(276) Survivor regions: 1->1(39)
[13.227s][info][gc,heap      ] GC(276) Old regions: 18->18
[13.227s][info][gc,heap      ] GC(276) Humongous regions: 0->0
[13.227s][info][gc,metaspace ] GC(276) Metaspace: 7413K->7413K(1056768K)
[13.227s][info][gc           ] GC(276) Pause Young (Normal) (G1 Evacuation Pause) 324M->18M(512M) 0.931ms
[13.227s][info][gc,cpu       ] GC(276) User=0.00s Sys=0.01s Real=0.00s
[13.281s][info][gc,start     ] GC(277) Pause Young (Normal) (G1 Evacuation Pause)
[13.281s][info][gc,task      ] GC(277) Using 8 workers of 8 for evacuation
[13.282s][info][gc,phases    ] GC(277)   Pre Evacuate Collection Set: 0.0ms
[13.282s][info][gc,phases    ] GC(277)   Evacuate Collection Set: 0.4ms
[13.282s][info][gc,phases    ] GC(277)   Post Evacuate Collection Set: 0.2ms
[13.282s][info][gc,phases    ] GC(277)   Other: 0.2ms
[13.282s][info][gc,heap      ] GC(277) Eden regions: 306->0(306)
[13.282s][info][gc,heap      ] GC(277) Survivor regions: 1->1(39)
[13.282s][info][gc,heap      ] GC(277) Old regions: 18->18
[13.282s][info][gc,heap      ] GC(277) Humongous regions: 0->0
[13.282s][info][gc,metaspace ] GC(277) Metaspace: 7413K->7413K(1056768K)
[13.282s][info][gc           ] GC(277) Pause Young (Normal) (G1 Evacuation Pause) 324M->18M(512M) 0.943ms
[13.282s][info][gc,cpu       ] GC(277) User=0.00s Sys=0.00s Real=0.00s
[13.327s][info][gc,start     ] GC(278) Pause Young (Normal) (G1 Evacuation Pause)
[13.327s][info][gc,task      ] GC(278) Using 8 workers of 8 for evacuation
[13.328s][info][gc,phases    ] GC(278)   Pre Evacuate Collection Set: 0.0ms
[13.328s][info][gc,phases    ] GC(278)   Evacuate Collection Set: 0.6ms
[13.328s][info][gc,phases    ] GC(278)   Post Evacuate Collection Set: 0.3ms
[13.328s][info][gc,phases    ] GC(278)   Other: 0.2ms
[13.328s][info][gc,heap      ] GC(278) Eden regions: 306->0(306)
[13.328s][info][gc,heap      ] GC(278) Survivor regions: 1->1(39)
[13.328s][info][gc,heap      ] GC(278) Old regions: 18->18
[13.328s][info][gc,heap      ] GC(278) Humongous regions: 0->0
[13.328s][info][gc,metaspace ] GC(278) Metaspace: 7413K->7413K(1056768K)
[13.328s][info][gc           ] GC(278) Pause Young (Normal) (G1 Evacuation Pause) 324M->18M(512M) 1.219ms
[13.328s][info][gc,cpu       ] GC(278) User=0.00s Sys=0.00s Real=0.00s
[13.372s][info][gc,start     ] GC(279) Pause Young (Normal) (G1 Evacuation Pause)
[13.372s][info][gc,task      ] GC(279) Using 8 workers of 8 for evacuation
[13.373s][info][gc,phases    ] GC(279)   Pre Evacuate Collection Set: 0.0ms
[13.373s][info][gc,phases    ] GC(279)   Evacuate Collection Set: 0.5ms
[13.373s][info][gc,phases    ] GC(279)   Post Evacuate Collection Set: 0.2ms
[13.373s][info][gc,phases    ] GC(279)   Other: 0.1ms
[13.373s][info][gc,heap      ] GC(279) Eden regions: 306->0(306)
[13.373s][info][gc,heap      ] GC(279) Survivor regions: 1->1(39)
[13.373s][info][gc,heap      ] GC(279) Old regions: 18->18
[13.373s][info][gc,heap      ] GC(279) Humongous regions: 0->0
[13.373s][info][gc,metaspace ] GC(279) Metaspace: 7413K->7413K(1056768K)
[13.373s][info][gc           ] GC(279) Pause Young (Normal) (G1 Evacuation Pause) 324M->18M(512M) 0.956ms
[13.373s][info][gc,cpu       ] GC(279) User=0.00s Sys=0.00s Real=0.00s
[13.419s][info][gc,start     ] GC(280) Pause Young (Normal) (G1 Evacuation Pause)
[13.419s][info][gc,task      ] GC(280) Using 8 workers of 8 for evacuation
[13.419s][info][gc,phases    ] GC(280)   Pre Evacuate Collection Set: 0.0ms
[13.419s][info][gc,phases    ] GC(280)   Evacuate Collection Set: 0.5ms
[13.419s][info][gc,phases    ] GC(280)   Post Evacuate Collection Set: 0.2ms
[13.420s][info][gc,phases    ] GC(280)   Other: 0.1ms
[13.420s][info][gc,heap      ] GC(280) Eden regions: 306->0(306)
[13.420s][info][gc,heap      ] GC(280) Survivor regions: 1->1(39)
[13.420s][info][gc,heap      ] GC(280) Old regions: 18->18
[13.420s][info][gc,heap      ] GC(280) Humongous regions: 0->0
[13.420s][info][gc,metaspace ] GC(280) Metaspace: 7413K->7413K(1056768K)
[13.420s][info][gc           ] GC(280) Pause Young (Normal) (G1 Evacuation Pause) 324M->18M(512M) 1.031ms
[13.420s][info][gc,cpu       ] GC(280) User=0.01s Sys=0.00s Real=0.00s
[13.464s][info][gc,start     ] GC(281) Pause Young (Normal) (G1 Evacuation Pause)
[13.464s][info][gc,task      ] GC(281) Using 8 workers of 8 for evacuation
[13.465s][info][gc,phases    ] GC(281)   Pre Evacuate Collection Set: 0.0ms
[13.465s][info][gc,phases    ] GC(281)   Evacuate Collection Set: 0.6ms
[13.465s][info][gc,phases    ] GC(281)   Post Evacuate Collection Set: 0.4ms
[13.465s][info][gc,phases    ] GC(281)   Other: 0.2ms
[13.465s][info][gc,heap      ] GC(281) Eden regions: 306->0(306)
[13.465s][info][gc,heap      ] GC(281) Survivor regions: 1->1(39)
[13.465s][info][gc,heap      ] GC(281) Old regions: 18->18
[13.465s][info][gc,heap      ] GC(281) Humongous regions: 0->0
[13.465s][info][gc,metaspace ] GC(281) Metaspace: 7413K->7413K(1056768K)
[13.465s][info][gc           ] GC(281) Pause Young (Normal) (G1 Evacuation Pause) 324M->18M(512M) 1.305ms
[13.465s][info][gc,cpu       ] GC(281) User=0.01s Sys=0.00s Real=0.00s
[13.512s][info][gc,start     ] GC(282) Pause Young (Normal) (G1 Evacuation Pause)
[13.512s][info][gc,task      ] GC(282) Using 8 workers of 8 for evacuation
[13.513s][info][gc,phases    ] GC(282)   Pre Evacuate Collection Set: 0.0ms
[13.513s][info][gc,phases    ] GC(282)   Evacuate Collection Set: 0.4ms
[13.513s][info][gc,phases    ] GC(282)   Post Evacuate Collection Set: 0.3ms
[13.513s][info][gc,phases    ] GC(282)   Other: 0.2ms
[13.513s][info][gc,heap      ] GC(282) Eden regions: 306->0(306)
[13.513s][info][gc,heap      ] GC(282) Survivor regions: 1->1(39)
[13.513s][info][gc,heap      ] GC(282) Old regions: 18->18
[13.513s][info][gc,heap      ] GC(282) Humongous regions: 0->0
[13.513s][info][gc,metaspace ] GC(282) Metaspace: 7413K->7413K(1056768K)
[13.513s][info][gc           ] GC(282) Pause Young (Normal) (G1 Evacuation Pause) 324M->18M(512M) 0.900ms
[13.513s][info][gc,cpu       ] GC(282) User=0.00s Sys=0.00s Real=0.00s
[13.559s][info][gc,start     ] GC(283) Pause Young (Normal) (G1 Evacuation Pause)
[13.559s][info][gc,task      ] GC(283) Using 8 workers of 8 for evacuation
[13.560s][info][gc,phases    ] GC(283)   Pre Evacuate Collection Set: 0.0ms
[13.560s][info][gc,phases    ] GC(283)   Evacuate Collection Set: 0.5ms
[13.560s][info][gc,phases    ] GC(283)   Post Evacuate Collection Set: 0.2ms
[13.560s][info][gc,phases    ] GC(283)   Other: 0.1ms
[13.560s][info][gc,heap      ] GC(283) Eden regions: 306->0(306)
[13.560s][info][gc,heap      ] GC(283) Survivor regions: 1->1(39)
[13.560s][info][gc,heap      ] GC(283) Old regions: 18->18
[13.560s][info][gc,heap      ] GC(283) Humongous regions: 0->0
[13.560s][info][gc,metaspace ] GC(283) Metaspace: 7413K->7413K(1056768K)
[13.560s][info][gc           ] GC(283) Pause Young (Normal) (G1 Evacuation Pause) 324M->18M(512M) 0.945ms
[13.560s][info][gc,cpu       ] GC(283) User=0.00s Sys=0.00s Real=0.00s
[13.601s][info][gc,start     ] GC(284) Pause Young (Normal) (G1 Evacuation Pause)
[13.601s][info][gc,task      ] GC(284) Using 8 workers of 8 for evacuation
[13.602s][info][gc,phases    ] GC(284)   Pre Evacuate Collection Set: 0.0ms
[13.602s][info][gc,phases    ] GC(284)   Evacuate Collection Set: 0.4ms
[13.602s][info][gc,phases    ] GC(284)   Post Evacuate Collection Set: 0.2ms
[13.602s][info][gc,phases    ] GC(284)   Other: 0.1ms
[13.602s][info][gc,heap      ] GC(284) Eden regions: 306->0(306)
[13.602s][info][gc,heap      ] GC(284) Survivor regions: 1->1(39)
[13.602s][info][gc,heap      ] GC(284) Old regions: 18->18
[13.602s][info][gc,heap      ] GC(284) Humongous regions: 0->0
[13.602s][info][gc,metaspace ] GC(284) Metaspace: 7413K->7413K(1056768K)
[13.602s][info][gc           ] GC(284) Pause Young (Normal) (G1 Evacuation Pause) 324M->18M(512M) 0.889ms
[13.602s][info][gc,cpu       ] GC(284) User=0.00s Sys=0.00s Real=0.00s
[13.650s][info][gc,start     ] GC(285) Pause Young (Normal) (G1 Evacuation Pause)
[13.650s][info][gc,task      ] GC(285) Using 8 workers of 8 for evacuation
[13.650s][info][gc,phases    ] GC(285)   Pre Evacuate Collection Set: 0.0ms
[13.650s][info][gc,phases    ] GC(285)   Evacuate Collection Set: 0.4ms
[13.650s][info][gc,phases    ] GC(285)   Post Evacuate Collection Set: 0.2ms
[13.650s][info][gc,phases    ] GC(285)   Other: 0.1ms
[13.651s][info][gc,heap      ] GC(285) Eden regions: 306->0(306)
[13.651s][info][gc,heap      ] GC(285) Survivor regions: 1->1(39)
[13.651s][info][gc,heap      ] GC(285) Old regions: 18->18
[13.651s][info][gc,heap      ] GC(285) Humongous regions: 0->0
[13.651s][info][gc,metaspace ] GC(285) Metaspace: 7413K->7413K(1056768K)
[13.651s][info][gc           ] GC(285) Pause Young (Normal) (G1 Evacuation Pause) 324M->18M(512M) 0.913ms
[13.651s][info][gc,cpu       ] GC(285) User=0.01s Sys=0.00s Real=0.00s
[13.698s][info][gc,start     ] GC(286) Pause Young (Normal) (G1 Evacuation Pause)
[13.698s][info][gc,task      ] GC(286) Using 8 workers of 8 for evacuation
[13.699s][info][gc,phases    ] GC(286)   Pre Evacuate Collection Set: 0.0ms
[13.699s][info][gc,phases    ] GC(286)   Evacuate Collection Set: 0.5ms
[13.699s][info][gc,phases    ] GC(286)   Post Evacuate Collection Set: 0.3ms
[13.699s][info][gc,phases    ] GC(286)   Other: 0.2ms
[13.699s][info][gc,heap      ] GC(286) Eden regions: 306->0(306)
[13.699s][info][gc,heap      ] GC(286) Survivor regions: 1->1(39)
[13.699s][info][gc,heap      ] GC(286) Old regions: 18->18
[13.699s][info][gc,heap      ] GC(286) Humongous regions: 0->0
[13.699s][info][gc,metaspace ] GC(286) Metaspace: 7413K->7413K(1056768K)
[13.699s][info][gc           ] GC(286) Pause Young (Normal) (G1 Evacuation Pause) 324M->18M(512M) 1.056ms
[13.699s][info][gc,cpu       ] GC(286) User=0.00s Sys=0.00s Real=0.01s
[13.749s][info][gc,start     ] GC(287) Pause Young (Normal) (G1 Evacuation Pause)
[13.749s][info][gc,task      ] GC(287) Using 8 workers of 8 for evacuation
[13.750s][info][gc,phases    ] GC(287)   Pre Evacuate Collection Set: 0.0ms
[13.750s][info][gc,phases    ] GC(287)   Evacuate Collection Set: 0.4ms
[13.750s][info][gc,phases    ] GC(287)   Post Evacuate Collection Set: 0.3ms
[13.750s][info][gc,phases    ] GC(287)   Other: 0.1ms
[13.750s][info][gc,heap      ] GC(287) Eden regions: 306->0(306)
[13.750s][info][gc,heap      ] GC(287) Survivor regions: 1->1(39)
[13.750s][info][gc,heap      ] GC(287) Old regions: 18->18
[13.750s][info][gc,heap      ] GC(287) Humongous regions: 0->0
[13.750s][info][gc,metaspace ] GC(287) Metaspace: 7413K->7413K(1056768K)
[13.750s][info][gc           ] GC(287) Pause Young (Normal) (G1 Evacuation Pause) 324M->18M(512M) 0.904ms
[13.750s][info][gc,cpu       ] GC(287) User=0.00s Sys=0.01s Real=0.00s
[13.795s][info][gc,start     ] GC(288) Pause Young (Normal) (G1 Evacuation Pause)
[13.795s][info][gc,task      ] GC(288) Using 8 workers of 8 for evacuation
[13.796s][info][gc,phases    ] GC(288)   Pre Evacuate Collection Set: 0.0ms
[13.796s][info][gc,phases    ] GC(288)   Evacuate Collection Set: 0.4ms
[13.796s][info][gc,phases    ] GC(288)   Post Evacuate Collection Set: 0.3ms
[13.796s][info][gc,phases    ] GC(288)   Other: 0.1ms
[13.796s][info][gc,heap      ] GC(288) Eden regions: 306->0(306)
[13.796s][info][gc,heap      ] GC(288) Survivor regions: 1->1(39)
[13.796s][info][gc,heap      ] GC(288) Old regions: 18->18
[13.796s][info][gc,heap      ] GC(288) Humongous regions: 0->0
[13.796s][info][gc,metaspace ] GC(288) Metaspace: 7413K->7413K(1056768K)
[13.796s][info][gc           ] GC(288) Pause Young (Normal) (G1 Evacuation Pause) 324M->18M(512M) 0.924ms
[13.796s][info][gc,cpu       ] GC(288) User=0.00s Sys=0.00s Real=0.00s
[13.842s][info][gc,start     ] GC(289) Pause Young (Normal) (G1 Evacuation Pause)
[13.842s][info][gc,task      ] GC(289) Using 8 workers of 8 for evacuation
[13.843s][info][gc,phases    ] GC(289)   Pre Evacuate Collection Set: 0.0ms
[13.843s][info][gc,phases    ] GC(289)   Evacuate Collection Set: 0.4ms
[13.843s][info][gc,phases    ] GC(289)   Post Evacuate Collection Set: 0.3ms
[13.843s][info][gc,phases    ] GC(289)   Other: 0.2ms
[13.843s][info][gc,heap      ] GC(289) Eden regions: 306->0(306)
[13.843s][info][gc,heap      ] GC(289) Survivor regions: 1->1(39)
[13.843s][info][gc,heap      ] GC(289) Old regions: 18->19
[13.843s][info][gc,heap      ] GC(289) Humongous regions: 0->0
[13.843s][info][gc,metaspace ] GC(289) Metaspace: 7413K->7413K(1056768K)
[13.843s][info][gc           ] GC(289) Pause Young (Normal) (G1 Evacuation Pause) 324M->18M(512M) 1.049ms
[13.843s][info][gc,cpu       ] GC(289) User=0.00s Sys=0.00s Real=0.00s
[13.885s][info][gc,start     ] GC(290) Pause Young (Normal) (G1 Evacuation Pause)
[13.885s][info][gc,task      ] GC(290) Using 8 workers of 8 for evacuation
[13.885s][info][gc,phases    ] GC(290)   Pre Evacuate Collection Set: 0.0ms
[13.885s][info][gc,phases    ] GC(290)   Evacuate Collection Set: 0.4ms
[13.885s][info][gc,phases    ] GC(290)   Post Evacuate Collection Set: 0.3ms
[13.885s][info][gc,phases    ] GC(290)   Other: 0.1ms
[13.885s][info][gc,heap      ] GC(290) Eden regions: 306->0(306)
[13.885s][info][gc,heap      ] GC(290) Survivor regions: 1->1(39)
[13.885s][info][gc,heap      ] GC(290) Old regions: 19->19
[13.885s][info][gc,heap      ] GC(290) Humongous regions: 0->0
[13.885s][info][gc,metaspace ] GC(290) Metaspace: 7413K->7413K(1056768K)
[13.885s][info][gc           ] GC(290) Pause Young (Normal) (G1 Evacuation Pause) 324M->18M(512M) 0.914ms
[13.885s][info][gc,cpu       ] GC(290) User=0.00s Sys=0.00s Real=0.00s
[13.932s][info][gc,start     ] GC(291) Pause Young (Normal) (G1 Evacuation Pause)
[13.932s][info][gc,task      ] GC(291) Using 8 workers of 8 for evacuation
[13.933s][info][gc,phases    ] GC(291)   Pre Evacuate Collection Set: 0.0ms
[13.933s][info][gc,phases    ] GC(291)   Evacuate Collection Set: 0.4ms
[13.933s][info][gc,phases    ] GC(291)   Post Evacuate Collection Set: 0.3ms
[13.933s][info][gc,phases    ] GC(291)   Other: 0.1ms
[13.933s][info][gc,heap      ] GC(291) Eden regions: 306->0(306)
[13.933s][info][gc,heap      ] GC(291) Survivor regions: 1->1(39)
[13.933s][info][gc,heap      ] GC(291) Old regions: 19->19
[13.933s][info][gc,heap      ] GC(291) Humongous regions: 0->0
[13.933s][info][gc,metaspace ] GC(291) Metaspace: 7413K->7413K(1056768K)
[13.933s][info][gc           ] GC(291) Pause Young (Normal) (G1 Evacuation Pause) 324M->19M(512M) 0.951ms
[13.933s][info][gc,cpu       ] GC(291) User=0.01s Sys=0.00s Real=0.00s
[13.991s][info][gc,start     ] GC(292) Pause Young (Normal) (G1 Evacuation Pause)
[13.991s][info][gc,task      ] GC(292) Using 8 workers of 8 for evacuation
[13.993s][info][gc,phases    ] GC(292)   Pre Evacuate Collection Set: 0.0ms
[13.993s][info][gc,phases    ] GC(292)   Evacuate Collection Set: 0.9ms
[13.993s][info][gc,phases    ] GC(292)   Post Evacuate Collection Set: 0.7ms
[13.993s][info][gc,phases    ] GC(292)   Other: 0.4ms
[13.993s][info][gc,heap      ] GC(292) Eden regions: 306->0(306)
[13.993s][info][gc,heap      ] GC(292) Survivor regions: 1->1(39)
[13.993s][info][gc,heap      ] GC(292) Old regions: 19->19
[13.993s][info][gc,heap      ] GC(292) Humongous regions: 0->0
[13.993s][info][gc,metaspace ] GC(292) Metaspace: 7413K->7413K(1056768K)
[13.993s][info][gc           ] GC(292) Pause Young (Normal) (G1 Evacuation Pause) 325M->19M(512M) 2.163ms
[13.993s][info][gc,cpu       ] GC(292) User=0.00s Sys=0.00s Real=0.00s
[14.035s][info][gc,start     ] GC(293) Pause Young (Normal) (G1 Evacuation Pause)
[14.035s][info][gc,task      ] GC(293) Using 8 workers of 8 for evacuation
[14.035s][info][gc,phases    ] GC(293)   Pre Evacuate Collection Set: 0.0ms
[14.035s][info][gc,phases    ] GC(293)   Evacuate Collection Set: 0.3ms
[14.035s][info][gc,phases    ] GC(293)   Post Evacuate Collection Set: 0.2ms
[14.035s][info][gc,phases    ] GC(293)   Other: 0.1ms
[14.035s][info][gc,heap      ] GC(293) Eden regions: 306->0(306)
[14.035s][info][gc,heap      ] GC(293) Survivor regions: 1->1(39)
[14.035s][info][gc,heap      ] GC(293) Old regions: 19->19
[14.035s][info][gc,heap      ] GC(293) Humongous regions: 0->0
[14.035s][info][gc,metaspace ] GC(293) Metaspace: 7413K->7413K(1056768K)
[14.035s][info][gc           ] GC(293) Pause Young (Normal) (G1 Evacuation Pause) 325M->19M(512M) 0.748ms
[14.035s][info][gc,cpu       ] GC(293) User=0.00s Sys=0.00s Real=0.00s
[14.078s][info][gc,start     ] GC(294) Pause Young (Normal) (G1 Evacuation Pause)
[14.078s][info][gc,task      ] GC(294) Using 8 workers of 8 for evacuation
[14.079s][info][gc,phases    ] GC(294)   Pre Evacuate Collection Set: 0.0ms
[14.079s][info][gc,phases    ] GC(294)   Evacuate Collection Set: 0.4ms
[14.079s][info][gc,phases    ] GC(294)   Post Evacuate Collection Set: 0.2ms
[14.079s][info][gc,phases    ] GC(294)   Other: 0.2ms
[14.079s][info][gc,heap      ] GC(294) Eden regions: 306->0(306)
[14.079s][info][gc,heap      ] GC(294) Survivor regions: 1->1(39)
[14.079s][info][gc,heap      ] GC(294) Old regions: 19->19
[14.079s][info][gc,heap      ] GC(294) Humongous regions: 0->0
[14.079s][info][gc,metaspace ] GC(294) Metaspace: 7413K->7413K(1056768K)
[14.079s][info][gc           ] GC(294) Pause Young (Normal) (G1 Evacuation Pause) 325M->19M(512M) 0.898ms
[14.079s][info][gc,cpu       ] GC(294) User=0.00s Sys=0.00s Real=0.01s
[14.119s][info][gc,start     ] GC(295) Pause Young (Normal) (G1 Evacuation Pause)
[14.119s][info][gc,task      ] GC(295) Using 8 workers of 8 for evacuation
[14.119s][info][gc,phases    ] GC(295)   Pre Evacuate Collection Set: 0.0ms
[14.120s][info][gc,phases    ] GC(295)   Evacuate Collection Set: 0.4ms
[14.120s][info][gc,phases    ] GC(295)   Post Evacuate Collection Set: 0.3ms
[14.120s][info][gc,phases    ] GC(295)   Other: 0.2ms
[14.120s][info][gc,heap      ] GC(295) Eden regions: 306->0(306)
[14.120s][info][gc,heap      ] GC(295) Survivor regions: 1->1(39)
[14.120s][info][gc,heap      ] GC(295) Old regions: 19->19
[14.120s][info][gc,heap      ] GC(295) Humongous regions: 0->0
[14.120s][info][gc,metaspace ] GC(295) Metaspace: 7413K->7413K(1056768K)
[14.120s][info][gc           ] GC(295) Pause Young (Normal) (G1 Evacuation Pause) 325M->19M(512M) 0.867ms
[14.120s][info][gc,cpu       ] GC(295) User=0.00s Sys=0.00s Real=0.00s
[14.168s][info][gc,start     ] GC(296) Pause Young (Normal) (G1 Evacuation Pause)
[14.168s][info][gc,task      ] GC(296) Using 8 workers of 8 for evacuation
[14.169s][info][gc,phases    ] GC(296)   Pre Evacuate Collection Set: 0.0ms
[14.169s][info][gc,phases    ] GC(296)   Evacuate Collection Set: 0.4ms
[14.169s][info][gc,phases    ] GC(296)   Post Evacuate Collection Set: 0.4ms
[14.169s][info][gc,phases    ] GC(296)   Other: 0.2ms
[14.169s][info][gc,heap      ] GC(296) Eden regions: 306->0(306)
[14.169s][info][gc,heap      ] GC(296) Survivor regions: 1->1(39)
[14.169s][info][gc,heap      ] GC(296) Old regions: 19->19
[14.169s][info][gc,heap      ] GC(296) Humongous regions: 0->0
[14.169s][info][gc,metaspace ] GC(296) Metaspace: 7413K->7413K(1056768K)
[14.169s][info][gc           ] GC(296) Pause Young (Normal) (G1 Evacuation Pause) 325M->19M(512M) 1.004ms
[14.169s][info][gc,cpu       ] GC(296) User=0.00s Sys=0.01s Real=0.01s
[14.220s][info][gc,start     ] GC(297) Pause Young (Normal) (G1 Evacuation Pause)
[14.220s][info][gc,task      ] GC(297) Using 8 workers of 8 for evacuation
[14.221s][info][gc,phases    ] GC(297)   Pre Evacuate Collection Set: 0.0ms
[14.221s][info][gc,phases    ] GC(297)   Evacuate Collection Set: 0.4ms
[14.221s][info][gc,phases    ] GC(297)   Post Evacuate Collection Set: 0.2ms
[14.221s][info][gc,phases    ] GC(297)   Other: 0.2ms
[14.221s][info][gc,heap      ] GC(297) Eden regions: 306->0(306)
[14.221s][info][gc,heap      ] GC(297) Survivor regions: 1->1(39)
[14.221s][info][gc,heap      ] GC(297) Old regions: 19->19
[14.221s][info][gc,heap      ] GC(297) Humongous regions: 0->0
[14.221s][info][gc,metaspace ] GC(297) Metaspace: 7413K->7413K(1056768K)
[14.221s][info][gc           ] GC(297) Pause Young (Normal) (G1 Evacuation Pause) 325M->19M(512M) 0.932ms
[14.221s][info][gc,cpu       ] GC(297) User=0.01s Sys=0.00s Real=0.00s
[14.266s][info][gc,start     ] GC(298) Pause Young (Normal) (G1 Evacuation Pause)
[14.266s][info][gc,task      ] GC(298) Using 8 workers of 8 for evacuation
[14.267s][info][gc,phases    ] GC(298)   Pre Evacuate Collection Set: 0.0ms
[14.267s][info][gc,phases    ] GC(298)   Evacuate Collection Set: 0.5ms
[14.267s][info][gc,phases    ] GC(298)   Post Evacuate Collection Set: 0.2ms
[14.267s][info][gc,phases    ] GC(298)   Other: 0.2ms
[14.267s][info][gc,heap      ] GC(298) Eden regions: 306->0(306)
[14.267s][info][gc,heap      ] GC(298) Survivor regions: 1->1(39)
[14.267s][info][gc,heap      ] GC(298) Old regions: 19->19
[14.267s][info][gc,heap      ] GC(298) Humongous regions: 0->0
[14.267s][info][gc,metaspace ] GC(298) Metaspace: 7413K->7413K(1056768K)
[14.267s][info][gc           ] GC(298) Pause Young (Normal) (G1 Evacuation Pause) 325M->19M(512M) 1.005ms
[14.267s][info][gc,cpu       ] GC(298) User=0.01s Sys=0.00s Real=0.00s
[14.311s][info][gc,start     ] GC(299) Pause Young (Normal) (G1 Evacuation Pause)
[14.311s][info][gc,task      ] GC(299) Using 8 workers of 8 for evacuation
[14.312s][info][gc,phases    ] GC(299)   Pre Evacuate Collection Set: 0.0ms
[14.312s][info][gc,phases    ] GC(299)   Evacuate Collection Set: 0.4ms
[14.312s][info][gc,phases    ] GC(299)   Post Evacuate Collection Set: 0.3ms
[14.312s][info][gc,phases    ] GC(299)   Other: 0.2ms
[14.312s][info][gc,heap      ] GC(299) Eden regions: 306->0(306)
[14.312s][info][gc,heap      ] GC(299) Survivor regions: 1->1(39)
[14.312s][info][gc,heap      ] GC(299) Old regions: 19->19
[14.312s][info][gc,heap      ] GC(299) Humongous regions: 0->0
[14.312s][info][gc,metaspace ] GC(299) Metaspace: 7413K->7413K(1056768K)
[14.312s][info][gc           ] GC(299) Pause Young (Normal) (G1 Evacuation Pause) 325M->19M(512M) 0.956ms
[14.312s][info][gc,cpu       ] GC(299) User=0.00s Sys=0.00s Real=0.00s
[14.358s][info][gc,start     ] GC(300) Pause Young (Normal) (G1 Evacuation Pause)
[14.358s][info][gc,task      ] GC(300) Using 8 workers of 8 for evacuation
[14.359s][info][gc,phases    ] GC(300)   Pre Evacuate Collection Set: 0.0ms
[14.359s][info][gc,phases    ] GC(300)   Evacuate Collection Set: 0.4ms
[14.359s][info][gc,phases    ] GC(300)   Post Evacuate Collection Set: 0.3ms
[14.359s][info][gc,phases    ] GC(300)   Other: 0.2ms
[14.359s][info][gc,heap      ] GC(300) Eden regions: 306->0(306)
[14.359s][info][gc,heap      ] GC(300) Survivor regions: 1->1(39)
[14.359s][info][gc,heap      ] GC(300) Old regions: 19->19
[14.359s][info][gc,heap      ] GC(300) Humongous regions: 0->0
[14.359s][info][gc,metaspace ] GC(300) Metaspace: 7413K->7413K(1056768K)
[14.359s][info][gc           ] GC(300) Pause Young (Normal) (G1 Evacuation Pause) 325M->19M(512M) 0.923ms
[14.359s][info][gc,cpu       ] GC(300) User=0.00s Sys=0.00s Real=0.01s
[14.406s][info][gc,start     ] GC(301) Pause Young (Normal) (G1 Evacuation Pause)
[14.406s][info][gc,task      ] GC(301) Using 8 workers of 8 for evacuation
[14.407s][info][gc,phases    ] GC(301)   Pre Evacuate Collection Set: 0.0ms
[14.407s][info][gc,phases    ] GC(301)   Evacuate Collection Set: 0.4ms
[14.407s][info][gc,phases    ] GC(301)   Post Evacuate Collection Set: 0.2ms
[14.407s][info][gc,phases    ] GC(301)   Other: 0.1ms
[14.407s][info][gc,heap      ] GC(301) Eden regions: 306->0(306)
[14.407s][info][gc,heap      ] GC(301) Survivor regions: 1->1(39)
[14.407s][info][gc,heap      ] GC(301) Old regions: 19->19
[14.407s][info][gc,heap      ] GC(301) Humongous regions: 0->0
[14.407s][info][gc,metaspace ] GC(301) Metaspace: 7413K->7413K(1056768K)
[14.407s][info][gc           ] GC(301) Pause Young (Normal) (G1 Evacuation Pause) 325M->19M(512M) 0.910ms
[14.407s][info][gc,cpu       ] GC(301) User=0.01s Sys=0.00s Real=0.00s
[14.463s][info][gc,start     ] GC(302) Pause Young (Normal) (G1 Evacuation Pause)
[14.463s][info][gc,task      ] GC(302) Using 8 workers of 8 for evacuation
[14.464s][info][gc,phases    ] GC(302)   Pre Evacuate Collection Set: 0.0ms
[14.464s][info][gc,phases    ] GC(302)   Evacuate Collection Set: 0.4ms
[14.464s][info][gc,phases    ] GC(302)   Post Evacuate Collection Set: 0.3ms
[14.464s][info][gc,phases    ] GC(302)   Other: 0.1ms
[14.464s][info][gc,heap      ] GC(302) Eden regions: 306->0(306)
[14.464s][info][gc,heap      ] GC(302) Survivor regions: 1->1(39)
[14.464s][info][gc,heap      ] GC(302) Old regions: 19->19
[14.464s][info][gc,heap      ] GC(302) Humongous regions: 0->0
[14.464s][info][gc,metaspace ] GC(302) Metaspace: 7413K->7413K(1056768K)
[14.464s][info][gc           ] GC(302) Pause Young (Normal) (G1 Evacuation Pause) 325M->19M(512M) 0.928ms
[14.464s][info][gc,cpu       ] GC(302) User=0.01s Sys=0.00s Real=0.00s
[14.507s][info][gc,start     ] GC(303) Pause Young (Normal) (G1 Evacuation Pause)
[14.507s][info][gc,task      ] GC(303) Using 8 workers of 8 for evacuation
[14.508s][info][gc,phases    ] GC(303)   Pre Evacuate Collection Set: 0.0ms
[14.508s][info][gc,phases    ] GC(303)   Evacuate Collection Set: 0.4ms
[14.508s][info][gc,phases    ] GC(303)   Post Evacuate Collection Set: 0.2ms
[14.508s][info][gc,phases    ] GC(303)   Other: 0.2ms
[14.508s][info][gc,heap      ] GC(303) Eden regions: 306->0(306)
[14.508s][info][gc,heap      ] GC(303) Survivor regions: 1->1(39)
[14.508s][info][gc,heap      ] GC(303) Old regions: 19->19
[14.508s][info][gc,heap      ] GC(303) Humongous regions: 0->0
[14.508s][info][gc,metaspace ] GC(303) Metaspace: 7413K->7413K(1056768K)
[14.508s][info][gc           ] GC(303) Pause Young (Normal) (G1 Evacuation Pause) 325M->19M(512M) 0.920ms
[14.508s][info][gc,cpu       ] GC(303) User=0.00s Sys=0.00s Real=0.01s
[14.554s][info][gc,start     ] GC(304) Pause Young (Normal) (G1 Evacuation Pause)
[14.554s][info][gc,task      ] GC(304) Using 8 workers of 8 for evacuation
[14.555s][info][gc,phases    ] GC(304)   Pre Evacuate Collection Set: 0.0ms
[14.555s][info][gc,phases    ] GC(304)   Evacuate Collection Set: 0.5ms
[14.555s][info][gc,phases    ] GC(304)   Post Evacuate Collection Set: 0.3ms
[14.555s][info][gc,phases    ] GC(304)   Other: 0.1ms
[14.555s][info][gc,heap      ] GC(304) Eden regions: 306->0(306)
[14.555s][info][gc,heap      ] GC(304) Survivor regions: 1->1(39)
[14.555s][info][gc,heap      ] GC(304) Old regions: 19->19
[14.555s][info][gc,heap      ] GC(304) Humongous regions: 0->0
[14.555s][info][gc,metaspace ] GC(304) Metaspace: 7413K->7413K(1056768K)
[14.555s][info][gc           ] GC(304) Pause Young (Normal) (G1 Evacuation Pause) 325M->19M(512M) 1.046ms
[14.555s][info][gc,cpu       ] GC(304) User=0.00s Sys=0.00s Real=0.00s
[14.598s][info][gc,start     ] GC(305) Pause Young (Normal) (G1 Evacuation Pause)
[14.598s][info][gc,task      ] GC(305) Using 8 workers of 8 for evacuation
[14.598s][info][gc,phases    ] GC(305)   Pre Evacuate Collection Set: 0.0ms
[14.598s][info][gc,phases    ] GC(305)   Evacuate Collection Set: 0.4ms
[14.598s][info][gc,phases    ] GC(305)   Post Evacuate Collection Set: 0.3ms
[14.598s][info][gc,phases    ] GC(305)   Other: 0.2ms
[14.598s][info][gc,heap      ] GC(305) Eden regions: 306->0(306)
[14.598s][info][gc,heap      ] GC(305) Survivor regions: 1->1(39)
[14.598s][info][gc,heap      ] GC(305) Old regions: 19->19
[14.598s][info][gc,heap      ] GC(305) Humongous regions: 0->0
[14.598s][info][gc,metaspace ] GC(305) Metaspace: 7413K->7413K(1056768K)
[14.599s][info][gc           ] GC(305) Pause Young (Normal) (G1 Evacuation Pause) 325M->19M(512M) 0.921ms
[14.599s][info][gc,cpu       ] GC(305) User=0.00s Sys=0.00s Real=0.01s
[14.661s][info][gc,start     ] GC(306) Pause Young (Normal) (G1 Evacuation Pause)
[14.661s][info][gc,task      ] GC(306) Using 8 workers of 8 for evacuation
[14.662s][info][gc,phases    ] GC(306)   Pre Evacuate Collection Set: 0.0ms
[14.662s][info][gc,phases    ] GC(306)   Evacuate Collection Set: 0.4ms
[14.662s][info][gc,phases    ] GC(306)   Post Evacuate Collection Set: 0.2ms
[14.662s][info][gc,phases    ] GC(306)   Other: 0.1ms
[14.662s][info][gc,heap      ] GC(306) Eden regions: 306->0(306)
[14.662s][info][gc,heap      ] GC(306) Survivor regions: 1->1(39)
[14.662s][info][gc,heap      ] GC(306) Old regions: 19->20
[14.662s][info][gc,heap      ] GC(306) Humongous regions: 0->0
[14.662s][info][gc,metaspace ] GC(306) Metaspace: 7413K->7413K(1056768K)
[14.662s][info][gc           ] GC(306) Pause Young (Normal) (G1 Evacuation Pause) 325M->19M(512M) 0.851ms
[14.662s][info][gc,cpu       ] GC(306) User=0.00s Sys=0.00s Real=0.00s
[14.707s][info][gc,start     ] GC(307) Pause Young (Normal) (G1 Evacuation Pause)
[14.708s][info][gc,task      ] GC(307) Using 8 workers of 8 for evacuation
[14.709s][info][gc,phases    ] GC(307)   Pre Evacuate Collection Set: 0.0ms
[14.709s][info][gc,phases    ] GC(307)   Evacuate Collection Set: 0.6ms
[14.709s][info][gc,phases    ] GC(307)   Post Evacuate Collection Set: 0.2ms
[14.709s][info][gc,phases    ] GC(307)   Other: 0.2ms
[14.709s][info][gc,heap      ] GC(307) Eden regions: 306->0(306)
[14.709s][info][gc,heap      ] GC(307) Survivor regions: 1->1(39)
[14.709s][info][gc,heap      ] GC(307) Old regions: 20->20
[14.709s][info][gc,heap      ] GC(307) Humongous regions: 0->0
[14.709s][info][gc,metaspace ] GC(307) Metaspace: 7413K->7413K(1056768K)
[14.709s][info][gc           ] GC(307) Pause Young (Normal) (G1 Evacuation Pause) 325M->20M(512M) 1.176ms
[14.709s][info][gc,cpu       ] GC(307) User=0.01s Sys=0.00s Real=0.01s
[14.749s][info][gc,start     ] GC(308) Pause Young (Normal) (G1 Evacuation Pause)
[14.749s][info][gc,task      ] GC(308) Using 8 workers of 8 for evacuation
[14.750s][info][gc,phases    ] GC(308)   Pre Evacuate Collection Set: 0.0ms
[14.750s][info][gc,phases    ] GC(308)   Evacuate Collection Set: 0.3ms
[14.750s][info][gc,phases    ] GC(308)   Post Evacuate Collection Set: 0.3ms
[14.750s][info][gc,phases    ] GC(308)   Other: 0.2ms
[14.750s][info][gc,heap      ] GC(308) Eden regions: 306->0(306)
[14.750s][info][gc,heap      ] GC(308) Survivor regions: 1->1(39)
[14.750s][info][gc,heap      ] GC(308) Old regions: 20->20
[14.750s][info][gc,heap      ] GC(308) Humongous regions: 0->0
[14.750s][info][gc,metaspace ] GC(308) Metaspace: 7413K->7413K(1056768K)
[14.750s][info][gc           ] GC(308) Pause Young (Normal) (G1 Evacuation Pause) 326M->20M(512M) 0.903ms
[14.750s][info][gc,cpu       ] GC(308) User=0.00s Sys=0.00s Real=0.00s
[14.792s][info][gc,start     ] GC(309) Pause Young (Normal) (G1 Evacuation Pause)
[14.792s][info][gc,task      ] GC(309) Using 8 workers of 8 for evacuation
[14.793s][info][gc,phases    ] GC(309)   Pre Evacuate Collection Set: 0.0ms
[14.793s][info][gc,phases    ] GC(309)   Evacuate Collection Set: 0.5ms
[14.793s][info][gc,phases    ] GC(309)   Post Evacuate Collection Set: 0.2ms
[14.793s][info][gc,phases    ] GC(309)   Other: 0.2ms
[14.793s][info][gc,heap      ] GC(309) Eden regions: 306->0(306)
[14.793s][info][gc,heap      ] GC(309) Survivor regions: 1->1(39)
[14.793s][info][gc,heap      ] GC(309) Old regions: 20->20
[14.793s][info][gc,heap      ] GC(309) Humongous regions: 0->0
[14.793s][info][gc,metaspace ] GC(309) Metaspace: 7413K->7413K(1056768K)
[14.793s][info][gc           ] GC(309) Pause Young (Normal) (G1 Evacuation Pause) 326M->20M(512M) 0.956ms
[14.793s][info][gc,cpu       ] GC(309) User=0.01s Sys=0.00s Real=0.00s
[14.834s][info][gc,start     ] GC(310) Pause Young (Normal) (G1 Evacuation Pause)
[14.834s][info][gc,task      ] GC(310) Using 8 workers of 8 for evacuation
[14.835s][info][gc,phases    ] GC(310)   Pre Evacuate Collection Set: 0.0ms
[14.835s][info][gc,phases    ] GC(310)   Evacuate Collection Set: 0.3ms
[14.835s][info][gc,phases    ] GC(310)   Post Evacuate Collection Set: 0.2ms
[14.835s][info][gc,phases    ] GC(310)   Other: 0.1ms
[14.835s][info][gc,heap      ] GC(310) Eden regions: 306->0(306)
[14.835s][info][gc,heap      ] GC(310) Survivor regions: 1->1(39)
[14.835s][info][gc,heap      ] GC(310) Old regions: 20->20
[14.835s][info][gc,heap      ] GC(310) Humongous regions: 0->0
[14.835s][info][gc,metaspace ] GC(310) Metaspace: 7413K->7413K(1056768K)
[14.835s][info][gc           ] GC(310) Pause Young (Normal) (G1 Evacuation Pause) 326M->20M(512M) 0.800ms
[14.835s][info][gc,cpu       ] GC(310) User=0.00s Sys=0.00s Real=0.00s
[14.879s][info][gc,start     ] GC(311) Pause Young (Normal) (G1 Evacuation Pause)
[14.879s][info][gc,task      ] GC(311) Using 8 workers of 8 for evacuation
[14.880s][info][gc,phases    ] GC(311)   Pre Evacuate Collection Set: 0.0ms
[14.880s][info][gc,phases    ] GC(311)   Evacuate Collection Set: 0.4ms
[14.880s][info][gc,phases    ] GC(311)   Post Evacuate Collection Set: 0.2ms
[14.880s][info][gc,phases    ] GC(311)   Other: 0.1ms
[14.880s][info][gc,heap      ] GC(311) Eden regions: 306->0(306)
[14.880s][info][gc,heap      ] GC(311) Survivor regions: 1->1(39)
[14.880s][info][gc,heap      ] GC(311) Old regions: 20->20
[14.880s][info][gc,heap      ] GC(311) Humongous regions: 0->0
[14.880s][info][gc,metaspace ] GC(311) Metaspace: 7413K->7413K(1056768K)
[14.880s][info][gc           ] GC(311) Pause Young (Normal) (G1 Evacuation Pause) 326M->20M(512M) 0.826ms
[14.880s][info][gc,cpu       ] GC(311) User=0.00s Sys=0.00s Real=0.00s
[14.928s][info][gc,start     ] GC(312) Pause Young (Normal) (G1 Evacuation Pause)
[14.928s][info][gc,task      ] GC(312) Using 8 workers of 8 for evacuation
[14.929s][info][gc,phases    ] GC(312)   Pre Evacuate Collection Set: 0.0ms
[14.929s][info][gc,phases    ] GC(312)   Evacuate Collection Set: 0.4ms
[14.929s][info][gc,phases    ] GC(312)   Post Evacuate Collection Set: 0.4ms
[14.929s][info][gc,phases    ] GC(312)   Other: 0.1ms
[14.929s][info][gc,heap      ] GC(312) Eden regions: 306->0(306)
[14.929s][info][gc,heap      ] GC(312) Survivor regions: 1->1(39)
[14.929s][info][gc,heap      ] GC(312) Old regions: 20->20
[14.929s][info][gc,heap      ] GC(312) Humongous regions: 0->0
[14.929s][info][gc,metaspace ] GC(312) Metaspace: 7413K->7413K(1056768K)
[14.929s][info][gc           ] GC(312) Pause Young (Normal) (G1 Evacuation Pause) 326M->20M(512M) 1.023ms
[14.929s][info][gc,cpu       ] GC(312) User=0.00s Sys=0.00s Real=0.01s
[14.985s][info][gc,start     ] GC(313) Pause Young (Normal) (G1 Evacuation Pause)
[14.985s][info][gc,task      ] GC(313) Using 8 workers of 8 for evacuation
[14.985s][info][gc,phases    ] GC(313)   Pre Evacuate Collection Set: 0.0ms
[14.985s][info][gc,phases    ] GC(313)   Evacuate Collection Set: 0.5ms
[14.986s][info][gc,phases    ] GC(313)   Post Evacuate Collection Set: 0.2ms
[14.986s][info][gc,phases    ] GC(313)   Other: 0.1ms
[14.986s][info][gc,heap      ] GC(313) Eden regions: 306->0(306)
[14.986s][info][gc,heap      ] GC(313) Survivor regions: 1->1(39)
[14.986s][info][gc,heap      ] GC(313) Old regions: 20->20
[14.986s][info][gc,heap      ] GC(313) Humongous regions: 0->0
[14.986s][info][gc,metaspace ] GC(313) Metaspace: 7413K->7413K(1056768K)
[14.986s][info][gc           ] GC(313) Pause Young (Normal) (G1 Evacuation Pause) 326M->20M(512M) 0.966ms
[14.986s][info][gc,cpu       ] GC(313) User=0.00s Sys=0.00s Real=0.00s
[15.025s][info][gc,start     ] GC(314) Pause Young (Normal) (G1 Evacuation Pause)
[15.025s][info][gc,task      ] GC(314) Using 8 workers of 8 for evacuation
[15.026s][info][gc,phases    ] GC(314)   Pre Evacuate Collection Set: 0.0ms
[15.026s][info][gc,phases    ] GC(314)   Evacuate Collection Set: 0.4ms
[15.026s][info][gc,phases    ] GC(314)   Post Evacuate Collection Set: 0.3ms
[15.026s][info][gc,phases    ] GC(314)   Other: 0.2ms
[15.026s][info][gc,heap      ] GC(314) Eden regions: 306->0(306)
[15.026s][info][gc,heap      ] GC(314) Survivor regions: 1->1(39)
[15.026s][info][gc,heap      ] GC(314) Old regions: 20->20
[15.026s][info][gc,heap      ] GC(314) Humongous regions: 0->0
[15.026s][info][gc,metaspace ] GC(314) Metaspace: 7413K->7413K(1056768K)
[15.026s][info][gc           ] GC(314) Pause Young (Normal) (G1 Evacuation Pause) 326M->20M(512M) 0.986ms
[15.026s][info][gc,cpu       ] GC(314) User=0.01s Sys=0.00s Real=0.00s
[15.070s][info][gc,start     ] GC(315) Pause Young (Normal) (G1 Evacuation Pause)
[15.071s][info][gc,task      ] GC(315) Using 8 workers of 8 for evacuation
[15.071s][info][gc,phases    ] GC(315)   Pre Evacuate Collection Set: 0.0ms
[15.071s][info][gc,phases    ] GC(315)   Evacuate Collection Set: 0.4ms
[15.071s][info][gc,phases    ] GC(315)   Post Evacuate Collection Set: 0.2ms
[15.071s][info][gc,phases    ] GC(315)   Other: 0.1ms
[15.071s][info][gc,heap      ] GC(315) Eden regions: 306->0(306)
[15.071s][info][gc,heap      ] GC(315) Survivor regions: 1->1(39)
[15.071s][info][gc,heap      ] GC(315) Old regions: 20->20
[15.071s][info][gc,heap      ] GC(315) Humongous regions: 0->0
[15.071s][info][gc,metaspace ] GC(315) Metaspace: 7413K->7413K(1056768K)
[15.071s][info][gc           ] GC(315) Pause Young (Normal) (G1 Evacuation Pause) 326M->20M(512M) 0.879ms
[15.071s][info][gc,cpu       ] GC(315) User=0.00s Sys=0.00s Real=0.00s
[15.117s][info][gc,start     ] GC(316) Pause Young (Normal) (G1 Evacuation Pause)
[15.117s][info][gc,task      ] GC(316) Using 8 workers of 8 for evacuation
[15.117s][info][gc,phases    ] GC(316)   Pre Evacuate Collection Set: 0.0ms
[15.117s][info][gc,phases    ] GC(316)   Evacuate Collection Set: 0.4ms
[15.117s][info][gc,phases    ] GC(316)   Post Evacuate Collection Set: 0.2ms
[15.117s][info][gc,phases    ] GC(316)   Other: 0.1ms
[15.117s][info][gc,heap      ] GC(316) Eden regions: 306->0(306)
[15.117s][info][gc,heap      ] GC(316) Survivor regions: 1->1(39)
[15.117s][info][gc,heap      ] GC(316) Old regions: 20->20
[15.117s][info][gc,heap      ] GC(316) Humongous regions: 0->0
[15.117s][info][gc,metaspace ] GC(316) Metaspace: 7413K->7413K(1056768K)
[15.117s][info][gc           ] GC(316) Pause Young (Normal) (G1 Evacuation Pause) 326M->20M(512M) 0.856ms
[15.117s][info][gc,cpu       ] GC(316) User=0.00s Sys=0.00s Real=0.00s
[15.168s][info][gc,start     ] GC(317) Pause Young (Normal) (G1 Evacuation Pause)
[15.168s][info][gc,task      ] GC(317) Using 8 workers of 8 for evacuation
[15.169s][info][gc,phases    ] GC(317)   Pre Evacuate Collection Set: 0.0ms
[15.169s][info][gc,phases    ] GC(317)   Evacuate Collection Set: 0.4ms
[15.169s][info][gc,phases    ] GC(317)   Post Evacuate Collection Set: 0.3ms
[15.169s][info][gc,phases    ] GC(317)   Other: 0.1ms
[15.169s][info][gc,heap      ] GC(317) Eden regions: 306->0(306)
[15.169s][info][gc,heap      ] GC(317) Survivor regions: 1->1(39)
[15.169s][info][gc,heap      ] GC(317) Old regions: 20->20
[15.169s][info][gc,heap      ] GC(317) Humongous regions: 0->0
[15.169s][info][gc,metaspace ] GC(317) Metaspace: 7413K->7413K(1056768K)
[15.169s][info][gc           ] GC(317) Pause Young (Normal) (G1 Evacuation Pause) 326M->20M(512M) 0.952ms
[15.169s][info][gc,cpu       ] GC(317) User=0.00s Sys=0.00s Real=0.00s
[15.216s][info][gc,start     ] GC(318) Pause Young (Normal) (G1 Evacuation Pause)
[15.216s][info][gc,task      ] GC(318) Using 8 workers of 8 for evacuation
[15.216s][info][gc,phases    ] GC(318)   Pre Evacuate Collection Set: 0.0ms
[15.216s][info][gc,phases    ] GC(318)   Evacuate Collection Set: 0.4ms
[15.216s][info][gc,phases    ] GC(318)   Post Evacuate Collection Set: 0.2ms
[15.216s][info][gc,phases    ] GC(318)   Other: 0.2ms
[15.217s][info][gc,heap      ] GC(318) Eden regions: 306->0(306)
[15.217s][info][gc,heap      ] GC(318) Survivor regions: 1->1(39)
[15.217s][info][gc,heap      ] GC(318) Old regions: 20->20
[15.217s][info][gc,heap      ] GC(318) Humongous regions: 0->0
[15.217s][info][gc,metaspace ] GC(318) Metaspace: 7413K->7413K(1056768K)
[15.217s][info][gc           ] GC(318) Pause Young (Normal) (G1 Evacuation Pause) 326M->20M(512M) 0.893ms
[15.217s][info][gc,cpu       ] GC(318) User=0.00s Sys=0.00s Real=0.00s
[15.256s][info][gc,start     ] GC(319) Pause Young (Normal) (G1 Evacuation Pause)
[15.256s][info][gc,task      ] GC(319) Using 8 workers of 8 for evacuation
[15.256s][info][gc,phases    ] GC(319)   Pre Evacuate Collection Set: 0.0ms
[15.256s][info][gc,phases    ] GC(319)   Evacuate Collection Set: 0.3ms
[15.256s][info][gc,phases    ] GC(319)   Post Evacuate Collection Set: 0.2ms
[15.256s][info][gc,phases    ] GC(319)   Other: 0.1ms
[15.256s][info][gc,heap      ] GC(319) Eden regions: 306->0(306)
[15.256s][info][gc,heap      ] GC(319) Survivor regions: 1->1(39)
[15.256s][info][gc,heap      ] GC(319) Old regions: 20->20
[15.256s][info][gc,heap      ] GC(319) Humongous regions: 0->0
[15.256s][info][gc,metaspace ] GC(319) Metaspace: 7413K->7413K(1056768K)
[15.256s][info][gc           ] GC(319) Pause Young (Normal) (G1 Evacuation Pause) 326M->20M(512M) 0.778ms
[15.256s][info][gc,cpu       ] GC(319) User=0.00s Sys=0.00s Real=0.00s
[15.295s][info][gc,start     ] GC(320) Pause Young (Normal) (G1 Evacuation Pause)
[15.295s][info][gc,task      ] GC(320) Using 8 workers of 8 for evacuation
[15.296s][info][gc,phases    ] GC(320)   Pre Evacuate Collection Set: 0.0ms
[15.296s][info][gc,phases    ] GC(320)   Evacuate Collection Set: 0.5ms
[15.296s][info][gc,phases    ] GC(320)   Post Evacuate Collection Set: 0.3ms
[15.296s][info][gc,phases    ] GC(320)   Other: 0.1ms
[15.296s][info][gc,heap      ] GC(320) Eden regions: 306->0(306)
[15.296s][info][gc,heap      ] GC(320) Survivor regions: 1->1(39)
[15.296s][info][gc,heap      ] GC(320) Old regions: 20->20
[15.296s][info][gc,heap      ] GC(320) Humongous regions: 0->0
[15.296s][info][gc,metaspace ] GC(320) Metaspace: 7413K->7413K(1056768K)
[15.296s][info][gc           ] GC(320) Pause Young (Normal) (G1 Evacuation Pause) 326M->20M(512M) 1.065ms
[15.296s][info][gc,cpu       ] GC(320) User=0.00s Sys=0.00s Real=0.00s
[15.336s][info][gc,start     ] GC(321) Pause Young (Normal) (G1 Evacuation Pause)
[15.337s][info][gc,task      ] GC(321) Using 8 workers of 8 for evacuation
[15.337s][info][gc,phases    ] GC(321)   Pre Evacuate Collection Set: 0.0ms
[15.337s][info][gc,phases    ] GC(321)   Evacuate Collection Set: 0.4ms
[15.337s][info][gc,phases    ] GC(321)   Post Evacuate Collection Set: 0.2ms
[15.337s][info][gc,phases    ] GC(321)   Other: 0.1ms
[15.337s][info][gc,heap      ] GC(321) Eden regions: 306->0(306)
[15.337s][info][gc,heap      ] GC(321) Survivor regions: 1->1(39)
[15.337s][info][gc,heap      ] GC(321) Old regions: 20->20
[15.337s][info][gc,heap      ] GC(321) Humongous regions: 0->0
[15.337s][info][gc,metaspace ] GC(321) Metaspace: 7413K->7413K(1056768K)
[15.337s][info][gc           ] GC(321) Pause Young (Normal) (G1 Evacuation Pause) 326M->20M(512M) 0.870ms
[15.337s][info][gc,cpu       ] GC(321) User=0.00s Sys=0.00s Real=0.00s
[15.388s][info][gc,start     ] GC(322) Pause Young (Normal) (G1 Evacuation Pause)
[15.388s][info][gc,task      ] GC(322) Using 8 workers of 8 for evacuation
[15.389s][info][gc,phases    ] GC(322)   Pre Evacuate Collection Set: 0.0ms
[15.389s][info][gc,phases    ] GC(322)   Evacuate Collection Set: 0.5ms
[15.389s][info][gc,phases    ] GC(322)   Post Evacuate Collection Set: 0.2ms
[15.389s][info][gc,phases    ] GC(322)   Other: 0.1ms
[15.389s][info][gc,heap      ] GC(322) Eden regions: 306->0(306)
[15.389s][info][gc,heap      ] GC(322) Survivor regions: 1->1(39)
[15.389s][info][gc,heap      ] GC(322) Old regions: 20->21
[15.389s][info][gc,heap      ] GC(322) Humongous regions: 0->0
[15.389s][info][gc,metaspace ] GC(322) Metaspace: 7413K->7413K(1056768K)
[15.389s][info][gc           ] GC(322) Pause Young (Normal) (G1 Evacuation Pause) 326M->20M(512M) 0.959ms
[15.389s][info][gc,cpu       ] GC(322) User=0.01s Sys=0.00s Real=0.00s
[15.436s][info][gc,start     ] GC(323) Pause Young (Normal) (G1 Evacuation Pause)
[15.436s][info][gc,task      ] GC(323) Using 8 workers of 8 for evacuation
[15.437s][info][gc,phases    ] GC(323)   Pre Evacuate Collection Set: 0.0ms
[15.437s][info][gc,phases    ] GC(323)   Evacuate Collection Set: 0.4ms
[15.437s][info][gc,phases    ] GC(323)   Post Evacuate Collection Set: 0.2ms
[15.437s][info][gc,phases    ] GC(323)   Other: 0.1ms
[15.437s][info][gc,heap      ] GC(323) Eden regions: 306->0(306)
[15.437s][info][gc,heap      ] GC(323) Survivor regions: 1->1(39)
[15.437s][info][gc,heap      ] GC(323) Old regions: 21->21
[15.437s][info][gc,heap      ] GC(323) Humongous regions: 0->0
[15.437s][info][gc,metaspace ] GC(323) Metaspace: 7413K->7413K(1056768K)
[15.437s][info][gc           ] GC(323) Pause Young (Normal) (G1 Evacuation Pause) 326M->21M(512M) 0.901ms
[15.437s][info][gc,cpu       ] GC(323) User=0.01s Sys=0.00s Real=0.00s
[15.478s][info][gc,start     ] GC(324) Pause Young (Normal) (G1 Evacuation Pause)
[15.478s][info][gc,task      ] GC(324) Using 8 workers of 8 for evacuation
[15.479s][info][gc,phases    ] GC(324)   Pre Evacuate Collection Set: 0.0ms
[15.479s][info][gc,phases    ] GC(324)   Evacuate Collection Set: 0.5ms
[15.479s][info][gc,phases    ] GC(324)   Post Evacuate Collection Set: 0.3ms
[15.479s][info][gc,phases    ] GC(324)   Other: 0.2ms
[15.479s][info][gc,heap      ] GC(324) Eden regions: 306->0(306)
[15.479s][info][gc,heap      ] GC(324) Survivor regions: 1->1(39)
[15.479s][info][gc,heap      ] GC(324) Old regions: 21->21
[15.479s][info][gc,heap      ] GC(324) Humongous regions: 0->0
[15.479s][info][gc,metaspace ] GC(324) Metaspace: 7413K->7413K(1056768K)
[15.479s][info][gc           ] GC(324) Pause Young (Normal) (G1 Evacuation Pause) 327M->21M(512M) 1.211ms
[15.479s][info][gc,cpu       ] GC(324) User=0.00s Sys=0.00s Real=0.01s
[15.521s][info][gc,start     ] GC(325) Pause Young (Normal) (G1 Evacuation Pause)
[15.521s][info][gc,task      ] GC(325) Using 8 workers of 8 for evacuation
[15.522s][info][gc,phases    ] GC(325)   Pre Evacuate Collection Set: 0.0ms
[15.522s][info][gc,phases    ] GC(325)   Evacuate Collection Set: 0.5ms
[15.522s][info][gc,phases    ] GC(325)   Post Evacuate Collection Set: 0.2ms
[15.522s][info][gc,phases    ] GC(325)   Other: 0.1ms
[15.522s][info][gc,heap      ] GC(325) Eden regions: 306->0(306)
[15.522s][info][gc,heap      ] GC(325) Survivor regions: 1->1(39)
[15.522s][info][gc,heap      ] GC(325) Old regions: 21->21
[15.522s][info][gc,heap      ] GC(325) Humongous regions: 0->0
[15.522s][info][gc,metaspace ] GC(325) Metaspace: 7413K->7413K(1056768K)
[15.522s][info][gc           ] GC(325) Pause Young (Normal) (G1 Evacuation Pause) 327M->21M(512M) 0.920ms
[15.522s][info][gc,cpu       ] GC(325) User=0.00s Sys=0.00s Real=0.00s
[15.567s][info][gc,start     ] GC(326) Pause Young (Normal) (G1 Evacuation Pause)
[15.567s][info][gc,task      ] GC(326) Using 8 workers of 8 for evacuation
[15.568s][info][gc,phases    ] GC(326)   Pre Evacuate Collection Set: 0.0ms
[15.568s][info][gc,phases    ] GC(326)   Evacuate Collection Set: 0.4ms
[15.568s][info][gc,phases    ] GC(326)   Post Evacuate Collection Set: 0.3ms
[15.568s][info][gc,phases    ] GC(326)   Other: 0.1ms
[15.568s][info][gc,heap      ] GC(326) Eden regions: 306->0(306)
[15.568s][info][gc,heap      ] GC(326) Survivor regions: 1->1(39)
[15.568s][info][gc,heap      ] GC(326) Old regions: 21->21
[15.568s][info][gc,heap      ] GC(326) Humongous regions: 0->0
[15.568s][info][gc,metaspace ] GC(326) Metaspace: 7413K->7413K(1056768K)
[15.568s][info][gc           ] GC(326) Pause Young (Normal) (G1 Evacuation Pause) 327M->21M(512M) 0.929ms
[15.568s][info][gc,cpu       ] GC(326) User=0.01s Sys=0.00s Real=0.01s
[15.615s][info][gc,start     ] GC(327) Pause Young (Normal) (G1 Evacuation Pause)
[15.615s][info][gc,task      ] GC(327) Using 8 workers of 8 for evacuation
[15.616s][info][gc,phases    ] GC(327)   Pre Evacuate Collection Set: 0.0ms
[15.616s][info][gc,phases    ] GC(327)   Evacuate Collection Set: 0.5ms
[15.616s][info][gc,phases    ] GC(327)   Post Evacuate Collection Set: 0.2ms
[15.616s][info][gc,phases    ] GC(327)   Other: 0.2ms
[15.616s][info][gc,heap      ] GC(327) Eden regions: 306->0(306)
[15.616s][info][gc,heap      ] GC(327) Survivor regions: 1->1(39)
[15.616s][info][gc,heap      ] GC(327) Old regions: 21->21
[15.616s][info][gc,heap      ] GC(327) Humongous regions: 0->0
[15.616s][info][gc,metaspace ] GC(327) Metaspace: 7413K->7413K(1056768K)
[15.616s][info][gc           ] GC(327) Pause Young (Normal) (G1 Evacuation Pause) 327M->21M(512M) 0.986ms
[15.616s][info][gc,cpu       ] GC(327) User=0.00s Sys=0.00s Real=0.00s
[15.671s][info][gc,start     ] GC(328) Pause Young (Normal) (G1 Evacuation Pause)
[15.671s][info][gc,task      ] GC(328) Using 8 workers of 8 for evacuation
[15.673s][info][gc,phases    ] GC(328)   Pre Evacuate Collection Set: 0.0ms
[15.673s][info][gc,phases    ] GC(328)   Evacuate Collection Set: 0.6ms
[15.673s][info][gc,phases    ] GC(328)   Post Evacuate Collection Set: 0.4ms
[15.673s][info][gc,phases    ] GC(328)   Other: 0.2ms
[15.673s][info][gc,heap      ] GC(328) Eden regions: 306->0(306)
[15.673s][info][gc,heap      ] GC(328) Survivor regions: 1->1(39)
[15.673s][info][gc,heap      ] GC(328) Old regions: 21->21
[15.673s][info][gc,heap      ] GC(328) Humongous regions: 0->0
[15.673s][info][gc,metaspace ] GC(328) Metaspace: 7413K->7413K(1056768K)
[15.673s][info][gc           ] GC(328) Pause Young (Normal) (G1 Evacuation Pause) 327M->21M(512M) 1.383ms
[15.673s][info][gc,cpu       ] GC(328) User=0.00s Sys=0.00s Real=0.00s
[15.720s][info][gc,start     ] GC(329) Pause Young (Normal) (G1 Evacuation Pause)
[15.720s][info][gc,task      ] GC(329) Using 8 workers of 8 for evacuation
[15.721s][info][gc,phases    ] GC(329)   Pre Evacuate Collection Set: 0.0ms
[15.721s][info][gc,phases    ] GC(329)   Evacuate Collection Set: 0.5ms
[15.721s][info][gc,phases    ] GC(329)   Post Evacuate Collection Set: 0.2ms
[15.721s][info][gc,phases    ] GC(329)   Other: 0.2ms
[15.721s][info][gc,heap      ] GC(329) Eden regions: 306->0(306)
[15.721s][info][gc,heap      ] GC(329) Survivor regions: 1->1(39)
[15.721s][info][gc,heap      ] GC(329) Old regions: 21->21
[15.721s][info][gc,heap      ] GC(329) Humongous regions: 0->0
[15.721s][info][gc,metaspace ] GC(329) Metaspace: 7413K->7413K(1056768K)
[15.721s][info][gc           ] GC(329) Pause Young (Normal) (G1 Evacuation Pause) 327M->21M(512M) 1.056ms
[15.721s][info][gc,cpu       ] GC(329) User=0.00s Sys=0.00s Real=0.00s
[15.765s][info][gc,start     ] GC(330) Pause Young (Normal) (G1 Evacuation Pause)
[15.765s][info][gc,task      ] GC(330) Using 8 workers of 8 for evacuation
[15.766s][info][gc,phases    ] GC(330)   Pre Evacuate Collection Set: 0.0ms
[15.766s][info][gc,phases    ] GC(330)   Evacuate Collection Set: 0.5ms
[15.766s][info][gc,phases    ] GC(330)   Post Evacuate Collection Set: 0.2ms
[15.766s][info][gc,phases    ] GC(330)   Other: 0.1ms
[15.766s][info][gc,heap      ] GC(330) Eden regions: 306->0(306)
[15.766s][info][gc,heap      ] GC(330) Survivor regions: 1->1(39)
[15.766s][info][gc,heap      ] GC(330) Old regions: 21->21
[15.766s][info][gc,heap      ] GC(330) Humongous regions: 0->0
[15.766s][info][gc,metaspace ] GC(330) Metaspace: 7413K->7413K(1056768K)
[15.766s][info][gc           ] GC(330) Pause Young (Normal) (G1 Evacuation Pause) 327M->21M(512M) 1.011ms
[15.766s][info][gc,cpu       ] GC(330) User=0.00s Sys=0.00s Real=0.00s
[15.810s][info][gc,start     ] GC(331) Pause Young (Normal) (G1 Evacuation Pause)
[15.810s][info][gc,task      ] GC(331) Using 8 workers of 8 for evacuation
[15.811s][info][gc,phases    ] GC(331)   Pre Evacuate Collection Set: 0.0ms
[15.811s][info][gc,phases    ] GC(331)   Evacuate Collection Set: 0.4ms
[15.811s][info][gc,phases    ] GC(331)   Post Evacuate Collection Set: 0.2ms
[15.811s][info][gc,phases    ] GC(331)   Other: 0.1ms
[15.811s][info][gc,heap      ] GC(331) Eden regions: 306->0(306)
[15.811s][info][gc,heap      ] GC(331) Survivor regions: 1->1(39)
[15.811s][info][gc,heap      ] GC(331) Old regions: 21->21
[15.811s][info][gc,heap      ] GC(331) Humongous regions: 0->0
[15.811s][info][gc,metaspace ] GC(331) Metaspace: 7413K->7413K(1056768K)
[15.811s][info][gc           ] GC(331) Pause Young (Normal) (G1 Evacuation Pause) 327M->21M(512M) 0.884ms
[15.811s][info][gc,cpu       ] GC(331) User=0.00s Sys=0.00s Real=0.00s
[15.866s][info][gc,start     ] GC(332) Pause Young (Normal) (G1 Evacuation Pause)
[15.866s][info][gc,task      ] GC(332) Using 8 workers of 8 for evacuation
[15.867s][info][gc,phases    ] GC(332)   Pre Evacuate Collection Set: 0.0ms
[15.867s][info][gc,phases    ] GC(332)   Evacuate Collection Set: 0.5ms
[15.867s][info][gc,phases    ] GC(332)   Post Evacuate Collection Set: 0.2ms
[15.867s][info][gc,phases    ] GC(332)   Other: 0.1ms
[15.867s][info][gc,heap      ] GC(332) Eden regions: 306->0(306)
[15.867s][info][gc,heap      ] GC(332) Survivor regions: 1->1(39)
[15.867s][info][gc,heap      ] GC(332) Old regions: 21->21
[15.867s][info][gc,heap      ] GC(332) Humongous regions: 0->0
[15.867s][info][gc,metaspace ] GC(332) Metaspace: 7413K->7413K(1056768K)
[15.867s][info][gc           ] GC(332) Pause Young (Normal) (G1 Evacuation Pause) 327M->21M(512M) 1.039ms
[15.867s][info][gc,cpu       ] GC(332) User=0.00s Sys=0.00s Real=0.00s
[15.905s][info][gc,start     ] GC(333) Pause Young (Normal) (G1 Evacuation Pause)
[15.906s][info][gc,task      ] GC(333) Using 8 workers of 8 for evacuation
[15.906s][info][gc,phases    ] GC(333)   Pre Evacuate Collection Set: 0.0ms
[15.906s][info][gc,phases    ] GC(333)   Evacuate Collection Set: 0.5ms
[15.906s][info][gc,phases    ] GC(333)   Post Evacuate Collection Set: 0.2ms
[15.906s][info][gc,phases    ] GC(333)   Other: 0.1ms
[15.906s][info][gc,heap      ] GC(333) Eden regions: 306->0(306)
[15.906s][info][gc,heap      ] GC(333) Survivor regions: 1->1(39)
[15.906s][info][gc,heap      ] GC(333) Old regions: 21->21
[15.906s][info][gc,heap      ] GC(333) Humongous regions: 0->0
[15.906s][info][gc,metaspace ] GC(333) Metaspace: 7413K->7413K(1056768K)
[15.906s][info][gc           ] GC(333) Pause Young (Normal) (G1 Evacuation Pause) 327M->21M(512M) 0.934ms
[15.906s][info][gc,cpu       ] GC(333) User=0.00s Sys=0.00s Real=0.00s
[15.946s][info][gc,start     ] GC(334) Pause Young (Normal) (G1 Evacuation Pause)
[15.946s][info][gc,task      ] GC(334) Using 8 workers of 8 for evacuation
[15.946s][info][gc,phases    ] GC(334)   Pre Evacuate Collection Set: 0.0ms
[15.946s][info][gc,phases    ] GC(334)   Evacuate Collection Set: 0.4ms
[15.946s][info][gc,phases    ] GC(334)   Post Evacuate Collection Set: 0.2ms
[15.946s][info][gc,phases    ] GC(334)   Other: 0.1ms
[15.946s][info][gc,heap      ] GC(334) Eden regions: 306->0(306)
[15.946s][info][gc,heap      ] GC(334) Survivor regions: 1->1(39)
[15.946s][info][gc,heap      ] GC(334) Old regions: 21->21
[15.946s][info][gc,heap      ] GC(334) Humongous regions: 0->0
[15.946s][info][gc,metaspace ] GC(334) Metaspace: 7413K->7413K(1056768K)
[15.946s][info][gc           ] GC(334) Pause Young (Normal) (G1 Evacuation Pause) 327M->21M(512M) 0.838ms
[15.946s][info][gc,cpu       ] GC(334) User=0.01s Sys=0.00s Real=0.00s
[15.992s][info][gc,start     ] GC(335) Pause Young (Normal) (G1 Evacuation Pause)
[15.992s][info][gc,task      ] GC(335) Using 8 workers of 8 for evacuation
[15.992s][info][gc,phases    ] GC(335)   Pre Evacuate Collection Set: 0.0ms
[15.992s][info][gc,phases    ] GC(335)   Evacuate Collection Set: 0.4ms
[15.992s][info][gc,phases    ] GC(335)   Post Evacuate Collection Set: 0.2ms
[15.992s][info][gc,phases    ] GC(335)   Other: 0.1ms
[15.992s][info][gc,heap      ] GC(335) Eden regions: 306->0(306)
[15.992s][info][gc,heap      ] GC(335) Survivor regions: 1->1(39)
[15.992s][info][gc,heap      ] GC(335) Old regions: 21->21
[15.992s][info][gc,heap      ] GC(335) Humongous regions: 0->0
[15.992s][info][gc,metaspace ] GC(335) Metaspace: 7413K->7413K(1056768K)
[15.992s][info][gc           ] GC(335) Pause Young (Normal) (G1 Evacuation Pause) 327M->21M(512M) 0.893ms
[15.992s][info][gc,cpu       ] GC(335) User=0.00s Sys=0.00s Real=0.00s
[16.038s][info][gc,start     ] GC(336) Pause Young (Normal) (G1 Evacuation Pause)
[16.038s][info][gc,task      ] GC(336) Using 8 workers of 8 for evacuation
[16.039s][info][gc,phases    ] GC(336)   Pre Evacuate Collection Set: 0.0ms
[16.039s][info][gc,phases    ] GC(336)   Evacuate Collection Set: 0.5ms
[16.039s][info][gc,phases    ] GC(336)   Post Evacuate Collection Set: 0.3ms
[16.039s][info][gc,phases    ] GC(336)   Other: 0.2ms
[16.039s][info][gc,heap      ] GC(336) Eden regions: 306->0(306)
[16.039s][info][gc,heap      ] GC(336) Survivor regions: 1->1(39)
[16.039s][info][gc,heap      ] GC(336) Old regions: 21->21
[16.039s][info][gc,heap      ] GC(336) Humongous regions: 0->0
[16.039s][info][gc,metaspace ] GC(336) Metaspace: 7413K->7413K(1056768K)
[16.039s][info][gc           ] GC(336) Pause Young (Normal) (G1 Evacuation Pause) 327M->21M(512M) 1.037ms
[16.039s][info][gc,cpu       ] GC(336) User=0.01s Sys=0.00s Real=0.00s
[16.088s][info][gc,start     ] GC(337) Pause Young (Normal) (G1 Evacuation Pause)
[16.088s][info][gc,task      ] GC(337) Using 8 workers of 8 for evacuation
[16.089s][info][gc,phases    ] GC(337)   Pre Evacuate Collection Set: 0.0ms
[16.089s][info][gc,phases    ] GC(337)   Evacuate Collection Set: 0.4ms
[16.089s][info][gc,phases    ] GC(337)   Post Evacuate Collection Set: 0.4ms
[16.089s][info][gc,phases    ] GC(337)   Other: 0.2ms
[16.090s][info][gc,heap      ] GC(337) Eden regions: 306->0(306)
[16.090s][info][gc,heap      ] GC(337) Survivor regions: 1->1(39)
[16.090s][info][gc,heap      ] GC(337) Old regions: 21->21
[16.090s][info][gc,heap      ] GC(337) Humongous regions: 0->0
[16.090s][info][gc,metaspace ] GC(337) Metaspace: 7413K->7413K(1056768K)
[16.090s][info][gc           ] GC(337) Pause Young (Normal) (G1 Evacuation Pause) 327M->21M(512M) 1.124ms
[16.090s][info][gc,cpu       ] GC(337) User=0.00s Sys=0.00s Real=0.00s
[16.139s][info][gc,start     ] GC(338) Pause Young (Normal) (G1 Evacuation Pause)
[16.139s][info][gc,task      ] GC(338) Using 8 workers of 8 for evacuation
[16.140s][info][gc,phases    ] GC(338)   Pre Evacuate Collection Set: 0.0ms
[16.140s][info][gc,phases    ] GC(338)   Evacuate Collection Set: 0.4ms
[16.140s][info][gc,phases    ] GC(338)   Post Evacuate Collection Set: 0.3ms
[16.140s][info][gc,phases    ] GC(338)   Other: 0.2ms
[16.140s][info][gc,heap      ] GC(338) Eden regions: 306->0(306)
[16.140s][info][gc,heap      ] GC(338) Survivor regions: 1->1(39)
[16.140s][info][gc,heap      ] GC(338) Old regions: 21->22
[16.140s][info][gc,heap      ] GC(338) Humongous regions: 0->0
[16.140s][info][gc,metaspace ] GC(338) Metaspace: 7413K->7413K(1056768K)
[16.140s][info][gc           ] GC(338) Pause Young (Normal) (G1 Evacuation Pause) 327M->21M(512M) 1.038ms
[16.140s][info][gc,cpu       ] GC(338) User=0.00s Sys=0.00s Real=0.00s
[16.185s][info][gc,start     ] GC(339) Pause Young (Normal) (G1 Evacuation Pause)
[16.185s][info][gc,task      ] GC(339) Using 8 workers of 8 for evacuation
[16.186s][info][gc,phases    ] GC(339)   Pre Evacuate Collection Set: 0.0ms
[16.186s][info][gc,phases    ] GC(339)   Evacuate Collection Set: 0.4ms
[16.186s][info][gc,phases    ] GC(339)   Post Evacuate Collection Set: 0.2ms
[16.186s][info][gc,phases    ] GC(339)   Other: 0.1ms
[16.186s][info][gc,heap      ] GC(339) Eden regions: 306->0(306)
[16.186s][info][gc,heap      ] GC(339) Survivor regions: 1->1(39)
[16.186s][info][gc,heap      ] GC(339) Old regions: 22->22
[16.186s][info][gc,heap      ] GC(339) Humongous regions: 0->0
[16.186s][info][gc,metaspace ] GC(339) Metaspace: 7413K->7413K(1056768K)
[16.186s][info][gc           ] GC(339) Pause Young (Normal) (G1 Evacuation Pause) 327M->21M(512M) 0.889ms
[16.186s][info][gc,cpu       ] GC(339) User=0.00s Sys=0.00s Real=0.00s
[16.226s][info][gc,start     ] GC(340) Pause Young (Normal) (G1 Evacuation Pause)
[16.226s][info][gc,task      ] GC(340) Using 8 workers of 8 for evacuation
[16.227s][info][gc,phases    ] GC(340)   Pre Evacuate Collection Set: 0.0ms
[16.227s][info][gc,phases    ] GC(340)   Evacuate Collection Set: 0.3ms
[16.227s][info][gc,phases    ] GC(340)   Post Evacuate Collection Set: 0.2ms
[16.227s][info][gc,phases    ] GC(340)   Other: 0.1ms
[16.227s][info][gc,heap      ] GC(340) Eden regions: 306->0(306)
[16.227s][info][gc,heap      ] GC(340) Survivor regions: 1->1(39)
[16.227s][info][gc,heap      ] GC(340) Old regions: 22->22
[16.227s][info][gc,heap      ] GC(340) Humongous regions: 0->0
[16.227s][info][gc,metaspace ] GC(340) Metaspace: 7413K->7413K(1056768K)
[16.227s][info][gc           ] GC(340) Pause Young (Normal) (G1 Evacuation Pause) 327M->22M(512M) 0.812ms
[16.227s][info][gc,cpu       ] GC(340) User=0.01s Sys=0.00s Real=0.00s
[16.273s][info][gc,start     ] GC(341) Pause Young (Normal) (G1 Evacuation Pause)
[16.273s][info][gc,task      ] GC(341) Using 8 workers of 8 for evacuation
[16.274s][info][gc,phases    ] GC(341)   Pre Evacuate Collection Set: 0.0ms
[16.274s][info][gc,phases    ] GC(341)   Evacuate Collection Set: 0.7ms
[16.274s][info][gc,phases    ] GC(341)   Post Evacuate Collection Set: 0.4ms
[16.274s][info][gc,phases    ] GC(341)   Other: 0.2ms
[16.274s][info][gc,heap      ] GC(341) Eden regions: 306->0(306)
[16.274s][info][gc,heap      ] GC(341) Survivor regions: 1->1(39)
[16.274s][info][gc,heap      ] GC(341) Old regions: 22->22
[16.274s][info][gc,heap      ] GC(341) Humongous regions: 0->0
[16.274s][info][gc,metaspace ] GC(341) Metaspace: 7413K->7413K(1056768K)
[16.274s][info][gc           ] GC(341) Pause Young (Normal) (G1 Evacuation Pause) 328M->22M(512M) 1.346ms
[16.274s][info][gc,cpu       ] GC(341) User=0.01s Sys=0.00s Real=0.00s
[16.337s][info][gc,start     ] GC(342) Pause Young (Normal) (G1 Evacuation Pause)
[16.337s][info][gc,task      ] GC(342) Using 8 workers of 8 for evacuation
[16.338s][info][gc,phases    ] GC(342)   Pre Evacuate Collection Set: 0.0ms
[16.338s][info][gc,phases    ] GC(342)   Evacuate Collection Set: 0.4ms
[16.338s][info][gc,phases    ] GC(342)   Post Evacuate Collection Set: 0.2ms
[16.338s][info][gc,phases    ] GC(342)   Other: 0.1ms
[16.338s][info][gc,heap      ] GC(342) Eden regions: 306->0(306)
[16.338s][info][gc,heap      ] GC(342) Survivor regions: 1->1(39)
[16.338s][info][gc,heap      ] GC(342) Old regions: 22->22
[16.338s][info][gc,heap      ] GC(342) Humongous regions: 0->0
[16.338s][info][gc,metaspace ] GC(342) Metaspace: 7413K->7413K(1056768K)
[16.338s][info][gc           ] GC(342) Pause Young (Normal) (G1 Evacuation Pause) 328M->22M(512M) 0.883ms
[16.338s][info][gc,cpu       ] GC(342) User=0.01s Sys=0.00s Real=0.00s
[16.379s][info][gc,start     ] GC(343) Pause Young (Normal) (G1 Evacuation Pause)
[16.379s][info][gc,task      ] GC(343) Using 8 workers of 8 for evacuation
[16.380s][info][gc,phases    ] GC(343)   Pre Evacuate Collection Set: 0.0ms
[16.380s][info][gc,phases    ] GC(343)   Evacuate Collection Set: 0.5ms
[16.380s][info][gc,phases    ] GC(343)   Post Evacuate Collection Set: 0.2ms
[16.380s][info][gc,phases    ] GC(343)   Other: 0.1ms
[16.380s][info][gc,heap      ] GC(343) Eden regions: 306->0(306)
[16.380s][info][gc,heap      ] GC(343) Survivor regions: 1->1(39)
[16.380s][info][gc,heap      ] GC(343) Old regions: 22->22
[16.380s][info][gc,heap      ] GC(343) Humongous regions: 0->0
[16.380s][info][gc,metaspace ] GC(343) Metaspace: 7413K->7413K(1056768K)
[16.380s][info][gc           ] GC(343) Pause Young (Normal) (G1 Evacuation Pause) 328M->22M(512M) 0.924ms
[16.380s][info][gc,cpu       ] GC(343) User=0.00s Sys=0.00s Real=0.00s
[16.422s][info][gc,start     ] GC(344) Pause Young (Normal) (G1 Evacuation Pause)
[16.422s][info][gc,task      ] GC(344) Using 8 workers of 8 for evacuation
[16.423s][info][gc,phases    ] GC(344)   Pre Evacuate Collection Set: 0.0ms
[16.423s][info][gc,phases    ] GC(344)   Evacuate Collection Set: 0.6ms
[16.423s][info][gc,phases    ] GC(344)   Post Evacuate Collection Set: 0.3ms
[16.423s][info][gc,phases    ] GC(344)   Other: 0.2ms
[16.423s][info][gc,heap      ] GC(344) Eden regions: 306->0(306)
[16.423s][info][gc,heap      ] GC(344) Survivor regions: 1->1(39)
[16.423s][info][gc,heap      ] GC(344) Old regions: 22->22
[16.423s][info][gc,heap      ] GC(344) Humongous regions: 0->0
[16.423s][info][gc,metaspace ] GC(344) Metaspace: 7413K->7413K(1056768K)
[16.423s][info][gc           ] GC(344) Pause Young (Normal) (G1 Evacuation Pause) 328M->22M(512M) 1.173ms
[16.423s][info][gc,cpu       ] GC(344) User=0.01s Sys=0.00s Real=0.00s
[16.467s][info][gc,start     ] GC(345) Pause Young (Normal) (G1 Evacuation Pause)
[16.467s][info][gc,task      ] GC(345) Using 8 workers of 8 for evacuation
[16.468s][info][gc,phases    ] GC(345)   Pre Evacuate Collection Set: 0.0ms
[16.468s][info][gc,phases    ] GC(345)   Evacuate Collection Set: 0.5ms
[16.468s][info][gc,phases    ] GC(345)   Post Evacuate Collection Set: 0.3ms
[16.468s][info][gc,phases    ] GC(345)   Other: 0.1ms
[16.468s][info][gc,heap      ] GC(345) Eden regions: 306->0(306)
[16.468s][info][gc,heap      ] GC(345) Survivor regions: 1->1(39)
[16.468s][info][gc,heap      ] GC(345) Old regions: 22->22
[16.468s][info][gc,heap      ] GC(345) Humongous regions: 0->0
[16.468s][info][gc,metaspace ] GC(345) Metaspace: 7413K->7413K(1056768K)
[16.468s][info][gc           ] GC(345) Pause Young (Normal) (G1 Evacuation Pause) 328M->22M(512M) 1.001ms
[16.468s][info][gc,cpu       ] GC(345) User=0.01s Sys=0.00s Real=0.01s
[16.516s][info][gc,start     ] GC(346) Pause Young (Normal) (G1 Evacuation Pause)
[16.516s][info][gc,task      ] GC(346) Using 8 workers of 8 for evacuation
[16.517s][info][gc,phases    ] GC(346)   Pre Evacuate Collection Set: 0.0ms
[16.517s][info][gc,phases    ] GC(346)   Evacuate Collection Set: 0.8ms
[16.517s][info][gc,phases    ] GC(346)   Post Evacuate Collection Set: 0.5ms
[16.517s][info][gc,phases    ] GC(346)   Other: 0.2ms
[16.517s][info][gc,heap      ] GC(346) Eden regions: 306->0(306)
[16.517s][info][gc,heap      ] GC(346) Survivor regions: 1->1(39)
[16.517s][info][gc,heap      ] GC(346) Old regions: 22->22
[16.517s][info][gc,heap      ] GC(346) Humongous regions: 0->0
[16.517s][info][gc,metaspace ] GC(346) Metaspace: 7413K->7413K(1056768K)
[16.517s][info][gc           ] GC(346) Pause Young (Normal) (G1 Evacuation Pause) 328M->22M(512M) 1.685ms
[16.517s][info][gc,cpu       ] GC(346) User=0.01s Sys=0.00s Real=0.00s
[16.570s][info][gc,start     ] GC(347) Pause Young (Normal) (G1 Evacuation Pause)
[16.570s][info][gc,task      ] GC(347) Using 8 workers of 8 for evacuation
[16.571s][info][gc,phases    ] GC(347)   Pre Evacuate Collection Set: 0.0ms
[16.571s][info][gc,phases    ] GC(347)   Evacuate Collection Set: 0.4ms
[16.571s][info][gc,phases    ] GC(347)   Post Evacuate Collection Set: 0.2ms
[16.571s][info][gc,phases    ] GC(347)   Other: 0.1ms
[16.571s][info][gc,heap      ] GC(347) Eden regions: 306->0(306)
[16.571s][info][gc,heap      ] GC(347) Survivor regions: 1->1(39)
[16.571s][info][gc,heap      ] GC(347) Old regions: 22->22
[16.571s][info][gc,heap      ] GC(347) Humongous regions: 0->0
[16.571s][info][gc,metaspace ] GC(347) Metaspace: 7413K->7413K(1056768K)
[16.571s][info][gc           ] GC(347) Pause Young (Normal) (G1 Evacuation Pause) 328M->22M(512M) 0.879ms
[16.571s][info][gc,cpu       ] GC(347) User=0.01s Sys=0.00s Real=0.00s
[16.610s][info][gc,start     ] GC(348) Pause Young (Normal) (G1 Evacuation Pause)
[16.610s][info][gc,task      ] GC(348) Using 8 workers of 8 for evacuation
[16.611s][info][gc,phases    ] GC(348)   Pre Evacuate Collection Set: 0.0ms
[16.611s][info][gc,phases    ] GC(348)   Evacuate Collection Set: 0.4ms
[16.611s][info][gc,phases    ] GC(348)   Post Evacuate Collection Set: 0.2ms
[16.611s][info][gc,phases    ] GC(348)   Other: 0.1ms
[16.611s][info][gc,heap      ] GC(348) Eden regions: 306->0(306)
[16.611s][info][gc,heap      ] GC(348) Survivor regions: 1->1(39)
[16.611s][info][gc,heap      ] GC(348) Old regions: 22->22
[16.611s][info][gc,heap      ] GC(348) Humongous regions: 0->0
[16.611s][info][gc,metaspace ] GC(348) Metaspace: 7413K->7413K(1056768K)
[16.611s][info][gc           ] GC(348) Pause Young (Normal) (G1 Evacuation Pause) 328M->22M(512M) 0.917ms
[16.611s][info][gc,cpu       ] GC(348) User=0.00s Sys=0.00s Real=0.00s
[16.667s][info][gc,start     ] GC(349) Pause Young (Normal) (G1 Evacuation Pause)
[16.667s][info][gc,task      ] GC(349) Using 8 workers of 8 for evacuation
[16.668s][info][gc,phases    ] GC(349)   Pre Evacuate Collection Set: 0.0ms
[16.668s][info][gc,phases    ] GC(349)   Evacuate Collection Set: 0.4ms
[16.668s][info][gc,phases    ] GC(349)   Post Evacuate Collection Set: 0.2ms
[16.668s][info][gc,phases    ] GC(349)   Other: 0.2ms
[16.668s][info][gc,heap      ] GC(349) Eden regions: 306->0(306)
[16.668s][info][gc,heap      ] GC(349) Survivor regions: 1->1(39)
[16.668s][info][gc,heap      ] GC(349) Old regions: 22->22
[16.668s][info][gc,heap      ] GC(349) Humongous regions: 0->0
[16.668s][info][gc,metaspace ] GC(349) Metaspace: 7413K->7413K(1056768K)
[16.668s][info][gc           ] GC(349) Pause Young (Normal) (G1 Evacuation Pause) 328M->22M(512M) 0.918ms
[16.668s][info][gc,cpu       ] GC(349) User=0.00s Sys=0.00s Real=0.00s
[16.710s][info][gc,start     ] GC(350) Pause Young (Normal) (G1 Evacuation Pause)
[16.710s][info][gc,task      ] GC(350) Using 8 workers of 8 for evacuation
[16.711s][info][gc,phases    ] GC(350)   Pre Evacuate Collection Set: 0.0ms
[16.711s][info][gc,phases    ] GC(350)   Evacuate Collection Set: 0.6ms
[16.711s][info][gc,phases    ] GC(350)   Post Evacuate Collection Set: 0.2ms
[16.711s][info][gc,phases    ] GC(350)   Other: 0.2ms
[16.711s][info][gc,heap      ] GC(350) Eden regions: 306->0(306)
[16.711s][info][gc,heap      ] GC(350) Survivor regions: 1->1(39)
[16.711s][info][gc,heap      ] GC(350) Old regions: 22->22
[16.711s][info][gc,heap      ] GC(350) Humongous regions: 0->0
[16.711s][info][gc,metaspace ] GC(350) Metaspace: 7413K->7413K(1056768K)
[16.711s][info][gc           ] GC(350) Pause Young (Normal) (G1 Evacuation Pause) 328M->22M(512M) 1.127ms
[16.711s][info][gc,cpu       ] GC(350) User=0.01s Sys=0.00s Real=0.00s
[16.754s][info][gc,start     ] GC(351) Pause Young (Normal) (G1 Evacuation Pause)
[16.754s][info][gc,task      ] GC(351) Using 8 workers of 8 for evacuation
[16.755s][info][gc,phases    ] GC(351)   Pre Evacuate Collection Set: 0.0ms
[16.755s][info][gc,phases    ] GC(351)   Evacuate Collection Set: 0.3ms
[16.755s][info][gc,phases    ] GC(351)   Post Evacuate Collection Set: 0.3ms
[16.755s][info][gc,phases    ] GC(351)   Other: 0.2ms
[16.755s][info][gc,heap      ] GC(351) Eden regions: 306->0(306)
[16.755s][info][gc,heap      ] GC(351) Survivor regions: 1->1(39)
[16.755s][info][gc,heap      ] GC(351) Old regions: 22->22
[16.755s][info][gc,heap      ] GC(351) Humongous regions: 0->0
[16.755s][info][gc,metaspace ] GC(351) Metaspace: 7413K->7413K(1056768K)
[16.755s][info][gc           ] GC(351) Pause Young (Normal) (G1 Evacuation Pause) 328M->22M(512M) 0.858ms
[16.755s][info][gc,cpu       ] GC(351) User=0.01s Sys=0.00s Real=0.00s
[16.805s][info][gc,start     ] GC(352) Pause Young (Normal) (G1 Evacuation Pause)
[16.805s][info][gc,task      ] GC(352) Using 8 workers of 8 for evacuation
[16.806s][info][gc,phases    ] GC(352)   Pre Evacuate Collection Set: 0.0ms
[16.806s][info][gc,phases    ] GC(352)   Evacuate Collection Set: 0.5ms
[16.806s][info][gc,phases    ] GC(352)   Post Evacuate Collection Set: 0.3ms
[16.806s][info][gc,phases    ] GC(352)   Other: 0.1ms
[16.806s][info][gc,heap      ] GC(352) Eden regions: 306->0(306)
[16.806s][info][gc,heap      ] GC(352) Survivor regions: 1->1(39)
[16.806s][info][gc,heap      ] GC(352) Old regions: 22->22
[16.806s][info][gc,heap      ] GC(352) Humongous regions: 0->0
[16.806s][info][gc,metaspace ] GC(352) Metaspace: 7413K->7413K(1056768K)
[16.806s][info][gc           ] GC(352) Pause Young (Normal) (G1 Evacuation Pause) 328M->22M(512M) 1.143ms
[16.806s][info][gc,cpu       ] GC(352) User=0.00s Sys=0.00s Real=0.00s
[16.851s][info][gc,start     ] GC(353) Pause Young (Normal) (G1 Evacuation Pause)
[16.852s][info][gc,task      ] GC(353) Using 8 workers of 8 for evacuation
[16.853s][info][gc,phases    ] GC(353)   Pre Evacuate Collection Set: 0.0ms
[16.853s][info][gc,phases    ] GC(353)   Evacuate Collection Set: 0.7ms
[16.853s][info][gc,phases    ] GC(353)   Post Evacuate Collection Set: 0.3ms
[16.853s][info][gc,phases    ] GC(353)   Other: 0.2ms
[16.853s][info][gc,heap      ] GC(353) Eden regions: 306->0(306)
[16.853s][info][gc,heap      ] GC(353) Survivor regions: 1->1(39)
[16.853s][info][gc,heap      ] GC(353) Old regions: 22->22
[16.853s][info][gc,heap      ] GC(353) Humongous regions: 0->0
[16.853s][info][gc,metaspace ] GC(353) Metaspace: 7413K->7413K(1056768K)
[16.853s][info][gc           ] GC(353) Pause Young (Normal) (G1 Evacuation Pause) 328M->22M(512M) 1.320ms
[16.853s][info][gc,cpu       ] GC(353) User=0.00s Sys=0.00s Real=0.00s
[16.893s][info][gc,start     ] GC(354) Pause Young (Normal) (G1 Evacuation Pause)
[16.893s][info][gc,task      ] GC(354) Using 8 workers of 8 for evacuation
[16.894s][info][gc,phases    ] GC(354)   Pre Evacuate Collection Set: 0.0ms
[16.894s][info][gc,phases    ] GC(354)   Evacuate Collection Set: 0.4ms
[16.894s][info][gc,phases    ] GC(354)   Post Evacuate Collection Set: 0.2ms
[16.894s][info][gc,phases    ] GC(354)   Other: 0.1ms
[16.894s][info][gc,heap      ] GC(354) Eden regions: 306->0(306)
[16.894s][info][gc,heap      ] GC(354) Survivor regions: 1->1(39)
[16.894s][info][gc,heap      ] GC(354) Old regions: 22->22
[16.894s][info][gc,heap      ] GC(354) Humongous regions: 0->0
[16.894s][info][gc,metaspace ] GC(354) Metaspace: 7413K->7413K(1056768K)
[16.894s][info][gc           ] GC(354) Pause Young (Normal) (G1 Evacuation Pause) 328M->22M(512M) 0.884ms
[16.894s][info][gc,cpu       ] GC(354) User=0.01s Sys=0.00s Real=0.00s
[16.938s][info][gc,start     ] GC(355) Pause Young (Normal) (G1 Evacuation Pause)
[16.938s][info][gc,task      ] GC(355) Using 8 workers of 8 for evacuation
[16.939s][info][gc,phases    ] GC(355)   Pre Evacuate Collection Set: 0.0ms
[16.939s][info][gc,phases    ] GC(355)   Evacuate Collection Set: 0.6ms
[16.939s][info][gc,phases    ] GC(355)   Post Evacuate Collection Set: 0.4ms
[16.939s][info][gc,phases    ] GC(355)   Other: 0.2ms
[16.939s][info][gc,heap      ] GC(355) Eden regions: 306->0(306)
[16.939s][info][gc,heap      ] GC(355) Survivor regions: 1->1(39)
[16.939s][info][gc,heap      ] GC(355) Old regions: 22->23
[16.939s][info][gc,heap      ] GC(355) Humongous regions: 0->0
[16.939s][info][gc,metaspace ] GC(355) Metaspace: 7413K->7413K(1056768K)
[16.939s][info][gc           ] GC(355) Pause Young (Normal) (G1 Evacuation Pause) 328M->22M(512M) 1.367ms
[16.939s][info][gc,cpu       ] GC(355) User=0.00s Sys=0.00s Real=0.01s
[16.990s][info][gc,start     ] GC(356) Pause Young (Normal) (G1 Evacuation Pause)
[16.990s][info][gc,task      ] GC(356) Using 8 workers of 8 for evacuation
[16.991s][info][gc,phases    ] GC(356)   Pre Evacuate Collection Set: 0.0ms
[16.991s][info][gc,phases    ] GC(356)   Evacuate Collection Set: 0.4ms
[16.991s][info][gc,phases    ] GC(356)   Post Evacuate Collection Set: 0.3ms
[16.991s][info][gc,phases    ] GC(356)   Other: 0.1ms
[16.991s][info][gc,heap      ] GC(356) Eden regions: 306->0(306)
[16.991s][info][gc,heap      ] GC(356) Survivor regions: 1->1(39)
[16.991s][info][gc,heap      ] GC(356) Old regions: 23->23
[16.991s][info][gc,heap      ] GC(356) Humongous regions: 0->0
[16.991s][info][gc,metaspace ] GC(356) Metaspace: 7413K->7413K(1056768K)
[16.991s][info][gc           ] GC(356) Pause Young (Normal) (G1 Evacuation Pause) 328M->23M(512M) 0.980ms
[16.991s][info][gc,cpu       ] GC(356) User=0.00s Sys=0.00s Real=0.00s
[17.044s][info][gc,start     ] GC(357) Pause Young (Normal) (G1 Evacuation Pause)
[17.044s][info][gc,task      ] GC(357) Using 8 workers of 8 for evacuation
[17.044s][info][gc,phases    ] GC(357)   Pre Evacuate Collection Set: 0.0ms
[17.044s][info][gc,phases    ] GC(357)   Evacuate Collection Set: 0.4ms
[17.044s][info][gc,phases    ] GC(357)   Post Evacuate Collection Set: 0.3ms
[17.044s][info][gc,phases    ] GC(357)   Other: 0.1ms
[17.044s][info][gc,heap      ] GC(357) Eden regions: 306->0(306)
[17.045s][info][gc,heap      ] GC(357) Survivor regions: 1->1(39)
[17.045s][info][gc,heap      ] GC(357) Old regions: 23->23
[17.045s][info][gc,heap      ] GC(357) Humongous regions: 0->0
[17.045s][info][gc,metaspace ] GC(357) Metaspace: 7413K->7413K(1056768K)
[17.045s][info][gc           ] GC(357) Pause Young (Normal) (G1 Evacuation Pause) 329M->23M(512M) 0.955ms
[17.045s][info][gc,cpu       ] GC(357) User=0.00s Sys=0.00s Real=0.00s
[17.089s][info][gc,start     ] GC(358) Pause Young (Normal) (G1 Evacuation Pause)
[17.089s][info][gc,task      ] GC(358) Using 8 workers of 8 for evacuation
[17.090s][info][gc,phases    ] GC(358)   Pre Evacuate Collection Set: 0.0ms
[17.090s][info][gc,phases    ] GC(358)   Evacuate Collection Set: 0.4ms
[17.090s][info][gc,phases    ] GC(358)   Post Evacuate Collection Set: 0.3ms
[17.090s][info][gc,phases    ] GC(358)   Other: 0.2ms
[17.090s][info][gc,heap      ] GC(358) Eden regions: 306->0(306)
[17.090s][info][gc,heap      ] GC(358) Survivor regions: 1->1(39)
[17.090s][info][gc,heap      ] GC(358) Old regions: 23->23
[17.090s][info][gc,heap      ] GC(358) Humongous regions: 0->0
[17.090s][info][gc,metaspace ] GC(358) Metaspace: 7413K->7413K(1056768K)
[17.090s][info][gc           ] GC(358) Pause Young (Normal) (G1 Evacuation Pause) 329M->23M(512M) 0.929ms
[17.090s][info][gc,cpu       ] GC(358) User=0.01s Sys=0.00s Real=0.00s
[17.134s][info][gc,start     ] GC(359) Pause Young (Normal) (G1 Evacuation Pause)
[17.134s][info][gc,task      ] GC(359) Using 8 workers of 8 for evacuation
[17.135s][info][gc,phases    ] GC(359)   Pre Evacuate Collection Set: 0.0ms
[17.135s][info][gc,phases    ] GC(359)   Evacuate Collection Set: 0.4ms
[17.135s][info][gc,phases    ] GC(359)   Post Evacuate Collection Set: 0.2ms
[17.135s][info][gc,phases    ] GC(359)   Other: 0.2ms
[17.135s][info][gc,heap      ] GC(359) Eden regions: 306->0(306)
[17.135s][info][gc,heap      ] GC(359) Survivor regions: 1->1(39)
[17.135s][info][gc,heap      ] GC(359) Old regions: 23->23
[17.135s][info][gc,heap      ] GC(359) Humongous regions: 0->0
[17.135s][info][gc,metaspace ] GC(359) Metaspace: 7413K->7413K(1056768K)
[17.135s][info][gc           ] GC(359) Pause Young (Normal) (G1 Evacuation Pause) 329M->23M(512M) 0.917ms
[17.135s][info][gc,cpu       ] GC(359) User=0.00s Sys=0.00s Real=0.00s
[17.176s][info][gc,start     ] GC(360) Pause Young (Normal) (G1 Evacuation Pause)
[17.176s][info][gc,task      ] GC(360) Using 8 workers of 8 for evacuation
[17.177s][info][gc,phases    ] GC(360)   Pre Evacuate Collection Set: 0.0ms
[17.177s][info][gc,phases    ] GC(360)   Evacuate Collection Set: 0.6ms
[17.177s][info][gc,phases    ] GC(360)   Post Evacuate Collection Set: 0.2ms
[17.177s][info][gc,phases    ] GC(360)   Other: 0.2ms
[17.177s][info][gc,heap      ] GC(360) Eden regions: 306->0(306)
[17.177s][info][gc,heap      ] GC(360) Survivor regions: 1->1(39)
[17.177s][info][gc,heap      ] GC(360) Old regions: 23->23
[17.177s][info][gc,heap      ] GC(360) Humongous regions: 0->0
[17.177s][info][gc,metaspace ] GC(360) Metaspace: 7413K->7413K(1056768K)
[17.177s][info][gc           ] GC(360) Pause Young (Normal) (G1 Evacuation Pause) 329M->23M(512M) 1.055ms
[17.177s][info][gc,cpu       ] GC(360) User=0.00s Sys=0.01s Real=0.00s
[17.222s][info][gc,start     ] GC(361) Pause Young (Normal) (G1 Evacuation Pause)
[17.222s][info][gc,task      ] GC(361) Using 8 workers of 8 for evacuation
[17.223s][info][gc,phases    ] GC(361)   Pre Evacuate Collection Set: 0.0ms
[17.223s][info][gc,phases    ] GC(361)   Evacuate Collection Set: 0.4ms
[17.223s][info][gc,phases    ] GC(361)   Post Evacuate Collection Set: 0.2ms
[17.223s][info][gc,phases    ] GC(361)   Other: 0.1ms
[17.223s][info][gc,heap      ] GC(361) Eden regions: 306->0(306)
[17.223s][info][gc,heap      ] GC(361) Survivor regions: 1->1(39)
[17.223s][info][gc,heap      ] GC(361) Old regions: 23->23
[17.223s][info][gc,heap      ] GC(361) Humongous regions: 0->0
[17.223s][info][gc,metaspace ] GC(361) Metaspace: 7413K->7413K(1056768K)
[17.223s][info][gc           ] GC(361) Pause Young (Normal) (G1 Evacuation Pause) 329M->23M(512M) 0.911ms
[17.223s][info][gc,cpu       ] GC(361) User=0.00s Sys=0.00s Real=0.00s
[17.276s][info][gc,start     ] GC(362) Pause Young (Normal) (G1 Evacuation Pause)
[17.276s][info][gc,task      ] GC(362) Using 8 workers of 8 for evacuation
[17.278s][info][gc,phases    ] GC(362)   Pre Evacuate Collection Set: 0.0ms
[17.278s][info][gc,phases    ] GC(362)   Evacuate Collection Set: 0.8ms
[17.278s][info][gc,phases    ] GC(362)   Post Evacuate Collection Set: 0.7ms
[17.278s][info][gc,phases    ] GC(362)   Other: 0.4ms
[17.278s][info][gc,heap      ] GC(362) Eden regions: 306->0(306)
[17.278s][info][gc,heap      ] GC(362) Survivor regions: 1->1(39)
[17.278s][info][gc,heap      ] GC(362) Old regions: 23->23
[17.278s][info][gc,heap      ] GC(362) Humongous regions: 0->0
[17.278s][info][gc,metaspace ] GC(362) Metaspace: 7413K->7413K(1056768K)
[17.278s][info][gc           ] GC(362) Pause Young (Normal) (G1 Evacuation Pause) 329M->23M(512M) 2.156ms
[17.278s][info][gc,cpu       ] GC(362) User=0.01s Sys=0.00s Real=0.00s
[17.330s][info][gc,start     ] GC(363) Pause Young (Normal) (G1 Evacuation Pause)
[17.330s][info][gc,task      ] GC(363) Using 8 workers of 8 for evacuation
[17.331s][info][gc,phases    ] GC(363)   Pre Evacuate Collection Set: 0.0ms
[17.331s][info][gc,phases    ] GC(363)   Evacuate Collection Set: 0.4ms
[17.331s][info][gc,phases    ] GC(363)   Post Evacuate Collection Set: 0.3ms
[17.331s][info][gc,phases    ] GC(363)   Other: 0.1ms
[17.331s][info][gc,heap      ] GC(363) Eden regions: 306->0(306)
[17.331s][info][gc,heap      ] GC(363) Survivor regions: 1->1(39)
[17.331s][info][gc,heap      ] GC(363) Old regions: 23->23
[17.331s][info][gc,heap      ] GC(363) Humongous regions: 0->0
[17.331s][info][gc,metaspace ] GC(363) Metaspace: 7413K->7413K(1056768K)
[17.331s][info][gc           ] GC(363) Pause Young (Normal) (G1 Evacuation Pause) 329M->23M(512M) 0.906ms
[17.331s][info][gc,cpu       ] GC(363) User=0.01s Sys=0.00s Real=0.00s
[17.371s][info][gc,start     ] GC(364) Pause Young (Normal) (G1 Evacuation Pause)
[17.371s][info][gc,task      ] GC(364) Using 8 workers of 8 for evacuation
[17.372s][info][gc,phases    ] GC(364)   Pre Evacuate Collection Set: 0.0ms
[17.372s][info][gc,phases    ] GC(364)   Evacuate Collection Set: 0.5ms
[17.372s][info][gc,phases    ] GC(364)   Post Evacuate Collection Set: 0.3ms
[17.372s][info][gc,phases    ] GC(364)   Other: 0.1ms
[17.372s][info][gc,heap      ] GC(364) Eden regions: 306->0(306)
[17.372s][info][gc,heap      ] GC(364) Survivor regions: 1->1(39)
[17.372s][info][gc,heap      ] GC(364) Old regions: 23->23
[17.372s][info][gc,heap      ] GC(364) Humongous regions: 0->0
[17.372s][info][gc,metaspace ] GC(364) Metaspace: 7413K->7413K(1056768K)
[17.372s][info][gc           ] GC(364) Pause Young (Normal) (G1 Evacuation Pause) 329M->23M(512M) 0.980ms
[17.372s][info][gc,cpu       ] GC(364) User=0.00s Sys=0.00s Real=0.00s
[17.414s][info][gc,start     ] GC(365) Pause Young (Normal) (G1 Evacuation Pause)
[17.414s][info][gc,task      ] GC(365) Using 8 workers of 8 for evacuation
[17.414s][info][gc,phases    ] GC(365)   Pre Evacuate Collection Set: 0.0ms
[17.414s][info][gc,phases    ] GC(365)   Evacuate Collection Set: 0.4ms
[17.414s][info][gc,phases    ] GC(365)   Post Evacuate Collection Set: 0.3ms
[17.414s][info][gc,phases    ] GC(365)   Other: 0.2ms
[17.414s][info][gc,heap      ] GC(365) Eden regions: 306->0(306)
[17.415s][info][gc,heap      ] GC(365) Survivor regions: 1->1(39)
[17.415s][info][gc,heap      ] GC(365) Old regions: 23->23
[17.415s][info][gc,heap      ] GC(365) Humongous regions: 0->0
[17.415s][info][gc,metaspace ] GC(365) Metaspace: 7413K->7413K(1056768K)
[17.415s][info][gc           ] GC(365) Pause Young (Normal) (G1 Evacuation Pause) 329M->23M(512M) 0.961ms
[17.415s][info][gc,cpu       ] GC(365) User=0.01s Sys=0.00s Real=0.00s
[17.458s][info][gc,start     ] GC(366) Pause Young (Normal) (G1 Evacuation Pause)
[17.458s][info][gc,task      ] GC(366) Using 8 workers of 8 for evacuation
[17.459s][info][gc,phases    ] GC(366)   Pre Evacuate Collection Set: 0.0ms
[17.459s][info][gc,phases    ] GC(366)   Evacuate Collection Set: 0.5ms
[17.459s][info][gc,phases    ] GC(366)   Post Evacuate Collection Set: 0.2ms
[17.459s][info][gc,phases    ] GC(366)   Other: 0.1ms
[17.459s][info][gc,heap      ] GC(366) Eden regions: 306->0(306)
[17.459s][info][gc,heap      ] GC(366) Survivor regions: 1->1(39)
[17.459s][info][gc,heap      ] GC(366) Old regions: 23->23
[17.459s][info][gc,heap      ] GC(366) Humongous regions: 0->0
[17.459s][info][gc,metaspace ] GC(366) Metaspace: 7413K->7413K(1056768K)
[17.459s][info][gc           ] GC(366) Pause Young (Normal) (G1 Evacuation Pause) 329M->23M(512M) 0.916ms
[17.459s][info][gc,cpu       ] GC(366) User=0.00s Sys=0.00s Real=0.01s
[17.516s][info][gc,start     ] GC(367) Pause Young (Normal) (G1 Evacuation Pause)
[17.516s][info][gc,task      ] GC(367) Using 8 workers of 8 for evacuation
[17.516s][info][gc,phases    ] GC(367)   Pre Evacuate Collection Set: 0.0ms
[17.516s][info][gc,phases    ] GC(367)   Evacuate Collection Set: 0.4ms
[17.516s][info][gc,phases    ] GC(367)   Post Evacuate Collection Set: 0.2ms
[17.516s][info][gc,phases    ] GC(367)   Other: 0.1ms
[17.516s][info][gc,heap      ] GC(367) Eden regions: 306->0(306)
[17.516s][info][gc,heap      ] GC(367) Survivor regions: 1->1(39)
[17.516s][info][gc,heap      ] GC(367) Old regions: 23->23
[17.516s][info][gc,heap      ] GC(367) Humongous regions: 0->0
[17.516s][info][gc,metaspace ] GC(367) Metaspace: 7413K->7413K(1056768K)
[17.516s][info][gc           ] GC(367) Pause Young (Normal) (G1 Evacuation Pause) 329M->23M(512M) 0.880ms
[17.516s][info][gc,cpu       ] GC(367) User=0.00s Sys=0.00s Real=0.00s
[17.554s][info][gc,start     ] GC(368) Pause Young (Normal) (G1 Evacuation Pause)
[17.555s][info][gc,task      ] GC(368) Using 8 workers of 8 for evacuation
[17.555s][info][gc,phases    ] GC(368)   Pre Evacuate Collection Set: 0.0ms
[17.555s][info][gc,phases    ] GC(368)   Evacuate Collection Set: 0.4ms
[17.555s][info][gc,phases    ] GC(368)   Post Evacuate Collection Set: 0.2ms
[17.555s][info][gc,phases    ] GC(368)   Other: 0.1ms
[17.555s][info][gc,heap      ] GC(368) Eden regions: 306->0(306)
[17.555s][info][gc,heap      ] GC(368) Survivor regions: 1->1(39)
[17.555s][info][gc,heap      ] GC(368) Old regions: 23->23
[17.555s][info][gc,heap      ] GC(368) Humongous regions: 0->0
[17.555s][info][gc,metaspace ] GC(368) Metaspace: 7413K->7413K(1056768K)
[17.555s][info][gc           ] GC(368) Pause Young (Normal) (G1 Evacuation Pause) 329M->23M(512M) 0.854ms
[17.555s][info][gc,cpu       ] GC(368) User=0.01s Sys=0.00s Real=0.00s
[17.596s][info][gc,start     ] GC(369) Pause Young (Normal) (G1 Evacuation Pause)
[17.596s][info][gc,task      ] GC(369) Using 8 workers of 8 for evacuation
[17.597s][info][gc,phases    ] GC(369)   Pre Evacuate Collection Set: 0.0ms
[17.597s][info][gc,phases    ] GC(369)   Evacuate Collection Set: 0.6ms
[17.597s][info][gc,phases    ] GC(369)   Post Evacuate Collection Set: 0.4ms
[17.597s][info][gc,phases    ] GC(369)   Other: 0.2ms
[17.597s][info][gc,heap      ] GC(369) Eden regions: 306->0(306)
[17.597s][info][gc,heap      ] GC(369) Survivor regions: 1->1(39)
[17.597s][info][gc,heap      ] GC(369) Old regions: 23->23
[17.597s][info][gc,heap      ] GC(369) Humongous regions: 0->0
[17.597s][info][gc,metaspace ] GC(369) Metaspace: 7413K->7413K(1056768K)
[17.597s][info][gc           ] GC(369) Pause Young (Normal) (G1 Evacuation Pause) 329M->23M(512M) 1.230ms
[17.597s][info][gc,cpu       ] GC(369) User=0.00s Sys=0.00s Real=0.00s
[17.648s][info][gc,start     ] GC(370) Pause Young (Normal) (G1 Evacuation Pause)
[17.648s][info][gc,task      ] GC(370) Using 8 workers of 8 for evacuation
[17.648s][info][gc,phases    ] GC(370)   Pre Evacuate Collection Set: 0.0ms
[17.648s][info][gc,phases    ] GC(370)   Evacuate Collection Set: 0.4ms
[17.648s][info][gc,phases    ] GC(370)   Post Evacuate Collection Set: 0.3ms
[17.648s][info][gc,phases    ] GC(370)   Other: 0.2ms
[17.648s][info][gc,heap      ] GC(370) Eden regions: 306->0(306)
[17.648s][info][gc,heap      ] GC(370) Survivor regions: 1->1(39)
[17.648s][info][gc,heap      ] GC(370) Old regions: 23->23
[17.648s][info][gc,heap      ] GC(370) Humongous regions: 0->0
[17.648s][info][gc,metaspace ] GC(370) Metaspace: 7413K->7413K(1056768K)
[17.649s][info][gc           ] GC(370) Pause Young (Normal) (G1 Evacuation Pause) 329M->23M(512M) 0.988ms
[17.649s][info][gc,cpu       ] GC(370) User=0.01s Sys=0.01s Real=0.01s
[17.699s][info][gc,start     ] GC(371) Pause Young (Normal) (G1 Evacuation Pause)
[17.699s][info][gc,task      ] GC(371) Using 8 workers of 8 for evacuation
[17.700s][info][gc,phases    ] GC(371)   Pre Evacuate Collection Set: 0.0ms
[17.700s][info][gc,phases    ] GC(371)   Evacuate Collection Set: 0.8ms
[17.700s][info][gc,phases    ] GC(371)   Post Evacuate Collection Set: 0.5ms
[17.700s][info][gc,phases    ] GC(371)   Other: 0.2ms
[17.700s][info][gc,heap      ] GC(371) Eden regions: 306->0(306)
[17.700s][info][gc,heap      ] GC(371) Survivor regions: 1->1(39)
[17.700s][info][gc,heap      ] GC(371) Old regions: 23->24
[17.700s][info][gc,heap      ] GC(371) Humongous regions: 0->0
[17.700s][info][gc,metaspace ] GC(371) Metaspace: 7413K->7413K(1056768K)
[17.700s][info][gc           ] GC(371) Pause Young (Normal) (G1 Evacuation Pause) 329M->23M(512M) 1.544ms
[17.700s][info][gc,cpu       ] GC(371) User=0.00s Sys=0.00s Real=0.00s
[17.748s][info][gc,start     ] GC(372) Pause Young (Normal) (G1 Evacuation Pause)
[17.748s][info][gc,task      ] GC(372) Using 8 workers of 8 for evacuation
[17.749s][info][gc,phases    ] GC(372)   Pre Evacuate Collection Set: 0.0ms
[17.749s][info][gc,phases    ] GC(372)   Evacuate Collection Set: 0.3ms
[17.749s][info][gc,phases    ] GC(372)   Post Evacuate Collection Set: 0.2ms
[17.749s][info][gc,phases    ] GC(372)   Other: 0.2ms
[17.749s][info][gc,heap      ] GC(372) Eden regions: 306->0(306)
[17.749s][info][gc,heap      ] GC(372) Survivor regions: 1->1(39)
[17.749s][info][gc,heap      ] GC(372) Old regions: 24->24
[17.749s][info][gc,heap      ] GC(372) Humongous regions: 0->0
[17.749s][info][gc,metaspace ] GC(372) Metaspace: 7413K->7413K(1056768K)
[17.749s][info][gc           ] GC(372) Pause Young (Normal) (G1 Evacuation Pause) 329M->23M(512M) 0.786ms
[17.749s][info][gc,cpu       ] GC(372) User=0.01s Sys=0.00s Real=0.01s
[17.793s][info][gc,start     ] GC(373) Pause Young (Normal) (G1 Evacuation Pause)
[17.794s][info][gc,task      ] GC(373) Using 8 workers of 8 for evacuation
[17.794s][info][gc,phases    ] GC(373)   Pre Evacuate Collection Set: 0.0ms
[17.794s][info][gc,phases    ] GC(373)   Evacuate Collection Set: 0.4ms
[17.794s][info][gc,phases    ] GC(373)   Post Evacuate Collection Set: 0.2ms
[17.794s][info][gc,phases    ] GC(373)   Other: 0.1ms
[17.794s][info][gc,heap      ] GC(373) Eden regions: 306->0(306)
[17.794s][info][gc,heap      ] GC(373) Survivor regions: 1->1(39)
[17.794s][info][gc,heap      ] GC(373) Old regions: 24->24
[17.794s][info][gc,heap      ] GC(373) Humongous regions: 0->0
[17.794s][info][gc,metaspace ] GC(373) Metaspace: 7413K->7413K(1056768K)
[17.794s][info][gc           ] GC(373) Pause Young (Normal) (G1 Evacuation Pause) 329M->24M(512M) 0.888ms
[17.794s][info][gc,cpu       ] GC(373) User=0.00s Sys=0.00s Real=0.00s
[17.835s][info][gc,start     ] GC(374) Pause Young (Normal) (G1 Evacuation Pause)
[17.835s][info][gc,task      ] GC(374) Using 8 workers of 8 for evacuation
[17.836s][info][gc,phases    ] GC(374)   Pre Evacuate Collection Set: 0.0ms
[17.836s][info][gc,phases    ] GC(374)   Evacuate Collection Set: 0.7ms
[17.836s][info][gc,phases    ] GC(374)   Post Evacuate Collection Set: 0.3ms
[17.836s][info][gc,phases    ] GC(374)   Other: 0.2ms
[17.836s][info][gc,heap      ] GC(374) Eden regions: 306->0(306)
[17.836s][info][gc,heap      ] GC(374) Survivor regions: 1->1(39)
[17.836s][info][gc,heap      ] GC(374) Old regions: 24->24
[17.836s][info][gc,heap      ] GC(374) Humongous regions: 0->0
[17.836s][info][gc,metaspace ] GC(374) Metaspace: 7413K->7413K(1056768K)
[17.836s][info][gc           ] GC(374) Pause Young (Normal) (G1 Evacuation Pause) 330M->24M(512M) 1.312ms
[17.837s][info][gc,cpu       ] GC(374) User=0.00s Sys=0.00s Real=0.00s
[17.882s][info][gc,start     ] GC(375) Pause Young (Normal) (G1 Evacuation Pause)
[17.882s][info][gc,task      ] GC(375) Using 8 workers of 8 for evacuation
[17.883s][info][gc,phases    ] GC(375)   Pre Evacuate Collection Set: 0.0ms
[17.883s][info][gc,phases    ] GC(375)   Evacuate Collection Set: 0.5ms
[17.883s][info][gc,phases    ] GC(375)   Post Evacuate Collection Set: 0.3ms
[17.883s][info][gc,phases    ] GC(375)   Other: 0.2ms
[17.883s][info][gc,heap      ] GC(375) Eden regions: 306->0(306)
[17.883s][info][gc,heap      ] GC(375) Survivor regions: 1->1(39)
[17.883s][info][gc,heap      ] GC(375) Old regions: 24->24
[17.883s][info][gc,heap      ] GC(375) Humongous regions: 0->0
[17.883s][info][gc,metaspace ] GC(375) Metaspace: 7413K->7413K(1056768K)
[17.883s][info][gc           ] GC(375) Pause Young (Normal) (G1 Evacuation Pause) 330M->24M(512M) 1.072ms
[17.883s][info][gc,cpu       ] GC(375) User=0.00s Sys=0.00s Real=0.00s
[17.931s][info][gc,start     ] GC(376) Pause Young (Normal) (G1 Evacuation Pause)
[17.931s][info][gc,task      ] GC(376) Using 8 workers of 8 for evacuation
[17.931s][info][gc,phases    ] GC(376)   Pre Evacuate Collection Set: 0.0ms
[17.931s][info][gc,phases    ] GC(376)   Evacuate Collection Set: 0.4ms
[17.931s][info][gc,phases    ] GC(376)   Post Evacuate Collection Set: 0.2ms
[17.931s][info][gc,phases    ] GC(376)   Other: 0.1ms
[17.931s][info][gc,heap      ] GC(376) Eden regions: 306->0(306)
[17.931s][info][gc,heap      ] GC(376) Survivor regions: 1->1(39)
[17.931s][info][gc,heap      ] GC(376) Old regions: 24->24
[17.931s][info][gc,heap      ] GC(376) Humongous regions: 0->0
[17.931s][info][gc,metaspace ] GC(376) Metaspace: 7413K->7413K(1056768K)
[17.931s][info][gc           ] GC(376) Pause Young (Normal) (G1 Evacuation Pause) 330M->24M(512M) 0.847ms
[17.931s][info][gc,cpu       ] GC(376) User=0.00s Sys=0.00s Real=0.00s
[17.981s][info][gc,start     ] GC(377) Pause Young (Normal) (G1 Evacuation Pause)
[17.981s][info][gc,task      ] GC(377) Using 8 workers of 8 for evacuation
[17.982s][info][gc,phases    ] GC(377)   Pre Evacuate Collection Set: 0.0ms
[17.982s][info][gc,phases    ] GC(377)   Evacuate Collection Set: 0.5ms
[17.982s][info][gc,phases    ] GC(377)   Post Evacuate Collection Set: 0.2ms
[17.982s][info][gc,phases    ] GC(377)   Other: 0.1ms
[17.982s][info][gc,heap      ] GC(377) Eden regions: 306->0(306)
[17.982s][info][gc,heap      ] GC(377) Survivor regions: 1->1(39)
[17.982s][info][gc,heap      ] GC(377) Old regions: 24->24
[17.982s][info][gc,heap      ] GC(377) Humongous regions: 0->0
[17.982s][info][gc,metaspace ] GC(377) Metaspace: 7413K->7413K(1056768K)
[17.982s][info][gc           ] GC(377) Pause Young (Normal) (G1 Evacuation Pause) 330M->24M(512M) 1.062ms
[17.982s][info][gc,cpu       ] GC(377) User=0.01s Sys=0.00s Real=0.00s
[18.029s][info][gc,start     ] GC(378) Pause Young (Normal) (G1 Evacuation Pause)
[18.029s][info][gc,task      ] GC(378) Using 8 workers of 8 for evacuation
[18.030s][info][gc,phases    ] GC(378)   Pre Evacuate Collection Set: 0.0ms
[18.030s][info][gc,phases    ] GC(378)   Evacuate Collection Set: 0.5ms
[18.030s][info][gc,phases    ] GC(378)   Post Evacuate Collection Set: 0.3ms
[18.030s][info][gc,phases    ] GC(378)   Other: 0.1ms
[18.030s][info][gc,heap      ] GC(378) Eden regions: 306->0(306)
[18.030s][info][gc,heap      ] GC(378) Survivor regions: 1->1(39)
[18.030s][info][gc,heap      ] GC(378) Old regions: 24->24
[18.030s][info][gc,heap      ] GC(378) Humongous regions: 0->0
[18.030s][info][gc,metaspace ] GC(378) Metaspace: 7413K->7413K(1056768K)
[18.030s][info][gc           ] GC(378) Pause Young (Normal) (G1 Evacuation Pause) 330M->24M(512M) 1.121ms
[18.030s][info][gc,cpu       ] GC(378) User=0.01s Sys=0.00s Real=0.00s
[18.070s][info][gc,start     ] GC(379) Pause Young (Normal) (G1 Evacuation Pause)
[18.070s][info][gc,task      ] GC(379) Using 8 workers of 8 for evacuation
[18.071s][info][gc,phases    ] GC(379)   Pre Evacuate Collection Set: 0.0ms
[18.071s][info][gc,phases    ] GC(379)   Evacuate Collection Set: 0.4ms
[18.071s][info][gc,phases    ] GC(379)   Post Evacuate Collection Set: 0.2ms
[18.071s][info][gc,phases    ] GC(379)   Other: 0.1ms
[18.071s][info][gc,heap      ] GC(379) Eden regions: 306->0(306)
[18.071s][info][gc,heap      ] GC(379) Survivor regions: 1->1(39)
[18.071s][info][gc,heap      ] GC(379) Old regions: 24->24
[18.071s][info][gc,heap      ] GC(379) Humongous regions: 0->0
[18.071s][info][gc,metaspace ] GC(379) Metaspace: 7413K->7413K(1056768K)
[18.071s][info][gc           ] GC(379) Pause Young (Normal) (G1 Evacuation Pause) 330M->24M(512M) 0.864ms
[18.071s][info][gc,cpu       ] GC(379) User=0.00s Sys=0.00s Real=0.00s
[18.110s][info][gc,start     ] GC(380) Pause Young (Normal) (G1 Evacuation Pause)
[18.110s][info][gc,task      ] GC(380) Using 8 workers of 8 for evacuation
[18.111s][info][gc,phases    ] GC(380)   Pre Evacuate Collection Set: 0.0ms
[18.111s][info][gc,phases    ] GC(380)   Evacuate Collection Set: 0.4ms
[18.111s][info][gc,phases    ] GC(380)   Post Evacuate Collection Set: 0.2ms
[18.111s][info][gc,phases    ] GC(380)   Other: 0.2ms
[18.111s][info][gc,heap      ] GC(380) Eden regions: 306->0(306)
[18.111s][info][gc,heap      ] GC(380) Survivor regions: 1->1(39)
[18.111s][info][gc,heap      ] GC(380) Old regions: 24->24
[18.111s][info][gc,heap      ] GC(380) Humongous regions: 0->0
[18.111s][info][gc,metaspace ] GC(380) Metaspace: 7413K->7413K(1056768K)
[18.111s][info][gc           ] GC(380) Pause Young (Normal) (G1 Evacuation Pause) 330M->24M(512M) 0.869ms
[18.111s][info][gc,cpu       ] GC(380) User=0.01s Sys=0.00s Real=0.00s
[18.160s][info][gc,start     ] GC(381) Pause Young (Normal) (G1 Evacuation Pause)
[18.160s][info][gc,task      ] GC(381) Using 8 workers of 8 for evacuation
[18.161s][info][gc,phases    ] GC(381)   Pre Evacuate Collection Set: 0.0ms
[18.161s][info][gc,phases    ] GC(381)   Evacuate Collection Set: 0.5ms
[18.161s][info][gc,phases    ] GC(381)   Post Evacuate Collection Set: 0.3ms
[18.161s][info][gc,phases    ] GC(381)   Other: 0.2ms
[18.161s][info][gc,heap      ] GC(381) Eden regions: 306->0(306)
[18.161s][info][gc,heap      ] GC(381) Survivor regions: 1->1(39)
[18.161s][info][gc,heap      ] GC(381) Old regions: 24->24
[18.161s][info][gc,heap      ] GC(381) Humongous regions: 0->0
[18.161s][info][gc,metaspace ] GC(381) Metaspace: 7413K->7413K(1056768K)
[18.161s][info][gc           ] GC(381) Pause Young (Normal) (G1 Evacuation Pause) 330M->24M(512M) 1.147ms
[18.161s][info][gc,cpu       ] GC(381) User=0.00s Sys=0.00s Real=0.00s
[18.208s][info][gc,start     ] GC(382) Pause Young (Normal) (G1 Evacuation Pause)
[18.208s][info][gc,task      ] GC(382) Using 8 workers of 8 for evacuation
[18.209s][info][gc,phases    ] GC(382)   Pre Evacuate Collection Set: 0.0ms
[18.209s][info][gc,phases    ] GC(382)   Evacuate Collection Set: 0.5ms
[18.209s][info][gc,phases    ] GC(382)   Post Evacuate Collection Set: 0.3ms
[18.209s][info][gc,phases    ] GC(382)   Other: 0.2ms
[18.209s][info][gc,heap      ] GC(382) Eden regions: 306->0(306)
[18.209s][info][gc,heap      ] GC(382) Survivor regions: 1->1(39)
[18.209s][info][gc,heap      ] GC(382) Old regions: 24->24
[18.209s][info][gc,heap      ] GC(382) Humongous regions: 0->0
[18.209s][info][gc,metaspace ] GC(382) Metaspace: 7413K->7413K(1056768K)
[18.209s][info][gc           ] GC(382) Pause Young (Normal) (G1 Evacuation Pause) 330M->24M(512M) 1.028ms
[18.209s][info][gc,cpu       ] GC(382) User=0.00s Sys=0.00s Real=0.01s
[18.257s][info][gc,start     ] GC(383) Pause Young (Normal) (G1 Evacuation Pause)
[18.257s][info][gc,task      ] GC(383) Using 8 workers of 8 for evacuation
[18.258s][info][gc,phases    ] GC(383)   Pre Evacuate Collection Set: 0.0ms
[18.258s][info][gc,phases    ] GC(383)   Evacuate Collection Set: 0.4ms
[18.258s][info][gc,phases    ] GC(383)   Post Evacuate Collection Set: 0.2ms
[18.258s][info][gc,phases    ] GC(383)   Other: 0.1ms
[18.258s][info][gc,heap      ] GC(383) Eden regions: 306->0(306)
[18.258s][info][gc,heap      ] GC(383) Survivor regions: 1->1(39)
[18.258s][info][gc,heap      ] GC(383) Old regions: 24->24
[18.258s][info][gc,heap      ] GC(383) Humongous regions: 0->0
[18.258s][info][gc,metaspace ] GC(383) Metaspace: 7413K->7413K(1056768K)
[18.258s][info][gc           ] GC(383) Pause Young (Normal) (G1 Evacuation Pause) 330M->24M(512M) 0.812ms
[18.258s][info][gc,cpu       ] GC(383) User=0.00s Sys=0.00s Real=0.00s
[18.299s][info][gc,start     ] GC(384) Pause Young (Normal) (G1 Evacuation Pause)
[18.299s][info][gc,task      ] GC(384) Using 8 workers of 8 for evacuation
[18.300s][info][gc,phases    ] GC(384)   Pre Evacuate Collection Set: 0.0ms
[18.300s][info][gc,phases    ] GC(384)   Evacuate Collection Set: 0.4ms
[18.300s][info][gc,phases    ] GC(384)   Post Evacuate Collection Set: 0.2ms
[18.300s][info][gc,phases    ] GC(384)   Other: 0.1ms
[18.300s][info][gc,heap      ] GC(384) Eden regions: 306->0(306)
[18.300s][info][gc,heap      ] GC(384) Survivor regions: 1->1(39)
[18.300s][info][gc,heap      ] GC(384) Old regions: 24->24
[18.300s][info][gc,heap      ] GC(384) Humongous regions: 0->0
[18.300s][info][gc,metaspace ] GC(384) Metaspace: 7413K->7413K(1056768K)
[18.300s][info][gc           ] GC(384) Pause Young (Normal) (G1 Evacuation Pause) 330M->24M(512M) 0.900ms
[18.300s][info][gc,cpu       ] GC(384) User=0.00s Sys=0.00s Real=0.00s
[18.339s][info][gc,start     ] GC(385) Pause Young (Normal) (G1 Evacuation Pause)
[18.339s][info][gc,task      ] GC(385) Using 8 workers of 8 for evacuation
[18.340s][info][gc,phases    ] GC(385)   Pre Evacuate Collection Set: 0.0ms
[18.340s][info][gc,phases    ] GC(385)   Evacuate Collection Set: 0.5ms
[18.340s][info][gc,phases    ] GC(385)   Post Evacuate Collection Set: 0.2ms
[18.340s][info][gc,phases    ] GC(385)   Other: 0.2ms
[18.340s][info][gc,heap      ] GC(385) Eden regions: 306->0(306)
[18.340s][info][gc,heap      ] GC(385) Survivor regions: 1->1(39)
[18.340s][info][gc,heap      ] GC(385) Old regions: 24->24
[18.340s][info][gc,heap      ] GC(385) Humongous regions: 0->0
[18.340s][info][gc,metaspace ] GC(385) Metaspace: 7413K->7413K(1056768K)
[18.340s][info][gc           ] GC(385) Pause Young (Normal) (G1 Evacuation Pause) 330M->24M(512M) 1.077ms
[18.340s][info][gc,cpu       ] GC(385) User=0.00s Sys=0.00s Real=0.00s
[18.385s][info][gc,start     ] GC(386) Pause Young (Normal) (G1 Evacuation Pause)
[18.385s][info][gc,task      ] GC(386) Using 8 workers of 8 for evacuation
[18.386s][info][gc,phases    ] GC(386)   Pre Evacuate Collection Set: 0.0ms
[18.386s][info][gc,phases    ] GC(386)   Evacuate Collection Set: 0.5ms
[18.386s][info][gc,phases    ] GC(386)   Post Evacuate Collection Set: 0.4ms
[18.386s][info][gc,phases    ] GC(386)   Other: 0.1ms
[18.386s][info][gc,heap      ] GC(386) Eden regions: 306->0(306)
[18.386s][info][gc,heap      ] GC(386) Survivor regions: 1->1(39)
[18.386s][info][gc,heap      ] GC(386) Old regions: 24->24
[18.386s][info][gc,heap      ] GC(386) Humongous regions: 0->0
[18.386s][info][gc,metaspace ] GC(386) Metaspace: 7413K->7413K(1056768K)
[18.386s][info][gc           ] GC(386) Pause Young (Normal) (G1 Evacuation Pause) 330M->24M(512M) 1.050ms
[18.386s][info][gc,cpu       ] GC(386) User=0.00s Sys=0.00s Real=0.00s
[18.434s][info][gc,start     ] GC(387) Pause Young (Normal) (G1 Evacuation Pause)
[18.434s][info][gc,task      ] GC(387) Using 8 workers of 8 for evacuation
[18.434s][info][gc,phases    ] GC(387)   Pre Evacuate Collection Set: 0.0ms
[18.434s][info][gc,phases    ] GC(387)   Evacuate Collection Set: 0.5ms
[18.434s][info][gc,phases    ] GC(387)   Post Evacuate Collection Set: 0.2ms
[18.434s][info][gc,phases    ] GC(387)   Other: 0.1ms
[18.434s][info][gc,heap      ] GC(387) Eden regions: 306->0(306)
[18.434s][info][gc,heap      ] GC(387) Survivor regions: 1->1(39)
[18.434s][info][gc,heap      ] GC(387) Old regions: 24->24
[18.435s][info][gc,heap      ] GC(387) Humongous regions: 0->0
[18.435s][info][gc,metaspace ] GC(387) Metaspace: 7413K->7413K(1056768K)
[18.435s][info][gc           ] GC(387) Pause Young (Normal) (G1 Evacuation Pause) 330M->24M(512M) 0.979ms
[18.435s][info][gc,cpu       ] GC(387) User=0.00s Sys=0.00s Real=0.00s
[18.480s][info][gc,start     ] GC(388) Pause Young (Normal) (G1 Evacuation Pause)
[18.481s][info][gc,task      ] GC(388) Using 8 workers of 8 for evacuation
[18.482s][info][gc,phases    ] GC(388)   Pre Evacuate Collection Set: 0.0ms
[18.482s][info][gc,phases    ] GC(388)   Evacuate Collection Set: 0.5ms
[18.482s][info][gc,phases    ] GC(388)   Post Evacuate Collection Set: 0.4ms
[18.482s][info][gc,phases    ] GC(388)   Other: 0.1ms
[18.482s][info][gc,heap      ] GC(388) Eden regions: 306->0(306)
[18.482s][info][gc,heap      ] GC(388) Survivor regions: 1->1(39)
[18.482s][info][gc,heap      ] GC(388) Old regions: 24->25
[18.482s][info][gc,heap      ] GC(388) Humongous regions: 0->0
[18.482s][info][gc,metaspace ] GC(388) Metaspace: 7413K->7413K(1056768K)
[18.482s][info][gc           ] GC(388) Pause Young (Normal) (G1 Evacuation Pause) 330M->24M(512M) 1.158ms
[18.482s][info][gc,cpu       ] GC(388) User=0.00s Sys=0.00s Real=0.00s
[18.521s][info][gc,start     ] GC(389) Pause Young (Normal) (G1 Evacuation Pause)
[18.521s][info][gc,task      ] GC(389) Using 8 workers of 8 for evacuation
[18.522s][info][gc,phases    ] GC(389)   Pre Evacuate Collection Set: 0.0ms
[18.522s][info][gc,phases    ] GC(389)   Evacuate Collection Set: 0.4ms
[18.522s][info][gc,phases    ] GC(389)   Post Evacuate Collection Set: 0.3ms
[18.522s][info][gc,phases    ] GC(389)   Other: 0.1ms
[18.522s][info][gc,heap      ] GC(389) Eden regions: 306->0(306)
[18.522s][info][gc,heap      ] GC(389) Survivor regions: 1->1(39)
[18.522s][info][gc,heap      ] GC(389) Old regions: 25->25
[18.522s][info][gc,heap      ] GC(389) Humongous regions: 0->0
[18.522s][info][gc,metaspace ] GC(389) Metaspace: 7413K->7413K(1056768K)
[18.522s][info][gc           ] GC(389) Pause Young (Normal) (G1 Evacuation Pause) 330M->25M(512M) 0.927ms
[18.522s][info][gc,cpu       ] GC(389) User=0.00s Sys=0.00s Real=0.00s
[18.564s][info][gc,start     ] GC(390) Pause Young (Normal) (G1 Evacuation Pause)
[18.564s][info][gc,task      ] GC(390) Using 8 workers of 8 for evacuation
[18.565s][info][gc,phases    ] GC(390)   Pre Evacuate Collection Set: 0.0ms
[18.565s][info][gc,phases    ] GC(390)   Evacuate Collection Set: 0.6ms
[18.565s][info][gc,phases    ] GC(390)   Post Evacuate Collection Set: 0.3ms
[18.565s][info][gc,phases    ] GC(390)   Other: 0.2ms
[18.565s][info][gc,heap      ] GC(390) Eden regions: 306->0(306)
[18.565s][info][gc,heap      ] GC(390) Survivor regions: 1->1(39)
[18.565s][info][gc,heap      ] GC(390) Old regions: 25->25
[18.565s][info][gc,heap      ] GC(390) Humongous regions: 0->0
[18.565s][info][gc,metaspace ] GC(390) Metaspace: 7413K->7413K(1056768K)
[18.565s][info][gc           ] GC(390) Pause Young (Normal) (G1 Evacuation Pause) 331M->25M(512M) 1.212ms
[18.565s][info][gc,cpu       ] GC(390) User=0.01s Sys=0.01s Real=0.00s
[18.613s][info][gc,start     ] GC(391) Pause Young (Normal) (G1 Evacuation Pause)
[18.613s][info][gc,task      ] GC(391) Using 8 workers of 8 for evacuation
[18.615s][info][gc,phases    ] GC(391)   Pre Evacuate Collection Set: 0.0ms
[18.615s][info][gc,phases    ] GC(391)   Evacuate Collection Set: 0.7ms
[18.615s][info][gc,phases    ] GC(391)   Post Evacuate Collection Set: 0.7ms
[18.615s][info][gc,phases    ] GC(391)   Other: 0.2ms
[18.615s][info][gc,heap      ] GC(391) Eden regions: 306->0(306)
[18.615s][info][gc,heap      ] GC(391) Survivor regions: 1->1(39)
[18.615s][info][gc,heap      ] GC(391) Old regions: 25->25
[18.615s][info][gc,heap      ] GC(391) Humongous regions: 0->0
[18.615s][info][gc,metaspace ] GC(391) Metaspace: 7413K->7413K(1056768K)
[18.615s][info][gc           ] GC(391) Pause Young (Normal) (G1 Evacuation Pause) 331M->25M(512M) 2.119ms
[18.615s][info][gc,cpu       ] GC(391) User=0.01s Sys=0.00s Real=0.00s
[18.680s][info][gc,start     ] GC(392) Pause Young (Normal) (G1 Evacuation Pause)
[18.680s][info][gc,task      ] GC(392) Using 8 workers of 8 for evacuation
[18.680s][info][gc,phases    ] GC(392)   Pre Evacuate Collection Set: 0.0ms
[18.680s][info][gc,phases    ] GC(392)   Evacuate Collection Set: 0.4ms
[18.680s][info][gc,phases    ] GC(392)   Post Evacuate Collection Set: 0.3ms
[18.680s][info][gc,phases    ] GC(392)   Other: 0.1ms
[18.680s][info][gc,heap      ] GC(392) Eden regions: 306->0(306)
[18.680s][info][gc,heap      ] GC(392) Survivor regions: 1->1(39)
[18.680s][info][gc,heap      ] GC(392) Old regions: 25->25
[18.680s][info][gc,heap      ] GC(392) Humongous regions: 0->0
[18.680s][info][gc,metaspace ] GC(392) Metaspace: 7413K->7413K(1056768K)
[18.681s][info][gc           ] GC(392) Pause Young (Normal) (G1 Evacuation Pause) 331M->25M(512M) 0.912ms
[18.681s][info][gc,cpu       ] GC(392) User=0.00s Sys=0.00s Real=0.00s
[18.722s][info][gc,start     ] GC(393) Pause Young (Normal) (G1 Evacuation Pause)
[18.722s][info][gc,task      ] GC(393) Using 8 workers of 8 for evacuation
[18.723s][info][gc,phases    ] GC(393)   Pre Evacuate Collection Set: 0.0ms
[18.723s][info][gc,phases    ] GC(393)   Evacuate Collection Set: 0.5ms
[18.723s][info][gc,phases    ] GC(393)   Post Evacuate Collection Set: 0.2ms
[18.723s][info][gc,phases    ] GC(393)   Other: 0.1ms
[18.723s][info][gc,heap      ] GC(393) Eden regions: 306->0(306)
[18.723s][info][gc,heap      ] GC(393) Survivor regions: 1->1(39)
[18.723s][info][gc,heap      ] GC(393) Old regions: 25->25
[18.723s][info][gc,heap      ] GC(393) Humongous regions: 0->0
[18.723s][info][gc,metaspace ] GC(393) Metaspace: 7413K->7413K(1056768K)
[18.723s][info][gc           ] GC(393) Pause Young (Normal) (G1 Evacuation Pause) 331M->25M(512M) 0.931ms
[18.723s][info][gc,cpu       ] GC(393) User=0.00s Sys=0.00s Real=0.00s
[18.762s][info][gc,start     ] GC(394) Pause Young (Normal) (G1 Evacuation Pause)
[18.762s][info][gc,task      ] GC(394) Using 8 workers of 8 for evacuation
[18.762s][info][gc,phases    ] GC(394)   Pre Evacuate Collection Set: 0.0ms
[18.762s][info][gc,phases    ] GC(394)   Evacuate Collection Set: 0.3ms
[18.762s][info][gc,phases    ] GC(394)   Post Evacuate Collection Set: 0.2ms
[18.762s][info][gc,phases    ] GC(394)   Other: 0.1ms
[18.762s][info][gc,heap      ] GC(394) Eden regions: 306->0(306)
[18.762s][info][gc,heap      ] GC(394) Survivor regions: 1->1(39)
[18.762s][info][gc,heap      ] GC(394) Old regions: 25->25
[18.762s][info][gc,heap      ] GC(394) Humongous regions: 0->0
[18.762s][info][gc,metaspace ] GC(394) Metaspace: 7413K->7413K(1056768K)
[18.762s][info][gc           ] GC(394) Pause Young (Normal) (G1 Evacuation Pause) 331M->25M(512M) 0.761ms
[18.762s][info][gc,cpu       ] GC(394) User=0.01s Sys=0.00s Real=0.00s
[18.805s][info][gc,start     ] GC(395) Pause Young (Normal) (G1 Evacuation Pause)
[18.805s][info][gc,task      ] GC(395) Using 8 workers of 8 for evacuation
[18.806s][info][gc,phases    ] GC(395)   Pre Evacuate Collection Set: 0.0ms
[18.806s][info][gc,phases    ] GC(395)   Evacuate Collection Set: 0.4ms
[18.806s][info][gc,phases    ] GC(395)   Post Evacuate Collection Set: 0.3ms
[18.806s][info][gc,phases    ] GC(395)   Other: 0.2ms
[18.806s][info][gc,heap      ] GC(395) Eden regions: 306->0(306)
[18.806s][info][gc,heap      ] GC(395) Survivor regions: 1->1(39)
[18.806s][info][gc,heap      ] GC(395) Old regions: 25->25
[18.806s][info][gc,heap      ] GC(395) Humongous regions: 0->0
[18.806s][info][gc,metaspace ] GC(395) Metaspace: 7413K->7413K(1056768K)
[18.806s][info][gc           ] GC(395) Pause Young (Normal) (G1 Evacuation Pause) 331M->25M(512M) 0.963ms
[18.806s][info][gc,cpu       ] GC(395) User=0.00s Sys=0.00s Real=0.00s
[18.856s][info][gc,start     ] GC(396) Pause Young (Normal) (G1 Evacuation Pause)
[18.857s][info][gc,task      ] GC(396) Using 8 workers of 8 for evacuation
[18.858s][info][gc,phases    ] GC(396)   Pre Evacuate Collection Set: 0.0ms
[18.858s][info][gc,phases    ] GC(396)   Evacuate Collection Set: 0.9ms
[18.859s][info][gc,phases    ] GC(396)   Post Evacuate Collection Set: 0.7ms
[18.859s][info][gc,phases    ] GC(396)   Other: 0.4ms
[18.859s][info][gc,heap      ] GC(396) Eden regions: 306->0(306)
[18.859s][info][gc,heap      ] GC(396) Survivor regions: 1->1(39)
[18.859s][info][gc,heap      ] GC(396) Old regions: 25->25
[18.859s][info][gc,heap      ] GC(396) Humongous regions: 0->0
[18.859s][info][gc,metaspace ] GC(396) Metaspace: 7413K->7413K(1056768K)
[18.859s][info][gc           ] GC(396) Pause Young (Normal) (G1 Evacuation Pause) 331M->25M(512M) 2.266ms
[18.859s][info][gc,cpu       ] GC(396) User=0.01s Sys=0.00s Real=0.01s
[18.903s][info][gc,start     ] GC(397) Pause Young (Normal) (G1 Evacuation Pause)
[18.903s][info][gc,task      ] GC(397) Using 8 workers of 8 for evacuation
[18.904s][info][gc,phases    ] GC(397)   Pre Evacuate Collection Set: 0.0ms
[18.904s][info][gc,phases    ] GC(397)   Evacuate Collection Set: 0.5ms
[18.904s][info][gc,phases    ] GC(397)   Post Evacuate Collection Set: 0.3ms
[18.904s][info][gc,phases    ] GC(397)   Other: 0.1ms
[18.904s][info][gc,heap      ] GC(397) Eden regions: 306->0(306)
[18.904s][info][gc,heap      ] GC(397) Survivor regions: 1->1(39)
[18.904s][info][gc,heap      ] GC(397) Old regions: 25->25
[18.904s][info][gc,heap      ] GC(397) Humongous regions: 0->0
[18.904s][info][gc,metaspace ] GC(397) Metaspace: 7413K->7413K(1056768K)
[18.904s][info][gc           ] GC(397) Pause Young (Normal) (G1 Evacuation Pause) 331M->25M(512M) 1.059ms
[18.904s][info][gc,cpu       ] GC(397) User=0.00s Sys=0.00s Real=0.00s
[18.951s][info][gc,start     ] GC(398) Pause Young (Normal) (G1 Evacuation Pause)
[18.951s][info][gc,task      ] GC(398) Using 8 workers of 8 for evacuation
[18.951s][info][gc,phases    ] GC(398)   Pre Evacuate Collection Set: 0.0ms
[18.951s][info][gc,phases    ] GC(398)   Evacuate Collection Set: 0.4ms
[18.951s][info][gc,phases    ] GC(398)   Post Evacuate Collection Set: 0.3ms
[18.951s][info][gc,phases    ] GC(398)   Other: 0.2ms
[18.951s][info][gc,heap      ] GC(398) Eden regions: 306->0(306)
[18.951s][info][gc,heap      ] GC(398) Survivor regions: 1->1(39)
[18.951s][info][gc,heap      ] GC(398) Old regions: 25->25
[18.951s][info][gc,heap      ] GC(398) Humongous regions: 0->0
[18.952s][info][gc,metaspace ] GC(398) Metaspace: 7413K->7413K(1056768K)
[18.952s][info][gc           ] GC(398) Pause Young (Normal) (G1 Evacuation Pause) 331M->25M(512M) 0.958ms
[18.952s][info][gc,cpu       ] GC(398) User=0.00s Sys=0.00s Real=0.00s
[18.999s][info][gc,start     ] GC(399) Pause Young (Normal) (G1 Evacuation Pause)
[19.000s][info][gc,task      ] GC(399) Using 8 workers of 8 for evacuation
[19.000s][info][gc,phases    ] GC(399)   Pre Evacuate Collection Set: 0.0ms
[19.000s][info][gc,phases    ] GC(399)   Evacuate Collection Set: 0.4ms
[19.000s][info][gc,phases    ] GC(399)   Post Evacuate Collection Set: 0.3ms
[19.000s][info][gc,phases    ] GC(399)   Other: 0.1ms
[19.000s][info][gc,heap      ] GC(399) Eden regions: 306->0(306)
[19.000s][info][gc,heap      ] GC(399) Survivor regions: 1->1(39)
[19.000s][info][gc,heap      ] GC(399) Old regions: 25->25
[19.000s][info][gc,heap      ] GC(399) Humongous regions: 0->0
[19.000s][info][gc,metaspace ] GC(399) Metaspace: 7413K->7413K(1056768K)
[19.000s][info][gc           ] GC(399) Pause Young (Normal) (G1 Evacuation Pause) 331M->25M(512M) 0.912ms
[19.000s][info][gc,cpu       ] GC(399) User=0.00s Sys=0.00s Real=0.00s
[19.043s][info][gc,start     ] GC(400) Pause Young (Normal) (G1 Evacuation Pause)
[19.043s][info][gc,task      ] GC(400) Using 8 workers of 8 for evacuation
[19.044s][info][gc,phases    ] GC(400)   Pre Evacuate Collection Set: 0.0ms
[19.044s][info][gc,phases    ] GC(400)   Evacuate Collection Set: 0.5ms
[19.044s][info][gc,phases    ] GC(400)   Post Evacuate Collection Set: 0.2ms
[19.044s][info][gc,phases    ] GC(400)   Other: 0.2ms
[19.044s][info][gc,heap      ] GC(400) Eden regions: 306->0(306)
[19.044s][info][gc,heap      ] GC(400) Survivor regions: 1->1(39)
[19.044s][info][gc,heap      ] GC(400) Old regions: 25->25
[19.044s][info][gc,heap      ] GC(400) Humongous regions: 0->0
[19.044s][info][gc,metaspace ] GC(400) Metaspace: 7413K->7413K(1056768K)
[19.044s][info][gc           ] GC(400) Pause Young (Normal) (G1 Evacuation Pause) 331M->25M(512M) 1.009ms
[19.044s][info][gc,cpu       ] GC(400) User=0.00s Sys=0.00s Real=0.00s
[19.088s][info][gc,start     ] GC(401) Pause Young (Normal) (G1 Evacuation Pause)
[19.088s][info][gc,task      ] GC(401) Using 8 workers of 8 for evacuation
[19.088s][info][gc,phases    ] GC(401)   Pre Evacuate Collection Set: 0.0ms
[19.088s][info][gc,phases    ] GC(401)   Evacuate Collection Set: 0.4ms
[19.088s][info][gc,phases    ] GC(401)   Post Evacuate Collection Set: 0.3ms
[19.088s][info][gc,phases    ] GC(401)   Other: 0.1ms
[19.089s][info][gc,heap      ] GC(401) Eden regions: 306->0(306)
[19.089s][info][gc,heap      ] GC(401) Survivor regions: 1->1(39)
[19.089s][info][gc,heap      ] GC(401) Old regions: 25->25
[19.089s][info][gc,heap      ] GC(401) Humongous regions: 0->0
[19.089s][info][gc,metaspace ] GC(401) Metaspace: 7413K->7413K(1056768K)
[19.089s][info][gc           ] GC(401) Pause Young (Normal) (G1 Evacuation Pause) 331M->25M(512M) 0.944ms
[19.089s][info][gc,cpu       ] GC(401) User=0.01s Sys=0.00s Real=0.01s
[19.137s][info][gc,start     ] GC(402) Pause Young (Normal) (G1 Evacuation Pause)
[19.137s][info][gc,task      ] GC(402) Using 8 workers of 8 for evacuation
[19.139s][info][gc,phases    ] GC(402)   Pre Evacuate Collection Set: 0.0ms
[19.139s][info][gc,phases    ] GC(402)   Evacuate Collection Set: 0.9ms
[19.139s][info][gc,phases    ] GC(402)   Post Evacuate Collection Set: 0.5ms
[19.139s][info][gc,phases    ] GC(402)   Other: 0.4ms
[19.139s][info][gc,heap      ] GC(402) Eden regions: 306->0(306)
[19.139s][info][gc,heap      ] GC(402) Survivor regions: 1->1(39)
[19.139s][info][gc,heap      ] GC(402) Old regions: 25->25
[19.139s][info][gc,heap      ] GC(402) Humongous regions: 0->0
[19.139s][info][gc,metaspace ] GC(402) Metaspace: 7413K->7413K(1056768K)
[19.139s][info][gc           ] GC(402) Pause Young (Normal) (G1 Evacuation Pause) 331M->25M(512M) 2.011ms
[19.139s][info][gc,cpu       ] GC(402) User=0.00s Sys=0.00s Real=0.01s
[19.184s][info][gc,start     ] GC(403) Pause Young (Normal) (G1 Evacuation Pause)
[19.184s][info][gc,task      ] GC(403) Using 8 workers of 8 for evacuation
[19.184s][info][gc,phases    ] GC(403)   Pre Evacuate Collection Set: 0.0ms
[19.184s][info][gc,phases    ] GC(403)   Evacuate Collection Set: 0.3ms
[19.184s][info][gc,phases    ] GC(403)   Post Evacuate Collection Set: 0.3ms
[19.184s][info][gc,phases    ] GC(403)   Other: 0.1ms
[19.184s][info][gc,heap      ] GC(403) Eden regions: 306->0(306)
[19.184s][info][gc,heap      ] GC(403) Survivor regions: 1->1(39)
[19.184s][info][gc,heap      ] GC(403) Old regions: 25->25
[19.184s][info][gc,heap      ] GC(403) Humongous regions: 0->0
[19.184s][info][gc,metaspace ] GC(403) Metaspace: 7413K->7413K(1056768K)
[19.184s][info][gc           ] GC(403) Pause Young (Normal) (G1 Evacuation Pause) 331M->25M(512M) 0.880ms
[19.184s][info][gc,cpu       ] GC(403) User=0.00s Sys=0.00s Real=0.00s
[19.224s][info][gc,start     ] GC(404) Pause Young (Normal) (G1 Evacuation Pause)
[19.224s][info][gc,task      ] GC(404) Using 8 workers of 8 for evacuation
[19.225s][info][gc,phases    ] GC(404)   Pre Evacuate Collection Set: 0.0ms
[19.225s][info][gc,phases    ] GC(404)   Evacuate Collection Set: 0.4ms
[19.225s][info][gc,phases    ] GC(404)   Post Evacuate Collection Set: 0.2ms
[19.225s][info][gc,phases    ] GC(404)   Other: 0.1ms
[19.225s][info][gc,heap      ] GC(404) Eden regions: 306->0(306)
[19.225s][info][gc,heap      ] GC(404) Survivor regions: 1->1(39)
[19.225s][info][gc,heap      ] GC(404) Old regions: 25->26
[19.225s][info][gc,heap      ] GC(404) Humongous regions: 0->0
[19.225s][info][gc,metaspace ] GC(404) Metaspace: 7413K->7413K(1056768K)
[19.225s][info][gc           ] GC(404) Pause Young (Normal) (G1 Evacuation Pause) 331M->25M(512M) 0.844ms
[19.225s][info][gc,cpu       ] GC(404) User=0.00s Sys=0.00s Real=0.00s
[19.266s][info][gc,start     ] GC(405) Pause Young (Normal) (G1 Evacuation Pause)
[19.266s][info][gc,task      ] GC(405) Using 8 workers of 8 for evacuation
[19.267s][info][gc,phases    ] GC(405)   Pre Evacuate Collection Set: 0.0ms
[19.267s][info][gc,phases    ] GC(405)   Evacuate Collection Set: 0.6ms
[19.267s][info][gc,phases    ] GC(405)   Post Evacuate Collection Set: 0.3ms
[19.267s][info][gc,phases    ] GC(405)   Other: 0.2ms
[19.267s][info][gc,heap      ] GC(405) Eden regions: 306->0(306)
[19.267s][info][gc,heap      ] GC(405) Survivor regions: 1->1(39)
[19.267s][info][gc,heap      ] GC(405) Old regions: 26->26
[19.267s][info][gc,heap      ] GC(405) Humongous regions: 0->0
[19.267s][info][gc,metaspace ] GC(405) Metaspace: 7413K->7413K(1056768K)
[19.267s][info][gc           ] GC(405) Pause Young (Normal) (G1 Evacuation Pause) 331M->26M(512M) 1.139ms
[19.267s][info][gc,cpu       ] GC(405) User=0.00s Sys=0.00s Real=0.00s
[19.313s][info][gc,start     ] GC(406) Pause Young (Normal) (G1 Evacuation Pause)
[19.313s][info][gc,task      ] GC(406) Using 8 workers of 8 for evacuation
[19.313s][info][gc,phases    ] GC(406)   Pre Evacuate Collection Set: 0.0ms
[19.313s][info][gc,phases    ] GC(406)   Evacuate Collection Set: 0.5ms
[19.313s][info][gc,phases    ] GC(406)   Post Evacuate Collection Set: 0.2ms
[19.313s][info][gc,phases    ] GC(406)   Other: 0.1ms
[19.313s][info][gc,heap      ] GC(406) Eden regions: 306->0(306)
[19.313s][info][gc,heap      ] GC(406) Survivor regions: 1->1(39)
[19.313s][info][gc,heap      ] GC(406) Old regions: 26->26
[19.313s][info][gc,heap      ] GC(406) Humongous regions: 0->0
[19.313s][info][gc,metaspace ] GC(406) Metaspace: 7413K->7413K(1056768K)
[19.313s][info][gc           ] GC(406) Pause Young (Normal) (G1 Evacuation Pause) 332M->26M(512M) 0.940ms
[19.313s][info][gc,cpu       ] GC(406) User=0.00s Sys=0.00s Real=0.00s
[19.360s][info][gc,start     ] GC(407) Pause Young (Normal) (G1 Evacuation Pause)
[19.361s][info][gc,task      ] GC(407) Using 8 workers of 8 for evacuation
[19.361s][info][gc,phases    ] GC(407)   Pre Evacuate Collection Set: 0.0ms
[19.361s][info][gc,phases    ] GC(407)   Evacuate Collection Set: 0.5ms
[19.361s][info][gc,phases    ] GC(407)   Post Evacuate Collection Set: 0.3ms
[19.361s][info][gc,phases    ] GC(407)   Other: 0.2ms
[19.361s][info][gc,heap      ] GC(407) Eden regions: 306->0(306)
[19.361s][info][gc,heap      ] GC(407) Survivor regions: 1->1(39)
[19.361s][info][gc,heap      ] GC(407) Old regions: 26->26
[19.361s][info][gc,heap      ] GC(407) Humongous regions: 0->0
[19.362s][info][gc,metaspace ] GC(407) Metaspace: 7413K->7413K(1056768K)
[19.362s][info][gc           ] GC(407) Pause Young (Normal) (G1 Evacuation Pause) 332M->26M(512M) 1.073ms
[19.362s][info][gc,cpu       ] GC(407) User=0.00s Sys=0.00s Real=0.00s
[19.408s][info][gc,start     ] GC(408) Pause Young (Normal) (G1 Evacuation Pause)
[19.408s][info][gc,task      ] GC(408) Using 8 workers of 8 for evacuation
[19.409s][info][gc,phases    ] GC(408)   Pre Evacuate Collection Set: 0.0ms
[19.409s][info][gc,phases    ] GC(408)   Evacuate Collection Set: 0.4ms
[19.409s][info][gc,phases    ] GC(408)   Post Evacuate Collection Set: 0.2ms
[19.409s][info][gc,phases    ] GC(408)   Other: 0.1ms
[19.409s][info][gc,heap      ] GC(408) Eden regions: 306->0(306)
[19.409s][info][gc,heap      ] GC(408) Survivor regions: 1->1(39)
[19.409s][info][gc,heap      ] GC(408) Old regions: 26->26
[19.409s][info][gc,heap      ] GC(408) Humongous regions: 0->0
[19.409s][info][gc,metaspace ] GC(408) Metaspace: 7413K->7413K(1056768K)
[19.409s][info][gc           ] GC(408) Pause Young (Normal) (G1 Evacuation Pause) 332M->26M(512M) 0.849ms
[19.409s][info][gc,cpu       ] GC(408) User=0.00s Sys=0.00s Real=0.01s
[19.451s][info][gc,start     ] GC(409) Pause Young (Normal) (G1 Evacuation Pause)
[19.452s][info][gc,task      ] GC(409) Using 8 workers of 8 for evacuation
[19.452s][info][gc,phases    ] GC(409)   Pre Evacuate Collection Set: 0.0ms
[19.452s][info][gc,phases    ] GC(409)   Evacuate Collection Set: 0.3ms
[19.452s][info][gc,phases    ] GC(409)   Post Evacuate Collection Set: 0.2ms
[19.452s][info][gc,phases    ] GC(409)   Other: 0.1ms
[19.452s][info][gc,heap      ] GC(409) Eden regions: 306->0(306)
[19.452s][info][gc,heap      ] GC(409) Survivor regions: 1->1(39)
[19.452s][info][gc,heap      ] GC(409) Old regions: 26->26
[19.452s][info][gc,heap      ] GC(409) Humongous regions: 0->0
[19.452s][info][gc,metaspace ] GC(409) Metaspace: 7413K->7413K(1056768K)
[19.452s][info][gc           ] GC(409) Pause Young (Normal) (G1 Evacuation Pause) 332M->26M(512M) 0.786ms
[19.452s][info][gc,cpu       ] GC(409) User=0.00s Sys=0.01s Real=0.00s
[19.493s][info][gc,start     ] GC(410) Pause Young (Normal) (G1 Evacuation Pause)
[19.493s][info][gc,task      ] GC(410) Using 8 workers of 8 for evacuation
[19.494s][info][gc,phases    ] GC(410)   Pre Evacuate Collection Set: 0.0ms
[19.494s][info][gc,phases    ] GC(410)   Evacuate Collection Set: 0.4ms
[19.494s][info][gc,phases    ] GC(410)   Post Evacuate Collection Set: 0.2ms
[19.494s][info][gc,phases    ] GC(410)   Other: 0.1ms
[19.494s][info][gc,heap      ] GC(410) Eden regions: 306->0(306)
[19.494s][info][gc,heap      ] GC(410) Survivor regions: 1->1(39)
[19.494s][info][gc,heap      ] GC(410) Old regions: 26->26
[19.494s][info][gc,heap      ] GC(410) Humongous regions: 0->0
[19.494s][info][gc,metaspace ] GC(410) Metaspace: 7413K->7413K(1056768K)
[19.494s][info][gc           ] GC(410) Pause Young (Normal) (G1 Evacuation Pause) 332M->26M(512M) 0.886ms
[19.494s][info][gc,cpu       ] GC(410) User=0.00s Sys=0.00s Real=0.00s
[19.538s][info][gc,start     ] GC(411) Pause Young (Normal) (G1 Evacuation Pause)
[19.538s][info][gc,task      ] GC(411) Using 8 workers of 8 for evacuation
[19.539s][info][gc,phases    ] GC(411)   Pre Evacuate Collection Set: 0.0ms
[19.539s][info][gc,phases    ] GC(411)   Evacuate Collection Set: 0.5ms
[19.539s][info][gc,phases    ] GC(411)   Post Evacuate Collection Set: 0.3ms
[19.539s][info][gc,phases    ] GC(411)   Other: 0.1ms
[19.539s][info][gc,heap      ] GC(411) Eden regions: 306->0(306)
[19.539s][info][gc,heap      ] GC(411) Survivor regions: 1->1(39)
[19.539s][info][gc,heap      ] GC(411) Old regions: 26->26
[19.539s][info][gc,heap      ] GC(411) Humongous regions: 0->0
[19.539s][info][gc,metaspace ] GC(411) Metaspace: 7413K->7413K(1056768K)
[19.539s][info][gc           ] GC(411) Pause Young (Normal) (G1 Evacuation Pause) 332M->26M(512M) 1.030ms
[19.539s][info][gc,cpu       ] GC(411) User=0.00s Sys=0.00s Real=0.01s
[19.589s][info][gc,start     ] GC(412) Pause Young (Normal) (G1 Evacuation Pause)
[19.589s][info][gc,task      ] GC(412) Using 8 workers of 8 for evacuation
[19.590s][info][gc,phases    ] GC(412)   Pre Evacuate Collection Set: 0.0ms
[19.591s][info][gc,phases    ] GC(412)   Evacuate Collection Set: 0.7ms
[19.591s][info][gc,phases    ] GC(412)   Post Evacuate Collection Set: 0.5ms
[19.591s][info][gc,phases    ] GC(412)   Other: 0.2ms
[19.591s][info][gc,heap      ] GC(412) Eden regions: 306->0(306)
[19.591s][info][gc,heap      ] GC(412) Survivor regions: 1->1(39)
[19.591s][info][gc,heap      ] GC(412) Old regions: 26->26
[19.591s][info][gc,heap      ] GC(412) Humongous regions: 0->0
[19.591s][info][gc,metaspace ] GC(412) Metaspace: 7413K->7413K(1056768K)
[19.591s][info][gc           ] GC(412) Pause Young (Normal) (G1 Evacuation Pause) 332M->26M(512M) 1.530ms
[19.591s][info][gc,cpu       ] GC(412) User=0.00s Sys=0.00s Real=0.00s
[19.647s][info][gc,start     ] GC(413) Pause Young (Normal) (G1 Evacuation Pause)
[19.647s][info][gc,task      ] GC(413) Using 8 workers of 8 for evacuation
[19.648s][info][gc,phases    ] GC(413)   Pre Evacuate Collection Set: 0.0ms
[19.648s][info][gc,phases    ] GC(413)   Evacuate Collection Set: 0.4ms
[19.648s][info][gc,phases    ] GC(413)   Post Evacuate Collection Set: 0.3ms
[19.648s][info][gc,phases    ] GC(413)   Other: 0.2ms
[19.648s][info][gc,heap      ] GC(413) Eden regions: 306->0(306)
[19.648s][info][gc,heap      ] GC(413) Survivor regions: 1->1(39)
[19.648s][info][gc,heap      ] GC(413) Old regions: 26->26
[19.648s][info][gc,heap      ] GC(413) Humongous regions: 0->0
[19.648s][info][gc,metaspace ] GC(413) Metaspace: 7413K->7413K(1056768K)
[19.648s][info][gc           ] GC(413) Pause Young (Normal) (G1 Evacuation Pause) 332M->26M(512M) 0.903ms
[19.648s][info][gc,cpu       ] GC(413) User=0.00s Sys=0.00s Real=0.00s
[19.689s][info][gc,start     ] GC(414) Pause Young (Normal) (G1 Evacuation Pause)
[19.689s][info][gc,task      ] GC(414) Using 8 workers of 8 for evacuation
[19.690s][info][gc,phases    ] GC(414)   Pre Evacuate Collection Set: 0.0ms
[19.690s][info][gc,phases    ] GC(414)   Evacuate Collection Set: 0.4ms
[19.690s][info][gc,phases    ] GC(414)   Post Evacuate Collection Set: 0.2ms
[19.690s][info][gc,phases    ] GC(414)   Other: 0.1ms
[19.690s][info][gc,heap      ] GC(414) Eden regions: 306->0(306)
[19.690s][info][gc,heap      ] GC(414) Survivor regions: 1->1(39)
[19.690s][info][gc,heap      ] GC(414) Old regions: 26->26
[19.690s][info][gc,heap      ] GC(414) Humongous regions: 0->0
[19.690s][info][gc,metaspace ] GC(414) Metaspace: 7413K->7413K(1056768K)
[19.690s][info][gc           ] GC(414) Pause Young (Normal) (G1 Evacuation Pause) 332M->26M(512M) 0.880ms
[19.690s][info][gc,cpu       ] GC(414) User=0.00s Sys=0.00s Real=0.00s
[19.733s][info][gc,start     ] GC(415) Pause Young (Normal) (G1 Evacuation Pause)
[19.733s][info][gc,task      ] GC(415) Using 8 workers of 8 for evacuation
[19.734s][info][gc,phases    ] GC(415)   Pre Evacuate Collection Set: 0.0ms
[19.734s][info][gc,phases    ] GC(415)   Evacuate Collection Set: 0.4ms
[19.734s][info][gc,phases    ] GC(415)   Post Evacuate Collection Set: 0.2ms
[19.734s][info][gc,phases    ] GC(415)   Other: 0.2ms
[19.734s][info][gc,heap      ] GC(415) Eden regions: 306->0(306)
[19.734s][info][gc,heap      ] GC(415) Survivor regions: 1->1(39)
[19.734s][info][gc,heap      ] GC(415) Old regions: 26->26
[19.734s][info][gc,heap      ] GC(415) Humongous regions: 0->0
[19.734s][info][gc,metaspace ] GC(415) Metaspace: 7413K->7413K(1056768K)
[19.734s][info][gc           ] GC(415) Pause Young (Normal) (G1 Evacuation Pause) 332M->26M(512M) 0.902ms
[19.734s][info][gc,cpu       ] GC(415) User=0.00s Sys=0.00s Real=0.00s
[19.781s][info][gc,start     ] GC(416) Pause Young (Normal) (G1 Evacuation Pause)
[19.781s][info][gc,task      ] GC(416) Using 8 workers of 8 for evacuation
[19.782s][info][gc,phases    ] GC(416)   Pre Evacuate Collection Set: 0.0ms
[19.782s][info][gc,phases    ] GC(416)   Evacuate Collection Set: 0.7ms
[19.782s][info][gc,phases    ] GC(416)   Post Evacuate Collection Set: 0.4ms
[19.782s][info][gc,phases    ] GC(416)   Other: 0.3ms
[19.782s][info][gc,heap      ] GC(416) Eden regions: 306->0(306)
[19.782s][info][gc,heap      ] GC(416) Survivor regions: 1->1(39)
[19.782s][info][gc,heap      ] GC(416) Old regions: 26->26
[19.782s][info][gc,heap      ] GC(416) Humongous regions: 0->0
[19.782s][info][gc,metaspace ] GC(416) Metaspace: 7413K->7413K(1056768K)
[19.782s][info][gc           ] GC(416) Pause Young (Normal) (G1 Evacuation Pause) 332M->26M(512M) 1.553ms
[19.782s][info][gc,cpu       ] GC(416) User=0.00s Sys=0.00s Real=0.00s
[19.834s][info][gc,start     ] GC(417) Pause Young (Normal) (G1 Evacuation Pause)
[19.834s][info][gc,task      ] GC(417) Using 8 workers of 8 for evacuation
[19.834s][info][gc,phases    ] GC(417)   Pre Evacuate Collection Set: 0.0ms
[19.834s][info][gc,phases    ] GC(417)   Evacuate Collection Set: 0.4ms
[19.834s][info][gc,phases    ] GC(417)   Post Evacuate Collection Set: 0.2ms
[19.834s][info][gc,phases    ] GC(417)   Other: 0.2ms
[19.834s][info][gc,heap      ] GC(417) Eden regions: 306->0(306)
[19.834s][info][gc,heap      ] GC(417) Survivor regions: 1->1(39)
[19.834s][info][gc,heap      ] GC(417) Old regions: 26->26
[19.834s][info][gc,heap      ] GC(417) Humongous regions: 0->0
[19.834s][info][gc,metaspace ] GC(417) Metaspace: 7413K->7413K(1056768K)
[19.834s][info][gc           ] GC(417) Pause Young (Normal) (G1 Evacuation Pause) 332M->26M(512M) 0.884ms
[19.834s][info][gc,cpu       ] GC(417) User=0.00s Sys=0.00s Real=0.00s
[19.876s][info][gc,start     ] GC(418) Pause Young (Normal) (G1 Evacuation Pause)
[19.876s][info][gc,task      ] GC(418) Using 8 workers of 8 for evacuation
[19.877s][info][gc,phases    ] GC(418)   Pre Evacuate Collection Set: 0.0ms
[19.877s][info][gc,phases    ] GC(418)   Evacuate Collection Set: 0.4ms
[19.877s][info][gc,phases    ] GC(418)   Post Evacuate Collection Set: 0.4ms
[19.877s][info][gc,phases    ] GC(418)   Other: 0.2ms
[19.877s][info][gc,heap      ] GC(418) Eden regions: 306->0(306)
[19.877s][info][gc,heap      ] GC(418) Survivor regions: 1->1(39)
[19.877s][info][gc,heap      ] GC(418) Old regions: 26->26
[19.877s][info][gc,heap      ] GC(418) Humongous regions: 0->0
[19.877s][info][gc,metaspace ] GC(418) Metaspace: 7413K->7413K(1056768K)
[19.877s][info][gc           ] GC(418) Pause Young (Normal) (G1 Evacuation Pause) 332M->26M(512M) 0.953ms
[19.877s][info][gc,cpu       ] GC(418) User=0.01s Sys=0.00s Real=0.00s
[19.921s][info][gc,start     ] GC(419) Pause Young (Normal) (G1 Evacuation Pause)
[19.921s][info][gc,task      ] GC(419) Using 8 workers of 8 for evacuation
[19.922s][info][gc,phases    ] GC(419)   Pre Evacuate Collection Set: 0.0ms
[19.922s][info][gc,phases    ] GC(419)   Evacuate Collection Set: 0.4ms
[19.922s][info][gc,phases    ] GC(419)   Post Evacuate Collection Set: 0.3ms
[19.922s][info][gc,phases    ] GC(419)   Other: 0.2ms
[19.922s][info][gc,heap      ] GC(419) Eden regions: 306->0(306)
[19.922s][info][gc,heap      ] GC(419) Survivor regions: 1->1(39)
[19.922s][info][gc,heap      ] GC(419) Old regions: 26->26
[19.922s][info][gc,heap      ] GC(419) Humongous regions: 0->0
[19.922s][info][gc,metaspace ] GC(419) Metaspace: 7413K->7413K(1056768K)
[19.922s][info][gc           ] GC(419) Pause Young (Normal) (G1 Evacuation Pause) 332M->26M(512M) 0.973ms
[19.922s][info][gc,cpu       ] GC(419) User=0.00s Sys=0.01s Real=0.00s
[19.972s][info][gc,start     ] GC(420) Pause Young (Normal) (G1 Evacuation Pause)
[19.972s][info][gc,task      ] GC(420) Using 8 workers of 8 for evacuation
[19.973s][info][gc,phases    ] GC(420)   Pre Evacuate Collection Set: 0.0ms
[19.973s][info][gc,phases    ] GC(420)   Evacuate Collection Set: 0.5ms
[19.973s][info][gc,phases    ] GC(420)   Post Evacuate Collection Set: 0.2ms
[19.973s][info][gc,phases    ] GC(420)   Other: 0.2ms
[19.973s][info][gc,heap      ] GC(420) Eden regions: 306->0(306)
[19.973s][info][gc,heap      ] GC(420) Survivor regions: 1->1(39)
[19.973s][info][gc,heap      ] GC(420) Old regions: 26->27
[19.973s][info][gc,heap      ] GC(420) Humongous regions: 0->0
[19.973s][info][gc,metaspace ] GC(420) Metaspace: 7413K->7413K(1056768K)
[19.973s][info][gc           ] GC(420) Pause Young (Normal) (G1 Evacuation Pause) 332M->26M(512M) 1.001ms
[19.973s][info][gc,cpu       ] GC(420) User=0.01s Sys=0.00s Real=0.00s
[20.020s][info][gc,start     ] GC(421) Pause Young (Normal) (G1 Evacuation Pause)
[20.020s][info][gc,task      ] GC(421) Using 8 workers of 8 for evacuation
[20.022s][info][gc,phases    ] GC(421)   Pre Evacuate Collection Set: 0.0ms
[20.022s][info][gc,phases    ] GC(421)   Evacuate Collection Set: 0.7ms
[20.022s][info][gc,phases    ] GC(421)   Post Evacuate Collection Set: 0.5ms
[20.022s][info][gc,phases    ] GC(421)   Other: 0.2ms
[20.022s][info][gc,heap      ] GC(421) Eden regions: 306->0(306)
[20.022s][info][gc,heap      ] GC(421) Survivor regions: 1->1(39)
[20.022s][info][gc,heap      ] GC(421) Old regions: 27->27
[20.022s][info][gc,heap      ] GC(421) Humongous regions: 0->0
[20.022s][info][gc,metaspace ] GC(421) Metaspace: 7413K->7413K(1056768K)
[20.022s][info][gc           ] GC(421) Pause Young (Normal) (G1 Evacuation Pause) 332M->26M(512M) 1.550ms
[20.022s][info][gc,cpu       ] GC(421) User=0.00s Sys=0.00s Real=0.00s
[20.071s][info][gc,start     ] GC(422) Pause Young (Normal) (G1 Evacuation Pause)
[20.071s][info][gc,task      ] GC(422) Using 8 workers of 8 for evacuation
[20.072s][info][gc,phases    ] GC(422)   Pre Evacuate Collection Set: 0.0ms
[20.072s][info][gc,phases    ] GC(422)   Evacuate Collection Set: 0.4ms
[20.072s][info][gc,phases    ] GC(422)   Post Evacuate Collection Set: 0.3ms
[20.072s][info][gc,phases    ] GC(422)   Other: 0.2ms
[20.072s][info][gc,heap      ] GC(422) Eden regions: 306->0(306)
[20.072s][info][gc,heap      ] GC(422) Survivor regions: 1->1(39)
[20.072s][info][gc,heap      ] GC(422) Old regions: 27->27
[20.072s][info][gc,heap      ] GC(422) Humongous regions: 0->0
[20.072s][info][gc,metaspace ] GC(422) Metaspace: 7413K->7413K(1056768K)
[20.072s][info][gc           ] GC(422) Pause Young (Normal) (G1 Evacuation Pause) 332M->27M(512M) 0.934ms
[20.072s][info][gc,cpu       ] GC(422) User=0.00s Sys=0.00s Real=0.00s
[20.116s][info][gc,start     ] GC(423) Pause Young (Normal) (G1 Evacuation Pause)
[20.116s][info][gc,task      ] GC(423) Using 8 workers of 8 for evacuation
[20.117s][info][gc,phases    ] GC(423)   Pre Evacuate Collection Set: 0.0ms
[20.117s][info][gc,phases    ] GC(423)   Evacuate Collection Set: 0.5ms
[20.117s][info][gc,phases    ] GC(423)   Post Evacuate Collection Set: 0.2ms
[20.117s][info][gc,phases    ] GC(423)   Other: 0.1ms
[20.117s][info][gc,heap      ] GC(423) Eden regions: 306->0(306)
[20.117s][info][gc,heap      ] GC(423) Survivor regions: 1->1(39)
[20.117s][info][gc,heap      ] GC(423) Old regions: 27->27
[20.117s][info][gc,heap      ] GC(423) Humongous regions: 0->0
[20.117s][info][gc,metaspace ] GC(423) Metaspace: 7413K->7413K(1056768K)
[20.117s][info][gc           ] GC(423) Pause Young (Normal) (G1 Evacuation Pause) 333M->27M(512M) 0.932ms
[20.117s][info][gc,cpu       ] GC(423) User=0.00s Sys=0.00s Real=0.00s
[20.157s][info][gc,start     ] GC(424) Pause Young (Normal) (G1 Evacuation Pause)
[20.157s][info][gc,task      ] GC(424) Using 8 workers of 8 for evacuation
[20.158s][info][gc,phases    ] GC(424)   Pre Evacuate Collection Set: 0.0ms
[20.158s][info][gc,phases    ] GC(424)   Evacuate Collection Set: 0.3ms
[20.158s][info][gc,phases    ] GC(424)   Post Evacuate Collection Set: 0.2ms
[20.158s][info][gc,phases    ] GC(424)   Other: 0.1ms
[20.158s][info][gc,heap      ] GC(424) Eden regions: 306->0(306)
[20.158s][info][gc,heap      ] GC(424) Survivor regions: 1->1(39)
[20.158s][info][gc,heap      ] GC(424) Old regions: 27->27
[20.158s][info][gc,heap      ] GC(424) Humongous regions: 0->0
[20.158s][info][gc,metaspace ] GC(424) Metaspace: 7413K->7413K(1056768K)
[20.158s][info][gc           ] GC(424) Pause Young (Normal) (G1 Evacuation Pause) 333M->27M(512M) 0.763ms
[20.158s][info][gc,cpu       ] GC(424) User=0.00s Sys=0.00s Real=0.00s
[20.202s][info][gc,start     ] GC(425) Pause Young (Normal) (G1 Evacuation Pause)
[20.202s][info][gc,task      ] GC(425) Using 8 workers of 8 for evacuation
[20.203s][info][gc,phases    ] GC(425)   Pre Evacuate Collection Set: 0.0ms
[20.203s][info][gc,phases    ] GC(425)   Evacuate Collection Set: 0.4ms
[20.203s][info][gc,phases    ] GC(425)   Post Evacuate Collection Set: 0.3ms
[20.203s][info][gc,phases    ] GC(425)   Other: 0.2ms
[20.203s][info][gc,heap      ] GC(425) Eden regions: 306->0(306)
[20.203s][info][gc,heap      ] GC(425) Survivor regions: 1->1(39)
[20.203s][info][gc,heap      ] GC(425) Old regions: 27->27
[20.203s][info][gc,heap      ] GC(425) Humongous regions: 0->0
[20.203s][info][gc,metaspace ] GC(425) Metaspace: 7413K->7413K(1056768K)
[20.203s][info][gc           ] GC(425) Pause Young (Normal) (G1 Evacuation Pause) 333M->27M(512M) 0.903ms
[20.203s][info][gc,cpu       ] GC(425) User=0.00s Sys=0.00s Real=0.00s
[20.250s][info][gc,start     ] GC(426) Pause Young (Normal) (G1 Evacuation Pause)
[20.250s][info][gc,task      ] GC(426) Using 8 workers of 8 for evacuation
[20.251s][info][gc,phases    ] GC(426)   Pre Evacuate Collection Set: 0.0ms
[20.251s][info][gc,phases    ] GC(426)   Evacuate Collection Set: 0.3ms
[20.251s][info][gc,phases    ] GC(426)   Post Evacuate Collection Set: 0.2ms
[20.251s][info][gc,phases    ] GC(426)   Other: 0.2ms
[20.251s][info][gc,heap      ] GC(426) Eden regions: 306->0(306)
[20.251s][info][gc,heap      ] GC(426) Survivor regions: 1->1(39)
[20.251s][info][gc,heap      ] GC(426) Old regions: 27->27
[20.251s][info][gc,heap      ] GC(426) Humongous regions: 0->0
[20.251s][info][gc,metaspace ] GC(426) Metaspace: 7413K->7413K(1056768K)
[20.251s][info][gc           ] GC(426) Pause Young (Normal) (G1 Evacuation Pause) 333M->27M(512M) 0.820ms
[20.251s][info][gc,cpu       ] GC(426) User=0.01s Sys=0.00s Real=0.00s
[20.310s][info][gc,start     ] GC(427) Pause Young (Normal) (G1 Evacuation Pause)
[20.310s][info][gc,task      ] GC(427) Using 8 workers of 8 for evacuation
[20.312s][info][gc,phases    ] GC(427)   Pre Evacuate Collection Set: 0.0ms
[20.312s][info][gc,phases    ] GC(427)   Evacuate Collection Set: 1.1ms
[20.312s][info][gc,phases    ] GC(427)   Post Evacuate Collection Set: 0.9ms
[20.312s][info][gc,phases    ] GC(427)   Other: 0.5ms
[20.312s][info][gc,heap      ] GC(427) Eden regions: 306->0(306)
[20.312s][info][gc,heap      ] GC(427) Survivor regions: 1->1(39)
[20.312s][info][gc,heap      ] GC(427) Old regions: 27->27
[20.312s][info][gc,heap      ] GC(427) Humongous regions: 0->0
[20.312s][info][gc,metaspace ] GC(427) Metaspace: 7413K->7413K(1056768K)
[20.313s][info][gc           ] GC(427) Pause Young (Normal) (G1 Evacuation Pause) 333M->27M(512M) 2.719ms
[20.313s][info][gc,cpu       ] GC(427) User=0.00s Sys=0.00s Real=0.00s
[20.354s][info][gc,start     ] GC(428) Pause Young (Normal) (G1 Evacuation Pause)
[20.354s][info][gc,task      ] GC(428) Using 8 workers of 8 for evacuation
[20.355s][info][gc,phases    ] GC(428)   Pre Evacuate Collection Set: 0.0ms
[20.355s][info][gc,phases    ] GC(428)   Evacuate Collection Set: 0.3ms
[20.355s][info][gc,phases    ] GC(428)   Post Evacuate Collection Set: 0.2ms
[20.355s][info][gc,phases    ] GC(428)   Other: 0.2ms
[20.355s][info][gc,heap      ] GC(428) Eden regions: 306->0(306)
[20.355s][info][gc,heap      ] GC(428) Survivor regions: 1->1(39)
[20.355s][info][gc,heap      ] GC(428) Old regions: 27->27
[20.355s][info][gc,heap      ] GC(428) Humongous regions: 0->0
[20.355s][info][gc,metaspace ] GC(428) Metaspace: 7413K->7413K(1056768K)
[20.355s][info][gc           ] GC(428) Pause Young (Normal) (G1 Evacuation Pause) 333M->27M(512M) 0.804ms
[20.355s][info][gc,cpu       ] GC(428) User=0.00s Sys=0.01s Real=0.00s
[20.394s][info][gc,start     ] GC(429) Pause Young (Normal) (G1 Evacuation Pause)
[20.394s][info][gc,task      ] GC(429) Using 8 workers of 8 for evacuation
[20.395s][info][gc,phases    ] GC(429)   Pre Evacuate Collection Set: 0.0ms
[20.395s][info][gc,phases    ] GC(429)   Evacuate Collection Set: 0.5ms
[20.395s][info][gc,phases    ] GC(429)   Post Evacuate Collection Set: 0.2ms
[20.395s][info][gc,phases    ] GC(429)   Other: 0.1ms
[20.395s][info][gc,heap      ] GC(429) Eden regions: 306->0(306)
[20.395s][info][gc,heap      ] GC(429) Survivor regions: 1->1(39)
[20.395s][info][gc,heap      ] GC(429) Old regions: 27->27
[20.395s][info][gc,heap      ] GC(429) Humongous regions: 0->0
[20.395s][info][gc,metaspace ] GC(429) Metaspace: 7413K->7413K(1056768K)
[20.395s][info][gc           ] GC(429) Pause Young (Normal) (G1 Evacuation Pause) 333M->27M(512M) 0.913ms
[20.395s][info][gc,cpu       ] GC(429) User=0.00s Sys=0.00s Real=0.00s
[20.433s][info][gc,start     ] GC(430) Pause Young (Normal) (G1 Evacuation Pause)
[20.433s][info][gc,task      ] GC(430) Using 8 workers of 8 for evacuation
[20.434s][info][gc,phases    ] GC(430)   Pre Evacuate Collection Set: 0.0ms
[20.434s][info][gc,phases    ] GC(430)   Evacuate Collection Set: 0.4ms
[20.434s][info][gc,phases    ] GC(430)   Post Evacuate Collection Set: 0.2ms
[20.434s][info][gc,phases    ] GC(430)   Other: 0.1ms
[20.434s][info][gc,heap      ] GC(430) Eden regions: 306->0(306)
[20.434s][info][gc,heap      ] GC(430) Survivor regions: 1->1(39)
[20.434s][info][gc,heap      ] GC(430) Old regions: 27->27
[20.434s][info][gc,heap      ] GC(430) Humongous regions: 0->0
[20.434s][info][gc,metaspace ] GC(430) Metaspace: 7413K->7413K(1056768K)
[20.434s][info][gc           ] GC(430) Pause Young (Normal) (G1 Evacuation Pause) 333M->27M(512M) 0.803ms
[20.434s][info][gc,cpu       ] GC(430) User=0.01s Sys=0.00s Real=0.00s
[20.481s][info][gc,start     ] GC(431) Pause Young (Normal) (G1 Evacuation Pause)
[20.481s][info][gc,task      ] GC(431) Using 8 workers of 8 for evacuation
[20.482s][info][gc,phases    ] GC(431)   Pre Evacuate Collection Set: 0.0ms
[20.482s][info][gc,phases    ] GC(431)   Evacuate Collection Set: 0.5ms
[20.482s][info][gc,phases    ] GC(431)   Post Evacuate Collection Set: 0.3ms
[20.482s][info][gc,phases    ] GC(431)   Other: 0.2ms
[20.482s][info][gc,heap      ] GC(431) Eden regions: 306->0(306)
[20.482s][info][gc,heap      ] GC(431) Survivor regions: 1->1(39)
[20.482s][info][gc,heap      ] GC(431) Old regions: 27->27
[20.482s][info][gc,heap      ] GC(431) Humongous regions: 0->0
[20.482s][info][gc,metaspace ] GC(431) Metaspace: 7413K->7413K(1056768K)
[20.482s][info][gc           ] GC(431) Pause Young (Normal) (G1 Evacuation Pause) 333M->27M(512M) 1.083ms
[20.482s][info][gc,cpu       ] GC(431) User=0.01s Sys=0.00s Real=0.00s
[20.534s][info][gc,start     ] GC(432) Pause Young (Normal) (G1 Evacuation Pause)
[20.535s][info][gc,task      ] GC(432) Using 8 workers of 8 for evacuation
[20.535s][info][gc,phases    ] GC(432)   Pre Evacuate Collection Set: 0.0ms
[20.535s][info][gc,phases    ] GC(432)   Evacuate Collection Set: 0.4ms
[20.535s][info][gc,phases    ] GC(432)   Post Evacuate Collection Set: 0.3ms
[20.535s][info][gc,phases    ] GC(432)   Other: 0.2ms
[20.535s][info][gc,heap      ] GC(432) Eden regions: 306->0(306)
[20.535s][info][gc,heap      ] GC(432) Survivor regions: 1->1(39)
[20.535s][info][gc,heap      ] GC(432) Old regions: 27->27
[20.535s][info][gc,heap      ] GC(432) Humongous regions: 0->0
[20.535s][info][gc,metaspace ] GC(432) Metaspace: 7413K->7413K(1056768K)
[20.535s][info][gc           ] GC(432) Pause Young (Normal) (G1 Evacuation Pause) 333M->27M(512M) 0.917ms
[20.535s][info][gc,cpu       ] GC(432) User=0.00s Sys=0.00s Real=0.00s
[20.583s][info][gc,start     ] GC(433) Pause Young (Normal) (G1 Evacuation Pause)
[20.583s][info][gc,task      ] GC(433) Using 8 workers of 8 for evacuation
[20.584s][info][gc,phases    ] GC(433)   Pre Evacuate Collection Set: 0.0ms
[20.584s][info][gc,phases    ] GC(433)   Evacuate Collection Set: 0.4ms
[20.584s][info][gc,phases    ] GC(433)   Post Evacuate Collection Set: 0.3ms
[20.584s][info][gc,phases    ] GC(433)   Other: 0.2ms
[20.584s][info][gc,heap      ] GC(433) Eden regions: 306->0(306)
[20.584s][info][gc,heap      ] GC(433) Survivor regions: 1->1(39)
[20.584s][info][gc,heap      ] GC(433) Old regions: 27->27
[20.584s][info][gc,heap      ] GC(433) Humongous regions: 0->0
[20.584s][info][gc,metaspace ] GC(433) Metaspace: 7413K->7413K(1056768K)
[20.584s][info][gc           ] GC(433) Pause Young (Normal) (G1 Evacuation Pause) 333M->27M(512M) 0.970ms
[20.584s][info][gc,cpu       ] GC(433) User=0.01s Sys=0.00s Real=0.00s
[20.635s][info][gc,start     ] GC(434) Pause Young (Normal) (G1 Evacuation Pause)
[20.635s][info][gc,task      ] GC(434) Using 8 workers of 8 for evacuation
[20.636s][info][gc,phases    ] GC(434)   Pre Evacuate Collection Set: 0.0ms
[20.636s][info][gc,phases    ] GC(434)   Evacuate Collection Set: 0.5ms
[20.636s][info][gc,phases    ] GC(434)   Post Evacuate Collection Set: 0.2ms
[20.636s][info][gc,phases    ] GC(434)   Other: 0.2ms
[20.636s][info][gc,heap      ] GC(434) Eden regions: 306->0(306)
[20.636s][info][gc,heap      ] GC(434) Survivor regions: 1->1(39)
[20.636s][info][gc,heap      ] GC(434) Old regions: 27->27
[20.636s][info][gc,heap      ] GC(434) Humongous regions: 0->0
[20.636s][info][gc,metaspace ] GC(434) Metaspace: 7413K->7413K(1056768K)
[20.636s][info][gc           ] GC(434) Pause Young (Normal) (G1 Evacuation Pause) 333M->27M(512M) 0.957ms
[20.636s][info][gc,cpu       ] GC(434) User=0.00s Sys=0.00s Real=0.00s
[20.675s][info][gc,start     ] GC(435) Pause Young (Normal) (G1 Evacuation Pause)
[20.675s][info][gc,task      ] GC(435) Using 8 workers of 8 for evacuation
[20.676s][info][gc,phases    ] GC(435)   Pre Evacuate Collection Set: 0.0ms
[20.676s][info][gc,phases    ] GC(435)   Evacuate Collection Set: 0.5ms
[20.676s][info][gc,phases    ] GC(435)   Post Evacuate Collection Set: 0.3ms
[20.676s][info][gc,phases    ] GC(435)   Other: 0.1ms
[20.676s][info][gc,heap      ] GC(435) Eden regions: 306->0(306)
[20.676s][info][gc,heap      ] GC(435) Survivor regions: 1->1(39)
[20.676s][info][gc,heap      ] GC(435) Old regions: 27->27
[20.676s][info][gc,heap      ] GC(435) Humongous regions: 0->0
[20.676s][info][gc,metaspace ] GC(435) Metaspace: 7413K->7413K(1056768K)
[20.676s][info][gc           ] GC(435) Pause Young (Normal) (G1 Evacuation Pause) 333M->27M(512M) 1.056ms
[20.676s][info][gc,cpu       ] GC(435) User=0.01s Sys=0.00s Real=0.00s
[20.722s][info][gc,start     ] GC(436) Pause Young (Normal) (G1 Evacuation Pause)
[20.722s][info][gc,task      ] GC(436) Using 8 workers of 8 for evacuation
[20.723s][info][gc,phases    ] GC(436)   Pre Evacuate Collection Set: 0.0ms
[20.723s][info][gc,phases    ] GC(436)   Evacuate Collection Set: 0.7ms
[20.724s][info][gc,phases    ] GC(436)   Post Evacuate Collection Set: 0.6ms
[20.724s][info][gc,phases    ] GC(436)   Other: 0.4ms
[20.724s][info][gc,heap      ] GC(436) Eden regions: 306->0(306)
[20.724s][info][gc,heap      ] GC(436) Survivor regions: 1->1(39)
[20.724s][info][gc,heap      ] GC(436) Old regions: 27->27
[20.724s][info][gc,heap      ] GC(436) Humongous regions: 0->0
[20.724s][info][gc,metaspace ] GC(436) Metaspace: 7413K->7413K(1056768K)
[20.724s][info][gc           ] GC(436) Pause Young (Normal) (G1 Evacuation Pause) 333M->27M(512M) 1.894ms
[20.724s][info][gc,cpu       ] GC(436) User=0.01s Sys=0.00s Real=0.00s
[20.772s][info][gc,start     ] GC(437) Pause Young (Normal) (G1 Evacuation Pause)
[20.772s][info][gc,task      ] GC(437) Using 8 workers of 8 for evacuation
[20.773s][info][gc,phases    ] GC(437)   Pre Evacuate Collection Set: 0.0ms
[20.773s][info][gc,phases    ] GC(437)   Evacuate Collection Set: 0.4ms
[20.773s][info][gc,phases    ] GC(437)   Post Evacuate Collection Set: 0.3ms
[20.773s][info][gc,phases    ] GC(437)   Other: 0.1ms
[20.773s][info][gc,heap      ] GC(437) Eden regions: 306->0(306)
[20.773s][info][gc,heap      ] GC(437) Survivor regions: 1->1(39)
[20.773s][info][gc,heap      ] GC(437) Old regions: 27->28
[20.773s][info][gc,heap      ] GC(437) Humongous regions: 0->0
[20.773s][info][gc,metaspace ] GC(437) Metaspace: 7413K->7413K(1056768K)
[20.773s][info][gc           ] GC(437) Pause Young (Normal) (G1 Evacuation Pause) 333M->27M(512M) 0.930ms
[20.773s][info][gc,cpu       ] GC(437) User=0.00s Sys=0.00s Real=0.00s
[20.817s][info][gc,start     ] GC(438) Pause Young (Normal) (G1 Evacuation Pause)
[20.817s][info][gc,task      ] GC(438) Using 8 workers of 8 for evacuation
[20.818s][info][gc,phases    ] GC(438)   Pre Evacuate Collection Set: 0.0ms
[20.818s][info][gc,phases    ] GC(438)   Evacuate Collection Set: 0.4ms
[20.818s][info][gc,phases    ] GC(438)   Post Evacuate Collection Set: 0.2ms
[20.818s][info][gc,phases    ] GC(438)   Other: 0.2ms
[20.818s][info][gc,heap      ] GC(438) Eden regions: 306->0(306)
[20.818s][info][gc,heap      ] GC(438) Survivor regions: 1->1(39)
[20.818s][info][gc,heap      ] GC(438) Old regions: 28->28
[20.818s][info][gc,heap      ] GC(438) Humongous regions: 0->0
[20.818s][info][gc,metaspace ] GC(438) Metaspace: 7413K->7413K(1056768K)
[20.818s][info][gc           ] GC(438) Pause Young (Normal) (G1 Evacuation Pause) 333M->28M(512M) 0.911ms
[20.818s][info][gc,cpu       ] GC(438) User=0.00s Sys=0.00s Real=0.00s
[20.858s][info][gc,start     ] GC(439) Pause Young (Normal) (G1 Evacuation Pause)
[20.858s][info][gc,task      ] GC(439) Using 8 workers of 8 for evacuation
[20.859s][info][gc,phases    ] GC(439)   Pre Evacuate Collection Set: 0.0ms
[20.859s][info][gc,phases    ] GC(439)   Evacuate Collection Set: 0.5ms
[20.859s][info][gc,phases    ] GC(439)   Post Evacuate Collection Set: 0.3ms
[20.859s][info][gc,phases    ] GC(439)   Other: 0.2ms
[20.859s][info][gc,heap      ] GC(439) Eden regions: 306->0(306)
[20.859s][info][gc,heap      ] GC(439) Survivor regions: 1->1(39)
[20.859s][info][gc,heap      ] GC(439) Old regions: 28->28
[20.859s][info][gc,heap      ] GC(439) Humongous regions: 0->0
[20.859s][info][gc,metaspace ] GC(439) Metaspace: 7413K->7413K(1056768K)
[20.859s][info][gc           ] GC(439) Pause Young (Normal) (G1 Evacuation Pause) 334M->28M(512M) 1.179ms
[20.859s][info][gc,cpu       ] GC(439) User=0.00s Sys=0.00s Real=0.01s
[20.903s][info][gc,start     ] GC(440) Pause Young (Normal) (G1 Evacuation Pause)
[20.903s][info][gc,task      ] GC(440) Using 8 workers of 8 for evacuation
[20.903s][info][gc,phases    ] GC(440)   Pre Evacuate Collection Set: 0.0ms
[20.904s][info][gc,phases    ] GC(440)   Evacuate Collection Set: 0.4ms
[20.904s][info][gc,phases    ] GC(440)   Post Evacuate Collection Set: 0.3ms
[20.904s][info][gc,phases    ] GC(440)   Other: 0.2ms
[20.904s][info][gc,heap      ] GC(440) Eden regions: 306->0(306)
[20.904s][info][gc,heap      ] GC(440) Survivor regions: 1->1(39)
[20.904s][info][gc,heap      ] GC(440) Old regions: 28->28
[20.904s][info][gc,heap      ] GC(440) Humongous regions: 0->0
[20.904s][info][gc,metaspace ] GC(440) Metaspace: 7413K->7413K(1056768K)
[20.904s][info][gc           ] GC(440) Pause Young (Normal) (G1 Evacuation Pause) 334M->28M(512M) 0.971ms
[20.904s][info][gc,cpu       ] GC(440) User=0.00s Sys=0.00s Real=0.00s
[20.963s][info][gc,start     ] GC(441) Pause Young (Normal) (G1 Evacuation Pause)
[20.963s][info][gc,task      ] GC(441) Using 8 workers of 8 for evacuation
[20.965s][info][gc,phases    ] GC(441)   Pre Evacuate Collection Set: 0.0ms
[20.965s][info][gc,phases    ] GC(441)   Evacuate Collection Set: 0.9ms
[20.965s][info][gc,phases    ] GC(441)   Post Evacuate Collection Set: 0.9ms
[20.965s][info][gc,phases    ] GC(441)   Other: 0.4ms
[20.965s][info][gc,heap      ] GC(441) Eden regions: 306->0(306)
[20.965s][info][gc,heap      ] GC(441) Survivor regions: 1->1(39)
[20.965s][info][gc,heap      ] GC(441) Old regions: 28->28
[20.965s][info][gc,heap      ] GC(441) Humongous regions: 0->0
[20.965s][info][gc,metaspace ] GC(441) Metaspace: 7413K->7413K(1056768K)
[20.965s][info][gc           ] GC(441) Pause Young (Normal) (G1 Evacuation Pause) 334M->28M(512M) 2.273ms
[20.965s][info][gc,cpu       ] GC(441) User=0.01s Sys=0.00s Real=0.00s
[21.011s][info][gc,start     ] GC(442) Pause Young (Normal) (G1 Evacuation Pause)
[21.011s][info][gc,task      ] GC(442) Using 8 workers of 8 for evacuation
[21.012s][info][gc,phases    ] GC(442)   Pre Evacuate Collection Set: 0.0ms
[21.012s][info][gc,phases    ] GC(442)   Evacuate Collection Set: 0.7ms
[21.012s][info][gc,phases    ] GC(442)   Post Evacuate Collection Set: 0.3ms
[21.012s][info][gc,phases    ] GC(442)   Other: 0.3ms
[21.012s][info][gc,heap      ] GC(442) Eden regions: 306->0(306)
[21.012s][info][gc,heap      ] GC(442) Survivor regions: 1->1(39)
[21.012s][info][gc,heap      ] GC(442) Old regions: 28->28
[21.012s][info][gc,heap      ] GC(442) Humongous regions: 0->0
[21.012s][info][gc,metaspace ] GC(442) Metaspace: 7413K->7413K(1056768K)
[21.012s][info][gc           ] GC(442) Pause Young (Normal) (G1 Evacuation Pause) 334M->28M(512M) 1.331ms
[21.012s][info][gc,cpu       ] GC(442) User=0.01s Sys=0.00s Real=0.00s
[21.058s][info][gc,start     ] GC(443) Pause Young (Normal) (G1 Evacuation Pause)
[21.058s][info][gc,task      ] GC(443) Using 8 workers of 8 for evacuation
[21.059s][info][gc,phases    ] GC(443)   Pre Evacuate Collection Set: 0.0ms
[21.059s][info][gc,phases    ] GC(443)   Evacuate Collection Set: 0.4ms
[21.059s][info][gc,phases    ] GC(443)   Post Evacuate Collection Set: 0.3ms
[21.059s][info][gc,phases    ] GC(443)   Other: 0.2ms
[21.059s][info][gc,heap      ] GC(443) Eden regions: 306->0(306)
[21.059s][info][gc,heap      ] GC(443) Survivor regions: 1->1(39)
[21.059s][info][gc,heap      ] GC(443) Old regions: 28->28
[21.059s][info][gc,heap      ] GC(443) Humongous regions: 0->0
[21.059s][info][gc,metaspace ] GC(443) Metaspace: 7413K->7413K(1056768K)
[21.059s][info][gc           ] GC(443) Pause Young (Normal) (G1 Evacuation Pause) 334M->28M(512M) 1.033ms
[21.059s][info][gc,cpu       ] GC(443) User=0.00s Sys=0.00s Real=0.01s
[21.104s][info][gc,start     ] GC(444) Pause Young (Normal) (G1 Evacuation Pause)
[21.104s][info][gc,task      ] GC(444) Using 8 workers of 8 for evacuation
[21.105s][info][gc,phases    ] GC(444)   Pre Evacuate Collection Set: 0.0ms
[21.105s][info][gc,phases    ] GC(444)   Evacuate Collection Set: 0.4ms
[21.105s][info][gc,phases    ] GC(444)   Post Evacuate Collection Set: 0.3ms
[21.105s][info][gc,phases    ] GC(444)   Other: 0.2ms
[21.105s][info][gc,heap      ] GC(444) Eden regions: 306->0(306)
[21.105s][info][gc,heap      ] GC(444) Survivor regions: 1->1(39)
[21.105s][info][gc,heap      ] GC(444) Old regions: 28->28
[21.105s][info][gc,heap      ] GC(444) Humongous regions: 0->0
[21.105s][info][gc,metaspace ] GC(444) Metaspace: 7413K->7413K(1056768K)
[21.105s][info][gc           ] GC(444) Pause Young (Normal) (G1 Evacuation Pause) 334M->28M(512M) 0.904ms
[21.105s][info][gc,cpu       ] GC(444) User=0.01s Sys=0.00s Real=0.00s
[21.149s][info][gc,start     ] GC(445) Pause Young (Normal) (G1 Evacuation Pause)
[21.149s][info][gc,task      ] GC(445) Using 8 workers of 8 for evacuation
[21.150s][info][gc,phases    ] GC(445)   Pre Evacuate Collection Set: 0.0ms
[21.150s][info][gc,phases    ] GC(445)   Evacuate Collection Set: 0.4ms
[21.150s][info][gc,phases    ] GC(445)   Post Evacuate Collection Set: 0.3ms
[21.150s][info][gc,phases    ] GC(445)   Other: 0.2ms
[21.150s][info][gc,heap      ] GC(445) Eden regions: 306->0(306)
[21.150s][info][gc,heap      ] GC(445) Survivor regions: 1->1(39)
[21.150s][info][gc,heap      ] GC(445) Old regions: 28->28
[21.150s][info][gc,heap      ] GC(445) Humongous regions: 0->0
[21.150s][info][gc,metaspace ] GC(445) Metaspace: 7413K->7413K(1056768K)
[21.150s][info][gc           ] GC(445) Pause Young (Normal) (G1 Evacuation Pause) 334M->28M(512M) 1.101ms
[21.151s][info][gc,cpu       ] GC(445) User=0.01s Sys=0.00s Real=0.00s
[21.197s][info][gc,start     ] GC(446) Pause Young (Normal) (G1 Evacuation Pause)
[21.197s][info][gc,task      ] GC(446) Using 8 workers of 8 for evacuation
[21.198s][info][gc,phases    ] GC(446)   Pre Evacuate Collection Set: 0.0ms
[21.198s][info][gc,phases    ] GC(446)   Evacuate Collection Set: 0.5ms
[21.198s][info][gc,phases    ] GC(446)   Post Evacuate Collection Set: 0.2ms
[21.198s][info][gc,phases    ] GC(446)   Other: 0.1ms
[21.198s][info][gc,heap      ] GC(446) Eden regions: 306->0(306)
[21.198s][info][gc,heap      ] GC(446) Survivor regions: 1->1(39)
[21.198s][info][gc,heap      ] GC(446) Old regions: 28->28
[21.198s][info][gc,heap      ] GC(446) Humongous regions: 0->0
[21.198s][info][gc,metaspace ] GC(446) Metaspace: 7413K->7413K(1056768K)
[21.198s][info][gc           ] GC(446) Pause Young (Normal) (G1 Evacuation Pause) 334M->28M(512M) 0.953ms
[21.198s][info][gc,cpu       ] GC(446) User=0.01s Sys=0.00s Real=0.00s
[21.246s][info][gc,start     ] GC(447) Pause Young (Normal) (G1 Evacuation Pause)
[21.246s][info][gc,task      ] GC(447) Using 8 workers of 8 for evacuation
[21.247s][info][gc,phases    ] GC(447)   Pre Evacuate Collection Set: 0.0ms
[21.247s][info][gc,phases    ] GC(447)   Evacuate Collection Set: 0.5ms
[21.247s][info][gc,phases    ] GC(447)   Post Evacuate Collection Set: 0.2ms
[21.247s][info][gc,phases    ] GC(447)   Other: 0.1ms
[21.247s][info][gc,heap      ] GC(447) Eden regions: 306->0(306)
[21.247s][info][gc,heap      ] GC(447) Survivor regions: 1->1(39)
[21.247s][info][gc,heap      ] GC(447) Old regions: 28->28
[21.247s][info][gc,heap      ] GC(447) Humongous regions: 0->0
[21.247s][info][gc,metaspace ] GC(447) Metaspace: 7413K->7413K(1056768K)
[21.247s][info][gc           ] GC(447) Pause Young (Normal) (G1 Evacuation Pause) 334M->28M(512M) 0.965ms
[21.247s][info][gc,cpu       ] GC(447) User=0.00s Sys=0.01s Real=0.00s
[21.304s][info][gc,start     ] GC(448) Pause Young (Normal) (G1 Evacuation Pause)
[21.304s][info][gc,task      ] GC(448) Using 8 workers of 8 for evacuation
[21.305s][info][gc,phases    ] GC(448)   Pre Evacuate Collection Set: 0.0ms
[21.305s][info][gc,phases    ] GC(448)   Evacuate Collection Set: 0.5ms
[21.305s][info][gc,phases    ] GC(448)   Post Evacuate Collection Set: 0.2ms
[21.305s][info][gc,phases    ] GC(448)   Other: 0.1ms
[21.305s][info][gc,heap      ] GC(448) Eden regions: 306->0(306)
[21.305s][info][gc,heap      ] GC(448) Survivor regions: 1->1(39)
[21.305s][info][gc,heap      ] GC(448) Old regions: 28->28
[21.305s][info][gc,heap      ] GC(448) Humongous regions: 0->0
[21.305s][info][gc,metaspace ] GC(448) Metaspace: 7413K->7413K(1056768K)
[21.305s][info][gc           ] GC(448) Pause Young (Normal) (G1 Evacuation Pause) 334M->28M(512M) 1.015ms
[21.305s][info][gc,cpu       ] GC(448) User=0.00s Sys=0.00s Real=0.00s
[21.345s][info][gc,start     ] GC(449) Pause Young (Normal) (G1 Evacuation Pause)
[21.345s][info][gc,task      ] GC(449) Using 8 workers of 8 for evacuation
[21.346s][info][gc,phases    ] GC(449)   Pre Evacuate Collection Set: 0.0ms
[21.346s][info][gc,phases    ] GC(449)   Evacuate Collection Set: 0.6ms
[21.346s][info][gc,phases    ] GC(449)   Post Evacuate Collection Set: 0.3ms
[21.346s][info][gc,phases    ] GC(449)   Other: 0.2ms
[21.346s][info][gc,heap      ] GC(449) Eden regions: 306->0(306)
[21.346s][info][gc,heap      ] GC(449) Survivor regions: 1->1(39)
[21.346s][info][gc,heap      ] GC(449) Old regions: 28->28
[21.346s][info][gc,heap      ] GC(449) Humongous regions: 0->0
[21.346s][info][gc,metaspace ] GC(449) Metaspace: 7413K->7413K(1056768K)
[21.346s][info][gc           ] GC(449) Pause Young (Normal) (G1 Evacuation Pause) 334M->28M(512M) 1.141ms
[21.346s][info][gc,cpu       ] GC(449) User=0.01s Sys=0.00s Real=0.00s
[21.388s][info][gc,start     ] GC(450) Pause Young (Normal) (G1 Evacuation Pause)
[21.388s][info][gc,task      ] GC(450) Using 8 workers of 8 for evacuation
[21.389s][info][gc,phases    ] GC(450)   Pre Evacuate Collection Set: 0.0ms
[21.389s][info][gc,phases    ] GC(450)   Evacuate Collection Set: 0.5ms
[21.389s][info][gc,phases    ] GC(450)   Post Evacuate Collection Set: 0.2ms
[21.389s][info][gc,phases    ] GC(450)   Other: 0.1ms
[21.389s][info][gc,heap      ] GC(450) Eden regions: 306->0(306)
[21.389s][info][gc,heap      ] GC(450) Survivor regions: 1->1(39)
[21.389s][info][gc,heap      ] GC(450) Old regions: 28->28
[21.389s][info][gc,heap      ] GC(450) Humongous regions: 0->0
[21.389s][info][gc,metaspace ] GC(450) Metaspace: 7413K->7413K(1056768K)
[21.389s][info][gc           ] GC(450) Pause Young (Normal) (G1 Evacuation Pause) 334M->28M(512M) 0.990ms
[21.389s][info][gc,cpu       ] GC(450) User=0.00s Sys=0.00s Real=0.01s
[21.435s][info][gc,start     ] GC(451) Pause Young (Normal) (G1 Evacuation Pause)
[21.435s][info][gc,task      ] GC(451) Using 8 workers of 8 for evacuation
[21.436s][info][gc,phases    ] GC(451)   Pre Evacuate Collection Set: 0.0ms
[21.436s][info][gc,phases    ] GC(451)   Evacuate Collection Set: 0.5ms
[21.436s][info][gc,phases    ] GC(451)   Post Evacuate Collection Set: 0.2ms
[21.436s][info][gc,phases    ] GC(451)   Other: 0.1ms
[21.436s][info][gc,heap      ] GC(451) Eden regions: 306->0(306)
[21.436s][info][gc,heap      ] GC(451) Survivor regions: 1->1(39)
[21.436s][info][gc,heap      ] GC(451) Old regions: 28->28
[21.436s][info][gc,heap      ] GC(451) Humongous regions: 0->0
[21.436s][info][gc,metaspace ] GC(451) Metaspace: 7413K->7413K(1056768K)
[21.436s][info][gc           ] GC(451) Pause Young (Normal) (G1 Evacuation Pause) 334M->28M(512M) 0.987ms
[21.436s][info][gc,cpu       ] GC(451) User=0.00s Sys=0.00s Real=0.00s
[21.479s][info][gc,start     ] GC(452) Pause Young (Normal) (G1 Evacuation Pause)
[21.479s][info][gc,task      ] GC(452) Using 8 workers of 8 for evacuation
[21.480s][info][gc,phases    ] GC(452)   Pre Evacuate Collection Set: 0.0ms
[21.480s][info][gc,phases    ] GC(452)   Evacuate Collection Set: 0.4ms
[21.480s][info][gc,phases    ] GC(452)   Post Evacuate Collection Set: 0.3ms
[21.480s][info][gc,phases    ] GC(452)   Other: 0.1ms
[21.480s][info][gc,heap      ] GC(452) Eden regions: 306->0(306)
[21.480s][info][gc,heap      ] GC(452) Survivor regions: 1->1(39)
[21.480s][info][gc,heap      ] GC(452) Old regions: 28->28
[21.480s][info][gc,heap      ] GC(452) Humongous regions: 0->0
[21.480s][info][gc,metaspace ] GC(452) Metaspace: 7413K->7413K(1056768K)
[21.480s][info][gc           ] GC(452) Pause Young (Normal) (G1 Evacuation Pause) 334M->28M(512M) 0.969ms
[21.480s][info][gc,cpu       ] GC(452) User=0.00s Sys=0.00s Real=0.00s
[21.523s][info][gc,start     ] GC(453) Pause Young (Normal) (G1 Evacuation Pause)
[21.523s][info][gc,task      ] GC(453) Using 8 workers of 8 for evacuation
[21.524s][info][gc,phases    ] GC(453)   Pre Evacuate Collection Set: 0.0ms
[21.524s][info][gc,phases    ] GC(453)   Evacuate Collection Set: 0.4ms
[21.524s][info][gc,phases    ] GC(453)   Post Evacuate Collection Set: 0.3ms
[21.524s][info][gc,phases    ] GC(453)   Other: 0.1ms
[21.524s][info][gc,heap      ] GC(453) Eden regions: 306->0(306)
[21.524s][info][gc,heap      ] GC(453) Survivor regions: 1->1(39)
[21.524s][info][gc,heap      ] GC(453) Old regions: 28->29
[21.524s][info][gc,heap      ] GC(453) Humongous regions: 0->0
[21.524s][info][gc,metaspace ] GC(453) Metaspace: 7413K->7413K(1056768K)
[21.524s][info][gc           ] GC(453) Pause Young (Normal) (G1 Evacuation Pause) 334M->28M(512M) 0.887ms
[21.524s][info][gc,cpu       ] GC(453) User=0.01s Sys=0.00s Real=0.00s
[21.565s][info][gc,start     ] GC(454) Pause Young (Normal) (G1 Evacuation Pause)
[21.565s][info][gc,task      ] GC(454) Using 8 workers of 8 for evacuation
[21.566s][info][gc,phases    ] GC(454)   Pre Evacuate Collection Set: 0.0ms
[21.566s][info][gc,phases    ] GC(454)   Evacuate Collection Set: 0.4ms
[21.566s][info][gc,phases    ] GC(454)   Post Evacuate Collection Set: 0.2ms
[21.566s][info][gc,phases    ] GC(454)   Other: 0.1ms
[21.566s][info][gc,heap      ] GC(454) Eden regions: 306->0(306)
[21.566s][info][gc,heap      ] GC(454) Survivor regions: 1->1(39)
[21.566s][info][gc,heap      ] GC(454) Old regions: 29->29
[21.566s][info][gc,heap      ] GC(454) Humongous regions: 0->0
[21.566s][info][gc,metaspace ] GC(454) Metaspace: 7413K->7413K(1056768K)
[21.566s][info][gc           ] GC(454) Pause Young (Normal) (G1 Evacuation Pause) 334M->28M(512M) 0.880ms
[21.566s][info][gc,cpu       ] GC(454) User=0.00s Sys=0.00s Real=0.00s
[21.607s][info][gc,start     ] GC(455) Pause Young (Normal) (G1 Evacuation Pause)
[21.607s][info][gc,task      ] GC(455) Using 8 workers of 8 for evacuation
[21.608s][info][gc,phases    ] GC(455)   Pre Evacuate Collection Set: 0.0ms
[21.608s][info][gc,phases    ] GC(455)   Evacuate Collection Set: 0.5ms
[21.608s][info][gc,phases    ] GC(455)   Post Evacuate Collection Set: 0.2ms
[21.608s][info][gc,phases    ] GC(455)   Other: 0.1ms
[21.608s][info][gc,heap      ] GC(455) Eden regions: 306->0(306)
[21.608s][info][gc,heap      ] GC(455) Survivor regions: 1->1(39)
[21.608s][info][gc,heap      ] GC(455) Old regions: 29->29
[21.608s][info][gc,heap      ] GC(455) Humongous regions: 0->0
[21.608s][info][gc,metaspace ] GC(455) Metaspace: 7413K->7413K(1056768K)
[21.608s][info][gc           ] GC(455) Pause Young (Normal) (G1 Evacuation Pause) 334M->29M(512M) 0.940ms
[21.608s][info][gc,cpu       ] GC(455) User=0.01s Sys=0.00s Real=0.00s
[21.663s][info][gc,start     ] GC(456) Pause Young (Normal) (G1 Evacuation Pause)
[21.663s][info][gc,task      ] GC(456) Using 8 workers of 8 for evacuation
[21.663s][info][gc,phases    ] GC(456)   Pre Evacuate Collection Set: 0.0ms
[21.663s][info][gc,phases    ] GC(456)   Evacuate Collection Set: 0.4ms
[21.663s][info][gc,phases    ] GC(456)   Post Evacuate Collection Set: 0.3ms
[21.663s][info][gc,phases    ] GC(456)   Other: 0.1ms
[21.663s][info][gc,heap      ] GC(456) Eden regions: 306->0(306)
[21.663s][info][gc,heap      ] GC(456) Survivor regions: 1->1(39)
[21.664s][info][gc,heap      ] GC(456) Old regions: 29->29
[21.664s][info][gc,heap      ] GC(456) Humongous regions: 0->0
[21.664s][info][gc,metaspace ] GC(456) Metaspace: 7413K->7413K(1056768K)
[21.664s][info][gc           ] GC(456) Pause Young (Normal) (G1 Evacuation Pause) 335M->29M(512M) 0.866ms
[21.664s][info][gc,cpu       ] GC(456) User=0.00s Sys=0.00s Real=0.00s
[21.711s][info][gc,start     ] GC(457) Pause Young (Normal) (G1 Evacuation Pause)
[21.711s][info][gc,task      ] GC(457) Using 8 workers of 8 for evacuation
[21.713s][info][gc,phases    ] GC(457)   Pre Evacuate Collection Set: 0.0ms
[21.713s][info][gc,phases    ] GC(457)   Evacuate Collection Set: 1.1ms
[21.713s][info][gc,phases    ] GC(457)   Post Evacuate Collection Set: 0.4ms
[21.713s][info][gc,phases    ] GC(457)   Other: 0.2ms
[21.713s][info][gc,heap      ] GC(457) Eden regions: 306->0(306)
[21.713s][info][gc,heap      ] GC(457) Survivor regions: 1->1(39)
[21.713s][info][gc,heap      ] GC(457) Old regions: 29->29
[21.713s][info][gc,heap      ] GC(457) Humongous regions: 0->0
[21.713s][info][gc,metaspace ] GC(457) Metaspace: 7413K->7413K(1056768K)
[21.713s][info][gc           ] GC(457) Pause Young (Normal) (G1 Evacuation Pause) 335M->29M(512M) 1.832ms
[21.713s][info][gc,cpu       ] GC(457) User=0.01s Sys=0.01s Real=0.00s
[21.762s][info][gc,start     ] GC(458) Pause Young (Normal) (G1 Evacuation Pause)
[21.762s][info][gc,task      ] GC(458) Using 8 workers of 8 for evacuation
[21.763s][info][gc,phases    ] GC(458)   Pre Evacuate Collection Set: 0.0ms
[21.763s][info][gc,phases    ] GC(458)   Evacuate Collection Set: 0.5ms
[21.763s][info][gc,phases    ] GC(458)   Post Evacuate Collection Set: 0.3ms
[21.763s][info][gc,phases    ] GC(458)   Other: 0.1ms
[21.763s][info][gc,heap      ] GC(458) Eden regions: 306->0(306)
[21.763s][info][gc,heap      ] GC(458) Survivor regions: 1->1(39)
[21.763s][info][gc,heap      ] GC(458) Old regions: 29->29
[21.763s][info][gc,heap      ] GC(458) Humongous regions: 0->0
[21.763s][info][gc,metaspace ] GC(458) Metaspace: 7413K->7413K(1056768K)
[21.763s][info][gc           ] GC(458) Pause Young (Normal) (G1 Evacuation Pause) 335M->29M(512M) 1.049ms
[21.763s][info][gc,cpu       ] GC(458) User=0.00s Sys=0.00s Real=0.00s
[21.803s][info][gc,start     ] GC(459) Pause Young (Normal) (G1 Evacuation Pause)
[21.803s][info][gc,task      ] GC(459) Using 8 workers of 8 for evacuation
[21.804s][info][gc,phases    ] GC(459)   Pre Evacuate Collection Set: 0.0ms
[21.804s][info][gc,phases    ] GC(459)   Evacuate Collection Set: 0.3ms
[21.804s][info][gc,phases    ] GC(459)   Post Evacuate Collection Set: 0.3ms
[21.804s][info][gc,phases    ] GC(459)   Other: 0.1ms
[21.804s][info][gc,heap      ] GC(459) Eden regions: 306->0(306)
[21.804s][info][gc,heap      ] GC(459) Survivor regions: 1->1(39)
[21.804s][info][gc,heap      ] GC(459) Old regions: 29->29
[21.804s][info][gc,heap      ] GC(459) Humongous regions: 0->0
[21.804s][info][gc,metaspace ] GC(459) Metaspace: 7413K->7413K(1056768K)
[21.804s][info][gc           ] GC(459) Pause Young (Normal) (G1 Evacuation Pause) 335M->29M(512M) 0.901ms
[21.804s][info][gc,cpu       ] GC(459) User=0.00s Sys=0.00s Real=0.00s
[21.845s][info][gc,start     ] GC(460) Pause Young (Normal) (G1 Evacuation Pause)
[21.845s][info][gc,task      ] GC(460) Using 8 workers of 8 for evacuation
[21.846s][info][gc,phases    ] GC(460)   Pre Evacuate Collection Set: 0.0ms
[21.846s][info][gc,phases    ] GC(460)   Evacuate Collection Set: 0.5ms
[21.846s][info][gc,phases    ] GC(460)   Post Evacuate Collection Set: 0.2ms
[21.846s][info][gc,phases    ] GC(460)   Other: 0.1ms
[21.846s][info][gc,heap      ] GC(460) Eden regions: 306->0(306)
[21.846s][info][gc,heap      ] GC(460) Survivor regions: 1->1(39)
[21.846s][info][gc,heap      ] GC(460) Old regions: 29->29
[21.846s][info][gc,heap      ] GC(460) Humongous regions: 0->0
[21.846s][info][gc,metaspace ] GC(460) Metaspace: 7413K->7413K(1056768K)
[21.846s][info][gc           ] GC(460) Pause Young (Normal) (G1 Evacuation Pause) 335M->29M(512M) 0.929ms
[21.846s][info][gc,cpu       ] GC(460) User=0.00s Sys=0.00s Real=0.00s
[21.890s][info][gc,start     ] GC(461) Pause Young (Normal) (G1 Evacuation Pause)
[21.890s][info][gc,task      ] GC(461) Using 8 workers of 8 for evacuation
[21.891s][info][gc,phases    ] GC(461)   Pre Evacuate Collection Set: 0.0ms
[21.891s][info][gc,phases    ] GC(461)   Evacuate Collection Set: 0.5ms
[21.891s][info][gc,phases    ] GC(461)   Post Evacuate Collection Set: 0.2ms
[21.891s][info][gc,phases    ] GC(461)   Other: 0.1ms
[21.891s][info][gc,heap      ] GC(461) Eden regions: 306->0(306)
[21.891s][info][gc,heap      ] GC(461) Survivor regions: 1->1(39)
[21.891s][info][gc,heap      ] GC(461) Old regions: 29->29
[21.891s][info][gc,heap      ] GC(461) Humongous regions: 0->0
[21.891s][info][gc,metaspace ] GC(461) Metaspace: 7413K->7413K(1056768K)
[21.891s][info][gc           ] GC(461) Pause Young (Normal) (G1 Evacuation Pause) 335M->29M(512M) 0.956ms
[21.891s][info][gc,cpu       ] GC(461) User=0.00s Sys=0.00s Real=0.00s
[21.937s][info][gc,start     ] GC(462) Pause Young (Normal) (G1 Evacuation Pause)
[21.937s][info][gc,task      ] GC(462) Using 8 workers of 8 for evacuation
[21.938s][info][gc,phases    ] GC(462)   Pre Evacuate Collection Set: 0.0ms
[21.938s][info][gc,phases    ] GC(462)   Evacuate Collection Set: 0.7ms
[21.938s][info][gc,phases    ] GC(462)   Post Evacuate Collection Set: 0.4ms
[21.938s][info][gc,phases    ] GC(462)   Other: 0.2ms
[21.938s][info][gc,heap      ] GC(462) Eden regions: 306->0(306)
[21.938s][info][gc,heap      ] GC(462) Survivor regions: 1->1(39)
[21.938s][info][gc,heap      ] GC(462) Old regions: 29->29
[21.938s][info][gc,heap      ] GC(462) Humongous regions: 0->0
[21.938s][info][gc,metaspace ] GC(462) Metaspace: 7413K->7413K(1056768K)
[21.938s][info][gc           ] GC(462) Pause Young (Normal) (G1 Evacuation Pause) 335M->29M(512M) 1.370ms
[21.938s][info][gc,cpu       ] GC(462) User=0.00s Sys=0.00s Real=0.00s
[21.991s][info][gc,start     ] GC(463) Pause Young (Normal) (G1 Evacuation Pause)
[21.991s][info][gc,task      ] GC(463) Using 8 workers of 8 for evacuation
[21.991s][info][gc,phases    ] GC(463)   Pre Evacuate Collection Set: 0.0ms
[21.991s][info][gc,phases    ] GC(463)   Evacuate Collection Set: 0.3ms
[21.991s][info][gc,phases    ] GC(463)   Post Evacuate Collection Set: 0.2ms
[21.991s][info][gc,phases    ] GC(463)   Other: 0.2ms
[21.991s][info][gc,heap      ] GC(463) Eden regions: 306->0(306)
[21.991s][info][gc,heap      ] GC(463) Survivor regions: 1->1(39)
[21.991s][info][gc,heap      ] GC(463) Old regions: 29->29
[21.991s][info][gc,heap      ] GC(463) Humongous regions: 0->0
[21.991s][info][gc,metaspace ] GC(463) Metaspace: 7413K->7413K(1056768K)
[21.991s][info][gc           ] GC(463) Pause Young (Normal) (G1 Evacuation Pause) 335M->29M(512M) 0.770ms
[21.991s][info][gc,cpu       ] GC(463) User=0.00s Sys=0.00s Real=0.00s
[22.032s][info][gc,start     ] GC(464) Pause Young (Normal) (G1 Evacuation Pause)
[22.032s][info][gc,task      ] GC(464) Using 8 workers of 8 for evacuation
[22.033s][info][gc,phases    ] GC(464)   Pre Evacuate Collection Set: 0.0ms
[22.033s][info][gc,phases    ] GC(464)   Evacuate Collection Set: 0.3ms
[22.033s][info][gc,phases    ] GC(464)   Post Evacuate Collection Set: 0.3ms
[22.033s][info][gc,phases    ] GC(464)   Other: 0.2ms
[22.033s][info][gc,heap      ] GC(464) Eden regions: 306->0(306)
[22.033s][info][gc,heap      ] GC(464) Survivor regions: 1->1(39)
[22.033s][info][gc,heap      ] GC(464) Old regions: 29->29
[22.033s][info][gc,heap      ] GC(464) Humongous regions: 0->0
[22.033s][info][gc,metaspace ] GC(464) Metaspace: 7413K->7413K(1056768K)
[22.033s][info][gc           ] GC(464) Pause Young (Normal) (G1 Evacuation Pause) 335M->29M(512M) 0.923ms
[22.033s][info][gc,cpu       ] GC(464) User=0.00s Sys=0.00s Real=0.00s
[22.074s][info][gc,start     ] GC(465) Pause Young (Normal) (G1 Evacuation Pause)
[22.075s][info][gc,task      ] GC(465) Using 8 workers of 8 for evacuation
[22.075s][info][gc,phases    ] GC(465)   Pre Evacuate Collection Set: 0.0ms
[22.075s][info][gc,phases    ] GC(465)   Evacuate Collection Set: 0.5ms
[22.075s][info][gc,phases    ] GC(465)   Post Evacuate Collection Set: 0.2ms
[22.075s][info][gc,phases    ] GC(465)   Other: 0.2ms
[22.075s][info][gc,heap      ] GC(465) Eden regions: 306->0(306)
[22.075s][info][gc,heap      ] GC(465) Survivor regions: 1->1(39)
[22.075s][info][gc,heap      ] GC(465) Old regions: 29->29
[22.075s][info][gc,heap      ] GC(465) Humongous regions: 0->0
[22.075s][info][gc,metaspace ] GC(465) Metaspace: 7413K->7413K(1056768K)
[22.076s][info][gc           ] GC(465) Pause Young (Normal) (G1 Evacuation Pause) 335M->29M(512M) 1.040ms
[22.076s][info][gc,cpu       ] GC(465) User=0.00s Sys=0.00s Real=0.00s
[22.119s][info][gc,start     ] GC(466) Pause Young (Normal) (G1 Evacuation Pause)
[22.119s][info][gc,task      ] GC(466) Using 8 workers of 8 for evacuation
[22.120s][info][gc,phases    ] GC(466)   Pre Evacuate Collection Set: 0.0ms
[22.120s][info][gc,phases    ] GC(466)   Evacuate Collection Set: 0.8ms
[22.120s][info][gc,phases    ] GC(466)   Post Evacuate Collection Set: 0.3ms
[22.120s][info][gc,phases    ] GC(466)   Other: 0.2ms
[22.120s][info][gc,heap      ] GC(466) Eden regions: 306->0(306)
[22.120s][info][gc,heap      ] GC(466) Survivor regions: 1->1(39)
[22.120s][info][gc,heap      ] GC(466) Old regions: 29->29
[22.120s][info][gc,heap      ] GC(466) Humongous regions: 0->0
[22.120s][info][gc,metaspace ] GC(466) Metaspace: 7413K->7413K(1056768K)
[22.120s][info][gc           ] GC(466) Pause Young (Normal) (G1 Evacuation Pause) 335M->29M(512M) 1.442ms
[22.121s][info][gc,cpu       ] GC(466) User=0.01s Sys=0.00s Real=0.00s
[22.168s][info][gc,start     ] GC(467) Pause Young (Normal) (G1 Evacuation Pause)
[22.168s][info][gc,task      ] GC(467) Using 8 workers of 8 for evacuation
[22.169s][info][gc,phases    ] GC(467)   Pre Evacuate Collection Set: 0.0ms
[22.169s][info][gc,phases    ] GC(467)   Evacuate Collection Set: 0.6ms
[22.169s][info][gc,phases    ] GC(467)   Post Evacuate Collection Set: 0.6ms
[22.169s][info][gc,phases    ] GC(467)   Other: 0.2ms
[22.169s][info][gc,heap      ] GC(467) Eden regions: 306->0(306)
[22.169s][info][gc,heap      ] GC(467) Survivor regions: 1->1(39)
[22.169s][info][gc,heap      ] GC(467) Old regions: 29->29
[22.169s][info][gc,heap      ] GC(467) Humongous regions: 0->0
[22.169s][info][gc,metaspace ] GC(467) Metaspace: 7413K->7413K(1056768K)
[22.169s][info][gc           ] GC(467) Pause Young (Normal) (G1 Evacuation Pause) 335M->29M(512M) 1.620ms
[22.169s][info][gc,cpu       ] GC(467) User=0.00s Sys=0.01s Real=0.01s
[22.217s][info][gc,start     ] GC(468) Pause Young (Normal) (G1 Evacuation Pause)
[22.217s][info][gc,task      ] GC(468) Using 8 workers of 8 for evacuation
[22.218s][info][gc,phases    ] GC(468)   Pre Evacuate Collection Set: 0.0ms
[22.218s][info][gc,phases    ] GC(468)   Evacuate Collection Set: 0.4ms
[22.218s][info][gc,phases    ] GC(468)   Post Evacuate Collection Set: 0.3ms
[22.218s][info][gc,phases    ] GC(468)   Other: 0.2ms
[22.218s][info][gc,heap      ] GC(468) Eden regions: 306->0(306)
[22.218s][info][gc,heap      ] GC(468) Survivor regions: 1->1(39)
[22.218s][info][gc,heap      ] GC(468) Old regions: 29->29
[22.218s][info][gc,heap      ] GC(468) Humongous regions: 0->0
[22.218s][info][gc,metaspace ] GC(468) Metaspace: 7413K->7413K(1056768K)
[22.218s][info][gc           ] GC(468) Pause Young (Normal) (G1 Evacuation Pause) 335M->29M(512M) 1.048ms
[22.218s][info][gc,cpu       ] GC(468) User=0.00s Sys=0.00s Real=0.00s
[22.261s][info][gc,start     ] GC(469) Pause Young (Normal) (G1 Evacuation Pause)
[22.261s][info][gc,task      ] GC(469) Using 8 workers of 8 for evacuation
[22.262s][info][gc,phases    ] GC(469)   Pre Evacuate Collection Set: 0.0ms
[22.262s][info][gc,phases    ] GC(469)   Evacuate Collection Set: 0.4ms
[22.262s][info][gc,phases    ] GC(469)   Post Evacuate Collection Set: 0.3ms
[22.262s][info][gc,phases    ] GC(469)   Other: 0.1ms
[22.262s][info][gc,heap      ] GC(469) Eden regions: 306->0(306)
[22.262s][info][gc,heap      ] GC(469) Survivor regions: 1->1(39)
[22.262s][info][gc,heap      ] GC(469) Old regions: 29->29
[22.262s][info][gc,heap      ] GC(469) Humongous regions: 0->0
[22.262s][info][gc,metaspace ] GC(469) Metaspace: 7413K->7413K(1056768K)
[22.262s][info][gc           ] GC(469) Pause Young (Normal) (G1 Evacuation Pause) 335M->29M(512M) 0.868ms
[22.262s][info][gc,cpu       ] GC(469) User=0.00s Sys=0.00s Real=0.00s
[22.303s][info][gc,start     ] GC(470) Pause Young (Normal) (G1 Evacuation Pause)
[22.303s][info][gc,task      ] GC(470) Using 8 workers of 8 for evacuation
[22.304s][info][gc,phases    ] GC(470)   Pre Evacuate Collection Set: 0.0ms
[22.304s][info][gc,phases    ] GC(470)   Evacuate Collection Set: 0.7ms
[22.304s][info][gc,phases    ] GC(470)   Post Evacuate Collection Set: 0.3ms
[22.304s][info][gc,phases    ] GC(470)   Other: 0.2ms
[22.304s][info][gc,heap      ] GC(470) Eden regions: 306->0(306)
[22.304s][info][gc,heap      ] GC(470) Survivor regions: 1->1(39)
[22.304s][info][gc,heap      ] GC(470) Old regions: 29->30
[22.304s][info][gc,heap      ] GC(470) Humongous regions: 0->0
[22.304s][info][gc,metaspace ] GC(470) Metaspace: 7413K->7413K(1056768K)
[22.304s][info][gc           ] GC(470) Pause Young (Normal) (G1 Evacuation Pause) 335M->29M(512M) 1.289ms
[22.304s][info][gc,cpu       ] GC(470) User=0.01s Sys=0.00s Real=0.00s
[22.353s][info][gc,start     ] GC(471) Pause Young (Normal) (G1 Evacuation Pause)
[22.353s][info][gc,task      ] GC(471) Using 8 workers of 8 for evacuation
[22.354s][info][gc,phases    ] GC(471)   Pre Evacuate Collection Set: 0.0ms
[22.354s][info][gc,phases    ] GC(471)   Evacuate Collection Set: 0.4ms
[22.354s][info][gc,phases    ] GC(471)   Post Evacuate Collection Set: 0.2ms
[22.354s][info][gc,phases    ] GC(471)   Other: 0.1ms
[22.354s][info][gc,heap      ] GC(471) Eden regions: 306->0(306)
[22.354s][info][gc,heap      ] GC(471) Survivor regions: 1->1(39)
[22.354s][info][gc,heap      ] GC(471) Old regions: 30->30
[22.354s][info][gc,heap      ] GC(471) Humongous regions: 0->0
[22.354s][info][gc,metaspace ] GC(471) Metaspace: 7413K->7413K(1056768K)
[22.354s][info][gc           ] GC(471) Pause Young (Normal) (G1 Evacuation Pause) 335M->30M(512M) 0.927ms
[22.354s][info][gc,cpu       ] GC(471) User=0.00s Sys=0.00s Real=0.00s
[22.403s][info][gc,start     ] GC(472) Pause Young (Normal) (G1 Evacuation Pause)
[22.403s][info][gc,task      ] GC(472) Using 8 workers of 8 for evacuation
[22.404s][info][gc,phases    ] GC(472)   Pre Evacuate Collection Set: 0.0ms
[22.404s][info][gc,phases    ] GC(472)   Evacuate Collection Set: 0.5ms
[22.404s][info][gc,phases    ] GC(472)   Post Evacuate Collection Set: 0.2ms
[22.404s][info][gc,phases    ] GC(472)   Other: 0.2ms
[22.404s][info][gc,heap      ] GC(472) Eden regions: 306->0(306)
[22.404s][info][gc,heap      ] GC(472) Survivor regions: 1->1(39)
[22.404s][info][gc,heap      ] GC(472) Old regions: 30->30
[22.404s][info][gc,heap      ] GC(472) Humongous regions: 0->0
[22.404s][info][gc,metaspace ] GC(472) Metaspace: 7413K->7413K(1056768K)
[22.404s][info][gc           ] GC(472) Pause Young (Normal) (G1 Evacuation Pause) 336M->30M(512M) 0.959ms
[22.404s][info][gc,cpu       ] GC(472) User=0.00s Sys=0.00s Real=0.00s
[22.448s][info][gc,start     ] GC(473) Pause Young (Normal) (G1 Evacuation Pause)
[22.448s][info][gc,task      ] GC(473) Using 8 workers of 8 for evacuation
[22.449s][info][gc,phases    ] GC(473)   Pre Evacuate Collection Set: 0.0ms
[22.449s][info][gc,phases    ] GC(473)   Evacuate Collection Set: 0.3ms
[22.449s][info][gc,phases    ] GC(473)   Post Evacuate Collection Set: 0.3ms
[22.449s][info][gc,phases    ] GC(473)   Other: 0.1ms
[22.449s][info][gc,heap      ] GC(473) Eden regions: 306->0(306)
[22.449s][info][gc,heap      ] GC(473) Survivor regions: 1->1(39)
[22.449s][info][gc,heap      ] GC(473) Old regions: 30->30
[22.449s][info][gc,heap      ] GC(473) Humongous regions: 0->0
[22.449s][info][gc,metaspace ] GC(473) Metaspace: 7413K->7413K(1056768K)
[22.449s][info][gc           ] GC(473) Pause Young (Normal) (G1 Evacuation Pause) 336M->30M(512M) 0.830ms
[22.449s][info][gc,cpu       ] GC(473) User=0.00s Sys=0.00s Real=0.01s
[22.490s][info][gc,start     ] GC(474) Pause Young (Normal) (G1 Evacuation Pause)
[22.490s][info][gc,task      ] GC(474) Using 8 workers of 8 for evacuation
[22.491s][info][gc,phases    ] GC(474)   Pre Evacuate Collection Set: 0.0ms
[22.491s][info][gc,phases    ] GC(474)   Evacuate Collection Set: 0.4ms
[22.491s][info][gc,phases    ] GC(474)   Post Evacuate Collection Set: 0.3ms
[22.491s][info][gc,phases    ] GC(474)   Other: 0.2ms
[22.491s][info][gc,heap      ] GC(474) Eden regions: 306->0(306)
[22.491s][info][gc,heap      ] GC(474) Survivor regions: 1->1(39)
[22.491s][info][gc,heap      ] GC(474) Old regions: 30->30
[22.491s][info][gc,heap      ] GC(474) Humongous regions: 0->0
[22.491s][info][gc,metaspace ] GC(474) Metaspace: 7413K->7413K(1056768K)
[22.491s][info][gc           ] GC(474) Pause Young (Normal) (G1 Evacuation Pause) 336M->30M(512M) 0.915ms
[22.491s][info][gc,cpu       ] GC(474) User=0.00s Sys=0.00s Real=0.00s
[22.531s][info][gc,start     ] GC(475) Pause Young (Normal) (G1 Evacuation Pause)
[22.531s][info][gc,task      ] GC(475) Using 8 workers of 8 for evacuation
[22.532s][info][gc,phases    ] GC(475)   Pre Evacuate Collection Set: 0.0ms
[22.532s][info][gc,phases    ] GC(475)   Evacuate Collection Set: 0.4ms
[22.532s][info][gc,phases    ] GC(475)   Post Evacuate Collection Set: 0.3ms
[22.532s][info][gc,phases    ] GC(475)   Other: 0.2ms
[22.532s][info][gc,heap      ] GC(475) Eden regions: 306->0(306)
[22.532s][info][gc,heap      ] GC(475) Survivor regions: 1->1(39)
[22.532s][info][gc,heap      ] GC(475) Old regions: 30->30
[22.532s][info][gc,heap      ] GC(475) Humongous regions: 0->0
[22.532s][info][gc,metaspace ] GC(475) Metaspace: 7413K->7413K(1056768K)
[22.532s][info][gc           ] GC(475) Pause Young (Normal) (G1 Evacuation Pause) 336M->30M(512M) 1.037ms
[22.532s][info][gc,cpu       ] GC(475) User=0.00s Sys=0.00s Real=0.00s
[22.580s][info][gc,start     ] GC(476) Pause Young (Normal) (G1 Evacuation Pause)
[22.580s][info][gc,task      ] GC(476) Using 8 workers of 8 for evacuation
[22.581s][info][gc,phases    ] GC(476)   Pre Evacuate Collection Set: 0.0ms
[22.581s][info][gc,phases    ] GC(476)   Evacuate Collection Set: 0.4ms
[22.581s][info][gc,phases    ] GC(476)   Post Evacuate Collection Set: 0.2ms
[22.581s][info][gc,phases    ] GC(476)   Other: 0.1ms
[22.581s][info][gc,heap      ] GC(476) Eden regions: 306->0(306)
[22.581s][info][gc,heap      ] GC(476) Survivor regions: 1->1(39)
[22.581s][info][gc,heap      ] GC(476) Old regions: 30->30
[22.581s][info][gc,heap      ] GC(476) Humongous regions: 0->0
[22.581s][info][gc,metaspace ] GC(476) Metaspace: 7413K->7413K(1056768K)
[22.581s][info][gc           ] GC(476) Pause Young (Normal) (G1 Evacuation Pause) 336M->30M(512M) 0.844ms
[22.581s][info][gc,cpu       ] GC(476) User=0.00s Sys=0.00s Real=0.00s
[22.649s][info][gc,start     ] GC(477) Pause Young (Normal) (G1 Evacuation Pause)
[22.649s][info][gc,task      ] GC(477) Using 8 workers of 8 for evacuation
[22.650s][info][gc,phases    ] GC(477)   Pre Evacuate Collection Set: 0.0ms
[22.650s][info][gc,phases    ] GC(477)   Evacuate Collection Set: 0.4ms
[22.650s][info][gc,phases    ] GC(477)   Post Evacuate Collection Set: 0.2ms
[22.650s][info][gc,phases    ] GC(477)   Other: 0.2ms
[22.650s][info][gc,heap      ] GC(477) Eden regions: 306->0(306)
[22.650s][info][gc,heap      ] GC(477) Survivor regions: 1->1(39)
[22.650s][info][gc,heap      ] GC(477) Old regions: 30->30
[22.650s][info][gc,heap      ] GC(477) Humongous regions: 0->0
[22.650s][info][gc,metaspace ] GC(477) Metaspace: 7413K->7413K(1056768K)
[22.650s][info][gc           ] GC(477) Pause Young (Normal) (G1 Evacuation Pause) 336M->30M(512M) 0.872ms
[22.650s][info][gc,cpu       ] GC(477) User=0.00s Sys=0.01s Real=0.00s
[22.694s][info][gc,start     ] GC(478) Pause Young (Normal) (G1 Evacuation Pause)
[22.694s][info][gc,task      ] GC(478) Using 8 workers of 8 for evacuation
[22.695s][info][gc,phases    ] GC(478)   Pre Evacuate Collection Set: 0.0ms
[22.695s][info][gc,phases    ] GC(478)   Evacuate Collection Set: 0.5ms
[22.695s][info][gc,phases    ] GC(478)   Post Evacuate Collection Set: 0.3ms
[22.695s][info][gc,phases    ] GC(478)   Other: 0.2ms
[22.695s][info][gc,heap      ] GC(478) Eden regions: 306->0(306)
[22.695s][info][gc,heap      ] GC(478) Survivor regions: 1->1(39)
[22.695s][info][gc,heap      ] GC(478) Old regions: 30->30
[22.695s][info][gc,heap      ] GC(478) Humongous regions: 0->0
[22.695s][info][gc,metaspace ] GC(478) Metaspace: 7413K->7413K(1056768K)
[22.695s][info][gc           ] GC(478) Pause Young (Normal) (G1 Evacuation Pause) 336M->30M(512M) 1.036ms
[22.695s][info][gc,cpu       ] GC(478) User=0.00s Sys=0.00s Real=0.00s
[22.739s][info][gc,start     ] GC(479) Pause Young (Normal) (G1 Evacuation Pause)
[22.739s][info][gc,task      ] GC(479) Using 8 workers of 8 for evacuation
[22.740s][info][gc,phases    ] GC(479)   Pre Evacuate Collection Set: 0.0ms
[22.740s][info][gc,phases    ] GC(479)   Evacuate Collection Set: 0.5ms
[22.740s][info][gc,phases    ] GC(479)   Post Evacuate Collection Set: 0.3ms
[22.740s][info][gc,phases    ] GC(479)   Other: 0.1ms
[22.740s][info][gc,heap      ] GC(479) Eden regions: 306->0(306)
[22.740s][info][gc,heap      ] GC(479) Survivor regions: 1->1(39)
[22.740s][info][gc,heap      ] GC(479) Old regions: 30->30
[22.740s][info][gc,heap      ] GC(479) Humongous regions: 0->0
[22.740s][info][gc,metaspace ] GC(479) Metaspace: 7413K->7413K(1056768K)
[22.740s][info][gc           ] GC(479) Pause Young (Normal) (G1 Evacuation Pause) 336M->30M(512M) 1.009ms
[22.740s][info][gc,cpu       ] GC(479) User=0.00s Sys=0.00s Real=0.00s
[22.786s][info][gc,start     ] GC(480) Pause Young (Normal) (G1 Evacuation Pause)
[22.786s][info][gc,task      ] GC(480) Using 8 workers of 8 for evacuation
[22.787s][info][gc,phases    ] GC(480)   Pre Evacuate Collection Set: 0.0ms
[22.787s][info][gc,phases    ] GC(480)   Evacuate Collection Set: 0.5ms
[22.787s][info][gc,phases    ] GC(480)   Post Evacuate Collection Set: 0.4ms
[22.787s][info][gc,phases    ] GC(480)   Other: 0.2ms
[22.787s][info][gc,heap      ] GC(480) Eden regions: 306->0(306)
[22.787s][info][gc,heap      ] GC(480) Survivor regions: 1->1(39)
[22.787s][info][gc,heap      ] GC(480) Old regions: 30->30
[22.787s][info][gc,heap      ] GC(480) Humongous regions: 0->0
[22.787s][info][gc,metaspace ] GC(480) Metaspace: 7413K->7413K(1056768K)
[22.787s][info][gc           ] GC(480) Pause Young (Normal) (G1 Evacuation Pause) 336M->30M(512M) 1.196ms
[22.787s][info][gc,cpu       ] GC(480) User=0.00s Sys=0.00s Real=0.00s
[22.831s][info][gc,start     ] GC(481) Pause Young (Normal) (G1 Evacuation Pause)
[22.831s][info][gc,task      ] GC(481) Using 8 workers of 8 for evacuation
[22.831s][info][gc,phases    ] GC(481)   Pre Evacuate Collection Set: 0.0ms
[22.831s][info][gc,phases    ] GC(481)   Evacuate Collection Set: 0.4ms
[22.831s][info][gc,phases    ] GC(481)   Post Evacuate Collection Set: 0.2ms
[22.831s][info][gc,phases    ] GC(481)   Other: 0.1ms
[22.831s][info][gc,heap      ] GC(481) Eden regions: 306->0(306)
[22.831s][info][gc,heap      ] GC(481) Survivor regions: 1->1(39)
[22.831s][info][gc,heap      ] GC(481) Old regions: 30->30
[22.831s][info][gc,heap      ] GC(481) Humongous regions: 0->0
[22.831s][info][gc,metaspace ] GC(481) Metaspace: 7413K->7413K(1056768K)
[22.831s][info][gc           ] GC(481) Pause Young (Normal) (G1 Evacuation Pause) 336M->30M(512M) 0.841ms
[22.831s][info][gc,cpu       ] GC(481) User=0.00s Sys=0.00s Real=0.00s
[22.877s][info][gc,start     ] GC(482) Pause Young (Normal) (G1 Evacuation Pause)
[22.877s][info][gc,task      ] GC(482) Using 8 workers of 8 for evacuation
[22.877s][info][gc,phases    ] GC(482)   Pre Evacuate Collection Set: 0.0ms
[22.877s][info][gc,phases    ] GC(482)   Evacuate Collection Set: 0.4ms
[22.877s][info][gc,phases    ] GC(482)   Post Evacuate Collection Set: 0.3ms
[22.877s][info][gc,phases    ] GC(482)   Other: 0.1ms
[22.877s][info][gc,heap      ] GC(482) Eden regions: 306->0(306)
[22.877s][info][gc,heap      ] GC(482) Survivor regions: 1->1(39)
[22.877s][info][gc,heap      ] GC(482) Old regions: 30->30
[22.877s][info][gc,heap      ] GC(482) Humongous regions: 0->0
[22.877s][info][gc,metaspace ] GC(482) Metaspace: 7413K->7413K(1056768K)
[22.877s][info][gc           ] GC(482) Pause Young (Normal) (G1 Evacuation Pause) 336M->30M(512M) 0.857ms
[22.878s][info][gc,cpu       ] GC(482) User=0.00s Sys=0.00s Real=0.00s
[22.919s][info][gc,start     ] GC(483) Pause Young (Normal) (G1 Evacuation Pause)
[22.919s][info][gc,task      ] GC(483) Using 8 workers of 8 for evacuation
[22.920s][info][gc,phases    ] GC(483)   Pre Evacuate Collection Set: 0.0ms
[22.920s][info][gc,phases    ] GC(483)   Evacuate Collection Set: 0.4ms
[22.920s][info][gc,phases    ] GC(483)   Post Evacuate Collection Set: 0.3ms
[22.920s][info][gc,phases    ] GC(483)   Other: 0.1ms
[22.920s][info][gc,heap      ] GC(483) Eden regions: 306->0(306)
[22.920s][info][gc,heap      ] GC(483) Survivor regions: 1->1(39)
[22.920s][info][gc,heap      ] GC(483) Old regions: 30->30
[22.920s][info][gc,heap      ] GC(483) Humongous regions: 0->0
[22.920s][info][gc,metaspace ] GC(483) Metaspace: 7413K->7413K(1056768K)
[22.920s][info][gc           ] GC(483) Pause Young (Normal) (G1 Evacuation Pause) 336M->30M(512M) 0.881ms
[22.920s][info][gc,cpu       ] GC(483) User=0.00s Sys=0.00s Real=0.00s
[22.961s][info][gc,start     ] GC(484) Pause Young (Normal) (G1 Evacuation Pause)
[22.961s][info][gc,task      ] GC(484) Using 8 workers of 8 for evacuation
[22.962s][info][gc,phases    ] GC(484)   Pre Evacuate Collection Set: 0.0ms
[22.962s][info][gc,phases    ] GC(484)   Evacuate Collection Set: 0.5ms
[22.962s][info][gc,phases    ] GC(484)   Post Evacuate Collection Set: 0.3ms
[22.962s][info][gc,phases    ] GC(484)   Other: 0.1ms
[22.962s][info][gc,heap      ] GC(484) Eden regions: 306->0(306)
[22.962s][info][gc,heap      ] GC(484) Survivor regions: 1->1(39)
[22.962s][info][gc,heap      ] GC(484) Old regions: 30->30
[22.962s][info][gc,heap      ] GC(484) Humongous regions: 0->0
[22.962s][info][gc,metaspace ] GC(484) Metaspace: 7413K->7413K(1056768K)
[22.962s][info][gc           ] GC(484) Pause Young (Normal) (G1 Evacuation Pause) 336M->30M(512M) 1.055ms
[22.962s][info][gc,cpu       ] GC(484) User=0.00s Sys=0.00s Real=0.00s
[23.012s][info][gc,start     ] GC(485) Pause Young (Normal) (G1 Evacuation Pause)
[23.012s][info][gc,task      ] GC(485) Using 8 workers of 8 for evacuation
[23.013s][info][gc,phases    ] GC(485)   Pre Evacuate Collection Set: 0.0ms
[23.013s][info][gc,phases    ] GC(485)   Evacuate Collection Set: 0.4ms
[23.013s][info][gc,phases    ] GC(485)   Post Evacuate Collection Set: 0.2ms
[23.013s][info][gc,phases    ] GC(485)   Other: 0.1ms
[23.013s][info][gc,heap      ] GC(485) Eden regions: 306->0(306)
[23.013s][info][gc,heap      ] GC(485) Survivor regions: 1->1(39)
[23.013s][info][gc,heap      ] GC(485) Old regions: 30->30
[23.013s][info][gc,heap      ] GC(485) Humongous regions: 0->0
[23.013s][info][gc,metaspace ] GC(485) Metaspace: 7413K->7413K(1056768K)
[23.013s][info][gc           ] GC(485) Pause Young (Normal) (G1 Evacuation Pause) 336M->30M(512M) 0.872ms
[23.013s][info][gc,cpu       ] GC(485) User=0.00s Sys=0.00s Real=0.00s
[23.063s][info][gc,start     ] GC(486) Pause Young (Normal) (G1 Evacuation Pause)
[23.063s][info][gc,task      ] GC(486) Using 8 workers of 8 for evacuation
[23.065s][info][gc,phases    ] GC(486)   Pre Evacuate Collection Set: 0.0ms
[23.065s][info][gc,phases    ] GC(486)   Evacuate Collection Set: 0.9ms
[23.065s][info][gc,phases    ] GC(486)   Post Evacuate Collection Set: 0.6ms
[23.065s][info][gc,phases    ] GC(486)   Other: 0.3ms
[23.065s][info][gc,heap      ] GC(486) Eden regions: 306->0(306)
[23.065s][info][gc,heap      ] GC(486) Survivor regions: 1->1(39)
[23.065s][info][gc,heap      ] GC(486) Old regions: 30->31
[23.065s][info][gc,heap      ] GC(486) Humongous regions: 0->0
[23.065s][info][gc,metaspace ] GC(486) Metaspace: 7413K->7413K(1056768K)
[23.065s][info][gc           ] GC(486) Pause Young (Normal) (G1 Evacuation Pause) 336M->30M(512M) 2.050ms
[23.065s][info][gc,cpu       ] GC(486) User=0.01s Sys=0.01s Real=0.00s
[23.110s][info][gc,start     ] GC(487) Pause Young (Normal) (G1 Evacuation Pause)
[23.110s][info][gc,task      ] GC(487) Using 8 workers of 8 for evacuation
[23.110s][info][gc,phases    ] GC(487)   Pre Evacuate Collection Set: 0.0ms
[23.110s][info][gc,phases    ] GC(487)   Evacuate Collection Set: 0.4ms
[23.110s][info][gc,phases    ] GC(487)   Post Evacuate Collection Set: 0.2ms
[23.110s][info][gc,phases    ] GC(487)   Other: 0.1ms
[23.110s][info][gc,heap      ] GC(487) Eden regions: 306->0(306)
[23.110s][info][gc,heap      ] GC(487) Survivor regions: 1->1(39)
[23.110s][info][gc,heap      ] GC(487) Old regions: 31->31
[23.110s][info][gc,heap      ] GC(487) Humongous regions: 0->0
[23.110s][info][gc,metaspace ] GC(487) Metaspace: 7413K->7413K(1056768K)
[23.110s][info][gc           ] GC(487) Pause Young (Normal) (G1 Evacuation Pause) 336M->31M(512M) 0.852ms
[23.110s][info][gc,cpu       ] GC(487) User=0.00s Sys=0.00s Real=0.00s
[23.152s][info][gc,start     ] GC(488) Pause Young (Normal) (G1 Evacuation Pause)
[23.152s][info][gc,task      ] GC(488) Using 8 workers of 8 for evacuation
[23.153s][info][gc,phases    ] GC(488)   Pre Evacuate Collection Set: 0.0ms
[23.153s][info][gc,phases    ] GC(488)   Evacuate Collection Set: 0.6ms
[23.153s][info][gc,phases    ] GC(488)   Post Evacuate Collection Set: 0.3ms
[23.153s][info][gc,phases    ] GC(488)   Other: 0.2ms
[23.153s][info][gc,heap      ] GC(488) Eden regions: 306->0(306)
[23.153s][info][gc,heap      ] GC(488) Survivor regions: 1->1(39)
[23.153s][info][gc,heap      ] GC(488) Old regions: 31->31
[23.153s][info][gc,heap      ] GC(488) Humongous regions: 0->0
[23.153s][info][gc,metaspace ] GC(488) Metaspace: 7413K->7413K(1056768K)
[23.153s][info][gc           ] GC(488) Pause Young (Normal) (G1 Evacuation Pause) 337M->31M(512M) 1.202ms
[23.153s][info][gc,cpu       ] GC(488) User=0.01s Sys=0.00s Real=0.00s
[23.194s][info][gc,start     ] GC(489) Pause Young (Normal) (G1 Evacuation Pause)
[23.194s][info][gc,task      ] GC(489) Using 8 workers of 8 for evacuation
[23.194s][info][gc,phases    ] GC(489)   Pre Evacuate Collection Set: 0.0ms
[23.194s][info][gc,phases    ] GC(489)   Evacuate Collection Set: 0.3ms
[23.194s][info][gc,phases    ] GC(489)   Post Evacuate Collection Set: 0.2ms
[23.194s][info][gc,phases    ] GC(489)   Other: 0.1ms
[23.194s][info][gc,heap      ] GC(489) Eden regions: 306->0(306)
[23.194s][info][gc,heap      ] GC(489) Survivor regions: 1->1(39)
[23.194s][info][gc,heap      ] GC(489) Old regions: 31->31
[23.194s][info][gc,heap      ] GC(489) Humongous regions: 0->0
[23.194s][info][gc,metaspace ] GC(489) Metaspace: 7413K->7413K(1056768K)
[23.194s][info][gc           ] GC(489) Pause Young (Normal) (G1 Evacuation Pause) 337M->31M(512M) 0.839ms
[23.194s][info][gc,cpu       ] GC(489) User=0.00s Sys=0.00s Real=0.00s
[23.239s][info][gc,start     ] GC(490) Pause Young (Normal) (G1 Evacuation Pause)
[23.239s][info][gc,task      ] GC(490) Using 8 workers of 8 for evacuation
[23.239s][info][gc,phases    ] GC(490)   Pre Evacuate Collection Set: 0.0ms
[23.239s][info][gc,phases    ] GC(490)   Evacuate Collection Set: 0.5ms
[23.239s][info][gc,phases    ] GC(490)   Post Evacuate Collection Set: 0.2ms
[23.239s][info][gc,phases    ] GC(490)   Other: 0.1ms
[23.239s][info][gc,heap      ] GC(490) Eden regions: 306->0(306)
[23.239s][info][gc,heap      ] GC(490) Survivor regions: 1->1(39)
[23.239s][info][gc,heap      ] GC(490) Old regions: 31->31
[23.239s][info][gc,heap      ] GC(490) Humongous regions: 0->0
[23.239s][info][gc,metaspace ] GC(490) Metaspace: 7413K->7413K(1056768K)
[23.239s][info][gc           ] GC(490) Pause Young (Normal) (G1 Evacuation Pause) 337M->31M(512M) 0.986ms
[23.240s][info][gc,cpu       ] GC(490) User=0.00s Sys=0.00s Real=0.01s
[23.289s][info][gc,start     ] GC(491) Pause Young (Normal) (G1 Evacuation Pause)
[23.289s][info][gc,task      ] GC(491) Using 8 workers of 8 for evacuation
[23.290s][info][gc,phases    ] GC(491)   Pre Evacuate Collection Set: 0.0ms
[23.290s][info][gc,phases    ] GC(491)   Evacuate Collection Set: 0.8ms
[23.290s][info][gc,phases    ] GC(491)   Post Evacuate Collection Set: 0.5ms
[23.290s][info][gc,phases    ] GC(491)   Other: 0.2ms
[23.290s][info][gc,heap      ] GC(491) Eden regions: 306->0(306)
[23.290s][info][gc,heap      ] GC(491) Survivor regions: 1->1(39)
[23.290s][info][gc,heap      ] GC(491) Old regions: 31->31
[23.290s][info][gc,heap      ] GC(491) Humongous regions: 0->0
[23.290s][info][gc,metaspace ] GC(491) Metaspace: 7413K->7413K(1056768K)
[23.290s][info][gc           ] GC(491) Pause Young (Normal) (G1 Evacuation Pause) 337M->31M(512M) 1.702ms
[23.290s][info][gc,cpu       ] GC(491) User=0.00s Sys=0.00s Real=0.00s
[23.335s][info][gc,start     ] GC(492) Pause Young (Normal) (G1 Evacuation Pause)
[23.335s][info][gc,task      ] GC(492) Using 8 workers of 8 for evacuation
[23.336s][info][gc,phases    ] GC(492)   Pre Evacuate Collection Set: 0.0ms
[23.336s][info][gc,phases    ] GC(492)   Evacuate Collection Set: 0.5ms
[23.336s][info][gc,phases    ] GC(492)   Post Evacuate Collection Set: 0.2ms
[23.336s][info][gc,phases    ] GC(492)   Other: 0.1ms
[23.336s][info][gc,heap      ] GC(492) Eden regions: 306->0(306)
[23.336s][info][gc,heap      ] GC(492) Survivor regions: 1->1(39)
[23.336s][info][gc,heap      ] GC(492) Old regions: 31->31
[23.336s][info][gc,heap      ] GC(492) Humongous regions: 0->0
[23.336s][info][gc,metaspace ] GC(492) Metaspace: 7413K->7413K(1056768K)
[23.336s][info][gc           ] GC(492) Pause Young (Normal) (G1 Evacuation Pause) 337M->31M(512M) 1.004ms
[23.336s][info][gc,cpu       ] GC(492) User=0.00s Sys=0.00s Real=0.00s
[23.377s][info][gc,start     ] GC(493) Pause Young (Normal) (G1 Evacuation Pause)
[23.377s][info][gc,task      ] GC(493) Using 8 workers of 8 for evacuation
[23.378s][info][gc,phases    ] GC(493)   Pre Evacuate Collection Set: 0.0ms
[23.378s][info][gc,phases    ] GC(493)   Evacuate Collection Set: 0.3ms
[23.378s][info][gc,phases    ] GC(493)   Post Evacuate Collection Set: 0.2ms
[23.378s][info][gc,phases    ] GC(493)   Other: 0.1ms
[23.378s][info][gc,heap      ] GC(493) Eden regions: 306->0(306)
[23.378s][info][gc,heap      ] GC(493) Survivor regions: 1->1(39)
[23.378s][info][gc,heap      ] GC(493) Old regions: 31->31
[23.378s][info][gc,heap      ] GC(493) Humongous regions: 0->0
[23.378s][info][gc,metaspace ] GC(493) Metaspace: 7413K->7413K(1056768K)
[23.378s][info][gc           ] GC(493) Pause Young (Normal) (G1 Evacuation Pause) 337M->31M(512M) 0.826ms
[23.378s][info][gc,cpu       ] GC(493) User=0.00s Sys=0.00s Real=0.00s
[23.419s][info][gc,start     ] GC(494) Pause Young (Normal) (G1 Evacuation Pause)
[23.419s][info][gc,task      ] GC(494) Using 8 workers of 8 for evacuation
[23.420s][info][gc,phases    ] GC(494)   Pre Evacuate Collection Set: 0.0ms
[23.420s][info][gc,phases    ] GC(494)   Evacuate Collection Set: 0.5ms
[23.420s][info][gc,phases    ] GC(494)   Post Evacuate Collection Set: 0.2ms
[23.420s][info][gc,phases    ] GC(494)   Other: 0.1ms
[23.420s][info][gc,heap      ] GC(494) Eden regions: 306->0(306)
[23.420s][info][gc,heap      ] GC(494) Survivor regions: 1->1(39)
[23.420s][info][gc,heap      ] GC(494) Old regions: 31->31
[23.420s][info][gc,heap      ] GC(494) Humongous regions: 0->0
[23.420s][info][gc,metaspace ] GC(494) Metaspace: 7413K->7413K(1056768K)
[23.420s][info][gc           ] GC(494) Pause Young (Normal) (G1 Evacuation Pause) 337M->31M(512M) 0.953ms
[23.420s][info][gc,cpu       ] GC(494) User=0.00s Sys=0.00s Real=0.00s
[23.470s][info][gc,start     ] GC(495) Pause Young (Normal) (G1 Evacuation Pause)
[23.470s][info][gc,task      ] GC(495) Using 8 workers of 8 for evacuation
[23.471s][info][gc,phases    ] GC(495)   Pre Evacuate Collection Set: 0.0ms
[23.471s][info][gc,phases    ] GC(495)   Evacuate Collection Set: 0.4ms
[23.471s][info][gc,phases    ] GC(495)   Post Evacuate Collection Set: 0.2ms
[23.471s][info][gc,phases    ] GC(495)   Other: 0.2ms
[23.471s][info][gc,heap      ] GC(495) Eden regions: 306->0(306)
[23.471s][info][gc,heap      ] GC(495) Survivor regions: 1->1(39)
[23.471s][info][gc,heap      ] GC(495) Old regions: 31->31
[23.471s][info][gc,heap      ] GC(495) Humongous regions: 0->0
[23.471s][info][gc,metaspace ] GC(495) Metaspace: 7413K->7413K(1056768K)
[23.471s][info][gc           ] GC(495) Pause Young (Normal) (G1 Evacuation Pause) 337M->31M(512M) 0.948ms
[23.471s][info][gc,cpu       ] GC(495) User=0.00s Sys=0.00s Real=0.00s
[23.521s][info][gc,start     ] GC(496) Pause Young (Normal) (G1 Evacuation Pause)
[23.521s][info][gc,task      ] GC(496) Using 8 workers of 8 for evacuation
[23.522s][info][gc,phases    ] GC(496)   Pre Evacuate Collection Set: 0.0ms
[23.522s][info][gc,phases    ] GC(496)   Evacuate Collection Set: 0.4ms
[23.522s][info][gc,phases    ] GC(496)   Post Evacuate Collection Set: 0.3ms
[23.522s][info][gc,phases    ] GC(496)   Other: 0.1ms
[23.522s][info][gc,heap      ] GC(496) Eden regions: 306->0(306)
[23.522s][info][gc,heap      ] GC(496) Survivor regions: 1->1(39)
[23.522s][info][gc,heap      ] GC(496) Old regions: 31->31
[23.522s][info][gc,heap      ] GC(496) Humongous regions: 0->0
[23.522s][info][gc,metaspace ] GC(496) Metaspace: 7413K->7413K(1056768K)
[23.522s][info][gc           ] GC(496) Pause Young (Normal) (G1 Evacuation Pause) 337M->31M(512M) 0.942ms
[23.522s][info][gc,cpu       ] GC(496) User=0.00s Sys=0.01s Real=0.00s
[23.568s][info][gc,start     ] GC(497) Pause Young (Normal) (G1 Evacuation Pause)
[23.568s][info][gc,task      ] GC(497) Using 8 workers of 8 for evacuation
[23.569s][info][gc,phases    ] GC(497)   Pre Evacuate Collection Set: 0.0ms
[23.569s][info][gc,phases    ] GC(497)   Evacuate Collection Set: 0.4ms
[23.569s][info][gc,phases    ] GC(497)   Post Evacuate Collection Set: 0.2ms
[23.569s][info][gc,phases    ] GC(497)   Other: 0.2ms
[23.569s][info][gc,heap      ] GC(497) Eden regions: 306->0(306)
[23.569s][info][gc,heap      ] GC(497) Survivor regions: 1->1(39)
[23.569s][info][gc,heap      ] GC(497) Old regions: 31->31
[23.569s][info][gc,heap      ] GC(497) Humongous regions: 0->0
[23.569s][info][gc,metaspace ] GC(497) Metaspace: 7413K->7413K(1056768K)
[23.569s][info][gc           ] GC(497) Pause Young (Normal) (G1 Evacuation Pause) 337M->31M(512M) 0.949ms
[23.569s][info][gc,cpu       ] GC(497) User=0.00s Sys=0.00s Real=0.01s
[23.610s][info][gc,start     ] GC(498) Pause Young (Normal) (G1 Evacuation Pause)
[23.610s][info][gc,task      ] GC(498) Using 8 workers of 8 for evacuation
[23.611s][info][gc,phases    ] GC(498)   Pre Evacuate Collection Set: 0.0ms
[23.611s][info][gc,phases    ] GC(498)   Evacuate Collection Set: 0.4ms
[23.611s][info][gc,phases    ] GC(498)   Post Evacuate Collection Set: 0.2ms
[23.611s][info][gc,phases    ] GC(498)   Other: 0.1ms
[23.611s][info][gc,heap      ] GC(498) Eden regions: 306->0(306)
[23.611s][info][gc,heap      ] GC(498) Survivor regions: 1->1(39)
[23.611s][info][gc,heap      ] GC(498) Old regions: 31->31
[23.611s][info][gc,heap      ] GC(498) Humongous regions: 0->0
[23.611s][info][gc,metaspace ] GC(498) Metaspace: 7413K->7413K(1056768K)
[23.611s][info][gc           ] GC(498) Pause Young (Normal) (G1 Evacuation Pause) 337M->31M(512M) 0.907ms
[23.611s][info][gc,cpu       ] GC(498) User=0.01s Sys=0.00s Real=0.00s
[23.650s][info][gc,start     ] GC(499) Pause Young (Normal) (G1 Evacuation Pause)
[23.650s][info][gc,task      ] GC(499) Using 8 workers of 8 for evacuation
[23.651s][info][gc,phases    ] GC(499)   Pre Evacuate Collection Set: 0.0ms
[23.651s][info][gc,phases    ] GC(499)   Evacuate Collection Set: 0.3ms
[23.651s][info][gc,phases    ] GC(499)   Post Evacuate Collection Set: 0.3ms
[23.651s][info][gc,phases    ] GC(499)   Other: 0.1ms
[23.651s][info][gc,heap      ] GC(499) Eden regions: 306->0(306)
[23.651s][info][gc,heap      ] GC(499) Survivor regions: 1->1(39)
[23.651s][info][gc,heap      ] GC(499) Old regions: 31->31
[23.651s][info][gc,heap      ] GC(499) Humongous regions: 0->0
[23.651s][info][gc,metaspace ] GC(499) Metaspace: 7413K->7413K(1056768K)
[23.651s][info][gc           ] GC(499) Pause Young (Normal) (G1 Evacuation Pause) 337M->31M(512M) 0.883ms
[23.651s][info][gc,cpu       ] GC(499) User=0.00s Sys=0.00s Real=0.00s
[23.696s][info][gc,start     ] GC(500) Pause Young (Normal) (G1 Evacuation Pause)
[23.696s][info][gc,task      ] GC(500) Using 8 workers of 8 for evacuation
[23.697s][info][gc,phases    ] GC(500)   Pre Evacuate Collection Set: 0.0ms
[23.697s][info][gc,phases    ] GC(500)   Evacuate Collection Set: 0.5ms
[23.697s][info][gc,phases    ] GC(500)   Post Evacuate Collection Set: 0.3ms
[23.697s][info][gc,phases    ] GC(500)   Other: 0.2ms
[23.697s][info][gc,heap      ] GC(500) Eden regions: 306->0(306)
[23.697s][info][gc,heap      ] GC(500) Survivor regions: 1->1(39)
[23.697s][info][gc,heap      ] GC(500) Old regions: 31->31
[23.697s][info][gc,heap      ] GC(500) Humongous regions: 0->0
[23.697s][info][gc,metaspace ] GC(500) Metaspace: 7413K->7413K(1056768K)
[23.697s][info][gc           ] GC(500) Pause Young (Normal) (G1 Evacuation Pause) 337M->31M(512M) 1.086ms
[23.697s][info][gc,cpu       ] GC(500) User=0.00s Sys=0.00s Real=0.00s
[23.743s][info][gc,start     ] GC(501) Pause Young (Normal) (G1 Evacuation Pause)
[23.743s][info][gc,task      ] GC(501) Using 8 workers of 8 for evacuation
[23.744s][info][gc,phases    ] GC(501)   Pre Evacuate Collection Set: 0.0ms
[23.744s][info][gc,phases    ] GC(501)   Evacuate Collection Set: 0.5ms
[23.744s][info][gc,phases    ] GC(501)   Post Evacuate Collection Set: 0.3ms
[23.744s][info][gc,phases    ] GC(501)   Other: 0.2ms
[23.744s][info][gc,heap      ] GC(501) Eden regions: 306->0(306)
[23.744s][info][gc,heap      ] GC(501) Survivor regions: 1->1(39)
[23.744s][info][gc,heap      ] GC(501) Old regions: 31->31
[23.744s][info][gc,heap      ] GC(501) Humongous regions: 0->0
[23.744s][info][gc,metaspace ] GC(501) Metaspace: 7413K->7413K(1056768K)
[23.744s][info][gc           ] GC(501) Pause Young (Normal) (G1 Evacuation Pause) 337M->31M(512M) 1.144ms
[23.744s][info][gc,cpu       ] GC(501) User=0.00s Sys=0.00s Real=0.00s
[23.791s][info][gc,start     ] GC(502) Pause Young (Normal) (G1 Evacuation Pause)
[23.791s][info][gc,task      ] GC(502) Using 8 workers of 8 for evacuation
[23.792s][info][gc,phases    ] GC(502)   Pre Evacuate Collection Set: 0.0ms
[23.792s][info][gc,phases    ] GC(502)   Evacuate Collection Set: 0.6ms
[23.792s][info][gc,phases    ] GC(502)   Post Evacuate Collection Set: 0.4ms
[23.792s][info][gc,phases    ] GC(502)   Other: 0.2ms
[23.792s][info][gc,heap      ] GC(502) Eden regions: 306->0(306)
[23.792s][info][gc,heap      ] GC(502) Survivor regions: 1->1(39)
[23.792s][info][gc,heap      ] GC(502) Old regions: 31->32
[23.792s][info][gc,heap      ] GC(502) Humongous regions: 0->0
[23.792s][info][gc,metaspace ] GC(502) Metaspace: 7413K->7413K(1056768K)
[23.792s][info][gc           ] GC(502) Pause Young (Normal) (G1 Evacuation Pause) 337M->31M(512M) 1.284ms
[23.792s][info][gc,cpu       ] GC(502) User=0.00s Sys=0.00s Real=0.00s
[23.839s][info][gc,start     ] GC(503) Pause Young (Normal) (G1 Evacuation Pause)
[23.839s][info][gc,task      ] GC(503) Using 8 workers of 8 for evacuation
[23.840s][info][gc,phases    ] GC(503)   Pre Evacuate Collection Set: 0.0ms
[23.840s][info][gc,phases    ] GC(503)   Evacuate Collection Set: 0.4ms
[23.840s][info][gc,phases    ] GC(503)   Post Evacuate Collection Set: 0.3ms
[23.840s][info][gc,phases    ] GC(503)   Other: 0.3ms
[23.840s][info][gc,heap      ] GC(503) Eden regions: 306->0(306)
[23.840s][info][gc,heap      ] GC(503) Survivor regions: 1->1(39)
[23.840s][info][gc,heap      ] GC(503) Old regions: 32->32
[23.840s][info][gc,heap      ] GC(503) Humongous regions: 0->0
[23.840s][info][gc,metaspace ] GC(503) Metaspace: 7413K->7413K(1056768K)
[23.840s][info][gc           ] GC(503) Pause Young (Normal) (G1 Evacuation Pause) 337M->31M(512M) 1.035ms
[23.840s][info][gc,cpu       ] GC(503) User=0.00s Sys=0.00s Real=0.00s
[23.882s][info][gc,start     ] GC(504) Pause Young (Normal) (G1 Evacuation Pause)
[23.882s][info][gc,task      ] GC(504) Using 8 workers of 8 for evacuation
[23.883s][info][gc,phases    ] GC(504)   Pre Evacuate Collection Set: 0.0ms
[23.883s][info][gc,phases    ] GC(504)   Evacuate Collection Set: 0.3ms
[23.883s][info][gc,phases    ] GC(504)   Post Evacuate Collection Set: 0.3ms
[23.883s][info][gc,phases    ] GC(504)   Other: 0.2ms
[23.883s][info][gc,heap      ] GC(504) Eden regions: 306->0(306)
[23.883s][info][gc,heap      ] GC(504) Survivor regions: 1->1(39)
[23.883s][info][gc,heap      ] GC(504) Old regions: 32->32
[23.883s][info][gc,heap      ] GC(504) Humongous regions: 0->0
[23.883s][info][gc,metaspace ] GC(504) Metaspace: 7413K->7413K(1056768K)
[23.883s][info][gc           ] GC(504) Pause Young (Normal) (G1 Evacuation Pause) 337M->32M(512M) 0.842ms
[23.883s][info][gc,cpu       ] GC(504) User=0.00s Sys=0.00s Real=0.00s
[23.926s][info][gc,start     ] GC(505) Pause Young (Normal) (G1 Evacuation Pause)
[23.926s][info][gc,task      ] GC(505) Using 8 workers of 8 for evacuation
[23.927s][info][gc,phases    ] GC(505)   Pre Evacuate Collection Set: 0.0ms
[23.927s][info][gc,phases    ] GC(505)   Evacuate Collection Set: 0.6ms
[23.927s][info][gc,phases    ] GC(505)   Post Evacuate Collection Set: 0.2ms
[23.927s][info][gc,phases    ] GC(505)   Other: 0.2ms
[23.927s][info][gc,heap      ] GC(505) Eden regions: 306->0(306)
[23.927s][info][gc,heap      ] GC(505) Survivor regions: 1->1(39)
[23.927s][info][gc,heap      ] GC(505) Old regions: 32->32
[23.927s][info][gc,heap      ] GC(505) Humongous regions: 0->0
[23.927s][info][gc,metaspace ] GC(505) Metaspace: 7413K->7413K(1056768K)
[23.927s][info][gc           ] GC(505) Pause Young (Normal) (G1 Evacuation Pause) 338M->32M(512M) 1.135ms
[23.927s][info][gc,cpu       ] GC(505) User=0.00s Sys=0.00s Real=0.00s
[23.977s][info][gc,start     ] GC(506) Pause Young (Normal) (G1 Evacuation Pause)
[23.978s][info][gc,task      ] GC(506) Using 8 workers of 8 for evacuation
[23.978s][info][gc,phases    ] GC(506)   Pre Evacuate Collection Set: 0.0ms
[23.978s][info][gc,phases    ] GC(506)   Evacuate Collection Set: 0.4ms
[23.978s][info][gc,phases    ] GC(506)   Post Evacuate Collection Set: 0.2ms
[23.978s][info][gc,phases    ] GC(506)   Other: 0.2ms
[23.978s][info][gc,heap      ] GC(506) Eden regions: 306->0(306)
[23.978s][info][gc,heap      ] GC(506) Survivor regions: 1->1(39)
[23.978s][info][gc,heap      ] GC(506) Old regions: 32->32
[23.978s][info][gc,heap      ] GC(506) Humongous regions: 0->0
[23.978s][info][gc,metaspace ] GC(506) Metaspace: 7413K->7413K(1056768K)
[23.978s][info][gc           ] GC(506) Pause Young (Normal) (G1 Evacuation Pause) 338M->32M(512M) 0.919ms
[23.978s][info][gc,cpu       ] GC(506) User=0.00s Sys=0.01s Real=0.00s
[24.021s][info][gc,start     ] GC(507) Pause Young (Normal) (G1 Evacuation Pause)
[24.021s][info][gc,task      ] GC(507) Using 8 workers of 8 for evacuation
[24.022s][info][gc,phases    ] GC(507)   Pre Evacuate Collection Set: 0.0ms
[24.022s][info][gc,phases    ] GC(507)   Evacuate Collection Set: 0.5ms
[24.022s][info][gc,phases    ] GC(507)   Post Evacuate Collection Set: 0.2ms
[24.022s][info][gc,phases    ] GC(507)   Other: 0.1ms
[24.022s][info][gc,heap      ] GC(507) Eden regions: 306->0(306)
[24.022s][info][gc,heap      ] GC(507) Survivor regions: 1->1(39)
[24.022s][info][gc,heap      ] GC(507) Old regions: 32->32
[24.022s][info][gc,heap      ] GC(507) Humongous regions: 0->0
[24.022s][info][gc,metaspace ] GC(507) Metaspace: 7413K->7413K(1056768K)
[24.022s][info][gc           ] GC(507) Pause Young (Normal) (G1 Evacuation Pause) 338M->32M(512M) 0.970ms
[24.022s][info][gc,cpu       ] GC(507) User=0.00s Sys=0.00s Real=0.00s
[24.062s][info][gc,start     ] GC(508) Pause Young (Normal) (G1 Evacuation Pause)
[24.062s][info][gc,task      ] GC(508) Using 8 workers of 8 for evacuation
[24.063s][info][gc,phases    ] GC(508)   Pre Evacuate Collection Set: 0.0ms
[24.063s][info][gc,phases    ] GC(508)   Evacuate Collection Set: 0.3ms
[24.063s][info][gc,phases    ] GC(508)   Post Evacuate Collection Set: 0.3ms
[24.063s][info][gc,phases    ] GC(508)   Other: 0.1ms
[24.063s][info][gc,heap      ] GC(508) Eden regions: 306->0(306)
[24.063s][info][gc,heap      ] GC(508) Survivor regions: 1->1(39)
[24.063s][info][gc,heap      ] GC(508) Old regions: 32->32
[24.063s][info][gc,heap      ] GC(508) Humongous regions: 0->0
[24.063s][info][gc,metaspace ] GC(508) Metaspace: 7413K->7413K(1056768K)
[24.063s][info][gc           ] GC(508) Pause Young (Normal) (G1 Evacuation Pause) 338M->32M(512M) 0.876ms
[24.063s][info][gc,cpu       ] GC(508) User=0.01s Sys=0.00s Real=0.00s
[24.105s][info][gc,start     ] GC(509) Pause Young (Normal) (G1 Evacuation Pause)
[24.105s][info][gc,task      ] GC(509) Using 8 workers of 8 for evacuation
[24.106s][info][gc,phases    ] GC(509)   Pre Evacuate Collection Set: 0.0ms
[24.106s][info][gc,phases    ] GC(509)   Evacuate Collection Set: 0.4ms
[24.106s][info][gc,phases    ] GC(509)   Post Evacuate Collection Set: 0.3ms
[24.106s][info][gc,phases    ] GC(509)   Other: 0.1ms
[24.106s][info][gc,heap      ] GC(509) Eden regions: 306->0(306)
[24.106s][info][gc,heap      ] GC(509) Survivor regions: 1->1(39)
[24.106s][info][gc,heap      ] GC(509) Old regions: 32->32
[24.106s][info][gc,heap      ] GC(509) Humongous regions: 0->0
[24.106s][info][gc,metaspace ] GC(509) Metaspace: 7413K->7413K(1056768K)
[24.106s][info][gc           ] GC(509) Pause Young (Normal) (G1 Evacuation Pause) 338M->32M(512M) 0.919ms
[24.106s][info][gc,cpu       ] GC(509) User=0.00s Sys=0.00s Real=0.00s
[24.153s][info][gc,start     ] GC(510) Pause Young (Normal) (G1 Evacuation Pause)
[24.153s][info][gc,task      ] GC(510) Using 8 workers of 8 for evacuation
[24.154s][info][gc,phases    ] GC(510)   Pre Evacuate Collection Set: 0.0ms
[24.154s][info][gc,phases    ] GC(510)   Evacuate Collection Set: 0.5ms
[24.154s][info][gc,phases    ] GC(510)   Post Evacuate Collection Set: 0.2ms
[24.154s][info][gc,phases    ] GC(510)   Other: 0.1ms
[24.154s][info][gc,heap      ] GC(510) Eden regions: 306->0(306)
[24.154s][info][gc,heap      ] GC(510) Survivor regions: 1->1(39)
[24.154s][info][gc,heap      ] GC(510) Old regions: 32->32
[24.154s][info][gc,heap      ] GC(510) Humongous regions: 0->0
[24.154s][info][gc,metaspace ] GC(510) Metaspace: 7413K->7413K(1056768K)
[24.154s][info][gc           ] GC(510) Pause Young (Normal) (G1 Evacuation Pause) 338M->32M(512M) 0.954ms
[24.154s][info][gc,cpu       ] GC(510) User=0.00s Sys=0.00s Real=0.00s
[24.201s][info][gc,start     ] GC(511) Pause Young (Normal) (G1 Evacuation Pause)
[24.201s][info][gc,task      ] GC(511) Using 8 workers of 8 for evacuation
[24.202s][info][gc,phases    ] GC(511)   Pre Evacuate Collection Set: 0.0ms
[24.202s][info][gc,phases    ] GC(511)   Evacuate Collection Set: 0.6ms
[24.202s][info][gc,phases    ] GC(511)   Post Evacuate Collection Set: 0.4ms
[24.202s][info][gc,phases    ] GC(511)   Other: 0.2ms
[24.202s][info][gc,heap      ] GC(511) Eden regions: 306->0(306)
[24.202s][info][gc,heap      ] GC(511) Survivor regions: 1->1(39)
[24.202s][info][gc,heap      ] GC(511) Old regions: 32->32
[24.202s][info][gc,heap      ] GC(511) Humongous regions: 0->0
[24.202s][info][gc,metaspace ] GC(511) Metaspace: 7413K->7413K(1056768K)
[24.202s][info][gc           ] GC(511) Pause Young (Normal) (G1 Evacuation Pause) 338M->32M(512M) 1.293ms
[24.202s][info][gc,cpu       ] GC(511) User=0.01s Sys=0.00s Real=0.00s
[24.254s][info][gc,start     ] GC(512) Pause Young (Normal) (G1 Evacuation Pause)
[24.254s][info][gc,task      ] GC(512) Using 8 workers of 8 for evacuation
[24.255s][info][gc,phases    ] GC(512)   Pre Evacuate Collection Set: 0.0ms
[24.255s][info][gc,phases    ] GC(512)   Evacuate Collection Set: 0.5ms
[24.255s][info][gc,phases    ] GC(512)   Post Evacuate Collection Set: 0.3ms
[24.255s][info][gc,phases    ] GC(512)   Other: 0.2ms
[24.255s][info][gc,heap      ] GC(512) Eden regions: 306->0(306)
[24.255s][info][gc,heap      ] GC(512) Survivor regions: 1->1(39)
[24.255s][info][gc,heap      ] GC(512) Old regions: 32->32
[24.255s][info][gc,heap      ] GC(512) Humongous regions: 0->0
[24.255s][info][gc,metaspace ] GC(512) Metaspace: 7413K->7413K(1056768K)
[24.255s][info][gc           ] GC(512) Pause Young (Normal) (G1 Evacuation Pause) 338M->32M(512M) 1.065ms
[24.255s][info][gc,cpu       ] GC(512) User=0.00s Sys=0.00s Real=0.00s
[24.301s][info][gc,start     ] GC(513) Pause Young (Normal) (G1 Evacuation Pause)
[24.301s][info][gc,task      ] GC(513) Using 8 workers of 8 for evacuation
[24.302s][info][gc,phases    ] GC(513)   Pre Evacuate Collection Set: 0.0ms
[24.302s][info][gc,phases    ] GC(513)   Evacuate Collection Set: 0.5ms
[24.302s][info][gc,phases    ] GC(513)   Post Evacuate Collection Set: 0.2ms
[24.302s][info][gc,phases    ] GC(513)   Other: 0.1ms
[24.302s][info][gc,heap      ] GC(513) Eden regions: 306->0(306)
[24.302s][info][gc,heap      ] GC(513) Survivor regions: 1->1(39)
[24.302s][info][gc,heap      ] GC(513) Old regions: 32->32
[24.302s][info][gc,heap      ] GC(513) Humongous regions: 0->0
[24.302s][info][gc,metaspace ] GC(513) Metaspace: 7413K->7413K(1056768K)
[24.302s][info][gc           ] GC(513) Pause Young (Normal) (G1 Evacuation Pause) 338M->32M(512M) 0.917ms
[24.302s][info][gc,cpu       ] GC(513) User=0.00s Sys=0.00s Real=0.00s
[24.342s][info][gc,start     ] GC(514) Pause Young (Normal) (G1 Evacuation Pause)
[24.342s][info][gc,task      ] GC(514) Using 8 workers of 8 for evacuation
[24.342s][info][gc,phases    ] GC(514)   Pre Evacuate Collection Set: 0.0ms
[24.342s][info][gc,phases    ] GC(514)   Evacuate Collection Set: 0.3ms
[24.342s][info][gc,phases    ] GC(514)   Post Evacuate Collection Set: 0.3ms
[24.342s][info][gc,phases    ] GC(514)   Other: 0.1ms
[24.343s][info][gc,heap      ] GC(514) Eden regions: 306->0(306)
[24.343s][info][gc,heap      ] GC(514) Survivor regions: 1->1(39)
[24.343s][info][gc,heap      ] GC(514) Old regions: 32->32
[24.343s][info][gc,heap      ] GC(514) Humongous regions: 0->0
[24.343s][info][gc,metaspace ] GC(514) Metaspace: 7413K->7413K(1056768K)
[24.343s][info][gc           ] GC(514) Pause Young (Normal) (G1 Evacuation Pause) 338M->32M(512M) 0.797ms
[24.343s][info][gc,cpu       ] GC(514) User=0.01s Sys=0.00s Real=0.00s
[24.389s][info][gc,start     ] GC(515) Pause Young (Normal) (G1 Evacuation Pause)
[24.389s][info][gc,task      ] GC(515) Using 8 workers of 8 for evacuation
[24.390s][info][gc,phases    ] GC(515)   Pre Evacuate Collection Set: 0.0ms
[24.390s][info][gc,phases    ] GC(515)   Evacuate Collection Set: 0.5ms
[24.390s][info][gc,phases    ] GC(515)   Post Evacuate Collection Set: 0.4ms
[24.390s][info][gc,phases    ] GC(515)   Other: 0.2ms
[24.390s][info][gc,heap      ] GC(515) Eden regions: 306->0(306)
[24.390s][info][gc,heap      ] GC(515) Survivor regions: 1->1(39)
[24.390s][info][gc,heap      ] GC(515) Old regions: 32->32
[24.390s][info][gc,heap      ] GC(515) Humongous regions: 0->0
[24.390s][info][gc,metaspace ] GC(515) Metaspace: 7413K->7413K(1056768K)
[24.390s][info][gc           ] GC(515) Pause Young (Normal) (G1 Evacuation Pause) 338M->32M(512M) 1.152ms
[24.390s][info][gc,cpu       ] GC(515) User=0.01s Sys=0.00s Real=0.00s
[24.439s][info][gc,start     ] GC(516) Pause Young (Normal) (G1 Evacuation Pause)
[24.439s][info][gc,task      ] GC(516) Using 8 workers of 8 for evacuation
[24.442s][info][gc,phases    ] GC(516)   Pre Evacuate Collection Set: 0.0ms
[24.442s][info][gc,phases    ] GC(516)   Evacuate Collection Set: 0.9ms
[24.442s][info][gc,phases    ] GC(516)   Post Evacuate Collection Set: 1.1ms
[24.442s][info][gc,phases    ] GC(516)   Other: 0.2ms
[24.442s][info][gc,heap      ] GC(516) Eden regions: 306->0(306)
[24.442s][info][gc,heap      ] GC(516) Survivor regions: 1->1(39)
[24.442s][info][gc,heap      ] GC(516) Old regions: 32->32
[24.442s][info][gc,heap      ] GC(516) Humongous regions: 0->0
[24.442s][info][gc,metaspace ] GC(516) Metaspace: 7413K->7413K(1056768K)
[24.442s][info][gc           ] GC(516) Pause Young (Normal) (G1 Evacuation Pause) 338M->32M(512M) 2.435ms
[24.442s][info][gc,cpu       ] GC(516) User=0.00s Sys=0.01s Real=0.00s
[24.484s][info][gc,start     ] GC(517) Pause Young (Normal) (G1 Evacuation Pause)
[24.484s][info][gc,task      ] GC(517) Using 8 workers of 8 for evacuation
[24.485s][info][gc,phases    ] GC(517)   Pre Evacuate Collection Set: 0.0ms
[24.485s][info][gc,phases    ] GC(517)   Evacuate Collection Set: 0.3ms
[24.485s][info][gc,phases    ] GC(517)   Post Evacuate Collection Set: 0.2ms
[24.485s][info][gc,phases    ] GC(517)   Other: 0.1ms
[24.485s][info][gc,heap      ] GC(517) Eden regions: 306->0(306)
[24.485s][info][gc,heap      ] GC(517) Survivor regions: 1->1(39)
[24.485s][info][gc,heap      ] GC(517) Old regions: 32->32
[24.485s][info][gc,heap      ] GC(517) Humongous regions: 0->0
[24.485s][info][gc,metaspace ] GC(517) Metaspace: 7413K->7413K(1056768K)
[24.485s][info][gc           ] GC(517) Pause Young (Normal) (G1 Evacuation Pause) 338M->32M(512M) 0.818ms
[24.485s][info][gc,cpu       ] GC(517) User=0.00s Sys=0.00s Real=0.00s
[24.526s][info][gc,start     ] GC(518) Pause Young (Normal) (G1 Evacuation Pause)
[24.526s][info][gc,task      ] GC(518) Using 8 workers of 8 for evacuation
[24.527s][info][gc,phases    ] GC(518)   Pre Evacuate Collection Set: 0.0ms
[24.527s][info][gc,phases    ] GC(518)   Evacuate Collection Set: 0.5ms
[24.527s][info][gc,phases    ] GC(518)   Post Evacuate Collection Set: 0.3ms
[24.527s][info][gc,phases    ] GC(518)   Other: 0.1ms
[24.527s][info][gc,heap      ] GC(518) Eden regions: 306->0(306)
[24.527s][info][gc,heap      ] GC(518) Survivor regions: 1->1(39)
[24.527s][info][gc,heap      ] GC(518) Old regions: 32->32
[24.527s][info][gc,heap      ] GC(518) Humongous regions: 0->0
[24.527s][info][gc,metaspace ] GC(518) Metaspace: 7413K->7413K(1056768K)
[24.527s][info][gc           ] GC(518) Pause Young (Normal) (G1 Evacuation Pause) 338M->32M(512M) 1.127ms
[24.527s][info][gc,cpu       ] GC(518) User=0.01s Sys=0.00s Real=0.00s
[24.567s][info][gc,start     ] GC(519) Pause Young (Normal) (G1 Evacuation Pause)
[24.567s][info][gc,task      ] GC(519) Using 8 workers of 8 for evacuation
[24.568s][info][gc,phases    ] GC(519)   Pre Evacuate Collection Set: 0.0ms
[24.568s][info][gc,phases    ] GC(519)   Evacuate Collection Set: 0.6ms
[24.568s][info][gc,phases    ] GC(519)   Post Evacuate Collection Set: 0.3ms
[24.568s][info][gc,phases    ] GC(519)   Other: 0.2ms
[24.568s][info][gc,heap      ] GC(519) Eden regions: 306->0(306)
[24.568s][info][gc,heap      ] GC(519) Survivor regions: 1->1(39)
[24.568s][info][gc,heap      ] GC(519) Old regions: 32->33
[24.568s][info][gc,heap      ] GC(519) Humongous regions: 0->0
[24.568s][info][gc,metaspace ] GC(519) Metaspace: 7413K->7413K(1056768K)
[24.568s][info][gc           ] GC(519) Pause Young (Normal) (G1 Evacuation Pause) 338M->32M(512M) 1.215ms
[24.568s][info][gc,cpu       ] GC(519) User=0.00s Sys=0.00s Real=0.00s
[24.622s][info][gc,start     ] GC(520) Pause Young (Normal) (G1 Evacuation Pause)
[24.622s][info][gc,task      ] GC(520) Using 8 workers of 8 for evacuation
[24.623s][info][gc,phases    ] GC(520)   Pre Evacuate Collection Set: 0.0ms
[24.623s][info][gc,phases    ] GC(520)   Evacuate Collection Set: 0.5ms
[24.623s][info][gc,phases    ] GC(520)   Post Evacuate Collection Set: 0.2ms
[24.623s][info][gc,phases    ] GC(520)   Other: 0.1ms
[24.623s][info][gc,heap      ] GC(520) Eden regions: 306->0(306)
[24.623s][info][gc,heap      ] GC(520) Survivor regions: 1->1(39)
[24.623s][info][gc,heap      ] GC(520) Old regions: 33->33
[24.623s][info][gc,heap      ] GC(520) Humongous regions: 0->0
[24.623s][info][gc,metaspace ] GC(520) Metaspace: 7413K->7413K(1056768K)
[24.623s][info][gc           ] GC(520) Pause Young (Normal) (G1 Evacuation Pause) 338M->33M(512M) 0.917ms
[24.623s][info][gc,cpu       ] GC(520) User=0.00s Sys=0.00s Real=0.00s
[24.683s][info][gc,start     ] GC(521) Pause Young (Normal) (G1 Evacuation Pause)
[24.683s][info][gc,task      ] GC(521) Using 8 workers of 8 for evacuation
[24.684s][info][gc,phases    ] GC(521)   Pre Evacuate Collection Set: 0.0ms
[24.684s][info][gc,phases    ] GC(521)   Evacuate Collection Set: 0.4ms
[24.684s][info][gc,phases    ] GC(521)   Post Evacuate Collection Set: 0.2ms
[24.684s][info][gc,phases    ] GC(521)   Other: 0.1ms
[24.684s][info][gc,heap      ] GC(521) Eden regions: 306->0(306)
[24.684s][info][gc,heap      ] GC(521) Survivor regions: 1->1(39)
[24.684s][info][gc,heap      ] GC(521) Old regions: 33->33
[24.684s][info][gc,heap      ] GC(521) Humongous regions: 0->0
[24.684s][info][gc,metaspace ] GC(521) Metaspace: 7413K->7413K(1056768K)
[24.684s][info][gc           ] GC(521) Pause Young (Normal) (G1 Evacuation Pause) 339M->33M(512M) 0.911ms
[24.684s][info][gc,cpu       ] GC(521) User=0.00s Sys=0.00s Real=0.00s
[24.725s][info][gc,start     ] GC(522) Pause Young (Normal) (G1 Evacuation Pause)
[24.725s][info][gc,task      ] GC(522) Using 8 workers of 8 for evacuation
[24.725s][info][gc,phases    ] GC(522)   Pre Evacuate Collection Set: 0.0ms
[24.725s][info][gc,phases    ] GC(522)   Evacuate Collection Set: 0.5ms
[24.726s][info][gc,phases    ] GC(522)   Post Evacuate Collection Set: 0.2ms
[24.726s][info][gc,phases    ] GC(522)   Other: 0.1ms
[24.726s][info][gc,heap      ] GC(522) Eden regions: 306->0(306)
[24.726s][info][gc,heap      ] GC(522) Survivor regions: 1->1(39)
[24.726s][info][gc,heap      ] GC(522) Old regions: 33->33
[24.726s][info][gc,heap      ] GC(522) Humongous regions: 0->0
[24.726s][info][gc,metaspace ] GC(522) Metaspace: 7413K->7413K(1056768K)
[24.726s][info][gc           ] GC(522) Pause Young (Normal) (G1 Evacuation Pause) 339M->33M(512M) 0.934ms
[24.726s][info][gc,cpu       ] GC(522) User=0.00s Sys=0.00s Real=0.00s
[24.765s][info][gc,start     ] GC(523) Pause Young (Normal) (G1 Evacuation Pause)
[24.765s][info][gc,task      ] GC(523) Using 8 workers of 8 for evacuation
[24.766s][info][gc,phases    ] GC(523)   Pre Evacuate Collection Set: 0.0ms
[24.766s][info][gc,phases    ] GC(523)   Evacuate Collection Set: 0.4ms
[24.766s][info][gc,phases    ] GC(523)   Post Evacuate Collection Set: 0.3ms
[24.766s][info][gc,phases    ] GC(523)   Other: 0.2ms
[24.766s][info][gc,heap      ] GC(523) Eden regions: 306->0(306)
[24.766s][info][gc,heap      ] GC(523) Survivor regions: 1->1(39)
[24.766s][info][gc,heap      ] GC(523) Old regions: 33->33
[24.766s][info][gc,heap      ] GC(523) Humongous regions: 0->0
[24.766s][info][gc,metaspace ] GC(523) Metaspace: 7413K->7413K(1056768K)
[24.766s][info][gc           ] GC(523) Pause Young (Normal) (G1 Evacuation Pause) 339M->33M(512M) 0.955ms
[24.766s][info][gc,cpu       ] GC(523) User=0.00s Sys=0.00s Real=0.00s
[24.808s][info][gc,start     ] GC(524) Pause Young (Normal) (G1 Evacuation Pause)
[24.808s][info][gc,task      ] GC(524) Using 8 workers of 8 for evacuation
[24.808s][info][gc,phases    ] GC(524)   Pre Evacuate Collection Set: 0.0ms
[24.808s][info][gc,phases    ] GC(524)   Evacuate Collection Set: 0.4ms
[24.808s][info][gc,phases    ] GC(524)   Post Evacuate Collection Set: 0.2ms
[24.808s][info][gc,phases    ] GC(524)   Other: 0.1ms
[24.808s][info][gc,heap      ] GC(524) Eden regions: 306->0(306)
[24.808s][info][gc,heap      ] GC(524) Survivor regions: 1->1(39)
[24.808s][info][gc,heap      ] GC(524) Old regions: 33->33
[24.808s][info][gc,heap      ] GC(524) Humongous regions: 0->0
[24.808s][info][gc,metaspace ] GC(524) Metaspace: 7413K->7413K(1056768K)
[24.808s][info][gc           ] GC(524) Pause Young (Normal) (G1 Evacuation Pause) 339M->33M(512M) 0.889ms
[24.808s][info][gc,cpu       ] GC(524) User=0.01s Sys=0.00s Real=0.00s
[24.853s][info][gc,start     ] GC(525) Pause Young (Normal) (G1 Evacuation Pause)
[24.853s][info][gc,task      ] GC(525) Using 8 workers of 8 for evacuation
[24.854s][info][gc,phases    ] GC(525)   Pre Evacuate Collection Set: 0.0ms
[24.854s][info][gc,phases    ] GC(525)   Evacuate Collection Set: 0.4ms
[24.854s][info][gc,phases    ] GC(525)   Post Evacuate Collection Set: 0.3ms
[24.854s][info][gc,phases    ] GC(525)   Other: 0.1ms
[24.854s][info][gc,heap      ] GC(525) Eden regions: 306->0(306)
[24.854s][info][gc,heap      ] GC(525) Survivor regions: 1->1(39)
[24.854s][info][gc,heap      ] GC(525) Old regions: 33->33
[24.854s][info][gc,heap      ] GC(525) Humongous regions: 0->0
[24.854s][info][gc,metaspace ] GC(525) Metaspace: 7413K->7413K(1056768K)
[24.854s][info][gc           ] GC(525) Pause Young (Normal) (G1 Evacuation Pause) 339M->33M(512M) 0.879ms
[24.854s][info][gc,cpu       ] GC(525) User=0.01s Sys=0.00s Real=0.00s
[24.904s][info][gc,start     ] GC(526) Pause Young (Normal) (G1 Evacuation Pause)
[24.904s][info][gc,task      ] GC(526) Using 8 workers of 8 for evacuation
[24.906s][info][gc,phases    ] GC(526)   Pre Evacuate Collection Set: 0.0ms
[24.906s][info][gc,phases    ] GC(526)   Evacuate Collection Set: 0.9ms
[24.906s][info][gc,phases    ] GC(526)   Post Evacuate Collection Set: 0.5ms
[24.906s][info][gc,phases    ] GC(526)   Other: 0.4ms
[24.906s][info][gc,heap      ] GC(526) Eden regions: 306->0(306)
[24.906s][info][gc,heap      ] GC(526) Survivor regions: 1->1(39)
[24.906s][info][gc,heap      ] GC(526) Old regions: 33->33
[24.906s][info][gc,heap      ] GC(526) Humongous regions: 0->0
[24.906s][info][gc,metaspace ] GC(526) Metaspace: 7413K->7413K(1056768K)
[24.906s][info][gc           ] GC(526) Pause Young (Normal) (G1 Evacuation Pause) 339M->33M(512M) 1.986ms
[24.906s][info][gc,cpu       ] GC(526) User=0.00s Sys=0.01s Real=0.00s
[24.950s][info][gc,start     ] GC(527) Pause Young (Normal) (G1 Evacuation Pause)
[24.950s][info][gc,task      ] GC(527) Using 8 workers of 8 for evacuation
[24.951s][info][gc,phases    ] GC(527)   Pre Evacuate Collection Set: 0.0ms
[24.951s][info][gc,phases    ] GC(527)   Evacuate Collection Set: 0.4ms
[24.951s][info][gc,phases    ] GC(527)   Post Evacuate Collection Set: 0.2ms
[24.951s][info][gc,phases    ] GC(527)   Other: 0.1ms
[24.951s][info][gc,heap      ] GC(527) Eden regions: 306->0(306)
[24.951s][info][gc,heap      ] GC(527) Survivor regions: 1->1(39)
[24.951s][info][gc,heap      ] GC(527) Old regions: 33->33
[24.951s][info][gc,heap      ] GC(527) Humongous regions: 0->0
[24.951s][info][gc,metaspace ] GC(527) Metaspace: 7413K->7413K(1056768K)
[24.951s][info][gc           ] GC(527) Pause Young (Normal) (G1 Evacuation Pause) 339M->33M(512M) 0.910ms
[24.951s][info][gc,cpu       ] GC(527) User=0.00s Sys=0.00s Real=0.00s
[24.991s][info][gc,start     ] GC(528) Pause Young (Normal) (G1 Evacuation Pause)
[24.991s][info][gc,task      ] GC(528) Using 8 workers of 8 for evacuation
[24.992s][info][gc,phases    ] GC(528)   Pre Evacuate Collection Set: 0.0ms
[24.992s][info][gc,phases    ] GC(528)   Evacuate Collection Set: 0.3ms
[24.992s][info][gc,phases    ] GC(528)   Post Evacuate Collection Set: 0.2ms
[24.992s][info][gc,phases    ] GC(528)   Other: 0.1ms
[24.992s][info][gc,heap      ] GC(528) Eden regions: 306->0(306)
[24.992s][info][gc,heap      ] GC(528) Survivor regions: 1->1(39)
[24.992s][info][gc,heap      ] GC(528) Old regions: 33->33
[24.992s][info][gc,heap      ] GC(528) Humongous regions: 0->0
[24.992s][info][gc,metaspace ] GC(528) Metaspace: 7413K->7413K(1056768K)
[24.992s][info][gc           ] GC(528) Pause Young (Normal) (G1 Evacuation Pause) 339M->33M(512M) 0.812ms
[24.992s][info][gc,cpu       ] GC(528) User=0.01s Sys=0.00s Real=0.00s
[25.034s][info][gc,start     ] GC(529) Pause Young (Normal) (G1 Evacuation Pause)
[25.034s][info][gc,task      ] GC(529) Using 8 workers of 8 for evacuation
[25.035s][info][gc,phases    ] GC(529)   Pre Evacuate Collection Set: 0.0ms
[25.035s][info][gc,phases    ] GC(529)   Evacuate Collection Set: 0.4ms
[25.035s][info][gc,phases    ] GC(529)   Post Evacuate Collection Set: 0.3ms
[25.035s][info][gc,phases    ] GC(529)   Other: 0.1ms
[25.035s][info][gc,heap      ] GC(529) Eden regions: 306->0(306)
[25.035s][info][gc,heap      ] GC(529) Survivor regions: 1->1(39)
[25.035s][info][gc,heap      ] GC(529) Old regions: 33->33
[25.035s][info][gc,heap      ] GC(529) Humongous regions: 0->0
[25.035s][info][gc,metaspace ] GC(529) Metaspace: 7413K->7413K(1056768K)
[25.035s][info][gc           ] GC(529) Pause Young (Normal) (G1 Evacuation Pause) 339M->33M(512M) 0.918ms
[25.035s][info][gc,cpu       ] GC(529) User=0.00s Sys=0.00s Real=0.00s
[25.076s][info][gc,start     ] GC(530) Pause Young (Normal) (G1 Evacuation Pause)
[25.076s][info][gc,task      ] GC(530) Using 8 workers of 8 for evacuation
[25.078s][info][gc,phases    ] GC(530)   Pre Evacuate Collection Set: 0.0ms
[25.078s][info][gc,phases    ] GC(530)   Evacuate Collection Set: 0.9ms
[25.078s][info][gc,phases    ] GC(530)   Post Evacuate Collection Set: 0.8ms
[25.078s][info][gc,phases    ] GC(530)   Other: 0.4ms
[25.078s][info][gc,heap      ] GC(530) Eden regions: 306->0(306)
[25.078s][info][gc,heap      ] GC(530) Survivor regions: 1->1(39)
[25.078s][info][gc,heap      ] GC(530) Old regions: 33->33
[25.078s][info][gc,heap      ] GC(530) Humongous regions: 0->0
[25.078s][info][gc,metaspace ] GC(530) Metaspace: 7413K->7413K(1056768K)
[25.078s][info][gc           ] GC(530) Pause Young (Normal) (G1 Evacuation Pause) 339M->33M(512M) 2.274ms
[25.079s][info][gc,cpu       ] GC(530) User=0.01s Sys=0.00s Real=0.00s
[25.126s][info][gc,start     ] GC(531) Pause Young (Normal) (G1 Evacuation Pause)
[25.126s][info][gc,task      ] GC(531) Using 8 workers of 8 for evacuation
[25.127s][info][gc,phases    ] GC(531)   Pre Evacuate Collection Set: 0.0ms
[25.127s][info][gc,phases    ] GC(531)   Evacuate Collection Set: 0.5ms
[25.127s][info][gc,phases    ] GC(531)   Post Evacuate Collection Set: 0.2ms
[25.127s][info][gc,phases    ] GC(531)   Other: 0.2ms
[25.127s][info][gc,heap      ] GC(531) Eden regions: 306->0(306)
[25.127s][info][gc,heap      ] GC(531) Survivor regions: 1->1(39)
[25.127s][info][gc,heap      ] GC(531) Old regions: 33->33
[25.127s][info][gc,heap      ] GC(531) Humongous regions: 0->0
[25.127s][info][gc,metaspace ] GC(531) Metaspace: 7413K->7413K(1056768K)
[25.127s][info][gc           ] GC(531) Pause Young (Normal) (G1 Evacuation Pause) 339M->33M(512M) 1.003ms
[25.127s][info][gc,cpu       ] GC(531) User=0.00s Sys=0.00s Real=0.00s
[25.175s][info][gc,start     ] GC(532) Pause Young (Normal) (G1 Evacuation Pause)
[25.175s][info][gc,task      ] GC(532) Using 8 workers of 8 for evacuation
[25.176s][info][gc,phases    ] GC(532)   Pre Evacuate Collection Set: 0.0ms
[25.176s][info][gc,phases    ] GC(532)   Evacuate Collection Set: 0.5ms
[25.176s][info][gc,phases    ] GC(532)   Post Evacuate Collection Set: 0.3ms
[25.176s][info][gc,phases    ] GC(532)   Other: 0.2ms
[25.176s][info][gc,heap      ] GC(532) Eden regions: 306->0(306)
[25.176s][info][gc,heap      ] GC(532) Survivor regions: 1->1(39)
[25.176s][info][gc,heap      ] GC(532) Old regions: 33->33
[25.176s][info][gc,heap      ] GC(532) Humongous regions: 0->0
[25.176s][info][gc,metaspace ] GC(532) Metaspace: 7413K->7413K(1056768K)
[25.176s][info][gc           ] GC(532) Pause Young (Normal) (G1 Evacuation Pause) 339M->33M(512M) 1.100ms
[25.176s][info][gc,cpu       ] GC(532) User=0.01s Sys=0.00s Real=0.00s
[25.220s][info][gc,start     ] GC(533) Pause Young (Normal) (G1 Evacuation Pause)
[25.220s][info][gc,task      ] GC(533) Using 8 workers of 8 for evacuation
[25.221s][info][gc,phases    ] GC(533)   Pre Evacuate Collection Set: 0.0ms
[25.222s][info][gc,phases    ] GC(533)   Evacuate Collection Set: 0.6ms
[25.222s][info][gc,phases    ] GC(533)   Post Evacuate Collection Set: 0.3ms
[25.222s][info][gc,phases    ] GC(533)   Other: 0.2ms
[25.222s][info][gc,heap      ] GC(533) Eden regions: 306->0(306)
[25.222s][info][gc,heap      ] GC(533) Survivor regions: 1->1(39)
[25.222s][info][gc,heap      ] GC(533) Old regions: 33->33
[25.222s][info][gc,heap      ] GC(533) Humongous regions: 0->0
[25.222s][info][gc,metaspace ] GC(533) Metaspace: 7413K->7413K(1056768K)
[25.222s][info][gc           ] GC(533) Pause Young (Normal) (G1 Evacuation Pause) 339M->33M(512M) 1.217ms
[25.222s][info][gc,cpu       ] GC(533) User=0.01s Sys=0.00s Real=0.00s
[25.260s][info][gc,start     ] GC(534) Pause Young (Normal) (G1 Evacuation Pause)
[25.260s][info][gc,task      ] GC(534) Using 8 workers of 8 for evacuation
[25.261s][info][gc,phases    ] GC(534)   Pre Evacuate Collection Set: 0.0ms
[25.261s][info][gc,phases    ] GC(534)   Evacuate Collection Set: 0.4ms
[25.261s][info][gc,phases    ] GC(534)   Post Evacuate Collection Set: 0.3ms
[25.261s][info][gc,phases    ] GC(534)   Other: 0.1ms
[25.261s][info][gc,heap      ] GC(534) Eden regions: 306->0(306)
[25.261s][info][gc,heap      ] GC(534) Survivor regions: 1->1(39)
[25.261s][info][gc,heap      ] GC(534) Old regions: 33->33
[25.261s][info][gc,heap      ] GC(534) Humongous regions: 0->0
[25.261s][info][gc,metaspace ] GC(534) Metaspace: 7413K->7413K(1056768K)
[25.261s][info][gc           ] GC(534) Pause Young (Normal) (G1 Evacuation Pause) 339M->33M(512M) 0.876ms
[25.261s][info][gc,cpu       ] GC(534) User=0.00s Sys=0.00s Real=0.00s
[25.321s][info][gc,start     ] GC(535) Pause Young (Normal) (G1 Evacuation Pause)
[25.321s][info][gc,task      ] GC(535) Using 8 workers of 8 for evacuation
[25.323s][info][gc,phases    ] GC(535)   Pre Evacuate Collection Set: 0.0ms
[25.323s][info][gc,phases    ] GC(535)   Evacuate Collection Set: 0.8ms
[25.323s][info][gc,phases    ] GC(535)   Post Evacuate Collection Set: 0.6ms
[25.323s][info][gc,phases    ] GC(535)   Other: 0.3ms
[25.323s][info][gc,heap      ] GC(535) Eden regions: 306->0(306)
[25.323s][info][gc,heap      ] GC(535) Survivor regions: 1->1(39)
[25.323s][info][gc,heap      ] GC(535) Old regions: 33->34
[25.323s][info][gc,heap      ] GC(535) Humongous regions: 0->0
[25.323s][info][gc,metaspace ] GC(535) Metaspace: 7413K->7413K(1056768K)
[25.323s][info][gc           ] GC(535) Pause Young (Normal) (G1 Evacuation Pause) 339M->33M(512M) 1.979ms
[25.323s][info][gc,cpu       ] GC(535) User=0.00s Sys=0.01s Real=0.00s
[25.376s][info][gc,start     ] GC(536) Pause Young (Normal) (G1 Evacuation Pause)
[25.376s][info][gc,task      ] GC(536) Using 8 workers of 8 for evacuation
[25.377s][info][gc,phases    ] GC(536)   Pre Evacuate Collection Set: 0.0ms
[25.377s][info][gc,phases    ] GC(536)   Evacuate Collection Set: 0.5ms
[25.377s][info][gc,phases    ] GC(536)   Post Evacuate Collection Set: 0.3ms
[25.377s][info][gc,phases    ] GC(536)   Other: 0.1ms
[25.377s][info][gc,heap      ] GC(536) Eden regions: 306->0(306)
[25.377s][info][gc,heap      ] GC(536) Survivor regions: 1->1(39)
[25.377s][info][gc,heap      ] GC(536) Old regions: 34->34
[25.377s][info][gc,heap      ] GC(536) Humongous regions: 0->0
[25.377s][info][gc,metaspace ] GC(536) Metaspace: 7413K->7413K(1056768K)
[25.377s][info][gc           ] GC(536) Pause Young (Normal) (G1 Evacuation Pause) 339M->34M(512M) 1.029ms
[25.377s][info][gc,cpu       ] GC(536) User=0.00s Sys=0.00s Real=0.00s
[25.415s][info][gc,start     ] GC(537) Pause Young (Normal) (G1 Evacuation Pause)
[25.415s][info][gc,task      ] GC(537) Using 8 workers of 8 for evacuation
[25.416s][info][gc,phases    ] GC(537)   Pre Evacuate Collection Set: 0.0ms
[25.416s][info][gc,phases    ] GC(537)   Evacuate Collection Set: 0.5ms
[25.416s][info][gc,phases    ] GC(537)   Post Evacuate Collection Set: 0.2ms
[25.416s][info][gc,phases    ] GC(537)   Other: 0.1ms
[25.416s][info][gc,heap      ] GC(537) Eden regions: 306->0(306)
[25.416s][info][gc,heap      ] GC(537) Survivor regions: 1->1(39)
[25.416s][info][gc,heap      ] GC(537) Old regions: 34->34
[25.416s][info][gc,heap      ] GC(537) Humongous regions: 0->0
[25.416s][info][gc,metaspace ] GC(537) Metaspace: 7413K->7413K(1056768K)
[25.416s][info][gc           ] GC(537) Pause Young (Normal) (G1 Evacuation Pause) 340M->34M(512M) 0.922ms
[25.416s][info][gc,cpu       ] GC(537) User=0.01s Sys=0.00s Real=0.00s
[25.457s][info][gc,start     ] GC(538) Pause Young (Normal) (G1 Evacuation Pause)
[25.457s][info][gc,task      ] GC(538) Using 8 workers of 8 for evacuation
[25.458s][info][gc,phases    ] GC(538)   Pre Evacuate Collection Set: 0.0ms
[25.458s][info][gc,phases    ] GC(538)   Evacuate Collection Set: 0.4ms
[25.458s][info][gc,phases    ] GC(538)   Post Evacuate Collection Set: 0.3ms
[25.458s][info][gc,phases    ] GC(538)   Other: 0.1ms
[25.458s][info][gc,heap      ] GC(538) Eden regions: 306->0(306)
[25.458s][info][gc,heap      ] GC(538) Survivor regions: 1->1(39)
[25.458s][info][gc,heap      ] GC(538) Old regions: 34->34
[25.458s][info][gc,heap      ] GC(538) Humongous regions: 0->0
[25.458s][info][gc,metaspace ] GC(538) Metaspace: 7413K->7413K(1056768K)
[25.458s][info][gc           ] GC(538) Pause Young (Normal) (G1 Evacuation Pause) 340M->34M(512M) 0.961ms
[25.458s][info][gc,cpu       ] GC(538) User=0.00s Sys=0.00s Real=0.00s
[25.500s][info][gc,start     ] GC(539) Pause Young (Normal) (G1 Evacuation Pause)
[25.501s][info][gc,task      ] GC(539) Using 8 workers of 8 for evacuation
[25.501s][info][gc,phases    ] GC(539)   Pre Evacuate Collection Set: 0.0ms
[25.501s][info][gc,phases    ] GC(539)   Evacuate Collection Set: 0.6ms
[25.501s][info][gc,phases    ] GC(539)   Post Evacuate Collection Set: 0.2ms
[25.501s][info][gc,phases    ] GC(539)   Other: 0.2ms
[25.502s][info][gc,heap      ] GC(539) Eden regions: 306->0(306)
[25.502s][info][gc,heap      ] GC(539) Survivor regions: 1->1(39)
[25.502s][info][gc,heap      ] GC(539) Old regions: 34->34
[25.502s][info][gc,heap      ] GC(539) Humongous regions: 0->0
[25.502s][info][gc,metaspace ] GC(539) Metaspace: 7413K->7413K(1056768K)
[25.502s][info][gc           ] GC(539) Pause Young (Normal) (G1 Evacuation Pause) 340M->34M(512M) 1.126ms
[25.502s][info][gc,cpu       ] GC(539) User=0.01s Sys=0.00s Real=0.00s
[25.548s][info][gc,start     ] GC(540) Pause Young (Normal) (G1 Evacuation Pause)
[25.548s][info][gc,task      ] GC(540) Using 8 workers of 8 for evacuation
[25.549s][info][gc,phases    ] GC(540)   Pre Evacuate Collection Set: 0.0ms
[25.549s][info][gc,phases    ] GC(540)   Evacuate Collection Set: 0.4ms
[25.549s][info][gc,phases    ] GC(540)   Post Evacuate Collection Set: 0.3ms
[25.549s][info][gc,phases    ] GC(540)   Other: 0.2ms
[25.549s][info][gc,heap      ] GC(540) Eden regions: 306->0(306)
[25.549s][info][gc,heap      ] GC(540) Survivor regions: 1->1(39)
[25.549s][info][gc,heap      ] GC(540) Old regions: 34->34
[25.549s][info][gc,heap      ] GC(540) Humongous regions: 0->0
[25.549s][info][gc,metaspace ] GC(540) Metaspace: 7413K->7413K(1056768K)
[25.549s][info][gc           ] GC(540) Pause Young (Normal) (G1 Evacuation Pause) 340M->34M(512M) 0.961ms
[25.549s][info][gc,cpu       ] GC(540) User=0.00s Sys=0.00s Real=0.01s
[25.598s][info][gc,start     ] GC(541) Pause Young (Normal) (G1 Evacuation Pause)
[25.598s][info][gc,task      ] GC(541) Using 8 workers of 8 for evacuation
[25.599s][info][gc,phases    ] GC(541)   Pre Evacuate Collection Set: 0.0ms
[25.599s][info][gc,phases    ] GC(541)   Evacuate Collection Set: 0.7ms
[25.599s][info][gc,phases    ] GC(541)   Post Evacuate Collection Set: 0.3ms
[25.599s][info][gc,phases    ] GC(541)   Other: 0.2ms
[25.599s][info][gc,heap      ] GC(541) Eden regions: 306->0(306)
[25.599s][info][gc,heap      ] GC(541) Survivor regions: 1->1(39)
[25.599s][info][gc,heap      ] GC(541) Old regions: 34->34
[25.599s][info][gc,heap      ] GC(541) Humongous regions: 0->0
[25.599s][info][gc,metaspace ] GC(541) Metaspace: 7413K->7413K(1056768K)
[25.599s][info][gc           ] GC(541) Pause Young (Normal) (G1 Evacuation Pause) 340M->34M(512M) 1.342ms
[25.599s][info][gc,cpu       ] GC(541) User=0.00s Sys=0.00s Real=0.01s
[25.656s][info][gc,start     ] GC(542) Pause Young (Normal) (G1 Evacuation Pause)
[25.656s][info][gc,task      ] GC(542) Using 8 workers of 8 for evacuation
[25.657s][info][gc,phases    ] GC(542)   Pre Evacuate Collection Set: 0.0ms
[25.657s][info][gc,phases    ] GC(542)   Evacuate Collection Set: 0.5ms
[25.657s][info][gc,phases    ] GC(542)   Post Evacuate Collection Set: 0.2ms
[25.657s][info][gc,phases    ] GC(542)   Other: 0.2ms
[25.657s][info][gc,heap      ] GC(542) Eden regions: 306->0(306)
[25.657s][info][gc,heap      ] GC(542) Survivor regions: 1->1(39)
[25.657s][info][gc,heap      ] GC(542) Old regions: 34->34
[25.657s][info][gc,heap      ] GC(542) Humongous regions: 0->0
[25.657s][info][gc,metaspace ] GC(542) Metaspace: 7413K->7413K(1056768K)
[25.657s][info][gc           ] GC(542) Pause Young (Normal) (G1 Evacuation Pause) 340M->34M(512M) 0.993ms
[25.657s][info][gc,cpu       ] GC(542) User=0.00s Sys=0.00s Real=0.00s
[25.700s][info][gc,start     ] GC(543) Pause Young (Normal) (G1 Evacuation Pause)
[25.700s][info][gc,task      ] GC(543) Using 8 workers of 8 for evacuation
[25.701s][info][gc,phases    ] GC(543)   Pre Evacuate Collection Set: 0.0ms
[25.701s][info][gc,phases    ] GC(543)   Evacuate Collection Set: 0.4ms
[25.701s][info][gc,phases    ] GC(543)   Post Evacuate Collection Set: 0.3ms
[25.701s][info][gc,phases    ] GC(543)   Other: 0.2ms
[25.701s][info][gc,heap      ] GC(543) Eden regions: 306->0(306)
[25.701s][info][gc,heap      ] GC(543) Survivor regions: 1->1(39)
[25.701s][info][gc,heap      ] GC(543) Old regions: 34->34
[25.701s][info][gc,heap      ] GC(543) Humongous regions: 0->0
[25.701s][info][gc,metaspace ] GC(543) Metaspace: 7413K->7413K(1056768K)
[25.701s][info][gc           ] GC(543) Pause Young (Normal) (G1 Evacuation Pause) 340M->34M(512M) 0.891ms
[25.701s][info][gc,cpu       ] GC(543) User=0.00s Sys=0.00s Real=0.00s
[25.745s][info][gc,start     ] GC(544) Pause Young (Normal) (G1 Evacuation Pause)
[25.745s][info][gc,task      ] GC(544) Using 8 workers of 8 for evacuation
[25.746s][info][gc,phases    ] GC(544)   Pre Evacuate Collection Set: 0.0ms
[25.746s][info][gc,phases    ] GC(544)   Evacuate Collection Set: 0.6ms
[25.746s][info][gc,phases    ] GC(544)   Post Evacuate Collection Set: 0.3ms
[25.746s][info][gc,phases    ] GC(544)   Other: 0.2ms
[25.746s][info][gc,heap      ] GC(544) Eden regions: 306->0(306)
[25.746s][info][gc,heap      ] GC(544) Survivor regions: 1->1(39)
[25.746s][info][gc,heap      ] GC(544) Old regions: 34->34
[25.746s][info][gc,heap      ] GC(544) Humongous regions: 0->0
[25.746s][info][gc,metaspace ] GC(544) Metaspace: 7413K->7413K(1056768K)
[25.746s][info][gc           ] GC(544) Pause Young (Normal) (G1 Evacuation Pause) 340M->34M(512M) 1.196ms
[25.746s][info][gc,cpu       ] GC(544) User=0.01s Sys=0.00s Real=0.00s
[25.795s][info][gc,start     ] GC(545) Pause Young (Normal) (G1 Evacuation Pause)
[25.796s][info][gc,task      ] GC(545) Using 8 workers of 8 for evacuation
[25.797s][info][gc,phases    ] GC(545)   Pre Evacuate Collection Set: 0.0ms
[25.797s][info][gc,phases    ] GC(545)   Evacuate Collection Set: 0.8ms
[25.797s][info][gc,phases    ] GC(545)   Post Evacuate Collection Set: 0.7ms
[25.797s][info][gc,phases    ] GC(545)   Other: 0.3ms
[25.797s][info][gc,heap      ] GC(545) Eden regions: 306->0(306)
[25.797s][info][gc,heap      ] GC(545) Survivor regions: 1->1(39)
[25.797s][info][gc,heap      ] GC(545) Old regions: 34->34
[25.797s][info][gc,heap      ] GC(545) Humongous regions: 0->0
[25.797s][info][gc,metaspace ] GC(545) Metaspace: 7413K->7413K(1056768K)
[25.797s][info][gc           ] GC(545) Pause Young (Normal) (G1 Evacuation Pause) 340M->34M(512M) 2.004ms
[25.797s][info][gc,cpu       ] GC(545) User=0.01s Sys=0.00s Real=0.00s
[25.840s][info][gc,start     ] GC(546) Pause Young (Normal) (G1 Evacuation Pause)
[25.840s][info][gc,task      ] GC(546) Using 8 workers of 8 for evacuation
[25.842s][info][gc,phases    ] GC(546)   Pre Evacuate Collection Set: 0.0ms
[25.842s][info][gc,phases    ] GC(546)   Evacuate Collection Set: 0.8ms
[25.842s][info][gc,phases    ] GC(546)   Post Evacuate Collection Set: 1.0ms
[25.842s][info][gc,phases    ] GC(546)   Other: 0.2ms
[25.842s][info][gc,heap      ] GC(546) Eden regions: 306->0(306)
[25.842s][info][gc,heap      ] GC(546) Survivor regions: 1->1(39)
[25.842s][info][gc,heap      ] GC(546) Old regions: 34->34
[25.842s][info][gc,heap      ] GC(546) Humongous regions: 0->0
[25.842s][info][gc,metaspace ] GC(546) Metaspace: 7413K->7413K(1056768K)
[25.842s][info][gc           ] GC(546) Pause Young (Normal) (G1 Evacuation Pause) 340M->34M(512M) 2.170ms
[25.842s][info][gc,cpu       ] GC(546) User=0.01s Sys=0.00s Real=0.00s
[25.884s][info][gc,start     ] GC(547) Pause Young (Normal) (G1 Evacuation Pause)
[25.884s][info][gc,task      ] GC(547) Using 8 workers of 8 for evacuation
[25.885s][info][gc,phases    ] GC(547)   Pre Evacuate Collection Set: 0.0ms
[25.885s][info][gc,phases    ] GC(547)   Evacuate Collection Set: 0.5ms
[25.885s][info][gc,phases    ] GC(547)   Post Evacuate Collection Set: 0.3ms
[25.885s][info][gc,phases    ] GC(547)   Other: 0.1ms
[25.885s][info][gc,heap      ] GC(547) Eden regions: 306->0(306)
[25.885s][info][gc,heap      ] GC(547) Survivor regions: 1->1(39)
[25.885s][info][gc,heap      ] GC(547) Old regions: 34->34
[25.885s][info][gc,heap      ] GC(547) Humongous regions: 0->0
[25.885s][info][gc,metaspace ] GC(547) Metaspace: 7413K->7413K(1056768K)
[25.885s][info][gc           ] GC(547) Pause Young (Normal) (G1 Evacuation Pause) 340M->34M(512M) 1.054ms
[25.885s][info][gc,cpu       ] GC(547) User=0.00s Sys=0.00s Real=0.00s
[25.928s][info][gc,start     ] GC(548) Pause Young (Normal) (G1 Evacuation Pause)
[25.928s][info][gc,task      ] GC(548) Using 8 workers of 8 for evacuation
[25.928s][info][gc,phases    ] GC(548)   Pre Evacuate Collection Set: 0.0ms
[25.928s][info][gc,phases    ] GC(548)   Evacuate Collection Set: 0.4ms
[25.928s][info][gc,phases    ] GC(548)   Post Evacuate Collection Set: 0.2ms
[25.928s][info][gc,phases    ] GC(548)   Other: 0.1ms
[25.928s][info][gc,heap      ] GC(548) Eden regions: 306->0(306)
[25.928s][info][gc,heap      ] GC(548) Survivor regions: 1->1(39)
[25.928s][info][gc,heap      ] GC(548) Old regions: 34->34
[25.928s][info][gc,heap      ] GC(548) Humongous regions: 0->0
[25.928s][info][gc,metaspace ] GC(548) Metaspace: 7413K->7413K(1056768K)
[25.928s][info][gc           ] GC(548) Pause Young (Normal) (G1 Evacuation Pause) 340M->34M(512M) 0.839ms
[25.928s][info][gc,cpu       ] GC(548) User=0.00s Sys=0.00s Real=0.00s
[25.972s][info][gc,start     ] GC(549) Pause Young (Normal) (G1 Evacuation Pause)
[25.972s][info][gc,task      ] GC(549) Using 8 workers of 8 for evacuation
[25.973s][info][gc,phases    ] GC(549)   Pre Evacuate Collection Set: 0.0ms
[25.973s][info][gc,phases    ] GC(549)   Evacuate Collection Set: 0.4ms
[25.973s][info][gc,phases    ] GC(549)   Post Evacuate Collection Set: 0.2ms
[25.973s][info][gc,phases    ] GC(549)   Other: 0.1ms
[25.973s][info][gc,heap      ] GC(549) Eden regions: 306->0(306)
[25.973s][info][gc,heap      ] GC(549) Survivor regions: 1->1(39)
[25.973s][info][gc,heap      ] GC(549) Old regions: 34->34
[25.973s][info][gc,heap      ] GC(549) Humongous regions: 0->0
[25.973s][info][gc,metaspace ] GC(549) Metaspace: 7413K->7413K(1056768K)
[25.973s][info][gc           ] GC(549) Pause Young (Normal) (G1 Evacuation Pause) 340M->34M(512M) 0.881ms
[25.973s][info][gc,cpu       ] GC(549) User=0.01s Sys=0.00s Real=0.00s
[26.021s][info][gc,start     ] GC(550) Pause Young (Normal) (G1 Evacuation Pause)
[26.021s][info][gc,task      ] GC(550) Using 8 workers of 8 for evacuation
[26.021s][info][gc,phases    ] GC(550)   Pre Evacuate Collection Set: 0.0ms
[26.021s][info][gc,phases    ] GC(550)   Evacuate Collection Set: 0.3ms
[26.022s][info][gc,phases    ] GC(550)   Post Evacuate Collection Set: 0.3ms
[26.022s][info][gc,phases    ] GC(550)   Other: 0.1ms
[26.022s][info][gc,heap      ] GC(550) Eden regions: 306->0(306)
[26.022s][info][gc,heap      ] GC(550) Survivor regions: 1->1(39)
[26.022s][info][gc,heap      ] GC(550) Old regions: 34->34
[26.022s][info][gc,heap      ] GC(550) Humongous regions: 0->0
[26.022s][info][gc,metaspace ] GC(550) Metaspace: 7413K->7413K(1056768K)
[26.022s][info][gc           ] GC(550) Pause Young (Normal) (G1 Evacuation Pause) 340M->34M(512M) 0.857ms
[26.022s][info][gc,cpu       ] GC(550) User=0.01s Sys=0.00s Real=0.00s
[26.068s][info][gc,start     ] GC(551) Pause Young (Normal) (G1 Evacuation Pause)
[26.068s][info][gc,task      ] GC(551) Using 8 workers of 8 for evacuation
[26.069s][info][gc,phases    ] GC(551)   Pre Evacuate Collection Set: 0.0ms
[26.069s][info][gc,phases    ] GC(551)   Evacuate Collection Set: 0.5ms
[26.069s][info][gc,phases    ] GC(551)   Post Evacuate Collection Set: 0.3ms
[26.069s][info][gc,phases    ] GC(551)   Other: 0.2ms
[26.069s][info][gc,heap      ] GC(551) Eden regions: 306->0(306)
[26.069s][info][gc,heap      ] GC(551) Survivor regions: 1->1(39)
[26.069s][info][gc,heap      ] GC(551) Old regions: 34->34
[26.069s][info][gc,heap      ] GC(551) Humongous regions: 0->0
[26.069s][info][gc,metaspace ] GC(551) Metaspace: 7413K->7413K(1056768K)
[26.070s][info][gc           ] GC(551) Pause Young (Normal) (G1 Evacuation Pause) 340M->34M(512M) 1.145ms
[26.070s][info][gc,cpu       ] GC(551) User=0.00s Sys=0.00s Real=0.01s
[26.117s][info][gc,start     ] GC(552) Pause Young (Normal) (G1 Evacuation Pause)
[26.117s][info][gc,task      ] GC(552) Using 8 workers of 8 for evacuation
[26.117s][info][gc,phases    ] GC(552)   Pre Evacuate Collection Set: 0.0ms
[26.117s][info][gc,phases    ] GC(552)   Evacuate Collection Set: 0.4ms
[26.117s][info][gc,phases    ] GC(552)   Post Evacuate Collection Set: 0.2ms
[26.117s][info][gc,phases    ] GC(552)   Other: 0.1ms
[26.117s][info][gc,heap      ] GC(552) Eden regions: 306->0(306)
[26.117s][info][gc,heap      ] GC(552) Survivor regions: 1->1(39)
[26.117s][info][gc,heap      ] GC(552) Old regions: 34->35
[26.118s][info][gc,heap      ] GC(552) Humongous regions: 0->0
[26.118s][info][gc,metaspace ] GC(552) Metaspace: 7413K->7413K(1056768K)
[26.118s][info][gc           ] GC(552) Pause Young (Normal) (G1 Evacuation Pause) 340M->34M(512M) 0.862ms
[26.118s][info][gc,cpu       ] GC(552) User=0.00s Sys=0.00s Real=0.00s
[26.161s][info][gc,start     ] GC(553) Pause Young (Normal) (G1 Evacuation Pause)
[26.161s][info][gc,task      ] GC(553) Using 8 workers of 8 for evacuation
[26.162s][info][gc,phases    ] GC(553)   Pre Evacuate Collection Set: 0.0ms
[26.162s][info][gc,phases    ] GC(553)   Evacuate Collection Set: 0.4ms
[26.162s][info][gc,phases    ] GC(553)   Post Evacuate Collection Set: 0.2ms
[26.162s][info][gc,phases    ] GC(553)   Other: 0.1ms
[26.162s][info][gc,heap      ] GC(553) Eden regions: 306->0(306)
[26.162s][info][gc,heap      ] GC(553) Survivor regions: 1->1(39)
[26.162s][info][gc,heap      ] GC(553) Old regions: 35->35
[26.162s][info][gc,heap      ] GC(553) Humongous regions: 0->0
[26.162s][info][gc,metaspace ] GC(553) Metaspace: 7413K->7413K(1056768K)
[26.162s][info][gc           ] GC(553) Pause Young (Normal) (G1 Evacuation Pause) 340M->35M(512M) 0.870ms
[26.162s][info][gc,cpu       ] GC(553) User=0.00s Sys=0.00s Real=0.00s
[26.201s][info][gc,start     ] GC(554) Pause Young (Normal) (G1 Evacuation Pause)
[26.201s][info][gc,task      ] GC(554) Using 8 workers of 8 for evacuation
[26.202s][info][gc,phases    ] GC(554)   Pre Evacuate Collection Set: 0.0ms
[26.202s][info][gc,phases    ] GC(554)   Evacuate Collection Set: 0.6ms
[26.202s][info][gc,phases    ] GC(554)   Post Evacuate Collection Set: 0.4ms
[26.202s][info][gc,phases    ] GC(554)   Other: 0.2ms
[26.202s][info][gc,heap      ] GC(554) Eden regions: 306->0(306)
[26.202s][info][gc,heap      ] GC(554) Survivor regions: 1->1(39)
[26.202s][info][gc,heap      ] GC(554) Old regions: 35->35
[26.202s][info][gc,heap      ] GC(554) Humongous regions: 0->0
[26.202s][info][gc,metaspace ] GC(554) Metaspace: 7413K->7413K(1056768K)
[26.202s][info][gc           ] GC(554) Pause Young (Normal) (G1 Evacuation Pause) 341M->35M(512M) 1.250ms
[26.202s][info][gc,cpu       ] GC(554) User=0.00s Sys=0.00s Real=0.00s
[26.242s][info][gc,start     ] GC(555) Pause Young (Normal) (G1 Evacuation Pause)
[26.242s][info][gc,task      ] GC(555) Using 8 workers of 8 for evacuation
[26.244s][info][gc,phases    ] GC(555)   Pre Evacuate Collection Set: 0.1ms
[26.245s][info][gc,phases    ] GC(555)   Evacuate Collection Set: 1.1ms
[26.245s][info][gc,phases    ] GC(555)   Post Evacuate Collection Set: 0.9ms
[26.245s][info][gc,phases    ] GC(555)   Other: 0.5ms
[26.245s][info][gc,heap      ] GC(555) Eden regions: 306->0(306)
[26.245s][info][gc,heap      ] GC(555) Survivor regions: 1->1(39)
[26.245s][info][gc,heap      ] GC(555) Old regions: 35->35
[26.245s][info][gc,heap      ] GC(555) Humongous regions: 0->0
[26.245s][info][gc,metaspace ] GC(555) Metaspace: 7413K->7413K(1056768K)
[26.245s][info][gc           ] GC(555) Pause Young (Normal) (G1 Evacuation Pause) 341M->35M(512M) 2.781ms
[26.245s][info][gc,cpu       ] GC(555) User=0.01s Sys=0.01s Real=0.00s
[26.309s][info][gc,start     ] GC(556) Pause Young (Normal) (G1 Evacuation Pause)
[26.309s][info][gc,task      ] GC(556) Using 8 workers of 8 for evacuation
[26.311s][info][gc,phases    ] GC(556)   Pre Evacuate Collection Set: 0.0ms
[26.311s][info][gc,phases    ] GC(556)   Evacuate Collection Set: 0.9ms
[26.311s][info][gc,phases    ] GC(556)   Post Evacuate Collection Set: 0.8ms
[26.311s][info][gc,phases    ] GC(556)   Other: 0.4ms
[26.311s][info][gc,heap      ] GC(556) Eden regions: 306->0(306)
[26.311s][info][gc,heap      ] GC(556) Survivor regions: 1->1(39)
[26.311s][info][gc,heap      ] GC(556) Old regions: 35->35
[26.311s][info][gc,heap      ] GC(556) Humongous regions: 0->0
[26.312s][info][gc,metaspace ] GC(556) Metaspace: 7413K->7413K(1056768K)
[26.312s][info][gc           ] GC(556) Pause Young (Normal) (G1 Evacuation Pause) 341M->35M(512M) 2.278ms
[26.312s][info][gc,cpu       ] GC(556) User=0.00s Sys=0.00s Real=0.00s
[26.352s][info][gc,start     ] GC(557) Pause Young (Normal) (G1 Evacuation Pause)
[26.352s][info][gc,task      ] GC(557) Using 8 workers of 8 for evacuation
[26.353s][info][gc,phases    ] GC(557)   Pre Evacuate Collection Set: 0.0ms
[26.353s][info][gc,phases    ] GC(557)   Evacuate Collection Set: 0.4ms
[26.353s][info][gc,phases    ] GC(557)   Post Evacuate Collection Set: 0.2ms
[26.353s][info][gc,phases    ] GC(557)   Other: 0.1ms
[26.353s][info][gc,heap      ] GC(557) Eden regions: 306->0(306)
[26.353s][info][gc,heap      ] GC(557) Survivor regions: 1->1(39)
[26.353s][info][gc,heap      ] GC(557) Old regions: 35->35
[26.353s][info][gc,heap      ] GC(557) Humongous regions: 0->0
[26.353s][info][gc,metaspace ] GC(557) Metaspace: 7413K->7413K(1056768K)
[26.353s][info][gc           ] GC(557) Pause Young (Normal) (G1 Evacuation Pause) 341M->35M(512M) 0.832ms
[26.353s][info][gc,cpu       ] GC(557) User=0.00s Sys=0.00s Real=0.00s
[26.395s][info][gc,start     ] GC(558) Pause Young (Normal) (G1 Evacuation Pause)
[26.395s][info][gc,task      ] GC(558) Using 8 workers of 8 for evacuation
[26.396s][info][gc,phases    ] GC(558)   Pre Evacuate Collection Set: 0.0ms
[26.396s][info][gc,phases    ] GC(558)   Evacuate Collection Set: 0.4ms
[26.396s][info][gc,phases    ] GC(558)   Post Evacuate Collection Set: 0.2ms
[26.396s][info][gc,phases    ] GC(558)   Other: 0.1ms
[26.396s][info][gc,heap      ] GC(558) Eden regions: 306->0(306)
[26.396s][info][gc,heap      ] GC(558) Survivor regions: 1->1(39)
[26.396s][info][gc,heap      ] GC(558) Old regions: 35->35
[26.396s][info][gc,heap      ] GC(558) Humongous regions: 0->0
[26.396s][info][gc,metaspace ] GC(558) Metaspace: 7413K->7413K(1056768K)
[26.396s][info][gc           ] GC(558) Pause Young (Normal) (G1 Evacuation Pause) 341M->35M(512M) 0.862ms
[26.396s][info][gc,cpu       ] GC(558) User=0.00s Sys=0.00s Real=0.00s
[26.436s][info][gc,start     ] GC(559) Pause Young (Normal) (G1 Evacuation Pause)
[26.436s][info][gc,task      ] GC(559) Using 8 workers of 8 for evacuation
[26.437s][info][gc,phases    ] GC(559)   Pre Evacuate Collection Set: 0.0ms
[26.437s][info][gc,phases    ] GC(559)   Evacuate Collection Set: 0.4ms
[26.437s][info][gc,phases    ] GC(559)   Post Evacuate Collection Set: 0.3ms
[26.437s][info][gc,phases    ] GC(559)   Other: 0.1ms
[26.437s][info][gc,heap      ] GC(559) Eden regions: 306->0(306)
[26.437s][info][gc,heap      ] GC(559) Survivor regions: 1->1(39)
[26.437s][info][gc,heap      ] GC(559) Old regions: 35->35
[26.437s][info][gc,heap      ] GC(559) Humongous regions: 0->0
[26.437s][info][gc,metaspace ] GC(559) Metaspace: 7413K->7413K(1056768K)
[26.437s][info][gc           ] GC(559) Pause Young (Normal) (G1 Evacuation Pause) 341M->35M(512M) 0.894ms
[26.437s][info][gc,cpu       ] GC(559) User=0.00s Sys=0.00s Real=0.00s
[26.482s][info][gc,start     ] GC(560) Pause Young (Normal) (G1 Evacuation Pause)
[26.482s][info][gc,task      ] GC(560) Using 8 workers of 8 for evacuation
[26.482s][info][gc,phases    ] GC(560)   Pre Evacuate Collection Set: 0.0ms
[26.482s][info][gc,phases    ] GC(560)   Evacuate Collection Set: 0.5ms
[26.482s][info][gc,phases    ] GC(560)   Post Evacuate Collection Set: 0.2ms
[26.483s][info][gc,phases    ] GC(560)   Other: 0.1ms
[26.483s][info][gc,heap      ] GC(560) Eden regions: 306->0(306)
[26.483s][info][gc,heap      ] GC(560) Survivor regions: 1->1(39)
[26.483s][info][gc,heap      ] GC(560) Old regions: 35->35
[26.483s][info][gc,heap      ] GC(560) Humongous regions: 0->0
[26.483s][info][gc,metaspace ] GC(560) Metaspace: 7413K->7413K(1056768K)
[26.483s][info][gc           ] GC(560) Pause Young (Normal) (G1 Evacuation Pause) 341M->35M(512M) 0.939ms
[26.483s][info][gc,cpu       ] GC(560) User=0.01s Sys=0.00s Real=0.00s
[26.529s][info][gc,start     ] GC(561) Pause Young (Normal) (G1 Evacuation Pause)
[26.529s][info][gc,task      ] GC(561) Using 8 workers of 8 for evacuation
[26.529s][info][gc,phases    ] GC(561)   Pre Evacuate Collection Set: 0.0ms
[26.529s][info][gc,phases    ] GC(561)   Evacuate Collection Set: 0.5ms
[26.529s][info][gc,phases    ] GC(561)   Post Evacuate Collection Set: 0.2ms
[26.529s][info][gc,phases    ] GC(561)   Other: 0.1ms
[26.529s][info][gc,heap      ] GC(561) Eden regions: 306->0(306)
[26.529s][info][gc,heap      ] GC(561) Survivor regions: 1->1(39)
[26.529s][info][gc,heap      ] GC(561) Old regions: 35->35
[26.530s][info][gc,heap      ] GC(561) Humongous regions: 0->0
[26.530s][info][gc,metaspace ] GC(561) Metaspace: 7413K->7413K(1056768K)
[26.530s][info][gc           ] GC(561) Pause Young (Normal) (G1 Evacuation Pause) 341M->35M(512M) 0.997ms
[26.530s][info][gc,cpu       ] GC(561) User=0.01s Sys=0.00s Real=0.01s
[26.568s][info][gc,start     ] GC(562) Pause Young (Normal) (G1 Evacuation Pause)
[26.568s][info][gc,task      ] GC(562) Using 8 workers of 8 for evacuation
[26.569s][info][gc,phases    ] GC(562)   Pre Evacuate Collection Set: 0.0ms
[26.569s][info][gc,phases    ] GC(562)   Evacuate Collection Set: 0.5ms
[26.569s][info][gc,phases    ] GC(562)   Post Evacuate Collection Set: 0.2ms
[26.569s][info][gc,phases    ] GC(562)   Other: 0.1ms
[26.569s][info][gc,heap      ] GC(562) Eden regions: 306->0(306)
[26.569s][info][gc,heap      ] GC(562) Survivor regions: 1->1(39)
[26.569s][info][gc,heap      ] GC(562) Old regions: 35->35
[26.569s][info][gc,heap      ] GC(562) Humongous regions: 0->0
[26.569s][info][gc,metaspace ] GC(562) Metaspace: 7413K->7413K(1056768K)
[26.569s][info][gc           ] GC(562) Pause Young (Normal) (G1 Evacuation Pause) 341M->35M(512M) 0.928ms
[26.569s][info][gc,cpu       ] GC(562) User=0.00s Sys=0.00s Real=0.01s
[26.607s][info][gc,start     ] GC(563) Pause Young (Normal) (G1 Evacuation Pause)
[26.607s][info][gc,task      ] GC(563) Using 8 workers of 8 for evacuation
[26.608s][info][gc,phases    ] GC(563)   Pre Evacuate Collection Set: 0.0ms
[26.608s][info][gc,phases    ] GC(563)   Evacuate Collection Set: 0.5ms
[26.608s][info][gc,phases    ] GC(563)   Post Evacuate Collection Set: 0.3ms
[26.608s][info][gc,phases    ] GC(563)   Other: 0.1ms
[26.608s][info][gc,heap      ] GC(563) Eden regions: 306->0(306)
[26.608s][info][gc,heap      ] GC(563) Survivor regions: 1->1(39)
[26.608s][info][gc,heap      ] GC(563) Old regions: 35->35
[26.608s][info][gc,heap      ] GC(563) Humongous regions: 0->0
[26.608s][info][gc,metaspace ] GC(563) Metaspace: 7413K->7413K(1056768K)
[26.608s][info][gc           ] GC(563) Pause Young (Normal) (G1 Evacuation Pause) 341M->35M(512M) 1.110ms
[26.608s][info][gc,cpu       ] GC(563) User=0.00s Sys=0.00s Real=0.00s
[26.657s][info][gc,start     ] GC(564) Pause Young (Normal) (G1 Evacuation Pause)
[26.657s][info][gc,task      ] GC(564) Using 8 workers of 8 for evacuation
[26.658s][info][gc,phases    ] GC(564)   Pre Evacuate Collection Set: 0.0ms
[26.658s][info][gc,phases    ] GC(564)   Evacuate Collection Set: 0.4ms
[26.658s][info][gc,phases    ] GC(564)   Post Evacuate Collection Set: 0.2ms
[26.658s][info][gc,phases    ] GC(564)   Other: 0.1ms
[26.658s][info][gc,heap      ] GC(564) Eden regions: 306->0(306)
[26.658s][info][gc,heap      ] GC(564) Survivor regions: 1->1(39)
[26.658s][info][gc,heap      ] GC(564) Old regions: 35->35
[26.658s][info][gc,heap      ] GC(564) Humongous regions: 0->0
[26.658s][info][gc,metaspace ] GC(564) Metaspace: 7413K->7413K(1056768K)
[26.658s][info][gc           ] GC(564) Pause Young (Normal) (G1 Evacuation Pause) 341M->35M(512M) 0.868ms
[26.658s][info][gc,cpu       ] GC(564) User=0.01s Sys=0.00s Real=0.00s
[26.704s][info][gc,start     ] GC(565) Pause Young (Normal) (G1 Evacuation Pause)
[26.704s][info][gc,task      ] GC(565) Using 8 workers of 8 for evacuation
[26.704s][info][gc,phases    ] GC(565)   Pre Evacuate Collection Set: 0.0ms
[26.704s][info][gc,phases    ] GC(565)   Evacuate Collection Set: 0.4ms
[26.704s][info][gc,phases    ] GC(565)   Post Evacuate Collection Set: 0.2ms
[26.704s][info][gc,phases    ] GC(565)   Other: 0.2ms
[26.704s][info][gc,heap      ] GC(565) Eden regions: 306->0(306)
[26.704s][info][gc,heap      ] GC(565) Survivor regions: 1->1(39)
[26.704s][info][gc,heap      ] GC(565) Old regions: 35->35
[26.704s][info][gc,heap      ] GC(565) Humongous regions: 0->0
[26.704s][info][gc,metaspace ] GC(565) Metaspace: 7413K->7413K(1056768K)
[26.705s][info][gc           ] GC(565) Pause Young (Normal) (G1 Evacuation Pause) 341M->35M(512M) 0.832ms
[26.705s][info][gc,cpu       ] GC(565) User=0.01s Sys=0.00s Real=0.00s
[26.754s][info][gc,start     ] GC(566) Pause Young (Normal) (G1 Evacuation Pause)
[26.754s][info][gc,task      ] GC(566) Using 8 workers of 8 for evacuation
[26.754s][info][gc,phases    ] GC(566)   Pre Evacuate Collection Set: 0.0ms
[26.754s][info][gc,phases    ] GC(566)   Evacuate Collection Set: 0.4ms
[26.754s][info][gc,phases    ] GC(566)   Post Evacuate Collection Set: 0.2ms
[26.754s][info][gc,phases    ] GC(566)   Other: 0.1ms
[26.754s][info][gc,heap      ] GC(566) Eden regions: 306->0(306)
[26.754s][info][gc,heap      ] GC(566) Survivor regions: 1->1(39)
[26.754s][info][gc,heap      ] GC(566) Old regions: 35->35
[26.754s][info][gc,heap      ] GC(566) Humongous regions: 0->0
[26.754s][info][gc,metaspace ] GC(566) Metaspace: 7413K->7413K(1056768K)
[26.754s][info][gc           ] GC(566) Pause Young (Normal) (G1 Evacuation Pause) 341M->35M(512M) 0.823ms
[26.755s][info][gc,cpu       ] GC(566) User=0.00s Sys=0.00s Real=0.00s
[26.803s][info][gc,start     ] GC(567) Pause Young (Normal) (G1 Evacuation Pause)
[26.803s][info][gc,task      ] GC(567) Using 8 workers of 8 for evacuation
[26.804s][info][gc,phases    ] GC(567)   Pre Evacuate Collection Set: 0.0ms
[26.804s][info][gc,phases    ] GC(567)   Evacuate Collection Set: 0.5ms
[26.804s][info][gc,phases    ] GC(567)   Post Evacuate Collection Set: 0.2ms
[26.804s][info][gc,phases    ] GC(567)   Other: 0.2ms
[26.804s][info][gc,heap      ] GC(567) Eden regions: 306->0(306)
[26.804s][info][gc,heap      ] GC(567) Survivor regions: 1->1(39)
[26.804s][info][gc,heap      ] GC(567) Old regions: 35->35
[26.804s][info][gc,heap      ] GC(567) Humongous regions: 0->0
[26.804s][info][gc,metaspace ] GC(567) Metaspace: 7413K->7413K(1056768K)
[26.804s][info][gc           ] GC(567) Pause Young (Normal) (G1 Evacuation Pause) 341M->35M(512M) 1.026ms
[26.804s][info][gc,cpu       ] GC(567) User=0.00s Sys=0.00s Real=0.00s
[26.845s][info][gc,start     ] GC(568) Pause Young (Normal) (G1 Evacuation Pause)
[26.845s][info][gc,task      ] GC(568) Using 8 workers of 8 for evacuation
[26.846s][info][gc,phases    ] GC(568)   Pre Evacuate Collection Set: 0.0ms
[26.846s][info][gc,phases    ] GC(568)   Evacuate Collection Set: 0.4ms
[26.846s][info][gc,phases    ] GC(568)   Post Evacuate Collection Set: 0.3ms
[26.846s][info][gc,phases    ] GC(568)   Other: 0.2ms
[26.846s][info][gc,heap      ] GC(568) Eden regions: 306->0(306)
[26.846s][info][gc,heap      ] GC(568) Survivor regions: 1->1(39)
[26.846s][info][gc,heap      ] GC(568) Old regions: 35->36
[26.846s][info][gc,heap      ] GC(568) Humongous regions: 0->0
[26.846s][info][gc,metaspace ] GC(568) Metaspace: 7413K->7413K(1056768K)
[26.846s][info][gc           ] GC(568) Pause Young (Normal) (G1 Evacuation Pause) 341M->35M(512M) 0.992ms
[26.846s][info][gc,cpu       ] GC(568) User=0.01s Sys=0.00s Real=0.00s
[26.890s][info][gc,start     ] GC(569) Pause Young (Normal) (G1 Evacuation Pause)
[26.890s][info][gc,task      ] GC(569) Using 8 workers of 8 for evacuation
[26.891s][info][gc,phases    ] GC(569)   Pre Evacuate Collection Set: 0.0ms
[26.891s][info][gc,phases    ] GC(569)   Evacuate Collection Set: 0.4ms
[26.891s][info][gc,phases    ] GC(569)   Post Evacuate Collection Set: 0.3ms
[26.891s][info][gc,phases    ] GC(569)   Other: 0.1ms
[26.891s][info][gc,heap      ] GC(569) Eden regions: 306->0(306)
[26.891s][info][gc,heap      ] GC(569) Survivor regions: 1->1(39)
[26.891s][info][gc,heap      ] GC(569) Old regions: 36->36
[26.891s][info][gc,heap      ] GC(569) Humongous regions: 0->0
[26.891s][info][gc,metaspace ] GC(569) Metaspace: 7413K->7413K(1056768K)
[26.891s][info][gc           ] GC(569) Pause Young (Normal) (G1 Evacuation Pause) 341M->36M(512M) 0.961ms
[26.891s][info][gc,cpu       ] GC(569) User=0.01s Sys=0.00s Real=0.00s
[26.936s][info][gc,start     ] GC(570) Pause Young (Normal) (G1 Evacuation Pause)
[26.936s][info][gc,task      ] GC(570) Using 8 workers of 8 for evacuation
[26.937s][info][gc,phases    ] GC(570)   Pre Evacuate Collection Set: 0.0ms
[26.937s][info][gc,phases    ] GC(570)   Evacuate Collection Set: 0.5ms
[26.937s][info][gc,phases    ] GC(570)   Post Evacuate Collection Set: 0.2ms
[26.937s][info][gc,phases    ] GC(570)   Other: 0.2ms
[26.937s][info][gc,heap      ] GC(570) Eden regions: 306->0(306)
[26.937s][info][gc,heap      ] GC(570) Survivor regions: 1->1(39)
[26.937s][info][gc,heap      ] GC(570) Old regions: 36->36
[26.937s][info][gc,heap      ] GC(570) Humongous regions: 0->0
[26.937s][info][gc,metaspace ] GC(570) Metaspace: 7413K->7413K(1056768K)
[26.937s][info][gc           ] GC(570) Pause Young (Normal) (G1 Evacuation Pause) 342M->36M(512M) 1.058ms
[26.937s][info][gc,cpu       ] GC(570) User=0.01s Sys=0.00s Real=0.00s
[26.989s][info][gc,start     ] GC(571) Pause Young (Normal) (G1 Evacuation Pause)
[26.989s][info][gc,task      ] GC(571) Using 8 workers of 8 for evacuation
[26.992s][info][gc,phases    ] GC(571)   Pre Evacuate Collection Set: 0.0ms
[26.992s][info][gc,phases    ] GC(571)   Evacuate Collection Set: 0.8ms
[26.992s][info][gc,phases    ] GC(571)   Post Evacuate Collection Set: 1.3ms
[26.992s][info][gc,phases    ] GC(571)   Other: 0.3ms
[26.992s][info][gc,heap      ] GC(571) Eden regions: 306->0(306)
[26.992s][info][gc,heap      ] GC(571) Survivor regions: 1->1(39)
[26.992s][info][gc,heap      ] GC(571) Old regions: 36->36
[26.992s][info][gc,heap      ] GC(571) Humongous regions: 0->0
[26.992s][info][gc,metaspace ] GC(571) Metaspace: 7413K->7413K(1056768K)
[26.992s][info][gc           ] GC(571) Pause Young (Normal) (G1 Evacuation Pause) 342M->36M(512M) 2.685ms
[26.992s][info][gc,cpu       ] GC(571) User=0.00s Sys=0.00s Real=0.00s
[27.035s][info][gc,start     ] GC(572) Pause Young (Normal) (G1 Evacuation Pause)
[27.035s][info][gc,task      ] GC(572) Using 8 workers of 8 for evacuation
[27.036s][info][gc,phases    ] GC(572)   Pre Evacuate Collection Set: 0.0ms
[27.036s][info][gc,phases    ] GC(572)   Evacuate Collection Set: 0.6ms
[27.036s][info][gc,phases    ] GC(572)   Post Evacuate Collection Set: 0.3ms
[27.036s][info][gc,phases    ] GC(572)   Other: 0.2ms
[27.036s][info][gc,heap      ] GC(572) Eden regions: 306->0(306)
[27.036s][info][gc,heap      ] GC(572) Survivor regions: 1->1(39)
[27.036s][info][gc,heap      ] GC(572) Old regions: 36->36
[27.036s][info][gc,heap      ] GC(572) Humongous regions: 0->0
[27.036s][info][gc,metaspace ] GC(572) Metaspace: 7413K->7413K(1056768K)
[27.036s][info][gc           ] GC(572) Pause Young (Normal) (G1 Evacuation Pause) 342M->36M(512M) 1.113ms
[27.036s][info][gc,cpu       ] GC(572) User=0.00s Sys=0.00s Real=0.00s
[27.082s][info][gc,start     ] GC(573) Pause Young (Normal) (G1 Evacuation Pause)
[27.082s][info][gc,task      ] GC(573) Using 8 workers of 8 for evacuation
[27.083s][info][gc,phases    ] GC(573)   Pre Evacuate Collection Set: 0.0ms
[27.083s][info][gc,phases    ] GC(573)   Evacuate Collection Set: 0.4ms
[27.083s][info][gc,phases    ] GC(573)   Post Evacuate Collection Set: 0.3ms
[27.083s][info][gc,phases    ] GC(573)   Other: 0.2ms
[27.083s][info][gc,heap      ] GC(573) Eden regions: 306->0(306)
[27.083s][info][gc,heap      ] GC(573) Survivor regions: 1->1(39)
[27.083s][info][gc,heap      ] GC(573) Old regions: 36->36
[27.083s][info][gc,heap      ] GC(573) Humongous regions: 0->0
[27.083s][info][gc,metaspace ] GC(573) Metaspace: 7413K->7413K(1056768K)
[27.083s][info][gc           ] GC(573) Pause Young (Normal) (G1 Evacuation Pause) 342M->36M(512M) 0.993ms
[27.083s][info][gc,cpu       ] GC(573) User=0.00s Sys=0.00s Real=0.00s
[27.127s][info][gc,start     ] GC(574) Pause Young (Normal) (G1 Evacuation Pause)
[27.127s][info][gc,task      ] GC(574) Using 8 workers of 8 for evacuation
[27.128s][info][gc,phases    ] GC(574)   Pre Evacuate Collection Set: 0.0ms
[27.128s][info][gc,phases    ] GC(574)   Evacuate Collection Set: 0.6ms
[27.128s][info][gc,phases    ] GC(574)   Post Evacuate Collection Set: 0.4ms
[27.128s][info][gc,phases    ] GC(574)   Other: 0.2ms
[27.128s][info][gc,heap      ] GC(574) Eden regions: 306->0(306)
[27.128s][info][gc,heap      ] GC(574) Survivor regions: 1->1(39)
[27.128s][info][gc,heap      ] GC(574) Old regions: 36->36
[27.128s][info][gc,heap      ] GC(574) Humongous regions: 0->0
[27.128s][info][gc,metaspace ] GC(574) Metaspace: 7413K->7413K(1056768K)
[27.128s][info][gc           ] GC(574) Pause Young (Normal) (G1 Evacuation Pause) 342M->36M(512M) 1.268ms
[27.128s][info][gc,cpu       ] GC(574) User=0.00s Sys=0.01s Real=0.00s
[27.172s][info][gc,start     ] GC(575) Pause Young (Normal) (G1 Evacuation Pause)
[27.172s][info][gc,task      ] GC(575) Using 8 workers of 8 for evacuation
[27.174s][info][gc,phases    ] GC(575)   Pre Evacuate Collection Set: 0.0ms
[27.174s][info][gc,phases    ] GC(575)   Evacuate Collection Set: 0.7ms
[27.174s][info][gc,phases    ] GC(575)   Post Evacuate Collection Set: 0.6ms
[27.174s][info][gc,phases    ] GC(575)   Other: 0.2ms
[27.174s][info][gc,heap      ] GC(575) Eden regions: 306->0(306)
[27.174s][info][gc,heap      ] GC(575) Survivor regions: 1->1(39)
[27.174s][info][gc,heap      ] GC(575) Old regions: 36->36
[27.174s][info][gc,heap      ] GC(575) Humongous regions: 0->0
[27.174s][info][gc,metaspace ] GC(575) Metaspace: 7413K->7413K(1056768K)
[27.174s][info][gc           ] GC(575) Pause Young (Normal) (G1 Evacuation Pause) 342M->36M(512M) 1.645ms
[27.174s][info][gc,cpu       ] GC(575) User=0.00s Sys=0.00s Real=0.00s
[27.223s][info][gc,start     ] GC(576) Pause Young (Normal) (G1 Evacuation Pause)
[27.223s][info][gc,task      ] GC(576) Using 8 workers of 8 for evacuation
[27.225s][info][gc,phases    ] GC(576)   Pre Evacuate Collection Set: 0.0ms
[27.225s][info][gc,phases    ] GC(576)   Evacuate Collection Set: 0.8ms
[27.225s][info][gc,phases    ] GC(576)   Post Evacuate Collection Set: 1.1ms
[27.225s][info][gc,phases    ] GC(576)   Other: 0.3ms
[27.225s][info][gc,heap      ] GC(576) Eden regions: 306->0(306)
[27.225s][info][gc,heap      ] GC(576) Survivor regions: 1->1(39)
[27.225s][info][gc,heap      ] GC(576) Old regions: 36->36
[27.225s][info][gc,heap      ] GC(576) Humongous regions: 0->0
[27.225s][info][gc,metaspace ] GC(576) Metaspace: 7413K->7413K(1056768K)
[27.225s][info][gc           ] GC(576) Pause Young (Normal) (G1 Evacuation Pause) 342M->36M(512M) 2.443ms
[27.226s][info][gc,cpu       ] GC(576) User=0.01s Sys=0.00s Real=0.00s
[27.268s][info][gc,start     ] GC(577) Pause Young (Normal) (G1 Evacuation Pause)
[27.268s][info][gc,task      ] GC(577) Using 8 workers of 8 for evacuation
[27.269s][info][gc,phases    ] GC(577)   Pre Evacuate Collection Set: 0.0ms
[27.269s][info][gc,phases    ] GC(577)   Evacuate Collection Set: 0.4ms
[27.269s][info][gc,phases    ] GC(577)   Post Evacuate Collection Set: 0.2ms
[27.269s][info][gc,phases    ] GC(577)   Other: 0.1ms
[27.269s][info][gc,heap      ] GC(577) Eden regions: 306->0(306)
[27.269s][info][gc,heap      ] GC(577) Survivor regions: 1->1(39)
[27.269s][info][gc,heap      ] GC(577) Old regions: 36->36
[27.269s][info][gc,heap      ] GC(577) Humongous regions: 0->0
[27.269s][info][gc,metaspace ] GC(577) Metaspace: 7413K->7413K(1056768K)
[27.269s][info][gc           ] GC(577) Pause Young (Normal) (G1 Evacuation Pause) 342M->36M(512M) 0.852ms
[27.269s][info][gc,cpu       ] GC(577) User=0.00s Sys=0.00s Real=0.01s
[27.308s][info][gc,start     ] GC(578) Pause Young (Normal) (G1 Evacuation Pause)
[27.308s][info][gc,task      ] GC(578) Using 8 workers of 8 for evacuation
[27.309s][info][gc,phases    ] GC(578)   Pre Evacuate Collection Set: 0.0ms
[27.309s][info][gc,phases    ] GC(578)   Evacuate Collection Set: 0.4ms
[27.309s][info][gc,phases    ] GC(578)   Post Evacuate Collection Set: 0.2ms
[27.309s][info][gc,phases    ] GC(578)   Other: 0.1ms
[27.309s][info][gc,heap      ] GC(578) Eden regions: 306->0(306)
[27.309s][info][gc,heap      ] GC(578) Survivor regions: 1->1(39)
[27.309s][info][gc,heap      ] GC(578) Old regions: 36->36
[27.309s][info][gc,heap      ] GC(578) Humongous regions: 0->0
[27.309s][info][gc,metaspace ] GC(578) Metaspace: 7413K->7413K(1056768K)
[27.309s][info][gc           ] GC(578) Pause Young (Normal) (G1 Evacuation Pause) 342M->36M(512M) 0.847ms
[27.309s][info][gc,cpu       ] GC(578) User=0.00s Sys=0.00s Real=0.01s
[27.356s][info][gc,start     ] GC(579) Pause Young (Normal) (G1 Evacuation Pause)
[27.356s][info][gc,task      ] GC(579) Using 8 workers of 8 for evacuation
[27.356s][info][gc,phases    ] GC(579)   Pre Evacuate Collection Set: 0.0ms
[27.356s][info][gc,phases    ] GC(579)   Evacuate Collection Set: 0.4ms
[27.356s][info][gc,phases    ] GC(579)   Post Evacuate Collection Set: 0.2ms
[27.356s][info][gc,phases    ] GC(579)   Other: 0.1ms
[27.356s][info][gc,heap      ] GC(579) Eden regions: 306->0(306)
[27.356s][info][gc,heap      ] GC(579) Survivor regions: 1->1(39)
[27.356s][info][gc,heap      ] GC(579) Old regions: 36->36
[27.356s][info][gc,heap      ] GC(579) Humongous regions: 0->0
[27.356s][info][gc,metaspace ] GC(579) Metaspace: 7413K->7413K(1056768K)
[27.356s][info][gc           ] GC(579) Pause Young (Normal) (G1 Evacuation Pause) 342M->36M(512M) 0.894ms
[27.356s][info][gc,cpu       ] GC(579) User=0.00s Sys=0.00s Real=0.00s
[27.400s][info][gc,start     ] GC(580) Pause Young (Normal) (G1 Evacuation Pause)
[27.400s][info][gc,task      ] GC(580) Using 8 workers of 8 for evacuation
[27.401s][info][gc,phases    ] GC(580)   Pre Evacuate Collection Set: 0.0ms
[27.401s][info][gc,phases    ] GC(580)   Evacuate Collection Set: 0.4ms
[27.401s][info][gc,phases    ] GC(580)   Post Evacuate Collection Set: 0.2ms
[27.401s][info][gc,phases    ] GC(580)   Other: 0.1ms
[27.401s][info][gc,heap      ] GC(580) Eden regions: 306->0(306)
[27.401s][info][gc,heap      ] GC(580) Survivor regions: 1->1(39)
[27.401s][info][gc,heap      ] GC(580) Old regions: 36->36
[27.401s][info][gc,heap      ] GC(580) Humongous regions: 0->0
[27.401s][info][gc,metaspace ] GC(580) Metaspace: 7413K->7413K(1056768K)
[27.401s][info][gc           ] GC(580) Pause Young (Normal) (G1 Evacuation Pause) 342M->36M(512M) 0.908ms
[27.401s][info][gc,cpu       ] GC(580) User=0.01s Sys=0.00s Real=0.00s
[27.451s][info][gc,start     ] GC(581) Pause Young (Normal) (G1 Evacuation Pause)
[27.451s][info][gc,task      ] GC(581) Using 8 workers of 8 for evacuation
[27.453s][info][gc,phases    ] GC(581)   Pre Evacuate Collection Set: 0.0ms
[27.453s][info][gc,phases    ] GC(581)   Evacuate Collection Set: 0.7ms
[27.453s][info][gc,phases    ] GC(581)   Post Evacuate Collection Set: 0.6ms
[27.453s][info][gc,phases    ] GC(581)   Other: 0.2ms
[27.453s][info][gc,heap      ] GC(581) Eden regions: 306->0(306)
[27.453s][info][gc,heap      ] GC(581) Survivor regions: 1->1(39)
[27.453s][info][gc,heap      ] GC(581) Old regions: 36->36
[27.453s][info][gc,heap      ] GC(581) Humongous regions: 0->0
[27.453s][info][gc,metaspace ] GC(581) Metaspace: 7413K->7413K(1056768K)
[27.453s][info][gc           ] GC(581) Pause Young (Normal) (G1 Evacuation Pause) 342M->36M(512M) 1.661ms
[27.453s][info][gc,cpu       ] GC(581) User=0.00s Sys=0.00s Real=0.00s
[27.499s][info][gc,start     ] GC(582) Pause Young (Normal) (G1 Evacuation Pause)
[27.499s][info][gc,task      ] GC(582) Using 8 workers of 8 for evacuation
[27.499s][info][gc,phases    ] GC(582)   Pre Evacuate Collection Set: 0.0ms
[27.499s][info][gc,phases    ] GC(582)   Evacuate Collection Set: 0.5ms
[27.499s][info][gc,phases    ] GC(582)   Post Evacuate Collection Set: 0.2ms
[27.499s][info][gc,phases    ] GC(582)   Other: 0.1ms
[27.499s][info][gc,heap      ] GC(582) Eden regions: 306->0(306)
[27.499s][info][gc,heap      ] GC(582) Survivor regions: 1->1(39)
[27.499s][info][gc,heap      ] GC(582) Old regions: 36->36
[27.499s][info][gc,heap      ] GC(582) Humongous regions: 0->0
[27.499s][info][gc,metaspace ] GC(582) Metaspace: 7413K->7413K(1056768K)
[27.499s][info][gc           ] GC(582) Pause Young (Normal) (G1 Evacuation Pause) 342M->36M(512M) 0.953ms
[27.500s][info][gc,cpu       ] GC(582) User=0.00s Sys=0.00s Real=0.01s
[27.540s][info][gc,start     ] GC(583) Pause Young (Normal) (G1 Evacuation Pause)
[27.540s][info][gc,task      ] GC(583) Using 8 workers of 8 for evacuation
[27.541s][info][gc,phases    ] GC(583)   Pre Evacuate Collection Set: 0.0ms
[27.541s][info][gc,phases    ] GC(583)   Evacuate Collection Set: 0.3ms
[27.541s][info][gc,phases    ] GC(583)   Post Evacuate Collection Set: 0.3ms
[27.541s][info][gc,phases    ] GC(583)   Other: 0.1ms
[27.541s][info][gc,heap      ] GC(583) Eden regions: 306->0(306)
[27.541s][info][gc,heap      ] GC(583) Survivor regions: 1->1(39)
[27.541s][info][gc,heap      ] GC(583) Old regions: 36->36
[27.541s][info][gc,heap      ] GC(583) Humongous regions: 0->0
[27.541s][info][gc,metaspace ] GC(583) Metaspace: 7413K->7413K(1056768K)
[27.541s][info][gc           ] GC(583) Pause Young (Normal) (G1 Evacuation Pause) 342M->36M(512M) 0.853ms
[27.541s][info][gc,cpu       ] GC(583) User=0.01s Sys=0.00s Real=0.00s
[27.582s][info][gc,start     ] GC(584) Pause Young (Normal) (G1 Evacuation Pause)
[27.582s][info][gc,task      ] GC(584) Using 8 workers of 8 for evacuation
[27.583s][info][gc,phases    ] GC(584)   Pre Evacuate Collection Set: 0.0ms
[27.583s][info][gc,phases    ] GC(584)   Evacuate Collection Set: 0.4ms
[27.583s][info][gc,phases    ] GC(584)   Post Evacuate Collection Set: 0.2ms
[27.583s][info][gc,phases    ] GC(584)   Other: 0.1ms
[27.583s][info][gc,heap      ] GC(584) Eden regions: 306->0(306)
[27.583s][info][gc,heap      ] GC(584) Survivor regions: 1->1(39)
[27.583s][info][gc,heap      ] GC(584) Old regions: 36->37
[27.583s][info][gc,heap      ] GC(584) Humongous regions: 0->0
[27.583s][info][gc,metaspace ] GC(584) Metaspace: 7413K->7413K(1056768K)
[27.583s][info][gc           ] GC(584) Pause Young (Normal) (G1 Evacuation Pause) 342M->36M(512M) 0.884ms
[27.583s][info][gc,cpu       ] GC(584) User=0.00s Sys=0.00s Real=0.00s
[27.632s][info][gc,start     ] GC(585) Pause Young (Normal) (G1 Evacuation Pause)
[27.632s][info][gc,task      ] GC(585) Using 8 workers of 8 for evacuation
[27.632s][info][gc,phases    ] GC(585)   Pre Evacuate Collection Set: 0.0ms
[27.632s][info][gc,phases    ] GC(585)   Evacuate Collection Set: 0.4ms
[27.632s][info][gc,phases    ] GC(585)   Post Evacuate Collection Set: 0.2ms
[27.632s][info][gc,phases    ] GC(585)   Other: 0.1ms
[27.632s][info][gc,heap      ] GC(585) Eden regions: 306->0(306)
[27.632s][info][gc,heap      ] GC(585) Survivor regions: 1->1(39)
[27.632s][info][gc,heap      ] GC(585) Old regions: 37->37
[27.632s][info][gc,heap      ] GC(585) Humongous regions: 0->0
[27.632s][info][gc,metaspace ] GC(585) Metaspace: 7413K->7413K(1056768K)
[27.632s][info][gc           ] GC(585) Pause Young (Normal) (G1 Evacuation Pause) 342M->36M(512M) 0.896ms
[27.632s][info][gc,cpu       ] GC(585) User=0.01s Sys=0.00s Real=0.00s
[27.682s][info][gc,start     ] GC(586) Pause Young (Normal) (G1 Evacuation Pause)
[27.682s][info][gc,task      ] GC(586) Using 8 workers of 8 for evacuation
[27.683s][info][gc,phases    ] GC(586)   Pre Evacuate Collection Set: 0.0ms
[27.683s][info][gc,phases    ] GC(586)   Evacuate Collection Set: 0.4ms
[27.683s][info][gc,phases    ] GC(586)   Post Evacuate Collection Set: 0.3ms
[27.683s][info][gc,phases    ] GC(586)   Other: 0.2ms
[27.683s][info][gc,heap      ] GC(586) Eden regions: 306->0(306)
[27.683s][info][gc,heap      ] GC(586) Survivor regions: 1->1(39)
[27.683s][info][gc,heap      ] GC(586) Old regions: 37->37
[27.683s][info][gc,heap      ] GC(586) Humongous regions: 0->0
[27.683s][info][gc,metaspace ] GC(586) Metaspace: 7413K->7413K(1056768K)
[27.683s][info][gc           ] GC(586) Pause Young (Normal) (G1 Evacuation Pause) 342M->37M(512M) 0.935ms
[27.683s][info][gc,cpu       ] GC(586) User=0.00s Sys=0.00s Real=0.00s
[27.727s][info][gc,start     ] GC(587) Pause Young (Normal) (G1 Evacuation Pause)
[27.727s][info][gc,task      ] GC(587) Using 8 workers of 8 for evacuation
[27.728s][info][gc,phases    ] GC(587)   Pre Evacuate Collection Set: 0.0ms
[27.728s][info][gc,phases    ] GC(587)   Evacuate Collection Set: 0.4ms
[27.728s][info][gc,phases    ] GC(587)   Post Evacuate Collection Set: 0.2ms
[27.728s][info][gc,phases    ] GC(587)   Other: 0.2ms
[27.728s][info][gc,heap      ] GC(587) Eden regions: 306->0(306)
[27.728s][info][gc,heap      ] GC(587) Survivor regions: 1->1(39)
[27.728s][info][gc,heap      ] GC(587) Old regions: 37->37
[27.728s][info][gc,heap      ] GC(587) Humongous regions: 0->0
[27.728s][info][gc,metaspace ] GC(587) Metaspace: 7413K->7413K(1056768K)
[27.728s][info][gc           ] GC(587) Pause Young (Normal) (G1 Evacuation Pause) 343M->37M(512M) 0.951ms
[27.728s][info][gc,cpu       ] GC(587) User=0.01s Sys=0.00s Real=0.00s
[27.768s][info][gc,start     ] GC(588) Pause Young (Normal) (G1 Evacuation Pause)
[27.768s][info][gc,task      ] GC(588) Using 8 workers of 8 for evacuation
[27.769s][info][gc,phases    ] GC(588)   Pre Evacuate Collection Set: 0.0ms
[27.769s][info][gc,phases    ] GC(588)   Evacuate Collection Set: 0.3ms
[27.769s][info][gc,phases    ] GC(588)   Post Evacuate Collection Set: 0.3ms
[27.769s][info][gc,phases    ] GC(588)   Other: 0.2ms
[27.769s][info][gc,heap      ] GC(588) Eden regions: 306->0(306)
[27.769s][info][gc,heap      ] GC(588) Survivor regions: 1->1(39)
[27.769s][info][gc,heap      ] GC(588) Old regions: 37->37
[27.769s][info][gc,heap      ] GC(588) Humongous regions: 0->0
[27.769s][info][gc,metaspace ] GC(588) Metaspace: 7413K->7413K(1056768K)
[27.769s][info][gc           ] GC(588) Pause Young (Normal) (G1 Evacuation Pause) 343M->37M(512M) 0.856ms
[27.769s][info][gc,cpu       ] GC(588) User=0.00s Sys=0.00s Real=0.01s
[27.808s][info][gc,start     ] GC(589) Pause Young (Normal) (G1 Evacuation Pause)
[27.808s][info][gc,task      ] GC(589) Using 8 workers of 8 for evacuation
[27.809s][info][gc,phases    ] GC(589)   Pre Evacuate Collection Set: 0.0ms
[27.809s][info][gc,phases    ] GC(589)   Evacuate Collection Set: 0.4ms
[27.809s][info][gc,phases    ] GC(589)   Post Evacuate Collection Set: 0.2ms
[27.809s][info][gc,phases    ] GC(589)   Other: 0.1ms
[27.809s][info][gc,heap      ] GC(589) Eden regions: 306->0(306)
[27.809s][info][gc,heap      ] GC(589) Survivor regions: 1->1(39)
[27.809s][info][gc,heap      ] GC(589) Old regions: 37->37
[27.809s][info][gc,heap      ] GC(589) Humongous regions: 0->0
[27.809s][info][gc,metaspace ] GC(589) Metaspace: 7413K->7413K(1056768K)
[27.809s][info][gc           ] GC(589) Pause Young (Normal) (G1 Evacuation Pause) 343M->37M(512M) 0.818ms
[27.809s][info][gc,cpu       ] GC(589) User=0.00s Sys=0.00s Real=0.01s
[27.854s][info][gc,start     ] GC(590) Pause Young (Normal) (G1 Evacuation Pause)
[27.854s][info][gc,task      ] GC(590) Using 8 workers of 8 for evacuation
[27.855s][info][gc,phases    ] GC(590)   Pre Evacuate Collection Set: 0.0ms
[27.855s][info][gc,phases    ] GC(590)   Evacuate Collection Set: 0.5ms
[27.855s][info][gc,phases    ] GC(590)   Post Evacuate Collection Set: 0.2ms
[27.855s][info][gc,phases    ] GC(590)   Other: 0.1ms
[27.855s][info][gc,heap      ] GC(590) Eden regions: 306->0(306)
[27.855s][info][gc,heap      ] GC(590) Survivor regions: 1->1(39)
[27.855s][info][gc,heap      ] GC(590) Old regions: 37->37
[27.855s][info][gc,heap      ] GC(590) Humongous regions: 0->0
[27.855s][info][gc,metaspace ] GC(590) Metaspace: 7413K->7413K(1056768K)
[27.855s][info][gc           ] GC(590) Pause Young (Normal) (G1 Evacuation Pause) 343M->37M(512M) 0.950ms
[27.855s][info][gc,cpu       ] GC(590) User=0.00s Sys=0.00s Real=0.00s
[27.902s][info][gc,start     ] GC(591) Pause Young (Normal) (G1 Evacuation Pause)
[27.902s][info][gc,task      ] GC(591) Using 8 workers of 8 for evacuation
[27.902s][info][gc,phases    ] GC(591)   Pre Evacuate Collection Set: 0.0ms
[27.902s][info][gc,phases    ] GC(591)   Evacuate Collection Set: 0.4ms
[27.903s][info][gc,phases    ] GC(591)   Post Evacuate Collection Set: 0.2ms
[27.903s][info][gc,phases    ] GC(591)   Other: 0.1ms
[27.903s][info][gc,heap      ] GC(591) Eden regions: 306->0(306)
[27.903s][info][gc,heap      ] GC(591) Survivor regions: 1->1(39)
[27.903s][info][gc,heap      ] GC(591) Old regions: 37->37
[27.903s][info][gc,heap      ] GC(591) Humongous regions: 0->0
[27.903s][info][gc,metaspace ] GC(591) Metaspace: 7413K->7413K(1056768K)
[27.903s][info][gc           ] GC(591) Pause Young (Normal) (G1 Evacuation Pause) 343M->37M(512M) 0.858ms
[27.903s][info][gc,cpu       ] GC(591) User=0.01s Sys=0.00s Real=0.00s
[27.952s][info][gc,start     ] GC(592) Pause Young (Normal) (G1 Evacuation Pause)
[27.952s][info][gc,task      ] GC(592) Using 8 workers of 8 for evacuation
[27.953s][info][gc,phases    ] GC(592)   Pre Evacuate Collection Set: 0.0ms
[27.953s][info][gc,phases    ] GC(592)   Evacuate Collection Set: 0.4ms
[27.953s][info][gc,phases    ] GC(592)   Post Evacuate Collection Set: 0.2ms
[27.953s][info][gc,phases    ] GC(592)   Other: 0.1ms
[27.953s][info][gc,heap      ] GC(592) Eden regions: 306->0(306)
[27.953s][info][gc,heap      ] GC(592) Survivor regions: 1->1(39)
[27.953s][info][gc,heap      ] GC(592) Old regions: 37->37
[27.953s][info][gc,heap      ] GC(592) Humongous regions: 0->0
[27.953s][info][gc,metaspace ] GC(592) Metaspace: 7413K->7413K(1056768K)
[27.953s][info][gc           ] GC(592) Pause Young (Normal) (G1 Evacuation Pause) 343M->37M(512M) 0.858ms
[27.953s][info][gc,cpu       ] GC(592) User=0.00s Sys=0.00s Real=0.00s
[27.998s][info][gc,start     ] GC(593) Pause Young (Normal) (G1 Evacuation Pause)
[27.998s][info][gc,task      ] GC(593) Using 8 workers of 8 for evacuation
[27.999s][info][gc,phases    ] GC(593)   Pre Evacuate Collection Set: 0.0ms
[27.999s][info][gc,phases    ] GC(593)   Evacuate Collection Set: 0.5ms
[27.999s][info][gc,phases    ] GC(593)   Post Evacuate Collection Set: 0.3ms
[27.999s][info][gc,phases    ] GC(593)   Other: 0.2ms
[27.999s][info][gc,heap      ] GC(593) Eden regions: 306->0(306)
[27.999s][info][gc,heap      ] GC(593) Survivor regions: 1->1(39)
[27.999s][info][gc,heap      ] GC(593) Old regions: 37->37
[27.999s][info][gc,heap      ] GC(593) Humongous regions: 0->0
[27.999s][info][gc,metaspace ] GC(593) Metaspace: 7413K->7413K(1056768K)
[27.999s][info][gc           ] GC(593) Pause Young (Normal) (G1 Evacuation Pause) 343M->37M(512M) 1.080ms
[27.999s][info][gc,cpu       ] GC(593) User=0.01s Sys=0.00s Real=0.01s
[28.042s][info][gc,start     ] GC(594) Pause Young (Normal) (G1 Evacuation Pause)
[28.042s][info][gc,task      ] GC(594) Using 8 workers of 8 for evacuation
[28.043s][info][gc,phases    ] GC(594)   Pre Evacuate Collection Set: 0.0ms
[28.043s][info][gc,phases    ] GC(594)   Evacuate Collection Set: 0.5ms
[28.043s][info][gc,phases    ] GC(594)   Post Evacuate Collection Set: 0.2ms
[28.043s][info][gc,phases    ] GC(594)   Other: 0.2ms
[28.043s][info][gc,heap      ] GC(594) Eden regions: 306->0(306)
[28.043s][info][gc,heap      ] GC(594) Survivor regions: 1->1(39)
[28.043s][info][gc,heap      ] GC(594) Old regions: 37->37
[28.043s][info][gc,heap      ] GC(594) Humongous regions: 0->0
[28.043s][info][gc,metaspace ] GC(594) Metaspace: 7413K->7413K(1056768K)
[28.043s][info][gc           ] GC(594) Pause Young (Normal) (G1 Evacuation Pause) 343M->37M(512M) 0.973ms
[28.043s][info][gc,cpu       ] GC(594) User=0.01s Sys=0.00s Real=0.00s
[28.087s][info][gc,start     ] GC(595) Pause Young (Normal) (G1 Evacuation Pause)
[28.087s][info][gc,task      ] GC(595) Using 8 workers of 8 for evacuation
[28.088s][info][gc,phases    ] GC(595)   Pre Evacuate Collection Set: 0.0ms
[28.088s][info][gc,phases    ] GC(595)   Evacuate Collection Set: 0.4ms
[28.088s][info][gc,phases    ] GC(595)   Post Evacuate Collection Set: 0.2ms
[28.088s][info][gc,phases    ] GC(595)   Other: 0.1ms
[28.088s][info][gc,heap      ] GC(595) Eden regions: 306->0(306)
[28.088s][info][gc,heap      ] GC(595) Survivor regions: 1->1(39)
[28.088s][info][gc,heap      ] GC(595) Old regions: 37->37
[28.088s][info][gc,heap      ] GC(595) Humongous regions: 0->0
[28.088s][info][gc,metaspace ] GC(595) Metaspace: 7413K->7413K(1056768K)
[28.088s][info][gc           ] GC(595) Pause Young (Normal) (G1 Evacuation Pause) 343M->37M(512M) 0.864ms
[28.088s][info][gc,cpu       ] GC(595) User=0.00s Sys=0.00s Real=0.00s
[28.137s][info][gc,start     ] GC(596) Pause Young (Normal) (G1 Evacuation Pause)
[28.137s][info][gc,task      ] GC(596) Using 8 workers of 8 for evacuation
[28.139s][info][gc,phases    ] GC(596)   Pre Evacuate Collection Set: 0.0ms
[28.139s][info][gc,phases    ] GC(596)   Evacuate Collection Set: 0.7ms
[28.139s][info][gc,phases    ] GC(596)   Post Evacuate Collection Set: 0.4ms
[28.139s][info][gc,phases    ] GC(596)   Other: 0.2ms
[28.139s][info][gc,heap      ] GC(596) Eden regions: 306->0(306)
[28.139s][info][gc,heap      ] GC(596) Survivor regions: 1->1(39)
[28.139s][info][gc,heap      ] GC(596) Old regions: 37->37
[28.139s][info][gc,heap      ] GC(596) Humongous regions: 0->0
[28.139s][info][gc,metaspace ] GC(596) Metaspace: 7413K->7413K(1056768K)
[28.139s][info][gc           ] GC(596) Pause Young (Normal) (G1 Evacuation Pause) 343M->37M(512M) 1.382ms
[28.139s][info][gc,cpu       ] GC(596) User=0.01s Sys=0.00s Real=0.00s
[28.185s][info][gc,start     ] GC(597) Pause Young (Normal) (G1 Evacuation Pause)
[28.185s][info][gc,task      ] GC(597) Using 8 workers of 8 for evacuation
[28.185s][info][gc,phases    ] GC(597)   Pre Evacuate Collection Set: 0.0ms
[28.185s][info][gc,phases    ] GC(597)   Evacuate Collection Set: 0.4ms
[28.185s][info][gc,phases    ] GC(597)   Post Evacuate Collection Set: 0.3ms
[28.185s][info][gc,phases    ] GC(597)   Other: 0.1ms
[28.185s][info][gc,heap      ] GC(597) Eden regions: 306->0(306)
[28.185s][info][gc,heap      ] GC(597) Survivor regions: 1->1(39)
[28.185s][info][gc,heap      ] GC(597) Old regions: 37->37
[28.185s][info][gc,heap      ] GC(597) Humongous regions: 0->0
[28.185s][info][gc,metaspace ] GC(597) Metaspace: 7413K->7413K(1056768K)
[28.185s][info][gc           ] GC(597) Pause Young (Normal) (G1 Evacuation Pause) 343M->37M(512M) 0.888ms
[28.185s][info][gc,cpu       ] GC(597) User=0.00s Sys=0.00s Real=0.00s
[28.225s][info][gc,start     ] GC(598) Pause Young (Normal) (G1 Evacuation Pause)
[28.225s][info][gc,task      ] GC(598) Using 8 workers of 8 for evacuation
[28.225s][info][gc,phases    ] GC(598)   Pre Evacuate Collection Set: 0.0ms
[28.226s][info][gc,phases    ] GC(598)   Evacuate Collection Set: 0.5ms
[28.226s][info][gc,phases    ] GC(598)   Post Evacuate Collection Set: 0.3ms
[28.226s][info][gc,phases    ] GC(598)   Other: 0.1ms
[28.226s][info][gc,heap      ] GC(598) Eden regions: 306->0(306)
[28.226s][info][gc,heap      ] GC(598) Survivor regions: 1->1(39)
[28.226s][info][gc,heap      ] GC(598) Old regions: 37->37
[28.226s][info][gc,heap      ] GC(598) Humongous regions: 0->0
[28.226s][info][gc,metaspace ] GC(598) Metaspace: 7413K->7413K(1056768K)
[28.226s][info][gc           ] GC(598) Pause Young (Normal) (G1 Evacuation Pause) 343M->37M(512M) 1.021ms
[28.226s][info][gc,cpu       ] GC(598) User=0.00s Sys=0.00s Real=0.00s
[28.266s][info][gc,start     ] GC(599) Pause Young (Normal) (G1 Evacuation Pause)
[28.266s][info][gc,task      ] GC(599) Using 8 workers of 8 for evacuation
[28.267s][info][gc,phases    ] GC(599)   Pre Evacuate Collection Set: 0.0ms
[28.267s][info][gc,phases    ] GC(599)   Evacuate Collection Set: 0.5ms
[28.267s][info][gc,phases    ] GC(599)   Post Evacuate Collection Set: 0.2ms
[28.267s][info][gc,phases    ] GC(599)   Other: 0.1ms
[28.267s][info][gc,heap      ] GC(599) Eden regions: 306->0(306)
[28.267s][info][gc,heap      ] GC(599) Survivor regions: 1->1(39)
[28.267s][info][gc,heap      ] GC(599) Old regions: 37->37
[28.267s][info][gc,heap      ] GC(599) Humongous regions: 0->0
[28.267s][info][gc,metaspace ] GC(599) Metaspace: 7413K->7413K(1056768K)
[28.267s][info][gc           ] GC(599) Pause Young (Normal) (G1 Evacuation Pause) 343M->37M(512M) 0.995ms
[28.267s][info][gc,cpu       ] GC(599) User=0.01s Sys=0.00s Real=0.00s
[28.328s][info][gc,start     ] GC(600) Pause Young (Normal) (G1 Evacuation Pause)
[28.328s][info][gc,task      ] GC(600) Using 8 workers of 8 for evacuation
[28.329s][info][gc,phases    ] GC(600)   Pre Evacuate Collection Set: 0.0ms
[28.329s][info][gc,phases    ] GC(600)   Evacuate Collection Set: 0.5ms
[28.329s][info][gc,phases    ] GC(600)   Post Evacuate Collection Set: 0.3ms
[28.329s][info][gc,phases    ] GC(600)   Other: 0.1ms
[28.329s][info][gc,heap      ] GC(600) Eden regions: 306->0(306)
[28.329s][info][gc,heap      ] GC(600) Survivor regions: 1->1(39)
[28.329s][info][gc,heap      ] GC(600) Old regions: 37->37
[28.329s][info][gc,heap      ] GC(600) Humongous regions: 0->0
[28.329s][info][gc,metaspace ] GC(600) Metaspace: 7413K->7413K(1056768K)
[28.329s][info][gc           ] GC(600) Pause Young (Normal) (G1 Evacuation Pause) 343M->37M(512M) 1.008ms
[28.329s][info][gc,cpu       ] GC(600) User=0.00s Sys=0.00s Real=0.00s
[28.381s][info][gc,start     ] GC(601) Pause Young (Normal) (G1 Evacuation Pause)
[28.381s][info][gc,task      ] GC(601) Using 8 workers of 8 for evacuation
[28.382s][info][gc,phases    ] GC(601)   Pre Evacuate Collection Set: 0.0ms
[28.382s][info][gc,phases    ] GC(601)   Evacuate Collection Set: 0.5ms
[28.382s][info][gc,phases    ] GC(601)   Post Evacuate Collection Set: 0.3ms
[28.382s][info][gc,phases    ] GC(601)   Other: 0.1ms
[28.382s][info][gc,heap      ] GC(601) Eden regions: 306->0(306)
[28.382s][info][gc,heap      ] GC(601) Survivor regions: 1->1(39)
[28.382s][info][gc,heap      ] GC(601) Old regions: 37->38
[28.382s][info][gc,heap      ] GC(601) Humongous regions: 0->0
[28.382s][info][gc,metaspace ] GC(601) Metaspace: 7413K->7413K(1056768K)
[28.382s][info][gc           ] GC(601) Pause Young (Normal) (G1 Evacuation Pause) 343M->37M(512M) 1.000ms
[28.382s][info][gc,cpu       ] GC(601) User=0.00s Sys=0.00s Real=0.00s
[28.429s][info][gc,start     ] GC(602) Pause Young (Normal) (G1 Evacuation Pause)
[28.429s][info][gc,task      ] GC(602) Using 8 workers of 8 for evacuation
[28.429s][info][gc,phases    ] GC(602)   Pre Evacuate Collection Set: 0.0ms
[28.430s][info][gc,phases    ] GC(602)   Evacuate Collection Set: 0.5ms
[28.430s][info][gc,phases    ] GC(602)   Post Evacuate Collection Set: 0.2ms
[28.430s][info][gc,phases    ] GC(602)   Other: 0.2ms
[28.430s][info][gc,heap      ] GC(602) Eden regions: 306->0(306)
[28.430s][info][gc,heap      ] GC(602) Survivor regions: 1->1(39)
[28.430s][info][gc,heap      ] GC(602) Old regions: 38->38
[28.430s][info][gc,heap      ] GC(602) Humongous regions: 0->0
[28.430s][info][gc,metaspace ] GC(602) Metaspace: 7413K->7413K(1056768K)
[28.430s][info][gc           ] GC(602) Pause Young (Normal) (G1 Evacuation Pause) 343M->38M(512M) 1.060ms
[28.430s][info][gc,cpu       ] GC(602) User=0.00s Sys=0.00s Real=0.01s
[28.472s][info][gc,start     ] GC(603) Pause Young (Normal) (G1 Evacuation Pause)
[28.472s][info][gc,task      ] GC(603) Using 8 workers of 8 for evacuation
[28.473s][info][gc,phases    ] GC(603)   Pre Evacuate Collection Set: 0.0ms
[28.473s][info][gc,phases    ] GC(603)   Evacuate Collection Set: 0.6ms
[28.473s][info][gc,phases    ] GC(603)   Post Evacuate Collection Set: 0.3ms
[28.473s][info][gc,phases    ] GC(603)   Other: 0.2ms
[28.473s][info][gc,heap      ] GC(603) Eden regions: 306->0(306)
[28.473s][info][gc,heap      ] GC(603) Survivor regions: 1->1(39)
[28.473s][info][gc,heap      ] GC(603) Old regions: 38->38
[28.473s][info][gc,heap      ] GC(603) Humongous regions: 0->0
[28.473s][info][gc,metaspace ] GC(603) Metaspace: 7413K->7413K(1056768K)
[28.473s][info][gc           ] GC(603) Pause Young (Normal) (G1 Evacuation Pause) 344M->38M(512M) 1.186ms
[28.473s][info][gc,cpu       ] GC(603) User=0.00s Sys=0.00s Real=0.00s
[28.514s][info][gc,start     ] GC(604) Pause Young (Normal) (G1 Evacuation Pause)
[28.514s][info][gc,task      ] GC(604) Using 8 workers of 8 for evacuation
[28.515s][info][gc,phases    ] GC(604)   Pre Evacuate Collection Set: 0.0ms
[28.515s][info][gc,phases    ] GC(604)   Evacuate Collection Set: 0.4ms
[28.515s][info][gc,phases    ] GC(604)   Post Evacuate Collection Set: 0.2ms
[28.515s][info][gc,phases    ] GC(604)   Other: 0.1ms
[28.515s][info][gc,heap      ] GC(604) Eden regions: 306->0(306)
[28.515s][info][gc,heap      ] GC(604) Survivor regions: 1->1(39)
[28.515s][info][gc,heap      ] GC(604) Old regions: 38->38
[28.515s][info][gc,heap      ] GC(604) Humongous regions: 0->0
[28.515s][info][gc,metaspace ] GC(604) Metaspace: 7413K->7413K(1056768K)
[28.515s][info][gc           ] GC(604) Pause Young (Normal) (G1 Evacuation Pause) 344M->38M(512M) 0.794ms
[28.515s][info][gc,cpu       ] GC(604) User=0.00s Sys=0.00s Real=0.00s
[28.561s][info][gc,start     ] GC(605) Pause Young (Normal) (G1 Evacuation Pause)
[28.561s][info][gc,task      ] GC(605) Using 8 workers of 8 for evacuation
[28.562s][info][gc,phases    ] GC(605)   Pre Evacuate Collection Set: 0.0ms
[28.562s][info][gc,phases    ] GC(605)   Evacuate Collection Set: 0.4ms
[28.562s][info][gc,phases    ] GC(605)   Post Evacuate Collection Set: 0.2ms
[28.562s][info][gc,phases    ] GC(605)   Other: 0.1ms
[28.562s][info][gc,heap      ] GC(605) Eden regions: 306->0(306)
[28.562s][info][gc,heap      ] GC(605) Survivor regions: 1->1(39)
[28.562s][info][gc,heap      ] GC(605) Old regions: 38->38
[28.562s][info][gc,heap      ] GC(605) Humongous regions: 0->0
[28.562s][info][gc,metaspace ] GC(605) Metaspace: 7413K->7413K(1056768K)
[28.562s][info][gc           ] GC(605) Pause Young (Normal) (G1 Evacuation Pause) 344M->38M(512M) 0.882ms
[28.562s][info][gc,cpu       ] GC(605) User=0.00s Sys=0.00s Real=0.00s
[28.612s][info][gc,start     ] GC(606) Pause Young (Normal) (G1 Evacuation Pause)
[28.612s][info][gc,task      ] GC(606) Using 8 workers of 8 for evacuation
[28.612s][info][gc,phases    ] GC(606)   Pre Evacuate Collection Set: 0.0ms
[28.612s][info][gc,phases    ] GC(606)   Evacuate Collection Set: 0.4ms
[28.612s][info][gc,phases    ] GC(606)   Post Evacuate Collection Set: 0.2ms
[28.612s][info][gc,phases    ] GC(606)   Other: 0.1ms
[28.612s][info][gc,heap      ] GC(606) Eden regions: 306->0(306)
[28.612s][info][gc,heap      ] GC(606) Survivor regions: 1->1(39)
[28.612s][info][gc,heap      ] GC(606) Old regions: 38->38
[28.612s][info][gc,heap      ] GC(606) Humongous regions: 0->0
[28.612s][info][gc,metaspace ] GC(606) Metaspace: 7413K->7413K(1056768K)
[28.612s][info][gc           ] GC(606) Pause Young (Normal) (G1 Evacuation Pause) 344M->38M(512M) 0.804ms
[28.612s][info][gc,cpu       ] GC(606) User=0.00s Sys=0.01s Real=0.00s
[28.655s][info][gc,start     ] GC(607) Pause Young (Normal) (G1 Evacuation Pause)
[28.655s][info][gc,task      ] GC(607) Using 8 workers of 8 for evacuation
[28.656s][info][gc,phases    ] GC(607)   Pre Evacuate Collection Set: 0.0ms
[28.656s][info][gc,phases    ] GC(607)   Evacuate Collection Set: 0.5ms
[28.656s][info][gc,phases    ] GC(607)   Post Evacuate Collection Set: 0.3ms
[28.656s][info][gc,phases    ] GC(607)   Other: 0.2ms
[28.656s][info][gc,heap      ] GC(607) Eden regions: 306->0(306)
[28.656s][info][gc,heap      ] GC(607) Survivor regions: 1->1(39)
[28.656s][info][gc,heap      ] GC(607) Old regions: 38->38
[28.657s][info][gc,heap      ] GC(607) Humongous regions: 0->0
[28.657s][info][gc,metaspace ] GC(607) Metaspace: 7413K->7413K(1056768K)
[28.657s][info][gc           ] GC(607) Pause Young (Normal) (G1 Evacuation Pause) 344M->38M(512M) 1.159ms
[28.657s][info][gc,cpu       ] GC(607) User=0.01s Sys=0.00s Real=0.00s
[28.701s][info][gc,start     ] GC(608) Pause Young (Normal) (G1 Evacuation Pause)
[28.701s][info][gc,task      ] GC(608) Using 8 workers of 8 for evacuation
[28.702s][info][gc,phases    ] GC(608)   Pre Evacuate Collection Set: 0.0ms
[28.702s][info][gc,phases    ] GC(608)   Evacuate Collection Set: 0.4ms
[28.702s][info][gc,phases    ] GC(608)   Post Evacuate Collection Set: 0.3ms
[28.702s][info][gc,phases    ] GC(608)   Other: 0.2ms
[28.702s][info][gc,heap      ] GC(608) Eden regions: 306->0(306)
[28.702s][info][gc,heap      ] GC(608) Survivor regions: 1->1(39)
[28.702s][info][gc,heap      ] GC(608) Old regions: 38->38
[28.702s][info][gc,heap      ] GC(608) Humongous regions: 0->0
[28.702s][info][gc,metaspace ] GC(608) Metaspace: 7413K->7413K(1056768K)
[28.702s][info][gc           ] GC(608) Pause Young (Normal) (G1 Evacuation Pause) 344M->38M(512M) 1.005ms
[28.702s][info][gc,cpu       ] GC(608) User=0.00s Sys=0.00s Real=0.00s
[28.745s][info][gc,start     ] GC(609) Pause Young (Normal) (G1 Evacuation Pause)
[28.745s][info][gc,task      ] GC(609) Using 8 workers of 8 for evacuation
[28.746s][info][gc,phases    ] GC(609)   Pre Evacuate Collection Set: 0.0ms
[28.746s][info][gc,phases    ] GC(609)   Evacuate Collection Set: 0.4ms
[28.746s][info][gc,phases    ] GC(609)   Post Evacuate Collection Set: 0.3ms
[28.746s][info][gc,phases    ] GC(609)   Other: 0.2ms
[28.746s][info][gc,heap      ] GC(609) Eden regions: 306->0(306)
[28.746s][info][gc,heap      ] GC(609) Survivor regions: 1->1(39)
[28.746s][info][gc,heap      ] GC(609) Old regions: 38->38
[28.746s][info][gc,heap      ] GC(609) Humongous regions: 0->0
[28.746s][info][gc,metaspace ] GC(609) Metaspace: 7413K->7413K(1056768K)
[28.746s][info][gc           ] GC(609) Pause Young (Normal) (G1 Evacuation Pause) 344M->38M(512M) 0.920ms
[28.746s][info][gc,cpu       ] GC(609) User=0.00s Sys=0.00s Real=0.00s
[28.793s][info][gc,start     ] GC(610) Pause Young (Normal) (G1 Evacuation Pause)
[28.793s][info][gc,task      ] GC(610) Using 8 workers of 8 for evacuation
[28.794s][info][gc,phases    ] GC(610)   Pre Evacuate Collection Set: 0.0ms
[28.794s][info][gc,phases    ] GC(610)   Evacuate Collection Set: 0.4ms
[28.794s][info][gc,phases    ] GC(610)   Post Evacuate Collection Set: 0.3ms
[28.794s][info][gc,phases    ] GC(610)   Other: 0.2ms
[28.794s][info][gc,heap      ] GC(610) Eden regions: 306->0(306)
[28.794s][info][gc,heap      ] GC(610) Survivor regions: 1->1(39)
[28.794s][info][gc,heap      ] GC(610) Old regions: 38->38
[28.794s][info][gc,heap      ] GC(610) Humongous regions: 0->0
[28.794s][info][gc,metaspace ] GC(610) Metaspace: 7413K->7413K(1056768K)
[28.794s][info][gc           ] GC(610) Pause Young (Normal) (G1 Evacuation Pause) 344M->38M(512M) 0.918ms
[28.794s][info][gc,cpu       ] GC(610) User=0.00s Sys=0.00s Real=0.00s
[28.843s][info][gc,start     ] GC(611) Pause Young (Normal) (G1 Evacuation Pause)
[28.843s][info][gc,task      ] GC(611) Using 8 workers of 8 for evacuation
[28.845s][info][gc,phases    ] GC(611)   Pre Evacuate Collection Set: 0.0ms
[28.845s][info][gc,phases    ] GC(611)   Evacuate Collection Set: 0.7ms
[28.845s][info][gc,phases    ] GC(611)   Post Evacuate Collection Set: 0.5ms
[28.845s][info][gc,phases    ] GC(611)   Other: 0.3ms
[28.845s][info][gc,heap      ] GC(611) Eden regions: 306->0(306)
[28.845s][info][gc,heap      ] GC(611) Survivor regions: 1->1(39)
[28.845s][info][gc,heap      ] GC(611) Old regions: 38->38
[28.845s][info][gc,heap      ] GC(611) Humongous regions: 0->0
[28.845s][info][gc,metaspace ] GC(611) Metaspace: 7413K->7413K(1056768K)
[28.845s][info][gc           ] GC(611) Pause Young (Normal) (G1 Evacuation Pause) 344M->38M(512M) 1.715ms
[28.845s][info][gc,cpu       ] GC(611) User=0.01s Sys=0.00s Real=0.00s
[28.889s][info][gc,start     ] GC(612) Pause Young (Normal) (G1 Evacuation Pause)
[28.889s][info][gc,task      ] GC(612) Using 8 workers of 8 for evacuation
[28.890s][info][gc,phases    ] GC(612)   Pre Evacuate Collection Set: 0.0ms
[28.890s][info][gc,phases    ] GC(612)   Evacuate Collection Set: 0.5ms
[28.890s][info][gc,phases    ] GC(612)   Post Evacuate Collection Set: 0.2ms
[28.890s][info][gc,phases    ] GC(612)   Other: 0.1ms
[28.890s][info][gc,heap      ] GC(612) Eden regions: 306->0(306)
[28.890s][info][gc,heap      ] GC(612) Survivor regions: 1->1(39)
[28.890s][info][gc,heap      ] GC(612) Old regions: 38->38
[28.890s][info][gc,heap      ] GC(612) Humongous regions: 0->0
[28.890s][info][gc,metaspace ] GC(612) Metaspace: 7413K->7413K(1056768K)
[28.890s][info][gc           ] GC(612) Pause Young (Normal) (G1 Evacuation Pause) 344M->38M(512M) 0.938ms
[28.890s][info][gc,cpu       ] GC(612) User=0.01s Sys=0.00s Real=0.00s
[28.932s][info][gc,start     ] GC(613) Pause Young (Normal) (G1 Evacuation Pause)
[28.932s][info][gc,task      ] GC(613) Using 8 workers of 8 for evacuation
[28.932s][info][gc,phases    ] GC(613)   Pre Evacuate Collection Set: 0.0ms
[28.932s][info][gc,phases    ] GC(613)   Evacuate Collection Set: 0.3ms
[28.932s][info][gc,phases    ] GC(613)   Post Evacuate Collection Set: 0.2ms
[28.932s][info][gc,phases    ] GC(613)   Other: 0.1ms
[28.932s][info][gc,heap      ] GC(613) Eden regions: 306->0(306)
[28.932s][info][gc,heap      ] GC(613) Survivor regions: 1->1(39)
[28.932s][info][gc,heap      ] GC(613) Old regions: 38->38
[28.932s][info][gc,heap      ] GC(613) Humongous regions: 0->0
[28.932s][info][gc,metaspace ] GC(613) Metaspace: 7413K->7413K(1056768K)
[28.932s][info][gc           ] GC(613) Pause Young (Normal) (G1 Evacuation Pause) 344M->38M(512M) 0.849ms
[28.932s][info][gc,cpu       ] GC(613) User=0.00s Sys=0.00s Real=0.00s
[28.971s][info][gc,start     ] GC(614) Pause Young (Normal) (G1 Evacuation Pause)
[28.971s][info][gc,task      ] GC(614) Using 8 workers of 8 for evacuation
[28.972s][info][gc,phases    ] GC(614)   Pre Evacuate Collection Set: 0.0ms
[28.972s][info][gc,phases    ] GC(614)   Evacuate Collection Set: 0.4ms
[28.972s][info][gc,phases    ] GC(614)   Post Evacuate Collection Set: 0.2ms
[28.972s][info][gc,phases    ] GC(614)   Other: 0.1ms
[28.972s][info][gc,heap      ] GC(614) Eden regions: 306->0(306)
[28.972s][info][gc,heap      ] GC(614) Survivor regions: 1->1(39)
[28.972s][info][gc,heap      ] GC(614) Old regions: 38->38
[28.972s][info][gc,heap      ] GC(614) Humongous regions: 0->0
[28.972s][info][gc,metaspace ] GC(614) Metaspace: 7413K->7413K(1056768K)
[28.972s][info][gc           ] GC(614) Pause Young (Normal) (G1 Evacuation Pause) 344M->38M(512M) 0.891ms
[28.972s][info][gc,cpu       ] GC(614) User=0.00s Sys=0.00s Real=0.00s
[29.015s][info][gc,start     ] GC(615) Pause Young (Normal) (G1 Evacuation Pause)
[29.015s][info][gc,task      ] GC(615) Using 8 workers of 8 for evacuation
[29.016s][info][gc,phases    ] GC(615)   Pre Evacuate Collection Set: 0.0ms
[29.016s][info][gc,phases    ] GC(615)   Evacuate Collection Set: 0.4ms
[29.016s][info][gc,phases    ] GC(615)   Post Evacuate Collection Set: 0.4ms
[29.016s][info][gc,phases    ] GC(615)   Other: 0.2ms
[29.016s][info][gc,heap      ] GC(615) Eden regions: 306->0(306)
[29.016s][info][gc,heap      ] GC(615) Survivor regions: 1->1(39)
[29.016s][info][gc,heap      ] GC(615) Old regions: 38->38
[29.016s][info][gc,heap      ] GC(615) Humongous regions: 0->0
[29.016s][info][gc,metaspace ] GC(615) Metaspace: 7413K->7413K(1056768K)
[29.016s][info][gc           ] GC(615) Pause Young (Normal) (G1 Evacuation Pause) 344M->38M(512M) 0.995ms
[29.016s][info][gc,cpu       ] GC(615) User=0.00s Sys=0.00s Real=0.00s
[29.064s][info][gc,start     ] GC(616) Pause Young (Normal) (G1 Evacuation Pause)
[29.064s][info][gc,task      ] GC(616) Using 8 workers of 8 for evacuation
[29.065s][info][gc,phases    ] GC(616)   Pre Evacuate Collection Set: 0.0ms
[29.065s][info][gc,phases    ] GC(616)   Evacuate Collection Set: 0.5ms
[29.065s][info][gc,phases    ] GC(616)   Post Evacuate Collection Set: 0.2ms
[29.065s][info][gc,phases    ] GC(616)   Other: 0.1ms
[29.065s][info][gc,heap      ] GC(616) Eden regions: 306->0(306)
[29.065s][info][gc,heap      ] GC(616) Survivor regions: 1->1(39)
[29.065s][info][gc,heap      ] GC(616) Old regions: 38->38
[29.065s][info][gc,heap      ] GC(616) Humongous regions: 0->0
[29.065s][info][gc,metaspace ] GC(616) Metaspace: 7413K->7413K(1056768K)
[29.065s][info][gc           ] GC(616) Pause Young (Normal) (G1 Evacuation Pause) 344M->38M(512M) 1.025ms
[29.065s][info][gc,cpu       ] GC(616) User=0.00s Sys=0.00s Real=0.00s
[29.115s][info][gc,start     ] GC(617) Pause Young (Normal) (G1 Evacuation Pause)
[29.115s][info][gc,task      ] GC(617) Using 8 workers of 8 for evacuation
[29.116s][info][gc,phases    ] GC(617)   Pre Evacuate Collection Set: 0.0ms
[29.116s][info][gc,phases    ] GC(617)   Evacuate Collection Set: 0.4ms
[29.116s][info][gc,phases    ] GC(617)   Post Evacuate Collection Set: 0.3ms
[29.116s][info][gc,phases    ] GC(617)   Other: 0.1ms
[29.116s][info][gc,heap      ] GC(617) Eden regions: 306->0(306)
[29.116s][info][gc,heap      ] GC(617) Survivor regions: 1->1(39)
[29.116s][info][gc,heap      ] GC(617) Old regions: 38->39
[29.116s][info][gc,heap      ] GC(617) Humongous regions: 0->0
[29.116s][info][gc,metaspace ] GC(617) Metaspace: 7413K->7413K(1056768K)
[29.116s][info][gc           ] GC(617) Pause Young (Normal) (G1 Evacuation Pause) 344M->38M(512M) 0.944ms
[29.116s][info][gc,cpu       ] GC(617) User=0.00s Sys=0.00s Real=0.00s
[29.158s][info][gc,start     ] GC(618) Pause Young (Normal) (G1 Evacuation Pause)
[29.158s][info][gc,task      ] GC(618) Using 8 workers of 8 for evacuation
[29.159s][info][gc,phases    ] GC(618)   Pre Evacuate Collection Set: 0.0ms
[29.159s][info][gc,phases    ] GC(618)   Evacuate Collection Set: 0.5ms
[29.159s][info][gc,phases    ] GC(618)   Post Evacuate Collection Set: 0.2ms
[29.159s][info][gc,phases    ] GC(618)   Other: 0.2ms
[29.159s][info][gc,heap      ] GC(618) Eden regions: 306->0(306)
[29.159s][info][gc,heap      ] GC(618) Survivor regions: 1->1(39)
[29.159s][info][gc,heap      ] GC(618) Old regions: 39->39
[29.159s][info][gc,heap      ] GC(618) Humongous regions: 0->0
[29.159s][info][gc,metaspace ] GC(618) Metaspace: 7413K->7413K(1056768K)
[29.159s][info][gc           ] GC(618) Pause Young (Normal) (G1 Evacuation Pause) 344M->39M(512M) 1.068ms
[29.159s][info][gc,cpu       ] GC(618) User=0.01s Sys=0.00s Real=0.01s
[29.204s][info][gc,start     ] GC(619) Pause Young (Normal) (G1 Evacuation Pause)
[29.204s][info][gc,task      ] GC(619) Using 8 workers of 8 for evacuation
[29.205s][info][gc,phases    ] GC(619)   Pre Evacuate Collection Set: 0.0ms
[29.205s][info][gc,phases    ] GC(619)   Evacuate Collection Set: 0.6ms
[29.205s][info][gc,phases    ] GC(619)   Post Evacuate Collection Set: 0.3ms
[29.205s][info][gc,phases    ] GC(619)   Other: 0.2ms
[29.205s][info][gc,heap      ] GC(619) Eden regions: 306->0(306)
[29.205s][info][gc,heap      ] GC(619) Survivor regions: 1->1(39)
[29.205s][info][gc,heap      ] GC(619) Old regions: 39->39
[29.205s][info][gc,heap      ] GC(619) Humongous regions: 0->0
[29.205s][info][gc,metaspace ] GC(619) Metaspace: 7413K->7413K(1056768K)
[29.205s][info][gc           ] GC(619) Pause Young (Normal) (G1 Evacuation Pause) 345M->39M(512M) 1.266ms
[29.205s][info][gc,cpu       ] GC(619) User=0.01s Sys=0.00s Real=0.00s
[29.249s][info][gc,start     ] GC(620) Pause Young (Normal) (G1 Evacuation Pause)
[29.249s][info][gc,task      ] GC(620) Using 8 workers of 8 for evacuation
[29.250s][info][gc,phases    ] GC(620)   Pre Evacuate Collection Set: 0.0ms
[29.250s][info][gc,phases    ] GC(620)   Evacuate Collection Set: 0.4ms
[29.250s][info][gc,phases    ] GC(620)   Post Evacuate Collection Set: 0.2ms
[29.250s][info][gc,phases    ] GC(620)   Other: 0.1ms
[29.250s][info][gc,heap      ] GC(620) Eden regions: 306->0(306)
[29.250s][info][gc,heap      ] GC(620) Survivor regions: 1->1(39)
[29.250s][info][gc,heap      ] GC(620) Old regions: 39->39
[29.250s][info][gc,heap      ] GC(620) Humongous regions: 0->0
[29.250s][info][gc,metaspace ] GC(620) Metaspace: 7413K->7413K(1056768K)
[29.250s][info][gc           ] GC(620) Pause Young (Normal) (G1 Evacuation Pause) 345M->39M(512M) 0.884ms
[29.250s][info][gc,cpu       ] GC(620) User=0.00s Sys=0.00s Real=0.00s
[29.312s][info][gc,start     ] GC(621) Pause Young (Normal) (G1 Evacuation Pause)
[29.312s][info][gc,task      ] GC(621) Using 8 workers of 8 for evacuation
[29.313s][info][gc,phases    ] GC(621)   Pre Evacuate Collection Set: 0.0ms
[29.313s][info][gc,phases    ] GC(621)   Evacuate Collection Set: 0.8ms
[29.313s][info][gc,phases    ] GC(621)   Post Evacuate Collection Set: 0.5ms
[29.313s][info][gc,phases    ] GC(621)   Other: 0.3ms
[29.313s][info][gc,heap      ] GC(621) Eden regions: 306->0(306)
[29.313s][info][gc,heap      ] GC(621) Survivor regions: 1->1(39)
[29.313s][info][gc,heap      ] GC(621) Old regions: 39->39
[29.314s][info][gc,heap      ] GC(621) Humongous regions: 0->0
[29.314s][info][gc,metaspace ] GC(621) Metaspace: 7413K->7413K(1056768K)
[29.314s][info][gc           ] GC(621) Pause Young (Normal) (G1 Evacuation Pause) 345M->39M(512M) 1.792ms
[29.314s][info][gc,cpu       ] GC(621) User=0.00s Sys=0.00s Real=0.00s
[29.354s][info][gc,start     ] GC(622) Pause Young (Normal) (G1 Evacuation Pause)
[29.354s][info][gc,task      ] GC(622) Using 8 workers of 8 for evacuation
[29.355s][info][gc,phases    ] GC(622)   Pre Evacuate Collection Set: 0.0ms
[29.355s][info][gc,phases    ] GC(622)   Evacuate Collection Set: 0.4ms
[29.355s][info][gc,phases    ] GC(622)   Post Evacuate Collection Set: 0.2ms
[29.355s][info][gc,phases    ] GC(622)   Other: 0.1ms
[29.355s][info][gc,heap      ] GC(622) Eden regions: 306->0(306)
[29.355s][info][gc,heap      ] GC(622) Survivor regions: 1->1(39)
[29.355s][info][gc,heap      ] GC(622) Old regions: 39->39
[29.355s][info][gc,heap      ] GC(622) Humongous regions: 0->0
[29.355s][info][gc,metaspace ] GC(622) Metaspace: 7413K->7413K(1056768K)
[29.355s][info][gc           ] GC(622) Pause Young (Normal) (G1 Evacuation Pause) 345M->39M(512M) 0.876ms
[29.355s][info][gc,cpu       ] GC(622) User=0.01s Sys=0.00s Real=0.00s
[29.397s][info][gc,start     ] GC(623) Pause Young (Normal) (G1 Evacuation Pause)
[29.397s][info][gc,task      ] GC(623) Using 8 workers of 8 for evacuation
[29.398s][info][gc,phases    ] GC(623)   Pre Evacuate Collection Set: 0.0ms
[29.398s][info][gc,phases    ] GC(623)   Evacuate Collection Set: 0.6ms
[29.398s][info][gc,phases    ] GC(623)   Post Evacuate Collection Set: 0.2ms
[29.398s][info][gc,phases    ] GC(623)   Other: 0.2ms
[29.398s][info][gc,heap      ] GC(623) Eden regions: 306->0(306)
[29.398s][info][gc,heap      ] GC(623) Survivor regions: 1->1(39)
[29.398s][info][gc,heap      ] GC(623) Old regions: 39->39
[29.398s][info][gc,heap      ] GC(623) Humongous regions: 0->0
[29.398s][info][gc,metaspace ] GC(623) Metaspace: 7413K->7413K(1056768K)
[29.398s][info][gc           ] GC(623) Pause Young (Normal) (G1 Evacuation Pause) 345M->39M(512M) 1.105ms
[29.398s][info][gc,cpu       ] GC(623) User=0.00s Sys=0.00s Real=0.00s
[29.437s][info][gc,start     ] GC(624) Pause Young (Normal) (G1 Evacuation Pause)
[29.437s][info][gc,task      ] GC(624) Using 8 workers of 8 for evacuation
[29.438s][info][gc,phases    ] GC(624)   Pre Evacuate Collection Set: 0.0ms
[29.438s][info][gc,phases    ] GC(624)   Evacuate Collection Set: 0.5ms
[29.438s][info][gc,phases    ] GC(624)   Post Evacuate Collection Set: 0.4ms
[29.438s][info][gc,phases    ] GC(624)   Other: 0.2ms
[29.438s][info][gc,heap      ] GC(624) Eden regions: 306->0(306)
[29.438s][info][gc,heap      ] GC(624) Survivor regions: 1->1(39)
[29.438s][info][gc,heap      ] GC(624) Old regions: 39->39
[29.438s][info][gc,heap      ] GC(624) Humongous regions: 0->0
[29.438s][info][gc,metaspace ] GC(624) Metaspace: 7413K->7413K(1056768K)
[29.438s][info][gc           ] GC(624) Pause Young (Normal) (G1 Evacuation Pause) 345M->39M(512M) 1.186ms
[29.438s][info][gc,cpu       ] GC(624) User=0.00s Sys=0.00s Real=0.00s
[29.483s][info][gc,start     ] GC(625) Pause Young (Normal) (G1 Evacuation Pause)
[29.483s][info][gc,task      ] GC(625) Using 8 workers of 8 for evacuation
[29.484s][info][gc,phases    ] GC(625)   Pre Evacuate Collection Set: 0.0ms
[29.484s][info][gc,phases    ] GC(625)   Evacuate Collection Set: 0.4ms
[29.484s][info][gc,phases    ] GC(625)   Post Evacuate Collection Set: 0.2ms
[29.484s][info][gc,phases    ] GC(625)   Other: 0.2ms
[29.484s][info][gc,heap      ] GC(625) Eden regions: 306->0(306)
[29.484s][info][gc,heap      ] GC(625) Survivor regions: 1->1(39)
[29.484s][info][gc,heap      ] GC(625) Old regions: 39->39
[29.484s][info][gc,heap      ] GC(625) Humongous regions: 0->0
[29.484s][info][gc,metaspace ] GC(625) Metaspace: 7413K->7413K(1056768K)
[29.484s][info][gc           ] GC(625) Pause Young (Normal) (G1 Evacuation Pause) 345M->39M(512M) 0.935ms
[29.484s][info][gc,cpu       ] GC(625) User=0.00s Sys=0.00s Real=0.00s
[29.534s][info][gc,start     ] GC(626) Pause Young (Normal) (G1 Evacuation Pause)
[29.534s][info][gc,task      ] GC(626) Using 8 workers of 8 for evacuation
[29.534s][info][gc,phases    ] GC(626)   Pre Evacuate Collection Set: 0.0ms
[29.534s][info][gc,phases    ] GC(626)   Evacuate Collection Set: 0.4ms
[29.534s][info][gc,phases    ] GC(626)   Post Evacuate Collection Set: 0.2ms
[29.534s][info][gc,phases    ] GC(626)   Other: 0.1ms
[29.534s][info][gc,heap      ] GC(626) Eden regions: 306->0(306)
[29.534s][info][gc,heap      ] GC(626) Survivor regions: 1->1(39)
[29.534s][info][gc,heap      ] GC(626) Old regions: 39->39
[29.534s][info][gc,heap      ] GC(626) Humongous regions: 0->0
[29.534s][info][gc,metaspace ] GC(626) Metaspace: 7413K->7413K(1056768K)
[29.534s][info][gc           ] GC(626) Pause Young (Normal) (G1 Evacuation Pause) 345M->39M(512M) 0.866ms
[29.534s][info][gc,cpu       ] GC(626) User=0.00s Sys=0.00s Real=0.00s
[29.579s][info][gc,start     ] GC(627) Pause Young (Normal) (G1 Evacuation Pause)
[29.579s][info][gc,task      ] GC(627) Using 8 workers of 8 for evacuation
[29.580s][info][gc,phases    ] GC(627)   Pre Evacuate Collection Set: 0.0ms
[29.580s][info][gc,phases    ] GC(627)   Evacuate Collection Set: 0.4ms
[29.580s][info][gc,phases    ] GC(627)   Post Evacuate Collection Set: 0.3ms
[29.580s][info][gc,phases    ] GC(627)   Other: 0.1ms
[29.580s][info][gc,heap      ] GC(627) Eden regions: 306->0(306)
[29.580s][info][gc,heap      ] GC(627) Survivor regions: 1->1(39)
[29.580s][info][gc,heap      ] GC(627) Old regions: 39->39
[29.580s][info][gc,heap      ] GC(627) Humongous regions: 0->0
[29.580s][info][gc,metaspace ] GC(627) Metaspace: 7413K->7413K(1056768K)
[29.580s][info][gc           ] GC(627) Pause Young (Normal) (G1 Evacuation Pause) 345M->39M(512M) 0.897ms
[29.580s][info][gc,cpu       ] GC(627) User=0.00s Sys=0.00s Real=0.00s
[29.622s][info][gc,start     ] GC(628) Pause Young (Normal) (G1 Evacuation Pause)
[29.623s][info][gc,task      ] GC(628) Using 8 workers of 8 for evacuation
[29.623s][info][gc,phases    ] GC(628)   Pre Evacuate Collection Set: 0.0ms
[29.623s][info][gc,phases    ] GC(628)   Evacuate Collection Set: 0.5ms
[29.623s][info][gc,phases    ] GC(628)   Post Evacuate Collection Set: 0.2ms
[29.623s][info][gc,phases    ] GC(628)   Other: 0.2ms
[29.623s][info][gc,heap      ] GC(628) Eden regions: 306->0(306)
[29.623s][info][gc,heap      ] GC(628) Survivor regions: 1->1(39)
[29.623s][info][gc,heap      ] GC(628) Old regions: 39->39
[29.623s][info][gc,heap      ] GC(628) Humongous regions: 0->0
[29.623s][info][gc,metaspace ] GC(628) Metaspace: 7413K->7413K(1056768K)
[29.623s][info][gc           ] GC(628) Pause Young (Normal) (G1 Evacuation Pause) 345M->39M(512M) 0.999ms
[29.624s][info][gc,cpu       ] GC(628) User=0.01s Sys=0.00s Real=0.00s
[29.664s][info][gc,start     ] GC(629) Pause Young (Normal) (G1 Evacuation Pause)
[29.664s][info][gc,task      ] GC(629) Using 8 workers of 8 for evacuation
[29.665s][info][gc,phases    ] GC(629)   Pre Evacuate Collection Set: 0.0ms
[29.665s][info][gc,phases    ] GC(629)   Evacuate Collection Set: 0.5ms
[29.665s][info][gc,phases    ] GC(629)   Post Evacuate Collection Set: 0.2ms
[29.665s][info][gc,phases    ] GC(629)   Other: 0.1ms
[29.665s][info][gc,heap      ] GC(629) Eden regions: 306->0(306)
[29.665s][info][gc,heap      ] GC(629) Survivor regions: 1->1(39)
[29.665s][info][gc,heap      ] GC(629) Old regions: 39->39
[29.665s][info][gc,heap      ] GC(629) Humongous regions: 0->0
[29.665s][info][gc,metaspace ] GC(629) Metaspace: 7413K->7413K(1056768K)
[29.665s][info][gc           ] GC(629) Pause Young (Normal) (G1 Evacuation Pause) 345M->39M(512M) 0.917ms
[29.665s][info][gc,cpu       ] GC(629) User=0.00s Sys=0.00s Real=0.00s
[29.711s][info][gc,start     ] GC(630) Pause Young (Normal) (G1 Evacuation Pause)
[29.711s][info][gc,task      ] GC(630) Using 8 workers of 8 for evacuation
[29.712s][info][gc,phases    ] GC(630)   Pre Evacuate Collection Set: 0.0ms
[29.712s][info][gc,phases    ] GC(630)   Evacuate Collection Set: 0.6ms
[29.712s][info][gc,phases    ] GC(630)   Post Evacuate Collection Set: 0.4ms
[29.712s][info][gc,phases    ] GC(630)   Other: 0.2ms
[29.712s][info][gc,heap      ] GC(630) Eden regions: 306->0(306)
[29.712s][info][gc,heap      ] GC(630) Survivor regions: 1->1(39)
[29.712s][info][gc,heap      ] GC(630) Old regions: 39->39
[29.712s][info][gc,heap      ] GC(630) Humongous regions: 0->0
[29.712s][info][gc,metaspace ] GC(630) Metaspace: 7413K->7413K(1056768K)
[29.712s][info][gc           ] GC(630) Pause Young (Normal) (G1 Evacuation Pause) 345M->39M(512M) 1.261ms
[29.712s][info][gc,cpu       ] GC(630) User=0.00s Sys=0.00s Real=0.00s
[29.767s][info][gc,start     ] GC(631) Pause Young (Normal) (G1 Evacuation Pause)
[29.767s][info][gc,task      ] GC(631) Using 8 workers of 8 for evacuation
[29.768s][info][gc,phases    ] GC(631)   Pre Evacuate Collection Set: 0.0ms
[29.768s][info][gc,phases    ] GC(631)   Evacuate Collection Set: 0.4ms
[29.768s][info][gc,phases    ] GC(631)   Post Evacuate Collection Set: 0.2ms
[29.768s][info][gc,phases    ] GC(631)   Other: 0.1ms
[29.768s][info][gc,heap      ] GC(631) Eden regions: 306->0(306)
[29.768s][info][gc,heap      ] GC(631) Survivor regions: 1->1(39)
[29.768s][info][gc,heap      ] GC(631) Old regions: 39->39
[29.768s][info][gc,heap      ] GC(631) Humongous regions: 0->0
[29.768s][info][gc,metaspace ] GC(631) Metaspace: 7413K->7413K(1056768K)
[29.768s][info][gc           ] GC(631) Pause Young (Normal) (G1 Evacuation Pause) 345M->39M(512M) 0.881ms
[29.768s][info][gc,cpu       ] GC(631) User=0.00s Sys=0.00s Real=0.00s
[29.812s][info][gc,start     ] GC(632) Pause Young (Normal) (G1 Evacuation Pause)
[29.812s][info][gc,task      ] GC(632) Using 8 workers of 8 for evacuation
[29.813s][info][gc,phases    ] GC(632)   Pre Evacuate Collection Set: 0.0ms
[29.813s][info][gc,phases    ] GC(632)   Evacuate Collection Set: 0.5ms
[29.813s][info][gc,phases    ] GC(632)   Post Evacuate Collection Set: 0.2ms
[29.813s][info][gc,phases    ] GC(632)   Other: 0.1ms
[29.813s][info][gc,heap      ] GC(632) Eden regions: 306->0(306)
[29.813s][info][gc,heap      ] GC(632) Survivor regions: 1->1(39)
[29.813s][info][gc,heap      ] GC(632) Old regions: 39->39
[29.813s][info][gc,heap      ] GC(632) Humongous regions: 0->0
[29.813s][info][gc,metaspace ] GC(632) Metaspace: 7413K->7413K(1056768K)
[29.813s][info][gc           ] GC(632) Pause Young (Normal) (G1 Evacuation Pause) 345M->39M(512M) 0.925ms
[29.813s][info][gc,cpu       ] GC(632) User=0.00s Sys=0.00s Real=0.00s
[29.853s][info][gc,start     ] GC(633) Pause Young (Normal) (G1 Evacuation Pause)
[29.853s][info][gc,task      ] GC(633) Using 8 workers of 8 for evacuation
[29.854s][info][gc,phases    ] GC(633)   Pre Evacuate Collection Set: 0.0ms
[29.854s][info][gc,phases    ] GC(633)   Evacuate Collection Set: 0.4ms
[29.854s][info][gc,phases    ] GC(633)   Post Evacuate Collection Set: 0.3ms
[29.854s][info][gc,phases    ] GC(633)   Other: 0.2ms
[29.854s][info][gc,heap      ] GC(633) Eden regions: 306->0(306)
[29.854s][info][gc,heap      ] GC(633) Survivor regions: 1->1(39)
[29.854s][info][gc,heap      ] GC(633) Old regions: 39->39
[29.854s][info][gc,heap      ] GC(633) Humongous regions: 0->0
[29.854s][info][gc,metaspace ] GC(633) Metaspace: 7413K->7413K(1056768K)
[29.854s][info][gc           ] GC(633) Pause Young (Normal) (G1 Evacuation Pause) 345M->39M(512M) 0.898ms
[29.854s][info][gc,cpu       ] GC(633) User=0.01s Sys=0.00s Real=0.00s
[29.894s][info][gc,start     ] GC(634) Pause Young (Normal) (G1 Evacuation Pause)
[29.894s][info][gc,task      ] GC(634) Using 8 workers of 8 for evacuation
[29.895s][info][gc,phases    ] GC(634)   Pre Evacuate Collection Set: 0.0ms
[29.895s][info][gc,phases    ] GC(634)   Evacuate Collection Set: 0.4ms
[29.895s][info][gc,phases    ] GC(634)   Post Evacuate Collection Set: 0.2ms
[29.895s][info][gc,phases    ] GC(634)   Other: 0.1ms
[29.895s][info][gc,heap      ] GC(634) Eden regions: 306->0(306)
[29.895s][info][gc,heap      ] GC(634) Survivor regions: 1->1(39)
[29.895s][info][gc,heap      ] GC(634) Old regions: 39->40
[29.895s][info][gc,heap      ] GC(634) Humongous regions: 0->0
[29.895s][info][gc,metaspace ] GC(634) Metaspace: 7413K->7413K(1056768K)
[29.895s][info][gc           ] GC(634) Pause Young (Normal) (G1 Evacuation Pause) 345M->39M(512M) 0.869ms
[29.895s][info][gc,cpu       ] GC(634) User=0.00s Sys=0.00s Real=0.00s
[29.940s][info][gc,start     ] GC(635) Pause Young (Normal) (G1 Evacuation Pause)
[29.940s][info][gc,task      ] GC(635) Using 8 workers of 8 for evacuation
[29.941s][info][gc,phases    ] GC(635)   Pre Evacuate Collection Set: 0.0ms
[29.941s][info][gc,phases    ] GC(635)   Evacuate Collection Set: 0.5ms
[29.941s][info][gc,phases    ] GC(635)   Post Evacuate Collection Set: 0.2ms
[29.941s][info][gc,phases    ] GC(635)   Other: 0.1ms
[29.941s][info][gc,heap      ] GC(635) Eden regions: 306->0(306)
[29.941s][info][gc,heap      ] GC(635) Survivor regions: 1->1(39)
[29.941s][info][gc,heap      ] GC(635) Old regions: 40->40
[29.941s][info][gc,heap      ] GC(635) Humongous regions: 0->0
[29.941s][info][gc,metaspace ] GC(635) Metaspace: 7413K->7413K(1056768K)
[29.941s][info][gc           ] GC(635) Pause Young (Normal) (G1 Evacuation Pause) 345M->40M(512M) 0.983ms
[29.941s][info][gc,cpu       ] GC(635) User=0.00s Sys=0.00s Real=0.00s
[29.999s][info][gc,start     ] GC(636) Pause Young (Normal) (G1 Evacuation Pause)
[29.999s][info][gc,task      ] GC(636) Using 8 workers of 8 for evacuation
[30.000s][info][gc,phases    ] GC(636)   Pre Evacuate Collection Set: 0.0ms
[30.000s][info][gc,phases    ] GC(636)   Evacuate Collection Set: 0.4ms
[30.000s][info][gc,phases    ] GC(636)   Post Evacuate Collection Set: 0.2ms
[30.000s][info][gc,phases    ] GC(636)   Other: 0.1ms
[30.000s][info][gc,heap      ] GC(636) Eden regions: 306->0(306)
[30.000s][info][gc,heap      ] GC(636) Survivor regions: 1->1(39)
[30.000s][info][gc,heap      ] GC(636) Old regions: 40->40
[30.000s][info][gc,heap      ] GC(636) Humongous regions: 0->0
[30.000s][info][gc,metaspace ] GC(636) Metaspace: 7413K->7413K(1056768K)
[30.000s][info][gc           ] GC(636) Pause Young (Normal) (G1 Evacuation Pause) 346M->40M(512M) 0.903ms
[30.000s][info][gc,cpu       ] GC(636) User=0.00s Sys=0.00s Real=0.01s
[30.041s][info][gc,start     ] GC(637) Pause Young (Normal) (G1 Evacuation Pause)
[30.041s][info][gc,task      ] GC(637) Using 8 workers of 8 for evacuation
[30.042s][info][gc,phases    ] GC(637)   Pre Evacuate Collection Set: 0.0ms
[30.042s][info][gc,phases    ] GC(637)   Evacuate Collection Set: 0.5ms
[30.042s][info][gc,phases    ] GC(637)   Post Evacuate Collection Set: 0.3ms
[30.042s][info][gc,phases    ] GC(637)   Other: 0.2ms
[30.042s][info][gc,heap      ] GC(637) Eden regions: 306->0(306)
[30.042s][info][gc,heap      ] GC(637) Survivor regions: 1->1(39)
[30.042s][info][gc,heap      ] GC(637) Old regions: 40->40
[30.042s][info][gc,heap      ] GC(637) Humongous regions: 0->0
[30.042s][info][gc,metaspace ] GC(637) Metaspace: 7413K->7413K(1056768K)
[30.042s][info][gc           ] GC(637) Pause Young (Normal) (G1 Evacuation Pause) 346M->40M(512M) 1.067ms
[30.042s][info][gc,cpu       ] GC(637) User=0.01s Sys=0.01s Real=0.00s
[30.082s][info][gc,start     ] GC(638) Pause Young (Normal) (G1 Evacuation Pause)
[30.082s][info][gc,task      ] GC(638) Using 8 workers of 8 for evacuation
[30.083s][info][gc,phases    ] GC(638)   Pre Evacuate Collection Set: 0.0ms
[30.083s][info][gc,phases    ] GC(638)   Evacuate Collection Set: 0.4ms
[30.083s][info][gc,phases    ] GC(638)   Post Evacuate Collection Set: 0.2ms
[30.083s][info][gc,phases    ] GC(638)   Other: 0.1ms
[30.083s][info][gc,heap      ] GC(638) Eden regions: 306->0(306)
[30.083s][info][gc,heap      ] GC(638) Survivor regions: 1->1(39)
[30.083s][info][gc,heap      ] GC(638) Old regions: 40->40
[30.083s][info][gc,heap      ] GC(638) Humongous regions: 0->0
[30.083s][info][gc,metaspace ] GC(638) Metaspace: 7413K->7413K(1056768K)
[30.083s][info][gc           ] GC(638) Pause Young (Normal) (G1 Evacuation Pause) 346M->40M(512M) 0.828ms
[30.083s][info][gc,cpu       ] GC(638) User=0.00s Sys=0.00s Real=0.00s
[30.121s][info][gc,start     ] GC(639) Pause Young (Normal) (G1 Evacuation Pause)
[30.121s][info][gc,task      ] GC(639) Using 8 workers of 8 for evacuation
[30.122s][info][gc,phases    ] GC(639)   Pre Evacuate Collection Set: 0.0ms
[30.122s][info][gc,phases    ] GC(639)   Evacuate Collection Set: 0.5ms
[30.122s][info][gc,phases    ] GC(639)   Post Evacuate Collection Set: 0.2ms
[30.122s][info][gc,phases    ] GC(639)   Other: 0.2ms
[30.122s][info][gc,heap      ] GC(639) Eden regions: 306->0(306)
[30.122s][info][gc,heap      ] GC(639) Survivor regions: 1->1(39)
[30.122s][info][gc,heap      ] GC(639) Old regions: 40->40
[30.122s][info][gc,heap      ] GC(639) Humongous regions: 0->0
[30.122s][info][gc,metaspace ] GC(639) Metaspace: 7413K->7413K(1056768K)
[30.122s][info][gc           ] GC(639) Pause Young (Normal) (G1 Evacuation Pause) 346M->40M(512M) 1.049ms
[30.122s][info][gc,cpu       ] GC(639) User=0.00s Sys=0.00s Real=0.00s
[30.167s][info][gc,start     ] GC(640) Pause Young (Normal) (G1 Evacuation Pause)
[30.167s][info][gc,task      ] GC(640) Using 8 workers of 8 for evacuation
[30.168s][info][gc,phases    ] GC(640)   Pre Evacuate Collection Set: 0.0ms
[30.168s][info][gc,phases    ] GC(640)   Evacuate Collection Set: 0.4ms
[30.168s][info][gc,phases    ] GC(640)   Post Evacuate Collection Set: 0.2ms
[30.168s][info][gc,phases    ] GC(640)   Other: 0.2ms
[30.168s][info][gc,heap      ] GC(640) Eden regions: 306->0(306)
[30.168s][info][gc,heap      ] GC(640) Survivor regions: 1->1(39)
[30.168s][info][gc,heap      ] GC(640) Old regions: 40->40
[30.168s][info][gc,heap      ] GC(640) Humongous regions: 0->0
[30.168s][info][gc,metaspace ] GC(640) Metaspace: 7413K->7413K(1056768K)
[30.168s][info][gc           ] GC(640) Pause Young (Normal) (G1 Evacuation Pause) 346M->40M(512M) 0.943ms
[30.168s][info][gc,cpu       ] GC(640) User=0.00s Sys=0.00s Real=0.00s
[30.215s][info][gc,start     ] GC(641) Pause Young (Normal) (G1 Evacuation Pause)
[30.215s][info][gc,task      ] GC(641) Using 8 workers of 8 for evacuation
[30.216s][info][gc,phases    ] GC(641)   Pre Evacuate Collection Set: 0.0ms
[30.216s][info][gc,phases    ] GC(641)   Evacuate Collection Set: 0.4ms
[30.216s][info][gc,phases    ] GC(641)   Post Evacuate Collection Set: 0.2ms
[30.216s][info][gc,phases    ] GC(641)   Other: 0.1ms
[30.216s][info][gc,heap      ] GC(641) Eden regions: 306->0(306)
[30.216s][info][gc,heap      ] GC(641) Survivor regions: 1->1(39)
[30.216s][info][gc,heap      ] GC(641) Old regions: 40->40
[30.216s][info][gc,heap      ] GC(641) Humongous regions: 0->0
[30.216s][info][gc,metaspace ] GC(641) Metaspace: 7413K->7413K(1056768K)
[30.216s][info][gc           ] GC(641) Pause Young (Normal) (G1 Evacuation Pause) 346M->40M(512M) 0.890ms
[30.216s][info][gc,cpu       ] GC(641) User=0.01s Sys=0.00s Real=0.00s
[30.265s][info][gc,start     ] GC(642) Pause Young (Normal) (G1 Evacuation Pause)
[30.265s][info][gc,task      ] GC(642) Using 8 workers of 8 for evacuation
[30.266s][info][gc,phases    ] GC(642)   Pre Evacuate Collection Set: 0.0ms
[30.266s][info][gc,phases    ] GC(642)   Evacuate Collection Set: 0.4ms
[30.266s][info][gc,phases    ] GC(642)   Post Evacuate Collection Set: 0.3ms
[30.266s][info][gc,phases    ] GC(642)   Other: 0.1ms
[30.266s][info][gc,heap      ] GC(642) Eden regions: 306->0(306)
[30.266s][info][gc,heap      ] GC(642) Survivor regions: 1->1(39)
[30.266s][info][gc,heap      ] GC(642) Old regions: 40->40
[30.266s][info][gc,heap      ] GC(642) Humongous regions: 0->0
[30.266s][info][gc,metaspace ] GC(642) Metaspace: 7413K->7413K(1056768K)
[30.266s][info][gc           ] GC(642) Pause Young (Normal) (G1 Evacuation Pause) 346M->40M(512M) 0.963ms
[30.266s][info][gc,cpu       ] GC(642) User=0.00s Sys=0.00s Real=0.00s
[30.314s][info][gc,start     ] GC(643) Pause Young (Normal) (G1 Evacuation Pause)
[30.314s][info][gc,task      ] GC(643) Using 8 workers of 8 for evacuation
[30.315s][info][gc,phases    ] GC(643)   Pre Evacuate Collection Set: 0.0ms
[30.315s][info][gc,phases    ] GC(643)   Evacuate Collection Set: 0.4ms
[30.315s][info][gc,phases    ] GC(643)   Post Evacuate Collection Set: 0.2ms
[30.315s][info][gc,phases    ] GC(643)   Other: 0.1ms
[30.315s][info][gc,heap      ] GC(643) Eden regions: 306->0(306)
[30.315s][info][gc,heap      ] GC(643) Survivor regions: 1->1(39)
[30.315s][info][gc,heap      ] GC(643) Old regions: 40->40
[30.315s][info][gc,heap      ] GC(643) Humongous regions: 0->0
[30.315s][info][gc,metaspace ] GC(643) Metaspace: 7413K->7413K(1056768K)
[30.315s][info][gc           ] GC(643) Pause Young (Normal) (G1 Evacuation Pause) 346M->40M(512M) 0.811ms
[30.315s][info][gc,cpu       ] GC(643) User=0.00s Sys=0.00s Real=0.00s
[30.355s][info][gc,start     ] GC(644) Pause Young (Normal) (G1 Evacuation Pause)
[30.355s][info][gc,task      ] GC(644) Using 8 workers of 8 for evacuation
[30.356s][info][gc,phases    ] GC(644)   Pre Evacuate Collection Set: 0.0ms
[30.356s][info][gc,phases    ] GC(644)   Evacuate Collection Set: 0.5ms
[30.356s][info][gc,phases    ] GC(644)   Post Evacuate Collection Set: 0.3ms
[30.356s][info][gc,phases    ] GC(644)   Other: 0.2ms
[30.356s][info][gc,heap      ] GC(644) Eden regions: 306->0(306)
[30.356s][info][gc,heap      ] GC(644) Survivor regions: 1->1(39)
[30.356s][info][gc,heap      ] GC(644) Old regions: 40->40
[30.356s][info][gc,heap      ] GC(644) Humongous regions: 0->0
[30.356s][info][gc,metaspace ] GC(644) Metaspace: 7413K->7413K(1056768K)
[30.356s][info][gc           ] GC(644) Pause Young (Normal) (G1 Evacuation Pause) 346M->40M(512M) 1.047ms
[30.356s][info][gc,cpu       ] GC(644) User=0.00s Sys=0.00s Real=0.00s
[30.402s][info][gc,start     ] GC(645) Pause Young (Normal) (G1 Evacuation Pause)
[30.402s][info][gc,task      ] GC(645) Using 8 workers of 8 for evacuation
[30.403s][info][gc,phases    ] GC(645)   Pre Evacuate Collection Set: 0.0ms
[30.403s][info][gc,phases    ] GC(645)   Evacuate Collection Set: 0.5ms
[30.403s][info][gc,phases    ] GC(645)   Post Evacuate Collection Set: 0.2ms
[30.403s][info][gc,phases    ] GC(645)   Other: 0.2ms
[30.403s][info][gc,heap      ] GC(645) Eden regions: 306->0(306)
[30.403s][info][gc,heap      ] GC(645) Survivor regions: 1->1(39)
[30.403s][info][gc,heap      ] GC(645) Old regions: 40->40
[30.403s][info][gc,heap      ] GC(645) Humongous regions: 0->0
[30.403s][info][gc,metaspace ] GC(645) Metaspace: 7413K->7413K(1056768K)
[30.403s][info][gc           ] GC(645) Pause Young (Normal) (G1 Evacuation Pause) 346M->40M(512M) 0.959ms
[30.403s][info][gc,cpu       ] GC(645) User=0.00s Sys=0.00s Real=0.00s
[30.452s][info][gc,start     ] GC(646) Pause Young (Normal) (G1 Evacuation Pause)
[30.453s][info][gc,task      ] GC(646) Using 8 workers of 8 for evacuation
[30.453s][info][gc,phases    ] GC(646)   Pre Evacuate Collection Set: 0.0ms
[30.453s][info][gc,phases    ] GC(646)   Evacuate Collection Set: 0.4ms
[30.453s][info][gc,phases    ] GC(646)   Post Evacuate Collection Set: 0.2ms
[30.453s][info][gc,phases    ] GC(646)   Other: 0.1ms
[30.453s][info][gc,heap      ] GC(646) Eden regions: 306->0(306)
[30.453s][info][gc,heap      ] GC(646) Survivor regions: 1->1(39)
[30.453s][info][gc,heap      ] GC(646) Old regions: 40->40
[30.453s][info][gc,heap      ] GC(646) Humongous regions: 0->0
[30.453s][info][gc,metaspace ] GC(646) Metaspace: 7413K->7413K(1056768K)
[30.453s][info][gc           ] GC(646) Pause Young (Normal) (G1 Evacuation Pause) 346M->40M(512M) 0.910ms
[30.453s][info][gc,cpu       ] GC(646) User=0.00s Sys=0.00s Real=0.00s
[30.498s][info][gc,start     ] GC(647) Pause Young (Normal) (G1 Evacuation Pause)
[30.498s][info][gc,task      ] GC(647) Using 8 workers of 8 for evacuation
[30.499s][info][gc,phases    ] GC(647)   Pre Evacuate Collection Set: 0.0ms
[30.499s][info][gc,phases    ] GC(647)   Evacuate Collection Set: 0.6ms
[30.499s][info][gc,phases    ] GC(647)   Post Evacuate Collection Set: 0.3ms
[30.499s][info][gc,phases    ] GC(647)   Other: 0.2ms
[30.499s][info][gc,heap      ] GC(647) Eden regions: 306->0(306)
[30.499s][info][gc,heap      ] GC(647) Survivor regions: 1->1(39)
[30.499s][info][gc,heap      ] GC(647) Old regions: 40->40
[30.500s][info][gc,heap      ] GC(647) Humongous regions: 0->0
[30.500s][info][gc,metaspace ] GC(647) Metaspace: 7413K->7413K(1056768K)
[30.500s][info][gc           ] GC(647) Pause Young (Normal) (G1 Evacuation Pause) 346M->40M(512M) 1.149ms
[30.500s][info][gc,cpu       ] GC(647) User=0.00s Sys=0.00s Real=0.01s
[30.545s][info][gc,start     ] GC(648) Pause Young (Normal) (G1 Evacuation Pause)
[30.545s][info][gc,task      ] GC(648) Using 8 workers of 8 for evacuation
[30.546s][info][gc,phases    ] GC(648)   Pre Evacuate Collection Set: 0.0ms
[30.546s][info][gc,phases    ] GC(648)   Evacuate Collection Set: 0.6ms
[30.546s][info][gc,phases    ] GC(648)   Post Evacuate Collection Set: 0.3ms
[30.546s][info][gc,phases    ] GC(648)   Other: 0.2ms
[30.546s][info][gc,heap      ] GC(648) Eden regions: 306->0(306)
[30.546s][info][gc,heap      ] GC(648) Survivor regions: 1->1(39)
[30.546s][info][gc,heap      ] GC(648) Old regions: 40->40
[30.546s][info][gc,heap      ] GC(648) Humongous regions: 0->0
[30.546s][info][gc,metaspace ] GC(648) Metaspace: 7413K->7413K(1056768K)
[30.546s][info][gc           ] GC(648) Pause Young (Normal) (G1 Evacuation Pause) 346M->40M(512M) 1.260ms
[30.546s][info][gc,cpu       ] GC(648) User=0.01s Sys=0.01s Real=0.00s
[30.591s][info][gc,start     ] GC(649) Pause Young (Normal) (G1 Evacuation Pause)
[30.591s][info][gc,task      ] GC(649) Using 8 workers of 8 for evacuation
[30.592s][info][gc,phases    ] GC(649)   Pre Evacuate Collection Set: 0.0ms
[30.592s][info][gc,phases    ] GC(649)   Evacuate Collection Set: 0.4ms
[30.592s][info][gc,phases    ] GC(649)   Post Evacuate Collection Set: 0.3ms
[30.592s][info][gc,phases    ] GC(649)   Other: 0.2ms
[30.592s][info][gc,heap      ] GC(649) Eden regions: 306->0(306)
[30.592s][info][gc,heap      ] GC(649) Survivor regions: 1->1(39)
[30.592s][info][gc,heap      ] GC(649) Old regions: 40->40
[30.592s][info][gc,heap      ] GC(649) Humongous regions: 0->0
[30.592s][info][gc,metaspace ] GC(649) Metaspace: 7413K->7413K(1056768K)
[30.592s][info][gc           ] GC(649) Pause Young (Normal) (G1 Evacuation Pause) 346M->40M(512M) 0.963ms
[30.592s][info][gc,cpu       ] GC(649) User=0.01s Sys=0.00s Real=0.00s
[30.639s][info][gc,start     ] GC(650) Pause Young (Normal) (G1 Evacuation Pause)
[30.639s][info][gc,task      ] GC(650) Using 8 workers of 8 for evacuation
[30.640s][info][gc,phases    ] GC(650)   Pre Evacuate Collection Set: 0.0ms
[30.640s][info][gc,phases    ] GC(650)   Evacuate Collection Set: 0.4ms
[30.640s][info][gc,phases    ] GC(650)   Post Evacuate Collection Set: 0.3ms
[30.640s][info][gc,phases    ] GC(650)   Other: 0.2ms
[30.640s][info][gc,heap      ] GC(650) Eden regions: 306->0(306)
[30.640s][info][gc,heap      ] GC(650) Survivor regions: 1->1(39)
[30.640s][info][gc,heap      ] GC(650) Old regions: 40->41
[30.640s][info][gc,heap      ] GC(650) Humongous regions: 0->0
[30.640s][info][gc,metaspace ] GC(650) Metaspace: 7413K->7413K(1056768K)
[30.640s][info][gc           ] GC(650) Pause Young (Normal) (G1 Evacuation Pause) 346M->40M(512M) 1.017ms
[30.640s][info][gc,cpu       ] GC(650) User=0.00s Sys=0.00s Real=0.01s
[30.689s][info][gc,start     ] GC(651) Pause Young (Normal) (G1 Evacuation Pause)
[30.689s][info][gc,task      ] GC(651) Using 8 workers of 8 for evacuation
[30.690s][info][gc,phases    ] GC(651)   Pre Evacuate Collection Set: 0.0ms
[30.690s][info][gc,phases    ] GC(651)   Evacuate Collection Set: 0.5ms
[30.690s][info][gc,phases    ] GC(651)   Post Evacuate Collection Set: 0.2ms
[30.690s][info][gc,phases    ] GC(651)   Other: 0.1ms
[30.690s][info][gc,heap      ] GC(651) Eden regions: 306->0(306)
[30.690s][info][gc,heap      ] GC(651) Survivor regions: 1->1(39)
[30.690s][info][gc,heap      ] GC(651) Old regions: 41->41
[30.690s][info][gc,heap      ] GC(651) Humongous regions: 0->0
[30.690s][info][gc,metaspace ] GC(651) Metaspace: 7413K->7413K(1056768K)
[30.690s][info][gc           ] GC(651) Pause Young (Normal) (G1 Evacuation Pause) 346M->41M(512M) 1.002ms
[30.690s][info][gc,cpu       ] GC(651) User=0.00s Sys=0.00s Real=0.00s
[30.734s][info][gc,start     ] GC(652) Pause Young (Normal) (G1 Evacuation Pause)
[30.734s][info][gc,task      ] GC(652) Using 8 workers of 8 for evacuation
[30.735s][info][gc,phases    ] GC(652)   Pre Evacuate Collection Set: 0.0ms
[30.735s][info][gc,phases    ] GC(652)   Evacuate Collection Set: 0.5ms
[30.735s][info][gc,phases    ] GC(652)   Post Evacuate Collection Set: 0.2ms
[30.735s][info][gc,phases    ] GC(652)   Other: 0.1ms
[30.735s][info][gc,heap      ] GC(652) Eden regions: 306->0(306)
[30.735s][info][gc,heap      ] GC(652) Survivor regions: 1->1(39)
[30.735s][info][gc,heap      ] GC(652) Old regions: 41->41
[30.735s][info][gc,heap      ] GC(652) Humongous regions: 0->0
[30.735s][info][gc,metaspace ] GC(652) Metaspace: 7413K->7413K(1056768K)
[30.735s][info][gc           ] GC(652) Pause Young (Normal) (G1 Evacuation Pause) 347M->41M(512M) 0.935ms
[30.735s][info][gc,cpu       ] GC(652) User=0.00s Sys=0.00s Real=0.00s
[30.777s][info][gc,start     ] GC(653) Pause Young (Normal) (G1 Evacuation Pause)
[30.777s][info][gc,task      ] GC(653) Using 8 workers of 8 for evacuation
[30.778s][info][gc,phases    ] GC(653)   Pre Evacuate Collection Set: 0.0ms
[30.778s][info][gc,phases    ] GC(653)   Evacuate Collection Set: 0.4ms
[30.778s][info][gc,phases    ] GC(653)   Post Evacuate Collection Set: 0.2ms
[30.778s][info][gc,phases    ] GC(653)   Other: 0.1ms
[30.778s][info][gc,heap      ] GC(653) Eden regions: 306->0(306)
[30.778s][info][gc,heap      ] GC(653) Survivor regions: 1->1(39)
[30.778s][info][gc,heap      ] GC(653) Old regions: 41->41
[30.778s][info][gc,heap      ] GC(653) Humongous regions: 0->0
[30.778s][info][gc,metaspace ] GC(653) Metaspace: 7413K->7413K(1056768K)
[30.778s][info][gc           ] GC(653) Pause Young (Normal) (G1 Evacuation Pause) 347M->41M(512M) 0.843ms
[30.778s][info][gc,cpu       ] GC(653) User=0.01s Sys=0.00s Real=0.00s
[30.822s][info][gc,start     ] GC(654) Pause Young (Normal) (G1 Evacuation Pause)
[30.822s][info][gc,task      ] GC(654) Using 8 workers of 8 for evacuation
[30.823s][info][gc,phases    ] GC(654)   Pre Evacuate Collection Set: 0.0ms
[30.823s][info][gc,phases    ] GC(654)   Evacuate Collection Set: 0.5ms
[30.823s][info][gc,phases    ] GC(654)   Post Evacuate Collection Set: 0.3ms
[30.823s][info][gc,phases    ] GC(654)   Other: 0.2ms
[30.823s][info][gc,heap      ] GC(654) Eden regions: 306->0(306)
[30.823s][info][gc,heap      ] GC(654) Survivor regions: 1->1(39)
[30.823s][info][gc,heap      ] GC(654) Old regions: 41->41
[30.823s][info][gc,heap      ] GC(654) Humongous regions: 0->0
[30.823s][info][gc,metaspace ] GC(654) Metaspace: 7413K->7413K(1056768K)
[30.823s][info][gc           ] GC(654) Pause Young (Normal) (G1 Evacuation Pause) 347M->41M(512M) 1.113ms
[30.823s][info][gc,cpu       ] GC(654) User=0.00s Sys=0.00s Real=0.00s
[30.869s][info][gc,start     ] GC(655) Pause Young (Normal) (G1 Evacuation Pause)
[30.869s][info][gc,task      ] GC(655) Using 8 workers of 8 for evacuation
[30.870s][info][gc,phases    ] GC(655)   Pre Evacuate Collection Set: 0.0ms
[30.870s][info][gc,phases    ] GC(655)   Evacuate Collection Set: 0.5ms
[30.870s][info][gc,phases    ] GC(655)   Post Evacuate Collection Set: 0.2ms
[30.870s][info][gc,phases    ] GC(655)   Other: 0.2ms
[30.870s][info][gc,heap      ] GC(655) Eden regions: 306->0(306)
[30.870s][info][gc,heap      ] GC(655) Survivor regions: 1->1(39)
[30.870s][info][gc,heap      ] GC(655) Old regions: 41->41
[30.870s][info][gc,heap      ] GC(655) Humongous regions: 0->0
[30.870s][info][gc,metaspace ] GC(655) Metaspace: 7413K->7413K(1056768K)
[30.870s][info][gc           ] GC(655) Pause Young (Normal) (G1 Evacuation Pause) 347M->41M(512M) 0.984ms
[30.870s][info][gc,cpu       ] GC(655) User=0.00s Sys=0.00s Real=0.00s
[30.921s][info][gc,start     ] GC(656) Pause Young (Normal) (G1 Evacuation Pause)
[30.921s][info][gc,task      ] GC(656) Using 8 workers of 8 for evacuation
[30.922s][info][gc,phases    ] GC(656)   Pre Evacuate Collection Set: 0.0ms
[30.922s][info][gc,phases    ] GC(656)   Evacuate Collection Set: 0.5ms
[30.922s][info][gc,phases    ] GC(656)   Post Evacuate Collection Set: 0.2ms
[30.922s][info][gc,phases    ] GC(656)   Other: 0.1ms
[30.922s][info][gc,heap      ] GC(656) Eden regions: 306->0(306)
[30.922s][info][gc,heap      ] GC(656) Survivor regions: 1->1(39)
[30.922s][info][gc,heap      ] GC(656) Old regions: 41->41
[30.922s][info][gc,heap      ] GC(656) Humongous regions: 0->0
[30.922s][info][gc,metaspace ] GC(656) Metaspace: 7413K->7413K(1056768K)
[30.922s][info][gc           ] GC(656) Pause Young (Normal) (G1 Evacuation Pause) 347M->41M(512M) 0.938ms
[30.922s][info][gc,cpu       ] GC(656) User=0.00s Sys=0.00s Real=0.00s
[30.982s][info][gc,start     ] GC(657) Pause Young (Normal) (G1 Evacuation Pause)
[30.982s][info][gc,task      ] GC(657) Using 8 workers of 8 for evacuation
[30.983s][info][gc,phases    ] GC(657)   Pre Evacuate Collection Set: 0.0ms
[30.983s][info][gc,phases    ] GC(657)   Evacuate Collection Set: 0.4ms
[30.983s][info][gc,phases    ] GC(657)   Post Evacuate Collection Set: 0.3ms
[30.983s][info][gc,phases    ] GC(657)   Other: 0.2ms
[30.983s][info][gc,heap      ] GC(657) Eden regions: 306->0(306)
[30.983s][info][gc,heap      ] GC(657) Survivor regions: 1->1(39)
[30.983s][info][gc,heap      ] GC(657) Old regions: 41->41
[30.983s][info][gc,heap      ] GC(657) Humongous regions: 0->0
[30.983s][info][gc,metaspace ] GC(657) Metaspace: 7413K->7413K(1056768K)
[30.983s][info][gc           ] GC(657) Pause Young (Normal) (G1 Evacuation Pause) 347M->41M(512M) 1.002ms
[30.983s][info][gc,cpu       ] GC(657) User=0.00s Sys=0.00s Real=0.00s
[31.022s][info][gc,start     ] GC(658) Pause Young (Normal) (G1 Evacuation Pause)
[31.022s][info][gc,task      ] GC(658) Using 8 workers of 8 for evacuation
[31.023s][info][gc,phases    ] GC(658)   Pre Evacuate Collection Set: 0.0ms
[31.023s][info][gc,phases    ] GC(658)   Evacuate Collection Set: 0.4ms
[31.023s][info][gc,phases    ] GC(658)   Post Evacuate Collection Set: 0.3ms
[31.023s][info][gc,phases    ] GC(658)   Other: 0.1ms
[31.023s][info][gc,heap      ] GC(658) Eden regions: 306->0(306)
[31.023s][info][gc,heap      ] GC(658) Survivor regions: 1->1(39)
[31.023s][info][gc,heap      ] GC(658) Old regions: 41->41
[31.023s][info][gc,heap      ] GC(658) Humongous regions: 0->0
[31.023s][info][gc,metaspace ] GC(658) Metaspace: 7413K->7413K(1056768K)
[31.023s][info][gc           ] GC(658) Pause Young (Normal) (G1 Evacuation Pause) 347M->41M(512M) 0.898ms
[31.023s][info][gc,cpu       ] GC(658) User=0.00s Sys=0.00s Real=0.00s
[31.064s][info][gc,start     ] GC(659) Pause Young (Normal) (G1 Evacuation Pause)
[31.064s][info][gc,task      ] GC(659) Using 8 workers of 8 for evacuation
[31.064s][info][gc,phases    ] GC(659)   Pre Evacuate Collection Set: 0.0ms
[31.064s][info][gc,phases    ] GC(659)   Evacuate Collection Set: 0.4ms
[31.064s][info][gc,phases    ] GC(659)   Post Evacuate Collection Set: 0.3ms
[31.064s][info][gc,phases    ] GC(659)   Other: 0.2ms
[31.064s][info][gc,heap      ] GC(659) Eden regions: 306->0(306)
[31.064s][info][gc,heap      ] GC(659) Survivor regions: 1->1(39)
[31.064s][info][gc,heap      ] GC(659) Old regions: 41->41
[31.064s][info][gc,heap      ] GC(659) Humongous regions: 0->0
[31.064s][info][gc,metaspace ] GC(659) Metaspace: 7413K->7413K(1056768K)
[31.065s][info][gc           ] GC(659) Pause Young (Normal) (G1 Evacuation Pause) 347M->41M(512M) 0.890ms
[31.065s][info][gc,cpu       ] GC(659) User=0.00s Sys=0.00s Real=0.00s
[31.110s][info][gc,start     ] GC(660) Pause Young (Normal) (G1 Evacuation Pause)
[31.110s][info][gc,task      ] GC(660) Using 8 workers of 8 for evacuation
[31.112s][info][gc,phases    ] GC(660)   Pre Evacuate Collection Set: 0.0ms
[31.112s][info][gc,phases    ] GC(660)   Evacuate Collection Set: 0.7ms
[31.112s][info][gc,phases    ] GC(660)   Post Evacuate Collection Set: 0.5ms
[31.112s][info][gc,phases    ] GC(660)   Other: 0.2ms
[31.112s][info][gc,heap      ] GC(660) Eden regions: 306->0(306)
[31.112s][info][gc,heap      ] GC(660) Survivor regions: 1->1(39)
[31.112s][info][gc,heap      ] GC(660) Old regions: 41->41
[31.112s][info][gc,heap      ] GC(660) Humongous regions: 0->0
[31.112s][info][gc,metaspace ] GC(660) Metaspace: 7413K->7413K(1056768K)
[31.112s][info][gc           ] GC(660) Pause Young (Normal) (G1 Evacuation Pause) 347M->41M(512M) 1.493ms
[31.112s][info][gc,cpu       ] GC(660) User=0.00s Sys=0.00s Real=0.00s
[31.164s][info][gc,start     ] GC(661) Pause Young (Normal) (G1 Evacuation Pause)
[31.164s][info][gc,task      ] GC(661) Using 8 workers of 8 for evacuation
[31.165s][info][gc,phases    ] GC(661)   Pre Evacuate Collection Set: 0.0ms
[31.165s][info][gc,phases    ] GC(661)   Evacuate Collection Set: 0.5ms
[31.165s][info][gc,phases    ] GC(661)   Post Evacuate Collection Set: 0.2ms
[31.165s][info][gc,phases    ] GC(661)   Other: 0.1ms
[31.165s][info][gc,heap      ] GC(661) Eden regions: 306->0(306)
[31.165s][info][gc,heap      ] GC(661) Survivor regions: 1->1(39)
[31.165s][info][gc,heap      ] GC(661) Old regions: 41->41
[31.165s][info][gc,heap      ] GC(661) Humongous regions: 0->0
[31.165s][info][gc,metaspace ] GC(661) Metaspace: 7413K->7413K(1056768K)
[31.165s][info][gc           ] GC(661) Pause Young (Normal) (G1 Evacuation Pause) 347M->41M(512M) 0.936ms
[31.165s][info][gc,cpu       ] GC(661) User=0.00s Sys=0.00s Real=0.00s
[31.206s][info][gc,start     ] GC(662) Pause Young (Normal) (G1 Evacuation Pause)
[31.206s][info][gc,task      ] GC(662) Using 8 workers of 8 for evacuation
[31.207s][info][gc,phases    ] GC(662)   Pre Evacuate Collection Set: 0.0ms
[31.207s][info][gc,phases    ] GC(662)   Evacuate Collection Set: 0.5ms
[31.207s][info][gc,phases    ] GC(662)   Post Evacuate Collection Set: 0.2ms
[31.207s][info][gc,phases    ] GC(662)   Other: 0.1ms
[31.207s][info][gc,heap      ] GC(662) Eden regions: 306->0(306)
[31.207s][info][gc,heap      ] GC(662) Survivor regions: 1->1(39)
[31.207s][info][gc,heap      ] GC(662) Old regions: 41->41
[31.207s][info][gc,heap      ] GC(662) Humongous regions: 0->0
[31.207s][info][gc,metaspace ] GC(662) Metaspace: 7413K->7413K(1056768K)
[31.207s][info][gc           ] GC(662) Pause Young (Normal) (G1 Evacuation Pause) 347M->41M(512M) 0.975ms
[31.207s][info][gc,cpu       ] GC(662) User=0.01s Sys=0.00s Real=0.00s
[31.248s][info][gc,start     ] GC(663) Pause Young (Normal) (G1 Evacuation Pause)
[31.248s][info][gc,task      ] GC(663) Using 8 workers of 8 for evacuation
[31.249s][info][gc,phases    ] GC(663)   Pre Evacuate Collection Set: 0.0ms
[31.249s][info][gc,phases    ] GC(663)   Evacuate Collection Set: 0.6ms
[31.249s][info][gc,phases    ] GC(663)   Post Evacuate Collection Set: 0.3ms
[31.249s][info][gc,phases    ] GC(663)   Other: 0.2ms
[31.249s][info][gc,heap      ] GC(663) Eden regions: 306->0(306)
[31.249s][info][gc,heap      ] GC(663) Survivor regions: 1->1(39)
[31.249s][info][gc,heap      ] GC(663) Old regions: 41->41
[31.249s][info][gc,heap      ] GC(663) Humongous regions: 0->0
[31.249s][info][gc,metaspace ] GC(663) Metaspace: 7413K->7413K(1056768K)
[31.249s][info][gc           ] GC(663) Pause Young (Normal) (G1 Evacuation Pause) 347M->41M(512M) 1.306ms
[31.249s][info][gc,cpu       ] GC(663) User=0.00s Sys=0.00s Real=0.01s
[31.303s][info][gc,start     ] GC(664) Pause Young (Normal) (G1 Evacuation Pause)
[31.303s][info][gc,task      ] GC(664) Using 8 workers of 8 for evacuation
[31.304s][info][gc,phases    ] GC(664)   Pre Evacuate Collection Set: 0.0ms
[31.304s][info][gc,phases    ] GC(664)   Evacuate Collection Set: 0.4ms
[31.304s][info][gc,phases    ] GC(664)   Post Evacuate Collection Set: 0.2ms
[31.304s][info][gc,phases    ] GC(664)   Other: 0.1ms
[31.304s][info][gc,heap      ] GC(664) Eden regions: 306->0(306)
[31.304s][info][gc,heap      ] GC(664) Survivor regions: 1->1(39)
[31.304s][info][gc,heap      ] GC(664) Old regions: 41->41
[31.304s][info][gc,heap      ] GC(664) Humongous regions: 0->0
[31.304s][info][gc,metaspace ] GC(664) Metaspace: 7413K->7413K(1056768K)
[31.304s][info][gc           ] GC(664) Pause Young (Normal) (G1 Evacuation Pause) 347M->41M(512M) 0.875ms
[31.304s][info][gc,cpu       ] GC(664) User=0.00s Sys=0.00s Real=0.00s
[31.350s][info][gc,start     ] GC(665) Pause Young (Normal) (G1 Evacuation Pause)
[31.350s][info][gc,task      ] GC(665) Using 8 workers of 8 for evacuation
[31.352s][info][gc,phases    ] GC(665)   Pre Evacuate Collection Set: 0.0ms
[31.352s][info][gc,phases    ] GC(665)   Evacuate Collection Set: 0.7ms
[31.352s][info][gc,phases    ] GC(665)   Post Evacuate Collection Set: 0.4ms
[31.352s][info][gc,phases    ] GC(665)   Other: 0.2ms
[31.352s][info][gc,heap      ] GC(665) Eden regions: 306->0(306)
[31.352s][info][gc,heap      ] GC(665) Survivor regions: 1->1(39)
[31.352s][info][gc,heap      ] GC(665) Old regions: 41->41
[31.352s][info][gc,heap      ] GC(665) Humongous regions: 0->0
[31.352s][info][gc,metaspace ] GC(665) Metaspace: 7413K->7413K(1056768K)
[31.352s][info][gc           ] GC(665) Pause Young (Normal) (G1 Evacuation Pause) 347M->41M(512M) 1.377ms
[31.352s][info][gc,cpu       ] GC(665) User=0.00s Sys=0.00s Real=0.00s
[31.405s][info][gc,start     ] GC(666) Pause Young (Normal) (G1 Evacuation Pause)
[31.405s][info][gc,task      ] GC(666) Using 8 workers of 8 for evacuation
[31.406s][info][gc,phases    ] GC(666)   Pre Evacuate Collection Set: 0.0ms
[31.406s][info][gc,phases    ] GC(666)   Evacuate Collection Set: 0.4ms
[31.406s][info][gc,phases    ] GC(666)   Post Evacuate Collection Set: 0.2ms
[31.406s][info][gc,phases    ] GC(666)   Other: 0.1ms
[31.406s][info][gc,heap      ] GC(666) Eden regions: 306->0(306)
[31.406s][info][gc,heap      ] GC(666) Survivor regions: 1->1(39)
[31.406s][info][gc,heap      ] GC(666) Old regions: 41->42
[31.406s][info][gc,heap      ] GC(666) Humongous regions: 0->0
[31.406s][info][gc,metaspace ] GC(666) Metaspace: 7413K->7413K(1056768K)
[31.406s][info][gc           ] GC(666) Pause Young (Normal) (G1 Evacuation Pause) 347M->41M(512M) 0.901ms
[31.406s][info][gc,cpu       ] GC(666) User=0.00s Sys=0.00s Real=0.00s
[31.450s][info][gc,start     ] GC(667) Pause Young (Normal) (G1 Evacuation Pause)
[31.450s][info][gc,task      ] GC(667) Using 8 workers of 8 for evacuation
[31.451s][info][gc,phases    ] GC(667)   Pre Evacuate Collection Set: 0.0ms
[31.451s][info][gc,phases    ] GC(667)   Evacuate Collection Set: 0.4ms
[31.451s][info][gc,phases    ] GC(667)   Post Evacuate Collection Set: 0.3ms
[31.451s][info][gc,phases    ] GC(667)   Other: 0.1ms
[31.451s][info][gc,heap      ] GC(667) Eden regions: 306->0(306)
[31.451s][info][gc,heap      ] GC(667) Survivor regions: 1->1(39)
[31.451s][info][gc,heap      ] GC(667) Old regions: 42->42
[31.451s][info][gc,heap      ] GC(667) Humongous regions: 0->0
[31.451s][info][gc,metaspace ] GC(667) Metaspace: 7413K->7413K(1056768K)
[31.451s][info][gc           ] GC(667) Pause Young (Normal) (G1 Evacuation Pause) 347M->41M(512M) 0.948ms
[31.451s][info][gc,cpu       ] GC(667) User=0.00s Sys=0.00s Real=0.00s
[31.494s][info][gc,start     ] GC(668) Pause Young (Normal) (G1 Evacuation Pause)
[31.494s][info][gc,task      ] GC(668) Using 8 workers of 8 for evacuation
[31.495s][info][gc,phases    ] GC(668)   Pre Evacuate Collection Set: 0.0ms
[31.495s][info][gc,phases    ] GC(668)   Evacuate Collection Set: 0.4ms
[31.495s][info][gc,phases    ] GC(668)   Post Evacuate Collection Set: 0.3ms
[31.495s][info][gc,phases    ] GC(668)   Other: 0.1ms
[31.495s][info][gc,heap      ] GC(668) Eden regions: 306->0(306)
[31.495s][info][gc,heap      ] GC(668) Survivor regions: 1->1(39)
[31.495s][info][gc,heap      ] GC(668) Old regions: 42->42
[31.495s][info][gc,heap      ] GC(668) Humongous regions: 0->0
[31.495s][info][gc,metaspace ] GC(668) Metaspace: 7413K->7413K(1056768K)
[31.495s][info][gc           ] GC(668) Pause Young (Normal) (G1 Evacuation Pause) 347M->42M(512M) 0.927ms
[31.495s][info][gc,cpu       ] GC(668) User=0.01s Sys=0.00s Real=0.00s
[31.542s][info][gc,start     ] GC(669) Pause Young (Normal) (G1 Evacuation Pause)
[31.542s][info][gc,task      ] GC(669) Using 8 workers of 8 for evacuation
[31.543s][info][gc,phases    ] GC(669)   Pre Evacuate Collection Set: 0.0ms
[31.543s][info][gc,phases    ] GC(669)   Evacuate Collection Set: 0.5ms
[31.543s][info][gc,phases    ] GC(669)   Post Evacuate Collection Set: 0.2ms
[31.543s][info][gc,phases    ] GC(669)   Other: 0.2ms
[31.543s][info][gc,heap      ] GC(669) Eden regions: 306->0(306)
[31.543s][info][gc,heap      ] GC(669) Survivor regions: 1->1(39)
[31.543s][info][gc,heap      ] GC(669) Old regions: 42->42
[31.543s][info][gc,heap      ] GC(669) Humongous regions: 0->0
[31.543s][info][gc,metaspace ] GC(669) Metaspace: 7413K->7413K(1056768K)
[31.543s][info][gc           ] GC(669) Pause Young (Normal) (G1 Evacuation Pause) 348M->42M(512M) 1.028ms
[31.543s][info][gc,cpu       ] GC(669) User=0.01s Sys=0.01s Real=0.00s
[31.590s][info][gc,start     ] GC(670) Pause Young (Normal) (G1 Evacuation Pause)
[31.590s][info][gc,task      ] GC(670) Using 8 workers of 8 for evacuation
[31.591s][info][gc,phases    ] GC(670)   Pre Evacuate Collection Set: 0.0ms
[31.591s][info][gc,phases    ] GC(670)   Evacuate Collection Set: 0.4ms
[31.591s][info][gc,phases    ] GC(670)   Post Evacuate Collection Set: 0.4ms
[31.591s][info][gc,phases    ] GC(670)   Other: 0.2ms
[31.591s][info][gc,heap      ] GC(670) Eden regions: 306->0(306)
[31.591s][info][gc,heap      ] GC(670) Survivor regions: 1->1(39)
[31.591s][info][gc,heap      ] GC(670) Old regions: 42->42
[31.591s][info][gc,heap      ] GC(670) Humongous regions: 0->0
[31.591s][info][gc,metaspace ] GC(670) Metaspace: 7413K->7413K(1056768K)
[31.591s][info][gc           ] GC(670) Pause Young (Normal) (G1 Evacuation Pause) 348M->42M(512M) 1.163ms
[31.591s][info][gc,cpu       ] GC(670) User=0.00s Sys=0.00s Real=0.00s
[31.639s][info][gc,start     ] GC(671) Pause Young (Normal) (G1 Evacuation Pause)
[31.639s][info][gc,task      ] GC(671) Using 8 workers of 8 for evacuation
[31.639s][info][gc,phases    ] GC(671)   Pre Evacuate Collection Set: 0.0ms
[31.639s][info][gc,phases    ] GC(671)   Evacuate Collection Set: 0.5ms
[31.639s][info][gc,phases    ] GC(671)   Post Evacuate Collection Set: 0.2ms
[31.639s][info][gc,phases    ] GC(671)   Other: 0.1ms
[31.639s][info][gc,heap      ] GC(671) Eden regions: 306->0(306)
[31.640s][info][gc,heap      ] GC(671) Survivor regions: 1->1(39)
[31.640s][info][gc,heap      ] GC(671) Old regions: 42->42
[31.640s][info][gc,heap      ] GC(671) Humongous regions: 0->0
[31.640s][info][gc,metaspace ] GC(671) Metaspace: 7413K->7413K(1056768K)
[31.640s][info][gc           ] GC(671) Pause Young (Normal) (G1 Evacuation Pause) 348M->42M(512M) 0.923ms
[31.640s][info][gc,cpu       ] GC(671) User=0.00s Sys=0.00s Real=0.01s
[31.686s][info][gc,start     ] GC(672) Pause Young (Normal) (G1 Evacuation Pause)
[31.686s][info][gc,task      ] GC(672) Using 8 workers of 8 for evacuation
[31.687s][info][gc,phases    ] GC(672)   Pre Evacuate Collection Set: 0.0ms
[31.687s][info][gc,phases    ] GC(672)   Evacuate Collection Set: 0.4ms
[31.687s][info][gc,phases    ] GC(672)   Post Evacuate Collection Set: 0.2ms
[31.687s][info][gc,phases    ] GC(672)   Other: 0.1ms
[31.687s][info][gc,heap      ] GC(672) Eden regions: 306->0(306)
[31.687s][info][gc,heap      ] GC(672) Survivor regions: 1->1(39)
[31.687s][info][gc,heap      ] GC(672) Old regions: 42->42
[31.687s][info][gc,heap      ] GC(672) Humongous regions: 0->0
[31.687s][info][gc,metaspace ] GC(672) Metaspace: 7413K->7413K(1056768K)
[31.687s][info][gc           ] GC(672) Pause Young (Normal) (G1 Evacuation Pause) 348M->42M(512M) 0.831ms
[31.687s][info][gc,cpu       ] GC(672) User=0.00s Sys=0.00s Real=0.00s
[31.727s][info][gc,start     ] GC(673) Pause Young (Normal) (G1 Evacuation Pause)
[31.727s][info][gc,task      ] GC(673) Using 8 workers of 8 for evacuation
[31.728s][info][gc,phases    ] GC(673)   Pre Evacuate Collection Set: 0.0ms
[31.728s][info][gc,phases    ] GC(673)   Evacuate Collection Set: 0.3ms
[31.728s][info][gc,phases    ] GC(673)   Post Evacuate Collection Set: 0.3ms
[31.728s][info][gc,phases    ] GC(673)   Other: 0.1ms
[31.728s][info][gc,heap      ] GC(673) Eden regions: 306->0(306)
[31.728s][info][gc,heap      ] GC(673) Survivor regions: 1->1(39)
[31.728s][info][gc,heap      ] GC(673) Old regions: 42->42
[31.728s][info][gc,heap      ] GC(673) Humongous regions: 0->0
[31.728s][info][gc,metaspace ] GC(673) Metaspace: 7413K->7413K(1056768K)
[31.728s][info][gc           ] GC(673) Pause Young (Normal) (G1 Evacuation Pause) 348M->42M(512M) 0.854ms
[31.728s][info][gc,cpu       ] GC(673) User=0.01s Sys=0.00s Real=0.00s
[31.768s][info][gc,start     ] GC(674) Pause Young (Normal) (G1 Evacuation Pause)
[31.768s][info][gc,task      ] GC(674) Using 8 workers of 8 for evacuation
[31.769s][info][gc,phases    ] GC(674)   Pre Evacuate Collection Set: 0.0ms
[31.769s][info][gc,phases    ] GC(674)   Evacuate Collection Set: 0.5ms
[31.769s][info][gc,phases    ] GC(674)   Post Evacuate Collection Set: 0.3ms
[31.769s][info][gc,phases    ] GC(674)   Other: 0.1ms
[31.769s][info][gc,heap      ] GC(674) Eden regions: 306->0(306)
[31.769s][info][gc,heap      ] GC(674) Survivor regions: 1->1(39)
[31.769s][info][gc,heap      ] GC(674) Old regions: 42->42
[31.769s][info][gc,heap      ] GC(674) Humongous regions: 0->0
[31.769s][info][gc,metaspace ] GC(674) Metaspace: 7413K->7413K(1056768K)
[31.769s][info][gc           ] GC(674) Pause Young (Normal) (G1 Evacuation Pause) 348M->42M(512M) 1.005ms
[31.769s][info][gc,cpu       ] GC(674) User=0.00s Sys=0.00s Real=0.01s
[31.814s][info][gc,start     ] GC(675) Pause Young (Normal) (G1 Evacuation Pause)
[31.815s][info][gc,task      ] GC(675) Using 8 workers of 8 for evacuation
[31.815s][info][gc,phases    ] GC(675)   Pre Evacuate Collection Set: 0.0ms
[31.815s][info][gc,phases    ] GC(675)   Evacuate Collection Set: 0.3ms
[31.815s][info][gc,phases    ] GC(675)   Post Evacuate Collection Set: 0.3ms
[31.815s][info][gc,phases    ] GC(675)   Other: 0.1ms
[31.815s][info][gc,heap      ] GC(675) Eden regions: 306->0(306)
[31.815s][info][gc,heap      ] GC(675) Survivor regions: 1->1(39)
[31.815s][info][gc,heap      ] GC(675) Old regions: 42->42
[31.815s][info][gc,heap      ] GC(675) Humongous regions: 0->0
[31.815s][info][gc,metaspace ] GC(675) Metaspace: 7413K->7413K(1056768K)
[31.815s][info][gc           ] GC(675) Pause Young (Normal) (G1 Evacuation Pause) 348M->42M(512M) 0.903ms
[31.815s][info][gc,cpu       ] GC(675) User=0.00s Sys=0.00s Real=0.00s
[31.863s][info][gc,start     ] GC(676) Pause Young (Normal) (G1 Evacuation Pause)
[31.863s][info][gc,task      ] GC(676) Using 8 workers of 8 for evacuation
[31.864s][info][gc,phases    ] GC(676)   Pre Evacuate Collection Set: 0.0ms
[31.864s][info][gc,phases    ] GC(676)   Evacuate Collection Set: 0.5ms
[31.864s][info][gc,phases    ] GC(676)   Post Evacuate Collection Set: 0.3ms
[31.864s][info][gc,phases    ] GC(676)   Other: 0.2ms
[31.864s][info][gc,heap      ] GC(676) Eden regions: 306->0(306)
[31.864s][info][gc,heap      ] GC(676) Survivor regions: 1->1(39)
[31.864s][info][gc,heap      ] GC(676) Old regions: 42->42
[31.864s][info][gc,heap      ] GC(676) Humongous regions: 0->0
[31.864s][info][gc,metaspace ] GC(676) Metaspace: 7413K->7413K(1056768K)
[31.864s][info][gc           ] GC(676) Pause Young (Normal) (G1 Evacuation Pause) 348M->42M(512M) 1.093ms
[31.864s][info][gc,cpu       ] GC(676) User=0.00s Sys=0.00s Real=0.00s
[31.910s][info][gc,start     ] GC(677) Pause Young (Normal) (G1 Evacuation Pause)
[31.910s][info][gc,task      ] GC(677) Using 8 workers of 8 for evacuation
[31.911s][info][gc,phases    ] GC(677)   Pre Evacuate Collection Set: 0.0ms
[31.911s][info][gc,phases    ] GC(677)   Evacuate Collection Set: 0.5ms
[31.911s][info][gc,phases    ] GC(677)   Post Evacuate Collection Set: 0.3ms
[31.911s][info][gc,phases    ] GC(677)   Other: 0.1ms
[31.911s][info][gc,heap      ] GC(677) Eden regions: 306->0(306)
[31.911s][info][gc,heap      ] GC(677) Survivor regions: 1->1(39)
[31.911s][info][gc,heap      ] GC(677) Old regions: 42->42
[31.911s][info][gc,heap      ] GC(677) Humongous regions: 0->0
[31.911s][info][gc,metaspace ] GC(677) Metaspace: 7413K->7413K(1056768K)
[31.911s][info][gc           ] GC(677) Pause Young (Normal) (G1 Evacuation Pause) 348M->42M(512M) 1.006ms
[31.911s][info][gc,cpu       ] GC(677) User=0.00s Sys=0.00s Real=0.00s
[31.956s][info][gc,start     ] GC(678) Pause Young (Normal) (G1 Evacuation Pause)
[31.956s][info][gc,task      ] GC(678) Using 8 workers of 8 for evacuation
[31.957s][info][gc,phases    ] GC(678)   Pre Evacuate Collection Set: 0.0ms
[31.957s][info][gc,phases    ] GC(678)   Evacuate Collection Set: 0.4ms
[31.957s][info][gc,phases    ] GC(678)   Post Evacuate Collection Set: 0.2ms
[31.957s][info][gc,phases    ] GC(678)   Other: 0.2ms
[31.957s][info][gc,heap      ] GC(678) Eden regions: 306->0(306)
[31.957s][info][gc,heap      ] GC(678) Survivor regions: 1->1(39)
[31.957s][info][gc,heap      ] GC(678) Old regions: 42->42
[31.957s][info][gc,heap      ] GC(678) Humongous regions: 0->0
[31.957s][info][gc,metaspace ] GC(678) Metaspace: 7413K->7413K(1056768K)
[31.957s][info][gc           ] GC(678) Pause Young (Normal) (G1 Evacuation Pause) 348M->42M(512M) 0.871ms
[31.957s][info][gc,cpu       ] GC(678) User=0.00s Sys=0.00s Real=0.00s
[31.997s][info][gc,start     ] GC(679) Pause Young (Normal) (G1 Evacuation Pause)
[31.997s][info][gc,task      ] GC(679) Using 8 workers of 8 for evacuation
[31.998s][info][gc,phases    ] GC(679)   Pre Evacuate Collection Set: 0.0ms
[31.998s][info][gc,phases    ] GC(679)   Evacuate Collection Set: 0.3ms
[31.998s][info][gc,phases    ] GC(679)   Post Evacuate Collection Set: 0.3ms
[31.998s][info][gc,phases    ] GC(679)   Other: 0.2ms
[31.998s][info][gc,heap      ] GC(679) Eden regions: 306->0(306)
[31.998s][info][gc,heap      ] GC(679) Survivor regions: 1->1(39)
[31.998s][info][gc,heap      ] GC(679) Old regions: 42->42
[31.998s][info][gc,heap      ] GC(679) Humongous regions: 0->0
[31.998s][info][gc,metaspace ] GC(679) Metaspace: 7413K->7413K(1056768K)
[31.998s][info][gc           ] GC(679) Pause Young (Normal) (G1 Evacuation Pause) 348M->42M(512M) 0.836ms
[31.998s][info][gc,cpu       ] GC(679) User=0.01s Sys=0.00s Real=0.00s
[32.042s][info][gc,start     ] GC(680) Pause Young (Normal) (G1 Evacuation Pause)
[32.042s][info][gc,task      ] GC(680) Using 8 workers of 8 for evacuation
[32.043s][info][gc,phases    ] GC(680)   Pre Evacuate Collection Set: 0.0ms
[32.043s][info][gc,phases    ] GC(680)   Evacuate Collection Set: 0.5ms
[32.043s][info][gc,phases    ] GC(680)   Post Evacuate Collection Set: 0.3ms
[32.043s][info][gc,phases    ] GC(680)   Other: 0.2ms
[32.043s][info][gc,heap      ] GC(680) Eden regions: 306->0(306)
[32.043s][info][gc,heap      ] GC(680) Survivor regions: 1->1(39)
[32.043s][info][gc,heap      ] GC(680) Old regions: 42->42
[32.043s][info][gc,heap      ] GC(680) Humongous regions: 0->0
[32.043s][info][gc,metaspace ] GC(680) Metaspace: 7413K->7413K(1056768K)
[32.043s][info][gc           ] GC(680) Pause Young (Normal) (G1 Evacuation Pause) 348M->42M(512M) 1.151ms
[32.043s][info][gc,cpu       ] GC(680) User=0.00s Sys=0.00s Real=0.00s
[32.090s][info][gc,start     ] GC(681) Pause Young (Normal) (G1 Evacuation Pause)
[32.090s][info][gc,task      ] GC(681) Using 8 workers of 8 for evacuation
[32.091s][info][gc,phases    ] GC(681)   Pre Evacuate Collection Set: 0.0ms
[32.091s][info][gc,phases    ] GC(681)   Evacuate Collection Set: 0.4ms
[32.091s][info][gc,phases    ] GC(681)   Post Evacuate Collection Set: 0.2ms
[32.091s][info][gc,phases    ] GC(681)   Other: 0.2ms
[32.091s][info][gc,heap      ] GC(681) Eden regions: 306->0(306)
[32.091s][info][gc,heap      ] GC(681) Survivor regions: 1->1(39)
[32.091s][info][gc,heap      ] GC(681) Old regions: 42->42
[32.091s][info][gc,heap      ] GC(681) Humongous regions: 0->0
[32.091s][info][gc,metaspace ] GC(681) Metaspace: 7413K->7413K(1056768K)
[32.091s][info][gc           ] GC(681) Pause Young (Normal) (G1 Evacuation Pause) 348M->42M(512M) 0.961ms
[32.091s][info][gc,cpu       ] GC(681) User=0.01s Sys=0.00s Real=0.00s
[32.140s][info][gc,start     ] GC(682) Pause Young (Normal) (G1 Evacuation Pause)
[32.140s][info][gc,task      ] GC(682) Using 8 workers of 8 for evacuation
[32.140s][info][gc,phases    ] GC(682)   Pre Evacuate Collection Set: 0.0ms
[32.140s][info][gc,phases    ] GC(682)   Evacuate Collection Set: 0.4ms
[32.140s][info][gc,phases    ] GC(682)   Post Evacuate Collection Set: 0.3ms
[32.140s][info][gc,phases    ] GC(682)   Other: 0.1ms
[32.140s][info][gc,heap      ] GC(682) Eden regions: 306->0(306)
[32.140s][info][gc,heap      ] GC(682) Survivor regions: 1->1(39)
[32.140s][info][gc,heap      ] GC(682) Old regions: 42->42
[32.140s][info][gc,heap      ] GC(682) Humongous regions: 0->0
[32.140s][info][gc,metaspace ] GC(682) Metaspace: 7413K->7413K(1056768K)
[32.140s][info][gc           ] GC(682) Pause Young (Normal) (G1 Evacuation Pause) 348M->42M(512M) 0.927ms
[32.140s][info][gc,cpu       ] GC(682) User=0.00s Sys=0.00s Real=0.00s
[32.183s][info][gc,start     ] GC(683) Pause Young (Normal) (G1 Evacuation Pause)
[32.183s][info][gc,task      ] GC(683) Using 8 workers of 8 for evacuation
[32.184s][info][gc,phases    ] GC(683)   Pre Evacuate Collection Set: 0.0ms
[32.184s][info][gc,phases    ] GC(683)   Evacuate Collection Set: 0.5ms
[32.184s][info][gc,phases    ] GC(683)   Post Evacuate Collection Set: 0.2ms
[32.184s][info][gc,phases    ] GC(683)   Other: 0.2ms
[32.184s][info][gc,heap      ] GC(683) Eden regions: 306->0(306)
[32.184s][info][gc,heap      ] GC(683) Survivor regions: 1->1(39)
[32.184s][info][gc,heap      ] GC(683) Old regions: 42->43
[32.184s][info][gc,heap      ] GC(683) Humongous regions: 0->0
[32.184s][info][gc,metaspace ] GC(683) Metaspace: 7413K->7413K(1056768K)
[32.184s][info][gc           ] GC(683) Pause Young (Normal) (G1 Evacuation Pause) 348M->42M(512M) 1.027ms
[32.184s][info][gc,cpu       ] GC(683) User=0.01s Sys=0.00s Real=0.00s
[32.227s][info][gc,start     ] GC(684) Pause Young (Normal) (G1 Evacuation Pause)
[32.227s][info][gc,task      ] GC(684) Using 8 workers of 8 for evacuation
[32.228s][info][gc,phases    ] GC(684)   Pre Evacuate Collection Set: 0.0ms
[32.228s][info][gc,phases    ] GC(684)   Evacuate Collection Set: 0.5ms
[32.228s][info][gc,phases    ] GC(684)   Post Evacuate Collection Set: 0.3ms
[32.228s][info][gc,phases    ] GC(684)   Other: 0.2ms
[32.228s][info][gc,heap      ] GC(684) Eden regions: 306->0(306)
[32.228s][info][gc,heap      ] GC(684) Survivor regions: 1->1(39)
[32.228s][info][gc,heap      ] GC(684) Old regions: 43->43
[32.228s][info][gc,heap      ] GC(684) Humongous regions: 0->0
[32.228s][info][gc,metaspace ] GC(684) Metaspace: 7413K->7413K(1056768K)
[32.228s][info][gc           ] GC(684) Pause Young (Normal) (G1 Evacuation Pause) 348M->43M(512M) 1.094ms
[32.228s][info][gc,cpu       ] GC(684) User=0.00s Sys=0.00s Real=0.00s
[32.273s][info][gc,start     ] GC(685) Pause Young (Normal) (G1 Evacuation Pause)
[32.273s][info][gc,task      ] GC(685) Using 8 workers of 8 for evacuation
[32.274s][info][gc,phases    ] GC(685)   Pre Evacuate Collection Set: 0.0ms
[32.274s][info][gc,phases    ] GC(685)   Evacuate Collection Set: 0.4ms
[32.274s][info][gc,phases    ] GC(685)   Post Evacuate Collection Set: 0.2ms
[32.274s][info][gc,phases    ] GC(685)   Other: 0.1ms
[32.274s][info][gc,heap      ] GC(685) Eden regions: 306->0(306)
[32.274s][info][gc,heap      ] GC(685) Survivor regions: 1->1(39)
[32.274s][info][gc,heap      ] GC(685) Old regions: 43->43
[32.274s][info][gc,heap      ] GC(685) Humongous regions: 0->0
[32.274s][info][gc,metaspace ] GC(685) Metaspace: 7413K->7413K(1056768K)
[32.274s][info][gc           ] GC(685) Pause Young (Normal) (G1 Evacuation Pause) 349M->43M(512M) 0.860ms
[32.274s][info][gc,cpu       ] GC(685) User=0.00s Sys=0.00s Real=0.00s
[32.323s][info][gc,start     ] GC(686) Pause Young (Normal) (G1 Evacuation Pause)
[32.323s][info][gc,task      ] GC(686) Using 8 workers of 8 for evacuation
[32.324s][info][gc,phases    ] GC(686)   Pre Evacuate Collection Set: 0.0ms
[32.324s][info][gc,phases    ] GC(686)   Evacuate Collection Set: 0.7ms
[32.324s][info][gc,phases    ] GC(686)   Post Evacuate Collection Set: 0.6ms
[32.324s][info][gc,phases    ] GC(686)   Other: 0.2ms
[32.324s][info][gc,heap      ] GC(686) Eden regions: 306->0(306)
[32.324s][info][gc,heap      ] GC(686) Survivor regions: 1->1(39)
[32.324s][info][gc,heap      ] GC(686) Old regions: 43->43
[32.324s][info][gc,heap      ] GC(686) Humongous regions: 0->0
[32.324s][info][gc,metaspace ] GC(686) Metaspace: 7413K->7413K(1056768K)
[32.324s][info][gc           ] GC(686) Pause Young (Normal) (G1 Evacuation Pause) 349M->43M(512M) 1.674ms
[32.325s][info][gc,cpu       ] GC(686) User=0.01s Sys=0.00s Real=0.00s
[32.373s][info][gc,start     ] GC(687) Pause Young (Normal) (G1 Evacuation Pause)
[32.373s][info][gc,task      ] GC(687) Using 8 workers of 8 for evacuation
[32.374s][info][gc,phases    ] GC(687)   Pre Evacuate Collection Set: 0.0ms
[32.374s][info][gc,phases    ] GC(687)   Evacuate Collection Set: 0.5ms
[32.374s][info][gc,phases    ] GC(687)   Post Evacuate Collection Set: 0.4ms
[32.374s][info][gc,phases    ] GC(687)   Other: 0.2ms
[32.374s][info][gc,heap      ] GC(687) Eden regions: 306->0(306)
[32.374s][info][gc,heap      ] GC(687) Survivor regions: 1->1(39)
[32.374s][info][gc,heap      ] GC(687) Old regions: 43->43
[32.374s][info][gc,heap      ] GC(687) Humongous regions: 0->0
[32.374s][info][gc,metaspace ] GC(687) Metaspace: 7413K->7413K(1056768K)
[32.374s][info][gc           ] GC(687) Pause Young (Normal) (G1 Evacuation Pause) 349M->43M(512M) 1.235ms
[32.374s][info][gc,cpu       ] GC(687) User=0.00s Sys=0.00s Real=0.00s
[32.413s][info][gc,start     ] GC(688) Pause Young (Normal) (G1 Evacuation Pause)
[32.413s][info][gc,task      ] GC(688) Using 8 workers of 8 for evacuation
[32.414s][info][gc,phases    ] GC(688)   Pre Evacuate Collection Set: 0.0ms
[32.414s][info][gc,phases    ] GC(688)   Evacuate Collection Set: 0.4ms
[32.414s][info][gc,phases    ] GC(688)   Post Evacuate Collection Set: 0.2ms
[32.414s][info][gc,phases    ] GC(688)   Other: 0.1ms
[32.414s][info][gc,heap      ] GC(688) Eden regions: 306->0(306)
[32.414s][info][gc,heap      ] GC(688) Survivor regions: 1->1(39)
[32.414s][info][gc,heap      ] GC(688) Old regions: 43->43
[32.414s][info][gc,heap      ] GC(688) Humongous regions: 0->0
[32.414s][info][gc,metaspace ] GC(688) Metaspace: 7413K->7413K(1056768K)
[32.414s][info][gc           ] GC(688) Pause Young (Normal) (G1 Evacuation Pause) 349M->43M(512M) 0.860ms
[32.414s][info][gc,cpu       ] GC(688) User=0.01s Sys=0.00s Real=0.00s
[32.455s][info][gc,start     ] GC(689) Pause Young (Normal) (G1 Evacuation Pause)
[32.455s][info][gc,task      ] GC(689) Using 8 workers of 8 for evacuation
[32.456s][info][gc,phases    ] GC(689)   Pre Evacuate Collection Set: 0.0ms
[32.456s][info][gc,phases    ] GC(689)   Evacuate Collection Set: 0.4ms
[32.456s][info][gc,phases    ] GC(689)   Post Evacuate Collection Set: 0.2ms
[32.456s][info][gc,phases    ] GC(689)   Other: 0.1ms
[32.456s][info][gc,heap      ] GC(689) Eden regions: 306->0(306)
[32.456s][info][gc,heap      ] GC(689) Survivor regions: 1->1(39)
[32.456s][info][gc,heap      ] GC(689) Old regions: 43->43
[32.456s][info][gc,heap      ] GC(689) Humongous regions: 0->0
[32.456s][info][gc,metaspace ] GC(689) Metaspace: 7413K->7413K(1056768K)
[32.456s][info][gc           ] GC(689) Pause Young (Normal) (G1 Evacuation Pause) 349M->43M(512M) 0.878ms
[32.456s][info][gc,cpu       ] GC(689) User=0.00s Sys=0.00s Real=0.00s
[32.499s][info][gc,start     ] GC(690) Pause Young (Normal) (G1 Evacuation Pause)
[32.499s][info][gc,task      ] GC(690) Using 8 workers of 8 for evacuation
[32.500s][info][gc,phases    ] GC(690)   Pre Evacuate Collection Set: 0.0ms
[32.500s][info][gc,phases    ] GC(690)   Evacuate Collection Set: 0.4ms
[32.500s][info][gc,phases    ] GC(690)   Post Evacuate Collection Set: 0.2ms
[32.500s][info][gc,phases    ] GC(690)   Other: 0.1ms
[32.500s][info][gc,heap      ] GC(690) Eden regions: 306->0(306)
[32.500s][info][gc,heap      ] GC(690) Survivor regions: 1->1(39)
[32.500s][info][gc,heap      ] GC(690) Old regions: 43->43
[32.500s][info][gc,heap      ] GC(690) Humongous regions: 0->0
[32.500s][info][gc,metaspace ] GC(690) Metaspace: 7413K->7413K(1056768K)
[32.500s][info][gc           ] GC(690) Pause Young (Normal) (G1 Evacuation Pause) 349M->43M(512M) 0.859ms
[32.500s][info][gc,cpu       ] GC(690) User=0.00s Sys=0.00s Real=0.00s
[32.546s][info][gc,start     ] GC(691) Pause Young (Normal) (G1 Evacuation Pause)
[32.546s][info][gc,task      ] GC(691) Using 8 workers of 8 for evacuation
[32.547s][info][gc,phases    ] GC(691)   Pre Evacuate Collection Set: 0.0ms
[32.547s][info][gc,phases    ] GC(691)   Evacuate Collection Set: 0.6ms
[32.547s][info][gc,phases    ] GC(691)   Post Evacuate Collection Set: 0.3ms
[32.547s][info][gc,phases    ] GC(691)   Other: 0.1ms
[32.547s][info][gc,heap      ] GC(691) Eden regions: 306->0(306)
[32.547s][info][gc,heap      ] GC(691) Survivor regions: 1->1(39)
[32.547s][info][gc,heap      ] GC(691) Old regions: 43->43
[32.547s][info][gc,heap      ] GC(691) Humongous regions: 0->0
[32.547s][info][gc,metaspace ] GC(691) Metaspace: 7413K->7413K(1056768K)
[32.547s][info][gc           ] GC(691) Pause Young (Normal) (G1 Evacuation Pause) 349M->43M(512M) 1.172ms
[32.547s][info][gc,cpu       ] GC(691) User=0.00s Sys=0.00s Real=0.00s
[32.596s][info][gc,start     ] GC(692) Pause Young (Normal) (G1 Evacuation Pause)
[32.596s][info][gc,task      ] GC(692) Using 8 workers of 8 for evacuation
[32.597s][info][gc,phases    ] GC(692)   Pre Evacuate Collection Set: 0.0ms
[32.597s][info][gc,phases    ] GC(692)   Evacuate Collection Set: 0.5ms
[32.597s][info][gc,phases    ] GC(692)   Post Evacuate Collection Set: 0.3ms
[32.597s][info][gc,phases    ] GC(692)   Other: 0.2ms
[32.597s][info][gc,heap      ] GC(692) Eden regions: 306->0(306)
[32.597s][info][gc,heap      ] GC(692) Survivor regions: 1->1(39)
[32.597s][info][gc,heap      ] GC(692) Old regions: 43->43
[32.597s][info][gc,heap      ] GC(692) Humongous regions: 0->0
[32.597s][info][gc,metaspace ] GC(692) Metaspace: 7413K->7413K(1056768K)
[32.597s][info][gc           ] GC(692) Pause Young (Normal) (G1 Evacuation Pause) 349M->43M(512M) 1.163ms
[32.597s][info][gc,cpu       ] GC(692) User=0.00s Sys=0.00s Real=0.00s
[32.651s][info][gc,start     ] GC(693) Pause Young (Normal) (G1 Evacuation Pause)
[32.651s][info][gc,task      ] GC(693) Using 8 workers of 8 for evacuation
[32.652s][info][gc,phases    ] GC(693)   Pre Evacuate Collection Set: 0.0ms
[32.652s][info][gc,phases    ] GC(693)   Evacuate Collection Set: 0.5ms
[32.652s][info][gc,phases    ] GC(693)   Post Evacuate Collection Set: 0.2ms
[32.652s][info][gc,phases    ] GC(693)   Other: 0.1ms
[32.652s][info][gc,heap      ] GC(693) Eden regions: 306->0(306)
[32.652s][info][gc,heap      ] GC(693) Survivor regions: 1->1(39)
[32.652s][info][gc,heap      ] GC(693) Old regions: 43->43
[32.652s][info][gc,heap      ] GC(693) Humongous regions: 0->0
[32.652s][info][gc,metaspace ] GC(693) Metaspace: 7413K->7413K(1056768K)
[32.652s][info][gc           ] GC(693) Pause Young (Normal) (G1 Evacuation Pause) 349M->43M(512M) 0.967ms
[32.652s][info][gc,cpu       ] GC(693) User=0.00s Sys=0.00s Real=0.00s
[32.694s][info][gc,start     ] GC(694) Pause Young (Normal) (G1 Evacuation Pause)
[32.694s][info][gc,task      ] GC(694) Using 8 workers of 8 for evacuation
[32.695s][info][gc,phases    ] GC(694)   Pre Evacuate Collection Set: 0.0ms
[32.695s][info][gc,phases    ] GC(694)   Evacuate Collection Set: 0.5ms
[32.695s][info][gc,phases    ] GC(694)   Post Evacuate Collection Set: 0.2ms
[32.695s][info][gc,phases    ] GC(694)   Other: 0.1ms
[32.695s][info][gc,heap      ] GC(694) Eden regions: 306->0(306)
[32.695s][info][gc,heap      ] GC(694) Survivor regions: 1->1(39)
[32.695s][info][gc,heap      ] GC(694) Old regions: 43->43
[32.695s][info][gc,heap      ] GC(694) Humongous regions: 0->0
[32.695s][info][gc,metaspace ] GC(694) Metaspace: 7413K->7413K(1056768K)
[32.695s][info][gc           ] GC(694) Pause Young (Normal) (G1 Evacuation Pause) 349M->43M(512M) 0.921ms
[32.695s][info][gc,cpu       ] GC(694) User=0.01s Sys=0.00s Real=0.00s
[32.745s][info][gc,start     ] GC(695) Pause Young (Normal) (G1 Evacuation Pause)
[32.745s][info][gc,task      ] GC(695) Using 8 workers of 8 for evacuation
[32.747s][info][gc,phases    ] GC(695)   Pre Evacuate Collection Set: 0.0ms
[32.747s][info][gc,phases    ] GC(695)   Evacuate Collection Set: 0.7ms
[32.747s][info][gc,phases    ] GC(695)   Post Evacuate Collection Set: 0.5ms
[32.747s][info][gc,phases    ] GC(695)   Other: 0.2ms
[32.747s][info][gc,heap      ] GC(695) Eden regions: 306->0(306)
[32.747s][info][gc,heap      ] GC(695) Survivor regions: 1->1(39)
[32.747s][info][gc,heap      ] GC(695) Old regions: 43->43
[32.747s][info][gc,heap      ] GC(695) Humongous regions: 0->0
[32.747s][info][gc,metaspace ] GC(695) Metaspace: 7413K->7413K(1056768K)
[32.747s][info][gc           ] GC(695) Pause Young (Normal) (G1 Evacuation Pause) 349M->43M(512M) 1.567ms
[32.747s][info][gc,cpu       ] GC(695) User=0.00s Sys=0.00s Real=0.00s
[32.798s][info][gc,start     ] GC(696) Pause Young (Normal) (G1 Evacuation Pause)
[32.798s][info][gc,task      ] GC(696) Using 8 workers of 8 for evacuation
[32.799s][info][gc,phases    ] GC(696)   Pre Evacuate Collection Set: 0.0ms
[32.799s][info][gc,phases    ] GC(696)   Evacuate Collection Set: 0.5ms
[32.799s][info][gc,phases    ] GC(696)   Post Evacuate Collection Set: 0.3ms
[32.799s][info][gc,phases    ] GC(696)   Other: 0.1ms
[32.799s][info][gc,heap      ] GC(696) Eden regions: 306->0(306)
[32.799s][info][gc,heap      ] GC(696) Survivor regions: 1->1(39)
[32.799s][info][gc,heap      ] GC(696) Old regions: 43->43
[32.799s][info][gc,heap      ] GC(696) Humongous regions: 0->0
[32.799s][info][gc,metaspace ] GC(696) Metaspace: 7413K->7413K(1056768K)
[32.799s][info][gc           ] GC(696) Pause Young (Normal) (G1 Evacuation Pause) 349M->43M(512M) 0.961ms
[32.799s][info][gc,cpu       ] GC(696) User=0.00s Sys=0.00s Real=0.01s
[32.841s][info][gc,start     ] GC(697) Pause Young (Normal) (G1 Evacuation Pause)
[32.841s][info][gc,task      ] GC(697) Using 8 workers of 8 for evacuation
[32.841s][info][gc,phases    ] GC(697)   Pre Evacuate Collection Set: 0.0ms
[32.841s][info][gc,phases    ] GC(697)   Evacuate Collection Set: 0.4ms
[32.841s][info][gc,phases    ] GC(697)   Post Evacuate Collection Set: 0.2ms
[32.842s][info][gc,phases    ] GC(697)   Other: 0.1ms
[32.842s][info][gc,heap      ] GC(697) Eden regions: 306->0(306)
[32.842s][info][gc,heap      ] GC(697) Survivor regions: 1->1(39)
[32.842s][info][gc,heap      ] GC(697) Old regions: 43->43
[32.842s][info][gc,heap      ] GC(697) Humongous regions: 0->0
[32.842s][info][gc,metaspace ] GC(697) Metaspace: 7413K->7413K(1056768K)
[32.842s][info][gc           ] GC(697) Pause Young (Normal) (G1 Evacuation Pause) 349M->43M(512M) 0.865ms
[32.842s][info][gc,cpu       ] GC(697) User=0.00s Sys=0.00s Real=0.00s
[32.883s][info][gc,start     ] GC(698) Pause Young (Normal) (G1 Evacuation Pause)
[32.883s][info][gc,task      ] GC(698) Using 8 workers of 8 for evacuation
[32.884s][info][gc,phases    ] GC(698)   Pre Evacuate Collection Set: 0.0ms
[32.884s][info][gc,phases    ] GC(698)   Evacuate Collection Set: 0.5ms
[32.884s][info][gc,phases    ] GC(698)   Post Evacuate Collection Set: 0.2ms
[32.884s][info][gc,phases    ] GC(698)   Other: 0.1ms
[32.884s][info][gc,heap      ] GC(698) Eden regions: 306->0(306)
[32.884s][info][gc,heap      ] GC(698) Survivor regions: 1->1(39)
[32.884s][info][gc,heap      ] GC(698) Old regions: 43->43
[32.884s][info][gc,heap      ] GC(698) Humongous regions: 0->0
[32.884s][info][gc,metaspace ] GC(698) Metaspace: 7413K->7413K(1056768K)
[32.884s][info][gc           ] GC(698) Pause Young (Normal) (G1 Evacuation Pause) 349M->43M(512M) 0.987ms
[32.884s][info][gc,cpu       ] GC(698) User=0.00s Sys=0.00s Real=0.00s
[32.923s][info][gc,start     ] GC(699) Pause Young (Normal) (G1 Evacuation Pause)
[32.923s][info][gc,task      ] GC(699) Using 8 workers of 8 for evacuation
[32.923s][info][gc,phases    ] GC(699)   Pre Evacuate Collection Set: 0.0ms
[32.923s][info][gc,phases    ] GC(699)   Evacuate Collection Set: 0.3ms
[32.923s][info][gc,phases    ] GC(699)   Post Evacuate Collection Set: 0.3ms
[32.924s][info][gc,phases    ] GC(699)   Other: 0.1ms
[32.924s][info][gc,heap      ] GC(699) Eden regions: 306->0(306)
[32.924s][info][gc,heap      ] GC(699) Survivor regions: 1->1(39)
[32.924s][info][gc,heap      ] GC(699) Old regions: 43->44
[32.924s][info][gc,heap      ] GC(699) Humongous regions: 0->0
[32.924s][info][gc,metaspace ] GC(699) Metaspace: 7413K->7413K(1056768K)
[32.924s][info][gc           ] GC(699) Pause Young (Normal) (G1 Evacuation Pause) 349M->43M(512M) 0.886ms
[32.924s][info][gc,cpu       ] GC(699) User=0.00s Sys=0.00s Real=0.00s
[32.973s][info][gc,start     ] GC(700) Pause Young (Normal) (G1 Evacuation Pause)
[32.973s][info][gc,task      ] GC(700) Using 8 workers of 8 for evacuation
[32.974s][info][gc,phases    ] GC(700)   Pre Evacuate Collection Set: 0.0ms
[32.974s][info][gc,phases    ] GC(700)   Evacuate Collection Set: 0.4ms
[32.974s][info][gc,phases    ] GC(700)   Post Evacuate Collection Set: 0.3ms
[32.974s][info][gc,phases    ] GC(700)   Other: 0.1ms
[32.974s][info][gc,heap      ] GC(700) Eden regions: 306->0(306)
[32.974s][info][gc,heap      ] GC(700) Survivor regions: 1->1(39)
[32.974s][info][gc,heap      ] GC(700) Old regions: 44->44
[32.974s][info][gc,heap      ] GC(700) Humongous regions: 0->0
[32.974s][info][gc,metaspace ] GC(700) Metaspace: 7413K->7413K(1056768K)
[32.974s][info][gc           ] GC(700) Pause Young (Normal) (G1 Evacuation Pause) 349M->44M(512M) 0.898ms
[32.974s][info][gc,cpu       ] GC(700) User=0.01s Sys=0.00s Real=0.00s
[33.017s][info][gc,start     ] GC(701) Pause Young (Normal) (G1 Evacuation Pause)
[33.017s][info][gc,task      ] GC(701) Using 8 workers of 8 for evacuation
[33.018s][info][gc,phases    ] GC(701)   Pre Evacuate Collection Set: 0.0ms
[33.018s][info][gc,phases    ] GC(701)   Evacuate Collection Set: 0.5ms
[33.018s][info][gc,phases    ] GC(701)   Post Evacuate Collection Set: 0.3ms
[33.018s][info][gc,phases    ] GC(701)   Other: 0.2ms
[33.018s][info][gc,heap      ] GC(701) Eden regions: 306->0(306)
[33.018s][info][gc,heap      ] GC(701) Survivor regions: 1->1(39)
[33.018s][info][gc,heap      ] GC(701) Old regions: 44->44
[33.018s][info][gc,heap      ] GC(701) Humongous regions: 0->0
[33.018s][info][gc,metaspace ] GC(701) Metaspace: 7413K->7413K(1056768K)
[33.018s][info][gc           ] GC(701) Pause Young (Normal) (G1 Evacuation Pause) 350M->44M(512M) 1.115ms
[33.018s][info][gc,cpu       ] GC(701) User=0.00s Sys=0.00s Real=0.00s
[33.063s][info][gc,start     ] GC(702) Pause Young (Normal) (G1 Evacuation Pause)
[33.063s][info][gc,task      ] GC(702) Using 8 workers of 8 for evacuation
[33.064s][info][gc,phases    ] GC(702)   Pre Evacuate Collection Set: 0.0ms
[33.064s][info][gc,phases    ] GC(702)   Evacuate Collection Set: 0.5ms
[33.064s][info][gc,phases    ] GC(702)   Post Evacuate Collection Set: 0.2ms
[33.064s][info][gc,phases    ] GC(702)   Other: 0.1ms
[33.064s][info][gc,heap      ] GC(702) Eden regions: 306->0(306)
[33.064s][info][gc,heap      ] GC(702) Survivor regions: 1->1(39)
[33.064s][info][gc,heap      ] GC(702) Old regions: 44->44
[33.064s][info][gc,heap      ] GC(702) Humongous regions: 0->0
[33.064s][info][gc,metaspace ] GC(702) Metaspace: 7413K->7413K(1056768K)
[33.064s][info][gc           ] GC(702) Pause Young (Normal) (G1 Evacuation Pause) 350M->44M(512M) 0.943ms
[33.064s][info][gc,cpu       ] GC(702) User=0.00s Sys=0.00s Real=0.00s
[33.106s][info][gc,start     ] GC(703) Pause Young (Normal) (G1 Evacuation Pause)
[33.106s][info][gc,task      ] GC(703) Using 8 workers of 8 for evacuation
[33.107s][info][gc,phases    ] GC(703)   Pre Evacuate Collection Set: 0.0ms
[33.107s][info][gc,phases    ] GC(703)   Evacuate Collection Set: 0.5ms
[33.107s][info][gc,phases    ] GC(703)   Post Evacuate Collection Set: 0.2ms
[33.107s][info][gc,phases    ] GC(703)   Other: 0.2ms
[33.107s][info][gc,heap      ] GC(703) Eden regions: 306->0(306)
[33.107s][info][gc,heap      ] GC(703) Survivor regions: 1->1(39)
[33.107s][info][gc,heap      ] GC(703) Old regions: 44->44
[33.107s][info][gc,heap      ] GC(703) Humongous regions: 0->0
[33.107s][info][gc,metaspace ] GC(703) Metaspace: 7413K->7413K(1056768K)
[33.107s][info][gc           ] GC(703) Pause Young (Normal) (G1 Evacuation Pause) 350M->44M(512M) 1.071ms
[33.107s][info][gc,cpu       ] GC(703) User=0.00s Sys=0.00s Real=0.00s
[33.147s][info][gc,start     ] GC(704) Pause Young (Normal) (G1 Evacuation Pause)
[33.147s][info][gc,task      ] GC(704) Using 8 workers of 8 for evacuation
[33.148s][info][gc,phases    ] GC(704)   Pre Evacuate Collection Set: 0.0ms
[33.148s][info][gc,phases    ] GC(704)   Evacuate Collection Set: 0.5ms
[33.148s][info][gc,phases    ] GC(704)   Post Evacuate Collection Set: 0.2ms
[33.148s][info][gc,phases    ] GC(704)   Other: 0.1ms
[33.148s][info][gc,heap      ] GC(704) Eden regions: 306->0(306)
[33.148s][info][gc,heap      ] GC(704) Survivor regions: 1->1(39)
[33.148s][info][gc,heap      ] GC(704) Old regions: 44->44
[33.148s][info][gc,heap      ] GC(704) Humongous regions: 0->0
[33.148s][info][gc,metaspace ] GC(704) Metaspace: 7413K->7413K(1056768K)
[33.148s][info][gc           ] GC(704) Pause Young (Normal) (G1 Evacuation Pause) 350M->44M(512M) 0.942ms
[33.148s][info][gc,cpu       ] GC(704) User=0.00s Sys=0.00s Real=0.00s
[33.189s][info][gc,start     ] GC(705) Pause Young (Normal) (G1 Evacuation Pause)
[33.189s][info][gc,task      ] GC(705) Using 8 workers of 8 for evacuation
[33.190s][info][gc,phases    ] GC(705)   Pre Evacuate Collection Set: 0.0ms
[33.190s][info][gc,phases    ] GC(705)   Evacuate Collection Set: 0.4ms
[33.190s][info][gc,phases    ] GC(705)   Post Evacuate Collection Set: 0.2ms
[33.190s][info][gc,phases    ] GC(705)   Other: 0.2ms
[33.190s][info][gc,heap      ] GC(705) Eden regions: 306->0(306)
[33.190s][info][gc,heap      ] GC(705) Survivor regions: 1->1(39)
[33.190s][info][gc,heap      ] GC(705) Old regions: 44->44
[33.190s][info][gc,heap      ] GC(705) Humongous regions: 0->0
[33.190s][info][gc,metaspace ] GC(705) Metaspace: 7413K->7413K(1056768K)
[33.190s][info][gc           ] GC(705) Pause Young (Normal) (G1 Evacuation Pause) 350M->44M(512M) 0.885ms
[33.190s][info][gc,cpu       ] GC(705) User=0.00s Sys=0.00s Real=0.00s
[33.240s][info][gc,start     ] GC(706) Pause Young (Normal) (G1 Evacuation Pause)
[33.240s][info][gc,task      ] GC(706) Using 8 workers of 8 for evacuation
[33.241s][info][gc,phases    ] GC(706)   Pre Evacuate Collection Set: 0.0ms
[33.241s][info][gc,phases    ] GC(706)   Evacuate Collection Set: 0.4ms
[33.241s][info][gc,phases    ] GC(706)   Post Evacuate Collection Set: 0.2ms
[33.241s][info][gc,phases    ] GC(706)   Other: 0.1ms
[33.241s][info][gc,heap      ] GC(706) Eden regions: 306->0(306)
[33.241s][info][gc,heap      ] GC(706) Survivor regions: 1->1(39)
[33.241s][info][gc,heap      ] GC(706) Old regions: 44->44
[33.241s][info][gc,heap      ] GC(706) Humongous regions: 0->0
[33.241s][info][gc,metaspace ] GC(706) Metaspace: 7413K->7413K(1056768K)
[33.241s][info][gc           ] GC(706) Pause Young (Normal) (G1 Evacuation Pause) 350M->44M(512M) 0.906ms
[33.241s][info][gc,cpu       ] GC(706) User=0.00s Sys=0.00s Real=0.00s
[33.301s][info][gc,start     ] GC(707) Pause Young (Normal) (G1 Evacuation Pause)
[33.301s][info][gc,task      ] GC(707) Using 8 workers of 8 for evacuation
[33.301s][info][gc,phases    ] GC(707)   Pre Evacuate Collection Set: 0.0ms
[33.301s][info][gc,phases    ] GC(707)   Evacuate Collection Set: 0.4ms
[33.301s][info][gc,phases    ] GC(707)   Post Evacuate Collection Set: 0.3ms
[33.301s][info][gc,phases    ] GC(707)   Other: 0.2ms
[33.301s][info][gc,heap      ] GC(707) Eden regions: 306->0(306)
[33.301s][info][gc,heap      ] GC(707) Survivor regions: 1->1(39)
[33.301s][info][gc,heap      ] GC(707) Old regions: 44->44
[33.301s][info][gc,heap      ] GC(707) Humongous regions: 0->0
[33.301s][info][gc,metaspace ] GC(707) Metaspace: 7413K->7413K(1056768K)
[33.302s][info][gc           ] GC(707) Pause Young (Normal) (G1 Evacuation Pause) 350M->44M(512M) 0.960ms
[33.302s][info][gc,cpu       ] GC(707) User=0.00s Sys=0.00s Real=0.00s
[33.345s][info][gc,start     ] GC(708) Pause Young (Normal) (G1 Evacuation Pause)
[33.345s][info][gc,task      ] GC(708) Using 8 workers of 8 for evacuation
[33.346s][info][gc,phases    ] GC(708)   Pre Evacuate Collection Set: 0.0ms
[33.346s][info][gc,phases    ] GC(708)   Evacuate Collection Set: 0.4ms
[33.346s][info][gc,phases    ] GC(708)   Post Evacuate Collection Set: 0.3ms
[33.346s][info][gc,phases    ] GC(708)   Other: 0.2ms
[33.346s][info][gc,heap      ] GC(708) Eden regions: 306->0(306)
[33.346s][info][gc,heap      ] GC(708) Survivor regions: 1->1(39)
[33.346s][info][gc,heap      ] GC(708) Old regions: 44->44
[33.346s][info][gc,heap      ] GC(708) Humongous regions: 0->0
[33.346s][info][gc,metaspace ] GC(708) Metaspace: 7413K->7413K(1056768K)
[33.346s][info][gc           ] GC(708) Pause Young (Normal) (G1 Evacuation Pause) 350M->44M(512M) 0.954ms
[33.346s][info][gc,cpu       ] GC(708) User=0.01s Sys=0.00s Real=0.00s
[33.393s][info][gc,start     ] GC(709) Pause Young (Normal) (G1 Evacuation Pause)
[33.393s][info][gc,task      ] GC(709) Using 8 workers of 8 for evacuation
[33.394s][info][gc,phases    ] GC(709)   Pre Evacuate Collection Set: 0.0ms
[33.394s][info][gc,phases    ] GC(709)   Evacuate Collection Set: 0.7ms
[33.394s][info][gc,phases    ] GC(709)   Post Evacuate Collection Set: 0.4ms
[33.394s][info][gc,phases    ] GC(709)   Other: 0.2ms
[33.394s][info][gc,heap      ] GC(709) Eden regions: 306->0(306)
[33.394s][info][gc,heap      ] GC(709) Survivor regions: 1->1(39)
[33.394s][info][gc,heap      ] GC(709) Old regions: 44->44
[33.394s][info][gc,heap      ] GC(709) Humongous regions: 0->0
[33.394s][info][gc,metaspace ] GC(709) Metaspace: 7413K->7413K(1056768K)
[33.394s][info][gc           ] GC(709) Pause Young (Normal) (G1 Evacuation Pause) 350M->44M(512M) 1.371ms
[33.394s][info][gc,cpu       ] GC(709) User=0.01s Sys=0.00s Real=0.00s
[33.438s][info][gc,start     ] GC(710) Pause Young (Normal) (G1 Evacuation Pause)
[33.438s][info][gc,task      ] GC(710) Using 8 workers of 8 for evacuation
[33.439s][info][gc,phases    ] GC(710)   Pre Evacuate Collection Set: 0.0ms
[33.439s][info][gc,phases    ] GC(710)   Evacuate Collection Set: 0.5ms
[33.439s][info][gc,phases    ] GC(710)   Post Evacuate Collection Set: 0.3ms
[33.439s][info][gc,phases    ] GC(710)   Other: 0.2ms
[33.439s][info][gc,heap      ] GC(710) Eden regions: 306->0(306)
[33.439s][info][gc,heap      ] GC(710) Survivor regions: 1->1(39)
[33.439s][info][gc,heap      ] GC(710) Old regions: 44->44
[33.439s][info][gc,heap      ] GC(710) Humongous regions: 0->0
[33.439s][info][gc,metaspace ] GC(710) Metaspace: 7413K->7413K(1056768K)
[33.439s][info][gc           ] GC(710) Pause Young (Normal) (G1 Evacuation Pause) 350M->44M(512M) 1.021ms
[33.439s][info][gc,cpu       ] GC(710) User=0.01s Sys=0.01s Real=0.01s
[33.484s][info][gc,start     ] GC(711) Pause Young (Normal) (G1 Evacuation Pause)
[33.484s][info][gc,task      ] GC(711) Using 8 workers of 8 for evacuation
[33.485s][info][gc,phases    ] GC(711)   Pre Evacuate Collection Set: 0.0ms
[33.485s][info][gc,phases    ] GC(711)   Evacuate Collection Set: 0.4ms
[33.485s][info][gc,phases    ] GC(711)   Post Evacuate Collection Set: 0.2ms
[33.485s][info][gc,phases    ] GC(711)   Other: 0.1ms
[33.485s][info][gc,heap      ] GC(711) Eden regions: 306->0(306)
[33.485s][info][gc,heap      ] GC(711) Survivor regions: 1->1(39)
[33.485s][info][gc,heap      ] GC(711) Old regions: 44->44
[33.485s][info][gc,heap      ] GC(711) Humongous regions: 0->0
[33.485s][info][gc,metaspace ] GC(711) Metaspace: 7413K->7413K(1056768K)
[33.485s][info][gc           ] GC(711) Pause Young (Normal) (G1 Evacuation Pause) 350M->44M(512M) 0.869ms
[33.485s][info][gc,cpu       ] GC(711) User=0.01s Sys=0.00s Real=0.00s
[33.531s][info][gc,start     ] GC(712) Pause Young (Normal) (G1 Evacuation Pause)
[33.531s][info][gc,task      ] GC(712) Using 8 workers of 8 for evacuation
[33.532s][info][gc,phases    ] GC(712)   Pre Evacuate Collection Set: 0.0ms
[33.532s][info][gc,phases    ] GC(712)   Evacuate Collection Set: 0.5ms
[33.532s][info][gc,phases    ] GC(712)   Post Evacuate Collection Set: 0.3ms
[33.532s][info][gc,phases    ] GC(712)   Other: 0.2ms
[33.532s][info][gc,heap      ] GC(712) Eden regions: 306->0(306)
[33.532s][info][gc,heap      ] GC(712) Survivor regions: 1->1(39)
[33.532s][info][gc,heap      ] GC(712) Old regions: 44->44
[33.532s][info][gc,heap      ] GC(712) Humongous regions: 0->0
[33.532s][info][gc,metaspace ] GC(712) Metaspace: 7413K->7413K(1056768K)
[33.532s][info][gc           ] GC(712) Pause Young (Normal) (G1 Evacuation Pause) 350M->44M(512M) 1.085ms
[33.532s][info][gc,cpu       ] GC(712) User=0.01s Sys=0.00s Real=0.00s
[33.577s][info][gc,start     ] GC(713) Pause Young (Normal) (G1 Evacuation Pause)
[33.577s][info][gc,task      ] GC(713) Using 8 workers of 8 for evacuation
[33.577s][info][gc,phases    ] GC(713)   Pre Evacuate Collection Set: 0.0ms
[33.577s][info][gc,phases    ] GC(713)   Evacuate Collection Set: 0.4ms
[33.577s][info][gc,phases    ] GC(713)   Post Evacuate Collection Set: 0.2ms
[33.577s][info][gc,phases    ] GC(713)   Other: 0.1ms
[33.577s][info][gc,heap      ] GC(713) Eden regions: 306->0(306)
[33.577s][info][gc,heap      ] GC(713) Survivor regions: 1->1(39)
[33.577s][info][gc,heap      ] GC(713) Old regions: 44->44
[33.577s][info][gc,heap      ] GC(713) Humongous regions: 0->0
[33.577s][info][gc,metaspace ] GC(713) Metaspace: 7413K->7413K(1056768K)
[33.577s][info][gc           ] GC(713) Pause Young (Normal) (G1 Evacuation Pause) 350M->44M(512M) 0.916ms
[33.578s][info][gc,cpu       ] GC(713) User=0.01s Sys=0.00s Real=0.00s
[33.625s][info][gc,start     ] GC(714) Pause Young (Normal) (G1 Evacuation Pause)
[33.625s][info][gc,task      ] GC(714) Using 8 workers of 8 for evacuation
[33.626s][info][gc,phases    ] GC(714)   Pre Evacuate Collection Set: 0.0ms
[33.626s][info][gc,phases    ] GC(714)   Evacuate Collection Set: 0.3ms
[33.626s][info][gc,phases    ] GC(714)   Post Evacuate Collection Set: 0.2ms
[33.626s][info][gc,phases    ] GC(714)   Other: 0.1ms
[33.626s][info][gc,heap      ] GC(714) Eden regions: 306->0(306)
[33.626s][info][gc,heap      ] GC(714) Survivor regions: 1->1(39)
[33.626s][info][gc,heap      ] GC(714) Old regions: 44->44
[33.626s][info][gc,heap      ] GC(714) Humongous regions: 0->0
[33.626s][info][gc,metaspace ] GC(714) Metaspace: 7413K->7413K(1056768K)
[33.626s][info][gc           ] GC(714) Pause Young (Normal) (G1 Evacuation Pause) 350M->44M(512M) 0.837ms
[33.626s][info][gc,cpu       ] GC(714) User=0.00s Sys=0.00s Real=0.00s
[33.682s][info][gc,start     ] GC(715) Pause Young (Normal) (G1 Evacuation Pause)
[33.682s][info][gc,task      ] GC(715) Using 8 workers of 8 for evacuation
[33.683s][info][gc,phases    ] GC(715)   Pre Evacuate Collection Set: 0.0ms
[33.683s][info][gc,phases    ] GC(715)   Evacuate Collection Set: 0.4ms
[33.683s][info][gc,phases    ] GC(715)   Post Evacuate Collection Set: 0.3ms
[33.683s][info][gc,phases    ] GC(715)   Other: 0.2ms
[33.683s][info][gc,heap      ] GC(715) Eden regions: 306->0(306)
[33.683s][info][gc,heap      ] GC(715) Survivor regions: 1->1(39)
[33.683s][info][gc,heap      ] GC(715) Old regions: 44->44
[33.683s][info][gc,heap      ] GC(715) Humongous regions: 0->0
[33.683s][info][gc,metaspace ] GC(715) Metaspace: 7413K->7413K(1056768K)
[33.683s][info][gc           ] GC(715) Pause Young (Normal) (G1 Evacuation Pause) 350M->44M(512M) 0.991ms
[33.683s][info][gc,cpu       ] GC(715) User=0.00s Sys=0.00s Real=0.00s
[33.728s][info][gc,start     ] GC(716) Pause Young (Normal) (G1 Evacuation Pause)
[33.728s][info][gc,task      ] GC(716) Using 8 workers of 8 for evacuation
[33.729s][info][gc,phases    ] GC(716)   Pre Evacuate Collection Set: 0.0ms
[33.729s][info][gc,phases    ] GC(716)   Evacuate Collection Set: 0.3ms
[33.729s][info][gc,phases    ] GC(716)   Post Evacuate Collection Set: 0.3ms
[33.729s][info][gc,phases    ] GC(716)   Other: 0.1ms
[33.729s][info][gc,heap      ] GC(716) Eden regions: 306->0(306)
[33.729s][info][gc,heap      ] GC(716) Survivor regions: 1->1(39)
[33.729s][info][gc,heap      ] GC(716) Old regions: 44->45
[33.729s][info][gc,heap      ] GC(716) Humongous regions: 0->0
[33.729s][info][gc,metaspace ] GC(716) Metaspace: 7413K->7413K(1056768K)
[33.729s][info][gc           ] GC(716) Pause Young (Normal) (G1 Evacuation Pause) 350M->44M(512M) 0.900ms
[33.729s][info][gc,cpu       ] GC(716) User=0.01s Sys=0.00s Real=0.01s
[33.770s][info][gc,start     ] GC(717) Pause Young (Normal) (G1 Evacuation Pause)
[33.770s][info][gc,task      ] GC(717) Using 8 workers of 8 for evacuation
[33.771s][info][gc,phases    ] GC(717)   Pre Evacuate Collection Set: 0.0ms
[33.771s][info][gc,phases    ] GC(717)   Evacuate Collection Set: 0.4ms
[33.771s][info][gc,phases    ] GC(717)   Post Evacuate Collection Set: 0.3ms
[33.771s][info][gc,phases    ] GC(717)   Other: 0.1ms
[33.771s][info][gc,heap      ] GC(717) Eden regions: 306->0(306)
[33.771s][info][gc,heap      ] GC(717) Survivor regions: 1->1(39)
[33.771s][info][gc,heap      ] GC(717) Old regions: 45->45
[33.771s][info][gc,heap      ] GC(717) Humongous regions: 0->0
[33.771s][info][gc,metaspace ] GC(717) Metaspace: 7413K->7413K(1056768K)
[33.771s][info][gc           ] GC(717) Pause Young (Normal) (G1 Evacuation Pause) 350M->45M(512M) 0.989ms
[33.771s][info][gc,cpu       ] GC(717) User=0.00s Sys=0.00s Real=0.00s
[33.811s][info][gc,start     ] GC(718) Pause Young (Normal) (G1 Evacuation Pause)
[33.811s][info][gc,task      ] GC(718) Using 8 workers of 8 for evacuation
[33.812s][info][gc,phases    ] GC(718)   Pre Evacuate Collection Set: 0.0ms
[33.812s][info][gc,phases    ] GC(718)   Evacuate Collection Set: 0.5ms
[33.812s][info][gc,phases    ] GC(718)   Post Evacuate Collection Set: 0.3ms
[33.812s][info][gc,phases    ] GC(718)   Other: 0.2ms
[33.812s][info][gc,heap      ] GC(718) Eden regions: 306->0(306)
[33.812s][info][gc,heap      ] GC(718) Survivor regions: 1->1(39)
[33.812s][info][gc,heap      ] GC(718) Old regions: 45->45
[33.812s][info][gc,heap      ] GC(718) Humongous regions: 0->0
[33.813s][info][gc,metaspace ] GC(718) Metaspace: 7413K->7413K(1056768K)
[33.813s][info][gc           ] GC(718) Pause Young (Normal) (G1 Evacuation Pause) 351M->45M(512M) 1.148ms
[33.813s][info][gc,cpu       ] GC(718) User=0.01s Sys=0.00s Real=0.00s
[33.859s][info][gc,start     ] GC(719) Pause Young (Normal) (G1 Evacuation Pause)
[33.859s][info][gc,task      ] GC(719) Using 8 workers of 8 for evacuation
[33.860s][info][gc,phases    ] GC(719)   Pre Evacuate Collection Set: 0.0ms
[33.860s][info][gc,phases    ] GC(719)   Evacuate Collection Set: 0.5ms
[33.860s][info][gc,phases    ] GC(719)   Post Evacuate Collection Set: 0.5ms
[33.860s][info][gc,phases    ] GC(719)   Other: 0.2ms
[33.860s][info][gc,heap      ] GC(719) Eden regions: 306->0(306)
[33.860s][info][gc,heap      ] GC(719) Survivor regions: 1->1(39)
[33.860s][info][gc,heap      ] GC(719) Old regions: 45->45
[33.860s][info][gc,heap      ] GC(719) Humongous regions: 0->0
[33.860s][info][gc,metaspace ] GC(719) Metaspace: 7413K->7413K(1056768K)
[33.860s][info][gc           ] GC(719) Pause Young (Normal) (G1 Evacuation Pause) 351M->45M(512M) 1.276ms
[33.860s][info][gc,cpu       ] GC(719) User=0.00s Sys=0.00s Real=0.01s
[33.916s][info][gc,start     ] GC(720) Pause Young (Normal) (G1 Evacuation Pause)
[33.916s][info][gc,task      ] GC(720) Using 8 workers of 8 for evacuation
[33.917s][info][gc,phases    ] GC(720)   Pre Evacuate Collection Set: 0.0ms
[33.917s][info][gc,phases    ] GC(720)   Evacuate Collection Set: 0.5ms
[33.917s][info][gc,phases    ] GC(720)   Post Evacuate Collection Set: 0.2ms
[33.917s][info][gc,phases    ] GC(720)   Other: 0.1ms
[33.917s][info][gc,heap      ] GC(720) Eden regions: 306->0(306)
[33.917s][info][gc,heap      ] GC(720) Survivor regions: 1->1(39)
[33.917s][info][gc,heap      ] GC(720) Old regions: 45->45
[33.917s][info][gc,heap      ] GC(720) Humongous regions: 0->0
[33.917s][info][gc,metaspace ] GC(720) Metaspace: 7413K->7413K(1056768K)
[33.917s][info][gc           ] GC(720) Pause Young (Normal) (G1 Evacuation Pause) 351M->45M(512M) 0.900ms
[33.917s][info][gc,cpu       ] GC(720) User=0.00s Sys=0.00s Real=0.00s
[33.963s][info][gc,start     ] GC(721) Pause Young (Normal) (G1 Evacuation Pause)
[33.963s][info][gc,task      ] GC(721) Using 8 workers of 8 for evacuation
[33.964s][info][gc,phases    ] GC(721)   Pre Evacuate Collection Set: 0.0ms
[33.964s][info][gc,phases    ] GC(721)   Evacuate Collection Set: 0.5ms
[33.964s][info][gc,phases    ] GC(721)   Post Evacuate Collection Set: 0.3ms
[33.964s][info][gc,phases    ] GC(721)   Other: 0.2ms
[33.964s][info][gc,heap      ] GC(721) Eden regions: 306->0(306)
[33.964s][info][gc,heap      ] GC(721) Survivor regions: 1->1(39)
[33.964s][info][gc,heap      ] GC(721) Old regions: 45->45
[33.964s][info][gc,heap      ] GC(721) Humongous regions: 0->0
[33.964s][info][gc,metaspace ] GC(721) Metaspace: 7413K->7413K(1056768K)
[33.964s][info][gc           ] GC(721) Pause Young (Normal) (G1 Evacuation Pause) 351M->45M(512M) 1.158ms
[33.964s][info][gc,cpu       ] GC(721) User=0.00s Sys=0.01s Real=0.00s
[34.004s][info][gc,start     ] GC(722) Pause Young (Normal) (G1 Evacuation Pause)
[34.004s][info][gc,task      ] GC(722) Using 8 workers of 8 for evacuation
[34.005s][info][gc,phases    ] GC(722)   Pre Evacuate Collection Set: 0.0ms
[34.005s][info][gc,phases    ] GC(722)   Evacuate Collection Set: 0.4ms
[34.005s][info][gc,phases    ] GC(722)   Post Evacuate Collection Set: 0.2ms
[34.005s][info][gc,phases    ] GC(722)   Other: 0.1ms
[34.005s][info][gc,heap      ] GC(722) Eden regions: 306->0(306)
[34.005s][info][gc,heap      ] GC(722) Survivor regions: 1->1(39)
[34.005s][info][gc,heap      ] GC(722) Old regions: 45->45
[34.005s][info][gc,heap      ] GC(722) Humongous regions: 0->0
[34.005s][info][gc,metaspace ] GC(722) Metaspace: 7413K->7413K(1056768K)
[34.005s][info][gc           ] GC(722) Pause Young (Normal) (G1 Evacuation Pause) 351M->45M(512M) 0.901ms
[34.005s][info][gc,cpu       ] GC(722) User=0.00s Sys=0.00s Real=0.00s
[34.044s][info][gc,start     ] GC(723) Pause Young (Normal) (G1 Evacuation Pause)
[34.044s][info][gc,task      ] GC(723) Using 8 workers of 8 for evacuation
[34.045s][info][gc,phases    ] GC(723)   Pre Evacuate Collection Set: 0.0ms
[34.045s][info][gc,phases    ] GC(723)   Evacuate Collection Set: 0.3ms
[34.045s][info][gc,phases    ] GC(723)   Post Evacuate Collection Set: 0.3ms
[34.045s][info][gc,phases    ] GC(723)   Other: 0.2ms
[34.045s][info][gc,heap      ] GC(723) Eden regions: 306->0(306)
[34.045s][info][gc,heap      ] GC(723) Survivor regions: 1->1(39)
[34.045s][info][gc,heap      ] GC(723) Old regions: 45->45
[34.045s][info][gc,heap      ] GC(723) Humongous regions: 0->0
[34.045s][info][gc,metaspace ] GC(723) Metaspace: 7413K->7413K(1056768K)
[34.045s][info][gc           ] GC(723) Pause Young (Normal) (G1 Evacuation Pause) 351M->45M(512M) 0.930ms
[34.045s][info][gc,cpu       ] GC(723) User=0.01s Sys=0.00s Real=0.00s
[34.093s][info][gc,start     ] GC(724) Pause Young (Normal) (G1 Evacuation Pause)
[34.093s][info][gc,task      ] GC(724) Using 8 workers of 8 for evacuation
[34.094s][info][gc,phases    ] GC(724)   Pre Evacuate Collection Set: 0.0ms
[34.094s][info][gc,phases    ] GC(724)   Evacuate Collection Set: 0.5ms
[34.094s][info][gc,phases    ] GC(724)   Post Evacuate Collection Set: 0.3ms
[34.094s][info][gc,phases    ] GC(724)   Other: 0.2ms
[34.094s][info][gc,heap      ] GC(724) Eden regions: 306->0(306)
[34.094s][info][gc,heap      ] GC(724) Survivor regions: 1->1(39)
[34.094s][info][gc,heap      ] GC(724) Old regions: 45->45
[34.094s][info][gc,heap      ] GC(724) Humongous regions: 0->0
[34.094s][info][gc,metaspace ] GC(724) Metaspace: 7413K->7413K(1056768K)
[34.094s][info][gc           ] GC(724) Pause Young (Normal) (G1 Evacuation Pause) 351M->45M(512M) 0.997ms
[34.094s][info][gc,cpu       ] GC(724) User=0.00s Sys=0.00s Real=0.00s
[34.141s][info][gc,start     ] GC(725) Pause Young (Normal) (G1 Evacuation Pause)
[34.141s][info][gc,task      ] GC(725) Using 8 workers of 8 for evacuation
[34.143s][info][gc,phases    ] GC(725)   Pre Evacuate Collection Set: 0.0ms
[34.143s][info][gc,phases    ] GC(725)   Evacuate Collection Set: 0.9ms
[34.143s][info][gc,phases    ] GC(725)   Post Evacuate Collection Set: 0.7ms
[34.143s][info][gc,phases    ] GC(725)   Other: 0.3ms
[34.143s][info][gc,heap      ] GC(725) Eden regions: 306->0(306)
[34.143s][info][gc,heap      ] GC(725) Survivor regions: 1->1(39)
[34.143s][info][gc,heap      ] GC(725) Old regions: 45->45
[34.143s][info][gc,heap      ] GC(725) Humongous regions: 0->0
[34.143s][info][gc,metaspace ] GC(725) Metaspace: 7413K->7413K(1056768K)
[34.143s][info][gc           ] GC(725) Pause Young (Normal) (G1 Evacuation Pause) 351M->45M(512M) 2.051ms
[34.143s][info][gc,cpu       ] GC(725) User=0.00s Sys=0.00s Real=0.00s
[34.187s][info][gc,start     ] GC(726) Pause Young (Normal) (G1 Evacuation Pause)
[34.187s][info][gc,task      ] GC(726) Using 8 workers of 8 for evacuation
[34.188s][info][gc,phases    ] GC(726)   Pre Evacuate Collection Set: 0.0ms
[34.188s][info][gc,phases    ] GC(726)   Evacuate Collection Set: 0.6ms
[34.188s][info][gc,phases    ] GC(726)   Post Evacuate Collection Set: 0.3ms
[34.188s][info][gc,phases    ] GC(726)   Other: 0.2ms
[34.188s][info][gc,heap      ] GC(726) Eden regions: 306->0(306)
[34.188s][info][gc,heap      ] GC(726) Survivor regions: 1->1(39)
[34.188s][info][gc,heap      ] GC(726) Old regions: 45->45
[34.188s][info][gc,heap      ] GC(726) Humongous regions: 0->0
[34.188s][info][gc,metaspace ] GC(726) Metaspace: 7413K->7413K(1056768K)
[34.188s][info][gc           ] GC(726) Pause Young (Normal) (G1 Evacuation Pause) 351M->45M(512M) 1.204ms
[34.188s][info][gc,cpu       ] GC(726) User=0.00s Sys=0.00s Real=0.00s
[34.230s][info][gc,start     ] GC(727) Pause Young (Normal) (G1 Evacuation Pause)
[34.230s][info][gc,task      ] GC(727) Using 8 workers of 8 for evacuation
[34.230s][info][gc,phases    ] GC(727)   Pre Evacuate Collection Set: 0.0ms
[34.230s][info][gc,phases    ] GC(727)   Evacuate Collection Set: 0.4ms
[34.230s][info][gc,phases    ] GC(727)   Post Evacuate Collection Set: 0.2ms
[34.230s][info][gc,phases    ] GC(727)   Other: 0.1ms
[34.231s][info][gc,heap      ] GC(727) Eden regions: 306->0(306)
[34.231s][info][gc,heap      ] GC(727) Survivor regions: 1->1(39)
[34.231s][info][gc,heap      ] GC(727) Old regions: 45->45
[34.231s][info][gc,heap      ] GC(727) Humongous regions: 0->0
[34.231s][info][gc,metaspace ] GC(727) Metaspace: 7413K->7413K(1056768K)
[34.231s][info][gc           ] GC(727) Pause Young (Normal) (G1 Evacuation Pause) 351M->45M(512M) 0.864ms
[34.231s][info][gc,cpu       ] GC(727) User=0.00s Sys=0.00s Real=0.00s
[34.278s][info][gc,start     ] GC(728) Pause Young (Normal) (G1 Evacuation Pause)
[34.278s][info][gc,task      ] GC(728) Using 8 workers of 8 for evacuation
[34.280s][info][gc,phases    ] GC(728)   Pre Evacuate Collection Set: 0.0ms
[34.280s][info][gc,phases    ] GC(728)   Evacuate Collection Set: 0.8ms
[34.280s][info][gc,phases    ] GC(728)   Post Evacuate Collection Set: 1.0ms
[34.280s][info][gc,phases    ] GC(728)   Other: 0.3ms
[34.280s][info][gc,heap      ] GC(728) Eden regions: 306->0(306)
[34.280s][info][gc,heap      ] GC(728) Survivor regions: 1->1(39)
[34.280s][info][gc,heap      ] GC(728) Old regions: 45->45
[34.280s][info][gc,heap      ] GC(728) Humongous regions: 0->0
[34.280s][info][gc,metaspace ] GC(728) Metaspace: 7413K->7413K(1056768K)
[34.281s][info][gc           ] GC(728) Pause Young (Normal) (G1 Evacuation Pause) 351M->45M(512M) 2.289ms
[34.281s][info][gc,cpu       ] GC(728) User=0.00s Sys=0.00s Real=0.01s
[34.326s][info][gc,start     ] GC(729) Pause Young (Normal) (G1 Evacuation Pause)
[34.326s][info][gc,task      ] GC(729) Using 8 workers of 8 for evacuation
[34.327s][info][gc,phases    ] GC(729)   Pre Evacuate Collection Set: 0.0ms
[34.327s][info][gc,phases    ] GC(729)   Evacuate Collection Set: 0.4ms
[34.327s][info][gc,phases    ] GC(729)   Post Evacuate Collection Set: 0.3ms
[34.327s][info][gc,phases    ] GC(729)   Other: 0.1ms
[34.327s][info][gc,heap      ] GC(729) Eden regions: 306->0(306)
[34.327s][info][gc,heap      ] GC(729) Survivor regions: 1->1(39)
[34.327s][info][gc,heap      ] GC(729) Old regions: 45->45
[34.327s][info][gc,heap      ] GC(729) Humongous regions: 0->0
[34.327s][info][gc,metaspace ] GC(729) Metaspace: 7413K->7413K(1056768K)
[34.327s][info][gc           ] GC(729) Pause Young (Normal) (G1 Evacuation Pause) 351M->45M(512M) 0.946ms
[34.327s][info][gc,cpu       ] GC(729) User=0.01s Sys=0.00s Real=0.00s
[34.377s][info][gc,start     ] GC(730) Pause Young (Normal) (G1 Evacuation Pause)
[34.377s][info][gc,task      ] GC(730) Using 8 workers of 8 for evacuation
[34.378s][info][gc,phases    ] GC(730)   Pre Evacuate Collection Set: 0.0ms
[34.378s][info][gc,phases    ] GC(730)   Evacuate Collection Set: 0.8ms
[34.378s][info][gc,phases    ] GC(730)   Post Evacuate Collection Set: 0.6ms
[34.378s][info][gc,phases    ] GC(730)   Other: 0.3ms
[34.378s][info][gc,heap      ] GC(730) Eden regions: 306->0(306)
[34.378s][info][gc,heap      ] GC(730) Survivor regions: 1->1(39)
[34.378s][info][gc,heap      ] GC(730) Old regions: 45->45
[34.378s][info][gc,heap      ] GC(730) Humongous regions: 0->0
[34.378s][info][gc,metaspace ] GC(730) Metaspace: 7413K->7413K(1056768K)
[34.378s][info][gc           ] GC(730) Pause Young (Normal) (G1 Evacuation Pause) 351M->45M(512M) 1.827ms
[34.378s][info][gc,cpu       ] GC(730) User=0.00s Sys=0.01s Real=0.00s
[34.423s][info][gc,start     ] GC(731) Pause Young (Normal) (G1 Evacuation Pause)
[34.423s][info][gc,task      ] GC(731) Using 8 workers of 8 for evacuation
[34.424s][info][gc,phases    ] GC(731)   Pre Evacuate Collection Set: 0.0ms
[34.424s][info][gc,phases    ] GC(731)   Evacuate Collection Set: 0.5ms
[34.424s][info][gc,phases    ] GC(731)   Post Evacuate Collection Set: 0.2ms
[34.424s][info][gc,phases    ] GC(731)   Other: 0.1ms
[34.424s][info][gc,heap      ] GC(731) Eden regions: 306->0(306)
[34.424s][info][gc,heap      ] GC(731) Survivor regions: 1->1(39)
[34.424s][info][gc,heap      ] GC(731) Old regions: 45->45
[34.424s][info][gc,heap      ] GC(731) Humongous regions: 0->0
[34.424s][info][gc,metaspace ] GC(731) Metaspace: 7413K->7413K(1056768K)
[34.424s][info][gc           ] GC(731) Pause Young (Normal) (G1 Evacuation Pause) 351M->45M(512M) 0.949ms
[34.424s][info][gc,cpu       ] GC(731) User=0.00s Sys=0.00s Real=0.00s
[34.464s][info][gc,start     ] GC(732) Pause Young (Normal) (G1 Evacuation Pause)
[34.464s][info][gc,task      ] GC(732) Using 8 workers of 8 for evacuation
[34.464s][info][gc,phases    ] GC(732)   Pre Evacuate Collection Set: 0.0ms
[34.465s][info][gc,phases    ] GC(732)   Evacuate Collection Set: 0.4ms
[34.465s][info][gc,phases    ] GC(732)   Post Evacuate Collection Set: 0.3ms
[34.465s][info][gc,phases    ] GC(732)   Other: 0.1ms
[34.465s][info][gc,heap      ] GC(732) Eden regions: 306->0(306)
[34.465s][info][gc,heap      ] GC(732) Survivor regions: 1->1(39)
[34.465s][info][gc,heap      ] GC(732) Old regions: 45->46
[34.465s][info][gc,heap      ] GC(732) Humongous regions: 0->0
[34.465s][info][gc,metaspace ] GC(732) Metaspace: 7413K->7413K(1056768K)
[34.465s][info][gc           ] GC(732) Pause Young (Normal) (G1 Evacuation Pause) 351M->45M(512M) 0.876ms
[34.465s][info][gc,cpu       ] GC(732) User=0.00s Sys=0.00s Real=0.00s
[34.509s][info][gc,start     ] GC(733) Pause Young (Normal) (G1 Evacuation Pause)
[34.509s][info][gc,task      ] GC(733) Using 8 workers of 8 for evacuation
[34.510s][info][gc,phases    ] GC(733)   Pre Evacuate Collection Set: 0.0ms
[34.510s][info][gc,phases    ] GC(733)   Evacuate Collection Set: 0.5ms
[34.510s][info][gc,phases    ] GC(733)   Post Evacuate Collection Set: 0.3ms
[34.510s][info][gc,phases    ] GC(733)   Other: 0.2ms
[34.510s][info][gc,heap      ] GC(733) Eden regions: 306->0(306)
[34.510s][info][gc,heap      ] GC(733) Survivor regions: 1->1(39)
[34.510s][info][gc,heap      ] GC(733) Old regions: 46->46
[34.510s][info][gc,heap      ] GC(733) Humongous regions: 0->0
[34.510s][info][gc,metaspace ] GC(733) Metaspace: 7413K->7413K(1056768K)
[34.510s][info][gc           ] GC(733) Pause Young (Normal) (G1 Evacuation Pause) 351M->46M(512M) 1.063ms
[34.510s][info][gc,cpu       ] GC(733) User=0.00s Sys=0.00s Real=0.01s
[34.556s][info][gc,start     ] GC(734) Pause Young (Normal) (G1 Evacuation Pause)
[34.556s][info][gc,task      ] GC(734) Using 8 workers of 8 for evacuation
[34.556s][info][gc,phases    ] GC(734)   Pre Evacuate Collection Set: 0.0ms
[34.556s][info][gc,phases    ] GC(734)   Evacuate Collection Set: 0.3ms
[34.556s][info][gc,phases    ] GC(734)   Post Evacuate Collection Set: 0.2ms
[34.556s][info][gc,phases    ] GC(734)   Other: 0.1ms
[34.556s][info][gc,heap      ] GC(734) Eden regions: 306->0(306)
[34.556s][info][gc,heap      ] GC(734) Survivor regions: 1->1(39)
[34.556s][info][gc,heap      ] GC(734) Old regions: 46->46
[34.556s][info][gc,heap      ] GC(734) Humongous regions: 0->0
[34.556s][info][gc,metaspace ] GC(734) Metaspace: 7413K->7413K(1056768K)
[34.556s][info][gc           ] GC(734) Pause Young (Normal) (G1 Evacuation Pause) 352M->46M(512M) 0.807ms
[34.556s][info][gc,cpu       ] GC(734) User=0.00s Sys=0.00s Real=0.00s
[34.611s][info][gc,start     ] GC(735) Pause Young (Normal) (G1 Evacuation Pause)
[34.611s][info][gc,task      ] GC(735) Using 8 workers of 8 for evacuation
[34.612s][info][gc,phases    ] GC(735)   Pre Evacuate Collection Set: 0.0ms
[34.612s][info][gc,phases    ] GC(735)   Evacuate Collection Set: 0.7ms
[34.612s][info][gc,phases    ] GC(735)   Post Evacuate Collection Set: 0.5ms
[34.612s][info][gc,phases    ] GC(735)   Other: 0.3ms
[34.612s][info][gc,heap      ] GC(735) Eden regions: 306->0(306)
[34.612s][info][gc,heap      ] GC(735) Survivor regions: 1->1(39)
[34.612s][info][gc,heap      ] GC(735) Old regions: 46->46
[34.612s][info][gc,heap      ] GC(735) Humongous regions: 0->0
[34.612s][info][gc,metaspace ] GC(735) Metaspace: 7413K->7413K(1056768K)
[34.612s][info][gc           ] GC(735) Pause Young (Normal) (G1 Evacuation Pause) 352M->46M(512M) 1.650ms
[34.613s][info][gc,cpu       ] GC(735) User=0.00s Sys=0.00s Real=0.00s
[34.658s][info][gc,start     ] GC(736) Pause Young (Normal) (G1 Evacuation Pause)
[34.658s][info][gc,task      ] GC(736) Using 8 workers of 8 for evacuation
[34.659s][info][gc,phases    ] GC(736)   Pre Evacuate Collection Set: 0.0ms
[34.659s][info][gc,phases    ] GC(736)   Evacuate Collection Set: 0.5ms
[34.659s][info][gc,phases    ] GC(736)   Post Evacuate Collection Set: 0.2ms
[34.659s][info][gc,phases    ] GC(736)   Other: 0.2ms
[34.659s][info][gc,heap      ] GC(736) Eden regions: 306->0(306)
[34.659s][info][gc,heap      ] GC(736) Survivor regions: 1->1(39)
[34.659s][info][gc,heap      ] GC(736) Old regions: 46->46
[34.659s][info][gc,heap      ] GC(736) Humongous regions: 0->0
[34.659s][info][gc,metaspace ] GC(736) Metaspace: 7413K->7413K(1056768K)
[34.659s][info][gc           ] GC(736) Pause Young (Normal) (G1 Evacuation Pause) 352M->46M(512M) 1.007ms
[34.659s][info][gc,cpu       ] GC(736) User=0.00s Sys=0.00s Real=0.01s
[34.702s][info][gc,start     ] GC(737) Pause Young (Normal) (G1 Evacuation Pause)
[34.702s][info][gc,task      ] GC(737) Using 8 workers of 8 for evacuation
[34.703s][info][gc,phases    ] GC(737)   Pre Evacuate Collection Set: 0.0ms
[34.703s][info][gc,phases    ] GC(737)   Evacuate Collection Set: 0.6ms
[34.703s][info][gc,phases    ] GC(737)   Post Evacuate Collection Set: 0.4ms
[34.703s][info][gc,phases    ] GC(737)   Other: 0.2ms
[34.703s][info][gc,heap      ] GC(737) Eden regions: 306->0(306)
[34.703s][info][gc,heap      ] GC(737) Survivor regions: 1->1(39)
[34.703s][info][gc,heap      ] GC(737) Old regions: 46->46
[34.703s][info][gc,heap      ] GC(737) Humongous regions: 0->0
[34.703s][info][gc,metaspace ] GC(737) Metaspace: 7413K->7413K(1056768K)
[34.703s][info][gc           ] GC(737) Pause Young (Normal) (G1 Evacuation Pause) 352M->46M(512M) 1.247ms
[34.703s][info][gc,cpu       ] GC(737) User=0.00s Sys=0.00s Real=0.00s
[34.745s][info][gc,start     ] GC(738) Pause Young (Normal) (G1 Evacuation Pause)
[34.745s][info][gc,task      ] GC(738) Using 8 workers of 8 for evacuation
[34.745s][info][gc,phases    ] GC(738)   Pre Evacuate Collection Set: 0.0ms
[34.745s][info][gc,phases    ] GC(738)   Evacuate Collection Set: 0.4ms
[34.745s][info][gc,phases    ] GC(738)   Post Evacuate Collection Set: 0.3ms
[34.745s][info][gc,phases    ] GC(738)   Other: 0.2ms
[34.745s][info][gc,heap      ] GC(738) Eden regions: 306->0(306)
[34.745s][info][gc,heap      ] GC(738) Survivor regions: 1->1(39)
[34.745s][info][gc,heap      ] GC(738) Old regions: 46->46
[34.745s][info][gc,heap      ] GC(738) Humongous regions: 0->0
[34.745s][info][gc,metaspace ] GC(738) Metaspace: 7413K->7413K(1056768K)
[34.745s][info][gc           ] GC(738) Pause Young (Normal) (G1 Evacuation Pause) 352M->46M(512M) 0.983ms
[34.746s][info][gc,cpu       ] GC(738) User=0.01s Sys=0.00s Real=0.00s
[34.792s][info][gc,start     ] GC(739) Pause Young (Normal) (G1 Evacuation Pause)
[34.792s][info][gc,task      ] GC(739) Using 8 workers of 8 for evacuation
[34.793s][info][gc,phases    ] GC(739)   Pre Evacuate Collection Set: 0.0ms
[34.793s][info][gc,phases    ] GC(739)   Evacuate Collection Set: 0.5ms
[34.793s][info][gc,phases    ] GC(739)   Post Evacuate Collection Set: 0.3ms
[34.793s][info][gc,phases    ] GC(739)   Other: 0.2ms
[34.793s][info][gc,heap      ] GC(739) Eden regions: 306->0(306)
[34.793s][info][gc,heap      ] GC(739) Survivor regions: 1->1(39)
[34.793s][info][gc,heap      ] GC(739) Old regions: 46->46
[34.793s][info][gc,heap      ] GC(739) Humongous regions: 0->0
[34.793s][info][gc,metaspace ] GC(739) Metaspace: 7413K->7413K(1056768K)
[34.793s][info][gc           ] GC(739) Pause Young (Normal) (G1 Evacuation Pause) 352M->46M(512M) 1.063ms
[34.793s][info][gc,cpu       ] GC(739) User=0.01s Sys=0.01s Real=0.00s
[34.847s][info][gc,start     ] GC(740) Pause Young (Normal) (G1 Evacuation Pause)
[34.847s][info][gc,task      ] GC(740) Using 8 workers of 8 for evacuation
[34.848s][info][gc,phases    ] GC(740)   Pre Evacuate Collection Set: 0.0ms
[34.848s][info][gc,phases    ] GC(740)   Evacuate Collection Set: 0.4ms
[34.848s][info][gc,phases    ] GC(740)   Post Evacuate Collection Set: 0.2ms
[34.848s][info][gc,phases    ] GC(740)   Other: 0.2ms
[34.848s][info][gc,heap      ] GC(740) Eden regions: 306->0(306)
[34.848s][info][gc,heap      ] GC(740) Survivor regions: 1->1(39)
[34.848s][info][gc,heap      ] GC(740) Old regions: 46->46
[34.848s][info][gc,heap      ] GC(740) Humongous regions: 0->0
[34.848s][info][gc,metaspace ] GC(740) Metaspace: 7413K->7413K(1056768K)
[34.848s][info][gc           ] GC(740) Pause Young (Normal) (G1 Evacuation Pause) 352M->46M(512M) 0.903ms
[34.848s][info][gc,cpu       ] GC(740) User=0.01s Sys=0.00s Real=0.00s
[34.890s][info][gc,start     ] GC(741) Pause Young (Normal) (G1 Evacuation Pause)
[34.890s][info][gc,task      ] GC(741) Using 8 workers of 8 for evacuation
[34.891s][info][gc,phases    ] GC(741)   Pre Evacuate Collection Set: 0.0ms
[34.891s][info][gc,phases    ] GC(741)   Evacuate Collection Set: 0.4ms
[34.891s][info][gc,phases    ] GC(741)   Post Evacuate Collection Set: 0.2ms
[34.891s][info][gc,phases    ] GC(741)   Other: 0.1ms
[34.891s][info][gc,heap      ] GC(741) Eden regions: 306->0(306)
[34.891s][info][gc,heap      ] GC(741) Survivor regions: 1->1(39)
[34.891s][info][gc,heap      ] GC(741) Old regions: 46->46
[34.891s][info][gc,heap      ] GC(741) Humongous regions: 0->0
[34.891s][info][gc,metaspace ] GC(741) Metaspace: 7413K->7413K(1056768K)
[34.891s][info][gc           ] GC(741) Pause Young (Normal) (G1 Evacuation Pause) 352M->46M(512M) 0.877ms
[34.891s][info][gc,cpu       ] GC(741) User=0.00s Sys=0.00s Real=0.00s
[34.930s][info][gc,start     ] GC(742) Pause Young (Normal) (G1 Evacuation Pause)
[34.931s][info][gc,task      ] GC(742) Using 8 workers of 8 for evacuation
[34.931s][info][gc,phases    ] GC(742)   Pre Evacuate Collection Set: 0.0ms
[34.931s][info][gc,phases    ] GC(742)   Evacuate Collection Set: 0.5ms
[34.931s][info][gc,phases    ] GC(742)   Post Evacuate Collection Set: 0.3ms
[34.931s][info][gc,phases    ] GC(742)   Other: 0.1ms
[34.931s][info][gc,heap      ] GC(742) Eden regions: 306->0(306)
[34.931s][info][gc,heap      ] GC(742) Survivor regions: 1->1(39)
[34.931s][info][gc,heap      ] GC(742) Old regions: 46->46
[34.931s][info][gc,heap      ] GC(742) Humongous regions: 0->0
[34.931s][info][gc,metaspace ] GC(742) Metaspace: 7413K->7413K(1056768K)
[34.931s][info][gc           ] GC(742) Pause Young (Normal) (G1 Evacuation Pause) 352M->46M(512M) 0.988ms
[34.932s][info][gc,cpu       ] GC(742) User=0.01s Sys=0.00s Real=0.00s
[34.980s][info][gc,start     ] GC(743) Pause Young (Normal) (G1 Evacuation Pause)
[34.980s][info][gc,task      ] GC(743) Using 8 workers of 8 for evacuation
[34.981s][info][gc,phases    ] GC(743)   Pre Evacuate Collection Set: 0.0ms
[34.981s][info][gc,phases    ] GC(743)   Evacuate Collection Set: 0.5ms
[34.981s][info][gc,phases    ] GC(743)   Post Evacuate Collection Set: 0.4ms
[34.981s][info][gc,phases    ] GC(743)   Other: 0.2ms
[34.981s][info][gc,heap      ] GC(743) Eden regions: 306->0(306)
[34.981s][info][gc,heap      ] GC(743) Survivor regions: 1->1(39)
[34.981s][info][gc,heap      ] GC(743) Old regions: 46->46
[34.981s][info][gc,heap      ] GC(743) Humongous regions: 0->0
[34.981s][info][gc,metaspace ] GC(743) Metaspace: 7413K->7413K(1056768K)
[34.981s][info][gc           ] GC(743) Pause Young (Normal) (G1 Evacuation Pause) 352M->46M(512M) 1.118ms
[34.981s][info][gc,cpu       ] GC(743) User=0.00s Sys=0.00s Real=0.00s
[35.026s][info][gc,start     ] GC(744) Pause Young (Normal) (G1 Evacuation Pause)
[35.026s][info][gc,task      ] GC(744) Using 8 workers of 8 for evacuation
[35.027s][info][gc,phases    ] GC(744)   Pre Evacuate Collection Set: 0.0ms
[35.027s][info][gc,phases    ] GC(744)   Evacuate Collection Set: 0.6ms
[35.027s][info][gc,phases    ] GC(744)   Post Evacuate Collection Set: 0.3ms
[35.027s][info][gc,phases    ] GC(744)   Other: 0.2ms
[35.027s][info][gc,heap      ] GC(744) Eden regions: 306->0(306)
[35.027s][info][gc,heap      ] GC(744) Survivor regions: 1->1(39)
[35.027s][info][gc,heap      ] GC(744) Old regions: 46->46
[35.027s][info][gc,heap      ] GC(744) Humongous regions: 0->0
[35.027s][info][gc,metaspace ] GC(744) Metaspace: 7413K->7413K(1056768K)
[35.027s][info][gc           ] GC(744) Pause Young (Normal) (G1 Evacuation Pause) 352M->46M(512M) 1.227ms
[35.027s][info][gc,cpu       ] GC(744) User=0.00s Sys=0.00s Real=0.00s
[35.081s][info][gc,start     ] GC(745) Pause Young (Normal) (G1 Evacuation Pause)
[35.081s][info][gc,task      ] GC(745) Using 8 workers of 8 for evacuation
[35.081s][info][gc,phases    ] GC(745)   Pre Evacuate Collection Set: 0.0ms
[35.081s][info][gc,phases    ] GC(745)   Evacuate Collection Set: 0.4ms
[35.081s][info][gc,phases    ] GC(745)   Post Evacuate Collection Set: 0.2ms
[35.081s][info][gc,phases    ] GC(745)   Other: 0.3ms
[35.081s][info][gc,heap      ] GC(745) Eden regions: 306->0(306)
[35.081s][info][gc,heap      ] GC(745) Survivor regions: 1->1(39)
[35.082s][info][gc,heap      ] GC(745) Old regions: 46->46
[35.082s][info][gc,heap      ] GC(745) Humongous regions: 0->0
[35.082s][info][gc,metaspace ] GC(745) Metaspace: 7413K->7413K(1056768K)
[35.082s][info][gc           ] GC(745) Pause Young (Normal) (G1 Evacuation Pause) 352M->46M(512M) 0.926ms
[35.082s][info][gc,cpu       ] GC(745) User=0.01s Sys=0.00s Real=0.00s
[35.122s][info][gc,start     ] GC(746) Pause Young (Normal) (G1 Evacuation Pause)
[35.123s][info][gc,task      ] GC(746) Using 8 workers of 8 for evacuation
[35.123s][info][gc,phases    ] GC(746)   Pre Evacuate Collection Set: 0.0ms
[35.123s][info][gc,phases    ] GC(746)   Evacuate Collection Set: 0.4ms
[35.123s][info][gc,phases    ] GC(746)   Post Evacuate Collection Set: 0.2ms
[35.123s][info][gc,phases    ] GC(746)   Other: 0.1ms
[35.123s][info][gc,heap      ] GC(746) Eden regions: 306->0(306)
[35.123s][info][gc,heap      ] GC(746) Survivor regions: 1->1(39)
[35.123s][info][gc,heap      ] GC(746) Old regions: 46->46
[35.123s][info][gc,heap      ] GC(746) Humongous regions: 0->0
[35.123s][info][gc,metaspace ] GC(746) Metaspace: 7413K->7413K(1056768K)
[35.123s][info][gc           ] GC(746) Pause Young (Normal) (G1 Evacuation Pause) 352M->46M(512M) 0.824ms
[35.123s][info][gc,cpu       ] GC(746) User=0.00s Sys=0.00s Real=0.00s
[35.165s][info][gc,start     ] GC(747) Pause Young (Normal) (G1 Evacuation Pause)
[35.165s][info][gc,task      ] GC(747) Using 8 workers of 8 for evacuation
[35.166s][info][gc,phases    ] GC(747)   Pre Evacuate Collection Set: 0.0ms
[35.166s][info][gc,phases    ] GC(747)   Evacuate Collection Set: 0.4ms
[35.166s][info][gc,phases    ] GC(747)   Post Evacuate Collection Set: 0.3ms
[35.166s][info][gc,phases    ] GC(747)   Other: 0.1ms
[35.166s][info][gc,heap      ] GC(747) Eden regions: 306->0(306)
[35.166s][info][gc,heap      ] GC(747) Survivor regions: 1->1(39)
[35.166s][info][gc,heap      ] GC(747) Old regions: 46->46
[35.166s][info][gc,heap      ] GC(747) Humongous regions: 0->0
[35.166s][info][gc,metaspace ] GC(747) Metaspace: 7413K->7413K(1056768K)
[35.166s][info][gc           ] GC(747) Pause Young (Normal) (G1 Evacuation Pause) 352M->46M(512M) 0.937ms
[35.166s][info][gc,cpu       ] GC(747) User=0.01s Sys=0.00s Real=0.00s
[35.206s][info][gc,start     ] GC(748) Pause Young (Normal) (G1 Evacuation Pause)
[35.206s][info][gc,task      ] GC(748) Using 8 workers of 8 for evacuation
[35.207s][info][gc,phases    ] GC(748)   Pre Evacuate Collection Set: 0.0ms
[35.207s][info][gc,phases    ] GC(748)   Evacuate Collection Set: 0.4ms
[35.207s][info][gc,phases    ] GC(748)   Post Evacuate Collection Set: 0.2ms
[35.207s][info][gc,phases    ] GC(748)   Other: 0.1ms
[35.207s][info][gc,heap      ] GC(748) Eden regions: 306->0(306)
[35.207s][info][gc,heap      ] GC(748) Survivor regions: 1->1(39)
[35.207s][info][gc,heap      ] GC(748) Old regions: 46->47
[35.207s][info][gc,heap      ] GC(748) Humongous regions: 0->0
[35.207s][info][gc,metaspace ] GC(748) Metaspace: 7413K->7413K(1056768K)
[35.207s][info][gc           ] GC(748) Pause Young (Normal) (G1 Evacuation Pause) 352M->46M(512M) 0.881ms
[35.207s][info][gc,cpu       ] GC(748) User=0.00s Sys=0.00s Real=0.00s
[35.252s][info][gc,start     ] GC(749) Pause Young (Normal) (G1 Evacuation Pause)
[35.252s][info][gc,task      ] GC(749) Using 8 workers of 8 for evacuation
[35.253s][info][gc,phases    ] GC(749)   Pre Evacuate Collection Set: 0.0ms
[35.253s][info][gc,phases    ] GC(749)   Evacuate Collection Set: 0.4ms
[35.253s][info][gc,phases    ] GC(749)   Post Evacuate Collection Set: 0.3ms
[35.253s][info][gc,phases    ] GC(749)   Other: 0.1ms
[35.253s][info][gc,heap      ] GC(749) Eden regions: 306->0(306)
[35.253s][info][gc,heap      ] GC(749) Survivor regions: 1->1(39)
[35.253s][info][gc,heap      ] GC(749) Old regions: 47->47
[35.253s][info][gc,heap      ] GC(749) Humongous regions: 0->0
[35.253s][info][gc,metaspace ] GC(749) Metaspace: 7413K->7413K(1056768K)
[35.253s][info][gc           ] GC(749) Pause Young (Normal) (G1 Evacuation Pause) 352M->46M(512M) 0.912ms
[35.253s][info][gc,cpu       ] GC(749) User=0.00s Sys=0.00s Real=0.00s
[35.302s][info][gc,start     ] GC(750) Pause Young (Normal) (G1 Evacuation Pause)
[35.302s][info][gc,task      ] GC(750) Using 8 workers of 8 for evacuation
[35.303s][info][gc,phases    ] GC(750)   Pre Evacuate Collection Set: 0.0ms
[35.303s][info][gc,phases    ] GC(750)   Evacuate Collection Set: 0.6ms
[35.303s][info][gc,phases    ] GC(750)   Post Evacuate Collection Set: 0.2ms
[35.303s][info][gc,phases    ] GC(750)   Other: 0.2ms
[35.303s][info][gc,heap      ] GC(750) Eden regions: 306->0(306)
[35.303s][info][gc,heap      ] GC(750) Survivor regions: 1->1(39)
[35.303s][info][gc,heap      ] GC(750) Old regions: 47->47
[35.303s][info][gc,heap      ] GC(750) Humongous regions: 0->0
[35.303s][info][gc,metaspace ] GC(750) Metaspace: 7413K->7413K(1056768K)
[35.304s][info][gc           ] GC(750) Pause Young (Normal) (G1 Evacuation Pause) 352M->47M(512M) 1.100ms
[35.304s][info][gc,cpu       ] GC(750) User=0.00s Sys=0.01s Real=0.00s
[35.351s][info][gc,start     ] GC(751) Pause Young (Normal) (G1 Evacuation Pause)
[35.351s][info][gc,task      ] GC(751) Using 8 workers of 8 for evacuation
[35.351s][info][gc,phases    ] GC(751)   Pre Evacuate Collection Set: 0.0ms
[35.351s][info][gc,phases    ] GC(751)   Evacuate Collection Set: 0.4ms
[35.351s][info][gc,phases    ] GC(751)   Post Evacuate Collection Set: 0.2ms
[35.351s][info][gc,phases    ] GC(751)   Other: 0.1ms
[35.351s][info][gc,heap      ] GC(751) Eden regions: 306->0(306)
[35.351s][info][gc,heap      ] GC(751) Survivor regions: 1->1(39)
[35.351s][info][gc,heap      ] GC(751) Old regions: 47->47
[35.351s][info][gc,heap      ] GC(751) Humongous regions: 0->0
[35.351s][info][gc,metaspace ] GC(751) Metaspace: 7413K->7413K(1056768K)
[35.351s][info][gc           ] GC(751) Pause Young (Normal) (G1 Evacuation Pause) 353M->47M(512M) 0.836ms
[35.351s][info][gc,cpu       ] GC(751) User=0.01s Sys=0.00s Real=0.00s
[35.395s][info][gc,start     ] GC(752) Pause Young (Normal) (G1 Evacuation Pause)
[35.395s][info][gc,task      ] GC(752) Using 8 workers of 8 for evacuation
[35.395s][info][gc,phases    ] GC(752)   Pre Evacuate Collection Set: 0.0ms
[35.395s][info][gc,phases    ] GC(752)   Evacuate Collection Set: 0.4ms
[35.395s][info][gc,phases    ] GC(752)   Post Evacuate Collection Set: 0.2ms
[35.395s][info][gc,phases    ] GC(752)   Other: 0.1ms
[35.395s][info][gc,heap      ] GC(752) Eden regions: 306->0(306)
[35.395s][info][gc,heap      ] GC(752) Survivor regions: 1->1(39)
[35.395s][info][gc,heap      ] GC(752) Old regions: 47->47
[35.395s][info][gc,heap      ] GC(752) Humongous regions: 0->0
[35.395s][info][gc,metaspace ] GC(752) Metaspace: 7413K->7413K(1056768K)
[35.395s][info][gc           ] GC(752) Pause Young (Normal) (G1 Evacuation Pause) 353M->47M(512M) 0.828ms
[35.395s][info][gc,cpu       ] GC(752) User=0.00s Sys=0.00s Real=0.00s
[35.440s][info][gc,start     ] GC(753) Pause Young (Normal) (G1 Evacuation Pause)
[35.440s][info][gc,task      ] GC(753) Using 8 workers of 8 for evacuation
[35.441s][info][gc,phases    ] GC(753)   Pre Evacuate Collection Set: 0.0ms
[35.441s][info][gc,phases    ] GC(753)   Evacuate Collection Set: 0.4ms
[35.441s][info][gc,phases    ] GC(753)   Post Evacuate Collection Set: 0.2ms
[35.441s][info][gc,phases    ] GC(753)   Other: 0.2ms
[35.441s][info][gc,heap      ] GC(753) Eden regions: 306->0(306)
[35.441s][info][gc,heap      ] GC(753) Survivor regions: 1->1(39)
[35.441s][info][gc,heap      ] GC(753) Old regions: 47->47
[35.441s][info][gc,heap      ] GC(753) Humongous regions: 0->0
[35.441s][info][gc,metaspace ] GC(753) Metaspace: 7413K->7413K(1056768K)
[35.441s][info][gc           ] GC(753) Pause Young (Normal) (G1 Evacuation Pause) 353M->47M(512M) 0.911ms
[35.441s][info][gc,cpu       ] GC(753) User=0.00s Sys=0.00s Real=0.00s
[35.488s][info][gc,start     ] GC(754) Pause Young (Normal) (G1 Evacuation Pause)
[35.488s][info][gc,task      ] GC(754) Using 8 workers of 8 for evacuation
[35.489s][info][gc,phases    ] GC(754)   Pre Evacuate Collection Set: 0.0ms
[35.489s][info][gc,phases    ] GC(754)   Evacuate Collection Set: 0.5ms
[35.489s][info][gc,phases    ] GC(754)   Post Evacuate Collection Set: 0.2ms
[35.489s][info][gc,phases    ] GC(754)   Other: 0.1ms
[35.489s][info][gc,heap      ] GC(754) Eden regions: 306->0(306)
[35.489s][info][gc,heap      ] GC(754) Survivor regions: 1->1(39)
[35.489s][info][gc,heap      ] GC(754) Old regions: 47->47
[35.489s][info][gc,heap      ] GC(754) Humongous regions: 0->0
[35.489s][info][gc,metaspace ] GC(754) Metaspace: 7413K->7413K(1056768K)
[35.489s][info][gc           ] GC(754) Pause Young (Normal) (G1 Evacuation Pause) 353M->47M(512M) 0.976ms
[35.489s][info][gc,cpu       ] GC(754) User=0.00s Sys=0.00s Real=0.01s
[35.538s][info][gc,start     ] GC(755) Pause Young (Normal) (G1 Evacuation Pause)
[35.538s][info][gc,task      ] GC(755) Using 8 workers of 8 for evacuation
[35.539s][info][gc,phases    ] GC(755)   Pre Evacuate Collection Set: 0.0ms
[35.539s][info][gc,phases    ] GC(755)   Evacuate Collection Set: 0.4ms
[35.539s][info][gc,phases    ] GC(755)   Post Evacuate Collection Set: 0.4ms
[35.539s][info][gc,phases    ] GC(755)   Other: 0.2ms
[35.539s][info][gc,heap      ] GC(755) Eden regions: 306->0(306)
[35.539s][info][gc,heap      ] GC(755) Survivor regions: 1->1(39)
[35.539s][info][gc,heap      ] GC(755) Old regions: 47->47
[35.539s][info][gc,heap      ] GC(755) Humongous regions: 0->0
[35.539s][info][gc,metaspace ] GC(755) Metaspace: 7413K->7413K(1056768K)
[35.539s][info][gc           ] GC(755) Pause Young (Normal) (G1 Evacuation Pause) 353M->47M(512M) 1.096ms
[35.539s][info][gc,cpu       ] GC(755) User=0.00s Sys=0.00s Real=0.01s
[35.590s][info][gc,start     ] GC(756) Pause Young (Normal) (G1 Evacuation Pause)
[35.590s][info][gc,task      ] GC(756) Using 8 workers of 8 for evacuation
[35.591s][info][gc,phases    ] GC(756)   Pre Evacuate Collection Set: 0.0ms
[35.591s][info][gc,phases    ] GC(756)   Evacuate Collection Set: 0.6ms
[35.591s][info][gc,phases    ] GC(756)   Post Evacuate Collection Set: 0.3ms
[35.591s][info][gc,phases    ] GC(756)   Other: 0.2ms
[35.591s][info][gc,heap      ] GC(756) Eden regions: 306->0(306)
[35.591s][info][gc,heap      ] GC(756) Survivor regions: 1->1(39)
[35.591s][info][gc,heap      ] GC(756) Old regions: 47->47
[35.591s][info][gc,heap      ] GC(756) Humongous regions: 0->0
[35.591s][info][gc,metaspace ] GC(756) Metaspace: 7413K->7413K(1056768K)
[35.591s][info][gc           ] GC(756) Pause Young (Normal) (G1 Evacuation Pause) 353M->47M(512M) 1.224ms
[35.591s][info][gc,cpu       ] GC(756) User=0.00s Sys=0.00s Real=0.00s
[35.634s][info][gc,start     ] GC(757) Pause Young (Normal) (G1 Evacuation Pause)
[35.634s][info][gc,task      ] GC(757) Using 8 workers of 8 for evacuation
[35.635s][info][gc,phases    ] GC(757)   Pre Evacuate Collection Set: 0.0ms
[35.635s][info][gc,phases    ] GC(757)   Evacuate Collection Set: 0.5ms
[35.635s][info][gc,phases    ] GC(757)   Post Evacuate Collection Set: 0.2ms
[35.635s][info][gc,phases    ] GC(757)   Other: 0.2ms
[35.635s][info][gc,heap      ] GC(757) Eden regions: 306->0(306)
[35.635s][info][gc,heap      ] GC(757) Survivor regions: 1->1(39)
[35.635s][info][gc,heap      ] GC(757) Old regions: 47->47
[35.635s][info][gc,heap      ] GC(757) Humongous regions: 0->0
[35.635s][info][gc,metaspace ] GC(757) Metaspace: 7413K->7413K(1056768K)
[35.635s][info][gc           ] GC(757) Pause Young (Normal) (G1 Evacuation Pause) 353M->47M(512M) 0.994ms
[35.635s][info][gc,cpu       ] GC(757) User=0.00s Sys=0.00s Real=0.00s
[35.678s][info][gc,start     ] GC(758) Pause Young (Normal) (G1 Evacuation Pause)
[35.679s][info][gc,task      ] GC(758) Using 8 workers of 8 for evacuation
[35.679s][info][gc,phases    ] GC(758)   Pre Evacuate Collection Set: 0.0ms
[35.679s][info][gc,phases    ] GC(758)   Evacuate Collection Set: 0.5ms
[35.679s][info][gc,phases    ] GC(758)   Post Evacuate Collection Set: 0.2ms
[35.679s][info][gc,phases    ] GC(758)   Other: 0.1ms
[35.679s][info][gc,heap      ] GC(758) Eden regions: 306->0(306)
[35.679s][info][gc,heap      ] GC(758) Survivor regions: 1->1(39)
[35.679s][info][gc,heap      ] GC(758) Old regions: 47->47
[35.679s][info][gc,heap      ] GC(758) Humongous regions: 0->0
[35.679s][info][gc,metaspace ] GC(758) Metaspace: 7413K->7413K(1056768K)
[35.679s][info][gc           ] GC(758) Pause Young (Normal) (G1 Evacuation Pause) 353M->47M(512M) 0.970ms
[35.679s][info][gc,cpu       ] GC(758) User=0.00s Sys=0.00s Real=0.01s
[35.726s][info][gc,start     ] GC(759) Pause Young (Normal) (G1 Evacuation Pause)
[35.726s][info][gc,task      ] GC(759) Using 8 workers of 8 for evacuation
[35.726s][info][gc,phases    ] GC(759)   Pre Evacuate Collection Set: 0.0ms
[35.726s][info][gc,phases    ] GC(759)   Evacuate Collection Set: 0.4ms
[35.726s][info][gc,phases    ] GC(759)   Post Evacuate Collection Set: 0.2ms
[35.726s][info][gc,phases    ] GC(759)   Other: 0.1ms
[35.726s][info][gc,heap      ] GC(759) Eden regions: 306->0(306)
[35.726s][info][gc,heap      ] GC(759) Survivor regions: 1->1(39)
[35.726s][info][gc,heap      ] GC(759) Old regions: 47->47
[35.726s][info][gc,heap      ] GC(759) Humongous regions: 0->0
[35.726s][info][gc,metaspace ] GC(759) Metaspace: 7413K->7413K(1056768K)
[35.726s][info][gc           ] GC(759) Pause Young (Normal) (G1 Evacuation Pause) 353M->47M(512M) 0.903ms
[35.726s][info][gc,cpu       ] GC(759) User=0.00s Sys=0.00s Real=0.00s
[35.781s][info][gc,start     ] GC(760) Pause Young (Normal) (G1 Evacuation Pause)
[35.781s][info][gc,task      ] GC(760) Using 8 workers of 8 for evacuation
[35.781s][info][gc,phases    ] GC(760)   Pre Evacuate Collection Set: 0.0ms
[35.781s][info][gc,phases    ] GC(760)   Evacuate Collection Set: 0.4ms
[35.781s][info][gc,phases    ] GC(760)   Post Evacuate Collection Set: 0.3ms
[35.781s][info][gc,phases    ] GC(760)   Other: 0.1ms
[35.781s][info][gc,heap      ] GC(760) Eden regions: 306->0(306)
[35.781s][info][gc,heap      ] GC(760) Survivor regions: 1->1(39)
[35.781s][info][gc,heap      ] GC(760) Old regions: 47->47
[35.781s][info][gc,heap      ] GC(760) Humongous regions: 0->0
[35.781s][info][gc,metaspace ] GC(760) Metaspace: 7413K->7413K(1056768K)
[35.782s][info][gc           ] GC(760) Pause Young (Normal) (G1 Evacuation Pause) 353M->47M(512M) 0.883ms
[35.782s][info][gc,cpu       ] GC(760) User=0.00s Sys=0.00s Real=0.00s
[35.823s][info][gc,start     ] GC(761) Pause Young (Normal) (G1 Evacuation Pause)
[35.823s][info][gc,task      ] GC(761) Using 8 workers of 8 for evacuation
[35.823s][info][gc,phases    ] GC(761)   Pre Evacuate Collection Set: 0.0ms
[35.823s][info][gc,phases    ] GC(761)   Evacuate Collection Set: 0.5ms
[35.823s][info][gc,phases    ] GC(761)   Post Evacuate Collection Set: 0.2ms
[35.823s][info][gc,phases    ] GC(761)   Other: 0.1ms
[35.823s][info][gc,heap      ] GC(761) Eden regions: 306->0(306)
[35.823s][info][gc,heap      ] GC(761) Survivor regions: 1->1(39)
[35.823s][info][gc,heap      ] GC(761) Old regions: 47->47
[35.823s][info][gc,heap      ] GC(761) Humongous regions: 0->0
[35.824s][info][gc,metaspace ] GC(761) Metaspace: 7413K->7413K(1056768K)
[35.824s][info][gc           ] GC(761) Pause Young (Normal) (G1 Evacuation Pause) 353M->47M(512M) 0.963ms
[35.824s][info][gc,cpu       ] GC(761) User=0.01s Sys=0.00s Real=0.00s
[35.867s][info][gc,start     ] GC(762) Pause Young (Normal) (G1 Evacuation Pause)
[35.867s][info][gc,task      ] GC(762) Using 8 workers of 8 for evacuation
[35.868s][info][gc,phases    ] GC(762)   Pre Evacuate Collection Set: 0.0ms
[35.868s][info][gc,phases    ] GC(762)   Evacuate Collection Set: 0.5ms
[35.868s][info][gc,phases    ] GC(762)   Post Evacuate Collection Set: 0.3ms
[35.868s][info][gc,phases    ] GC(762)   Other: 0.1ms
[35.868s][info][gc,heap      ] GC(762) Eden regions: 306->0(306)
[35.868s][info][gc,heap      ] GC(762) Survivor regions: 1->1(39)
[35.868s][info][gc,heap      ] GC(762) Old regions: 47->47
[35.868s][info][gc,heap      ] GC(762) Humongous regions: 0->0
[35.868s][info][gc,metaspace ] GC(762) Metaspace: 7413K->7413K(1056768K)
[35.868s][info][gc           ] GC(762) Pause Young (Normal) (G1 Evacuation Pause) 353M->47M(512M) 1.040ms
[35.868s][info][gc,cpu       ] GC(762) User=0.00s Sys=0.00s Real=0.00s
[35.908s][info][gc,start     ] GC(763) Pause Young (Normal) (G1 Evacuation Pause)
[35.908s][info][gc,task      ] GC(763) Using 8 workers of 8 for evacuation
[35.908s][info][gc,phases    ] GC(763)   Pre Evacuate Collection Set: 0.0ms
[35.908s][info][gc,phases    ] GC(763)   Evacuate Collection Set: 0.4ms
[35.908s][info][gc,phases    ] GC(763)   Post Evacuate Collection Set: 0.2ms
[35.908s][info][gc,phases    ] GC(763)   Other: 0.1ms
[35.908s][info][gc,heap      ] GC(763) Eden regions: 306->0(306)
[35.908s][info][gc,heap      ] GC(763) Survivor regions: 1->1(39)
[35.908s][info][gc,heap      ] GC(763) Old regions: 47->47
[35.909s][info][gc,heap      ] GC(763) Humongous regions: 0->0
[35.909s][info][gc,metaspace ] GC(763) Metaspace: 7413K->7413K(1056768K)
[35.909s][info][gc           ] GC(763) Pause Young (Normal) (G1 Evacuation Pause) 353M->47M(512M) 0.896ms
[35.909s][info][gc,cpu       ] GC(763) User=0.01s Sys=0.00s Real=0.00s
[35.953s][info][gc,start     ] GC(764) Pause Young (Normal) (G1 Evacuation Pause)
[35.953s][info][gc,task      ] GC(764) Using 8 workers of 8 for evacuation
[35.954s][info][gc,phases    ] GC(764)   Pre Evacuate Collection Set: 0.0ms
[35.954s][info][gc,phases    ] GC(764)   Evacuate Collection Set: 0.5ms
[35.954s][info][gc,phases    ] GC(764)   Post Evacuate Collection Set: 0.2ms
[35.954s][info][gc,phases    ] GC(764)   Other: 0.1ms
[35.954s][info][gc,heap      ] GC(764) Eden regions: 306->0(306)
[35.954s][info][gc,heap      ] GC(764) Survivor regions: 1->1(39)
[35.954s][info][gc,heap      ] GC(764) Old regions: 47->47
[35.954s][info][gc,heap      ] GC(764) Humongous regions: 0->0
[35.954s][info][gc,metaspace ] GC(764) Metaspace: 7413K->7413K(1056768K)
[35.954s][info][gc           ] GC(764) Pause Young (Normal) (G1 Evacuation Pause) 353M->47M(512M) 1.000ms
[35.954s][info][gc,cpu       ] GC(764) User=0.01s Sys=0.00s Real=0.00s
[36.007s][info][gc,start     ] GC(765) Pause Young (Normal) (G1 Evacuation Pause)
[36.007s][info][gc,task      ] GC(765) Using 8 workers of 8 for evacuation
[36.008s][info][gc,phases    ] GC(765)   Pre Evacuate Collection Set: 0.0ms
[36.008s][info][gc,phases    ] GC(765)   Evacuate Collection Set: 0.4ms
[36.008s][info][gc,phases    ] GC(765)   Post Evacuate Collection Set: 0.2ms
[36.008s][info][gc,phases    ] GC(765)   Other: 0.2ms
[36.008s][info][gc,heap      ] GC(765) Eden regions: 306->0(306)
[36.008s][info][gc,heap      ] GC(765) Survivor regions: 1->1(39)
[36.008s][info][gc,heap      ] GC(765) Old regions: 47->48
[36.008s][info][gc,heap      ] GC(765) Humongous regions: 0->0
[36.008s][info][gc,metaspace ] GC(765) Metaspace: 7413K->7413K(1056768K)
[36.008s][info][gc           ] GC(765) Pause Young (Normal) (G1 Evacuation Pause) 353M->47M(512M) 0.956ms
[36.008s][info][gc,cpu       ] GC(765) User=0.00s Sys=0.00s Real=0.00s
[36.053s][info][gc,start     ] GC(766) Pause Young (Normal) (G1 Evacuation Pause)
[36.053s][info][gc,task      ] GC(766) Using 8 workers of 8 for evacuation
[36.054s][info][gc,phases    ] GC(766)   Pre Evacuate Collection Set: 0.0ms
[36.054s][info][gc,phases    ] GC(766)   Evacuate Collection Set: 0.3ms
[36.054s][info][gc,phases    ] GC(766)   Post Evacuate Collection Set: 0.3ms
[36.054s][info][gc,phases    ] GC(766)   Other: 0.2ms
[36.054s][info][gc,heap      ] GC(766) Eden regions: 306->0(306)
[36.054s][info][gc,heap      ] GC(766) Survivor regions: 1->1(39)
[36.054s][info][gc,heap      ] GC(766) Old regions: 48->48
[36.054s][info][gc,heap      ] GC(766) Humongous regions: 0->0
[36.054s][info][gc,metaspace ] GC(766) Metaspace: 7413K->7413K(1056768K)
[36.054s][info][gc           ] GC(766) Pause Young (Normal) (G1 Evacuation Pause) 353M->48M(512M) 0.820ms
[36.054s][info][gc,cpu       ] GC(766) User=0.00s Sys=0.00s Real=0.00s
[36.093s][info][gc,start     ] GC(767) Pause Young (Normal) (G1 Evacuation Pause)
[36.093s][info][gc,task      ] GC(767) Using 8 workers of 8 for evacuation
[36.094s][info][gc,phases    ] GC(767)   Pre Evacuate Collection Set: 0.0ms
[36.094s][info][gc,phases    ] GC(767)   Evacuate Collection Set: 0.4ms
[36.094s][info][gc,phases    ] GC(767)   Post Evacuate Collection Set: 0.2ms
[36.094s][info][gc,phases    ] GC(767)   Other: 0.2ms
[36.094s][info][gc,heap      ] GC(767) Eden regions: 306->0(306)
[36.094s][info][gc,heap      ] GC(767) Survivor regions: 1->1(39)
[36.094s][info][gc,heap      ] GC(767) Old regions: 48->48
[36.094s][info][gc,heap      ] GC(767) Humongous regions: 0->0
[36.094s][info][gc,metaspace ] GC(767) Metaspace: 7413K->7413K(1056768K)
[36.094s][info][gc           ] GC(767) Pause Young (Normal) (G1 Evacuation Pause) 354M->48M(512M) 0.867ms
[36.094s][info][gc,cpu       ] GC(767) User=0.00s Sys=0.00s Real=0.00s
[36.138s][info][gc,start     ] GC(768) Pause Young (Normal) (G1 Evacuation Pause)
[36.138s][info][gc,task      ] GC(768) Using 8 workers of 8 for evacuation
[36.139s][info][gc,phases    ] GC(768)   Pre Evacuate Collection Set: 0.0ms
[36.139s][info][gc,phases    ] GC(768)   Evacuate Collection Set: 0.4ms
[36.139s][info][gc,phases    ] GC(768)   Post Evacuate Collection Set: 0.2ms
[36.139s][info][gc,phases    ] GC(768)   Other: 0.2ms
[36.139s][info][gc,heap      ] GC(768) Eden regions: 306->0(306)
[36.139s][info][gc,heap      ] GC(768) Survivor regions: 1->1(39)
[36.139s][info][gc,heap      ] GC(768) Old regions: 48->48
[36.139s][info][gc,heap      ] GC(768) Humongous regions: 0->0
[36.139s][info][gc,metaspace ] GC(768) Metaspace: 7413K->7413K(1056768K)
[36.139s][info][gc           ] GC(768) Pause Young (Normal) (G1 Evacuation Pause) 354M->48M(512M) 0.911ms
[36.139s][info][gc,cpu       ] GC(768) User=0.00s Sys=0.00s Real=0.01s
[36.187s][info][gc,start     ] GC(769) Pause Young (Normal) (G1 Evacuation Pause)
[36.187s][info][gc,task      ] GC(769) Using 8 workers of 8 for evacuation
[36.188s][info][gc,phases    ] GC(769)   Pre Evacuate Collection Set: 0.0ms
[36.188s][info][gc,phases    ] GC(769)   Evacuate Collection Set: 0.6ms
[36.188s][info][gc,phases    ] GC(769)   Post Evacuate Collection Set: 0.3ms
[36.188s][info][gc,phases    ] GC(769)   Other: 0.2ms
[36.188s][info][gc,heap      ] GC(769) Eden regions: 306->0(306)
[36.188s][info][gc,heap      ] GC(769) Survivor regions: 1->1(39)
[36.188s][info][gc,heap      ] GC(769) Old regions: 48->48
[36.188s][info][gc,heap      ] GC(769) Humongous regions: 0->0
[36.188s][info][gc,metaspace ] GC(769) Metaspace: 7413K->7413K(1056768K)
[36.188s][info][gc           ] GC(769) Pause Young (Normal) (G1 Evacuation Pause) 354M->48M(512M) 1.091ms
[36.188s][info][gc,cpu       ] GC(769) User=0.01s Sys=0.00s Real=0.00s
[36.241s][info][gc,start     ] GC(770) Pause Young (Normal) (G1 Evacuation Pause)
[36.241s][info][gc,task      ] GC(770) Using 8 workers of 8 for evacuation
[36.243s][info][gc,phases    ] GC(770)   Pre Evacuate Collection Set: 0.0ms
[36.243s][info][gc,phases    ] GC(770)   Evacuate Collection Set: 0.5ms
[36.243s][info][gc,phases    ] GC(770)   Post Evacuate Collection Set: 1.0ms
[36.243s][info][gc,phases    ] GC(770)   Other: 0.2ms
[36.243s][info][gc,heap      ] GC(770) Eden regions: 306->0(306)
[36.243s][info][gc,heap      ] GC(770) Survivor regions: 1->1(39)
[36.243s][info][gc,heap      ] GC(770) Old regions: 48->48
[36.243s][info][gc,heap      ] GC(770) Humongous regions: 0->0
[36.243s][info][gc,metaspace ] GC(770) Metaspace: 7413K->7413K(1056768K)
[36.243s][info][gc           ] GC(770) Pause Young (Normal) (G1 Evacuation Pause) 354M->48M(512M) 2.062ms
[36.243s][info][gc,cpu       ] GC(770) User=0.00s Sys=0.00s Real=0.00s
[36.287s][info][gc,start     ] GC(771) Pause Young (Normal) (G1 Evacuation Pause)
[36.287s][info][gc,task      ] GC(771) Using 8 workers of 8 for evacuation
[36.287s][info][gc,phases    ] GC(771)   Pre Evacuate Collection Set: 0.0ms
[36.287s][info][gc,phases    ] GC(771)   Evacuate Collection Set: 0.4ms
[36.287s][info][gc,phases    ] GC(771)   Post Evacuate Collection Set: 0.2ms
[36.287s][info][gc,phases    ] GC(771)   Other: 0.1ms
[36.287s][info][gc,heap      ] GC(771) Eden regions: 306->0(306)
[36.287s][info][gc,heap      ] GC(771) Survivor regions: 1->1(39)
[36.287s][info][gc,heap      ] GC(771) Old regions: 48->48
[36.287s][info][gc,heap      ] GC(771) Humongous regions: 0->0
[36.287s][info][gc,metaspace ] GC(771) Metaspace: 7413K->7413K(1056768K)
[36.287s][info][gc           ] GC(771) Pause Young (Normal) (G1 Evacuation Pause) 354M->48M(512M) 0.858ms
[36.287s][info][gc,cpu       ] GC(771) User=0.00s Sys=0.00s Real=0.00s
[36.328s][info][gc,start     ] GC(772) Pause Young (Normal) (G1 Evacuation Pause)
[36.328s][info][gc,task      ] GC(772) Using 8 workers of 8 for evacuation
[36.329s][info][gc,phases    ] GC(772)   Pre Evacuate Collection Set: 0.0ms
[36.329s][info][gc,phases    ] GC(772)   Evacuate Collection Set: 0.5ms
[36.329s][info][gc,phases    ] GC(772)   Post Evacuate Collection Set: 0.2ms
[36.329s][info][gc,phases    ] GC(772)   Other: 0.1ms
[36.329s][info][gc,heap      ] GC(772) Eden regions: 306->0(306)
[36.329s][info][gc,heap      ] GC(772) Survivor regions: 1->1(39)
[36.329s][info][gc,heap      ] GC(772) Old regions: 48->48
[36.329s][info][gc,heap      ] GC(772) Humongous regions: 0->0
[36.329s][info][gc,metaspace ] GC(772) Metaspace: 7413K->7413K(1056768K)
[36.329s][info][gc           ] GC(772) Pause Young (Normal) (G1 Evacuation Pause) 354M->48M(512M) 0.915ms
[36.329s][info][gc,cpu       ] GC(772) User=0.01s Sys=0.00s Real=0.00s
[36.371s][info][gc,start     ] GC(773) Pause Young (Normal) (G1 Evacuation Pause)
[36.371s][info][gc,task      ] GC(773) Using 8 workers of 8 for evacuation
[36.372s][info][gc,phases    ] GC(773)   Pre Evacuate Collection Set: 0.0ms
[36.372s][info][gc,phases    ] GC(773)   Evacuate Collection Set: 0.4ms
[36.372s][info][gc,phases    ] GC(773)   Post Evacuate Collection Set: 0.3ms
[36.372s][info][gc,phases    ] GC(773)   Other: 0.1ms
[36.372s][info][gc,heap      ] GC(773) Eden regions: 306->0(306)
[36.372s][info][gc,heap      ] GC(773) Survivor regions: 1->1(39)
[36.372s][info][gc,heap      ] GC(773) Old regions: 48->48
[36.372s][info][gc,heap      ] GC(773) Humongous regions: 0->0
[36.372s][info][gc,metaspace ] GC(773) Metaspace: 7413K->7413K(1056768K)
[36.372s][info][gc           ] GC(773) Pause Young (Normal) (G1 Evacuation Pause) 354M->48M(512M) 0.915ms
[36.372s][info][gc,cpu       ] GC(773) User=0.00s Sys=0.01s Real=0.00s
[36.416s][info][gc,start     ] GC(774) Pause Young (Normal) (G1 Evacuation Pause)
[36.416s][info][gc,task      ] GC(774) Using 8 workers of 8 for evacuation
[36.417s][info][gc,phases    ] GC(774)   Pre Evacuate Collection Set: 0.0ms
[36.417s][info][gc,phases    ] GC(774)   Evacuate Collection Set: 0.4ms
[36.417s][info][gc,phases    ] GC(774)   Post Evacuate Collection Set: 0.2ms
[36.417s][info][gc,phases    ] GC(774)   Other: 0.1ms
[36.417s][info][gc,heap      ] GC(774) Eden regions: 306->0(306)
[36.417s][info][gc,heap      ] GC(774) Survivor regions: 1->1(39)
[36.417s][info][gc,heap      ] GC(774) Old regions: 48->48
[36.417s][info][gc,heap      ] GC(774) Humongous regions: 0->0
[36.417s][info][gc,metaspace ] GC(774) Metaspace: 7413K->7413K(1056768K)
[36.417s][info][gc           ] GC(774) Pause Young (Normal) (G1 Evacuation Pause) 354M->48M(512M) 0.871ms
[36.417s][info][gc,cpu       ] GC(774) User=0.00s Sys=0.00s Real=0.00s
[36.466s][info][gc,start     ] GC(775) Pause Young (Normal) (G1 Evacuation Pause)
[36.466s][info][gc,task      ] GC(775) Using 8 workers of 8 for evacuation
[36.467s][info][gc,phases    ] GC(775)   Pre Evacuate Collection Set: 0.0ms
[36.467s][info][gc,phases    ] GC(775)   Evacuate Collection Set: 0.6ms
[36.467s][info][gc,phases    ] GC(775)   Post Evacuate Collection Set: 0.2ms
[36.467s][info][gc,phases    ] GC(775)   Other: 0.3ms
[36.467s][info][gc,heap      ] GC(775) Eden regions: 306->0(306)
[36.467s][info][gc,heap      ] GC(775) Survivor regions: 1->1(39)
[36.467s][info][gc,heap      ] GC(775) Old regions: 48->48
[36.467s][info][gc,heap      ] GC(775) Humongous regions: 0->0
[36.467s][info][gc,metaspace ] GC(775) Metaspace: 7413K->7413K(1056768K)
[36.467s][info][gc           ] GC(775) Pause Young (Normal) (G1 Evacuation Pause) 354M->48M(512M) 1.336ms
[36.467s][info][gc,cpu       ] GC(775) User=0.01s Sys=0.00s Real=0.00s
[36.513s][info][gc,start     ] GC(776) Pause Young (Normal) (G1 Evacuation Pause)
[36.513s][info][gc,task      ] GC(776) Using 8 workers of 8 for evacuation
[36.514s][info][gc,phases    ] GC(776)   Pre Evacuate Collection Set: 0.0ms
[36.514s][info][gc,phases    ] GC(776)   Evacuate Collection Set: 0.3ms
[36.514s][info][gc,phases    ] GC(776)   Post Evacuate Collection Set: 0.3ms
[36.514s][info][gc,phases    ] GC(776)   Other: 0.1ms
[36.514s][info][gc,heap      ] GC(776) Eden regions: 306->0(306)
[36.514s][info][gc,heap      ] GC(776) Survivor regions: 1->1(39)
[36.514s][info][gc,heap      ] GC(776) Old regions: 48->48
[36.514s][info][gc,heap      ] GC(776) Humongous regions: 0->0
[36.514s][info][gc,metaspace ] GC(776) Metaspace: 7413K->7413K(1056768K)
[36.514s][info][gc           ] GC(776) Pause Young (Normal) (G1 Evacuation Pause) 354M->48M(512M) 0.867ms
[36.514s][info][gc,cpu       ] GC(776) User=0.00s Sys=0.00s Real=0.00s
[36.553s][info][gc,start     ] GC(777) Pause Young (Normal) (G1 Evacuation Pause)
[36.553s][info][gc,task      ] GC(777) Using 8 workers of 8 for evacuation
[36.554s][info][gc,phases    ] GC(777)   Pre Evacuate Collection Set: 0.0ms
[36.554s][info][gc,phases    ] GC(777)   Evacuate Collection Set: 0.4ms
[36.554s][info][gc,phases    ] GC(777)   Post Evacuate Collection Set: 0.3ms
[36.554s][info][gc,phases    ] GC(777)   Other: 0.2ms
[36.554s][info][gc,heap      ] GC(777) Eden regions: 306->0(306)
[36.554s][info][gc,heap      ] GC(777) Survivor regions: 1->1(39)
[36.554s][info][gc,heap      ] GC(777) Old regions: 48->48
[36.554s][info][gc,heap      ] GC(777) Humongous regions: 0->0
[36.554s][info][gc,metaspace ] GC(777) Metaspace: 7413K->7413K(1056768K)
[36.554s][info][gc           ] GC(777) Pause Young (Normal) (G1 Evacuation Pause) 354M->48M(512M) 0.917ms
[36.554s][info][gc,cpu       ] GC(777) User=0.01s Sys=0.00s Real=0.00s
[36.598s][info][gc,start     ] GC(778) Pause Young (Normal) (G1 Evacuation Pause)
[36.598s][info][gc,task      ] GC(778) Using 8 workers of 8 for evacuation
[36.599s][info][gc,phases    ] GC(778)   Pre Evacuate Collection Set: 0.0ms
[36.599s][info][gc,phases    ] GC(778)   Evacuate Collection Set: 0.5ms
[36.599s][info][gc,phases    ] GC(778)   Post Evacuate Collection Set: 0.3ms
[36.599s][info][gc,phases    ] GC(778)   Other: 0.2ms
[36.599s][info][gc,heap      ] GC(778) Eden regions: 306->0(306)
[36.599s][info][gc,heap      ] GC(778) Survivor regions: 1->1(39)
[36.599s][info][gc,heap      ] GC(778) Old regions: 48->48
[36.599s][info][gc,heap      ] GC(778) Humongous regions: 0->0
[36.599s][info][gc,metaspace ] GC(778) Metaspace: 7413K->7413K(1056768K)
[36.600s][info][gc           ] GC(778) Pause Young (Normal) (G1 Evacuation Pause) 354M->48M(512M) 1.098ms
[36.600s][info][gc,cpu       ] GC(778) User=0.01s Sys=0.00s Real=0.01s
[36.648s][info][gc,start     ] GC(779) Pause Young (Normal) (G1 Evacuation Pause)
[36.648s][info][gc,task      ] GC(779) Using 8 workers of 8 for evacuation
[36.649s][info][gc,phases    ] GC(779)   Pre Evacuate Collection Set: 0.0ms
[36.649s][info][gc,phases    ] GC(779)   Evacuate Collection Set: 0.4ms
[36.649s][info][gc,phases    ] GC(779)   Post Evacuate Collection Set: 0.3ms
[36.649s][info][gc,phases    ] GC(779)   Other: 0.2ms
[36.649s][info][gc,heap      ] GC(779) Eden regions: 306->0(306)
[36.649s][info][gc,heap      ] GC(779) Survivor regions: 1->1(39)
[36.649s][info][gc,heap      ] GC(779) Old regions: 48->48
[36.649s][info][gc,heap      ] GC(779) Humongous regions: 0->0
[36.649s][info][gc,metaspace ] GC(779) Metaspace: 7413K->7413K(1056768K)
[36.649s][info][gc           ] GC(779) Pause Young (Normal) (G1 Evacuation Pause) 354M->48M(512M) 0.958ms
[36.649s][info][gc,cpu       ] GC(779) User=0.00s Sys=0.00s Real=0.01s
[36.697s][info][gc,start     ] GC(780) Pause Young (Normal) (G1 Evacuation Pause)
[36.697s][info][gc,task      ] GC(780) Using 8 workers of 8 for evacuation
[36.699s][info][gc,phases    ] GC(780)   Pre Evacuate Collection Set: 0.0ms
[36.699s][info][gc,phases    ] GC(780)   Evacuate Collection Set: 0.9ms
[36.699s][info][gc,phases    ] GC(780)   Post Evacuate Collection Set: 0.6ms
[36.699s][info][gc,phases    ] GC(780)   Other: 0.4ms
[36.699s][info][gc,heap      ] GC(780) Eden regions: 306->0(306)
[36.699s][info][gc,heap      ] GC(780) Survivor regions: 1->1(39)
[36.699s][info][gc,heap      ] GC(780) Old regions: 48->48
[36.699s][info][gc,heap      ] GC(780) Humongous regions: 0->0
[36.699s][info][gc,metaspace ] GC(780) Metaspace: 7413K->7413K(1056768K)
[36.699s][info][gc           ] GC(780) Pause Young (Normal) (G1 Evacuation Pause) 354M->48M(512M) 2.064ms
[36.699s][info][gc,cpu       ] GC(780) User=0.00s Sys=0.00s Real=0.01s
[36.743s][info][gc,start     ] GC(781) Pause Young (Normal) (G1 Evacuation Pause)
[36.743s][info][gc,task      ] GC(781) Using 8 workers of 8 for evacuation
[36.744s][info][gc,phases    ] GC(781)   Pre Evacuate Collection Set: 0.0ms
[36.744s][info][gc,phases    ] GC(781)   Evacuate Collection Set: 0.5ms
[36.744s][info][gc,phases    ] GC(781)   Post Evacuate Collection Set: 0.3ms
[36.744s][info][gc,phases    ] GC(781)   Other: 0.2ms
[36.744s][info][gc,heap      ] GC(781) Eden regions: 306->0(306)
[36.744s][info][gc,heap      ] GC(781) Survivor regions: 1->1(39)
[36.744s][info][gc,heap      ] GC(781) Old regions: 48->49
[36.744s][info][gc,heap      ] GC(781) Humongous regions: 0->0
[36.744s][info][gc,metaspace ] GC(781) Metaspace: 7413K->7413K(1056768K)
[36.744s][info][gc           ] GC(781) Pause Young (Normal) (G1 Evacuation Pause) 354M->48M(512M) 1.060ms
[36.744s][info][gc,cpu       ] GC(781) User=0.00s Sys=0.00s Real=0.00s
[36.786s][info][gc,start     ] GC(782) Pause Young (Normal) (G1 Evacuation Pause)
[36.786s][info][gc,task      ] GC(782) Using 8 workers of 8 for evacuation
[36.787s][info][gc,phases    ] GC(782)   Pre Evacuate Collection Set: 0.0ms
[36.787s][info][gc,phases    ] GC(782)   Evacuate Collection Set: 0.5ms
[36.787s][info][gc,phases    ] GC(782)   Post Evacuate Collection Set: 0.2ms
[36.787s][info][gc,phases    ] GC(782)   Other: 0.1ms
[36.787s][info][gc,heap      ] GC(782) Eden regions: 306->0(306)
[36.787s][info][gc,heap      ] GC(782) Survivor regions: 1->1(39)
[36.787s][info][gc,heap      ] GC(782) Old regions: 49->49
[36.787s][info][gc,heap      ] GC(782) Humongous regions: 0->0
[36.787s][info][gc,metaspace ] GC(782) Metaspace: 7413K->7413K(1056768K)
[36.787s][info][gc           ] GC(782) Pause Young (Normal) (G1 Evacuation Pause) 354M->49M(512M) 0.973ms
[36.787s][info][gc,cpu       ] GC(782) User=0.00s Sys=0.00s Real=0.00s
[36.826s][info][gc,start     ] GC(783) Pause Young (Normal) (G1 Evacuation Pause)
[36.826s][info][gc,task      ] GC(783) Using 8 workers of 8 for evacuation
[36.827s][info][gc,phases    ] GC(783)   Pre Evacuate Collection Set: 0.0ms
[36.827s][info][gc,phases    ] GC(783)   Evacuate Collection Set: 0.5ms
[36.827s][info][gc,phases    ] GC(783)   Post Evacuate Collection Set: 0.2ms
[36.827s][info][gc,phases    ] GC(783)   Other: 0.1ms
[36.827s][info][gc,heap      ] GC(783) Eden regions: 306->0(306)
[36.827s][info][gc,heap      ] GC(783) Survivor regions: 1->1(39)
[36.827s][info][gc,heap      ] GC(783) Old regions: 49->49
[36.827s][info][gc,heap      ] GC(783) Humongous regions: 0->0
[36.827s][info][gc,metaspace ] GC(783) Metaspace: 7413K->7413K(1056768K)
[36.827s][info][gc           ] GC(783) Pause Young (Normal) (G1 Evacuation Pause) 355M->49M(512M) 0.990ms
[36.827s][info][gc,cpu       ] GC(783) User=0.00s Sys=0.00s Real=0.00s
[36.872s][info][gc,start     ] GC(784) Pause Young (Normal) (G1 Evacuation Pause)
[36.872s][info][gc,task      ] GC(784) Using 8 workers of 8 for evacuation
[36.873s][info][gc,phases    ] GC(784)   Pre Evacuate Collection Set: 0.0ms
[36.873s][info][gc,phases    ] GC(784)   Evacuate Collection Set: 0.4ms
[36.873s][info][gc,phases    ] GC(784)   Post Evacuate Collection Set: 0.3ms
[36.873s][info][gc,phases    ] GC(784)   Other: 0.2ms
[36.873s][info][gc,heap      ] GC(784) Eden regions: 306->0(306)
[36.873s][info][gc,heap      ] GC(784) Survivor regions: 1->1(39)
[36.873s][info][gc,heap      ] GC(784) Old regions: 49->49
[36.873s][info][gc,heap      ] GC(784) Humongous regions: 0->0
[36.873s][info][gc,metaspace ] GC(784) Metaspace: 7413K->7413K(1056768K)
[36.873s][info][gc           ] GC(784) Pause Young (Normal) (G1 Evacuation Pause) 355M->49M(512M) 0.948ms
[36.873s][info][gc,cpu       ] GC(784) User=0.00s Sys=0.00s Real=0.00s
[36.920s][info][gc,start     ] GC(785) Pause Young (Normal) (G1 Evacuation Pause)
[36.920s][info][gc,task      ] GC(785) Using 8 workers of 8 for evacuation
[36.921s][info][gc,phases    ] GC(785)   Pre Evacuate Collection Set: 0.0ms
[36.921s][info][gc,phases    ] GC(785)   Evacuate Collection Set: 0.5ms
[36.921s][info][gc,phases    ] GC(785)   Post Evacuate Collection Set: 0.2ms
[36.921s][info][gc,phases    ] GC(785)   Other: 0.1ms
[36.921s][info][gc,heap      ] GC(785) Eden regions: 306->0(306)
[36.921s][info][gc,heap      ] GC(785) Survivor regions: 1->1(39)
[36.921s][info][gc,heap      ] GC(785) Old regions: 49->49
[36.921s][info][gc,heap      ] GC(785) Humongous regions: 0->0
[36.921s][info][gc,metaspace ] GC(785) Metaspace: 7413K->7413K(1056768K)
[36.921s][info][gc           ] GC(785) Pause Young (Normal) (G1 Evacuation Pause) 355M->49M(512M) 1.012ms
[36.921s][info][gc,cpu       ] GC(785) User=0.00s Sys=0.00s Real=0.00s
[36.971s][info][gc,start     ] GC(786) Pause Young (Normal) (G1 Evacuation Pause)
[36.971s][info][gc,task      ] GC(786) Using 8 workers of 8 for evacuation
[36.971s][info][gc,phases    ] GC(786)   Pre Evacuate Collection Set: 0.0ms
[36.971s][info][gc,phases    ] GC(786)   Evacuate Collection Set: 0.5ms
[36.971s][info][gc,phases    ] GC(786)   Post Evacuate Collection Set: 0.3ms
[36.971s][info][gc,phases    ] GC(786)   Other: 0.2ms
[36.971s][info][gc,heap      ] GC(786) Eden regions: 306->0(306)
[36.972s][info][gc,heap      ] GC(786) Survivor regions: 1->1(39)
[36.972s][info][gc,heap      ] GC(786) Old regions: 49->49
[36.972s][info][gc,heap      ] GC(786) Humongous regions: 0->0
[36.972s][info][gc,metaspace ] GC(786) Metaspace: 7413K->7413K(1056768K)
[36.972s][info][gc           ] GC(786) Pause Young (Normal) (G1 Evacuation Pause) 355M->49M(512M) 1.039ms
[36.972s][info][gc,cpu       ] GC(786) User=0.01s Sys=0.00s Real=0.00s
[37.015s][info][gc,start     ] GC(787) Pause Young (Normal) (G1 Evacuation Pause)
[37.015s][info][gc,task      ] GC(787) Using 8 workers of 8 for evacuation
[37.016s][info][gc,phases    ] GC(787)   Pre Evacuate Collection Set: 0.0ms
[37.016s][info][gc,phases    ] GC(787)   Evacuate Collection Set: 0.5ms
[37.016s][info][gc,phases    ] GC(787)   Post Evacuate Collection Set: 0.2ms
[37.016s][info][gc,phases    ] GC(787)   Other: 0.1ms
[37.016s][info][gc,heap      ] GC(787) Eden regions: 306->0(306)
[37.016s][info][gc,heap      ] GC(787) Survivor regions: 1->1(39)
[37.016s][info][gc,heap      ] GC(787) Old regions: 49->49
[37.016s][info][gc,heap      ] GC(787) Humongous regions: 0->0
[37.016s][info][gc,metaspace ] GC(787) Metaspace: 7413K->7413K(1056768K)
[37.016s][info][gc           ] GC(787) Pause Young (Normal) (G1 Evacuation Pause) 355M->49M(512M) 0.970ms
[37.016s][info][gc,cpu       ] GC(787) User=0.01s Sys=0.00s Real=0.00s
[37.062s][info][gc,start     ] GC(788) Pause Young (Normal) (G1 Evacuation Pause)
[37.062s][info][gc,task      ] GC(788) Using 8 workers of 8 for evacuation
[37.063s][info][gc,phases    ] GC(788)   Pre Evacuate Collection Set: 0.0ms
[37.063s][info][gc,phases    ] GC(788)   Evacuate Collection Set: 0.6ms
[37.063s][info][gc,phases    ] GC(788)   Post Evacuate Collection Set: 0.3ms
[37.063s][info][gc,phases    ] GC(788)   Other: 0.2ms
[37.063s][info][gc,heap      ] GC(788) Eden regions: 306->0(306)
[37.063s][info][gc,heap      ] GC(788) Survivor regions: 1->1(39)
[37.063s][info][gc,heap      ] GC(788) Old regions: 49->49
[37.063s][info][gc,heap      ] GC(788) Humongous regions: 0->0
[37.063s][info][gc,metaspace ] GC(788) Metaspace: 7413K->7413K(1056768K)
[37.063s][info][gc           ] GC(788) Pause Young (Normal) (G1 Evacuation Pause) 355M->49M(512M) 1.186ms
[37.063s][info][gc,cpu       ] GC(788) User=0.01s Sys=0.00s Real=0.00s
[37.091s][info][gc,heap,exit ] Heap
[37.091s][info][gc,heap,exit ]  garbage-first heap   total 524288K, used 86397K [0x00000007e0000000, 0x0000000800000000)
[37.091s][info][gc,heap,exit ]   region size 1024K, 37 young (37888K), 1 survivors (1024K)
[37.091s][info][gc,heap,exit ]  Metaspace       used 7688K, capacity 7801K, committed 7936K, reserved 1056768K
[37.091s][info][gc,heap,exit ]   class space    used 694K, capacity 725K, committed 768K, reserved 1048576K
