[0.019s][info][gc] Using Parallel
[0.019s][info][gc,heap,coops] Heap address: 0x00000007e0000000, size: 512 MB, Compressed Oops mode: Zero based, Oop shift amount: 3
[0.281s][info][gc,start     ] GC(0) Pause Young (Allocation Failure)
[0.283s][info][gc,heap      ] GC(0) PSYoungGen: 131584K->1040K(153088K)
[0.283s][info][gc,heap      ] GC(0) ParOldGen: 0K->8K(349696K)
[0.283s][info][gc,metaspace ] GC(0) Metaspace: 6497K->6497K(1056768K)
[0.283s][info][gc           ] GC(0) Pause Young (Allocation Failure) 128M->1M(491M) 1.972ms
[0.283s][info][gc,cpu       ] GC(0) User=0.00s Sys=0.01s Real=0.00s
[0.319s][info][gc,start     ] GC(1) Pause Young (Allocation Failure)
[0.320s][info][gc,heap      ] GC(1) PSYoungGen: 132624K->1024K(153088K)
[0.320s][info][gc,heap      ] GC(1) ParOldGen: 8K->8K(349696K)
[0.320s][info][gc,metaspace ] GC(1) Metaspace: 6498K->6498K(1056768K)
[0.320s][info][gc           ] GC(1) Pause Young (Allocation Failure) 129M->1M(491M) 1.187ms
[0.320s][info][gc,cpu       ] GC(1) User=0.00s Sys=0.00s Real=0.00s
[0.348s][info][gc,start     ] GC(2) Pause Young (Allocation Failure)
[0.349s][info][gc,heap      ] GC(2) PSYoungGen: 132608K->1168K(153088K)
[0.349s][info][gc,heap      ] GC(2) ParOldGen: 8K->16K(349696K)
[0.349s][info][gc,metaspace ] GC(2) Metaspace: 6498K->6498K(1056768K)
[0.349s][info][gc           ] GC(2) Pause Young (Allocation Failure) 129M->1M(491M) 1.243ms
[0.349s][info][gc,cpu       ] GC(2) User=0.00s Sys=0.00s Real=0.01s
[0.374s][info][gc,start     ] GC(3) Pause Young (Allocation Failure)
[0.375s][info][gc,heap      ] GC(3) PSYoungGen: 132752K->1104K(153088K)
[0.375s][info][gc,heap      ] GC(3) ParOldGen: 16K->16K(349696K)
[0.375s][info][gc,metaspace ] GC(3) Metaspace: 6498K->6498K(1056768K)
[0.375s][info][gc           ] GC(3) Pause Young (Allocation Failure) 129M->1M(491M) 1.589ms
[0.375s][info][gc,cpu       ] GC(3) User=0.01s Sys=0.00s Real=0.00s
[0.402s][info][gc,start     ] GC(4) Pause Young (Allocation Failure)
[0.403s][info][gc,heap      ] GC(4) PSYoungGen: 132688K->1184K(153088K)
[0.403s][info][gc,heap      ] GC(4) ParOldGen: 16K->16K(349696K)
[0.403s][info][gc,metaspace ] GC(4) Metaspace: 6498K->6498K(1056768K)
[0.403s][info][gc           ] GC(4) Pause Young (Allocation Failure) 129M->1M(491M) 1.642ms
[0.403s][info][gc,cpu       ] GC(4) User=0.00s Sys=0.00s Real=0.00s
[0.431s][info][gc,start     ] GC(5) Pause Young (Allocation Failure)
[0.432s][info][gc,heap      ] GC(5) PSYoungGen: 132768K->1216K(173056K)
[0.432s][info][gc,heap      ] GC(5) ParOldGen: 16K->16K(349696K)
[0.432s][info][gc,metaspace ] GC(5) Metaspace: 6498K->6498K(1056768K)
[0.432s][info][gc           ] GC(5) Pause Young (Allocation Failure) 129M->1M(510M) 1.771ms
[0.432s][info][gc,cpu       ] GC(5) User=0.00s Sys=0.00s Real=0.00s
[0.494s][info][gc,start     ] GC(6) Pause Young (Allocation Failure)
[0.495s][info][gc,heap      ] GC(6) PSYoungGen: 172736K->320K(173056K)
[0.495s][info][gc,heap      ] GC(6) ParOldGen: 16K->953K(349696K)
[0.495s][info][gc,metaspace ] GC(6) Metaspace: 6498K->6498K(1056768K)
[0.495s][info][gc           ] GC(6) Pause Young (Allocation Failure) 168M->1M(510M) 1.555ms
[0.495s][info][gc,cpu       ] GC(6) User=0.00s Sys=0.00s Real=0.00s
[0.538s][info][gc,start     ] GC(7) Pause Young (Allocation Failure)
[0.539s][info][gc,heap      ] GC(7) PSYoungGen: 171840K->288K(173056K)
[0.539s][info][gc,heap      ] GC(7) ParOldGen: 953K->1055K(349696K)
[0.539s][info][gc,metaspace ] GC(7) Metaspace: 6498K->6498K(1056768K)
[0.539s][info][gc           ] GC(7) Pause Young (Allocation Failure) 168M->1M(510M) 0.816ms
[0.539s][info][gc,cpu       ] GC(7) User=0.00s Sys=0.00s Real=0.00s
[0.575s][info][gc,start     ] GC(8) Pause Young (Allocation Failure)
[0.575s][info][gc,heap      ] GC(8) PSYoungGen: 171808K->224K(172032K)
[0.575s][info][gc,heap      ] GC(8) ParOldGen: 1055K->1163K(349696K)
[0.575s][info][gc,metaspace ] GC(8) Metaspace: 6498K->6498K(1056768K)
[0.575s][info][gc           ] GC(8) Pause Young (Allocation Failure) 168M->1M(509M) 0.822ms
[0.575s][info][gc,cpu       ] GC(8) User=0.00s Sys=0.00s Real=0.00s
[0.610s][info][gc,start     ] GC(9) Pause Young (Allocation Failure)
[0.611s][info][gc,heap      ] GC(9) PSYoungGen: 171744K->192K(172544K)
[0.611s][info][gc,heap      ] GC(9) ParOldGen: 1163K->1300K(349696K)
[0.611s][info][gc,metaspace ] GC(9) Metaspace: 6498K->6498K(1056768K)
[0.611s][info][gc           ] GC(9) Pause Young (Allocation Failure) 168M->1M(510M) 0.614ms
[0.611s][info][gc,cpu       ] GC(9) User=0.00s Sys=0.00s Real=0.00s
[0.646s][info][gc,start     ] GC(10) Pause Young (Allocation Failure)
[0.646s][info][gc,heap      ] GC(10) PSYoungGen: 170688K->96K(172544K)
[0.646s][info][gc,heap      ] GC(10) ParOldGen: 1300K->1438K(349696K)
[0.646s][info][gc,metaspace ] GC(10) Metaspace: 6498K->6498K(1056768K)
[0.646s][info][gc           ] GC(10) Pause Young (Allocation Failure) 167M->1M(510M) 0.601ms
[0.646s][info][gc,cpu       ] GC(10) User=0.00s Sys=0.00s Real=0.00s
[0.682s][info][gc,start     ] GC(11) Pause Young (Allocation Failure)
[0.683s][info][gc,heap      ] GC(11) PSYoungGen: 170592K->96K(172544K)
[0.683s][info][gc,heap      ] GC(11) ParOldGen: 1438K->1501K(349696K)
[0.683s][info][gc,metaspace ] GC(11) Metaspace: 6498K->6498K(1056768K)
[0.683s][info][gc           ] GC(11) Pause Young (Allocation Failure) 167M->1M(510M) 0.583ms
[0.683s][info][gc,cpu       ] GC(11) User=0.00s Sys=0.00s Real=0.00s
[0.729s][info][gc,start     ] GC(12) Pause Young (Allocation Failure)
[0.730s][info][gc,heap      ] GC(12) PSYoungGen: 170592K->96K(172544K)
[0.730s][info][gc,heap      ] GC(12) ParOldGen: 1501K->1570K(349696K)
[0.730s][info][gc,metaspace ] GC(12) Metaspace: 6498K->6498K(1056768K)
[0.730s][info][gc           ] GC(12) Pause Young (Allocation Failure) 168M->1M(510M) 0.482ms
[0.730s][info][gc,cpu       ] GC(12) User=0.00s Sys=0.00s Real=0.00s
[0.765s][info][gc,start     ] GC(13) Pause Young (Allocation Failure)
[0.765s][info][gc,heap      ] GC(13) PSYoungGen: 170592K->96K(172544K)
[0.765s][info][gc,heap      ] GC(13) ParOldGen: 1570K->1638K(349696K)
[0.765s][info][gc,metaspace ] GC(13) Metaspace: 6498K->6498K(1056768K)
[0.765s][info][gc           ] GC(13) Pause Young (Allocation Failure) 168M->1M(510M) 0.391ms
[0.765s][info][gc,cpu       ] GC(13) User=0.00s Sys=0.00s Real=0.00s
[0.800s][info][gc,start     ] GC(14) Pause Young (Allocation Failure)
[0.800s][info][gc,heap      ] GC(14) PSYoungGen: 170592K->96K(172544K)
[0.800s][info][gc,heap      ] GC(14) ParOldGen: 1638K->1707K(349696K)
[0.800s][info][gc,metaspace ] GC(14) Metaspace: 6498K->6498K(1056768K)
[0.800s][info][gc           ] GC(14) Pause Young (Allocation Failure) 168M->1M(510M) 0.426ms
[0.800s][info][gc,cpu       ] GC(14) User=0.00s Sys=0.00s Real=0.00s
[0.835s][info][gc,start     ] GC(15) Pause Young (Allocation Failure)
[0.835s][info][gc,heap      ] GC(15) PSYoungGen: 170592K->192K(172544K)
[0.835s][info][gc,heap      ] GC(15) ParOldGen: 1707K->1776K(349696K)
[0.835s][info][gc,metaspace ] GC(15) Metaspace: 6498K->6498K(1056768K)
[0.835s][info][gc           ] GC(15) Pause Young (Allocation Failure) 168M->1M(510M) 0.408ms
[0.835s][info][gc,cpu       ] GC(15) User=0.00s Sys=0.00s Real=0.00s
[0.870s][info][gc,start     ] GC(16) Pause Young (Allocation Failure)
[0.870s][info][gc,heap      ] GC(16) PSYoungGen: 170688K->96K(172544K)
[0.871s][info][gc,heap      ] GC(16) ParOldGen: 1776K->1844K(349696K)
[0.871s][info][gc,metaspace ] GC(16) Metaspace: 6498K->6498K(1056768K)
[0.871s][info][gc           ] GC(16) Pause Young (Allocation Failure) 168M->1M(510M) 0.484ms
[0.871s][info][gc,cpu       ] GC(16) User=0.00s Sys=0.00s Real=0.00s
[0.904s][info][gc,start     ] GC(17) Pause Young (Allocation Failure)
[0.904s][info][gc,heap      ] GC(17) PSYoungGen: 170592K->96K(173056K)
[0.905s][info][gc,heap      ] GC(17) ParOldGen: 1844K->1913K(349696K)
[0.905s][info][gc,metaspace ] GC(17) Metaspace: 6498K->6498K(1056768K)
[0.905s][info][gc           ] GC(17) Pause Young (Allocation Failure) 168M->1M(510M) 0.426ms
[0.905s][info][gc,cpu       ] GC(17) User=0.00s Sys=0.00s Real=0.00s
[0.942s][info][gc,start     ] GC(18) Pause Young (Allocation Failure)
[0.942s][info][gc,heap      ] GC(18) PSYoungGen: 171616K->96K(173056K)
[0.942s][info][gc,heap      ] GC(18) ParOldGen: 1913K->1976K(349696K)
[0.942s][info][gc,metaspace ] GC(18) Metaspace: 6498K->6498K(1056768K)
[0.942s][info][gc           ] GC(18) Pause Young (Allocation Failure) 169M->2M(510M) 0.385ms
[0.942s][info][gc,cpu       ] GC(18) User=0.00s Sys=0.00s Real=0.00s
[0.982s][info][gc,start     ] GC(19) Pause Young (Allocation Failure)
[0.983s][info][gc,heap      ] GC(19) PSYoungGen: 171616K->128K(173056K)
[0.983s][info][gc,heap      ] GC(19) ParOldGen: 1976K->2045K(349696K)
[0.983s][info][gc,metaspace ] GC(19) Metaspace: 6498K->6498K(1056768K)
[0.983s][info][gc           ] GC(19) Pause Young (Allocation Failure) 169M->2M(510M) 0.480ms
[0.983s][info][gc,cpu       ] GC(19) User=0.00s Sys=0.00s Real=0.00s
[1.018s][info][gc,start     ] GC(20) Pause Young (Allocation Failure)
[1.019s][info][gc,heap      ] GC(20) PSYoungGen: 171648K->160K(173056K)
[1.019s][info][gc,heap      ] GC(20) ParOldGen: 2045K->2114K(349696K)
[1.019s][info][gc,metaspace ] GC(20) Metaspace: 6498K->6498K(1056768K)
[1.019s][info][gc           ] GC(20) Pause Young (Allocation Failure) 169M->2M(510M) 0.520ms
[1.019s][info][gc,cpu       ] GC(20) User=0.00s Sys=0.00s Real=0.00s
[1.055s][info][gc,start     ] GC(21) Pause Young (Allocation Failure)
[1.055s][info][gc,heap      ] GC(21) PSYoungGen: 171680K->96K(173056K)
[1.055s][info][gc,heap      ] GC(21) ParOldGen: 2114K->2185K(349696K)
[1.055s][info][gc,metaspace ] GC(21) Metaspace: 6498K->6498K(1056768K)
[1.055s][info][gc           ] GC(21) Pause Young (Allocation Failure) 169M->2M(510M) 0.391ms
[1.055s][info][gc,cpu       ] GC(21) User=0.00s Sys=0.00s Real=0.00s
[1.090s][info][gc,start     ] GC(22) Pause Young (Allocation Failure)
[1.090s][info][gc,heap      ] GC(22) PSYoungGen: 171616K->96K(173056K)
[1.090s][info][gc,heap      ] GC(22) ParOldGen: 2185K->2254K(349696K)
[1.090s][info][gc,metaspace ] GC(22) Metaspace: 6498K->6498K(1056768K)
[1.090s][info][gc           ] GC(22) Pause Young (Allocation Failure) 169M->2M(510M) 0.529ms
[1.090s][info][gc,cpu       ] GC(22) User=0.00s Sys=0.00s Real=0.00s
[1.125s][info][gc,start     ] GC(23) Pause Young (Allocation Failure)
[1.125s][info][gc,heap      ] GC(23) PSYoungGen: 171616K->96K(173056K)
[1.125s][info][gc,heap      ] GC(23) ParOldGen: 2254K->2322K(349696K)
[1.125s][info][gc,metaspace ] GC(23) Metaspace: 6498K->6498K(1056768K)
[1.125s][info][gc           ] GC(23) Pause Young (Allocation Failure) 169M->2M(510M) 0.575ms
[1.125s][info][gc,cpu       ] GC(23) User=0.01s Sys=0.01s Real=0.00s
[1.167s][info][gc,start     ] GC(24) Pause Young (Allocation Failure)
[1.169s][info][gc,heap      ] GC(24) PSYoungGen: 171616K->96K(173056K)
[1.169s][info][gc,heap      ] GC(24) ParOldGen: 2322K->2391K(349696K)
[1.169s][info][gc,metaspace ] GC(24) Metaspace: 6498K->6498K(1056768K)
[1.169s][info][gc           ] GC(24) Pause Young (Allocation Failure) 169M->2M(510M) 2.781ms
[1.169s][info][gc,cpu       ] GC(24) User=0.00s Sys=0.00s Real=0.01s
[1.214s][info][gc,start     ] GC(25) Pause Young (Allocation Failure)
[1.216s][info][gc,heap      ] GC(25) PSYoungGen: 171616K->448K(173056K)
[1.216s][info][gc,heap      ] GC(25) ParOldGen: 2391K->2463K(349696K)
[1.216s][info][gc,metaspace ] GC(25) Metaspace: 6959K->6959K(1056768K)
[1.216s][info][gc           ] GC(25) Pause Young (Allocation Failure) 169M->2M(510M) 1.501ms
[1.216s][info][gc,cpu       ] GC(25) User=0.00s Sys=0.00s Real=0.00s
[1.259s][info][gc,start     ] GC(26) Pause Young (Allocation Failure)
[1.260s][info][gc,heap      ] GC(26) PSYoungGen: 171968K->480K(173056K)
[1.260s][info][gc,heap      ] GC(26) ParOldGen: 2463K->2769K(349696K)
[1.260s][info][gc,metaspace ] GC(26) Metaspace: 7413K->7413K(1056768K)
[1.260s][info][gc           ] GC(26) Pause Young (Allocation Failure) 170M->3M(510M) 0.763ms
[1.260s][info][gc,cpu       ] GC(26) User=0.00s Sys=0.00s Real=0.00s
[1.294s][info][gc,start     ] GC(27) Pause Young (Allocation Failure)
[1.295s][info][gc,heap      ] GC(27) PSYoungGen: 172000K->128K(173568K)
[1.295s][info][gc,heap      ] GC(27) ParOldGen: 2769K->3137K(349696K)
[1.295s][info][gc,metaspace ] GC(27) Metaspace: 7413K->7413K(1056768K)
[1.295s][info][gc           ] GC(27) Pause Young (Allocation Failure) 170M->3M(511M) 0.728ms
[1.295s][info][gc,cpu       ] GC(27) User=0.00s Sys=0.01s Real=0.00s
[1.330s][info][gc,start     ] GC(28) Pause Young (Allocation Failure)
[1.331s][info][gc,heap      ] GC(28) PSYoungGen: 172160K->192K(173056K)
[1.331s][info][gc,heap      ] GC(28) ParOldGen: 3137K->3205K(349696K)
[1.331s][info][gc,metaspace ] GC(28) Metaspace: 7413K->7413K(1056768K)
[1.331s][info][gc           ] GC(28) Pause Young (Allocation Failure) 171M->3M(510M) 0.560ms
[1.331s][info][gc,cpu       ] GC(28) User=0.00s Sys=0.00s Real=0.00s
[1.366s][info][gc,start     ] GC(29) Pause Young (Allocation Failure)
[1.366s][info][gc,heap      ] GC(29) PSYoungGen: 172224K->96K(173568K)
[1.366s][info][gc,heap      ] GC(29) ParOldGen: 3205K->3274K(349696K)
[1.366s][info][gc,metaspace ] GC(29) Metaspace: 7413K->7413K(1056768K)
[1.366s][info][gc           ] GC(29) Pause Young (Allocation Failure) 171M->3M(511M) 0.355ms
[1.366s][info][gc,cpu       ] GC(29) User=0.00s Sys=0.00s Real=0.00s
[1.409s][info][gc,start     ] GC(30) Pause Young (Allocation Failure)
[1.409s][info][gc,heap      ] GC(30) PSYoungGen: 172640K->96K(173568K)
[1.410s][info][gc,heap      ] GC(30) ParOldGen: 3274K->3342K(349696K)
[1.410s][info][gc,metaspace ] GC(30) Metaspace: 7413K->7413K(1056768K)
[1.410s][info][gc           ] GC(30) Pause Young (Allocation Failure) 171M->3M(511M) 0.485ms
[1.410s][info][gc,cpu       ] GC(30) User=0.00s Sys=0.00s Real=0.00s
[1.456s][info][gc,start     ] GC(31) Pause Young (Allocation Failure)
[1.457s][info][gc,heap      ] GC(31) PSYoungGen: 172640K->128K(173568K)
[1.457s][info][gc,heap      ] GC(31) ParOldGen: 3342K->3411K(349696K)
[1.457s][info][gc,metaspace ] GC(31) Metaspace: 7413K->7413K(1056768K)
[1.457s][info][gc           ] GC(31) Pause Young (Allocation Failure) 171M->3M(511M) 0.746ms
[1.457s][info][gc,cpu       ] GC(31) User=0.00s Sys=0.00s Real=0.00s
[1.498s][info][gc,start     ] GC(32) Pause Young (Allocation Failure)
[1.498s][info][gc,heap      ] GC(32) PSYoungGen: 172672K->96K(173568K)
[1.498s][info][gc,heap      ] GC(32) ParOldGen: 3411K->3480K(349696K)
[1.498s][info][gc,metaspace ] GC(32) Metaspace: 7413K->7413K(1056768K)
[1.498s][info][gc           ] GC(32) Pause Young (Allocation Failure) 171M->3M(511M) 0.458ms
[1.498s][info][gc,cpu       ] GC(32) User=0.00s Sys=0.00s Real=0.01s
[1.538s][info][gc,start     ] GC(33) Pause Young (Allocation Failure)
[1.538s][info][gc,heap      ] GC(33) PSYoungGen: 172640K->96K(173568K)
[1.538s][info][gc,heap      ] GC(33) ParOldGen: 3480K->3548K(349696K)
[1.538s][info][gc,metaspace ] GC(33) Metaspace: 7413K->7413K(1056768K)
[1.538s][info][gc           ] GC(33) Pause Young (Allocation Failure) 171M->3M(511M) 0.437ms
[1.538s][info][gc,cpu       ] GC(33) User=0.00s Sys=0.00s Real=0.01s
[1.576s][info][gc,start     ] GC(34) Pause Young (Allocation Failure)
[1.577s][info][gc,heap      ] GC(34) PSYoungGen: 172640K->96K(173568K)
[1.577s][info][gc,heap      ] GC(34) ParOldGen: 3548K->3617K(349696K)
[1.577s][info][gc,metaspace ] GC(34) Metaspace: 7413K->7413K(1056768K)
[1.577s][info][gc           ] GC(34) Pause Young (Allocation Failure) 172M->3M(511M) 0.457ms
[1.577s][info][gc,cpu       ] GC(34) User=0.00s Sys=0.00s Real=0.00s
[1.615s][info][gc,start     ] GC(35) Pause Young (Allocation Failure)
[1.616s][info][gc,heap      ] GC(35) PSYoungGen: 172638K->96K(173568K)
[1.616s][info][gc,heap      ] GC(35) ParOldGen: 3617K->3685K(349696K)
[1.616s][info][gc,metaspace ] GC(35) Metaspace: 7413K->7413K(1056768K)
[1.616s][info][gc           ] GC(35) Pause Young (Allocation Failure) 172M->3M(511M) 0.527ms
[1.616s][info][gc,cpu       ] GC(35) User=0.00s Sys=0.00s Real=0.00s
[1.658s][info][gc,start     ] GC(36) Pause Young (Allocation Failure)
[1.658s][info][gc,heap      ] GC(36) PSYoungGen: 172640K->96K(173568K)
[1.658s][info][gc,heap      ] GC(36) ParOldGen: 3685K->3754K(349696K)
[1.658s][info][gc,metaspace ] GC(36) Metaspace: 7413K->7413K(1056768K)
[1.658s][info][gc           ] GC(36) Pause Young (Allocation Failure) 172M->3M(511M) 0.475ms
[1.658s][info][gc,cpu       ] GC(36) User=0.00s Sys=0.00s Real=0.01s
[1.705s][info][gc,start     ] GC(37) Pause Young (Allocation Failure)
[1.705s][info][gc,heap      ] GC(37) PSYoungGen: 172640K->128K(173568K)
[1.705s][info][gc,heap      ] GC(37) ParOldGen: 3754K->3822K(349696K)
[1.705s][info][gc,metaspace ] GC(37) Metaspace: 7413K->7413K(1056768K)
[1.705s][info][gc           ] GC(37) Pause Young (Allocation Failure) 172M->3M(511M) 0.543ms
[1.705s][info][gc,cpu       ] GC(37) User=0.00s Sys=0.00s Real=0.00s
[1.747s][info][gc,start     ] GC(38) Pause Young (Allocation Failure)
[1.748s][info][gc,heap      ] GC(38) PSYoungGen: 172672K->96K(173568K)
[1.748s][info][gc,heap      ] GC(38) ParOldGen: 3822K->3891K(349696K)
[1.748s][info][gc,metaspace ] GC(38) Metaspace: 7413K->7413K(1056768K)
[1.748s][info][gc           ] GC(38) Pause Young (Allocation Failure) 172M->3M(511M) 0.683ms
[1.748s][info][gc,cpu       ] GC(38) User=0.00s Sys=0.01s Real=0.00s
[1.789s][info][gc,start     ] GC(39) Pause Young (Allocation Failure)
[1.789s][info][gc,heap      ] GC(39) PSYoungGen: 172640K->96K(173568K)
[1.790s][info][gc,heap      ] GC(39) ParOldGen: 3891K->3960K(349696K)
[1.790s][info][gc,metaspace ] GC(39) Metaspace: 7413K->7413K(1056768K)
[1.790s][info][gc           ] GC(39) Pause Young (Allocation Failure) 172M->3M(511M) 0.504ms
[1.790s][info][gc,cpu       ] GC(39) User=0.00s Sys=0.00s Real=0.00s
[1.828s][info][gc,start     ] GC(40) Pause Young (Allocation Failure)
[1.829s][info][gc,heap      ] GC(40) PSYoungGen: 172640K->96K(173568K)
[1.829s][info][gc,heap      ] GC(40) ParOldGen: 3960K->4028K(349696K)
[1.829s][info][gc,metaspace ] GC(40) Metaspace: 7413K->7413K(1056768K)
[1.829s][info][gc           ] GC(40) Pause Young (Allocation Failure) 172M->4M(511M) 0.502ms
[1.829s][info][gc,cpu       ] GC(40) User=0.00s Sys=0.00s Real=0.00s
[1.878s][info][gc,start     ] GC(41) Pause Young (Allocation Failure)
[1.879s][info][gc,heap      ] GC(41) PSYoungGen: 172640K->96K(174080K)
[1.879s][info][gc,heap      ] GC(41) ParOldGen: 4028K->4097K(349696K)
[1.879s][info][gc,metaspace ] GC(41) Metaspace: 7413K->7413K(1056768K)
[1.879s][info][gc           ] GC(41) Pause Young (Allocation Failure) 172M->4M(511M) 0.579ms
[1.879s][info][gc,cpu       ] GC(41) User=0.00s Sys=0.00s Real=0.00s
[1.923s][info][gc,start     ] GC(42) Pause Young (Allocation Failure)
[1.924s][info][gc,heap      ] GC(42) PSYoungGen: 173664K->192K(174080K)
[1.924s][info][gc,heap      ] GC(42) ParOldGen: 4097K->4165K(349696K)
[1.924s][info][gc,metaspace ] GC(42) Metaspace: 7413K->7413K(1056768K)
[1.924s][info][gc           ] GC(42) Pause Young (Allocation Failure) 173M->4M(511M) 0.629ms
[1.924s][info][gc,cpu       ] GC(42) User=0.00s Sys=0.00s Real=0.00s
[1.963s][info][gc,start     ] GC(43) Pause Young (Allocation Failure)
[1.964s][info][gc,heap      ] GC(43) PSYoungGen: 173760K->96K(174080K)
[1.964s][info][gc,heap      ] GC(43) ParOldGen: 4165K->4234K(349696K)
[1.964s][info][gc,metaspace ] GC(43) Metaspace: 7413K->7413K(1056768K)
[1.964s][info][gc           ] GC(43) Pause Young (Allocation Failure) 173M->4M(511M) 0.495ms
[1.964s][info][gc,cpu       ] GC(43) User=0.00s Sys=0.00s Real=0.00s
[2.005s][info][gc,start     ] GC(44) Pause Young (Allocation Failure)
[2.005s][info][gc,heap      ] GC(44) PSYoungGen: 173664K->96K(174080K)
[2.005s][info][gc,heap      ] GC(44) ParOldGen: 4234K->4302K(349696K)
[2.005s][info][gc,metaspace ] GC(44) Metaspace: 7413K->7413K(1056768K)
[2.005s][info][gc           ] GC(44) Pause Young (Allocation Failure) 173M->4M(511M) 0.623ms
[2.005s][info][gc,cpu       ] GC(44) User=0.00s Sys=0.00s Real=0.00s
[2.049s][info][gc,start     ] GC(45) Pause Young (Allocation Failure)
[2.049s][info][gc,heap      ] GC(45) PSYoungGen: 173664K->96K(174080K)
[2.049s][info][gc,heap      ] GC(45) ParOldGen: 4302K->4371K(349696K)
[2.049s][info][gc,metaspace ] GC(45) Metaspace: 7413K->7413K(1056768K)
[2.049s][info][gc           ] GC(45) Pause Young (Allocation Failure) 173M->4M(511M) 0.523ms
[2.049s][info][gc,cpu       ] GC(45) User=0.01s Sys=0.00s Real=0.00s
[2.091s][info][gc,start     ] GC(46) Pause Young (Allocation Failure)
[2.091s][info][gc,heap      ] GC(46) PSYoungGen: 173664K->96K(174080K)
[2.091s][info][gc,heap      ] GC(46) ParOldGen: 4371K->4445K(349696K)
[2.091s][info][gc,metaspace ] GC(46) Metaspace: 7413K->7413K(1056768K)
[2.092s][info][gc           ] GC(46) Pause Young (Allocation Failure) 173M->4M(511M) 0.605ms
[2.092s][info][gc,cpu       ] GC(46) User=0.00s Sys=0.00s Real=0.00s
[2.138s][info][gc,start     ] GC(47) Pause Young (Allocation Failure)
[2.139s][info][gc,heap      ] GC(47) PSYoungGen: 173664K->160K(174080K)
[2.139s][info][gc,heap      ] GC(47) ParOldGen: 4445K->4513K(349696K)
[2.139s][info][gc,metaspace ] GC(47) Metaspace: 7413K->7413K(1056768K)
[2.139s][info][gc           ] GC(47) Pause Young (Allocation Failure) 173M->4M(511M) 0.717ms
[2.139s][info][gc,cpu       ] GC(47) User=0.00s Sys=0.00s Real=0.00s
[2.180s][info][gc,start     ] GC(48) Pause Young (Allocation Failure)
[2.181s][info][gc,heap      ] GC(48) PSYoungGen: 173728K->96K(174080K)
[2.181s][info][gc,heap      ] GC(48) ParOldGen: 4513K->4582K(349696K)
[2.181s][info][gc,metaspace ] GC(48) Metaspace: 7413K->7413K(1056768K)
[2.181s][info][gc           ] GC(48) Pause Young (Allocation Failure) 174M->4M(511M) 0.634ms
[2.181s][info][gc,cpu       ] GC(48) User=0.00s Sys=0.00s Real=0.00s
[2.220s][info][gc,start     ] GC(49) Pause Young (Allocation Failure)
[2.220s][info][gc,heap      ] GC(49) PSYoungGen: 173664K->96K(174080K)
[2.220s][info][gc,heap      ] GC(49) ParOldGen: 4582K->4650K(349696K)
[2.220s][info][gc,metaspace ] GC(49) Metaspace: 7413K->7413K(1056768K)
[2.220s][info][gc           ] GC(49) Pause Young (Allocation Failure) 174M->4M(511M) 0.495ms
[2.220s][info][gc,cpu       ] GC(49) User=0.00s Sys=0.00s Real=0.00s
[2.259s][info][gc,start     ] GC(50) Pause Young (Allocation Failure)
[2.260s][info][gc,heap      ] GC(50) PSYoungGen: 173664K->96K(174080K)
[2.260s][info][gc,heap      ] GC(50) ParOldGen: 4650K->4719K(349696K)
[2.260s][info][gc,metaspace ] GC(50) Metaspace: 7413K->7413K(1056768K)
[2.260s][info][gc           ] GC(50) Pause Young (Allocation Failure) 174M->4M(511M) 0.429ms
[2.260s][info][gc,cpu       ] GC(50) User=0.00s Sys=0.00s Real=0.00s
[2.306s][info][gc,start     ] GC(51) Pause Young (Allocation Failure)
[2.306s][info][gc,heap      ] GC(51) PSYoungGen: 173664K->96K(174080K)
[2.306s][info][gc,heap      ] GC(51) ParOldGen: 4719K->4787K(349696K)
[2.306s][info][gc,metaspace ] GC(51) Metaspace: 7413K->7413K(1056768K)
[2.306s][info][gc           ] GC(51) Pause Young (Allocation Failure) 174M->4M(511M) 0.413ms
[2.306s][info][gc,cpu       ] GC(51) User=0.00s Sys=0.00s Real=0.00s
[2.353s][info][gc,start     ] GC(52) Pause Young (Allocation Failure)
[2.354s][info][gc,heap      ] GC(52) PSYoungGen: 173664K->96K(174080K)
[2.354s][info][gc,heap      ] GC(52) ParOldGen: 4787K->4856K(349696K)
[2.354s][info][gc,metaspace ] GC(52) Metaspace: 7413K->7413K(1056768K)
[2.354s][info][gc           ] GC(52) Pause Young (Allocation Failure) 174M->4M(511M) 0.585ms
[2.354s][info][gc,cpu       ] GC(52) User=0.00s Sys=0.00s Real=0.00s
[2.393s][info][gc,start     ] GC(53) Pause Young (Allocation Failure)
[2.393s][info][gc,heap      ] GC(53) PSYoungGen: 173664K->96K(174080K)
[2.393s][info][gc,heap      ] GC(53) ParOldGen: 4856K->4925K(349696K)
[2.393s][info][gc,metaspace ] GC(53) Metaspace: 7413K->7413K(1056768K)
[2.393s][info][gc           ] GC(53) Pause Young (Allocation Failure) 174M->4M(511M) 0.451ms
[2.393s][info][gc,cpu       ] GC(53) User=0.00s Sys=0.01s Real=0.00s
[2.434s][info][gc,start     ] GC(54) Pause Young (Allocation Failure)
[2.434s][info][gc,heap      ] GC(54) PSYoungGen: 173664K->96K(174080K)
[2.434s][info][gc,heap      ] GC(54) ParOldGen: 4925K->4993K(349696K)
[2.434s][info][gc,metaspace ] GC(54) Metaspace: 7413K->7413K(1056768K)
[2.434s][info][gc           ] GC(54) Pause Young (Allocation Failure) 174M->4M(511M) 0.554ms
[2.434s][info][gc,cpu       ] GC(54) User=0.01s Sys=0.00s Real=0.00s
[2.478s][info][gc,start     ] GC(55) Pause Young (Allocation Failure)
[2.478s][info][gc,heap      ] GC(55) PSYoungGen: 173664K->96K(174080K)
[2.478s][info][gc,heap      ] GC(55) ParOldGen: 4993K->5062K(349696K)
[2.478s][info][gc,metaspace ] GC(55) Metaspace: 7413K->7413K(1056768K)
[2.478s][info][gc           ] GC(55) Pause Young (Allocation Failure) 174M->5M(511M) 0.552ms
[2.478s][info][gc,cpu       ] GC(55) User=0.00s Sys=0.00s Real=0.01s
[2.526s][info][gc,start     ] GC(56) Pause Young (Allocation Failure)
[2.527s][info][gc,heap      ] GC(56) PSYoungGen: 173664K->96K(174080K)
[2.527s][info][gc,heap      ] GC(56) ParOldGen: 5062K->5135K(349696K)
[2.527s][info][gc,metaspace ] GC(56) Metaspace: 7413K->7413K(1056768K)
[2.527s][info][gc           ] GC(56) Pause Young (Allocation Failure) 174M->5M(511M) 0.557ms
[2.527s][info][gc,cpu       ] GC(56) User=0.00s Sys=0.00s Real=0.00s
[2.571s][info][gc,start     ] GC(57) Pause Young (Allocation Failure)
[2.572s][info][gc,heap      ] GC(57) PSYoungGen: 173664K->96K(174080K)
[2.572s][info][gc,heap      ] GC(57) ParOldGen: 5135K->5204K(349696K)
[2.572s][info][gc,metaspace ] GC(57) Metaspace: 7413K->7413K(1056768K)
[2.572s][info][gc           ] GC(57) Pause Young (Allocation Failure) 174M->5M(511M) 0.597ms
[2.572s][info][gc,cpu       ] GC(57) User=0.00s Sys=0.00s Real=0.00s
[2.610s][info][gc,start     ] GC(58) Pause Young (Allocation Failure)
[2.610s][info][gc,heap      ] GC(58) PSYoungGen: 173664K->96K(174080K)
[2.610s][info][gc,heap      ] GC(58) ParOldGen: 5204K->5272K(349696K)
[2.610s][info][gc,metaspace ] GC(58) Metaspace: 7413K->7413K(1056768K)
[2.610s][info][gc           ] GC(58) Pause Young (Allocation Failure) 174M->5M(511M) 0.581ms
[2.611s][info][gc,cpu       ] GC(58) User=0.00s Sys=0.00s Real=0.00s
[2.650s][info][gc,start     ] GC(59) Pause Young (Allocation Failure)
[2.650s][info][gc,heap      ] GC(59) PSYoungGen: 173664K->96K(174080K)
[2.650s][info][gc,heap      ] GC(59) ParOldGen: 5272K->5341K(349696K)
[2.650s][info][gc,metaspace ] GC(59) Metaspace: 7413K->7413K(1056768K)
[2.650s][info][gc           ] GC(59) Pause Young (Allocation Failure) 174M->5M(511M) 0.475ms
[2.650s][info][gc,cpu       ] GC(59) User=0.00s Sys=0.00s Real=0.00s
[2.691s][info][gc,start     ] GC(60) Pause Young (Allocation Failure)
[2.691s][info][gc,heap      ] GC(60) PSYoungGen: 173664K->96K(174080K)
[2.691s][info][gc,heap      ] GC(60) ParOldGen: 5341K->5410K(349696K)
[2.691s][info][gc,metaspace ] GC(60) Metaspace: 7413K->7413K(1056768K)
[2.691s][info][gc           ] GC(60) Pause Young (Allocation Failure) 174M->5M(511M) 0.654ms
[2.691s][info][gc,cpu       ] GC(60) User=0.00s Sys=0.00s Real=0.00s
[2.741s][info][gc,start     ] GC(61) Pause Young (Allocation Failure)
[2.741s][info][gc,heap      ] GC(61) PSYoungGen: 173664K->96K(174080K)
[2.741s][info][gc,heap      ] GC(61) ParOldGen: 5410K->5478K(349696K)
[2.741s][info][gc,metaspace ] GC(61) Metaspace: 7413K->7413K(1056768K)
[2.741s][info][gc           ] GC(61) Pause Young (Allocation Failure) 174M->5M(511M) 0.692ms
[2.741s][info][gc,cpu       ] GC(61) User=0.00s Sys=0.00s Real=0.00s
[2.789s][info][gc,start     ] GC(62) Pause Young (Allocation Failure)
[2.790s][info][gc,heap      ] GC(62) PSYoungGen: 173664K->192K(174080K)
[2.790s][info][gc,heap      ] GC(62) ParOldGen: 5478K->5547K(349696K)
[2.790s][info][gc,metaspace ] GC(62) Metaspace: 7413K->7413K(1056768K)
[2.790s][info][gc           ] GC(62) Pause Young (Allocation Failure) 174M->5M(511M) 0.759ms
[2.790s][info][gc,cpu       ] GC(62) User=0.00s Sys=0.00s Real=0.00s
[2.831s][info][gc,start     ] GC(63) Pause Young (Allocation Failure)
[2.831s][info][gc,heap      ] GC(63) PSYoungGen: 173760K->96K(174080K)
[2.831s][info][gc,heap      ] GC(63) ParOldGen: 5547K->5615K(349696K)
[2.831s][info][gc,metaspace ] GC(63) Metaspace: 7413K->7413K(1056768K)
[2.831s][info][gc           ] GC(63) Pause Young (Allocation Failure) 175M->5M(511M) 0.550ms
[2.831s][info][gc,cpu       ] GC(63) User=0.00s Sys=0.00s Real=0.00s
[2.873s][info][gc,start     ] GC(64) Pause Young (Allocation Failure)
[2.873s][info][gc,heap      ] GC(64) PSYoungGen: 173664K->96K(174080K)
[2.873s][info][gc,heap      ] GC(64) ParOldGen: 5615K->5684K(349696K)
[2.873s][info][gc,metaspace ] GC(64) Metaspace: 7413K->7413K(1056768K)
[2.873s][info][gc           ] GC(64) Pause Young (Allocation Failure) 175M->5M(511M) 0.546ms
[2.873s][info][gc,cpu       ] GC(64) User=0.00s Sys=0.00s Real=0.00s
[2.915s][info][gc,start     ] GC(65) Pause Young (Allocation Failure)
[2.916s][info][gc,heap      ] GC(65) PSYoungGen: 173664K->96K(174080K)
[2.916s][info][gc,heap      ] GC(65) ParOldGen: 5684K->5757K(349696K)
[2.916s][info][gc,metaspace ] GC(65) Metaspace: 7413K->7413K(1056768K)
[2.916s][info][gc           ] GC(65) Pause Young (Allocation Failure) 175M->5M(511M) 1.353ms
[2.916s][info][gc,cpu       ] GC(65) User=0.00s Sys=0.00s Real=0.00s
[2.964s][info][gc,start     ] GC(66) Pause Young (Allocation Failure)
[2.965s][info][gc,heap      ] GC(66) PSYoungGen: 173664K->128K(174080K)
[2.965s][info][gc,heap      ] GC(66) ParOldGen: 5757K->5826K(349696K)
[2.965s][info][gc,metaspace ] GC(66) Metaspace: 7413K->7413K(1056768K)
[2.965s][info][gc           ] GC(66) Pause Young (Allocation Failure) 175M->5M(511M) 0.681ms
[2.965s][info][gc,cpu       ] GC(66) User=0.01s Sys=0.00s Real=0.00s
[3.007s][info][gc,start     ] GC(67) Pause Young (Allocation Failure)
[3.008s][info][gc,heap      ] GC(67) PSYoungGen: 173696K->96K(174080K)
[3.008s][info][gc,heap      ] GC(67) ParOldGen: 5826K->5894K(349696K)
[3.008s][info][gc,metaspace ] GC(67) Metaspace: 7413K->7413K(1056768K)
[3.008s][info][gc           ] GC(67) Pause Young (Allocation Failure) 175M->5M(511M) 0.514ms
[3.008s][info][gc,cpu       ] GC(67) User=0.00s Sys=0.00s Real=0.00s
[3.051s][info][gc,start     ] GC(68) Pause Young (Allocation Failure)
[3.051s][info][gc,heap      ] GC(68) PSYoungGen: 173664K->96K(174080K)
[3.051s][info][gc,heap      ] GC(68) ParOldGen: 5894K->5963K(349696K)
[3.051s][info][gc,metaspace ] GC(68) Metaspace: 7413K->7413K(1056768K)
[3.051s][info][gc           ] GC(68) Pause Young (Allocation Failure) 175M->5M(511M) 0.500ms
[3.051s][info][gc,cpu       ] GC(68) User=0.01s Sys=0.00s Real=0.00s
[3.090s][info][gc,start     ] GC(69) Pause Young (Allocation Failure)
[3.090s][info][gc,heap      ] GC(69) PSYoungGen: 173664K->96K(174080K)
[3.090s][info][gc,heap      ] GC(69) ParOldGen: 5963K->6032K(349696K)
[3.090s][info][gc,metaspace ] GC(69) Metaspace: 7413K->7413K(1056768K)
[3.090s][info][gc           ] GC(69) Pause Young (Allocation Failure) 175M->5M(511M) 0.510ms
[3.091s][info][gc,cpu       ] GC(69) User=0.00s Sys=0.00s Real=0.00s
[3.132s][info][gc,start     ] GC(70) Pause Young (Allocation Failure)
[3.133s][info][gc,heap      ] GC(70) PSYoungGen: 173664K->96K(174080K)
[3.133s][info][gc,heap      ] GC(70) ParOldGen: 6032K->6100K(349696K)
[3.133s][info][gc,metaspace ] GC(70) Metaspace: 7413K->7413K(1056768K)
[3.133s][info][gc           ] GC(70) Pause Young (Allocation Failure) 175M->6M(511M) 0.576ms
[3.133s][info][gc,cpu       ] GC(70) User=0.00s Sys=0.00s Real=0.00s
[3.178s][info][gc,start     ] GC(71) Pause Young (Allocation Failure)
[3.179s][info][gc,heap      ] GC(71) PSYoungGen: 173664K->96K(174080K)
[3.179s][info][gc,heap      ] GC(71) ParOldGen: 6100K->6169K(349696K)
[3.179s][info][gc,metaspace ] GC(71) Metaspace: 7413K->7413K(1056768K)
[3.179s][info][gc           ] GC(71) Pause Young (Allocation Failure) 175M->6M(511M) 0.398ms
[3.179s][info][gc,cpu       ] GC(71) User=0.00s Sys=0.00s Real=0.00s
[3.239s][info][gc,heap,exit ] Heap
[3.239s][info][gc,heap,exit ]  PSYoungGen      total 174080K, used 157491K [0x00000007f5580000, 0x0000000800000000, 0x0000000800000000)
[3.239s][info][gc,heap,exit ]   eden space 173568K, 90% used [0x00000007f5580000,0x00000007fef34e30,0x00000007fff00000)
[3.239s][info][gc,heap,exit ]   from space 512K, 18% used [0x00000007fff80000,0x00000007fff98000,0x0000000800000000)
[3.239s][info][gc,heap,exit ]   to   space 512K, 0% used [0x00000007fff00000,0x00000007fff00000,0x00000007fff80000)
[3.239s][info][gc,heap,exit ]  ParOldGen       total 349696K, used 6169K [0x00000007e0000000, 0x00000007f5580000, 0x00000007f5580000)
[3.239s][info][gc,heap,exit ]   object space 349696K, 1% used [0x00000007e0000000,0x00000007e0606520,0x00000007f5580000)
[3.239s][info][gc,heap,exit ]  Metaspace       used 7685K, capacity 7801K, committed 7936K, reserved 1056768K
[3.239s][info][gc,heap,exit ]   class space    used 694K, capacity 725K, committed 768K, reserved 1048576K
