[0.018s][info][gc] Using Parallel
[0.018s][info][gc,heap,coops] Heap address: 0x00000007e0000000, size: 512 MB, Compressed Oops mode: Zero based, Oop shift amount: 3
[0.244s][info][gc,start     ] GC(0) Pause Young (Allocation Failure)
[0.245s][info][gc,heap      ] GC(0) PSYoungGen: 131584K->976K(153088K)
[0.245s][info][gc,heap      ] GC(0) ParOldGen: 0K->8K(349696K)
[0.245s][info][gc,metaspace ] GC(0) Metaspace: 6497K->6497K(1056768K)
[0.245s][info][gc           ] GC(0) Pause Young (Allocation Failure) 128M->0M(491M) 1.724ms
[0.246s][info][gc,cpu       ] GC(0) User=0.00s Sys=0.00s Real=0.01s
[0.270s][info][gc,start     ] GC(1) Pause Young (Allocation Failure)
[0.272s][info][gc,heap      ] GC(1) PSYoungGen: 132560K->992K(153088K)
[0.272s][info][gc,heap      ] GC(1) ParOldGen: 8K->16K(349696K)
[0.272s][info][gc,metaspace ] GC(1) Metaspace: 6498K->6498K(1056768K)
[0.272s][info][gc           ] GC(1) Pause Young (Allocation Failure) 129M->0M(491M) 1.420ms
[0.272s][info][gc,cpu       ] GC(1) User=0.01s Sys=0.00s Real=0.00s
[0.289s][info][gc,start     ] GC(2) Pause Young (Allocation Failure)
[0.290s][info][gc,heap      ] GC(2) PSYoungGen: 132576K->1059K(153088K)
[0.290s][info][gc,heap      ] GC(2) ParOldGen: 16K->16K(349696K)
[0.290s][info][gc,metaspace ] GC(2) Metaspace: 6498K->6498K(1056768K)
[0.290s][info][gc           ] GC(2) Pause Young (Allocation Failure) 129M->1M(491M) 0.960ms
[0.290s][info][gc,cpu       ] GC(2) User=0.01s Sys=0.00s Real=0.00s
[0.308s][info][gc,start     ] GC(3) Pause Young (Allocation Failure)
[0.309s][info][gc,heap      ] GC(3) PSYoungGen: 132643K->1059K(153088K)
[0.309s][info][gc,heap      ] GC(3) ParOldGen: 16K->16K(349696K)
[0.309s][info][gc,metaspace ] GC(3) Metaspace: 6498K->6498K(1056768K)
[0.309s][info][gc           ] GC(3) Pause Young (Allocation Failure) 129M->1M(491M) 1.032ms
[0.309s][info][gc,cpu       ] GC(3) User=0.01s Sys=0.00s Real=0.00s
[0.324s][info][gc,start     ] GC(4) Pause Young (Allocation Failure)
[0.325s][info][gc,heap      ] GC(4) PSYoungGen: 132643K->1139K(153088K)
[0.325s][info][gc,heap      ] GC(4) ParOldGen: 16K->16K(349696K)
[0.325s][info][gc,metaspace ] GC(4) Metaspace: 6498K->6498K(1056768K)
[0.325s][info][gc           ] GC(4) Pause Young (Allocation Failure) 129M->1M(491M) 0.927ms
[0.325s][info][gc,cpu       ] GC(4) User=0.00s Sys=0.00s Real=0.00s
[0.338s][info][gc,start     ] GC(5) Pause Young (Allocation Failure)
[0.339s][info][gc,heap      ] GC(5) PSYoungGen: 132723K->1171K(173056K)
[0.339s][info][gc,heap      ] GC(5) ParOldGen: 16K->16K(349696K)
[0.339s][info][gc,metaspace ] GC(5) Metaspace: 6498K->6498K(1056768K)
[0.339s][info][gc           ] GC(5) Pause Young (Allocation Failure) 129M->1M(510M) 1.183ms
[0.339s][info][gc,cpu       ] GC(5) User=0.01s Sys=0.01s Real=0.00s
[0.379s][info][gc,start     ] GC(6) Pause Young (Allocation Failure)
[0.380s][info][gc,heap      ] GC(6) PSYoungGen: 172691K->192K(173056K)
[0.381s][info][gc,heap      ] GC(6) ParOldGen: 16K->947K(349696K)
[0.381s][info][gc,metaspace ] GC(6) Metaspace: 6498K->6498K(1056768K)
[0.381s][info][gc           ] GC(6) Pause Young (Allocation Failure) 168M->1M(510M) 1.464ms
[0.381s][info][gc,cpu       ] GC(6) User=0.01s Sys=0.00s Real=0.00s
[0.399s][info][gc,start     ] GC(7) Pause Young (Allocation Failure)
[0.400s][info][gc,heap      ] GC(7) PSYoungGen: 171712K->192K(173056K)
[0.400s][info][gc,heap      ] GC(7) ParOldGen: 947K->996K(349696K)
[0.400s][info][gc,metaspace ] GC(7) Metaspace: 6498K->6498K(1056768K)
[0.400s][info][gc           ] GC(7) Pause Young (Allocation Failure) 168M->1M(510M) 0.475ms
[0.400s][info][gc,cpu       ] GC(7) User=0.00s Sys=0.00s Real=0.00s
[0.420s][info][gc,start     ] GC(8) Pause Young (Allocation Failure)
[0.421s][info][gc,heap      ] GC(8) PSYoungGen: 171712K->192K(173056K)
[0.421s][info][gc,heap      ] GC(8) ParOldGen: 996K->1045K(349696K)
[0.421s][info][gc,metaspace ] GC(8) Metaspace: 6498K->6498K(1056768K)
[0.421s][info][gc           ] GC(8) Pause Young (Allocation Failure) 168M->1M(510M) 0.680ms
[0.421s][info][gc,cpu       ] GC(8) User=0.00s Sys=0.00s Real=0.00s
[0.440s][info][gc,start     ] GC(9) Pause Young (Allocation Failure)
[0.440s][info][gc,heap      ] GC(9) PSYoungGen: 171712K->96K(172032K)
[0.440s][info][gc,heap      ] GC(9) ParOldGen: 1045K->1113K(349696K)
[0.440s][info][gc,metaspace ] GC(9) Metaspace: 6498K->6498K(1056768K)
[0.440s][info][gc           ] GC(9) Pause Young (Allocation Failure) 168M->1M(509M) 0.397ms
[0.440s][info][gc,cpu       ] GC(9) User=0.00s Sys=0.00s Real=0.00s
[0.469s][info][gc,start     ] GC(10) Pause Young (Allocation Failure)
[0.470s][info][gc,heap      ] GC(10) PSYoungGen: 170592K->64K(172544K)
[0.470s][info][gc,heap      ] GC(10) ParOldGen: 1113K->1182K(349696K)
[0.470s][info][gc,metaspace ] GC(10) Metaspace: 6498K->6498K(1056768K)
[0.470s][info][gc           ] GC(10) Pause Young (Allocation Failure) 167M->1M(510M) 0.569ms
[0.470s][info][gc,cpu       ] GC(10) User=0.00s Sys=0.00s Real=0.00s
[0.490s][info][gc,start     ] GC(11) Pause Young (Allocation Failure)
[0.490s][info][gc,heap      ] GC(11) PSYoungGen: 170560K->96K(172544K)
[0.490s][info][gc,heap      ] GC(11) ParOldGen: 1182K->1221K(349696K)
[0.490s][info][gc,metaspace ] GC(11) Metaspace: 6498K->6498K(1056768K)
[0.490s][info][gc           ] GC(11) Pause Young (Allocation Failure) 167M->1M(510M) 0.390ms
[0.490s][info][gc,cpu       ] GC(11) User=0.01s Sys=0.00s Real=0.00s
[0.519s][info][gc,start     ] GC(12) Pause Young (Allocation Failure)
[0.520s][info][gc,heap      ] GC(12) PSYoungGen: 170592K->64K(172544K)
[0.520s][info][gc,heap      ] GC(12) ParOldGen: 1221K->1250K(349696K)
[0.520s][info][gc,metaspace ] GC(12) Metaspace: 6498K->6498K(1056768K)
[0.520s][info][gc           ] GC(12) Pause Young (Allocation Failure) 167M->1M(510M) 1.071ms
[0.520s][info][gc,cpu       ] GC(12) User=0.00s Sys=0.00s Real=0.00s
[0.547s][info][gc,start     ] GC(13) Pause Young (Allocation Failure)
[0.547s][info][gc,heap      ] GC(13) PSYoungGen: 170560K->64K(172544K)
[0.547s][info][gc,heap      ] GC(13) ParOldGen: 1250K->1289K(349696K)
[0.548s][info][gc,metaspace ] GC(13) Metaspace: 6498K->6498K(1056768K)
[0.548s][info][gc           ] GC(13) Pause Young (Allocation Failure) 167M->1M(510M) 0.669ms
[0.548s][info][gc,cpu       ] GC(13) User=0.00s Sys=0.00s Real=0.00s
[0.574s][info][gc,start     ] GC(14) Pause Young (Allocation Failure)
[0.575s][info][gc,heap      ] GC(14) PSYoungGen: 170560K->64K(172544K)
[0.575s][info][gc,heap      ] GC(14) ParOldGen: 1289K->1319K(349696K)
[0.575s][info][gc,metaspace ] GC(14) Metaspace: 6498K->6498K(1056768K)
[0.575s][info][gc           ] GC(14) Pause Young (Allocation Failure) 167M->1M(510M) 0.700ms
[0.575s][info][gc,cpu       ] GC(14) User=0.00s Sys=0.01s Real=0.00s
[0.610s][info][gc,start     ] GC(15) Pause Young (Allocation Failure)
[0.610s][info][gc,heap      ] GC(15) PSYoungGen: 170560K->64K(173056K)
[0.610s][info][gc,heap      ] GC(15) ParOldGen: 1319K->1358K(349696K)
[0.610s][info][gc,metaspace ] GC(15) Metaspace: 6498K->6498K(1056768K)
[0.610s][info][gc           ] GC(15) Pause Young (Allocation Failure) 167M->1M(510M) 0.389ms
[0.610s][info][gc,cpu       ] GC(15) User=0.00s Sys=0.00s Real=0.00s
[0.641s][info][gc,start     ] GC(16) Pause Young (Allocation Failure)
[0.641s][info][gc,heap      ] GC(16) PSYoungGen: 171584K->96K(173056K)
[0.641s][info][gc,heap      ] GC(16) ParOldGen: 1358K->1387K(349696K)
[0.641s][info][gc,metaspace ] GC(16) Metaspace: 6498K->6498K(1056768K)
[0.641s][info][gc           ] GC(16) Pause Young (Allocation Failure) 168M->1M(510M) 0.471ms
[0.641s][info][gc,cpu       ] GC(16) User=0.00s Sys=0.00s Real=0.00s
[0.673s][info][gc,start     ] GC(17) Pause Young (Allocation Failure)
[0.674s][info][gc,heap      ] GC(17) PSYoungGen: 171616K->64K(173056K)
[0.674s][info][gc,heap      ] GC(17) ParOldGen: 1387K->1426K(349696K)
[0.674s][info][gc,metaspace ] GC(17) Metaspace: 6498K->6498K(1056768K)
[0.674s][info][gc           ] GC(17) Pause Young (Allocation Failure) 168M->1M(510M) 0.553ms
[0.674s][info][gc,cpu       ] GC(17) User=0.00s Sys=0.00s Real=0.00s
[0.722s][info][gc,start     ] GC(18) Pause Young (Allocation Failure)
[0.723s][info][gc,heap      ] GC(18) PSYoungGen: 171584K->96K(173056K)
[0.723s][info][gc,heap      ] GC(18) ParOldGen: 1426K->1456K(349696K)
[0.723s][info][gc,metaspace ] GC(18) Metaspace: 6498K->6498K(1056768K)
[0.723s][info][gc           ] GC(18) Pause Young (Allocation Failure) 168M->1M(510M) 0.536ms
[0.723s][info][gc,cpu       ] GC(18) User=0.01s Sys=0.00s Real=0.00s
[0.755s][info][gc,start     ] GC(19) Pause Young (Allocation Failure)
[0.755s][info][gc,heap      ] GC(19) PSYoungGen: 171616K->64K(173056K)
[0.755s][info][gc,heap      ] GC(19) ParOldGen: 1456K->1495K(349696K)
[0.755s][info][gc,metaspace ] GC(19) Metaspace: 6498K->6498K(1056768K)
[0.755s][info][gc           ] GC(19) Pause Young (Allocation Failure) 169M->1M(510M) 0.439ms
[0.755s][info][gc,cpu       ] GC(19) User=0.00s Sys=0.00s Real=0.00s
[0.788s][info][gc,start     ] GC(20) Pause Young (Allocation Failure)
[0.789s][info][gc,heap      ] GC(20) PSYoungGen: 171584K->96K(173056K)
[0.789s][info][gc,heap      ] GC(20) ParOldGen: 1495K->1524K(349696K)
[0.789s][info][gc,metaspace ] GC(20) Metaspace: 6498K->6498K(1056768K)
[0.789s][info][gc           ] GC(20) Pause Young (Allocation Failure) 169M->1M(510M) 0.837ms
[0.789s][info][gc,cpu       ] GC(20) User=0.00s Sys=0.00s Real=0.00s
[0.848s][info][gc,start     ] GC(21) Pause Young (Allocation Failure)
[0.849s][info][gc,heap      ] GC(21) PSYoungGen: 171616K->64K(173056K)
[0.849s][info][gc,heap      ] GC(21) ParOldGen: 1524K->1563K(349696K)
[0.849s][info][gc,metaspace ] GC(21) Metaspace: 6498K->6498K(1056768K)
[0.849s][info][gc           ] GC(21) Pause Young (Allocation Failure) 169M->1M(510M) 1.041ms
[0.849s][info][gc,cpu       ] GC(21) User=0.00s Sys=0.00s Real=0.00s
[0.882s][info][gc,start     ] GC(22) Pause Young (Allocation Failure)
[0.883s][info][gc,heap      ] GC(22) PSYoungGen: 171584K->96K(173056K)
[0.883s][info][gc,heap      ] GC(22) ParOldGen: 1563K->1593K(349696K)
[0.883s][info][gc,metaspace ] GC(22) Metaspace: 6498K->6498K(1056768K)
[0.883s][info][gc           ] GC(22) Pause Young (Allocation Failure) 169M->1M(510M) 0.603ms
[0.883s][info][gc,cpu       ] GC(22) User=0.00s Sys=0.00s Real=0.00s
[0.919s][info][gc,start     ] GC(23) Pause Young (Allocation Failure)
[0.920s][info][gc,heap      ] GC(23) PSYoungGen: 171616K->64K(173056K)
[0.920s][info][gc,heap      ] GC(23) ParOldGen: 1593K->1632K(349696K)
[0.920s][info][gc,metaspace ] GC(23) Metaspace: 6498K->6498K(1056768K)
[0.920s][info][gc           ] GC(23) Pause Young (Allocation Failure) 169M->1M(510M) 0.403ms
[0.920s][info][gc,cpu       ] GC(23) User=0.00s Sys=0.00s Real=0.00s
[0.952s][info][gc,start     ] GC(24) Pause Young (Allocation Failure)
[0.953s][info][gc,heap      ] GC(24) PSYoungGen: 171584K->96K(173056K)
[0.953s][info][gc,heap      ] GC(24) ParOldGen: 1632K->1661K(349696K)
[0.953s][info][gc,metaspace ] GC(24) Metaspace: 6498K->6498K(1056768K)
[0.953s][info][gc           ] GC(24) Pause Young (Allocation Failure) 169M->1M(510M) 0.908ms
[0.953s][info][gc,cpu       ] GC(24) User=0.00s Sys=0.00s Real=0.00s
[0.987s][info][gc,start     ] GC(25) Pause Young (Allocation Failure)
[0.987s][info][gc,heap      ] GC(25) PSYoungGen: 171616K->64K(173568K)
[0.987s][info][gc,heap      ] GC(25) ParOldGen: 1661K->1700K(349696K)
[0.987s][info][gc,metaspace ] GC(25) Metaspace: 6498K->6498K(1056768K)
[0.987s][info][gc           ] GC(25) Pause Young (Allocation Failure) 169M->1M(511M) 0.388ms
[0.987s][info][gc,cpu       ] GC(25) User=0.00s Sys=0.01s Real=0.00s
[1.019s][info][gc,start     ] GC(26) Pause Young (Allocation Failure)
[1.020s][info][gc,heap      ] GC(26) PSYoungGen: 172608K->160K(173568K)
[1.020s][info][gc,heap      ] GC(26) ParOldGen: 1700K->1730K(349696K)
[1.020s][info][gc,metaspace ] GC(26) Metaspace: 6498K->6498K(1056768K)
[1.020s][info][gc           ] GC(26) Pause Young (Allocation Failure) 170M->1M(511M) 0.595ms
[1.020s][info][gc,cpu       ] GC(26) User=0.00s Sys=0.00s Real=0.00s
[1.053s][info][gc,start     ] GC(27) Pause Young (Allocation Failure)
[1.053s][info][gc,heap      ] GC(27) PSYoungGen: 172704K->64K(173568K)
[1.053s][info][gc,heap      ] GC(27) ParOldGen: 1730K->1785K(349696K)
[1.053s][info][gc,metaspace ] GC(27) Metaspace: 6498K->6498K(1056768K)
[1.053s][info][gc           ] GC(27) Pause Young (Allocation Failure) 170M->1M(511M) 0.516ms
[1.053s][info][gc,cpu       ] GC(27) User=0.00s Sys=0.00s Real=0.00s
[1.081s][info][gc,start     ] GC(28) Pause Young (Allocation Failure)
[1.082s][info][gc,heap      ] GC(28) PSYoungGen: 172608K->96K(173568K)
[1.082s][info][gc,heap      ] GC(28) ParOldGen: 1785K->1814K(349696K)
[1.082s][info][gc,metaspace ] GC(28) Metaspace: 6498K->6498K(1056768K)
[1.082s][info][gc           ] GC(28) Pause Young (Allocation Failure) 170M->1M(511M) 0.756ms
[1.082s][info][gc,cpu       ] GC(28) User=0.00s Sys=0.00s Real=0.00s
[1.124s][info][gc,start     ] GC(29) Pause Young (Allocation Failure)
[1.124s][info][gc,heap      ] GC(29) PSYoungGen: 172640K->64K(173568K)
[1.124s][info][gc,heap      ] GC(29) ParOldGen: 1814K->1853K(349696K)
[1.124s][info][gc,metaspace ] GC(29) Metaspace: 6498K->6498K(1056768K)
[1.124s][info][gc           ] GC(29) Pause Young (Allocation Failure) 170M->1M(511M) 0.742ms
[1.124s][info][gc,cpu       ] GC(29) User=0.00s Sys=0.00s Real=0.00s
[1.158s][info][gc,start     ] GC(30) Pause Young (Allocation Failure)
[1.159s][info][gc,heap      ] GC(30) PSYoungGen: 172608K->64K(173568K)
[1.159s][info][gc,heap      ] GC(30) ParOldGen: 1853K->1883K(349696K)
[1.159s][info][gc,metaspace ] GC(30) Metaspace: 6498K->6498K(1056768K)
[1.159s][info][gc           ] GC(30) Pause Young (Allocation Failure) 170M->1M(511M) 0.655ms
[1.159s][info][gc,cpu       ] GC(30) User=0.00s Sys=0.00s Real=0.00s
[1.203s][info][gc,start     ] GC(31) Pause Young (Allocation Failure)
[1.204s][info][gc,heap      ] GC(31) PSYoungGen: 172608K->192K(173568K)
[1.204s][info][gc,heap      ] GC(31) ParOldGen: 1883K->1922K(349696K)
[1.204s][info][gc,metaspace ] GC(31) Metaspace: 6614K->6614K(1056768K)
[1.204s][info][gc           ] GC(31) Pause Young (Allocation Failure) 170M->2M(511M) 0.490ms
[1.204s][info][gc,cpu       ] GC(31) User=0.00s Sys=0.00s Real=0.00s
[1.242s][info][gc,start     ] GC(32) Pause Young (Allocation Failure)
[1.249s][info][gc,heap      ] GC(32) PSYoungGen: 172736K->544K(173568K)
[1.249s][info][gc,heap      ] GC(32) ParOldGen: 1922K->2031K(349696K)
[1.249s][info][gc,metaspace ] GC(32) Metaspace: 7303K->7303K(1056768K)
[1.249s][info][gc           ] GC(32) Pause Young (Allocation Failure) 170M->2M(511M) 7.445ms
[1.250s][info][gc,cpu       ] GC(32) User=0.00s Sys=0.00s Real=0.01s
[1.282s][info][gc,start     ] GC(33) Pause Young (Allocation Failure)
[1.293s][info][gc,heap      ] GC(33) PSYoungGen: 173088K->288K(173568K)
[1.293s][info][gc,heap      ] GC(33) ParOldGen: 2031K->2486K(349696K)
[1.293s][info][gc,metaspace ] GC(33) Metaspace: 7418K->7418K(1056768K)
[1.293s][info][gc           ] GC(33) Pause Young (Allocation Failure) 171M->2M(511M) 10.916ms
[1.293s][info][gc,cpu       ] GC(33) User=0.00s Sys=0.00s Real=0.01s
[1.364s][info][gc,start     ] GC(34) Pause Young (Allocation Failure)
[1.366s][info][gc,heap      ] GC(34) PSYoungGen: 172832K->64K(173568K)
[1.366s][info][gc,heap      ] GC(34) ParOldGen: 2486K->2636K(349696K)
[1.366s][info][gc,metaspace ] GC(34) Metaspace: 7418K->7418K(1056768K)
[1.366s][info][gc           ] GC(34) Pause Young (Allocation Failure) 171M->2M(511M) 1.318ms
[1.366s][info][gc,cpu       ] GC(34) User=0.00s Sys=0.00s Real=0.01s
[1.401s][info][gc,start     ] GC(35) Pause Young (Allocation Failure)
[1.401s][info][gc,heap      ] GC(35) PSYoungGen: 172608K->64K(173568K)
[1.401s][info][gc,heap      ] GC(35) ParOldGen: 2636K->2675K(349696K)
[1.401s][info][gc,metaspace ] GC(35) Metaspace: 7418K->7418K(1056768K)
[1.401s][info][gc           ] GC(35) Pause Young (Allocation Failure) 171M->2M(511M) 0.512ms
[1.401s][info][gc,cpu       ] GC(35) User=0.00s Sys=0.00s Real=0.00s
[1.426s][info][gc,start     ] GC(36) Pause Young (Allocation Failure)
[1.427s][info][gc,heap      ] GC(36) PSYoungGen: 172608K->96K(173568K)
[1.427s][info][gc,heap      ] GC(36) ParOldGen: 2675K->2704K(349696K)
[1.427s][info][gc,metaspace ] GC(36) Metaspace: 7418K->7418K(1056768K)
[1.427s][info][gc           ] GC(36) Pause Young (Allocation Failure) 171M->2M(511M) 0.475ms
[1.427s][info][gc,cpu       ] GC(36) User=0.01s Sys=0.01s Real=0.00s
[1.452s][info][gc,start     ] GC(37) Pause Young (Allocation Failure)
[1.452s][info][gc,heap      ] GC(37) PSYoungGen: 172640K->64K(173568K)
[1.452s][info][gc,heap      ] GC(37) ParOldGen: 2704K->2743K(349696K)
[1.452s][info][gc,metaspace ] GC(37) Metaspace: 7418K->7418K(1056768K)
[1.452s][info][gc           ] GC(37) Pause Young (Allocation Failure) 171M->2M(511M) 0.597ms
[1.452s][info][gc,cpu       ] GC(37) User=0.00s Sys=0.00s Real=0.00s
[1.477s][info][gc,start     ] GC(38) Pause Young (Allocation Failure)
[1.478s][info][gc,heap      ] GC(38) PSYoungGen: 172608K->96K(173568K)
[1.478s][info][gc,heap      ] GC(38) ParOldGen: 2743K->2772K(349696K)
[1.478s][info][gc,metaspace ] GC(38) Metaspace: 7418K->7418K(1056768K)
[1.479s][info][gc           ] GC(38) Pause Young (Allocation Failure) 171M->2M(511M) 1.530ms
[1.479s][info][gc,cpu       ] GC(38) User=0.00s Sys=0.00s Real=0.00s
[1.501s][info][gc,start     ] GC(39) Pause Young (Allocation Failure)
[1.501s][info][gc,heap      ] GC(39) PSYoungGen: 172640K->64K(173568K)
[1.501s][info][gc,heap      ] GC(39) ParOldGen: 2772K->2812K(349696K)
[1.501s][info][gc,metaspace ] GC(39) Metaspace: 7418K->7418K(1056768K)
[1.501s][info][gc           ] GC(39) Pause Young (Allocation Failure) 171M->2M(511M) 0.384ms
[1.501s][info][gc,cpu       ] GC(39) User=0.00s Sys=0.00s Real=0.00s
[1.526s][info][gc,start     ] GC(40) Pause Young (Allocation Failure)
[1.526s][info][gc,heap      ] GC(40) PSYoungGen: 172608K->96K(173568K)
[1.526s][info][gc,heap      ] GC(40) ParOldGen: 2812K->2841K(349696K)
[1.526s][info][gc,metaspace ] GC(40) Metaspace: 7418K->7418K(1056768K)
[1.526s][info][gc           ] GC(40) Pause Young (Allocation Failure) 171M->2M(511M) 0.575ms
[1.526s][info][gc,cpu       ] GC(40) User=0.00s Sys=0.00s Real=0.00s
[1.552s][info][gc,start     ] GC(41) Pause Young (Allocation Failure)
[1.554s][info][gc,heap      ] GC(41) PSYoungGen: 172640K->64K(174080K)
[1.554s][info][gc,heap      ] GC(41) ParOldGen: 2841K->2880K(349696K)
[1.554s][info][gc,metaspace ] GC(41) Metaspace: 7418K->7418K(1056768K)
[1.554s][info][gc           ] GC(41) Pause Young (Allocation Failure) 171M->2M(511M) 1.113ms
[1.554s][info][gc,cpu       ] GC(41) User=0.00s Sys=0.00s Real=0.00s
[1.583s][info][gc,start     ] GC(42) Pause Young (Allocation Failure)
[1.583s][info][gc,heap      ] GC(42) PSYoungGen: 173632K->96K(174080K)
[1.583s][info][gc,heap      ] GC(42) ParOldGen: 2880K->2909K(349696K)
[1.583s][info][gc,metaspace ] GC(42) Metaspace: 7418K->7418K(1056768K)
[1.584s][info][gc           ] GC(42) Pause Young (Allocation Failure) 172M->2M(511M) 0.520ms
[1.584s][info][gc,cpu       ] GC(42) User=0.00s Sys=0.00s Real=0.00s
[1.608s][info][gc,start     ] GC(43) Pause Young (Allocation Failure)
[1.609s][info][gc,heap      ] GC(43) PSYoungGen: 173664K->64K(174080K)
[1.609s][info][gc,heap      ] GC(43) ParOldGen: 2909K->2949K(349696K)
[1.609s][info][gc,metaspace ] GC(43) Metaspace: 7418K->7418K(1056768K)
[1.609s][info][gc           ] GC(43) Pause Young (Allocation Failure) 172M->2M(511M) 0.703ms
[1.609s][info][gc,cpu       ] GC(43) User=0.00s Sys=0.00s Real=0.00s
[1.632s][info][gc,start     ] GC(44) Pause Young (Allocation Failure)
[1.633s][info][gc,heap      ] GC(44) PSYoungGen: 173632K->96K(174080K)
[1.633s][info][gc,heap      ] GC(44) ParOldGen: 2949K->2978K(349696K)
[1.633s][info][gc,metaspace ] GC(44) Metaspace: 7418K->7418K(1056768K)
[1.633s][info][gc           ] GC(44) Pause Young (Allocation Failure) 172M->3M(511M) 0.358ms
[1.633s][info][gc,cpu       ] GC(44) User=0.00s Sys=0.00s Real=0.00s
[1.657s][info][gc,start     ] GC(45) Pause Young (Allocation Failure)
[1.657s][info][gc,heap      ] GC(45) PSYoungGen: 173664K->64K(174080K)
[1.657s][info][gc,heap      ] GC(45) ParOldGen: 2978K->3017K(349696K)
[1.657s][info][gc,metaspace ] GC(45) Metaspace: 7418K->7418K(1056768K)
[1.657s][info][gc           ] GC(45) Pause Young (Allocation Failure) 172M->3M(511M) 0.508ms
[1.657s][info][gc,cpu       ] GC(45) User=0.00s Sys=0.00s Real=0.00s
[1.685s][info][gc,start     ] GC(46) Pause Young (Allocation Failure)
[1.686s][info][gc,heap      ] GC(46) PSYoungGen: 173632K->64K(174080K)
[1.686s][info][gc,heap      ] GC(46) ParOldGen: 3017K->3046K(349696K)
[1.686s][info][gc,metaspace ] GC(46) Metaspace: 7418K->7418K(1056768K)
[1.686s][info][gc           ] GC(46) Pause Young (Allocation Failure) 172M->3M(511M) 0.427ms
[1.686s][info][gc,cpu       ] GC(46) User=0.00s Sys=0.00s Real=0.00s
[1.705s][info][gc,start     ] GC(47) Pause Young (Allocation Failure)
[1.706s][info][gc,heap      ] GC(47) PSYoungGen: 173632K->64K(174080K)
[1.706s][info][gc,heap      ] GC(47) ParOldGen: 3046K->3085K(349696K)
[1.706s][info][gc,metaspace ] GC(47) Metaspace: 7418K->7418K(1056768K)
[1.706s][info][gc           ] GC(47) Pause Young (Allocation Failure) 172M->3M(511M) 0.386ms
[1.706s][info][gc,cpu       ] GC(47) User=0.00s Sys=0.00s Real=0.00s
[1.726s][info][gc,start     ] GC(48) Pause Young (Allocation Failure)
[1.726s][info][gc,heap      ] GC(48) PSYoungGen: 173632K->64K(174080K)
[1.727s][info][gc,heap      ] GC(48) ParOldGen: 3085K->3115K(349696K)
[1.727s][info][gc,metaspace ] GC(48) Metaspace: 7418K->7418K(1056768K)
[1.727s][info][gc           ] GC(48) Pause Young (Allocation Failure) 172M->3M(511M) 0.558ms
[1.727s][info][gc,cpu       ] GC(48) User=0.00s Sys=0.00s Real=0.00s
[1.750s][info][gc,start     ] GC(49) Pause Young (Allocation Failure)
[1.751s][info][gc,heap      ] GC(49) PSYoungGen: 173632K->64K(174080K)
[1.751s][info][gc,heap      ] GC(49) ParOldGen: 3115K->3154K(349696K)
[1.751s][info][gc,metaspace ] GC(49) Metaspace: 7418K->7418K(1056768K)
[1.751s][info][gc           ] GC(49) Pause Young (Allocation Failure) 172M->3M(511M) 0.448ms
[1.751s][info][gc,cpu       ] GC(49) User=0.00s Sys=0.00s Real=0.00s
[1.772s][info][gc,start     ] GC(50) Pause Young (Allocation Failure)
[1.772s][info][gc,heap      ] GC(50) PSYoungGen: 173632K->64K(174080K)
[1.772s][info][gc,heap      ] GC(50) ParOldGen: 3154K->3193K(349696K)
[1.772s][info][gc,metaspace ] GC(50) Metaspace: 7418K->7418K(1056768K)
[1.772s][info][gc           ] GC(50) Pause Young (Allocation Failure) 172M->3M(511M) 0.334ms
[1.772s][info][gc,cpu       ] GC(50) User=0.00s Sys=0.00s Real=0.00s
[1.794s][info][gc,start     ] GC(51) Pause Young (Allocation Failure)
[1.794s][info][gc,heap      ] GC(51) PSYoungGen: 173632K->64K(174080K)
[1.794s][info][gc,heap      ] GC(51) ParOldGen: 3193K->3222K(349696K)
[1.794s][info][gc,metaspace ] GC(51) Metaspace: 7418K->7418K(1056768K)
[1.794s][info][gc           ] GC(51) Pause Young (Allocation Failure) 172M->3M(511M) 0.299ms
[1.794s][info][gc,cpu       ] GC(51) User=0.00s Sys=0.00s Real=0.00s
[1.814s][info][gc,start     ] GC(52) Pause Young (Allocation Failure)
[1.814s][info][gc,heap      ] GC(52) PSYoungGen: 173632K->64K(174080K)
[1.814s][info][gc,heap      ] GC(52) ParOldGen: 3222K->3262K(349696K)
[1.814s][info][gc,metaspace ] GC(52) Metaspace: 7418K->7418K(1056768K)
[1.814s][info][gc           ] GC(52) Pause Young (Allocation Failure) 172M->3M(511M) 0.286ms
[1.815s][info][gc,cpu       ] GC(52) User=0.00s Sys=0.01s Real=0.00s
[1.837s][info][gc,start     ] GC(53) Pause Young (Allocation Failure)
[1.837s][info][gc,heap      ] GC(53) PSYoungGen: 173632K->64K(174080K)
[1.837s][info][gc,heap      ] GC(53) ParOldGen: 3262K->3291K(349696K)
[1.837s][info][gc,metaspace ] GC(53) Metaspace: 7418K->7418K(1056768K)
[1.837s][info][gc           ] GC(53) Pause Young (Allocation Failure) 172M->3M(511M) 0.383ms
[1.837s][info][gc,cpu       ] GC(53) User=0.00s Sys=0.00s Real=0.00s
[1.857s][info][gc,start     ] GC(54) Pause Young (Allocation Failure)
[1.857s][info][gc,heap      ] GC(54) PSYoungGen: 173632K->64K(174080K)
[1.857s][info][gc,heap      ] GC(54) ParOldGen: 3291K->3330K(349696K)
[1.857s][info][gc,metaspace ] GC(54) Metaspace: 7418K->7418K(1056768K)
[1.857s][info][gc           ] GC(54) Pause Young (Allocation Failure) 172M->3M(511M) 0.307ms
[1.857s][info][gc,cpu       ] GC(54) User=0.00s Sys=0.00s Real=0.00s
[1.878s][info][gc,start     ] GC(55) Pause Young (Allocation Failure)
[1.879s][info][gc,heap      ] GC(55) PSYoungGen: 173632K->64K(174080K)
[1.879s][info][gc,heap      ] GC(55) ParOldGen: 3330K->3359K(349696K)
[1.879s][info][gc,metaspace ] GC(55) Metaspace: 7418K->7418K(1056768K)
[1.879s][info][gc           ] GC(55) Pause Young (Allocation Failure) 172M->3M(511M) 0.322ms
[1.879s][info][gc,cpu       ] GC(55) User=0.00s Sys=0.00s Real=0.00s
[1.898s][info][gc,start     ] GC(56) Pause Young (Allocation Failure)
[1.899s][info][gc,heap      ] GC(56) PSYoungGen: 173632K->64K(174080K)
[1.899s][info][gc,heap      ] GC(56) ParOldGen: 3359K->3398K(349696K)
[1.899s][info][gc,metaspace ] GC(56) Metaspace: 7418K->7418K(1056768K)
[1.899s][info][gc           ] GC(56) Pause Young (Allocation Failure) 172M->3M(511M) 0.297ms
[1.899s][info][gc,cpu       ] GC(56) User=0.00s Sys=0.00s Real=0.00s
[1.918s][info][gc,start     ] GC(57) Pause Young (Allocation Failure)
[1.919s][info][gc,heap      ] GC(57) PSYoungGen: 173632K->64K(174080K)
[1.919s][info][gc,heap      ] GC(57) ParOldGen: 3398K->3428K(349696K)
[1.919s][info][gc,metaspace ] GC(57) Metaspace: 7418K->7418K(1056768K)
[1.919s][info][gc           ] GC(57) Pause Young (Allocation Failure) 172M->3M(511M) 0.402ms
[1.919s][info][gc,cpu       ] GC(57) User=0.00s Sys=0.00s Real=0.00s
[1.938s][info][gc,start     ] GC(58) Pause Young (Allocation Failure)
[1.939s][info][gc,heap      ] GC(58) PSYoungGen: 173632K->64K(174080K)
[1.939s][info][gc,heap      ] GC(58) ParOldGen: 3428K->3467K(349696K)
[1.939s][info][gc,metaspace ] GC(58) Metaspace: 7418K->7418K(1056768K)
[1.939s][info][gc           ] GC(58) Pause Young (Allocation Failure) 172M->3M(511M) 0.626ms
[1.939s][info][gc,cpu       ] GC(58) User=0.00s Sys=0.00s Real=0.00s
[1.960s][info][gc,start     ] GC(59) Pause Young (Allocation Failure)
[1.960s][info][gc,heap      ] GC(59) PSYoungGen: 173632K->64K(174080K)
[1.960s][info][gc,heap      ] GC(59) ParOldGen: 3467K->3496K(349696K)
[1.960s][info][gc,metaspace ] GC(59) Metaspace: 7418K->7418K(1056768K)
[1.960s][info][gc           ] GC(59) Pause Young (Allocation Failure) 172M->3M(511M) 0.474ms
[1.960s][info][gc,cpu       ] GC(59) User=0.00s Sys=0.00s Real=0.00s
[1.980s][info][gc,start     ] GC(60) Pause Young (Allocation Failure)
[1.980s][info][gc,heap      ] GC(60) PSYoungGen: 173632K->64K(174080K)
[1.980s][info][gc,heap      ] GC(60) ParOldGen: 3496K->3535K(349696K)
[1.980s][info][gc,metaspace ] GC(60) Metaspace: 7418K->7418K(1056768K)
[1.980s][info][gc           ] GC(60) Pause Young (Allocation Failure) 172M->3M(511M) 0.398ms
[1.980s][info][gc,cpu       ] GC(60) User=0.01s Sys=0.00s Real=0.00s
[2.002s][info][gc,start     ] GC(61) Pause Young (Allocation Failure)
[2.002s][info][gc,heap      ] GC(61) PSYoungGen: 173632K->96K(174080K)
[2.002s][info][gc,heap      ] GC(61) ParOldGen: 3535K->3565K(349696K)
[2.002s][info][gc,metaspace ] GC(61) Metaspace: 7418K->7418K(1056768K)
[2.002s][info][gc           ] GC(61) Pause Young (Allocation Failure) 173M->3M(511M) 0.620ms
[2.002s][info][gc,cpu       ] GC(61) User=0.00s Sys=0.00s Real=0.00s
[2.022s][info][gc,start     ] GC(62) Pause Young (Allocation Failure)
[2.023s][info][gc,heap      ] GC(62) PSYoungGen: 173664K->64K(174080K)
[2.023s][info][gc,heap      ] GC(62) ParOldGen: 3565K->3604K(349696K)
[2.023s][info][gc,metaspace ] GC(62) Metaspace: 7418K->7418K(1056768K)
[2.023s][info][gc           ] GC(62) Pause Young (Allocation Failure) 173M->3M(511M) 0.431ms
[2.023s][info][gc,cpu       ] GC(62) User=0.00s Sys=0.00s Real=0.00s
[2.046s][info][gc,start     ] GC(63) Pause Young (Allocation Failure)
[2.046s][info][gc,heap      ] GC(63) PSYoungGen: 173632K->64K(174080K)
[2.046s][info][gc,heap      ] GC(63) ParOldGen: 3604K->3633K(349696K)
[2.046s][info][gc,metaspace ] GC(63) Metaspace: 7418K->7418K(1056768K)
[2.046s][info][gc           ] GC(63) Pause Young (Allocation Failure) 173M->3M(511M) 0.376ms
[2.046s][info][gc,cpu       ] GC(63) User=0.00s Sys=0.00s Real=0.00s
[2.068s][info][gc,start     ] GC(64) Pause Young (Allocation Failure)
[2.068s][info][gc,heap      ] GC(64) PSYoungGen: 173632K->64K(174080K)
[2.068s][info][gc,heap      ] GC(64) ParOldGen: 3633K->3672K(349696K)
[2.068s][info][gc,metaspace ] GC(64) Metaspace: 7418K->7418K(1056768K)
[2.068s][info][gc           ] GC(64) Pause Young (Allocation Failure) 173M->3M(511M) 0.493ms
[2.069s][info][gc,cpu       ] GC(64) User=0.00s Sys=0.00s Real=0.00s
[2.089s][info][gc,start     ] GC(65) Pause Young (Allocation Failure)
[2.090s][info][gc,heap      ] GC(65) PSYoungGen: 173632K->64K(174080K)
[2.090s][info][gc,heap      ] GC(65) ParOldGen: 3672K->3711K(349696K)
[2.090s][info][gc,metaspace ] GC(65) Metaspace: 7418K->7418K(1056768K)
[2.090s][info][gc           ] GC(65) Pause Young (Allocation Failure) 173M->3M(511M) 0.624ms
[2.090s][info][gc,cpu       ] GC(65) User=0.00s Sys=0.00s Real=0.00s
[2.111s][info][gc,start     ] GC(66) Pause Young (Allocation Failure)
[2.112s][info][gc,heap      ] GC(66) PSYoungGen: 173632K->64K(174080K)
[2.112s][info][gc,heap      ] GC(66) ParOldGen: 3711K->3741K(349696K)
[2.112s][info][gc,metaspace ] GC(66) Metaspace: 7418K->7418K(1056768K)
[2.112s][info][gc           ] GC(66) Pause Young (Allocation Failure) 173M->3M(511M) 0.374ms
[2.112s][info][gc,cpu       ] GC(66) User=0.00s Sys=0.00s Real=0.00s
[2.132s][info][gc,start     ] GC(67) Pause Young (Allocation Failure)
[2.132s][info][gc,heap      ] GC(67) PSYoungGen: 173632K->64K(174080K)
[2.132s][info][gc,heap      ] GC(67) ParOldGen: 3741K->3780K(349696K)
[2.132s][info][gc,metaspace ] GC(67) Metaspace: 7418K->7418K(1056768K)
[2.132s][info][gc           ] GC(67) Pause Young (Allocation Failure) 173M->3M(511M) 0.427ms
[2.132s][info][gc,cpu       ] GC(67) User=0.00s Sys=0.01s Real=0.00s
[2.153s][info][gc,start     ] GC(68) Pause Young (Allocation Failure)
[2.153s][info][gc,heap      ] GC(68) PSYoungGen: 173632K->64K(174080K)
[2.153s][info][gc,heap      ] GC(68) ParOldGen: 3780K->3809K(349696K)
[2.153s][info][gc,metaspace ] GC(68) Metaspace: 7418K->7418K(1056768K)
[2.153s][info][gc           ] GC(68) Pause Young (Allocation Failure) 173M->3M(511M) 0.346ms
[2.153s][info][gc,cpu       ] GC(68) User=0.00s Sys=0.00s Real=0.00s
[2.173s][info][gc,start     ] GC(69) Pause Young (Allocation Failure)
[2.173s][info][gc,heap      ] GC(69) PSYoungGen: 173632K->64K(174080K)
[2.173s][info][gc,heap      ] GC(69) ParOldGen: 3809K->3848K(349696K)
[2.173s][info][gc,metaspace ] GC(69) Metaspace: 7418K->7418K(1056768K)
[2.173s][info][gc           ] GC(69) Pause Young (Allocation Failure) 173M->3M(511M) 0.333ms
[2.173s][info][gc,cpu       ] GC(69) User=0.00s Sys=0.00s Real=0.00s
[2.193s][info][gc,start     ] GC(70) Pause Young (Allocation Failure)
[2.193s][info][gc,heap      ] GC(70) PSYoungGen: 173632K->64K(174080K)
[2.193s][info][gc,heap      ] GC(70) ParOldGen: 3848K->3878K(349696K)
[2.193s][info][gc,metaspace ] GC(70) Metaspace: 7418K->7418K(1056768K)
[2.193s][info][gc           ] GC(70) Pause Young (Allocation Failure) 173M->3M(511M) 0.314ms
[2.193s][info][gc,cpu       ] GC(70) User=0.00s Sys=0.00s Real=0.00s
[2.216s][info][gc,start     ] GC(71) Pause Young (Allocation Failure)
[2.216s][info][gc,heap      ] GC(71) PSYoungGen: 173632K->64K(174080K)
[2.216s][info][gc,heap      ] GC(71) ParOldGen: 3878K->3917K(349696K)
[2.216s][info][gc,metaspace ] GC(71) Metaspace: 7418K->7418K(1056768K)
[2.216s][info][gc           ] GC(71) Pause Young (Allocation Failure) 173M->3M(511M) 0.338ms
[2.216s][info][gc,cpu       ] GC(71) User=0.00s Sys=0.00s Real=0.00s
[2.237s][info][gc,start     ] GC(72) Pause Young (Allocation Failure)
[2.238s][info][gc,heap      ] GC(72) PSYoungGen: 173632K->96K(174080K)
[2.238s][info][gc,heap      ] GC(72) ParOldGen: 3917K->3946K(349696K)
[2.238s][info][gc,metaspace ] GC(72) Metaspace: 7418K->7418K(1056768K)
[2.238s][info][gc           ] GC(72) Pause Young (Allocation Failure) 173M->3M(511M) 0.414ms
[2.238s][info][gc,cpu       ] GC(72) User=0.00s Sys=0.00s Real=0.00s
[2.257s][info][gc,start     ] GC(73) Pause Young (Allocation Failure)
[2.257s][info][gc,heap      ] GC(73) PSYoungGen: 173664K->64K(174080K)
[2.257s][info][gc,heap      ] GC(73) ParOldGen: 3946K->3985K(349696K)
[2.257s][info][gc,metaspace ] GC(73) Metaspace: 7418K->7418K(1056768K)
[2.257s][info][gc           ] GC(73) Pause Young (Allocation Failure) 173M->3M(511M) 0.422ms
[2.257s][info][gc,cpu       ] GC(73) User=0.00s Sys=0.00s Real=0.00s
[2.280s][info][gc,start     ] GC(74) Pause Young (Allocation Failure)
[2.280s][info][gc,heap      ] GC(74) PSYoungGen: 173632K->96K(174080K)
[2.280s][info][gc,heap      ] GC(74) ParOldGen: 3985K->4015K(349696K)
[2.280s][info][gc,metaspace ] GC(74) Metaspace: 7418K->7418K(1056768K)
[2.280s][info][gc           ] GC(74) Pause Young (Allocation Failure) 173M->4M(511M) 0.338ms
[2.280s][info][gc,cpu       ] GC(74) User=0.00s Sys=0.00s Real=0.00s
[2.300s][info][gc,start     ] GC(75) Pause Young (Allocation Failure)
[2.301s][info][gc,heap      ] GC(75) PSYoungGen: 173664K->64K(174080K)
[2.301s][info][gc,heap      ] GC(75) ParOldGen: 4015K->4054K(349696K)
[2.301s][info][gc,metaspace ] GC(75) Metaspace: 7418K->7418K(1056768K)
[2.301s][info][gc           ] GC(75) Pause Young (Allocation Failure) 173M->4M(511M) 0.628ms
[2.301s][info][gc,cpu       ] GC(75) User=0.00s Sys=0.00s Real=0.00s
[2.321s][info][gc,start     ] GC(76) Pause Young (Allocation Failure)
[2.321s][info][gc,heap      ] GC(76) PSYoungGen: 173632K->96K(174080K)
[2.321s][info][gc,heap      ] GC(76) ParOldGen: 4054K->4083K(349696K)
[2.321s][info][gc,metaspace ] GC(76) Metaspace: 7418K->7418K(1056768K)
[2.321s][info][gc           ] GC(76) Pause Young (Allocation Failure) 173M->4M(511M) 0.343ms
[2.321s][info][gc,cpu       ] GC(76) User=0.00s Sys=0.00s Real=0.00s
[2.342s][info][gc,start     ] GC(77) Pause Young (Allocation Failure)
[2.342s][info][gc,heap      ] GC(77) PSYoungGen: 173664K->64K(174080K)
[2.342s][info][gc,heap      ] GC(77) ParOldGen: 4083K->4122K(349696K)
[2.342s][info][gc,metaspace ] GC(77) Metaspace: 7418K->7418K(1056768K)
[2.342s][info][gc           ] GC(77) Pause Young (Allocation Failure) 173M->4M(511M) 0.490ms
[2.342s][info][gc,cpu       ] GC(77) User=0.01s Sys=0.00s Real=0.00s
[2.361s][info][gc,start     ] GC(78) Pause Young (Allocation Failure)
[2.361s][info][gc,heap      ] GC(78) PSYoungGen: 173632K->64K(174080K)
[2.361s][info][gc,heap      ] GC(78) ParOldGen: 4122K->4161K(349696K)
[2.361s][info][gc,metaspace ] GC(78) Metaspace: 7418K->7418K(1056768K)
[2.361s][info][gc           ] GC(78) Pause Young (Allocation Failure) 173M->4M(511M) 0.313ms
[2.361s][info][gc,cpu       ] GC(78) User=0.00s Sys=0.00s Real=0.00s
[2.381s][info][gc,start     ] GC(79) Pause Young (Allocation Failure)
[2.381s][info][gc,heap      ] GC(79) PSYoungGen: 173632K->64K(174080K)
[2.381s][info][gc,heap      ] GC(79) ParOldGen: 4161K->4191K(349696K)
[2.381s][info][gc,metaspace ] GC(79) Metaspace: 7418K->7418K(1056768K)
[2.381s][info][gc           ] GC(79) Pause Young (Allocation Failure) 173M->4M(511M) 0.446ms
[2.381s][info][gc,cpu       ] GC(79) User=0.00s Sys=0.00s Real=0.00s
[2.400s][info][gc,start     ] GC(80) Pause Young (Allocation Failure)
[2.400s][info][gc,heap      ] GC(80) PSYoungGen: 173632K->64K(174080K)
[2.400s][info][gc,heap      ] GC(80) ParOldGen: 4191K->4230K(349696K)
[2.400s][info][gc,metaspace ] GC(80) Metaspace: 7418K->7418K(1056768K)
[2.400s][info][gc           ] GC(80) Pause Young (Allocation Failure) 173M->4M(511M) 0.462ms
[2.400s][info][gc,cpu       ] GC(80) User=0.00s Sys=0.00s Real=0.00s
[2.421s][info][gc,start     ] GC(81) Pause Young (Allocation Failure)
[2.422s][info][gc,heap      ] GC(81) PSYoungGen: 173632K->64K(174080K)
[2.422s][info][gc,heap      ] GC(81) ParOldGen: 4230K->4259K(349696K)
[2.422s][info][gc,metaspace ] GC(81) Metaspace: 7418K->7418K(1056768K)
[2.422s][info][gc           ] GC(81) Pause Young (Allocation Failure) 173M->4M(511M) 0.344ms
[2.422s][info][gc,cpu       ] GC(81) User=0.00s Sys=0.00s Real=0.00s
[2.441s][info][gc,start     ] GC(82) Pause Young (Allocation Failure)
[2.442s][info][gc,heap      ] GC(82) PSYoungGen: 173632K->64K(174080K)
[2.442s][info][gc,heap      ] GC(82) ParOldGen: 4259K->4298K(349696K)
[2.442s][info][gc,metaspace ] GC(82) Metaspace: 7418K->7418K(1056768K)
[2.442s][info][gc           ] GC(82) Pause Young (Allocation Failure) 173M->4M(511M) 0.317ms
[2.442s][info][gc,cpu       ] GC(82) User=0.00s Sys=0.01s Real=0.00s
[2.463s][info][gc,start     ] GC(83) Pause Young (Allocation Failure)
[2.464s][info][gc,heap      ] GC(83) PSYoungGen: 173632K->64K(174080K)
[2.464s][info][gc,heap      ] GC(83) ParOldGen: 4298K->4328K(349696K)
[2.464s][info][gc,metaspace ] GC(83) Metaspace: 7418K->7418K(1056768K)
[2.464s][info][gc           ] GC(83) Pause Young (Allocation Failure) 173M->4M(511M) 0.425ms
[2.464s][info][gc,cpu       ] GC(83) User=0.00s Sys=0.00s Real=0.00s
[2.484s][info][gc,start     ] GC(84) Pause Young (Allocation Failure)
[2.484s][info][gc,heap      ] GC(84) PSYoungGen: 173632K->64K(174080K)
[2.484s][info][gc,heap      ] GC(84) ParOldGen: 4328K->4367K(349696K)
[2.484s][info][gc,metaspace ] GC(84) Metaspace: 7418K->7418K(1056768K)
[2.484s][info][gc           ] GC(84) Pause Young (Allocation Failure) 173M->4M(511M) 0.341ms
[2.484s][info][gc,cpu       ] GC(84) User=0.00s Sys=0.00s Real=0.00s
[2.509s][info][gc,start     ] GC(85) Pause Young (Allocation Failure)
[2.509s][info][gc,heap      ] GC(85) PSYoungGen: 173632K->96K(174080K)
[2.509s][info][gc,heap      ] GC(85) ParOldGen: 4367K->4396K(349696K)
[2.509s][info][gc,metaspace ] GC(85) Metaspace: 7418K->7418K(1056768K)
[2.509s][info][gc           ] GC(85) Pause Young (Allocation Failure) 173M->4M(511M) 0.342ms
[2.509s][info][gc,cpu       ] GC(85) User=0.00s Sys=0.00s Real=0.00s
[2.529s][info][gc,start     ] GC(86) Pause Young (Allocation Failure)
[2.530s][info][gc,heap      ] GC(86) PSYoungGen: 173664K->64K(174080K)
[2.530s][info][gc,heap      ] GC(86) ParOldGen: 4396K->4435K(349696K)
[2.530s][info][gc,metaspace ] GC(86) Metaspace: 7418K->7418K(1056768K)
[2.530s][info][gc           ] GC(86) Pause Young (Allocation Failure) 173M->4M(511M) 0.353ms
[2.530s][info][gc,cpu       ] GC(86) User=0.00s Sys=0.00s Real=0.00s
[2.553s][info][gc,start     ] GC(87) Pause Young (Allocation Failure)
[2.554s][info][gc,heap      ] GC(87) PSYoungGen: 173632K->64K(174080K)
[2.554s][info][gc,heap      ] GC(87) ParOldGen: 4435K->4465K(349696K)
[2.554s][info][gc,metaspace ] GC(87) Metaspace: 7418K->7418K(1056768K)
[2.554s][info][gc           ] GC(87) Pause Young (Allocation Failure) 173M->4M(511M) 0.489ms
[2.554s][info][gc,cpu       ] GC(87) User=0.00s Sys=0.00s Real=0.00s
[2.577s][info][gc,start     ] GC(88) Pause Young (Allocation Failure)
[2.577s][info][gc,heap      ] GC(88) PSYoungGen: 173632K->64K(174080K)
[2.577s][info][gc,heap      ] GC(88) ParOldGen: 4465K->4504K(349696K)
[2.577s][info][gc,metaspace ] GC(88) Metaspace: 7418K->7418K(1056768K)
[2.577s][info][gc           ] GC(88) Pause Young (Allocation Failure) 173M->4M(511M) 0.458ms
[2.577s][info][gc,cpu       ] GC(88) User=0.00s Sys=0.00s Real=0.00s
[2.609s][info][gc,start     ] GC(89) Pause Young (Allocation Failure)
[2.609s][info][gc,heap      ] GC(89) PSYoungGen: 173632K->96K(174080K)
[2.609s][info][gc,heap      ] GC(89) ParOldGen: 4504K->4533K(349696K)
[2.609s][info][gc,metaspace ] GC(89) Metaspace: 7418K->7418K(1056768K)
[2.609s][info][gc           ] GC(89) Pause Young (Allocation Failure) 173M->4M(511M) 0.320ms
[2.609s][info][gc,cpu       ] GC(89) User=0.00s Sys=0.00s Real=0.00s
[2.634s][info][gc,start     ] GC(90) Pause Young (Allocation Failure)
[2.634s][info][gc,heap      ] GC(90) PSYoungGen: 173664K->96K(174080K)
[2.634s][info][gc,heap      ] GC(90) ParOldGen: 4533K->4572K(349696K)
[2.634s][info][gc,metaspace ] GC(90) Metaspace: 7418K->7418K(1056768K)
[2.634s][info][gc           ] GC(90) Pause Young (Allocation Failure) 174M->4M(511M) 0.391ms
[2.634s][info][gc,cpu       ] GC(90) User=0.00s Sys=0.00s Real=0.00s
[2.654s][info][gc,start     ] GC(91) Pause Young (Allocation Failure)
[2.655s][info][gc,heap      ] GC(91) PSYoungGen: 173664K->64K(174080K)
[2.655s][info][gc,heap      ] GC(91) ParOldGen: 4572K->4611K(349696K)
[2.655s][info][gc,metaspace ] GC(91) Metaspace: 7418K->7418K(1056768K)
[2.655s][info][gc           ] GC(91) Pause Young (Allocation Failure) 174M->4M(511M) 0.386ms
[2.655s][info][gc,cpu       ] GC(91) User=0.00s Sys=0.00s Real=0.00s
[2.677s][info][gc,start     ] GC(92) Pause Young (Allocation Failure)
[2.677s][info][gc,heap      ] GC(92) PSYoungGen: 173632K->64K(174080K)
[2.677s][info][gc,heap      ] GC(92) ParOldGen: 4611K->4641K(349696K)
[2.677s][info][gc,metaspace ] GC(92) Metaspace: 7418K->7418K(1056768K)
[2.677s][info][gc           ] GC(92) Pause Young (Allocation Failure) 174M->4M(511M) 0.654ms
[2.677s][info][gc,cpu       ] GC(92) User=0.00s Sys=0.00s Real=0.00s
[2.697s][info][gc,start     ] GC(93) Pause Young (Allocation Failure)
[2.697s][info][gc,heap      ] GC(93) PSYoungGen: 173632K->64K(174080K)
[2.697s][info][gc,heap      ] GC(93) ParOldGen: 4641K->4680K(349696K)
[2.697s][info][gc,metaspace ] GC(93) Metaspace: 7418K->7418K(1056768K)
[2.697s][info][gc           ] GC(93) Pause Young (Allocation Failure) 174M->4M(511M) 0.375ms
[2.697s][info][gc,cpu       ] GC(93) User=0.00s Sys=0.00s Real=0.00s
[2.720s][info][gc,start     ] GC(94) Pause Young (Allocation Failure)
[2.720s][info][gc,heap      ] GC(94) PSYoungGen: 173632K->96K(174080K)
[2.720s][info][gc,heap      ] GC(94) ParOldGen: 4680K->4709K(349696K)
[2.720s][info][gc,metaspace ] GC(94) Metaspace: 7418K->7418K(1056768K)
[2.721s][info][gc           ] GC(94) Pause Young (Allocation Failure) 174M->4M(511M) 0.375ms
[2.721s][info][gc,cpu       ] GC(94) User=0.00s Sys=0.00s Real=0.00s
[2.745s][info][gc,start     ] GC(95) Pause Young (Allocation Failure)
[2.745s][info][gc,heap      ] GC(95) PSYoungGen: 173664K->64K(174080K)
[2.745s][info][gc,heap      ] GC(95) ParOldGen: 4709K->4748K(349696K)
[2.745s][info][gc,metaspace ] GC(95) Metaspace: 7418K->7418K(1056768K)
[2.745s][info][gc           ] GC(95) Pause Young (Allocation Failure) 174M->4M(511M) 0.372ms
[2.745s][info][gc,cpu       ] GC(95) User=0.00s Sys=0.00s Real=0.01s
[2.769s][info][gc,start     ] GC(96) Pause Young (Allocation Failure)
[2.769s][info][gc,heap      ] GC(96) PSYoungGen: 173632K->64K(174080K)
[2.769s][info][gc,heap      ] GC(96) ParOldGen: 4748K->4778K(349696K)
[2.769s][info][gc,metaspace ] GC(96) Metaspace: 7418K->7418K(1056768K)
[2.769s][info][gc           ] GC(96) Pause Young (Allocation Failure) 174M->4M(511M) 0.319ms
[2.769s][info][gc,cpu       ] GC(96) User=0.00s Sys=0.00s Real=0.00s
[2.788s][info][gc,start     ] GC(97) Pause Young (Allocation Failure)
[2.788s][info][gc,heap      ] GC(97) PSYoungGen: 173632K->64K(174080K)
[2.788s][info][gc,heap      ] GC(97) ParOldGen: 4778K->4817K(349696K)
[2.788s][info][gc,metaspace ] GC(97) Metaspace: 7418K->7418K(1056768K)
[2.789s][info][gc           ] GC(97) Pause Young (Allocation Failure) 174M->4M(511M) 0.325ms
[2.789s][info][gc,cpu       ] GC(97) User=0.00s Sys=0.00s Real=0.00s
[2.809s][info][gc,start     ] GC(98) Pause Young (Allocation Failure)
[2.810s][info][gc,heap      ] GC(98) PSYoungGen: 173632K->96K(174080K)
[2.810s][info][gc,heap      ] GC(98) ParOldGen: 4817K->4846K(349696K)
[2.810s][info][gc,metaspace ] GC(98) Metaspace: 7418K->7418K(1056768K)
[2.810s][info][gc           ] GC(98) Pause Young (Allocation Failure) 174M->4M(511M) 0.448ms
[2.810s][info][gc,cpu       ] GC(98) User=0.00s Sys=0.00s Real=0.00s
[2.835s][info][gc,start     ] GC(99) Pause Young (Allocation Failure)
[2.836s][info][gc,heap      ] GC(99) PSYoungGen: 173664K->256K(174080K)
[2.836s][info][gc,heap      ] GC(99) ParOldGen: 4846K->4885K(349696K)
[2.836s][info][gc,metaspace ] GC(99) Metaspace: 7625K->7625K(1056768K)
[2.836s][info][gc           ] GC(99) Pause Young (Allocation Failure) 174M->5M(511M) 0.600ms
[2.836s][info][gc,cpu       ] GC(99) User=0.01s Sys=0.00s Real=0.01s
[2.864s][info][gc,start     ] GC(100) Pause Young (Allocation Failure)
[2.865s][info][gc,heap      ] GC(100) PSYoungGen: 173824K->288K(174080K)
[2.865s][info][gc,heap      ] GC(100) ParOldGen: 4885K->4987K(349696K)
[2.865s][info][gc,metaspace ] GC(100) Metaspace: 7960K->7960K(1056768K)
[2.865s][info][gc           ] GC(100) Pause Young (Allocation Failure) 174M->5M(511M) 1.170ms
[2.865s][info][gc,cpu       ] GC(100) User=0.00s Sys=0.00s Real=0.00s
[2.900s][info][gc,start     ] GC(101) Pause Young (Allocation Failure)
[2.900s][info][gc,heap      ] GC(101) PSYoungGen: 173856K->256K(174080K)
[2.901s][info][gc,heap      ] GC(101) ParOldGen: 4987K->5170K(349696K)
[2.901s][info][gc,metaspace ] GC(101) Metaspace: 8822K->8822K(1056768K)
[2.901s][info][gc           ] GC(101) Pause Young (Allocation Failure) 174M->5M(511M) 0.998ms
[2.901s][info][gc,cpu       ] GC(101) User=0.01s Sys=0.00s Real=0.00s
[2.934s][info][gc,start     ] GC(102) Pause Young (Allocation Failure)
[2.935s][info][gc,heap      ] GC(102) PSYoungGen: 173824K->288K(174080K)
[2.935s][info][gc,heap      ] GC(102) ParOldGen: 5170K->5287K(349696K)
[2.935s][info][gc,metaspace ] GC(102) Metaspace: 9520K->9520K(1058816K)
[2.935s][info][gc           ] GC(102) Pause Young (Allocation Failure) 174M->5M(511M) 1.029ms
[2.935s][info][gc,cpu       ] GC(102) User=0.01s Sys=0.00s Real=0.01s
[2.957s][info][gc,start     ] GC(103) Pause Young (Allocation Failure)
[2.957s][info][gc,heap      ] GC(103) PSYoungGen: 173856K->320K(174080K)
[2.957s][info][gc,heap      ] GC(103) ParOldGen: 5287K->5454K(349696K)
[2.957s][info][gc,metaspace ] GC(103) Metaspace: 9735K->9735K(1058816K)
[2.957s][info][gc           ] GC(103) Pause Young (Allocation Failure) 174M->5M(511M) 0.946ms
[2.958s][info][gc,cpu       ] GC(103) User=0.00s Sys=0.00s Real=0.00s
[2.992s][info][gc,start     ] GC(104) Pause Young (Allocation Failure)
[2.993s][info][gc,heap      ] GC(104) PSYoungGen: 173888K->256K(174080K)
[2.993s][info][gc,heap      ] GC(104) ParOldGen: 5454K->5579K(349696K)
[2.993s][info][gc,metaspace ] GC(104) Metaspace: 9980K->9980K(1058816K)
[2.993s][info][gc           ] GC(104) Pause Young (Allocation Failure) 175M->5M(511M) 0.732ms
[2.993s][info][gc,cpu       ] GC(104) User=0.01s Sys=0.00s Real=0.00s
[3.024s][info][gc,start     ] GC(105) Pause Young (Allocation Failure)
[3.025s][info][gc,heap      ] GC(105) PSYoungGen: 173824K->288K(174080K)
[3.025s][info][gc,heap      ] GC(105) ParOldGen: 5579K->5779K(349696K)
[3.025s][info][gc,metaspace ] GC(105) Metaspace: 10487K->10487K(1058816K)
[3.025s][info][gc           ] GC(105) Pause Young (Allocation Failure) 175M->5M(511M) 1.016ms
[3.025s][info][gc,cpu       ] GC(105) User=0.00s Sys=0.00s Real=0.00s
[3.053s][info][gc,start     ] GC(106) Pause Young (Allocation Failure)
[3.054s][info][gc,heap      ] GC(106) PSYoungGen: 173856K->320K(174080K)
[3.054s][info][gc,heap      ] GC(106) ParOldGen: 5779K->5928K(349696K)
[3.054s][info][gc,metaspace ] GC(106) Metaspace: 10818K->10818K(1058816K)
[3.054s][info][gc           ] GC(106) Pause Young (Allocation Failure) 175M->6M(511M) 0.694ms
[3.054s][info][gc,cpu       ] GC(106) User=0.00s Sys=0.00s Real=0.00s
[3.088s][info][gc,start     ] GC(107) Pause Young (Allocation Failure)
[3.089s][info][gc,heap      ] GC(107) PSYoungGen: 173888K->320K(174080K)
[3.089s][info][gc,heap      ] GC(107) ParOldGen: 5928K->6135K(349696K)
[3.089s][info][gc,metaspace ] GC(107) Metaspace: 11551K->11551K(1060864K)
[3.089s][info][gc           ] GC(107) Pause Young (Allocation Failure) 175M->6M(511M) 1.160ms
[3.089s][info][gc,cpu       ] GC(107) User=0.01s Sys=0.00s Real=0.00s
[3.120s][info][gc,start     ] GC(108) Pause Young (Allocation Failure)
[3.121s][info][gc,heap      ] GC(108) PSYoungGen: 173888K->256K(174080K)
[3.121s][info][gc,heap      ] GC(108) ParOldGen: 6135K->6350K(349696K)
[3.121s][info][gc,metaspace ] GC(108) Metaspace: 12065K->12065K(1060864K)
[3.121s][info][gc           ] GC(108) Pause Young (Allocation Failure) 175M->6M(511M) 0.906ms
[3.121s][info][gc,cpu       ] GC(108) User=0.00s Sys=0.00s Real=0.00s
[3.154s][info][gc,start     ] GC(109) Pause Young (Allocation Failure)
[3.155s][info][gc,heap      ] GC(109) PSYoungGen: 173824K->256K(174080K)
[3.155s][info][gc,heap      ] GC(109) ParOldGen: 6350K->6452K(349696K)
[3.155s][info][gc,metaspace ] GC(109) Metaspace: 12277K->12277K(1060864K)
[3.155s][info][gc           ] GC(109) Pause Young (Allocation Failure) 175M->6M(511M) 0.725ms
[3.155s][info][gc,cpu       ] GC(109) User=0.00s Sys=0.00s Real=0.00s
[3.189s][info][gc,start     ] GC(110) Pause Young (Allocation Failure)
[3.190s][info][gc,heap      ] GC(110) PSYoungGen: 173824K->320K(174080K)
[3.190s][info][gc,heap      ] GC(110) ParOldGen: 6452K->6627K(349696K)
[3.190s][info][gc,metaspace ] GC(110) Metaspace: 12663K->12663K(1060864K)
[3.190s][info][gc           ] GC(110) Pause Young (Allocation Failure) 176M->6M(511M) 0.788ms
[3.190s][info][gc,cpu       ] GC(110) User=0.01s Sys=0.01s Real=0.00s
[3.223s][info][gc,start     ] GC(111) Pause Young (Allocation Failure)
[3.224s][info][gc,heap      ] GC(111) PSYoungGen: 173888K->256K(174080K)
[3.224s][info][gc,heap      ] GC(111) ParOldGen: 6627K->6760K(349696K)
[3.224s][info][gc,metaspace ] GC(111) Metaspace: 12902K->12902K(1060864K)
[3.224s][info][gc           ] GC(111) Pause Young (Allocation Failure) 176M->6M(511M) 0.904ms
[3.224s][info][gc,cpu       ] GC(111) User=0.00s Sys=0.00s Real=0.00s
[3.252s][info][gc,start     ] GC(112) Pause Young (Allocation Failure)
[3.253s][info][gc,heap      ] GC(112) PSYoungGen: 173824K->304K(174080K)
[3.254s][info][gc,heap      ] GC(112) ParOldGen: 6760K->6951K(349696K)
[3.254s][info][gc,metaspace ] GC(112) Metaspace: 13024K->13024K(1060864K)
[3.254s][info][gc           ] GC(112) Pause Young (Allocation Failure) 176M->7M(511M) 1.156ms
[3.254s][info][gc,cpu       ] GC(112) User=0.01s Sys=0.00s Real=0.00s
[3.291s][info][gc,start     ] GC(113) Pause Young (Allocation Failure)
[3.292s][info][gc,heap      ] GC(113) PSYoungGen: 173872K->224K(174080K)
[3.292s][info][gc,heap      ] GC(113) ParOldGen: 6951K->7101K(349696K)
[3.292s][info][gc,metaspace ] GC(113) Metaspace: 13108K->13108K(1060864K)
[3.292s][info][gc           ] GC(113) Pause Young (Allocation Failure) 176M->7M(511M) 0.837ms
[3.292s][info][gc,cpu       ] GC(113) User=0.00s Sys=0.00s Real=0.00s
[3.318s][info][gc,start     ] GC(114) Pause Young (Allocation Failure)
[3.319s][info][gc,heap      ] GC(114) PSYoungGen: 173792K->96K(174080K)
[3.319s][info][gc,heap      ] GC(114) ParOldGen: 7101K->7204K(349696K)
[3.319s][info][gc,metaspace ] GC(114) Metaspace: 13114K->13114K(1060864K)
[3.319s][info][gc           ] GC(114) Pause Young (Allocation Failure) 176M->7M(511M) 0.695ms
[3.319s][info][gc,cpu       ] GC(114) User=0.00s Sys=0.00s Real=0.00s
[3.342s][info][gc,start     ] GC(115) Pause Young (Allocation Failure)
[3.342s][info][gc,heap      ] GC(115) PSYoungGen: 173664K->96K(174080K)
[3.342s][info][gc,heap      ] GC(115) ParOldGen: 7204K->7241K(349696K)
[3.342s][info][gc,metaspace ] GC(115) Metaspace: 13114K->13114K(1060864K)
[3.342s][info][gc           ] GC(115) Pause Young (Allocation Failure) 176M->7M(511M) 0.615ms
[3.342s][info][gc,cpu       ] GC(115) User=0.00s Sys=0.00s Real=0.00s
[3.363s][info][gc,start     ] GC(116) Pause Young (Allocation Failure)
[3.364s][info][gc,heap      ] GC(116) PSYoungGen: 173664K->192K(174080K)
[3.364s][info][gc,heap      ] GC(116) ParOldGen: 7241K->7288K(349696K)
[3.364s][info][gc,metaspace ] GC(116) Metaspace: 13142K->13142K(1060864K)
[3.364s][info][gc           ] GC(116) Pause Young (Allocation Failure) 176M->7M(511M) 0.661ms
[3.364s][info][gc,cpu       ] GC(116) User=0.00s Sys=0.00s Real=0.00s
[3.385s][info][gc,start     ] GC(117) Pause Young (Allocation Failure)
[3.385s][info][gc,heap      ] GC(117) PSYoungGen: 173760K->64K(174080K)
[3.385s][info][gc,heap      ] GC(117) ParOldGen: 7288K->7365K(349696K)
[3.385s][info][gc,metaspace ] GC(117) Metaspace: 13142K->13142K(1060864K)
[3.385s][info][gc           ] GC(117) Pause Young (Allocation Failure) 176M->7M(511M) 0.506ms
[3.385s][info][gc,cpu       ] GC(117) User=0.00s Sys=0.00s Real=0.01s
[3.405s][info][gc,start     ] GC(118) Pause Young (Allocation Failure)
[3.405s][info][gc,heap      ] GC(118) PSYoungGen: 173632K->64K(174080K)
[3.405s][info][gc,heap      ] GC(118) ParOldGen: 7365K->7405K(349696K)
[3.405s][info][gc,metaspace ] GC(118) Metaspace: 13142K->13142K(1060864K)
[3.405s][info][gc           ] GC(118) Pause Young (Allocation Failure) 176M->7M(511M) 0.466ms
[3.405s][info][gc,cpu       ] GC(118) User=0.00s Sys=0.00s Real=0.01s
[3.425s][info][gc,start     ] GC(119) Pause Young (Allocation Failure)
[3.426s][info][gc,heap      ] GC(119) PSYoungGen: 173632K->96K(174080K)
[3.426s][info][gc,heap      ] GC(119) ParOldGen: 7405K->7434K(349696K)
[3.426s][info][gc,metaspace ] GC(119) Metaspace: 13142K->13142K(1060864K)
[3.426s][info][gc           ] GC(119) Pause Young (Allocation Failure) 176M->7M(511M) 0.454ms
[3.426s][info][gc,cpu       ] GC(119) User=0.00s Sys=0.00s Real=0.00s
[3.445s][info][gc,start     ] GC(120) Pause Young (Allocation Failure)
[3.445s][info][gc,heap      ] GC(120) PSYoungGen: 173664K->64K(174080K)
[3.445s][info][gc,heap      ] GC(120) ParOldGen: 7434K->7473K(349696K)
[3.445s][info][gc,metaspace ] GC(120) Metaspace: 13142K->13142K(1060864K)
[3.445s][info][gc           ] GC(120) Pause Young (Allocation Failure) 176M->7M(511M) 0.443ms
[3.445s][info][gc,cpu       ] GC(120) User=0.00s Sys=0.00s Real=0.00s
[3.468s][info][gc,start     ] GC(121) Pause Young (Allocation Failure)
[3.469s][info][gc,heap      ] GC(121) PSYoungGen: 173632K->64K(174080K)
[3.469s][info][gc,heap      ] GC(121) ParOldGen: 7473K->7502K(349696K)
[3.469s][info][gc,metaspace ] GC(121) Metaspace: 13144K->13144K(1060864K)
[3.469s][info][gc           ] GC(121) Pause Young (Allocation Failure) 176M->7M(511M) 0.728ms
[3.469s][info][gc,cpu       ] GC(121) User=0.01s Sys=0.00s Real=0.00s
[3.494s][info][gc,start     ] GC(122) Pause Young (Allocation Failure)
[3.494s][info][gc,heap      ] GC(122) PSYoungGen: 173632K->64K(174080K)
[3.495s][info][gc,heap      ] GC(122) ParOldGen: 7502K->7542K(349696K)
[3.495s][info][gc,metaspace ] GC(122) Metaspace: 13144K->13144K(1060864K)
[3.495s][info][gc           ] GC(122) Pause Young (Allocation Failure) 176M->7M(511M) 0.990ms
[3.495s][info][gc,cpu       ] GC(122) User=0.00s Sys=0.00s Real=0.00s
[3.522s][info][gc,start     ] GC(123) Pause Young (Allocation Failure)
[3.522s][info][gc,heap      ] GC(123) PSYoungGen: 173632K->96K(174080K)
[3.522s][info][gc,heap      ] GC(123) ParOldGen: 7542K->7571K(349696K)
[3.522s][info][gc,metaspace ] GC(123) Metaspace: 13144K->13144K(1060864K)
[3.522s][info][gc           ] GC(123) Pause Young (Allocation Failure) 176M->7M(511M) 0.707ms
[3.522s][info][gc,cpu       ] GC(123) User=0.00s Sys=0.00s Real=0.00s
[3.554s][info][gc,start     ] GC(124) Pause Young (Allocation Failure)
[3.554s][info][gc,heap      ] GC(124) PSYoungGen: 173664K->64K(174080K)
[3.554s][info][gc,heap      ] GC(124) ParOldGen: 7571K->7610K(349696K)
[3.554s][info][gc,metaspace ] GC(124) Metaspace: 13144K->13144K(1060864K)
[3.554s][info][gc           ] GC(124) Pause Young (Allocation Failure) 176M->7M(511M) 0.474ms
[3.554s][info][gc,cpu       ] GC(124) User=0.00s Sys=0.00s Real=0.00s
[3.586s][info][gc,start     ] GC(125) Pause Young (Allocation Failure)
[3.586s][info][gc,heap      ] GC(125) PSYoungGen: 173632K->128K(174080K)
[3.586s][info][gc,heap      ] GC(125) ParOldGen: 7610K->7639K(349696K)
[3.586s][info][gc,metaspace ] GC(125) Metaspace: 13144K->13144K(1060864K)
[3.586s][info][gc           ] GC(125) Pause Young (Allocation Failure) 176M->7M(511M) 0.421ms
[3.586s][info][gc,cpu       ] GC(125) User=0.00s Sys=0.01s Real=0.00s
[3.609s][info][gc,start     ] GC(126) Pause Young (Allocation Failure)
[3.610s][info][gc,heap      ] GC(126) PSYoungGen: 173696K->64K(174080K)
[3.610s][info][gc,heap      ] GC(126) ParOldGen: 7639K->7678K(349696K)
[3.610s][info][gc,metaspace ] GC(126) Metaspace: 13144K->13144K(1060864K)
[3.610s][info][gc           ] GC(126) Pause Young (Allocation Failure) 177M->7M(511M) 0.643ms
[3.610s][info][gc,cpu       ] GC(126) User=0.00s Sys=0.00s Real=0.00s
[3.642s][info][gc,start     ] GC(127) Pause Young (Allocation Failure)
[3.643s][info][gc,heap      ] GC(127) PSYoungGen: 173632K->64K(174080K)
[3.643s][info][gc,heap      ] GC(127) ParOldGen: 7678K->7718K(349696K)
[3.643s][info][gc,metaspace ] GC(127) Metaspace: 13144K->13144K(1060864K)
[3.643s][info][gc           ] GC(127) Pause Young (Allocation Failure) 177M->7M(511M) 0.549ms
[3.643s][info][gc,cpu       ] GC(127) User=0.00s Sys=0.00s Real=0.00s
[3.674s][info][gc,start     ] GC(128) Pause Young (Allocation Failure)
[3.674s][info][gc,heap      ] GC(128) PSYoungGen: 173632K->96K(174080K)
[3.674s][info][gc,heap      ] GC(128) ParOldGen: 7718K->7747K(349696K)
[3.674s][info][gc,metaspace ] GC(128) Metaspace: 13144K->13144K(1060864K)
[3.674s][info][gc           ] GC(128) Pause Young (Allocation Failure) 177M->7M(511M) 0.464ms
[3.674s][info][gc,cpu       ] GC(128) User=0.00s Sys=0.00s Real=0.00s
[3.699s][info][gc,start     ] GC(129) Pause Young (Allocation Failure)
[3.700s][info][gc,heap      ] GC(129) PSYoungGen: 173664K->64K(174080K)
[3.700s][info][gc,heap      ] GC(129) ParOldGen: 7747K->7786K(349696K)
[3.700s][info][gc,metaspace ] GC(129) Metaspace: 13144K->13144K(1060864K)
[3.700s][info][gc           ] GC(129) Pause Young (Allocation Failure) 177M->7M(511M) 0.475ms
[3.700s][info][gc,cpu       ] GC(129) User=0.00s Sys=0.00s Real=0.00s
[3.728s][info][gc,start     ] GC(130) Pause Young (Allocation Failure)
[3.729s][info][gc,heap      ] GC(130) PSYoungGen: 173632K->96K(174080K)
[3.729s][info][gc,heap      ] GC(130) ParOldGen: 7786K->7815K(349696K)
[3.729s][info][gc,metaspace ] GC(130) Metaspace: 13144K->13144K(1060864K)
[3.729s][info][gc           ] GC(130) Pause Young (Allocation Failure) 177M->7M(511M) 0.722ms
[3.729s][info][gc,cpu       ] GC(130) User=0.00s Sys=0.00s Real=0.00s
[3.760s][info][gc,start     ] GC(131) Pause Young (Allocation Failure)
[3.760s][info][gc,heap      ] GC(131) PSYoungGen: 173664K->64K(174080K)
[3.760s][info][gc,heap      ] GC(131) ParOldGen: 7815K->7855K(349696K)
[3.760s][info][gc,metaspace ] GC(131) Metaspace: 13144K->13144K(1060864K)
[3.760s][info][gc           ] GC(131) Pause Young (Allocation Failure) 177M->7M(511M) 0.590ms
[3.760s][info][gc,cpu       ] GC(131) User=0.00s Sys=0.00s Real=0.00s
[3.790s][info][gc,start     ] GC(132) Pause Young (Allocation Failure)
[3.791s][info][gc,heap      ] GC(132) PSYoungGen: 173632K->64K(174080K)
[3.791s][info][gc,heap      ] GC(132) ParOldGen: 7855K->7884K(349696K)
[3.791s][info][gc,metaspace ] GC(132) Metaspace: 13144K->13144K(1060864K)
[3.791s][info][gc           ] GC(132) Pause Young (Allocation Failure) 177M->7M(511M) 0.659ms
[3.791s][info][gc,cpu       ] GC(132) User=0.00s Sys=0.00s Real=0.00s
[3.816s][info][gc,start     ] GC(133) Pause Young (Allocation Failure)
[3.816s][info][gc,heap      ] GC(133) PSYoungGen: 173632K->64K(174080K)
[3.816s][info][gc,heap      ] GC(133) ParOldGen: 7884K->7923K(349696K)
[3.816s][info][gc,metaspace ] GC(133) Metaspace: 13144K->13144K(1060864K)
[3.816s][info][gc           ] GC(133) Pause Young (Allocation Failure) 177M->7M(511M) 0.720ms
[3.816s][info][gc,cpu       ] GC(133) User=0.00s Sys=0.00s Real=0.00s
[3.848s][info][gc,start     ] GC(134) Pause Young (Allocation Failure)
[3.848s][info][gc,heap      ] GC(134) PSYoungGen: 173632K->96K(174080K)
[3.848s][info][gc,heap      ] GC(134) ParOldGen: 7923K->7952K(349696K)
[3.848s][info][gc,metaspace ] GC(134) Metaspace: 13144K->13144K(1060864K)
[3.848s][info][gc           ] GC(134) Pause Young (Allocation Failure) 177M->7M(511M) 0.518ms
[3.848s][info][gc,cpu       ] GC(134) User=0.00s Sys=0.00s Real=0.00s
[3.868s][info][gc,start     ] GC(135) Pause Young (Allocation Failure)
[3.868s][info][gc,heap      ] GC(135) PSYoungGen: 173664K->64K(174080K)
[3.868s][info][gc,heap      ] GC(135) ParOldGen: 7952K->7991K(349696K)
[3.868s][info][gc,metaspace ] GC(135) Metaspace: 13144K->13144K(1060864K)
[3.868s][info][gc           ] GC(135) Pause Young (Allocation Failure) 177M->7M(511M) 0.375ms
[3.868s][info][gc,cpu       ] GC(135) User=0.00s Sys=0.00s Real=0.00s
[3.888s][info][gc,start     ] GC(136) Pause Young (Allocation Failure)
[3.889s][info][gc,heap      ] GC(136) PSYoungGen: 173632K->96K(174080K)
[3.889s][info][gc,heap      ] GC(136) ParOldGen: 7991K->8021K(349696K)
[3.889s][info][gc,metaspace ] GC(136) Metaspace: 13144K->13144K(1060864K)
[3.889s][info][gc           ] GC(136) Pause Young (Allocation Failure) 177M->7M(511M) 0.477ms
[3.889s][info][gc,cpu       ] GC(136) User=0.00s Sys=0.00s Real=0.00s
[3.909s][info][gc,start     ] GC(137) Pause Young (Allocation Failure)
[3.910s][info][gc,heap      ] GC(137) PSYoungGen: 173664K->64K(174080K)
[3.910s][info][gc,heap      ] GC(137) ParOldGen: 8021K->8060K(349696K)
[3.910s][info][gc,metaspace ] GC(137) Metaspace: 13144K->13144K(1060864K)
[3.910s][info][gc           ] GC(137) Pause Young (Allocation Failure) 177M->7M(511M) 0.577ms
[3.910s][info][gc,cpu       ] GC(137) User=0.00s Sys=0.00s Real=0.00s
[3.931s][info][gc,start     ] GC(138) Pause Young (Allocation Failure)
[3.931s][info][gc,heap      ] GC(138) PSYoungGen: 173632K->96K(174080K)
[3.931s][info][gc,heap      ] GC(138) ParOldGen: 8060K->8089K(349696K)
[3.931s][info][gc,metaspace ] GC(138) Metaspace: 13144K->13144K(1060864K)
[3.931s][info][gc           ] GC(138) Pause Young (Allocation Failure) 177M->7M(511M) 0.367ms
[3.931s][info][gc,cpu       ] GC(138) User=0.00s Sys=0.00s Real=0.00s
[3.951s][info][gc,start     ] GC(139) Pause Young (Allocation Failure)
[3.952s][info][gc,heap      ] GC(139) PSYoungGen: 173664K->64K(174080K)
[3.952s][info][gc,heap      ] GC(139) ParOldGen: 8089K->8128K(349696K)
[3.952s][info][gc,metaspace ] GC(139) Metaspace: 13144K->13144K(1060864K)
[3.952s][info][gc           ] GC(139) Pause Young (Allocation Failure) 177M->8M(511M) 0.403ms
[3.952s][info][gc,cpu       ] GC(139) User=0.00s Sys=0.01s Real=0.00s
[3.972s][info][gc,start     ] GC(140) Pause Young (Allocation Failure)
[3.972s][info][gc,heap      ] GC(140) PSYoungGen: 173632K->64K(174080K)
[3.972s][info][gc,heap      ] GC(140) ParOldGen: 8128K->8168K(349696K)
[3.972s][info][gc,metaspace ] GC(140) Metaspace: 13144K->13144K(1060864K)
[3.972s][info][gc           ] GC(140) Pause Young (Allocation Failure) 177M->8M(511M) 0.349ms
[3.972s][info][gc,cpu       ] GC(140) User=0.00s Sys=0.00s Real=0.00s
[3.994s][info][gc,start     ] GC(141) Pause Young (Allocation Failure)
[3.994s][info][gc,heap      ] GC(141) PSYoungGen: 173632K->64K(174080K)
[3.994s][info][gc,heap      ] GC(141) ParOldGen: 8168K->8197K(349696K)
[3.994s][info][gc,metaspace ] GC(141) Metaspace: 13144K->13144K(1060864K)
[3.994s][info][gc           ] GC(141) Pause Young (Allocation Failure) 177M->8M(511M) 0.444ms
[3.994s][info][gc,cpu       ] GC(141) User=0.00s Sys=0.00s Real=0.00s
[4.014s][info][gc,start     ] GC(142) Pause Young (Allocation Failure)
[4.014s][info][gc,heap      ] GC(142) PSYoungGen: 173632K->64K(174080K)
[4.014s][info][gc,heap      ] GC(142) ParOldGen: 8197K->8236K(349696K)
[4.014s][info][gc,metaspace ] GC(142) Metaspace: 13144K->13144K(1060864K)
[4.014s][info][gc           ] GC(142) Pause Young (Allocation Failure) 177M->8M(511M) 0.431ms
[4.014s][info][gc,cpu       ] GC(142) User=0.00s Sys=0.00s Real=0.00s
[4.034s][info][gc,start     ] GC(143) Pause Young (Allocation Failure)
[4.035s][info][gc,heap      ] GC(143) PSYoungGen: 173632K->64K(174080K)
[4.035s][info][gc,heap      ] GC(143) ParOldGen: 8236K->8265K(349696K)
[4.035s][info][gc,metaspace ] GC(143) Metaspace: 13144K->13144K(1060864K)
[4.035s][info][gc           ] GC(143) Pause Young (Allocation Failure) 177M->8M(511M) 0.474ms
[4.035s][info][gc,cpu       ] GC(143) User=0.01s Sys=0.00s Real=0.00s
[4.053s][info][gc,start     ] GC(144) Pause Young (Allocation Failure)
[4.053s][info][gc,heap      ] GC(144) PSYoungGen: 173632K->64K(174080K)
[4.053s][info][gc,heap      ] GC(144) ParOldGen: 8265K->8304K(349696K)
[4.053s][info][gc,metaspace ] GC(144) Metaspace: 13144K->13144K(1060864K)
[4.053s][info][gc           ] GC(144) Pause Young (Allocation Failure) 177M->8M(511M) 0.374ms
[4.053s][info][gc,cpu       ] GC(144) User=0.00s Sys=0.00s Real=0.00s
[4.073s][info][gc,start     ] GC(145) Pause Young (Allocation Failure)
[4.074s][info][gc,heap      ] GC(145) PSYoungGen: 173632K->64K(174080K)
[4.074s][info][gc,heap      ] GC(145) ParOldGen: 8304K->8334K(349696K)
[4.074s][info][gc,metaspace ] GC(145) Metaspace: 13144K->13144K(1060864K)
[4.074s][info][gc           ] GC(145) Pause Young (Allocation Failure) 177M->8M(511M) 0.513ms
[4.074s][info][gc,cpu       ] GC(145) User=0.00s Sys=0.00s Real=0.00s
[4.093s][info][gc,start     ] GC(146) Pause Young (Allocation Failure)
[4.094s][info][gc,heap      ] GC(146) PSYoungGen: 173632K->64K(174080K)
[4.094s][info][gc,heap      ] GC(146) ParOldGen: 8334K->8373K(349696K)
[4.094s][info][gc,metaspace ] GC(146) Metaspace: 13144K->13144K(1060864K)
[4.094s][info][gc           ] GC(146) Pause Young (Allocation Failure) 177M->8M(511M) 0.447ms
[4.094s][info][gc,cpu       ] GC(146) User=0.00s Sys=0.00s Real=0.00s
[4.113s][info][gc,start     ] GC(147) Pause Young (Allocation Failure)
[4.114s][info][gc,heap      ] GC(147) PSYoungGen: 173632K->64K(174080K)
[4.114s][info][gc,heap      ] GC(147) ParOldGen: 8373K->8402K(349696K)
[4.114s][info][gc,metaspace ] GC(147) Metaspace: 13144K->13144K(1060864K)
[4.114s][info][gc           ] GC(147) Pause Young (Allocation Failure) 177M->8M(511M) 0.468ms
[4.114s][info][gc,cpu       ] GC(147) User=0.00s Sys=0.00s Real=0.00s
[4.135s][info][gc,start     ] GC(148) Pause Young (Allocation Failure)
[4.136s][info][gc,heap      ] GC(148) PSYoungGen: 173632K->64K(174080K)
[4.136s][info][gc,heap      ] GC(148) ParOldGen: 8402K->8441K(349696K)
[4.136s][info][gc,metaspace ] GC(148) Metaspace: 13144K->13144K(1060864K)
[4.136s][info][gc           ] GC(148) Pause Young (Allocation Failure) 177M->8M(511M) 0.529ms
[4.136s][info][gc,cpu       ] GC(148) User=0.00s Sys=0.00s Real=0.00s
[4.158s][info][gc,start     ] GC(149) Pause Young (Allocation Failure)
[4.158s][info][gc,heap      ] GC(149) PSYoungGen: 173632K->96K(174080K)
[4.158s][info][gc,heap      ] GC(149) ParOldGen: 8441K->8471K(349696K)
[4.158s][info][gc,metaspace ] GC(149) Metaspace: 13144K->13144K(1060864K)
[4.158s][info][gc           ] GC(149) Pause Young (Allocation Failure) 177M->8M(511M) 0.409ms
[4.158s][info][gc,cpu       ] GC(149) User=0.00s Sys=0.00s Real=0.00s
[4.177s][info][gc,start     ] GC(150) Pause Young (Allocation Failure)
[4.177s][info][gc,heap      ] GC(150) PSYoungGen: 173664K->64K(174080K)
[4.177s][info][gc,heap      ] GC(150) ParOldGen: 8471K->8510K(349696K)
[4.177s][info][gc,metaspace ] GC(150) Metaspace: 13144K->13144K(1060864K)
[4.178s][info][gc           ] GC(150) Pause Young (Allocation Failure) 177M->8M(511M) 0.374ms
[4.178s][info][gc,cpu       ] GC(150) User=0.00s Sys=0.00s Real=0.00s
[4.199s][info][gc,start     ] GC(151) Pause Young (Allocation Failure)
[4.200s][info][gc,heap      ] GC(151) PSYoungGen: 173632K->96K(174080K)
[4.200s][info][gc,heap      ] GC(151) ParOldGen: 8510K->8539K(349696K)
[4.200s][info][gc,metaspace ] GC(151) Metaspace: 13144K->13144K(1060864K)
[4.200s][info][gc           ] GC(151) Pause Young (Allocation Failure) 177M->8M(511M) 0.358ms
[4.200s][info][gc,cpu       ] GC(151) User=0.00s Sys=0.00s Real=0.00s
[4.230s][info][gc,start     ] GC(152) Pause Young (Allocation Failure)
[4.230s][info][gc,heap      ] GC(152) PSYoungGen: 173664K->96K(174080K)
[4.230s][info][gc,heap      ] GC(152) ParOldGen: 8539K->8578K(349696K)
[4.230s][info][gc,metaspace ] GC(152) Metaspace: 13144K->13144K(1060864K)
[4.231s][info][gc           ] GC(152) Pause Young (Allocation Failure) 177M->8M(511M) 0.794ms
[4.231s][info][gc,cpu       ] GC(152) User=0.00s Sys=0.00s Real=0.00s
[4.251s][info][gc,start     ] GC(153) Pause Young (Allocation Failure)
[4.251s][info][gc,heap      ] GC(153) PSYoungGen: 173664K->64K(174080K)
[4.251s][info][gc,heap      ] GC(153) ParOldGen: 8578K->8617K(349696K)
[4.251s][info][gc,metaspace ] GC(153) Metaspace: 13144K->13144K(1060864K)
[4.251s][info][gc           ] GC(153) Pause Young (Allocation Failure) 177M->8M(511M) 0.455ms
[4.251s][info][gc,cpu       ] GC(153) User=0.00s Sys=0.00s Real=0.00s
[4.272s][info][gc,start     ] GC(154) Pause Young (Allocation Failure)
[4.273s][info][gc,heap      ] GC(154) PSYoungGen: 173632K->96K(174080K)
[4.273s][info][gc,heap      ] GC(154) ParOldGen: 8617K->8647K(349696K)
[4.273s][info][gc,metaspace ] GC(154) Metaspace: 13144K->13144K(1060864K)
[4.273s][info][gc           ] GC(154) Pause Young (Allocation Failure) 177M->8M(511M) 0.566ms
[4.273s][info][gc,cpu       ] GC(154) User=0.00s Sys=0.00s Real=0.00s
[4.293s][info][gc,start     ] GC(155) Pause Young (Allocation Failure)
[4.293s][info][gc,heap      ] GC(155) PSYoungGen: 173664K->64K(174080K)
[4.293s][info][gc,heap      ] GC(155) ParOldGen: 8647K->8686K(349696K)
[4.293s][info][gc,metaspace ] GC(155) Metaspace: 13144K->13144K(1060864K)
[4.293s][info][gc           ] GC(155) Pause Young (Allocation Failure) 178M->8M(511M) 0.427ms
[4.293s][info][gc,cpu       ] GC(155) User=0.00s Sys=0.00s Real=0.00s
[4.313s][info][gc,start     ] GC(156) Pause Young (Allocation Failure)
[4.314s][info][gc,heap      ] GC(156) PSYoungGen: 173632K->224K(174080K)
[4.314s][info][gc,heap      ] GC(156) ParOldGen: 8686K->8715K(349696K)
[4.314s][info][gc,metaspace ] GC(156) Metaspace: 13186K->13186K(1060864K)
[4.314s][info][gc           ] GC(156) Pause Young (Allocation Failure) 178M->8M(511M) 0.667ms
[4.314s][info][gc,cpu       ] GC(156) User=0.00s Sys=0.00s Real=0.00s
[4.337s][info][gc,start     ] GC(157) Pause Young (Allocation Failure)
[4.338s][info][gc,heap      ] GC(157) PSYoungGen: 173792K->96K(174080K)
[4.338s][info][gc,heap      ] GC(157) ParOldGen: 8715K->8834K(349696K)
[4.338s][info][gc,metaspace ] GC(157) Metaspace: 13186K->13186K(1060864K)
[4.338s][info][gc           ] GC(157) Pause Young (Allocation Failure) 178M->8M(511M) 0.769ms
[4.338s][info][gc,cpu       ] GC(157) User=0.00s Sys=0.00s Real=0.00s
[4.362s][info][gc,start     ] GC(158) Pause Young (Allocation Failure)
[4.363s][info][gc,heap      ] GC(158) PSYoungGen: 173664K->64K(174080K)
[4.363s][info][gc,heap      ] GC(158) ParOldGen: 8834K->8864K(349696K)
[4.363s][info][gc,metaspace ] GC(158) Metaspace: 13186K->13186K(1060864K)
[4.363s][info][gc           ] GC(158) Pause Young (Allocation Failure) 178M->8M(511M) 0.656ms
[4.363s][info][gc,cpu       ] GC(158) User=0.00s Sys=0.00s Real=0.00s
[4.385s][info][gc,start     ] GC(159) Pause Young (Allocation Failure)
[4.385s][info][gc,heap      ] GC(159) PSYoungGen: 173632K->64K(174080K)
[4.385s][info][gc,heap      ] GC(159) ParOldGen: 8864K->8903K(349696K)
[4.385s][info][gc,metaspace ] GC(159) Metaspace: 13186K->13186K(1060864K)
[4.385s][info][gc           ] GC(159) Pause Young (Allocation Failure) 178M->8M(511M) 0.566ms
[4.385s][info][gc,cpu       ] GC(159) User=0.00s Sys=0.00s Real=0.01s
[4.408s][info][gc,start     ] GC(160) Pause Young (Allocation Failure)
[4.408s][info][gc,heap      ] GC(160) PSYoungGen: 173632K->64K(174080K)
[4.408s][info][gc,heap      ] GC(160) ParOldGen: 8903K->8932K(349696K)
[4.408s][info][gc,metaspace ] GC(160) Metaspace: 13186K->13186K(1060864K)
[4.408s][info][gc           ] GC(160) Pause Young (Allocation Failure) 178M->8M(511M) 0.513ms
[4.408s][info][gc,cpu       ] GC(160) User=0.01s Sys=0.00s Real=0.00s
[4.429s][info][gc,start     ] GC(161) Pause Young (Allocation Failure)
[4.430s][info][gc,heap      ] GC(161) PSYoungGen: 173632K->64K(174080K)
[4.430s][info][gc,heap      ] GC(161) ParOldGen: 8932K->8971K(349696K)
[4.430s][info][gc,metaspace ] GC(161) Metaspace: 13186K->13186K(1060864K)
[4.430s][info][gc           ] GC(161) Pause Young (Allocation Failure) 178M->8M(511M) 0.522ms
[4.430s][info][gc,cpu       ] GC(161) User=0.00s Sys=0.00s Real=0.00s
[4.450s][info][gc,start     ] GC(162) Pause Young (Allocation Failure)
[4.450s][info][gc,heap      ] GC(162) PSYoungGen: 173632K->64K(174080K)
[4.450s][info][gc,heap      ] GC(162) ParOldGen: 8971K->9001K(349696K)
[4.450s][info][gc,metaspace ] GC(162) Metaspace: 13186K->13186K(1060864K)
[4.451s][info][gc           ] GC(162) Pause Young (Allocation Failure) 178M->8M(511M) 0.555ms
[4.451s][info][gc,cpu       ] GC(162) User=0.00s Sys=0.00s Real=0.00s
[4.469s][info][gc,start     ] GC(163) Pause Young (Allocation Failure)
[4.470s][info][gc,heap      ] GC(163) PSYoungGen: 173632K->64K(174080K)
[4.470s][info][gc,heap      ] GC(163) ParOldGen: 9001K->9040K(349696K)
[4.470s][info][gc,metaspace ] GC(163) Metaspace: 13186K->13186K(1060864K)
[4.470s][info][gc           ] GC(163) Pause Young (Allocation Failure) 178M->8M(511M) 0.458ms
[4.470s][info][gc,cpu       ] GC(163) User=0.01s Sys=0.00s Real=0.00s
[4.489s][info][gc,start     ] GC(164) Pause Young (Allocation Failure)
[4.490s][info][gc,heap      ] GC(164) PSYoungGen: 173632K->64K(174080K)
[4.490s][info][gc,heap      ] GC(164) ParOldGen: 9040K->9069K(349696K)
[4.490s][info][gc,metaspace ] GC(164) Metaspace: 13186K->13186K(1060864K)
[4.490s][info][gc           ] GC(164) Pause Young (Allocation Failure) 178M->8M(511M) 0.506ms
[4.490s][info][gc,cpu       ] GC(164) User=0.00s Sys=0.00s Real=0.00s
[4.509s][info][gc,start     ] GC(165) Pause Young (Allocation Failure)
[4.509s][info][gc,heap      ] GC(165) PSYoungGen: 173632K->64K(174080K)
[4.509s][info][gc,heap      ] GC(165) ParOldGen: 9069K->9108K(349696K)
[4.509s][info][gc,metaspace ] GC(165) Metaspace: 13186K->13186K(1060864K)
[4.509s][info][gc           ] GC(165) Pause Young (Allocation Failure) 178M->8M(511M) 0.414ms
[4.510s][info][gc,cpu       ] GC(165) User=0.00s Sys=0.00s Real=0.00s
[4.531s][info][gc,start     ] GC(166) Pause Young (Allocation Failure)
[4.531s][info][gc,heap      ] GC(166) PSYoungGen: 173632K->96K(174080K)
[4.531s][info][gc,heap      ] GC(166) ParOldGen: 9108K->9138K(349696K)
[4.531s][info][gc,metaspace ] GC(166) Metaspace: 13186K->13186K(1060864K)
[4.531s][info][gc           ] GC(166) Pause Young (Allocation Failure) 178M->9M(511M) 0.613ms
[4.531s][info][gc,cpu       ] GC(166) User=0.01s Sys=0.01s Real=0.00s
[4.561s][info][gc,start     ] GC(167) Pause Young (Allocation Failure)
[4.562s][info][gc,heap      ] GC(167) PSYoungGen: 173664K->96K(174080K)
[4.562s][info][gc,heap      ] GC(167) ParOldGen: 9138K->9177K(349696K)
[4.562s][info][gc,metaspace ] GC(167) Metaspace: 13186K->13186K(1060864K)
[4.562s][info][gc           ] GC(167) Pause Young (Allocation Failure) 178M->9M(511M) 0.962ms
[4.562s][info][gc,cpu       ] GC(167) User=0.00s Sys=0.00s Real=0.00s
[4.593s][info][gc,start     ] GC(168) Pause Young (Allocation Failure)
[4.594s][info][gc,heap      ] GC(168) PSYoungGen: 173664K->96K(174080K)
[4.594s][info][gc,heap      ] GC(168) ParOldGen: 9177K->9206K(349696K)
[4.594s][info][gc,metaspace ] GC(168) Metaspace: 13186K->13186K(1060864K)
[4.594s][info][gc           ] GC(168) Pause Young (Allocation Failure) 178M->9M(511M) 0.841ms
[4.594s][info][gc,cpu       ] GC(168) User=0.00s Sys=0.00s Real=0.00s
[4.620s][info][gc,start     ] GC(169) Pause Young (Allocation Failure)
[4.620s][info][gc,heap      ] GC(169) PSYoungGen: 173664K->64K(174080K)
[4.620s][info][gc,heap      ] GC(169) ParOldGen: 9206K->9245K(349696K)
[4.620s][info][gc,metaspace ] GC(169) Metaspace: 13186K->13186K(1060864K)
[4.620s][info][gc           ] GC(169) Pause Young (Allocation Failure) 178M->9M(511M) 0.580ms
[4.620s][info][gc,cpu       ] GC(169) User=0.00s Sys=0.00s Real=0.00s
[4.639s][info][gc,start     ] GC(170) Pause Young (Allocation Failure)
[4.640s][info][gc,heap      ] GC(170) PSYoungGen: 173632K->64K(174080K)
[4.640s][info][gc,heap      ] GC(170) ParOldGen: 9245K->9284K(349696K)
[4.640s][info][gc,metaspace ] GC(170) Metaspace: 13186K->13186K(1060864K)
[4.640s][info][gc           ] GC(170) Pause Young (Allocation Failure) 178M->9M(511M) 0.412ms
[4.640s][info][gc,cpu       ] GC(170) User=0.00s Sys=0.00s Real=0.00s
[4.660s][info][gc,start     ] GC(171) Pause Young (Allocation Failure)
[4.661s][info][gc,heap      ] GC(171) PSYoungGen: 173632K->64K(174080K)
[4.661s][info][gc,heap      ] GC(171) ParOldGen: 9284K->9314K(349696K)
[4.661s][info][gc,metaspace ] GC(171) Metaspace: 13186K->13186K(1060864K)
[4.661s][info][gc           ] GC(171) Pause Young (Allocation Failure) 178M->9M(511M) 0.609ms
[4.661s][info][gc,cpu       ] GC(171) User=0.00s Sys=0.00s Real=0.00s
[4.680s][info][gc,start     ] GC(172) Pause Young (Allocation Failure)
[4.680s][info][gc,heap      ] GC(172) PSYoungGen: 173632K->64K(174080K)
[4.680s][info][gc,heap      ] GC(172) ParOldGen: 9314K->9353K(349696K)
[4.680s][info][gc,metaspace ] GC(172) Metaspace: 13186K->13186K(1060864K)
[4.680s][info][gc           ] GC(172) Pause Young (Allocation Failure) 178M->9M(511M) 0.553ms
[4.680s][info][gc,cpu       ] GC(172) User=0.00s Sys=0.00s Real=0.00s
[4.701s][info][gc,start     ] GC(173) Pause Young (Allocation Failure)
[4.701s][info][gc,heap      ] GC(173) PSYoungGen: 173632K->96K(174080K)
[4.701s][info][gc,heap      ] GC(173) ParOldGen: 9353K->9382K(349696K)
[4.701s][info][gc,metaspace ] GC(173) Metaspace: 13186K->13186K(1060864K)
[4.701s][info][gc           ] GC(173) Pause Young (Allocation Failure) 178M->9M(511M) 0.489ms
[4.701s][info][gc,cpu       ] GC(173) User=0.00s Sys=0.00s Real=0.00s
[4.720s][info][gc,start     ] GC(174) Pause Young (Allocation Failure)
[4.720s][info][gc,heap      ] GC(174) PSYoungGen: 173664K->64K(174080K)
[4.720s][info][gc,heap      ] GC(174) ParOldGen: 9382K->9421K(349696K)
[4.720s][info][gc,metaspace ] GC(174) Metaspace: 13186K->13186K(1060864K)
[4.720s][info][gc           ] GC(174) Pause Young (Allocation Failure) 178M->9M(511M) 0.445ms
[4.720s][info][gc,cpu       ] GC(174) User=0.00s Sys=0.00s Real=0.00s
[4.742s][info][gc,start     ] GC(175) Pause Young (Allocation Failure)
[4.742s][info][gc,heap      ] GC(175) PSYoungGen: 173632K->64K(174080K)
[4.742s][info][gc,heap      ] GC(175) ParOldGen: 9421K->9451K(349696K)
[4.742s][info][gc,metaspace ] GC(175) Metaspace: 13186K->13186K(1060864K)
[4.742s][info][gc           ] GC(175) Pause Young (Allocation Failure) 178M->9M(511M) 0.488ms
[4.743s][info][gc,cpu       ] GC(175) User=0.00s Sys=0.00s Real=0.00s
[4.761s][info][gc,start     ] GC(176) Pause Young (Allocation Failure)
[4.762s][info][gc,heap      ] GC(176) PSYoungGen: 173632K->64K(174080K)
[4.762s][info][gc,heap      ] GC(176) ParOldGen: 9451K->9490K(349696K)
[4.762s][info][gc,metaspace ] GC(176) Metaspace: 13186K->13186K(1060864K)
[4.762s][info][gc           ] GC(176) Pause Young (Allocation Failure) 178M->9M(511M) 0.462ms
[4.762s][info][gc,cpu       ] GC(176) User=0.00s Sys=0.00s Real=0.00s
[4.784s][info][gc,start     ] GC(177) Pause Young (Allocation Failure)
[4.785s][info][gc,heap      ] GC(177) PSYoungGen: 173632K->96K(174080K)
[4.785s][info][gc,heap      ] GC(177) ParOldGen: 9490K->9519K(349696K)
[4.785s][info][gc,metaspace ] GC(177) Metaspace: 13186K->13186K(1060864K)
[4.785s][info][gc           ] GC(177) Pause Young (Allocation Failure) 178M->9M(511M) 0.467ms
[4.785s][info][gc,cpu       ] GC(177) User=0.00s Sys=0.00s Real=0.00s
[4.804s][info][gc,start     ] GC(178) Pause Young (Allocation Failure)
[4.804s][info][gc,heap      ] GC(178) PSYoungGen: 173664K->64K(174080K)
[4.804s][info][gc,heap      ] GC(178) ParOldGen: 9519K->9558K(349696K)
[4.804s][info][gc,metaspace ] GC(178) Metaspace: 13186K->13186K(1060864K)
[4.804s][info][gc           ] GC(178) Pause Young (Allocation Failure) 178M->9M(511M) 0.375ms
[4.804s][info][gc,cpu       ] GC(178) User=0.00s Sys=0.00s Real=0.00s
[4.827s][info][gc,start     ] GC(179) Pause Young (Allocation Failure)
[4.828s][info][gc,heap      ] GC(179) PSYoungGen: 173632K->96K(174080K)
[4.828s][info][gc,heap      ] GC(179) ParOldGen: 9558K->9588K(349696K)
[4.828s][info][gc,metaspace ] GC(179) Metaspace: 13186K->13186K(1060864K)
[4.828s][info][gc           ] GC(179) Pause Young (Allocation Failure) 178M->9M(511M) 0.814ms
[4.828s][info][gc,cpu       ] GC(179) User=0.00s Sys=0.00s Real=0.00s
[4.848s][info][gc,start     ] GC(180) Pause Young (Allocation Failure)
[4.848s][info][gc,heap      ] GC(180) PSYoungGen: 173664K->64K(174080K)
[4.848s][info][gc,heap      ] GC(180) ParOldGen: 9588K->9627K(349696K)
[4.848s][info][gc,metaspace ] GC(180) Metaspace: 13186K->13186K(1060864K)
[4.848s][info][gc           ] GC(180) Pause Young (Allocation Failure) 178M->9M(511M) 0.431ms
[4.848s][info][gc,cpu       ] GC(180) User=0.00s Sys=0.00s Real=0.00s
[4.868s][info][gc,start     ] GC(181) Pause Young (Allocation Failure)
[4.869s][info][gc,heap      ] GC(181) PSYoungGen: 173632K->96K(174080K)
[4.869s][info][gc,heap      ] GC(181) ParOldGen: 9627K->9656K(349696K)
[4.869s][info][gc,metaspace ] GC(181) Metaspace: 13186K->13186K(1060864K)
[4.869s][info][gc           ] GC(181) Pause Young (Allocation Failure) 178M->9M(511M) 0.421ms
[4.869s][info][gc,cpu       ] GC(181) User=0.00s Sys=0.00s Real=0.00s
[4.889s][info][gc,start     ] GC(182) Pause Young (Allocation Failure)
[4.890s][info][gc,heap      ] GC(182) PSYoungGen: 173664K->64K(174080K)
[4.890s][info][gc,heap      ] GC(182) ParOldGen: 9656K->9695K(349696K)
[4.890s][info][gc,metaspace ] GC(182) Metaspace: 13186K->13186K(1060864K)
[4.890s][info][gc           ] GC(182) Pause Young (Allocation Failure) 179M->9M(511M) 0.444ms
[4.890s][info][gc,cpu       ] GC(182) User=0.00s Sys=0.00s Real=0.00s
[4.908s][info][gc,start     ] GC(183) Pause Young (Allocation Failure)
[4.909s][info][gc,heap      ] GC(183) PSYoungGen: 173632K->64K(174080K)
[4.909s][info][gc,heap      ] GC(183) ParOldGen: 9695K->9734K(349696K)
[4.909s][info][gc,metaspace ] GC(183) Metaspace: 13186K->13186K(1060864K)
[4.909s][info][gc           ] GC(183) Pause Young (Allocation Failure) 179M->9M(511M) 0.359ms
[4.909s][info][gc,cpu       ] GC(183) User=0.00s Sys=0.00s Real=0.00s
[4.928s][info][gc,start     ] GC(184) Pause Young (Allocation Failure)
[4.929s][info][gc,heap      ] GC(184) PSYoungGen: 173632K->64K(174080K)
[4.929s][info][gc,heap      ] GC(184) ParOldGen: 9734K->9764K(349696K)
[4.929s][info][gc,metaspace ] GC(184) Metaspace: 13186K->13186K(1060864K)
[4.929s][info][gc           ] GC(184) Pause Young (Allocation Failure) 179M->9M(511M) 0.511ms
[4.929s][info][gc,cpu       ] GC(184) User=0.00s Sys=0.00s Real=0.00s
[4.949s][info][gc,start     ] GC(185) Pause Young (Allocation Failure)
[4.949s][info][gc,heap      ] GC(185) PSYoungGen: 173632K->64K(174080K)
[4.949s][info][gc,heap      ] GC(185) ParOldGen: 9764K->9803K(349696K)
[4.949s][info][gc,metaspace ] GC(185) Metaspace: 13186K->13186K(1060864K)
[4.950s][info][gc           ] GC(185) Pause Young (Allocation Failure) 179M->9M(511M) 0.388ms
[4.950s][info][gc,cpu       ] GC(185) User=0.00s Sys=0.00s Real=0.00s
[4.971s][info][gc,start     ] GC(186) Pause Young (Allocation Failure)
[4.971s][info][gc,heap      ] GC(186) PSYoungGen: 173632K->96K(174080K)
[4.971s][info][gc,heap      ] GC(186) ParOldGen: 9803K->9832K(349696K)
[4.971s][info][gc,metaspace ] GC(186) Metaspace: 13186K->13186K(1060864K)
[4.971s][info][gc           ] GC(186) Pause Young (Allocation Failure) 179M->9M(511M) 0.403ms
[4.971s][info][gc,cpu       ] GC(186) User=0.00s Sys=0.00s Real=0.00s
[4.992s][info][gc,start     ] GC(187) Pause Young (Allocation Failure)
[4.992s][info][gc,heap      ] GC(187) PSYoungGen: 173664K->64K(174080K)
[4.992s][info][gc,heap      ] GC(187) ParOldGen: 9832K->9871K(349696K)
[4.992s][info][gc,metaspace ] GC(187) Metaspace: 13186K->13186K(1060864K)
[4.992s][info][gc           ] GC(187) Pause Young (Allocation Failure) 179M->9M(511M) 0.350ms
[4.992s][info][gc,cpu       ] GC(187) User=0.00s Sys=0.00s Real=0.00s
[5.013s][info][gc,start     ] GC(188) Pause Young (Allocation Failure)
[5.014s][info][gc,heap      ] GC(188) PSYoungGen: 173632K->64K(174080K)
[5.014s][info][gc,heap      ] GC(188) ParOldGen: 9871K->9901K(349696K)
[5.014s][info][gc,metaspace ] GC(188) Metaspace: 13186K->13186K(1060864K)
[5.014s][info][gc           ] GC(188) Pause Young (Allocation Failure) 179M->9M(511M) 0.515ms
[5.014s][info][gc,cpu       ] GC(188) User=0.00s Sys=0.00s Real=0.00s
[5.035s][info][gc,start     ] GC(189) Pause Young (Allocation Failure)
[5.035s][info][gc,heap      ] GC(189) PSYoungGen: 173632K->96K(174080K)
[5.035s][info][gc,heap      ] GC(189) ParOldGen: 9901K->9940K(349696K)
[5.035s][info][gc,metaspace ] GC(189) Metaspace: 13186K->13186K(1060864K)
[5.035s][info][gc           ] GC(189) Pause Young (Allocation Failure) 179M->9M(511M) 0.463ms
[5.035s][info][gc,cpu       ] GC(189) User=0.01s Sys=0.00s Real=0.01s
[5.057s][info][gc,start     ] GC(190) Pause Young (Allocation Failure)
[5.058s][info][gc,heap      ] GC(190) PSYoungGen: 173664K->64K(174080K)
[5.058s][info][gc,heap      ] GC(190) ParOldGen: 9940K->9969K(349696K)
[5.058s][info][gc,metaspace ] GC(190) Metaspace: 13186K->13186K(1060864K)
[5.058s][info][gc           ] GC(190) Pause Young (Allocation Failure) 179M->9M(511M) 0.614ms
[5.058s][info][gc,cpu       ] GC(190) User=0.00s Sys=0.00s Real=0.00s
[5.077s][info][gc,start     ] GC(191) Pause Young (Allocation Failure)
[5.078s][info][gc,heap      ] GC(191) PSYoungGen: 173632K->64K(174080K)
[5.078s][info][gc,heap      ] GC(191) ParOldGen: 9969K->10008K(349696K)
[5.078s][info][gc,metaspace ] GC(191) Metaspace: 13186K->13186K(1060864K)
[5.078s][info][gc           ] GC(191) Pause Young (Allocation Failure) 179M->9M(511M) 0.532ms
[5.078s][info][gc,cpu       ] GC(191) User=0.00s Sys=0.00s Real=0.00s
[5.101s][info][gc,start     ] GC(192) Pause Young (Allocation Failure)
[5.101s][info][gc,heap      ] GC(192) PSYoungGen: 173632K->96K(174080K)
[5.101s][info][gc,heap      ] GC(192) ParOldGen: 10008K->10038K(349696K)
[5.101s][info][gc,metaspace ] GC(192) Metaspace: 13186K->13186K(1060864K)
[5.101s][info][gc           ] GC(192) Pause Young (Allocation Failure) 179M->9M(511M) 0.589ms
[5.101s][info][gc,cpu       ] GC(192) User=0.00s Sys=0.00s Real=0.00s
[5.128s][info][gc,start     ] GC(193) Pause Young (Allocation Failure)
[5.128s][info][gc,heap      ] GC(193) PSYoungGen: 173664K->64K(174080K)
[5.128s][info][gc,heap      ] GC(193) ParOldGen: 10038K->10077K(349696K)
[5.128s][info][gc,metaspace ] GC(193) Metaspace: 13186K->13186K(1060864K)
[5.128s][info][gc           ] GC(193) Pause Young (Allocation Failure) 179M->9M(511M) 0.725ms
[5.128s][info][gc,cpu       ] GC(193) User=0.00s Sys=0.00s Real=0.00s
[5.152s][info][gc,start     ] GC(194) Pause Young (Allocation Failure)
[5.153s][info][gc,heap      ] GC(194) PSYoungGen: 173632K->64K(174080K)
[5.153s][info][gc,heap      ] GC(194) ParOldGen: 10077K->10106K(349696K)
[5.153s][info][gc,metaspace ] GC(194) Metaspace: 13186K->13186K(1060864K)
[5.153s][info][gc           ] GC(194) Pause Young (Allocation Failure) 179M->9M(511M) 0.559ms
[5.153s][info][gc,cpu       ] GC(194) User=0.00s Sys=0.00s Real=0.00s
[5.177s][info][gc,start     ] GC(195) Pause Young (Allocation Failure)
[5.178s][info][gc,heap      ] GC(195) PSYoungGen: 173632K->64K(174080K)
[5.178s][info][gc,heap      ] GC(195) ParOldGen: 10106K->10145K(349696K)
[5.178s][info][gc,metaspace ] GC(195) Metaspace: 13186K->13186K(1060864K)
[5.178s][info][gc           ] GC(195) Pause Young (Allocation Failure) 179M->9M(511M) 0.558ms
[5.178s][info][gc,cpu       ] GC(195) User=0.00s Sys=0.00s Real=0.00s
[5.208s][info][gc,start     ] GC(196) Pause Young (Allocation Failure)
[5.209s][info][gc,heap      ] GC(196) PSYoungGen: 173632K->64K(174080K)
[5.209s][info][gc,heap      ] GC(196) ParOldGen: 10145K->10184K(349696K)
[5.209s][info][gc,metaspace ] GC(196) Metaspace: 13186K->13186K(1060864K)
[5.209s][info][gc           ] GC(196) Pause Young (Allocation Failure) 179M->10M(511M) 0.599ms
[5.209s][info][gc,cpu       ] GC(196) User=0.00s Sys=0.00s Real=0.00s
[5.233s][info][gc,start     ] GC(197) Pause Young (Allocation Failure)
[5.233s][info][gc,heap      ] GC(197) PSYoungGen: 173632K->64K(174080K)
[5.233s][info][gc,heap      ] GC(197) ParOldGen: 10184K->10214K(349696K)
[5.233s][info][gc,metaspace ] GC(197) Metaspace: 13186K->13186K(1060864K)
[5.233s][info][gc           ] GC(197) Pause Young (Allocation Failure) 179M->10M(511M) 0.942ms
[5.234s][info][gc,cpu       ] GC(197) User=0.00s Sys=0.00s Real=0.00s
[5.273s][info][gc,start     ] GC(198) Pause Young (Allocation Failure)
[5.274s][info][gc,heap      ] GC(198) PSYoungGen: 173632K->64K(174080K)
[5.274s][info][gc,heap      ] GC(198) ParOldGen: 10214K->10253K(349696K)
[5.274s][info][gc,metaspace ] GC(198) Metaspace: 13186K->13186K(1060864K)
[5.274s][info][gc           ] GC(198) Pause Young (Allocation Failure) 179M->10M(511M) 0.603ms
[5.274s][info][gc,cpu       ] GC(198) User=0.00s Sys=0.00s Real=0.00s
[5.300s][info][gc,start     ] GC(199) Pause Young (Allocation Failure)
[5.300s][info][gc,heap      ] GC(199) PSYoungGen: 173632K->288K(174080K)
[5.300s][info][gc,heap      ] GC(199) ParOldGen: 10253K->10282K(349696K)
[5.300s][info][gc,metaspace ] GC(199) Metaspace: 13186K->13186K(1060864K)
[5.300s][info][gc           ] GC(199) Pause Young (Allocation Failure) 179M->10M(511M) 0.692ms
[5.300s][info][gc,cpu       ] GC(199) User=0.00s Sys=0.00s Real=0.00s
[5.324s][info][gc,start     ] GC(200) Pause Young (Allocation Failure)
[5.325s][info][gc,heap      ] GC(200) PSYoungGen: 173856K->256K(174080K)
[5.325s][info][gc,heap      ] GC(200) ParOldGen: 10282K->10329K(349696K)
[5.325s][info][gc,metaspace ] GC(200) Metaspace: 13306K->13306K(1060864K)
[5.325s][info][gc           ] GC(200) Pause Young (Allocation Failure) 179M->10M(511M) 1.098ms
[5.325s][info][gc,cpu       ] GC(200) User=0.00s Sys=0.00s Real=0.00s
[5.359s][info][gc,start     ] GC(201) Pause Young (Allocation Failure)
[5.360s][info][gc,heap      ] GC(201) PSYoungGen: 173824K->64K(174080K)
[5.360s][info][gc,heap      ] GC(201) ParOldGen: 10329K->10423K(349696K)
[5.360s][info][gc,metaspace ] GC(201) Metaspace: 13306K->13306K(1060864K)
[5.360s][info][gc           ] GC(201) Pause Young (Allocation Failure) 179M->10M(511M) 0.682ms
[5.360s][info][gc,cpu       ] GC(201) User=0.00s Sys=0.01s Real=0.00s
[5.384s][info][gc,start     ] GC(202) Pause Young (Allocation Failure)
[5.385s][info][gc,heap      ] GC(202) PSYoungGen: 173632K->96K(174080K)
[5.385s][info][gc,heap      ] GC(202) ParOldGen: 10423K->10462K(349696K)
[5.385s][info][gc,metaspace ] GC(202) Metaspace: 13306K->13306K(1060864K)
[5.385s][info][gc           ] GC(202) Pause Young (Allocation Failure) 179M->10M(511M) 0.394ms
[5.385s][info][gc,cpu       ] GC(202) User=0.00s Sys=0.00s Real=0.00s
[5.406s][info][gc,start     ] GC(203) Pause Young (Allocation Failure)
[5.407s][info][gc,heap      ] GC(203) PSYoungGen: 173664K->96K(174080K)
[5.407s][info][gc,heap      ] GC(203) ParOldGen: 10462K->10491K(349696K)
[5.407s][info][gc,metaspace ] GC(203) Metaspace: 13306K->13306K(1060864K)
[5.407s][info][gc           ] GC(203) Pause Young (Allocation Failure) 179M->10M(511M) 0.491ms
[5.407s][info][gc,cpu       ] GC(203) User=0.01s Sys=0.00s Real=0.00s
[5.427s][info][gc,start     ] GC(204) Pause Young (Allocation Failure)
[5.427s][info][gc,heap      ] GC(204) PSYoungGen: 173664K->96K(174080K)
[5.427s][info][gc,heap      ] GC(204) ParOldGen: 10491K->10530K(349696K)
[5.427s][info][gc,metaspace ] GC(204) Metaspace: 13306K->13306K(1060864K)
[5.427s][info][gc           ] GC(204) Pause Young (Allocation Failure) 179M->10M(511M) 0.383ms
[5.427s][info][gc,cpu       ] GC(204) User=0.00s Sys=0.00s Real=0.00s
[5.449s][info][gc,start     ] GC(205) Pause Young (Allocation Failure)
[5.450s][info][gc,heap      ] GC(205) PSYoungGen: 173664K->96K(174080K)
[5.450s][info][gc,heap      ] GC(205) ParOldGen: 10530K->10559K(349696K)
[5.450s][info][gc,metaspace ] GC(205) Metaspace: 13306K->13306K(1060864K)
[5.450s][info][gc           ] GC(205) Pause Young (Allocation Failure) 179M->10M(511M) 0.516ms
[5.450s][info][gc,cpu       ] GC(205) User=0.00s Sys=0.00s Real=0.00s
[5.469s][info][gc,start     ] GC(206) Pause Young (Allocation Failure)
[5.469s][info][gc,heap      ] GC(206) PSYoungGen: 173664K->64K(174080K)
[5.469s][info][gc,heap      ] GC(206) ParOldGen: 10559K->10599K(349696K)
[5.469s][info][gc,metaspace ] GC(206) Metaspace: 13306K->13306K(1060864K)
[5.469s][info][gc           ] GC(206) Pause Young (Allocation Failure) 179M->10M(511M) 0.444ms
[5.469s][info][gc,cpu       ] GC(206) User=0.01s Sys=0.00s Real=0.00s
[5.490s][info][gc,start     ] GC(207) Pause Young (Allocation Failure)
[5.490s][info][gc,heap      ] GC(207) PSYoungGen: 173632K->96K(174080K)
[5.490s][info][gc,heap      ] GC(207) ParOldGen: 10599K->10628K(349696K)
[5.490s][info][gc,metaspace ] GC(207) Metaspace: 13306K->13306K(1060864K)
[5.490s][info][gc           ] GC(207) Pause Young (Allocation Failure) 179M->10M(511M) 0.503ms
[5.490s][info][gc,cpu       ] GC(207) User=0.00s Sys=0.00s Real=0.00s
[5.513s][info][gc,start     ] GC(208) Pause Young (Allocation Failure)
[5.513s][info][gc,heap      ] GC(208) PSYoungGen: 173664K->64K(174080K)
[5.513s][info][gc,heap      ] GC(208) ParOldGen: 10628K->10667K(349696K)
[5.513s][info][gc,metaspace ] GC(208) Metaspace: 13306K->13306K(1060864K)
[5.513s][info][gc           ] GC(208) Pause Young (Allocation Failure) 179M->10M(511M) 0.462ms
[5.513s][info][gc,cpu       ] GC(208) User=0.00s Sys=0.00s Real=0.00s
[5.537s][info][gc,start     ] GC(209) Pause Young (Allocation Failure)
[5.538s][info][gc,heap      ] GC(209) PSYoungGen: 173632K->96K(174080K)
[5.538s][info][gc,heap      ] GC(209) ParOldGen: 10667K->10696K(349696K)
[5.538s][info][gc,metaspace ] GC(209) Metaspace: 13306K->13306K(1060864K)
[5.538s][info][gc           ] GC(209) Pause Young (Allocation Failure) 179M->10M(511M) 0.486ms
[5.538s][info][gc,cpu       ] GC(209) User=0.00s Sys=0.00s Real=0.00s
[5.562s][info][gc,start     ] GC(210) Pause Young (Allocation Failure)
[5.562s][info][gc,heap      ] GC(210) PSYoungGen: 173664K->64K(174080K)
[5.562s][info][gc,heap      ] GC(210) ParOldGen: 10696K->10736K(349696K)
[5.562s][info][gc,metaspace ] GC(210) Metaspace: 13306K->13306K(1060864K)
[5.562s][info][gc           ] GC(210) Pause Young (Allocation Failure) 180M->10M(511M) 0.512ms
[5.562s][info][gc,cpu       ] GC(210) User=0.00s Sys=0.00s Real=0.00s
[5.584s][info][gc,start     ] GC(211) Pause Young (Allocation Failure)
[5.585s][info][gc,heap      ] GC(211) PSYoungGen: 173632K->64K(174080K)
[5.585s][info][gc,heap      ] GC(211) ParOldGen: 10736K->10775K(349696K)
[5.585s][info][gc,metaspace ] GC(211) Metaspace: 13306K->13306K(1060864K)
[5.585s][info][gc           ] GC(211) Pause Young (Allocation Failure) 180M->10M(511M) 0.454ms
[5.585s][info][gc,cpu       ] GC(211) User=0.00s Sys=0.00s Real=0.00s
[5.607s][info][gc,start     ] GC(212) Pause Young (Allocation Failure)
[5.607s][info][gc,heap      ] GC(212) PSYoungGen: 173632K->96K(174080K)
[5.607s][info][gc,heap      ] GC(212) ParOldGen: 10775K->10804K(349696K)
[5.607s][info][gc,metaspace ] GC(212) Metaspace: 13306K->13306K(1060864K)
[5.607s][info][gc           ] GC(212) Pause Young (Allocation Failure) 180M->10M(511M) 0.518ms
[5.607s][info][gc,cpu       ] GC(212) User=0.00s Sys=0.00s Real=0.00s
[5.628s][info][gc,start     ] GC(213) Pause Young (Allocation Failure)
[5.628s][info][gc,heap      ] GC(213) PSYoungGen: 173664K->64K(174080K)
[5.628s][info][gc,heap      ] GC(213) ParOldGen: 10804K->10843K(349696K)
[5.628s][info][gc,metaspace ] GC(213) Metaspace: 13306K->13306K(1060864K)
[5.628s][info][gc           ] GC(213) Pause Young (Allocation Failure) 180M->10M(511M) 0.729ms
[5.628s][info][gc,cpu       ] GC(213) User=0.00s Sys=0.00s Real=0.00s
[5.649s][info][gc,start     ] GC(214) Pause Young (Allocation Failure)
[5.650s][info][gc,heap      ] GC(214) PSYoungGen: 173632K->96K(174080K)
[5.650s][info][gc,heap      ] GC(214) ParOldGen: 10843K->10872K(349696K)
[5.650s][info][gc,metaspace ] GC(214) Metaspace: 13306K->13306K(1060864K)
[5.650s][info][gc           ] GC(214) Pause Young (Allocation Failure) 180M->10M(511M) 0.457ms
[5.650s][info][gc,cpu       ] GC(214) User=0.00s Sys=0.00s Real=0.00s
[5.670s][info][gc,start     ] GC(215) Pause Young (Allocation Failure)
[5.671s][info][gc,heap      ] GC(215) PSYoungGen: 173664K->64K(174080K)
[5.671s][info][gc,heap      ] GC(215) ParOldGen: 10872K->10912K(349696K)
[5.671s][info][gc,metaspace ] GC(215) Metaspace: 13306K->13306K(1060864K)
[5.671s][info][gc           ] GC(215) Pause Young (Allocation Failure) 180M->10M(511M) 0.516ms
[5.671s][info][gc,cpu       ] GC(215) User=0.00s Sys=0.00s Real=0.00s
[5.691s][info][gc,start     ] GC(216) Pause Young (Allocation Failure)
[5.691s][info][gc,heap      ] GC(216) PSYoungGen: 173632K->64K(174080K)
[5.691s][info][gc,heap      ] GC(216) ParOldGen: 10912K->10941K(349696K)
[5.691s][info][gc,metaspace ] GC(216) Metaspace: 13306K->13306K(1060864K)
[5.691s][info][gc           ] GC(216) Pause Young (Allocation Failure) 180M->10M(511M) 0.401ms
[5.691s][info][gc,cpu       ] GC(216) User=0.01s Sys=0.00s Real=0.00s
[5.710s][info][gc,start     ] GC(217) Pause Young (Allocation Failure)
[5.710s][info][gc,heap      ] GC(217) PSYoungGen: 173632K->64K(174080K)
[5.710s][info][gc,heap      ] GC(217) ParOldGen: 10941K->10980K(349696K)
[5.710s][info][gc,metaspace ] GC(217) Metaspace: 13306K->13306K(1060864K)
[5.710s][info][gc           ] GC(217) Pause Young (Allocation Failure) 180M->10M(511M) 0.484ms
[5.710s][info][gc,cpu       ] GC(217) User=0.00s Sys=0.01s Real=0.00s
[5.730s][info][gc,start     ] GC(218) Pause Young (Allocation Failure)
[5.731s][info][gc,heap      ] GC(218) PSYoungGen: 173632K->64K(174080K)
[5.731s][info][gc,heap      ] GC(218) ParOldGen: 10980K->11009K(349696K)
[5.731s][info][gc,metaspace ] GC(218) Metaspace: 13306K->13306K(1060864K)
[5.731s][info][gc           ] GC(218) Pause Young (Allocation Failure) 180M->10M(511M) 0.553ms
[5.731s][info][gc,cpu       ] GC(218) User=0.00s Sys=0.00s Real=0.00s
[5.749s][info][gc,start     ] GC(219) Pause Young (Allocation Failure)
[5.750s][info][gc,heap      ] GC(219) PSYoungGen: 173632K->64K(174080K)
[5.750s][info][gc,heap      ] GC(219) ParOldGen: 11009K->11049K(349696K)
[5.750s][info][gc,metaspace ] GC(219) Metaspace: 13306K->13306K(1060864K)
[5.750s][info][gc           ] GC(219) Pause Young (Allocation Failure) 180M->10M(511M) 0.588ms
[5.750s][info][gc,cpu       ] GC(219) User=0.00s Sys=0.00s Real=0.00s
[5.771s][info][gc,start     ] GC(220) Pause Young (Allocation Failure)
[5.772s][info][gc,heap      ] GC(220) PSYoungGen: 173632K->64K(174080K)
[5.772s][info][gc,heap      ] GC(220) ParOldGen: 11049K->11078K(349696K)
[5.772s][info][gc,metaspace ] GC(220) Metaspace: 13306K->13306K(1060864K)
[5.772s][info][gc           ] GC(220) Pause Young (Allocation Failure) 180M->10M(511M) 0.352ms
[5.772s][info][gc,cpu       ] GC(220) User=0.00s Sys=0.00s Real=0.00s
[5.791s][info][gc,start     ] GC(221) Pause Young (Allocation Failure)
[5.792s][info][gc,heap      ] GC(221) PSYoungGen: 173632K->96K(174080K)
[5.792s][info][gc,heap      ] GC(221) ParOldGen: 11078K->11117K(349696K)
[5.792s][info][gc,metaspace ] GC(221) Metaspace: 13306K->13306K(1060864K)
[5.792s][info][gc           ] GC(221) Pause Young (Allocation Failure) 180M->10M(511M) 0.512ms
[5.792s][info][gc,cpu       ] GC(221) User=0.01s Sys=0.00s Real=0.00s
[5.814s][info][gc,start     ] GC(222) Pause Young (Allocation Failure)
[5.814s][info][gc,heap      ] GC(222) PSYoungGen: 173664K->96K(174080K)
[5.814s][info][gc,heap      ] GC(222) ParOldGen: 11117K->11146K(349696K)
[5.814s][info][gc,metaspace ] GC(222) Metaspace: 13306K->13306K(1060864K)
[5.814s][info][gc           ] GC(222) Pause Young (Allocation Failure) 180M->10M(511M) 0.531ms
[5.814s][info][gc,cpu       ] GC(222) User=0.00s Sys=0.00s Real=0.00s
[5.836s][info][gc,start     ] GC(223) Pause Young (Allocation Failure)
[5.836s][info][gc,heap      ] GC(223) PSYoungGen: 173664K->64K(174080K)
[5.836s][info][gc,heap      ] GC(223) ParOldGen: 11146K->11185K(349696K)
[5.836s][info][gc,metaspace ] GC(223) Metaspace: 13306K->13306K(1060864K)
[5.836s][info][gc           ] GC(223) Pause Young (Allocation Failure) 180M->10M(511M) 0.370ms
[5.836s][info][gc,cpu       ] GC(223) User=0.00s Sys=0.00s Real=0.00s
[5.859s][info][gc,start     ] GC(224) Pause Young (Allocation Failure)
[5.859s][info][gc,heap      ] GC(224) PSYoungGen: 173632K->64K(174080K)
[5.859s][info][gc,heap      ] GC(224) ParOldGen: 11185K->11225K(349696K)
[5.859s][info][gc,metaspace ] GC(224) Metaspace: 13306K->13306K(1060864K)
[5.859s][info][gc           ] GC(224) Pause Young (Allocation Failure) 180M->11M(511M) 0.486ms
[5.859s][info][gc,cpu       ] GC(224) User=0.00s Sys=0.00s Real=0.00s
[5.880s][info][gc,start     ] GC(225) Pause Young (Allocation Failure)
[5.881s][info][gc,heap      ] GC(225) PSYoungGen: 173632K->96K(174080K)
[5.881s][info][gc,heap      ] GC(225) ParOldGen: 11225K->11254K(349696K)
[5.881s][info][gc,metaspace ] GC(225) Metaspace: 13306K->13306K(1060864K)
[5.881s][info][gc           ] GC(225) Pause Young (Allocation Failure) 180M->11M(511M) 0.481ms
[5.881s][info][gc,cpu       ] GC(225) User=0.00s Sys=0.00s Real=0.00s
[5.899s][info][gc,start     ] GC(226) Pause Young (Allocation Failure)
[5.900s][info][gc,heap      ] GC(226) PSYoungGen: 173664K->64K(174080K)
[5.900s][info][gc,heap      ] GC(226) ParOldGen: 11254K->11293K(349696K)
[5.900s][info][gc,metaspace ] GC(226) Metaspace: 13306K->13306K(1060864K)
[5.900s][info][gc           ] GC(226) Pause Young (Allocation Failure) 180M->11M(511M) 0.440ms
[5.900s][info][gc,cpu       ] GC(226) User=0.00s Sys=0.00s Real=0.00s
[5.921s][info][gc,start     ] GC(227) Pause Young (Allocation Failure)
[5.921s][info][gc,heap      ] GC(227) PSYoungGen: 173632K->96K(174080K)
[5.921s][info][gc,heap      ] GC(227) ParOldGen: 11293K->11322K(349696K)
[5.921s][info][gc,metaspace ] GC(227) Metaspace: 13306K->13306K(1060864K)
[5.921s][info][gc           ] GC(227) Pause Young (Allocation Failure) 180M->11M(511M) 0.460ms
[5.921s][info][gc,cpu       ] GC(227) User=0.00s Sys=0.00s Real=0.00s
[5.942s][info][gc,start     ] GC(228) Pause Young (Allocation Failure)
[5.942s][info][gc,heap      ] GC(228) PSYoungGen: 173664K->64K(174080K)
[5.942s][info][gc,heap      ] GC(228) ParOldGen: 11322K->11362K(349696K)
[5.942s][info][gc,metaspace ] GC(228) Metaspace: 13306K->13306K(1060864K)
[5.942s][info][gc           ] GC(228) Pause Young (Allocation Failure) 180M->11M(511M) 0.472ms
[5.942s][info][gc,cpu       ] GC(228) User=0.00s Sys=0.00s Real=0.00s
[5.966s][info][gc,start     ] GC(229) Pause Young (Allocation Failure)
[5.967s][info][gc,heap      ] GC(229) PSYoungGen: 173632K->64K(174080K)
[5.967s][info][gc,heap      ] GC(229) ParOldGen: 11362K->11391K(349696K)
[5.967s][info][gc,metaspace ] GC(229) Metaspace: 13306K->13306K(1060864K)
[5.967s][info][gc           ] GC(229) Pause Young (Allocation Failure) 180M->11M(511M) 0.472ms
[5.967s][info][gc,cpu       ] GC(229) User=0.01s Sys=0.00s Real=0.00s
[5.987s][info][gc,start     ] GC(230) Pause Young (Allocation Failure)
[5.987s][info][gc,heap      ] GC(230) PSYoungGen: 173632K->64K(174080K)
[5.987s][info][gc,heap      ] GC(230) ParOldGen: 11391K->11430K(349696K)
[5.987s][info][gc,metaspace ] GC(230) Metaspace: 13306K->13306K(1060864K)
[5.987s][info][gc           ] GC(230) Pause Young (Allocation Failure) 180M->11M(511M) 0.496ms
[5.987s][info][gc,cpu       ] GC(230) User=0.00s Sys=0.00s Real=0.00s
[6.009s][info][gc,start     ] GC(231) Pause Young (Allocation Failure)
[6.009s][info][gc,heap      ] GC(231) PSYoungGen: 173632K->96K(174080K)
[6.009s][info][gc,heap      ] GC(231) ParOldGen: 11430K->11459K(349696K)
[6.009s][info][gc,metaspace ] GC(231) Metaspace: 13306K->13306K(1060864K)
[6.009s][info][gc           ] GC(231) Pause Young (Allocation Failure) 180M->11M(511M) 0.454ms
[6.009s][info][gc,cpu       ] GC(231) User=0.00s Sys=0.00s Real=0.00s
[6.029s][info][gc,start     ] GC(232) Pause Young (Allocation Failure)
[6.029s][info][gc,heap      ] GC(232) PSYoungGen: 173664K->64K(174080K)
[6.029s][info][gc,heap      ] GC(232) ParOldGen: 11459K->11498K(349696K)
[6.029s][info][gc,metaspace ] GC(232) Metaspace: 13306K->13306K(1060864K)
[6.029s][info][gc           ] GC(232) Pause Young (Allocation Failure) 180M->11M(511M) 0.471ms
[6.029s][info][gc,cpu       ] GC(232) User=0.00s Sys=0.00s Real=0.00s
[6.051s][info][gc,start     ] GC(233) Pause Young (Allocation Failure)
[6.051s][info][gc,heap      ] GC(233) PSYoungGen: 173632K->96K(174080K)
[6.051s][info][gc,heap      ] GC(233) ParOldGen: 11498K->11528K(349696K)
[6.051s][info][gc,metaspace ] GC(233) Metaspace: 13306K->13306K(1060864K)
[6.051s][info][gc           ] GC(233) Pause Young (Allocation Failure) 180M->11M(511M) 0.427ms
[6.051s][info][gc,cpu       ] GC(233) User=0.00s Sys=0.00s Real=0.00s
[6.071s][info][gc,start     ] GC(234) Pause Young (Allocation Failure)
[6.072s][info][gc,heap      ] GC(234) PSYoungGen: 173664K->64K(174080K)
[6.072s][info][gc,heap      ] GC(234) ParOldGen: 11528K->11567K(349696K)
[6.072s][info][gc,metaspace ] GC(234) Metaspace: 13306K->13306K(1060864K)
[6.072s][info][gc           ] GC(234) Pause Young (Allocation Failure) 180M->11M(511M) 0.410ms
[6.072s][info][gc,cpu       ] GC(234) User=0.00s Sys=0.01s Real=0.00s
[6.095s][info][gc,start     ] GC(235) Pause Young (Allocation Failure)
[6.095s][info][gc,heap      ] GC(235) PSYoungGen: 173632K->128K(174080K)
[6.095s][info][gc,heap      ] GC(235) ParOldGen: 11567K->11596K(349696K)
[6.095s][info][gc,metaspace ] GC(235) Metaspace: 13306K->13306K(1060864K)
[6.095s][info][gc           ] GC(235) Pause Young (Allocation Failure) 180M->11M(511M) 0.544ms
[6.095s][info][gc,cpu       ] GC(235) User=0.00s Sys=0.00s Real=0.00s
[6.117s][info][gc,start     ] GC(236) Pause Young (Allocation Failure)
[6.118s][info][gc,heap      ] GC(236) PSYoungGen: 173696K->64K(174080K)
[6.118s][info][gc,heap      ] GC(236) ParOldGen: 11596K->11635K(349696K)
[6.118s][info][gc,metaspace ] GC(236) Metaspace: 13306K->13306K(1060864K)
[6.118s][info][gc           ] GC(236) Pause Young (Allocation Failure) 180M->11M(511M) 0.544ms
[6.118s][info][gc,cpu       ] GC(236) User=0.00s Sys=0.00s Real=0.00s
[6.141s][info][gc,start     ] GC(237) Pause Young (Allocation Failure)
[6.142s][info][gc,heap      ] GC(237) PSYoungGen: 173632K->96K(174080K)
[6.142s][info][gc,heap      ] GC(237) ParOldGen: 11635K->11665K(349696K)
[6.142s][info][gc,metaspace ] GC(237) Metaspace: 13306K->13306K(1060864K)
[6.142s][info][gc           ] GC(237) Pause Young (Allocation Failure) 180M->11M(511M) 0.349ms
[6.142s][info][gc,cpu       ] GC(237) User=0.00s Sys=0.00s Real=0.00s
[6.163s][info][gc,start     ] GC(238) Pause Young (Allocation Failure)
[6.163s][info][gc,heap      ] GC(238) PSYoungGen: 173664K->96K(174080K)
[6.163s][info][gc,heap      ] GC(238) ParOldGen: 11665K->11704K(349696K)
[6.163s][info][gc,metaspace ] GC(238) Metaspace: 13306K->13306K(1060864K)
[6.163s][info][gc           ] GC(238) Pause Young (Allocation Failure) 180M->11M(511M) 0.439ms
[6.163s][info][gc,cpu       ] GC(238) User=0.00s Sys=0.00s Real=0.00s
[6.182s][info][gc,start     ] GC(239) Pause Young (Allocation Failure)
[6.183s][info][gc,heap      ] GC(239) PSYoungGen: 173664K->64K(174080K)
[6.183s][info][gc,heap      ] GC(239) ParOldGen: 11704K->11743K(349696K)
[6.183s][info][gc,metaspace ] GC(239) Metaspace: 13306K->13306K(1060864K)
[6.183s][info][gc           ] GC(239) Pause Young (Allocation Failure) 181M->11M(511M) 0.381ms
[6.183s][info][gc,cpu       ] GC(239) User=0.00s Sys=0.00s Real=0.00s
[6.204s][info][gc,start     ] GC(240) Pause Young (Allocation Failure)
[6.205s][info][gc,heap      ] GC(240) PSYoungGen: 173632K->64K(174080K)
[6.205s][info][gc,heap      ] GC(240) ParOldGen: 11743K->11772K(349696K)
[6.205s][info][gc,metaspace ] GC(240) Metaspace: 13306K->13306K(1060864K)
[6.205s][info][gc           ] GC(240) Pause Young (Allocation Failure) 181M->11M(511M) 0.472ms
[6.205s][info][gc,cpu       ] GC(240) User=0.00s Sys=0.00s Real=0.00s
[6.225s][info][gc,start     ] GC(241) Pause Young (Allocation Failure)
[6.225s][info][gc,heap      ] GC(241) PSYoungGen: 173632K->96K(174080K)
[6.226s][info][gc,heap      ] GC(241) ParOldGen: 11772K->11811K(349696K)
[6.226s][info][gc,metaspace ] GC(241) Metaspace: 13306K->13306K(1060864K)
[6.226s][info][gc           ] GC(241) Pause Young (Allocation Failure) 181M->11M(511M) 0.407ms
[6.226s][info][gc,cpu       ] GC(241) User=0.00s Sys=0.00s Real=0.01s
[6.248s][info][gc,start     ] GC(242) Pause Young (Allocation Failure)
[6.248s][info][gc,heap      ] GC(242) PSYoungGen: 173664K->64K(174080K)
[6.248s][info][gc,heap      ] GC(242) ParOldGen: 11811K->11841K(349696K)
[6.248s][info][gc,metaspace ] GC(242) Metaspace: 13306K->13306K(1060864K)
[6.248s][info][gc           ] GC(242) Pause Young (Allocation Failure) 181M->11M(511M) 0.596ms
[6.248s][info][gc,cpu       ] GC(242) User=0.00s Sys=0.00s Real=0.00s
[6.271s][info][gc,start     ] GC(243) Pause Young (Allocation Failure)
[6.272s][info][gc,heap      ] GC(243) PSYoungGen: 173632K->64K(174080K)
[6.272s][info][gc,heap      ] GC(243) ParOldGen: 11841K->11880K(349696K)
[6.272s][info][gc,metaspace ] GC(243) Metaspace: 13306K->13306K(1060864K)
[6.272s][info][gc           ] GC(243) Pause Young (Allocation Failure) 181M->11M(511M) 0.550ms
[6.272s][info][gc,cpu       ] GC(243) User=0.00s Sys=0.00s Real=0.00s
[6.294s][info][gc,start     ] GC(244) Pause Young (Allocation Failure)
[6.294s][info][gc,heap      ] GC(244) PSYoungGen: 173632K->96K(174080K)
[6.294s][info][gc,heap      ] GC(244) ParOldGen: 11880K->11909K(349696K)
[6.294s][info][gc,metaspace ] GC(244) Metaspace: 13306K->13306K(1060864K)
[6.294s][info][gc           ] GC(244) Pause Young (Allocation Failure) 181M->11M(511M) 0.417ms
[6.294s][info][gc,cpu       ] GC(244) User=0.00s Sys=0.00s Real=0.00s
[6.316s][info][gc,start     ] GC(245) Pause Young (Allocation Failure)
[6.316s][info][gc,heap      ] GC(245) PSYoungGen: 173664K->64K(174080K)
[6.316s][info][gc,heap      ] GC(245) ParOldGen: 11909K->11948K(349696K)
[6.316s][info][gc,metaspace ] GC(245) Metaspace: 13312K->13312K(1060864K)
[6.316s][info][gc           ] GC(245) Pause Young (Allocation Failure) 181M->11M(511M) 0.629ms
[6.316s][info][gc,cpu       ] GC(245) User=0.00s Sys=0.00s Real=0.00s
[6.359s][info][gc,start     ] GC(246) Pause Young (Allocation Failure)
[6.359s][info][gc,heap      ] GC(246) PSYoungGen: 173632K->64K(174080K)
[6.359s][info][gc,heap      ] GC(246) ParOldGen: 11948K->11978K(349696K)
[6.359s][info][gc,metaspace ] GC(246) Metaspace: 13312K->13312K(1060864K)
[6.359s][info][gc           ] GC(246) Pause Young (Allocation Failure) 181M->11M(511M) 0.366ms
[6.359s][info][gc,cpu       ] GC(246) User=0.00s Sys=0.00s Real=0.00s
[6.382s][info][gc,start     ] GC(247) Pause Young (Allocation Failure)
[6.383s][info][gc,heap      ] GC(247) PSYoungGen: 173632K->64K(174080K)
[6.383s][info][gc,heap      ] GC(247) ParOldGen: 11978K->12017K(349696K)
[6.383s][info][gc,metaspace ] GC(247) Metaspace: 13312K->13312K(1060864K)
[6.383s][info][gc           ] GC(247) Pause Young (Allocation Failure) 181M->11M(511M) 0.477ms
[6.383s][info][gc,cpu       ] GC(247) User=0.00s Sys=0.00s Real=0.00s
[6.404s][info][gc,start     ] GC(248) Pause Young (Allocation Failure)
[6.404s][info][gc,heap      ] GC(248) PSYoungGen: 173632K->96K(174080K)
[6.404s][info][gc,heap      ] GC(248) ParOldGen: 12017K->12046K(349696K)
[6.404s][info][gc,metaspace ] GC(248) Metaspace: 13312K->13312K(1060864K)
[6.404s][info][gc           ] GC(248) Pause Young (Allocation Failure) 181M->11M(511M) 0.480ms
[6.404s][info][gc,cpu       ] GC(248) User=0.00s Sys=0.00s Real=0.00s
[6.423s][info][gc,start     ] GC(249) Pause Young (Allocation Failure)
[6.424s][info][gc,heap      ] GC(249) PSYoungGen: 173664K->64K(174080K)
[6.424s][info][gc,heap      ] GC(249) ParOldGen: 12046K->12085K(349696K)
[6.424s][info][gc,metaspace ] GC(249) Metaspace: 13312K->13312K(1060864K)
[6.424s][info][gc           ] GC(249) Pause Young (Allocation Failure) 181M->11M(511M) 0.467ms
[6.424s][info][gc,cpu       ] GC(249) User=0.00s Sys=0.00s Real=0.00s
[6.445s][info][gc,start     ] GC(250) Pause Young (Allocation Failure)
[6.445s][info][gc,heap      ] GC(250) PSYoungGen: 173632K->96K(174080K)
[6.445s][info][gc,heap      ] GC(250) ParOldGen: 12085K->12115K(349696K)
[6.445s][info][gc,metaspace ] GC(250) Metaspace: 13312K->13312K(1060864K)
[6.445s][info][gc           ] GC(250) Pause Young (Allocation Failure) 181M->11M(511M) 0.530ms
[6.445s][info][gc,cpu       ] GC(250) User=0.01s Sys=0.00s Real=0.00s
[6.468s][info][gc,start     ] GC(251) Pause Young (Allocation Failure)
[6.468s][info][gc,heap      ] GC(251) PSYoungGen: 173664K->64K(174080K)
[6.468s][info][gc,heap      ] GC(251) ParOldGen: 12115K->12154K(349696K)
[6.468s][info][gc,metaspace ] GC(251) Metaspace: 13312K->13312K(1060864K)
[6.468s][info][gc           ] GC(251) Pause Young (Allocation Failure) 181M->11M(511M) 0.436ms
[6.468s][info][gc,cpu       ] GC(251) User=0.00s Sys=0.00s Real=0.00s
[6.488s][info][gc,start     ] GC(252) Pause Young (Allocation Failure)
[6.488s][info][gc,heap      ] GC(252) PSYoungGen: 173632K->96K(174080K)
[6.489s][info][gc,heap      ] GC(252) ParOldGen: 12154K->12193K(349696K)
[6.489s][info][gc,metaspace ] GC(252) Metaspace: 13312K->13312K(1060864K)
[6.489s][info][gc           ] GC(252) Pause Young (Allocation Failure) 181M->12M(511M) 0.399ms
[6.489s][info][gc,cpu       ] GC(252) User=0.00s Sys=0.00s Real=0.00s
[6.510s][info][gc,start     ] GC(253) Pause Young (Allocation Failure)
[6.511s][info][gc,heap      ] GC(253) PSYoungGen: 173664K->96K(174080K)
[6.511s][info][gc,heap      ] GC(253) ParOldGen: 12193K->12222K(349696K)
[6.511s][info][gc,metaspace ] GC(253) Metaspace: 13312K->13312K(1060864K)
[6.511s][info][gc           ] GC(253) Pause Young (Allocation Failure) 181M->12M(511M) 0.380ms
[6.511s][info][gc,cpu       ] GC(253) User=0.00s Sys=0.00s Real=0.00s
[6.530s][info][gc,start     ] GC(254) Pause Young (Allocation Failure)
[6.531s][info][gc,heap      ] GC(254) PSYoungGen: 173664K->64K(174080K)
[6.531s][info][gc,heap      ] GC(254) ParOldGen: 12222K->12261K(349696K)
[6.531s][info][gc,metaspace ] GC(254) Metaspace: 13312K->13312K(1060864K)
[6.531s][info][gc           ] GC(254) Pause Young (Allocation Failure) 181M->12M(511M) 0.385ms
[6.531s][info][gc,cpu       ] GC(254) User=0.00s Sys=0.00s Real=0.00s
[6.551s][info][gc,start     ] GC(255) Pause Young (Allocation Failure)
[6.552s][info][gc,heap      ] GC(255) PSYoungGen: 173632K->96K(174080K)
[6.552s][info][gc,heap      ] GC(255) ParOldGen: 12261K->12291K(349696K)
[6.552s][info][gc,metaspace ] GC(255) Metaspace: 13312K->13312K(1060864K)
[6.552s][info][gc           ] GC(255) Pause Young (Allocation Failure) 181M->12M(511M) 0.408ms
[6.552s][info][gc,cpu       ] GC(255) User=0.00s Sys=0.00s Real=0.00s
[6.571s][info][gc,start     ] GC(256) Pause Young (Allocation Failure)
[6.571s][info][gc,heap      ] GC(256) PSYoungGen: 173664K->64K(174080K)
[6.571s][info][gc,heap      ] GC(256) ParOldGen: 12291K->12330K(349696K)
[6.571s][info][gc,metaspace ] GC(256) Metaspace: 13312K->13312K(1060864K)
[6.571s][info][gc           ] GC(256) Pause Young (Allocation Failure) 181M->12M(511M) 0.366ms
[6.571s][info][gc,cpu       ] GC(256) User=0.00s Sys=0.00s Real=0.00s
[6.591s][info][gc,start     ] GC(257) Pause Young (Allocation Failure)
[6.592s][info][gc,heap      ] GC(257) PSYoungGen: 173632K->64K(174080K)
[6.592s][info][gc,heap      ] GC(257) ParOldGen: 12330K->12359K(349696K)
[6.592s][info][gc,metaspace ] GC(257) Metaspace: 13312K->13312K(1060864K)
[6.592s][info][gc           ] GC(257) Pause Young (Allocation Failure) 181M->12M(511M) 0.528ms
[6.592s][info][gc,cpu       ] GC(257) User=0.00s Sys=0.00s Real=0.00s
[6.615s][info][gc,start     ] GC(258) Pause Young (Allocation Failure)
[6.615s][info][gc,heap      ] GC(258) PSYoungGen: 173632K->64K(174080K)
[6.616s][info][gc,heap      ] GC(258) ParOldGen: 12359K->12398K(349696K)
[6.616s][info][gc,metaspace ] GC(258) Metaspace: 13312K->13312K(1060864K)
[6.616s][info][gc           ] GC(258) Pause Young (Allocation Failure) 181M->12M(511M) 0.459ms
[6.616s][info][gc,cpu       ] GC(258) User=0.00s Sys=0.00s Real=0.01s
[6.640s][info][gc,start     ] GC(259) Pause Young (Allocation Failure)
[6.640s][info][gc,heap      ] GC(259) PSYoungGen: 173632K->96K(174080K)
[6.640s][info][gc,heap      ] GC(259) ParOldGen: 12398K->12428K(349696K)
[6.640s][info][gc,metaspace ] GC(259) Metaspace: 13312K->13312K(1060864K)
[6.640s][info][gc           ] GC(259) Pause Young (Allocation Failure) 181M->12M(511M) 0.437ms
[6.640s][info][gc,cpu       ] GC(259) User=0.00s Sys=0.00s Real=0.00s
[6.663s][info][gc,start     ] GC(260) Pause Young (Allocation Failure)
[6.663s][info][gc,heap      ] GC(260) PSYoungGen: 173664K->96K(174080K)
[6.663s][info][gc,heap      ] GC(260) ParOldGen: 12428K->12467K(349696K)
[6.663s][info][gc,metaspace ] GC(260) Metaspace: 13312K->13312K(1060864K)
[6.663s][info][gc           ] GC(260) Pause Young (Allocation Failure) 181M->12M(511M) 0.446ms
[6.663s][info][gc,cpu       ] GC(260) User=0.00s Sys=0.00s Real=0.00s
[6.688s][info][gc,start     ] GC(261) Pause Young (Allocation Failure)
[6.688s][info][gc,heap      ] GC(261) PSYoungGen: 173664K->96K(174080K)
[6.688s][info][gc,heap      ] GC(261) ParOldGen: 12467K->12496K(349696K)
[6.688s][info][gc,metaspace ] GC(261) Metaspace: 13312K->13312K(1060864K)
[6.688s][info][gc           ] GC(261) Pause Young (Allocation Failure) 181M->12M(511M) 0.395ms
[6.688s][info][gc,cpu       ] GC(261) User=0.00s Sys=0.00s Real=0.00s
[6.708s][info][gc,start     ] GC(262) Pause Young (Allocation Failure)
[6.709s][info][gc,heap      ] GC(262) PSYoungGen: 173664K->64K(174080K)
[6.709s][info][gc,heap      ] GC(262) ParOldGen: 12496K->12535K(349696K)
[6.709s][info][gc,metaspace ] GC(262) Metaspace: 13312K->13312K(1060864K)
[6.709s][info][gc           ] GC(262) Pause Young (Allocation Failure) 181M->12M(511M) 0.505ms
[6.709s][info][gc,cpu       ] GC(262) User=0.00s Sys=0.00s Real=0.00s
[6.734s][info][gc,start     ] GC(263) Pause Young (Allocation Failure)
[6.734s][info][gc,heap      ] GC(263) PSYoungGen: 173632K->96K(174080K)
[6.735s][info][gc,heap      ] GC(263) ParOldGen: 12535K->12565K(349696K)
[6.735s][info][gc,metaspace ] GC(263) Metaspace: 13312K->13312K(1060864K)
[6.735s][info][gc           ] GC(263) Pause Young (Allocation Failure) 181M->12M(511M) 0.442ms
[6.735s][info][gc,cpu       ] GC(263) User=0.00s Sys=0.00s Real=0.00s
[6.758s][info][gc,start     ] GC(264) Pause Young (Allocation Failure)
[6.758s][info][gc,heap      ] GC(264) PSYoungGen: 173664K->96K(174080K)
[6.758s][info][gc,heap      ] GC(264) ParOldGen: 12565K->12604K(349696K)
[6.758s][info][gc,metaspace ] GC(264) Metaspace: 13312K->13312K(1060864K)
[6.758s][info][gc           ] GC(264) Pause Young (Allocation Failure) 181M->12M(511M) 0.431ms
[6.758s][info][gc,cpu       ] GC(264) User=0.00s Sys=0.00s Real=0.00s
[6.781s][info][gc,start     ] GC(265) Pause Young (Allocation Failure)
[6.781s][info][gc,heap      ] GC(265) PSYoungGen: 173664K->64K(174080K)
[6.781s][info][gc,heap      ] GC(265) ParOldGen: 12604K->12643K(349696K)
[6.781s][info][gc,metaspace ] GC(265) Metaspace: 13312K->13312K(1060864K)
[6.781s][info][gc           ] GC(265) Pause Young (Allocation Failure) 181M->12M(511M) 0.476ms
[6.781s][info][gc,cpu       ] GC(265) User=0.00s Sys=0.01s Real=0.00s
[6.805s][info][gc,start     ] GC(266) Pause Young (Allocation Failure)
[6.806s][info][gc,heap      ] GC(266) PSYoungGen: 173632K->96K(174080K)
[6.806s][info][gc,heap      ] GC(266) ParOldGen: 12643K->12672K(349696K)
[6.806s][info][gc,metaspace ] GC(266) Metaspace: 13312K->13312K(1060864K)
[6.806s][info][gc           ] GC(266) Pause Young (Allocation Failure) 181M->12M(511M) 0.742ms
[6.806s][info][gc,cpu       ] GC(266) User=0.00s Sys=0.00s Real=0.01s
[6.827s][info][gc,start     ] GC(267) Pause Young (Allocation Failure)
[6.828s][info][gc,heap      ] GC(267) PSYoungGen: 173664K->64K(174080K)
[6.828s][info][gc,heap      ] GC(267) ParOldGen: 12672K->12711K(349696K)
[6.828s][info][gc,metaspace ] GC(267) Metaspace: 13312K->13312K(1060864K)
[6.828s][info][gc           ] GC(267) Pause Young (Allocation Failure) 181M->12M(511M) 0.609ms
[6.828s][info][gc,cpu       ] GC(267) User=0.01s Sys=0.00s Real=0.00s
[6.851s][info][gc,start     ] GC(268) Pause Young (Allocation Failure)
[6.851s][info][gc,heap      ] GC(268) PSYoungGen: 173632K->96K(174080K)
[6.851s][info][gc,heap      ] GC(268) ParOldGen: 12711K->12741K(349696K)
[6.851s][info][gc,metaspace ] GC(268) Metaspace: 13312K->13312K(1060864K)
[6.851s][info][gc           ] GC(268) Pause Young (Allocation Failure) 181M->12M(511M) 0.432ms
[6.851s][info][gc,cpu       ] GC(268) User=0.00s Sys=0.00s Real=0.00s
[6.871s][info][gc,start     ] GC(269) Pause Young (Allocation Failure)
[6.871s][info][gc,heap      ] GC(269) PSYoungGen: 173664K->64K(174080K)
[6.871s][info][gc,heap      ] GC(269) ParOldGen: 12741K->12780K(349696K)
[6.871s][info][gc,metaspace ] GC(269) Metaspace: 13312K->13312K(1060864K)
[6.871s][info][gc           ] GC(269) Pause Young (Allocation Failure) 182M->12M(511M) 0.431ms
[6.871s][info][gc,cpu       ] GC(269) User=0.00s Sys=0.00s Real=0.00s
[6.892s][info][gc,start     ] GC(270) Pause Young (Allocation Failure)
[6.893s][info][gc,heap      ] GC(270) PSYoungGen: 173632K->64K(174080K)
[6.893s][info][gc,heap      ] GC(270) ParOldGen: 12780K->12809K(349696K)
[6.893s][info][gc,metaspace ] GC(270) Metaspace: 13312K->13312K(1060864K)
[6.893s][info][gc           ] GC(270) Pause Young (Allocation Failure) 182M->12M(511M) 0.581ms
[6.893s][info][gc,cpu       ] GC(270) User=0.00s Sys=0.00s Real=0.00s
[6.914s][info][gc,start     ] GC(271) Pause Young (Allocation Failure)
[6.914s][info][gc,heap      ] GC(271) PSYoungGen: 173632K->64K(174080K)
[6.914s][info][gc,heap      ] GC(271) ParOldGen: 12809K->12848K(349696K)
[6.914s][info][gc,metaspace ] GC(271) Metaspace: 13312K->13312K(1060864K)
[6.914s][info][gc           ] GC(271) Pause Young (Allocation Failure) 182M->12M(511M) 0.628ms
[6.914s][info][gc,cpu       ] GC(271) User=0.00s Sys=0.00s Real=0.00s
[6.940s][info][gc,start     ] GC(272) Pause Young (Allocation Failure)
[6.940s][info][gc,heap      ] GC(272) PSYoungGen: 173632K->64K(174080K)
[6.940s][info][gc,heap      ] GC(272) ParOldGen: 12848K->12878K(349696K)
[6.940s][info][gc,metaspace ] GC(272) Metaspace: 13312K->13312K(1060864K)
[6.940s][info][gc           ] GC(272) Pause Young (Allocation Failure) 182M->12M(511M) 0.539ms
[6.940s][info][gc,cpu       ] GC(272) User=0.00s Sys=0.00s Real=0.00s
[6.962s][info][gc,start     ] GC(273) Pause Young (Allocation Failure)
[6.963s][info][gc,heap      ] GC(273) PSYoungGen: 173632K->64K(174080K)
[6.963s][info][gc,heap      ] GC(273) ParOldGen: 12878K->12917K(349696K)
[6.963s][info][gc,metaspace ] GC(273) Metaspace: 13312K->13312K(1060864K)
[6.963s][info][gc           ] GC(273) Pause Young (Allocation Failure) 182M->12M(511M) 0.427ms
[6.963s][info][gc,cpu       ] GC(273) User=0.00s Sys=0.00s Real=0.00s
[6.987s][info][gc,start     ] GC(274) Pause Young (Allocation Failure)
[6.987s][info][gc,heap      ] GC(274) PSYoungGen: 173632K->96K(174080K)
[6.987s][info][gc,heap      ] GC(274) ParOldGen: 12917K->12946K(349696K)
[6.987s][info][gc,metaspace ] GC(274) Metaspace: 13312K->13312K(1060864K)
[6.987s][info][gc           ] GC(274) Pause Young (Allocation Failure) 182M->12M(511M) 0.526ms
[6.987s][info][gc,cpu       ] GC(274) User=0.00s Sys=0.00s Real=0.00s
[7.010s][info][gc,start     ] GC(275) Pause Young (Allocation Failure)
[7.010s][info][gc,heap      ] GC(275) PSYoungGen: 173664K->64K(174080K)
[7.010s][info][gc,heap      ] GC(275) ParOldGen: 12946K->12985K(349696K)
[7.010s][info][gc,metaspace ] GC(275) Metaspace: 13312K->13312K(1060864K)
[7.010s][info][gc           ] GC(275) Pause Young (Allocation Failure) 182M->12M(511M) 0.424ms
[7.010s][info][gc,cpu       ] GC(275) User=0.01s Sys=0.00s Real=0.00s
[7.033s][info][gc,start     ] GC(276) Pause Young (Allocation Failure)
[7.033s][info][gc,heap      ] GC(276) PSYoungGen: 173632K->96K(174080K)
[7.033s][info][gc,heap      ] GC(276) ParOldGen: 12985K->13015K(349696K)
[7.033s][info][gc,metaspace ] GC(276) Metaspace: 13312K->13312K(1060864K)
[7.033s][info][gc           ] GC(276) Pause Young (Allocation Failure) 182M->12M(511M) 0.483ms
[7.033s][info][gc,cpu       ] GC(276) User=0.00s Sys=0.00s Real=0.00s
[7.058s][info][gc,start     ] GC(277) Pause Young (Allocation Failure)
[7.058s][info][gc,heap      ] GC(277) PSYoungGen: 173664K->64K(174080K)
[7.058s][info][gc,heap      ] GC(277) ParOldGen: 13015K->13054K(349696K)
[7.058s][info][gc,metaspace ] GC(277) Metaspace: 13312K->13312K(1060864K)
[7.058s][info][gc           ] GC(277) Pause Young (Allocation Failure) 182M->12M(511M) 0.471ms
[7.058s][info][gc,cpu       ] GC(277) User=0.00s Sys=0.00s Real=0.00s
[7.078s][info][gc,start     ] GC(278) Pause Young (Allocation Failure)
[7.079s][info][gc,heap      ] GC(278) PSYoungGen: 173632K->64K(174080K)
[7.079s][info][gc,heap      ] GC(278) ParOldGen: 13054K->13093K(349696K)
[7.079s][info][gc,metaspace ] GC(278) Metaspace: 13312K->13312K(1060864K)
[7.079s][info][gc           ] GC(278) Pause Young (Allocation Failure) 182M->12M(511M) 0.419ms
[7.079s][info][gc,cpu       ] GC(278) User=0.00s Sys=0.00s Real=0.00s
[7.100s][info][gc,start     ] GC(279) Pause Young (Allocation Failure)
[7.100s][info][gc,heap      ] GC(279) PSYoungGen: 173632K->64K(174080K)
[7.100s][info][gc,heap      ] GC(279) ParOldGen: 13093K->13122K(349696K)
[7.100s][info][gc,metaspace ] GC(279) Metaspace: 13312K->13312K(1060864K)
[7.100s][info][gc           ] GC(279) Pause Young (Allocation Failure) 182M->12M(511M) 0.458ms
[7.100s][info][gc,cpu       ] GC(279) User=0.00s Sys=0.00s Real=0.00s
[7.125s][info][gc,start     ] GC(280) Pause Young (Allocation Failure)
[7.125s][info][gc,heap      ] GC(280) PSYoungGen: 173632K->64K(174080K)
[7.125s][info][gc,heap      ] GC(280) ParOldGen: 13122K->13161K(349696K)
[7.125s][info][gc,metaspace ] GC(280) Metaspace: 13312K->13312K(1060864K)
[7.125s][info][gc           ] GC(280) Pause Young (Allocation Failure) 182M->12M(511M) 0.503ms
[7.125s][info][gc,cpu       ] GC(280) User=0.00s Sys=0.00s Real=0.00s
[7.150s][info][gc,start     ] GC(281) Pause Young (Allocation Failure)
[7.150s][info][gc,heap      ] GC(281) PSYoungGen: 173632K->96K(174080K)
[7.150s][info][gc,heap      ] GC(281) ParOldGen: 13161K->13191K(349696K)
[7.150s][info][gc,metaspace ] GC(281) Metaspace: 13312K->13312K(1060864K)
[7.151s][info][gc           ] GC(281) Pause Young (Allocation Failure) 182M->12M(511M) 0.537ms
[7.151s][info][gc,cpu       ] GC(281) User=0.00s Sys=0.00s Real=0.00s
[7.173s][info][gc,start     ] GC(282) Pause Young (Allocation Failure)
[7.173s][info][gc,heap      ] GC(282) PSYoungGen: 173664K->64K(174080K)
[7.173s][info][gc,heap      ] GC(282) ParOldGen: 13191K->13230K(349696K)
[7.173s][info][gc,metaspace ] GC(282) Metaspace: 13312K->13312K(1060864K)
[7.173s][info][gc           ] GC(282) Pause Young (Allocation Failure) 182M->12M(511M) 0.494ms
[7.173s][info][gc,cpu       ] GC(282) User=0.00s Sys=0.00s Real=0.00s
[7.198s][info][gc,start     ] GC(283) Pause Young (Allocation Failure)
[7.198s][info][gc,heap      ] GC(283) PSYoungGen: 173632K->64K(174080K)
[7.198s][info][gc,heap      ] GC(283) ParOldGen: 13230K->13259K(349696K)
[7.198s][info][gc,metaspace ] GC(283) Metaspace: 13312K->13312K(1060864K)
[7.198s][info][gc           ] GC(283) Pause Young (Allocation Failure) 182M->13M(511M) 0.564ms
[7.198s][info][gc,cpu       ] GC(283) User=0.00s Sys=0.00s Real=0.00s
[7.220s][info][gc,start     ] GC(284) Pause Young (Allocation Failure)
[7.220s][info][gc,heap      ] GC(284) PSYoungGen: 173632K->64K(174080K)
[7.220s][info][gc,heap      ] GC(284) ParOldGen: 13259K->13298K(349696K)
[7.220s][info][gc,metaspace ] GC(284) Metaspace: 13312K->13312K(1060864K)
[7.220s][info][gc           ] GC(284) Pause Young (Allocation Failure) 182M->13M(511M) 0.338ms
[7.220s][info][gc,cpu       ] GC(284) User=0.00s Sys=0.00s Real=0.00s
[7.240s][info][gc,start     ] GC(285) Pause Young (Allocation Failure)
[7.241s][info][gc,heap      ] GC(285) PSYoungGen: 173632K->96K(174080K)
[7.241s][info][gc,heap      ] GC(285) ParOldGen: 13298K->13328K(349696K)
[7.241s][info][gc,metaspace ] GC(285) Metaspace: 13312K->13312K(1060864K)
[7.241s][info][gc           ] GC(285) Pause Young (Allocation Failure) 182M->13M(511M) 0.461ms
[7.241s][info][gc,cpu       ] GC(285) User=0.00s Sys=0.00s Real=0.00s
[7.260s][info][gc,start     ] GC(286) Pause Young (Allocation Failure)
[7.260s][info][gc,heap      ] GC(286) PSYoungGen: 173664K->64K(174080K)
[7.260s][info][gc,heap      ] GC(286) ParOldGen: 13328K->13367K(349696K)
[7.260s][info][gc,metaspace ] GC(286) Metaspace: 13312K->13312K(1060864K)
[7.260s][info][gc           ] GC(286) Pause Young (Allocation Failure) 182M->13M(511M) 0.443ms
[7.260s][info][gc,cpu       ] GC(286) User=0.00s Sys=0.00s Real=0.00s
[7.282s][info][gc,start     ] GC(287) Pause Young (Allocation Failure)
[7.282s][info][gc,heap      ] GC(287) PSYoungGen: 173632K->96K(174080K)
[7.282s][info][gc,heap      ] GC(287) ParOldGen: 13367K->13396K(349696K)
[7.282s][info][gc,metaspace ] GC(287) Metaspace: 13312K->13312K(1060864K)
[7.282s][info][gc           ] GC(287) Pause Young (Allocation Failure) 182M->13M(511M) 0.385ms
[7.282s][info][gc,cpu       ] GC(287) User=0.00s Sys=0.00s Real=0.00s
[7.302s][info][gc,start     ] GC(288) Pause Young (Allocation Failure)
[7.303s][info][gc,heap      ] GC(288) PSYoungGen: 173664K->224K(174080K)
[7.303s][info][gc,heap      ] GC(288) ParOldGen: 13396K->13435K(349696K)
[7.303s][info][gc,metaspace ] GC(288) Metaspace: 13318K->13318K(1060864K)
[7.303s][info][gc           ] GC(288) Pause Young (Allocation Failure) 182M->13M(511M) 0.494ms
[7.303s][info][gc,cpu       ] GC(288) User=0.01s Sys=0.00s Real=0.00s
[7.339s][info][gc,start     ] GC(289) Pause Young (Allocation Failure)
[7.340s][info][gc,heap      ] GC(289) PSYoungGen: 173792K->256K(174080K)
[7.340s][info][gc,heap      ] GC(289) ParOldGen: 13435K->13464K(349696K)
[7.340s][info][gc,metaspace ] GC(289) Metaspace: 13332K->13332K(1060864K)
[7.340s][info][gc           ] GC(289) Pause Young (Allocation Failure) 182M->13M(511M) 0.468ms
[7.340s][info][gc,cpu       ] GC(289) User=0.00s Sys=0.00s Real=0.00s
[7.370s][info][gc,start     ] GC(290) Pause Young (Allocation Failure)
[7.370s][info][gc,heap      ] GC(290) PSYoungGen: 173824K->64K(174080K)
[7.370s][info][gc,heap      ] GC(290) ParOldGen: 13464K->13560K(349696K)
[7.370s][info][gc,metaspace ] GC(290) Metaspace: 13332K->13332K(1060864K)
[7.370s][info][gc           ] GC(290) Pause Young (Allocation Failure) 182M->13M(511M) 0.550ms
[7.370s][info][gc,cpu       ] GC(290) User=0.00s Sys=0.00s Real=0.00s
[7.394s][info][gc,start     ] GC(291) Pause Young (Allocation Failure)
[7.394s][info][gc,heap      ] GC(291) PSYoungGen: 173632K->96K(174080K)
[7.394s][info][gc,heap      ] GC(291) ParOldGen: 13560K->13589K(349696K)
[7.394s][info][gc,metaspace ] GC(291) Metaspace: 13332K->13332K(1060864K)
[7.394s][info][gc           ] GC(291) Pause Young (Allocation Failure) 182M->13M(511M) 0.439ms
[7.394s][info][gc,cpu       ] GC(291) User=0.00s Sys=0.00s Real=0.00s
[7.418s][info][gc,start     ] GC(292) Pause Young (Allocation Failure)
[7.419s][info][gc,heap      ] GC(292) PSYoungGen: 173664K->64K(174080K)
[7.419s][info][gc,heap      ] GC(292) ParOldGen: 13589K->13628K(349696K)
[7.419s][info][gc,metaspace ] GC(292) Metaspace: 13332K->13332K(1060864K)
[7.419s][info][gc           ] GC(292) Pause Young (Allocation Failure) 182M->13M(511M) 0.540ms
[7.419s][info][gc,cpu       ] GC(292) User=0.00s Sys=0.00s Real=0.00s
[7.442s][info][gc,start     ] GC(293) Pause Young (Allocation Failure)
[7.442s][info][gc,heap      ] GC(293) PSYoungGen: 173632K->64K(174080K)
[7.442s][info][gc,heap      ] GC(293) ParOldGen: 13628K->13667K(349696K)
[7.442s][info][gc,metaspace ] GC(293) Metaspace: 13332K->13332K(1060864K)
[7.442s][info][gc           ] GC(293) Pause Young (Allocation Failure) 182M->13M(511M) 0.490ms
[7.442s][info][gc,cpu       ] GC(293) User=0.00s Sys=0.00s Real=0.00s
[7.465s][info][gc,start     ] GC(294) Pause Young (Allocation Failure)
[7.466s][info][gc,heap      ] GC(294) PSYoungGen: 173632K->96K(174080K)
[7.466s][info][gc,heap      ] GC(294) ParOldGen: 13667K->13697K(349696K)
[7.466s][info][gc,metaspace ] GC(294) Metaspace: 13332K->13332K(1060864K)
[7.466s][info][gc           ] GC(294) Pause Young (Allocation Failure) 182M->13M(511M) 0.604ms
[7.466s][info][gc,cpu       ] GC(294) User=0.00s Sys=0.01s Real=0.01s
[7.490s][info][gc,start     ] GC(295) Pause Young (Allocation Failure)
[7.491s][info][gc,heap      ] GC(295) PSYoungGen: 173664K->96K(174080K)
[7.491s][info][gc,heap      ] GC(295) ParOldGen: 13697K->13736K(349696K)
[7.491s][info][gc,metaspace ] GC(295) Metaspace: 13332K->13332K(1060864K)
[7.491s][info][gc           ] GC(295) Pause Young (Allocation Failure) 182M->13M(511M) 0.442ms
[7.491s][info][gc,cpu       ] GC(295) User=0.00s Sys=0.00s Real=0.00s
[7.515s][info][gc,start     ] GC(296) Pause Young (Allocation Failure)
[7.516s][info][gc,heap      ] GC(296) PSYoungGen: 173664K->96K(174080K)
[7.516s][info][gc,heap      ] GC(296) ParOldGen: 13736K->13765K(349696K)
[7.516s][info][gc,metaspace ] GC(296) Metaspace: 13332K->13332K(1060864K)
[7.516s][info][gc           ] GC(296) Pause Young (Allocation Failure) 183M->13M(511M) 0.589ms
[7.516s][info][gc,cpu       ] GC(296) User=0.00s Sys=0.00s Real=0.01s
[7.536s][info][gc,start     ] GC(297) Pause Young (Allocation Failure)
[7.536s][info][gc,heap      ] GC(297) PSYoungGen: 173664K->64K(174080K)
[7.536s][info][gc,heap      ] GC(297) ParOldGen: 13765K->13804K(349696K)
[7.536s][info][gc,metaspace ] GC(297) Metaspace: 13332K->13332K(1060864K)
[7.536s][info][gc           ] GC(297) Pause Young (Allocation Failure) 183M->13M(511M) 0.458ms
[7.536s][info][gc,cpu       ] GC(297) User=0.00s Sys=0.00s Real=0.00s
[7.557s][info][gc,start     ] GC(298) Pause Young (Allocation Failure)
[7.558s][info][gc,heap      ] GC(298) PSYoungGen: 173632K->64K(174080K)
[7.558s][info][gc,heap      ] GC(298) ParOldGen: 13804K->13833K(349696K)
[7.558s][info][gc,metaspace ] GC(298) Metaspace: 13332K->13332K(1060864K)
[7.558s][info][gc           ] GC(298) Pause Young (Allocation Failure) 183M->13M(511M) 0.684ms
[7.558s][info][gc,cpu       ] GC(298) User=0.00s Sys=0.00s Real=0.00s
[7.579s][info][gc,start     ] GC(299) Pause Young (Allocation Failure)
[7.580s][info][gc,heap      ] GC(299) PSYoungGen: 173632K->64K(174080K)
[7.580s][info][gc,heap      ] GC(299) ParOldGen: 13833K->13873K(349696K)
[7.580s][info][gc,metaspace ] GC(299) Metaspace: 13332K->13332K(1060864K)
[7.580s][info][gc           ] GC(299) Pause Young (Allocation Failure) 183M->13M(511M) 0.600ms
[7.580s][info][gc,cpu       ] GC(299) User=0.00s Sys=0.00s Real=0.00s
[7.604s][info][gc,start     ] GC(300) Pause Young (Allocation Failure)
[7.605s][info][gc,heap      ] GC(300) PSYoungGen: 173632K->96K(174080K)
[7.605s][info][gc,heap      ] GC(300) ParOldGen: 13873K->13902K(349696K)
[7.605s][info][gc,metaspace ] GC(300) Metaspace: 13332K->13332K(1060864K)
[7.605s][info][gc           ] GC(300) Pause Young (Allocation Failure) 183M->13M(511M) 0.751ms
[7.605s][info][gc,cpu       ] GC(300) User=0.00s Sys=0.00s Real=0.00s
[7.628s][info][gc,start     ] GC(301) Pause Young (Allocation Failure)
[7.628s][info][gc,heap      ] GC(301) PSYoungGen: 173664K->64K(174080K)
[7.628s][info][gc,heap      ] GC(301) ParOldGen: 13902K->13941K(349696K)
[7.628s][info][gc,metaspace ] GC(301) Metaspace: 13332K->13332K(1060864K)
[7.628s][info][gc           ] GC(301) Pause Young (Allocation Failure) 183M->13M(511M) 0.442ms
[7.628s][info][gc,cpu       ] GC(301) User=0.00s Sys=0.00s Real=0.00s
[7.652s][info][gc,start     ] GC(302) Pause Young (Allocation Failure)
[7.653s][info][gc,heap      ] GC(302) PSYoungGen: 173632K->96K(174080K)
[7.653s][info][gc,heap      ] GC(302) ParOldGen: 13941K->13970K(349696K)
[7.653s][info][gc,metaspace ] GC(302) Metaspace: 13332K->13332K(1060864K)
[7.653s][info][gc           ] GC(302) Pause Young (Allocation Failure) 183M->13M(511M) 0.566ms
[7.653s][info][gc,cpu       ] GC(302) User=0.00s Sys=0.00s Real=0.00s
[7.675s][info][gc,start     ] GC(303) Pause Young (Allocation Failure)
[7.675s][info][gc,heap      ] GC(303) PSYoungGen: 173664K->64K(174080K)
[7.675s][info][gc,heap      ] GC(303) ParOldGen: 13970K->14010K(349696K)
[7.675s][info][gc,metaspace ] GC(303) Metaspace: 13332K->13332K(1060864K)
[7.676s][info][gc           ] GC(303) Pause Young (Allocation Failure) 183M->13M(511M) 0.442ms
[7.676s][info][gc,cpu       ] GC(303) User=0.00s Sys=0.00s Real=0.01s
[7.697s][info][gc,start     ] GC(304) Pause Young (Allocation Failure)
[7.698s][info][gc,heap      ] GC(304) PSYoungGen: 173632K->96K(174080K)
[7.698s][info][gc,heap      ] GC(304) ParOldGen: 14010K->14039K(349696K)
[7.698s][info][gc,metaspace ] GC(304) Metaspace: 13332K->13332K(1060864K)
[7.698s][info][gc           ] GC(304) Pause Young (Allocation Failure) 183M->13M(511M) 0.475ms
[7.698s][info][gc,cpu       ] GC(304) User=0.00s Sys=0.00s Real=0.00s
[7.719s][info][gc,start     ] GC(305) Pause Young (Allocation Failure)
[7.719s][info][gc,heap      ] GC(305) PSYoungGen: 173664K->64K(174080K)
[7.719s][info][gc,heap      ] GC(305) ParOldGen: 14039K->14078K(349696K)
[7.719s][info][gc,metaspace ] GC(305) Metaspace: 13332K->13332K(1060864K)
[7.719s][info][gc           ] GC(305) Pause Young (Allocation Failure) 183M->13M(511M) 0.437ms
[7.719s][info][gc,cpu       ] GC(305) User=0.00s Sys=0.00s Real=0.00s
[7.740s][info][gc,start     ] GC(306) Pause Young (Allocation Failure)
[7.740s][info][gc,heap      ] GC(306) PSYoungGen: 173632K->64K(174080K)
[7.740s][info][gc,heap      ] GC(306) ParOldGen: 14078K->14117K(349696K)
[7.740s][info][gc,metaspace ] GC(306) Metaspace: 13332K->13332K(1060864K)
[7.740s][info][gc           ] GC(306) Pause Young (Allocation Failure) 183M->13M(511M) 0.402ms
[7.740s][info][gc,cpu       ] GC(306) User=0.00s Sys=0.00s Real=0.00s
[7.762s][info][gc,start     ] GC(307) Pause Young (Allocation Failure)
[7.762s][info][gc,heap      ] GC(307) PSYoungGen: 173632K->96K(174080K)
[7.762s][info][gc,heap      ] GC(307) ParOldGen: 14117K->14146K(349696K)
[7.762s][info][gc,metaspace ] GC(307) Metaspace: 13332K->13332K(1060864K)
[7.762s][info][gc           ] GC(307) Pause Young (Allocation Failure) 183M->13M(511M) 0.515ms
[7.762s][info][gc,cpu       ] GC(307) User=0.00s Sys=0.00s Real=0.00s
[7.784s][info][gc,start     ] GC(308) Pause Young (Allocation Failure)
[7.785s][info][gc,heap      ] GC(308) PSYoungGen: 173664K->96K(174080K)
[7.785s][info][gc,heap      ] GC(308) ParOldGen: 14146K->14186K(349696K)
[7.785s][info][gc,metaspace ] GC(308) Metaspace: 13332K->13332K(1060864K)
[7.785s][info][gc           ] GC(308) Pause Young (Allocation Failure) 183M->13M(511M) 0.425ms
[7.785s][info][gc,cpu       ] GC(308) User=0.00s Sys=0.00s Real=0.00s
[7.807s][info][gc,start     ] GC(309) Pause Young (Allocation Failure)
[7.807s][info][gc,heap      ] GC(309) PSYoungGen: 173664K->64K(174080K)
[7.807s][info][gc,heap      ] GC(309) ParOldGen: 14186K->14215K(349696K)
[7.807s][info][gc,metaspace ] GC(309) Metaspace: 13332K->13332K(1060864K)
[7.807s][info][gc           ] GC(309) Pause Young (Allocation Failure) 183M->13M(511M) 0.522ms
[7.807s][info][gc,cpu       ] GC(309) User=0.00s Sys=0.01s Real=0.00s
[7.829s][info][gc,start     ] GC(310) Pause Young (Allocation Failure)
[7.830s][info][gc,heap      ] GC(310) PSYoungGen: 173632K->64K(174080K)
[7.830s][info][gc,heap      ] GC(310) ParOldGen: 14215K->14254K(349696K)
[7.830s][info][gc,metaspace ] GC(310) Metaspace: 13332K->13332K(1060864K)
[7.830s][info][gc           ] GC(310) Pause Young (Allocation Failure) 183M->13M(511M) 0.574ms
[7.830s][info][gc,cpu       ] GC(310) User=0.00s Sys=0.00s Real=0.00s
[7.854s][info][gc,start     ] GC(311) Pause Young (Allocation Failure)
[7.855s][info][gc,heap      ] GC(311) PSYoungGen: 173632K->96K(174080K)
[7.855s][info][gc,heap      ] GC(311) ParOldGen: 14254K->14283K(349696K)
[7.855s][info][gc,metaspace ] GC(311) Metaspace: 13332K->13332K(1060864K)
[7.855s][info][gc           ] GC(311) Pause Young (Allocation Failure) 183M->14M(511M) 0.494ms
[7.855s][info][gc,cpu       ] GC(311) User=0.00s Sys=0.00s Real=0.00s
[7.878s][info][gc,start     ] GC(312) Pause Young (Allocation Failure)
[7.878s][info][gc,heap      ] GC(312) PSYoungGen: 173664K->64K(174080K)
[7.878s][info][gc,heap      ] GC(312) ParOldGen: 14283K->14323K(349696K)
[7.878s][info][gc,metaspace ] GC(312) Metaspace: 13332K->13332K(1060864K)
[7.878s][info][gc           ] GC(312) Pause Young (Allocation Failure) 183M->14M(511M) 0.508ms
[7.878s][info][gc,cpu       ] GC(312) User=0.00s Sys=0.00s Real=0.00s
[7.901s][info][gc,start     ] GC(313) Pause Young (Allocation Failure)
[7.901s][info][gc,heap      ] GC(313) PSYoungGen: 173632K->128K(174080K)
[7.901s][info][gc,heap      ] GC(313) ParOldGen: 14323K->14352K(349696K)
[7.901s][info][gc,metaspace ] GC(313) Metaspace: 13332K->13332K(1060864K)
[7.901s][info][gc           ] GC(313) Pause Young (Allocation Failure) 183M->14M(511M) 0.458ms
[7.901s][info][gc,cpu       ] GC(313) User=0.00s Sys=0.00s Real=0.00s
[7.920s][info][gc,start     ] GC(314) Pause Young (Allocation Failure)
[7.921s][info][gc,heap      ] GC(314) PSYoungGen: 173696K->64K(174080K)
[7.921s][info][gc,heap      ] GC(314) ParOldGen: 14352K->14391K(349696K)
[7.921s][info][gc,metaspace ] GC(314) Metaspace: 13332K->13332K(1060864K)
[7.921s][info][gc           ] GC(314) Pause Young (Allocation Failure) 183M->14M(511M) 0.463ms
[7.921s][info][gc,cpu       ] GC(314) User=0.00s Sys=0.00s Real=0.00s
[7.942s][info][gc,start     ] GC(315) Pause Young (Allocation Failure)
[7.943s][info][gc,heap      ] GC(315) PSYoungGen: 173632K->96K(174080K)
[7.943s][info][gc,heap      ] GC(315) ParOldGen: 14391K->14420K(349696K)
[7.943s][info][gc,metaspace ] GC(315) Metaspace: 13332K->13332K(1060864K)
[7.943s][info][gc           ] GC(315) Pause Young (Allocation Failure) 183M->14M(511M) 0.545ms
[7.943s][info][gc,cpu       ] GC(315) User=0.00s Sys=0.00s Real=0.00s
[7.963s][info][gc,start     ] GC(316) Pause Young (Allocation Failure)
[7.963s][info][gc,heap      ] GC(316) PSYoungGen: 173664K->64K(174080K)
[7.963s][info][gc,heap      ] GC(316) ParOldGen: 14420K->14459K(349696K)
[7.963s][info][gc,metaspace ] GC(316) Metaspace: 13332K->13332K(1060864K)
[7.963s][info][gc           ] GC(316) Pause Young (Allocation Failure) 183M->14M(511M) 0.436ms
[7.963s][info][gc,cpu       ] GC(316) User=0.00s Sys=0.00s Real=0.00s
[7.989s][info][gc,start     ] GC(317) Pause Young (Allocation Failure)
[7.989s][info][gc,heap      ] GC(317) PSYoungGen: 173632K->96K(174080K)
[7.989s][info][gc,heap      ] GC(317) ParOldGen: 14459K->14489K(349696K)
[7.989s][info][gc,metaspace ] GC(317) Metaspace: 13332K->13332K(1060864K)
[7.989s][info][gc           ] GC(317) Pause Young (Allocation Failure) 183M->14M(511M) 0.536ms
[7.989s][info][gc,cpu       ] GC(317) User=0.01s Sys=0.00s Real=0.00s
[8.011s][info][gc,start     ] GC(318) Pause Young (Allocation Failure)
[8.012s][info][gc,heap      ] GC(318) PSYoungGen: 173664K->64K(174080K)
[8.012s][info][gc,heap      ] GC(318) ParOldGen: 14489K->14528K(349696K)
[8.012s][info][gc,metaspace ] GC(318) Metaspace: 13332K->13332K(1060864K)
[8.012s][info][gc           ] GC(318) Pause Young (Allocation Failure) 183M->14M(511M) 0.621ms
[8.012s][info][gc,cpu       ] GC(318) User=0.00s Sys=0.00s Real=0.00s
[8.036s][info][gc,start     ] GC(319) Pause Young (Allocation Failure)
[8.036s][info][gc,heap      ] GC(319) PSYoungGen: 173632K->64K(174080K)
[8.036s][info][gc,heap      ] GC(319) ParOldGen: 14528K->14567K(349696K)
[8.036s][info][gc,metaspace ] GC(319) Metaspace: 13332K->13332K(1060864K)
[8.036s][info][gc           ] GC(319) Pause Young (Allocation Failure) 183M->14M(511M) 0.581ms
[8.036s][info][gc,cpu       ] GC(319) User=0.00s Sys=0.00s Real=0.00s
[8.062s][info][gc,start     ] GC(320) Pause Young (Allocation Failure)
[8.062s][info][gc,heap      ] GC(320) PSYoungGen: 173632K->96K(174080K)
[8.062s][info][gc,heap      ] GC(320) ParOldGen: 14567K->14596K(349696K)
[8.062s][info][gc,metaspace ] GC(320) Metaspace: 13332K->13332K(1060864K)
[8.062s][info][gc           ] GC(320) Pause Young (Allocation Failure) 183M->14M(511M) 0.493ms
[8.062s][info][gc,cpu       ] GC(320) User=0.01s Sys=0.00s Real=0.00s
[8.086s][info][gc,start     ] GC(321) Pause Young (Allocation Failure)
[8.086s][info][gc,heap      ] GC(321) PSYoungGen: 173664K->64K(174080K)
[8.086s][info][gc,heap      ] GC(321) ParOldGen: 14596K->14636K(349696K)
[8.086s][info][gc,metaspace ] GC(321) Metaspace: 13332K->13332K(1060864K)
[8.086s][info][gc           ] GC(321) Pause Young (Allocation Failure) 183M->14M(511M) 0.532ms
[8.086s][info][gc,cpu       ] GC(321) User=0.01s Sys=0.00s Real=0.00s
[8.111s][info][gc,start     ] GC(322) Pause Young (Allocation Failure)
[8.111s][info][gc,heap      ] GC(322) PSYoungGen: 173632K->96K(174080K)
[8.111s][info][gc,heap      ] GC(322) ParOldGen: 14636K->14665K(349696K)
[8.111s][info][gc,metaspace ] GC(322) Metaspace: 13332K->13332K(1060864K)
[8.111s][info][gc           ] GC(322) Pause Young (Allocation Failure) 183M->14M(511M) 0.603ms
[8.111s][info][gc,cpu       ] GC(322) User=0.01s Sys=0.00s Real=0.00s
[8.134s][info][gc,start     ] GC(323) Pause Young (Allocation Failure)
[8.134s][info][gc,heap      ] GC(323) PSYoungGen: 173664K->64K(174080K)
[8.134s][info][gc,heap      ] GC(323) ParOldGen: 14665K->14704K(349696K)
[8.134s][info][gc,metaspace ] GC(323) Metaspace: 13332K->13332K(1060864K)
[8.134s][info][gc           ] GC(323) Pause Young (Allocation Failure) 183M->14M(511M) 0.503ms
[8.134s][info][gc,cpu       ] GC(323) User=0.01s Sys=0.00s Real=0.00s
[8.156s][info][gc,start     ] GC(324) Pause Young (Allocation Failure)
[8.157s][info][gc,heap      ] GC(324) PSYoungGen: 173632K->96K(174080K)
[8.157s][info][gc,heap      ] GC(324) ParOldGen: 14704K->14733K(349696K)
[8.157s][info][gc,metaspace ] GC(324) Metaspace: 13332K->13332K(1060864K)
[8.157s][info][gc           ] GC(324) Pause Young (Allocation Failure) 183M->14M(511M) 0.433ms
[8.157s][info][gc,cpu       ] GC(324) User=0.00s Sys=0.00s Real=0.00s
[8.177s][info][gc,start     ] GC(325) Pause Young (Allocation Failure)
[8.177s][info][gc,heap      ] GC(325) PSYoungGen: 173664K->96K(174080K)
[8.177s][info][gc,heap      ] GC(325) ParOldGen: 14733K->14772K(349696K)
[8.177s][info][gc,metaspace ] GC(325) Metaspace: 13332K->13332K(1060864K)
[8.177s][info][gc           ] GC(325) Pause Young (Allocation Failure) 183M->14M(511M) 0.405ms
[8.177s][info][gc,cpu       ] GC(325) User=0.00s Sys=0.00s Real=0.00s
[8.200s][info][gc,start     ] GC(326) Pause Young (Allocation Failure)
[8.201s][info][gc,heap      ] GC(326) PSYoungGen: 173664K->128K(174080K)
[8.201s][info][gc,heap      ] GC(326) ParOldGen: 14772K->14802K(349696K)
[8.201s][info][gc,metaspace ] GC(326) Metaspace: 13332K->13332K(1060864K)
[8.201s][info][gc           ] GC(326) Pause Young (Allocation Failure) 184M->14M(511M) 0.483ms
[8.201s][info][gc,cpu       ] GC(326) User=0.00s Sys=0.00s Real=0.00s
[8.220s][info][gc,start     ] GC(327) Pause Young (Allocation Failure)
[8.221s][info][gc,heap      ] GC(327) PSYoungGen: 173696K->96K(174080K)
[8.221s][info][gc,heap      ] GC(327) ParOldGen: 14802K->14841K(349696K)
[8.221s][info][gc,metaspace ] GC(327) Metaspace: 13332K->13332K(1060864K)
[8.221s][info][gc           ] GC(327) Pause Young (Allocation Failure) 184M->14M(511M) 0.430ms
[8.221s][info][gc,cpu       ] GC(327) User=0.00s Sys=0.00s Real=0.00s
[8.242s][info][gc,start     ] GC(328) Pause Young (Allocation Failure)
[8.242s][info][gc,heap      ] GC(328) PSYoungGen: 173664K->64K(174080K)
[8.242s][info][gc,heap      ] GC(328) ParOldGen: 14841K->14870K(349696K)
[8.242s][info][gc,metaspace ] GC(328) Metaspace: 13332K->13332K(1060864K)
[8.242s][info][gc           ] GC(328) Pause Young (Allocation Failure) 184M->14M(511M) 0.426ms
[8.242s][info][gc,cpu       ] GC(328) User=0.00s Sys=0.00s Real=0.00s
[8.261s][info][gc,start     ] GC(329) Pause Young (Allocation Failure)
[8.261s][info][gc,heap      ] GC(329) PSYoungGen: 173632K->64K(174080K)
[8.261s][info][gc,heap      ] GC(329) ParOldGen: 14870K->14909K(349696K)
[8.261s][info][gc,metaspace ] GC(329) Metaspace: 13332K->13332K(1060864K)
[8.261s][info][gc           ] GC(329) Pause Young (Allocation Failure) 184M->14M(511M) 0.473ms
[8.261s][info][gc,cpu       ] GC(329) User=0.00s Sys=0.00s Real=0.00s
[8.282s][info][gc,start     ] GC(330) Pause Young (Allocation Failure)
[8.282s][info][gc,heap      ] GC(330) PSYoungGen: 173632K->128K(174080K)
[8.282s][info][gc,heap      ] GC(330) ParOldGen: 14909K->14939K(349696K)
[8.282s][info][gc,metaspace ] GC(330) Metaspace: 13332K->13332K(1060864K)
[8.282s][info][gc           ] GC(330) Pause Young (Allocation Failure) 184M->14M(511M) 0.465ms
[8.282s][info][gc,cpu       ] GC(330) User=0.00s Sys=0.00s Real=0.00s
[8.302s][info][gc,start     ] GC(331) Pause Young (Allocation Failure)
[8.303s][info][gc,heap      ] GC(331) PSYoungGen: 173696K->288K(174080K)
[8.303s][info][gc,heap      ] GC(331) ParOldGen: 14939K->14978K(349696K)
[8.303s][info][gc,metaspace ] GC(331) Metaspace: 13336K->13336K(1060864K)
[8.303s][info][gc           ] GC(331) Pause Young (Allocation Failure) 184M->14M(511M) 0.685ms
[8.303s][info][gc,cpu       ] GC(331) User=0.00s Sys=0.00s Real=0.00s
[8.337s][info][gc,start     ] GC(332) Pause Young (Allocation Failure)
[8.337s][info][gc,heap      ] GC(332) PSYoungGen: 173856K->128K(174080K)
[8.338s][info][gc,heap      ] GC(332) ParOldGen: 14978K->15025K(349696K)
[8.338s][info][gc,metaspace ] GC(332) Metaspace: 13340K->13340K(1060864K)
[8.338s][info][gc           ] GC(332) Pause Young (Allocation Failure) 184M->14M(511M) 0.744ms
[8.338s][info][gc,cpu       ] GC(332) User=0.00s Sys=0.00s Real=0.00s
[8.377s][info][gc,start     ] GC(333) Pause Young (Allocation Failure)
[8.377s][info][gc,heap      ] GC(333) PSYoungGen: 173696K->96K(174080K)
[8.377s][info][gc,heap      ] GC(333) ParOldGen: 15025K->15102K(349696K)
[8.377s][info][gc,metaspace ] GC(333) Metaspace: 13340K->13340K(1060864K)
[8.377s][info][gc           ] GC(333) Pause Young (Allocation Failure) 184M->14M(511M) 0.488ms
[8.377s][info][gc,cpu       ] GC(333) User=0.00s Sys=0.00s Real=0.00s
[8.402s][info][gc,start     ] GC(334) Pause Young (Allocation Failure)
[8.402s][info][gc,heap      ] GC(334) PSYoungGen: 173664K->64K(174080K)
[8.402s][info][gc,heap      ] GC(334) ParOldGen: 15102K->15141K(349696K)
[8.402s][info][gc,metaspace ] GC(334) Metaspace: 13340K->13340K(1060864K)
[8.402s][info][gc           ] GC(334) Pause Young (Allocation Failure) 184M->14M(511M) 0.449ms
[8.403s][info][gc,cpu       ] GC(334) User=0.01s Sys=0.00s Real=0.00s
[8.425s][info][gc,start     ] GC(335) Pause Young (Allocation Failure)
[8.425s][info][gc,heap      ] GC(335) PSYoungGen: 173632K->96K(174080K)
[8.425s][info][gc,heap      ] GC(335) ParOldGen: 15141K->15171K(349696K)
[8.425s][info][gc,metaspace ] GC(335) Metaspace: 13340K->13340K(1060864K)
[8.425s][info][gc           ] GC(335) Pause Young (Allocation Failure) 184M->14M(511M) 0.457ms
[8.425s][info][gc,cpu       ] GC(335) User=0.00s Sys=0.00s Real=0.00s
[8.445s][info][gc,start     ] GC(336) Pause Young (Allocation Failure)
[8.446s][info][gc,heap      ] GC(336) PSYoungGen: 173664K->64K(174080K)
[8.446s][info][gc,heap      ] GC(336) ParOldGen: 15171K->15210K(349696K)
[8.446s][info][gc,metaspace ] GC(336) Metaspace: 13340K->13340K(1060864K)
[8.446s][info][gc           ] GC(336) Pause Young (Allocation Failure) 184M->14M(511M) 0.504ms
[8.446s][info][gc,cpu       ] GC(336) User=0.00s Sys=0.00s Real=0.01s
[8.470s][info][gc,start     ] GC(337) Pause Young (Allocation Failure)
[8.470s][info][gc,heap      ] GC(337) PSYoungGen: 173632K->96K(174080K)
[8.470s][info][gc,heap      ] GC(337) ParOldGen: 15210K->15239K(349696K)
[8.470s][info][gc,metaspace ] GC(337) Metaspace: 13340K->13340K(1060864K)
[8.470s][info][gc           ] GC(337) Pause Young (Allocation Failure) 184M->14M(511M) 0.502ms
[8.470s][info][gc,cpu       ] GC(337) User=0.00s Sys=0.00s Real=0.00s
[8.492s][info][gc,start     ] GC(338) Pause Young (Allocation Failure)
[8.492s][info][gc,heap      ] GC(338) PSYoungGen: 173664K->96K(174080K)
[8.492s][info][gc,heap      ] GC(338) ParOldGen: 15239K->15278K(349696K)
[8.492s][info][gc,metaspace ] GC(338) Metaspace: 13340K->13340K(1060864K)
[8.492s][info][gc           ] GC(338) Pause Young (Allocation Failure) 184M->15M(511M) 0.542ms
[8.492s][info][gc,cpu       ] GC(338) User=0.00s Sys=0.00s Real=0.00s
[8.515s][info][gc,start     ] GC(339) Pause Young (Allocation Failure)
[8.516s][info][gc,heap      ] GC(339) PSYoungGen: 173664K->96K(174080K)
[8.516s][info][gc,heap      ] GC(339) ParOldGen: 15278K->15308K(349696K)
[8.516s][info][gc,metaspace ] GC(339) Metaspace: 13340K->13340K(1060864K)
[8.516s][info][gc           ] GC(339) Pause Young (Allocation Failure) 184M->15M(511M) 0.564ms
[8.516s][info][gc,cpu       ] GC(339) User=0.00s Sys=0.00s Real=0.01s
[8.538s][info][gc,start     ] GC(340) Pause Young (Allocation Failure)
[8.538s][info][gc,heap      ] GC(340) PSYoungGen: 173664K->64K(174080K)
[8.538s][info][gc,heap      ] GC(340) ParOldGen: 15308K->15347K(349696K)
[8.538s][info][gc,metaspace ] GC(340) Metaspace: 13340K->13340K(1060864K)
[8.538s][info][gc           ] GC(340) Pause Young (Allocation Failure) 184M->15M(511M) 0.447ms
[8.538s][info][gc,cpu       ] GC(340) User=0.01s Sys=0.00s Real=0.00s
[8.560s][info][gc,start     ] GC(341) Pause Young (Allocation Failure)
[8.561s][info][gc,heap      ] GC(341) PSYoungGen: 173632K->64K(174080K)
[8.561s][info][gc,heap      ] GC(341) ParOldGen: 15347K->15376K(349696K)
[8.561s][info][gc,metaspace ] GC(341) Metaspace: 13340K->13340K(1060864K)
[8.561s][info][gc           ] GC(341) Pause Young (Allocation Failure) 184M->15M(511M) 0.443ms
[8.561s][info][gc,cpu       ] GC(341) User=0.00s Sys=0.00s Real=0.00s
[8.581s][info][gc,start     ] GC(342) Pause Young (Allocation Failure)
[8.581s][info][gc,heap      ] GC(342) PSYoungGen: 173632K->96K(174080K)
[8.581s][info][gc,heap      ] GC(342) ParOldGen: 15376K->15415K(349696K)
[8.581s][info][gc,metaspace ] GC(342) Metaspace: 13340K->13340K(1060864K)
[8.581s][info][gc           ] GC(342) Pause Young (Allocation Failure) 184M->15M(511M) 0.416ms
[8.581s][info][gc,cpu       ] GC(342) User=0.00s Sys=0.00s Real=0.00s
[8.602s][info][gc,start     ] GC(343) Pause Young (Allocation Failure)
[8.603s][info][gc,heap      ] GC(343) PSYoungGen: 173664K->128K(174080K)
[8.603s][info][gc,heap      ] GC(343) ParOldGen: 15415K->15445K(349696K)
[8.603s][info][gc,metaspace ] GC(343) Metaspace: 13340K->13340K(1060864K)
[8.603s][info][gc           ] GC(343) Pause Young (Allocation Failure) 184M->15M(511M) 0.499ms
[8.603s][info][gc,cpu       ] GC(343) User=0.00s Sys=0.00s Real=0.00s
[8.623s][info][gc,start     ] GC(344) Pause Young (Allocation Failure)
[8.623s][info][gc,heap      ] GC(344) PSYoungGen: 173696K->96K(174080K)
[8.623s][info][gc,heap      ] GC(344) ParOldGen: 15445K->15484K(349696K)
[8.623s][info][gc,metaspace ] GC(344) Metaspace: 13340K->13340K(1060864K)
[8.623s][info][gc           ] GC(344) Pause Young (Allocation Failure) 184M->15M(511M) 0.443ms
[8.623s][info][gc,cpu       ] GC(344) User=0.00s Sys=0.00s Real=0.00s
[8.645s][info][gc,start     ] GC(345) Pause Young (Allocation Failure)
[8.646s][info][gc,heap      ] GC(345) PSYoungGen: 173664K->96K(174080K)
[8.646s][info][gc,heap      ] GC(345) ParOldGen: 15484K->15513K(349696K)
[8.646s][info][gc,metaspace ] GC(345) Metaspace: 13340K->13340K(1060864K)
[8.646s][info][gc           ] GC(345) Pause Young (Allocation Failure) 184M->15M(511M) 0.543ms
[8.646s][info][gc,cpu       ] GC(345) User=0.00s Sys=0.00s Real=0.01s
[8.668s][info][gc,start     ] GC(346) Pause Young (Allocation Failure)
[8.668s][info][gc,heap      ] GC(346) PSYoungGen: 173664K->64K(174080K)
[8.669s][info][gc,heap      ] GC(346) ParOldGen: 15513K->15552K(349696K)
[8.669s][info][gc,metaspace ] GC(346) Metaspace: 13340K->13340K(1060864K)
[8.669s][info][gc           ] GC(346) Pause Young (Allocation Failure) 184M->15M(511M) 0.438ms
[8.669s][info][gc,cpu       ] GC(346) User=0.00s Sys=0.00s Real=0.00s
[8.688s][info][gc,start     ] GC(347) Pause Young (Allocation Failure)
[8.688s][info][gc,heap      ] GC(347) PSYoungGen: 173632K->64K(174080K)
[8.688s][info][gc,heap      ] GC(347) ParOldGen: 15552K->15591K(349696K)
[8.688s][info][gc,metaspace ] GC(347) Metaspace: 13340K->13340K(1060864K)
[8.688s][info][gc           ] GC(347) Pause Young (Allocation Failure) 184M->15M(511M) 0.412ms
[8.688s][info][gc,cpu       ] GC(347) User=0.00s Sys=0.00s Real=0.00s
[8.709s][info][gc,start     ] GC(348) Pause Young (Allocation Failure)
[8.709s][info][gc,heap      ] GC(348) PSYoungGen: 173632K->96K(174080K)
[8.709s][info][gc,heap      ] GC(348) ParOldGen: 15591K->15621K(349696K)
[8.709s][info][gc,metaspace ] GC(348) Metaspace: 13340K->13340K(1060864K)
[8.709s][info][gc           ] GC(348) Pause Young (Allocation Failure) 184M->15M(511M) 0.401ms
[8.709s][info][gc,cpu       ] GC(348) User=0.00s Sys=0.00s Real=0.00s
[8.728s][info][gc,start     ] GC(349) Pause Young (Allocation Failure)
[8.729s][info][gc,heap      ] GC(349) PSYoungGen: 173664K->96K(174080K)
[8.729s][info][gc,heap      ] GC(349) ParOldGen: 15621K->15660K(349696K)
[8.729s][info][gc,metaspace ] GC(349) Metaspace: 13340K->13340K(1060864K)
[8.729s][info][gc           ] GC(349) Pause Young (Allocation Failure) 184M->15M(511M) 0.431ms
[8.729s][info][gc,cpu       ] GC(349) User=0.00s Sys=0.00s Real=0.00s
[8.750s][info][gc,start     ] GC(350) Pause Young (Allocation Failure)
[8.750s][info][gc,heap      ] GC(350) PSYoungGen: 173664K->96K(174080K)
[8.750s][info][gc,heap      ] GC(350) ParOldGen: 15660K->15689K(349696K)
[8.750s][info][gc,metaspace ] GC(350) Metaspace: 13340K->13340K(1060864K)
[8.750s][info][gc           ] GC(350) Pause Young (Allocation Failure) 184M->15M(511M) 0.411ms
[8.751s][info][gc,cpu       ] GC(350) User=0.00s Sys=0.00s Real=0.00s
[8.771s][info][gc,start     ] GC(351) Pause Young (Allocation Failure)
[8.771s][info][gc,heap      ] GC(351) PSYoungGen: 173664K->96K(174080K)
[8.771s][info][gc,heap      ] GC(351) ParOldGen: 15689K->15728K(349696K)
[8.771s][info][gc,metaspace ] GC(351) Metaspace: 13340K->13340K(1060864K)
[8.771s][info][gc           ] GC(351) Pause Young (Allocation Failure) 184M->15M(511M) 0.507ms
[8.771s][info][gc,cpu       ] GC(351) User=0.00s Sys=0.00s Real=0.00s
[8.797s][info][gc,start     ] GC(352) Pause Young (Allocation Failure)
[8.798s][info][gc,heap      ] GC(352) PSYoungGen: 173664K->64K(174080K)
[8.798s][info][gc,heap      ] GC(352) ParOldGen: 15728K->15758K(349696K)
[8.798s][info][gc,metaspace ] GC(352) Metaspace: 13340K->13340K(1060864K)
[8.798s][info][gc           ] GC(352) Pause Young (Allocation Failure) 184M->15M(511M) 0.542ms
[8.798s][info][gc,cpu       ] GC(352) User=0.00s Sys=0.00s Real=0.00s
[8.821s][info][gc,start     ] GC(353) Pause Young (Allocation Failure)
[8.821s][info][gc,heap      ] GC(353) PSYoungGen: 173632K->96K(174080K)
[8.821s][info][gc,heap      ] GC(353) ParOldGen: 15758K->15797K(349696K)
[8.821s][info][gc,metaspace ] GC(353) Metaspace: 13340K->13340K(1060864K)
[8.821s][info][gc           ] GC(353) Pause Young (Allocation Failure) 184M->15M(511M) 0.558ms
[8.821s][info][gc,cpu       ] GC(353) User=0.00s Sys=0.00s Real=0.00s
[8.847s][info][gc,start     ] GC(354) Pause Young (Allocation Failure)
[8.847s][info][gc,heap      ] GC(354) PSYoungGen: 173664K->96K(174080K)
[8.847s][info][gc,heap      ] GC(354) ParOldGen: 15797K->15826K(349696K)
[8.847s][info][gc,metaspace ] GC(354) Metaspace: 13340K->13340K(1060864K)
[8.847s][info][gc           ] GC(354) Pause Young (Allocation Failure) 185M->15M(511M) 0.487ms
[8.847s][info][gc,cpu       ] GC(354) User=0.00s Sys=0.00s Real=0.00s
[8.869s][info][gc,start     ] GC(355) Pause Young (Allocation Failure)
[8.870s][info][gc,heap      ] GC(355) PSYoungGen: 173664K->96K(174080K)
[8.870s][info][gc,heap      ] GC(355) ParOldGen: 15826K->15865K(349696K)
[8.870s][info][gc,metaspace ] GC(355) Metaspace: 13340K->13340K(1060864K)
[8.870s][info][gc           ] GC(355) Pause Young (Allocation Failure) 185M->15M(511M) 0.515ms
[8.870s][info][gc,cpu       ] GC(355) User=0.00s Sys=0.01s Real=0.00s
[8.891s][info][gc,start     ] GC(356) Pause Young (Allocation Failure)
[8.892s][info][gc,heap      ] GC(356) PSYoungGen: 173664K->96K(174080K)
[8.892s][info][gc,heap      ] GC(356) ParOldGen: 15865K->15895K(349696K)
[8.892s][info][gc,metaspace ] GC(356) Metaspace: 13340K->13340K(1060864K)
[8.892s][info][gc           ] GC(356) Pause Young (Allocation Failure) 185M->15M(511M) 0.569ms
[8.892s][info][gc,cpu       ] GC(356) User=0.00s Sys=0.00s Real=0.00s
[8.911s][info][gc,start     ] GC(357) Pause Young (Allocation Failure)
[8.911s][info][gc,heap      ] GC(357) PSYoungGen: 173664K->64K(174080K)
[8.911s][info][gc,heap      ] GC(357) ParOldGen: 15895K->15934K(349696K)
[8.911s][info][gc,metaspace ] GC(357) Metaspace: 13340K->13340K(1060864K)
[8.911s][info][gc           ] GC(357) Pause Young (Allocation Failure) 185M->15M(511M) 0.409ms
[8.911s][info][gc,cpu       ] GC(357) User=0.01s Sys=0.00s Real=0.00s
[8.932s][info][gc,start     ] GC(358) Pause Young (Allocation Failure)
[8.932s][info][gc,heap      ] GC(358) PSYoungGen: 173632K->96K(174080K)
[8.932s][info][gc,heap      ] GC(358) ParOldGen: 15934K->15963K(349696K)
[8.932s][info][gc,metaspace ] GC(358) Metaspace: 13340K->13340K(1060864K)
[8.932s][info][gc           ] GC(358) Pause Young (Allocation Failure) 185M->15M(511M) 0.518ms
[8.932s][info][gc,cpu       ] GC(358) User=0.00s Sys=0.00s Real=0.00s
[8.955s][info][gc,start     ] GC(359) Pause Young (Allocation Failure)
[8.956s][info][gc,heap      ] GC(359) PSYoungGen: 173664K->96K(174080K)
[8.956s][info][gc,heap      ] GC(359) ParOldGen: 15963K->16002K(349696K)
[8.956s][info][gc,metaspace ] GC(359) Metaspace: 13340K->13340K(1060864K)
[8.956s][info][gc           ] GC(359) Pause Young (Allocation Failure) 185M->15M(511M) 0.518ms
[8.956s][info][gc,cpu       ] GC(359) User=0.00s Sys=0.00s Real=0.01s
[8.977s][info][gc,start     ] GC(360) Pause Young (Allocation Failure)
[8.977s][info][gc,heap      ] GC(360) PSYoungGen: 173664K->64K(174080K)
[8.977s][info][gc,heap      ] GC(360) ParOldGen: 16002K->16041K(349696K)
[8.977s][info][gc,metaspace ] GC(360) Metaspace: 13340K->13340K(1060864K)
[8.977s][info][gc           ] GC(360) Pause Young (Allocation Failure) 185M->15M(511M) 0.448ms
[8.977s][info][gc,cpu       ] GC(360) User=0.00s Sys=0.00s Real=0.00s
[8.998s][info][gc,start     ] GC(361) Pause Young (Allocation Failure)
[8.998s][info][gc,heap      ] GC(361) PSYoungGen: 173632K->128K(174080K)
[8.998s][info][gc,heap      ] GC(361) ParOldGen: 16041K->16071K(349696K)
[8.998s][info][gc,metaspace ] GC(361) Metaspace: 13340K->13340K(1060864K)
[8.998s][info][gc           ] GC(361) Pause Young (Allocation Failure) 185M->15M(511M) 0.417ms
[8.998s][info][gc,cpu       ] GC(361) User=0.00s Sys=0.00s Real=0.00s
[9.019s][info][gc,start     ] GC(362) Pause Young (Allocation Failure)
[9.019s][info][gc,heap      ] GC(362) PSYoungGen: 173696K->64K(174080K)
[9.019s][info][gc,heap      ] GC(362) ParOldGen: 16071K->16110K(349696K)
[9.020s][info][gc,metaspace ] GC(362) Metaspace: 13340K->13340K(1060864K)
[9.020s][info][gc           ] GC(362) Pause Young (Allocation Failure) 185M->15M(511M) 0.507ms
[9.020s][info][gc,cpu       ] GC(362) User=0.00s Sys=0.00s Real=0.00s
[9.041s][info][gc,start     ] GC(363) Pause Young (Allocation Failure)
[9.041s][info][gc,heap      ] GC(363) PSYoungGen: 173632K->96K(174080K)
[9.041s][info][gc,heap      ] GC(363) ParOldGen: 16110K->16139K(349696K)
[9.041s][info][gc,metaspace ] GC(363) Metaspace: 13340K->13340K(1060864K)
[9.041s][info][gc           ] GC(363) Pause Young (Allocation Failure) 185M->15M(511M) 0.512ms
[9.041s][info][gc,cpu       ] GC(363) User=0.00s Sys=0.00s Real=0.00s
[9.061s][info][gc,start     ] GC(364) Pause Young (Allocation Failure)
[9.061s][info][gc,heap      ] GC(364) PSYoungGen: 173664K->64K(174080K)
[9.061s][info][gc,heap      ] GC(364) ParOldGen: 16139K->16178K(349696K)
[9.061s][info][gc,metaspace ] GC(364) Metaspace: 13340K->13340K(1060864K)
[9.061s][info][gc           ] GC(364) Pause Young (Allocation Failure) 185M->15M(511M) 0.417ms
[9.061s][info][gc,cpu       ] GC(364) User=0.01s Sys=0.00s Real=0.00s
[9.081s][info][gc,start     ] GC(365) Pause Young (Allocation Failure)
[9.081s][info][gc,heap      ] GC(365) PSYoungGen: 173632K->96K(174080K)
[9.081s][info][gc,heap      ] GC(365) ParOldGen: 16178K->16208K(349696K)
[9.081s][info][gc,metaspace ] GC(365) Metaspace: 13340K->13340K(1060864K)
[9.081s][info][gc           ] GC(365) Pause Young (Allocation Failure) 185M->15M(511M) 0.393ms
[9.082s][info][gc,cpu       ] GC(365) User=0.00s Sys=0.00s Real=0.00s
[9.101s][info][gc,start     ] GC(366) Pause Young (Allocation Failure)
[9.101s][info][gc,heap      ] GC(366) PSYoungGen: 173664K->96K(174080K)
[9.101s][info][gc,heap      ] GC(366) ParOldGen: 16208K->16247K(349696K)
[9.101s][info][gc,metaspace ] GC(366) Metaspace: 13340K->13340K(1060864K)
[9.101s][info][gc           ] GC(366) Pause Young (Allocation Failure) 185M->15M(511M) 0.436ms
[9.101s][info][gc,cpu       ] GC(366) User=0.00s Sys=0.00s Real=0.00s
[9.121s][info][gc,start     ] GC(367) Pause Young (Allocation Failure)
[9.122s][info][gc,heap      ] GC(367) PSYoungGen: 173664K->128K(174080K)
[9.122s][info][gc,heap      ] GC(367) ParOldGen: 16247K->16276K(349696K)
[9.122s][info][gc,metaspace ] GC(367) Metaspace: 13340K->13340K(1060864K)
[9.122s][info][gc           ] GC(367) Pause Young (Allocation Failure) 185M->16M(511M) 0.361ms
[9.122s][info][gc,cpu       ] GC(367) User=0.00s Sys=0.00s Real=0.00s
[9.140s][info][gc,start     ] GC(368) Pause Young (Allocation Failure)
[9.141s][info][gc,heap      ] GC(368) PSYoungGen: 173696K->64K(174080K)
[9.141s][info][gc,heap      ] GC(368) ParOldGen: 16276K->16315K(349696K)
[9.141s][info][gc,metaspace ] GC(368) Metaspace: 13340K->13340K(1060864K)
[9.141s][info][gc           ] GC(368) Pause Young (Allocation Failure) 185M->15M(511M) 0.412ms
[9.141s][info][gc,cpu       ] GC(368) User=0.00s Sys=0.00s Real=0.00s
[9.162s][info][gc,start     ] GC(369) Pause Young (Allocation Failure)
[9.163s][info][gc,heap      ] GC(369) PSYoungGen: 173632K->128K(174080K)
[9.163s][info][gc,heap      ] GC(369) ParOldGen: 16315K->16345K(349696K)
[9.163s][info][gc,metaspace ] GC(369) Metaspace: 13340K->13340K(1060864K)
[9.163s][info][gc           ] GC(369) Pause Young (Allocation Failure) 185M->16M(511M) 0.497ms
[9.163s][info][gc,cpu       ] GC(369) User=0.01s Sys=0.00s Real=0.00s
[9.182s][info][gc,start     ] GC(370) Pause Young (Allocation Failure)
[9.183s][info][gc,heap      ] GC(370) PSYoungGen: 173696K->64K(174080K)
[9.183s][info][gc,heap      ] GC(370) ParOldGen: 16345K->16384K(349696K)
[9.183s][info][gc,metaspace ] GC(370) Metaspace: 13340K->13340K(1060864K)
[9.183s][info][gc           ] GC(370) Pause Young (Allocation Failure) 185M->16M(511M) 0.531ms
[9.183s][info][gc,cpu       ] GC(370) User=0.00s Sys=0.00s Real=0.00s
[9.205s][info][gc,start     ] GC(371) Pause Young (Allocation Failure)
[9.205s][info][gc,heap      ] GC(371) PSYoungGen: 173632K->96K(174080K)
[9.205s][info][gc,heap      ] GC(371) ParOldGen: 16384K->16413K(349696K)
[9.205s][info][gc,metaspace ] GC(371) Metaspace: 13340K->13340K(1060864K)
[9.205s][info][gc           ] GC(371) Pause Young (Allocation Failure) 185M->16M(511M) 0.352ms
[9.205s][info][gc,cpu       ] GC(371) User=0.00s Sys=0.00s Real=0.00s
[9.226s][info][gc,start     ] GC(372) Pause Young (Allocation Failure)
[9.227s][info][gc,heap      ] GC(372) PSYoungGen: 173664K->64K(174080K)
[9.227s][info][gc,heap      ] GC(372) ParOldGen: 16413K->16452K(349696K)
[9.227s][info][gc,metaspace ] GC(372) Metaspace: 13340K->13340K(1060864K)
[9.227s][info][gc           ] GC(372) Pause Young (Allocation Failure) 185M->16M(511M) 0.420ms
[9.227s][info][gc,cpu       ] GC(372) User=0.00s Sys=0.01s Real=0.00s
[9.247s][info][gc,start     ] GC(373) Pause Young (Allocation Failure)
[9.247s][info][gc,heap      ] GC(373) PSYoungGen: 173632K->64K(174080K)
[9.247s][info][gc,heap      ] GC(373) ParOldGen: 16452K->16491K(349696K)
[9.247s][info][gc,metaspace ] GC(373) Metaspace: 13340K->13340K(1060864K)
[9.247s][info][gc           ] GC(373) Pause Young (Allocation Failure) 185M->16M(511M) 0.389ms
[9.247s][info][gc,cpu       ] GC(373) User=0.00s Sys=0.00s Real=0.00s
[9.268s][info][gc,start     ] GC(374) Pause Young (Allocation Failure)
[9.268s][info][gc,heap      ] GC(374) PSYoungGen: 173632K->64K(174080K)
[9.268s][info][gc,heap      ] GC(374) ParOldGen: 16491K->16521K(349696K)
[9.268s][info][gc,metaspace ] GC(374) Metaspace: 13340K->13340K(1060864K)
[9.268s][info][gc           ] GC(374) Pause Young (Allocation Failure) 185M->16M(511M) 0.561ms
[9.268s][info][gc,cpu       ] GC(374) User=0.00s Sys=0.00s Real=0.00s
[9.288s][info][gc,start     ] GC(375) Pause Young (Allocation Failure)
[9.288s][info][gc,heap      ] GC(375) PSYoungGen: 173632K->64K(174080K)
[9.288s][info][gc,heap      ] GC(375) ParOldGen: 16521K->16560K(349696K)
[9.288s][info][gc,metaspace ] GC(375) Metaspace: 13340K->13340K(1060864K)
[9.288s][info][gc           ] GC(375) Pause Young (Allocation Failure) 185M->16M(511M) 0.427ms
[9.288s][info][gc,cpu       ] GC(375) User=0.00s Sys=0.00s Real=0.00s
[9.309s][info][gc,start     ] GC(376) Pause Young (Allocation Failure)
[9.309s][info][gc,heap      ] GC(376) PSYoungGen: 173632K->192K(174080K)
[9.309s][info][gc,heap      ] GC(376) ParOldGen: 16560K->16589K(349696K)
[9.309s][info][gc,metaspace ] GC(376) Metaspace: 13345K->13345K(1062912K)
[9.309s][info][gc           ] GC(376) Pause Young (Allocation Failure) 185M->16M(511M) 0.513ms
[9.309s][info][gc,cpu       ] GC(376) User=0.00s Sys=0.00s Real=0.00s
[9.351s][info][gc,start     ] GC(377) Pause Young (Allocation Failure)
[9.352s][info][gc,heap      ] GC(377) PSYoungGen: 173760K->64K(174080K)
[9.352s][info][gc,heap      ] GC(377) ParOldGen: 16589K->16684K(349696K)
[9.352s][info][gc,metaspace ] GC(377) Metaspace: 13345K->13345K(1062912K)
[9.352s][info][gc           ] GC(377) Pause Young (Allocation Failure) 185M->16M(511M) 0.710ms
[9.352s][info][gc,cpu       ] GC(377) User=0.01s Sys=0.00s Real=0.00s
[9.375s][info][gc,start     ] GC(378) Pause Young (Allocation Failure)
[9.376s][info][gc,heap      ] GC(378) PSYoungGen: 173632K->64K(174080K)
[9.376s][info][gc,heap      ] GC(378) ParOldGen: 16684K->16714K(349696K)
[9.376s][info][gc,metaspace ] GC(378) Metaspace: 13345K->13345K(1062912K)
[9.376s][info][gc           ] GC(378) Pause Young (Allocation Failure) 185M->16M(511M) 0.485ms
[9.376s][info][gc,cpu       ] GC(378) User=0.00s Sys=0.00s Real=0.01s
[9.395s][info][gc,start     ] GC(379) Pause Young (Allocation Failure)
[9.396s][info][gc,heap      ] GC(379) PSYoungGen: 173632K->96K(174080K)
[9.396s][info][gc,heap      ] GC(379) ParOldGen: 16714K->16753K(349696K)
[9.396s][info][gc,metaspace ] GC(379) Metaspace: 13345K->13345K(1062912K)
[9.396s][info][gc           ] GC(379) Pause Young (Allocation Failure) 185M->16M(511M) 0.530ms
[9.396s][info][gc,cpu       ] GC(379) User=0.00s Sys=0.00s Real=0.01s
[9.417s][info][gc,start     ] GC(380) Pause Young (Allocation Failure)
[9.418s][info][gc,heap      ] GC(380) PSYoungGen: 173664K->96K(174080K)
[9.418s][info][gc,heap      ] GC(380) ParOldGen: 16753K->16782K(349696K)
[9.418s][info][gc,metaspace ] GC(380) Metaspace: 13345K->13345K(1062912K)
[9.418s][info][gc           ] GC(380) Pause Young (Allocation Failure) 185M->16M(511M) 0.464ms
[9.418s][info][gc,cpu       ] GC(380) User=0.01s Sys=0.00s Real=0.00s
[9.437s][info][gc,start     ] GC(381) Pause Young (Allocation Failure)
[9.438s][info][gc,heap      ] GC(381) PSYoungGen: 173664K->96K(174080K)
[9.438s][info][gc,heap      ] GC(381) ParOldGen: 16782K->16821K(349696K)
[9.438s][info][gc,metaspace ] GC(381) Metaspace: 13345K->13345K(1062912K)
[9.438s][info][gc           ] GC(381) Pause Young (Allocation Failure) 185M->16M(511M) 0.438ms
[9.438s][info][gc,cpu       ] GC(381) User=0.00s Sys=0.00s Real=0.00s
[9.459s][info][gc,start     ] GC(382) Pause Young (Allocation Failure)
[9.460s][info][gc,heap      ] GC(382) PSYoungGen: 173664K->128K(174080K)
[9.460s][info][gc,heap      ] GC(382) ParOldGen: 16821K->16851K(349696K)
[9.460s][info][gc,metaspace ] GC(382) Metaspace: 13345K->13345K(1062912K)
[9.460s][info][gc           ] GC(382) Pause Young (Allocation Failure) 186M->16M(511M) 0.432ms
[9.460s][info][gc,cpu       ] GC(382) User=0.00s Sys=0.01s Real=0.00s
[9.479s][info][gc,start     ] GC(383) Pause Young (Allocation Failure)
[9.480s][info][gc,heap      ] GC(383) PSYoungGen: 173696K->64K(174080K)
[9.480s][info][gc,heap      ] GC(383) ParOldGen: 16851K->16890K(349696K)
[9.480s][info][gc,metaspace ] GC(383) Metaspace: 13345K->13345K(1062912K)
[9.480s][info][gc           ] GC(383) Pause Young (Allocation Failure) 186M->16M(511M) 0.487ms
[9.480s][info][gc,cpu       ] GC(383) User=0.00s Sys=0.00s Real=0.00s
[9.500s][info][gc,start     ] GC(384) Pause Young (Allocation Failure)
[9.501s][info][gc,heap      ] GC(384) PSYoungGen: 173632K->128K(174080K)
[9.501s][info][gc,heap      ] GC(384) ParOldGen: 16890K->16919K(349696K)
[9.501s][info][gc,metaspace ] GC(384) Metaspace: 13345K->13345K(1062912K)
[9.501s][info][gc           ] GC(384) Pause Young (Allocation Failure) 186M->16M(511M) 0.434ms
[9.501s][info][gc,cpu       ] GC(384) User=0.00s Sys=0.00s Real=0.00s
[9.521s][info][gc,start     ] GC(385) Pause Young (Allocation Failure)
[9.522s][info][gc,heap      ] GC(385) PSYoungGen: 173696K->96K(174080K)
[9.522s][info][gc,heap      ] GC(385) ParOldGen: 16919K->16958K(349696K)
[9.522s][info][gc,metaspace ] GC(385) Metaspace: 13345K->13345K(1062912K)
[9.522s][info][gc           ] GC(385) Pause Young (Allocation Failure) 186M->16M(511M) 0.484ms
[9.522s][info][gc,cpu       ] GC(385) User=0.00s Sys=0.00s Real=0.00s
[9.542s][info][gc,start     ] GC(386) Pause Young (Allocation Failure)
[9.543s][info][gc,heap      ] GC(386) PSYoungGen: 173664K->64K(174080K)
[9.543s][info][gc,heap      ] GC(386) ParOldGen: 16958K->16997K(349696K)
[9.543s][info][gc,metaspace ] GC(386) Metaspace: 13345K->13345K(1062912K)
[9.543s][info][gc           ] GC(386) Pause Young (Allocation Failure) 186M->16M(511M) 0.665ms
[9.543s][info][gc,cpu       ] GC(386) User=0.00s Sys=0.00s Real=0.00s
[9.568s][info][gc,start     ] GC(387) Pause Young (Allocation Failure)
[9.568s][info][gc,heap      ] GC(387) PSYoungGen: 173632K->96K(174080K)
[9.569s][info][gc,heap      ] GC(387) ParOldGen: 16997K->17027K(349696K)
[9.569s][info][gc,metaspace ] GC(387) Metaspace: 13345K->13345K(1062912K)
[9.569s][info][gc           ] GC(387) Pause Young (Allocation Failure) 186M->16M(511M) 0.592ms
[9.569s][info][gc,cpu       ] GC(387) User=0.01s Sys=0.00s Real=0.00s
[9.590s][info][gc,start     ] GC(388) Pause Young (Allocation Failure)
[9.590s][info][gc,heap      ] GC(388) PSYoungGen: 173664K->64K(174080K)
[9.590s][info][gc,heap      ] GC(388) ParOldGen: 17027K->17066K(349696K)
[9.590s][info][gc,metaspace ] GC(388) Metaspace: 13345K->13345K(1062912K)
[9.590s][info][gc           ] GC(388) Pause Young (Allocation Failure) 186M->16M(511M) 0.444ms
[9.590s][info][gc,cpu       ] GC(388) User=0.00s Sys=0.00s Real=0.00s
[9.611s][info][gc,start     ] GC(389) Pause Young (Allocation Failure)
[9.612s][info][gc,heap      ] GC(389) PSYoungGen: 173632K->64K(174080K)
[9.612s][info][gc,heap      ] GC(389) ParOldGen: 17066K->17095K(349696K)
[9.612s][info][gc,metaspace ] GC(389) Metaspace: 13345K->13345K(1062912K)
[9.612s][info][gc           ] GC(389) Pause Young (Allocation Failure) 186M->16M(511M) 0.407ms
[9.612s][info][gc,cpu       ] GC(389) User=0.00s Sys=0.00s Real=0.00s
[9.632s][info][gc,start     ] GC(390) Pause Young (Allocation Failure)
[9.632s][info][gc,heap      ] GC(390) PSYoungGen: 173632K->64K(174080K)
[9.632s][info][gc,heap      ] GC(390) ParOldGen: 17095K->17134K(349696K)
[9.632s][info][gc,metaspace ] GC(390) Metaspace: 13345K->13345K(1062912K)
[9.632s][info][gc           ] GC(390) Pause Young (Allocation Failure) 186M->16M(511M) 0.460ms
[9.632s][info][gc,cpu       ] GC(390) User=0.00s Sys=0.00s Real=0.00s
[9.654s][info][gc,start     ] GC(391) Pause Young (Allocation Failure)
[9.655s][info][gc,heap      ] GC(391) PSYoungGen: 173632K->96K(174080K)
[9.655s][info][gc,heap      ] GC(391) ParOldGen: 17134K->17164K(349696K)
[9.655s][info][gc,metaspace ] GC(391) Metaspace: 13345K->13345K(1062912K)
[9.655s][info][gc           ] GC(391) Pause Young (Allocation Failure) 186M->16M(511M) 0.468ms
[9.655s][info][gc,cpu       ] GC(391) User=0.00s Sys=0.00s Real=0.00s
[9.674s][info][gc,start     ] GC(392) Pause Young (Allocation Failure)
[9.675s][info][gc,heap      ] GC(392) PSYoungGen: 173664K->64K(174080K)
[9.675s][info][gc,heap      ] GC(392) ParOldGen: 17164K->17203K(349696K)
[9.675s][info][gc,metaspace ] GC(392) Metaspace: 13345K->13345K(1062912K)
[9.675s][info][gc           ] GC(392) Pause Young (Allocation Failure) 186M->16M(511M) 0.407ms
[9.675s][info][gc,cpu       ] GC(392) User=0.00s Sys=0.00s Real=0.00s
[9.696s][info][gc,start     ] GC(393) Pause Young (Allocation Failure)
[9.696s][info][gc,heap      ] GC(393) PSYoungGen: 173632K->128K(174080K)
[9.696s][info][gc,heap      ] GC(393) ParOldGen: 17203K->17232K(349696K)
[9.696s][info][gc,metaspace ] GC(393) Metaspace: 13345K->13345K(1062912K)
[9.696s][info][gc           ] GC(393) Pause Young (Allocation Failure) 186M->16M(511M) 0.478ms
[9.696s][info][gc,cpu       ] GC(393) User=0.00s Sys=0.00s Real=0.00s
[9.716s][info][gc,start     ] GC(394) Pause Young (Allocation Failure)
[9.716s][info][gc,heap      ] GC(394) PSYoungGen: 173696K->96K(174080K)
[9.716s][info][gc,heap      ] GC(394) ParOldGen: 17232K->17271K(349696K)
[9.716s][info][gc,metaspace ] GC(394) Metaspace: 13345K->13345K(1062912K)
[9.716s][info][gc           ] GC(394) Pause Young (Allocation Failure) 186M->16M(511M) 0.411ms
[9.716s][info][gc,cpu       ] GC(394) User=0.00s Sys=0.00s Real=0.00s
[9.736s][info][gc,start     ] GC(395) Pause Young (Allocation Failure)
[9.737s][info][gc,heap      ] GC(395) PSYoungGen: 173664K->96K(174080K)
[9.737s][info][gc,heap      ] GC(395) ParOldGen: 17271K->17300K(349696K)
[9.737s][info][gc,metaspace ] GC(395) Metaspace: 13345K->13345K(1062912K)
[9.737s][info][gc           ] GC(395) Pause Young (Allocation Failure) 186M->16M(511M) 0.511ms
[9.737s][info][gc,cpu       ] GC(395) User=0.00s Sys=0.00s Real=0.00s
[9.759s][info][gc,start     ] GC(396) Pause Young (Allocation Failure)
[9.759s][info][gc,heap      ] GC(396) PSYoungGen: 173664K->96K(174080K)
[9.759s][info][gc,heap      ] GC(396) ParOldGen: 17300K->17340K(349696K)
[9.759s][info][gc,metaspace ] GC(396) Metaspace: 13345K->13345K(1062912K)
[9.759s][info][gc           ] GC(396) Pause Young (Allocation Failure) 186M->17M(511M) 0.447ms
[9.759s][info][gc,cpu       ] GC(396) User=0.00s Sys=0.00s Real=0.00s
[9.782s][info][gc,start     ] GC(397) Pause Young (Allocation Failure)
[9.783s][info][gc,heap      ] GC(397) PSYoungGen: 173664K->128K(174080K)
[9.783s][info][gc,heap      ] GC(397) ParOldGen: 17340K->17369K(349696K)
[9.783s][info][gc,metaspace ] GC(397) Metaspace: 13345K->13345K(1062912K)
[9.783s][info][gc           ] GC(397) Pause Young (Allocation Failure) 186M->17M(511M) 0.358ms
[9.783s][info][gc,cpu       ] GC(397) User=0.00s Sys=0.00s Real=0.00s
[9.804s][info][gc,start     ] GC(398) Pause Young (Allocation Failure)
[9.805s][info][gc,heap      ] GC(398) PSYoungGen: 173696K->64K(174080K)
[9.805s][info][gc,heap      ] GC(398) ParOldGen: 17369K->17408K(349696K)
[9.805s][info][gc,metaspace ] GC(398) Metaspace: 13345K->13345K(1062912K)
[9.805s][info][gc           ] GC(398) Pause Young (Allocation Failure) 186M->17M(511M) 0.552ms
[9.805s][info][gc,cpu       ] GC(398) User=0.00s Sys=0.00s Real=0.00s
[9.826s][info][gc,start     ] GC(399) Pause Young (Allocation Failure)
[9.826s][info][gc,heap      ] GC(399) PSYoungGen: 173632K->64K(174080K)
[9.826s][info][gc,heap      ] GC(399) ParOldGen: 17408K->17447K(349696K)
[9.826s][info][gc,metaspace ] GC(399) Metaspace: 13345K->13345K(1062912K)
[9.826s][info][gc           ] GC(399) Pause Young (Allocation Failure) 186M->17M(511M) 0.445ms
[9.826s][info][gc,cpu       ] GC(399) User=0.00s Sys=0.00s Real=0.00s
[9.848s][info][gc,start     ] GC(400) Pause Young (Allocation Failure)
[9.848s][info][gc,heap      ] GC(400) PSYoungGen: 173632K->96K(174080K)
[9.848s][info][gc,heap      ] GC(400) ParOldGen: 17447K->17477K(349696K)
[9.848s][info][gc,metaspace ] GC(400) Metaspace: 13345K->13345K(1062912K)
[9.848s][info][gc           ] GC(400) Pause Young (Allocation Failure) 186M->17M(511M) 0.615ms
[9.848s][info][gc,cpu       ] GC(400) User=0.00s Sys=0.00s Real=0.00s
[9.869s][info][gc,start     ] GC(401) Pause Young (Allocation Failure)
[9.869s][info][gc,heap      ] GC(401) PSYoungGen: 173664K->64K(174080K)
[9.869s][info][gc,heap      ] GC(401) ParOldGen: 17477K->17516K(349696K)
[9.869s][info][gc,metaspace ] GC(401) Metaspace: 13345K->13345K(1062912K)
[9.869s][info][gc           ] GC(401) Pause Young (Allocation Failure) 186M->17M(511M) 0.438ms
[9.869s][info][gc,cpu       ] GC(401) User=0.00s Sys=0.00s Real=0.00s
[9.890s][info][gc,start     ] GC(402) Pause Young (Allocation Failure)
[9.891s][info][gc,heap      ] GC(402) PSYoungGen: 173632K->96K(174080K)
[9.891s][info][gc,heap      ] GC(402) ParOldGen: 17516K->17545K(349696K)
[9.891s][info][gc,metaspace ] GC(402) Metaspace: 13345K->13345K(1062912K)
[9.891s][info][gc           ] GC(402) Pause Young (Allocation Failure) 186M->17M(511M) 0.480ms
[9.891s][info][gc,cpu       ] GC(402) User=0.00s Sys=0.00s Real=0.00s
[9.911s][info][gc,start     ] GC(403) Pause Young (Allocation Failure)
[9.911s][info][gc,heap      ] GC(403) PSYoungGen: 173664K->64K(174080K)
[9.911s][info][gc,heap      ] GC(403) ParOldGen: 17545K->17584K(349696K)
[9.911s][info][gc,metaspace ] GC(403) Metaspace: 13345K->13345K(1062912K)
[9.911s][info][gc           ] GC(403) Pause Young (Allocation Failure) 186M->17M(511M) 0.476ms
[9.911s][info][gc,cpu       ] GC(403) User=0.00s Sys=0.00s Real=0.00s
[9.931s][info][gc,start     ] GC(404) Pause Young (Allocation Failure)
[9.932s][info][gc,heap      ] GC(404) PSYoungGen: 173632K->96K(174080K)
[9.932s][info][gc,heap      ] GC(404) ParOldGen: 17584K->17613K(349696K)
[9.932s][info][gc,metaspace ] GC(404) Metaspace: 13345K->13345K(1062912K)
[9.932s][info][gc           ] GC(404) Pause Young (Allocation Failure) 186M->17M(511M) 0.437ms
[9.932s][info][gc,cpu       ] GC(404) User=0.01s Sys=0.00s Real=0.00s
[9.951s][info][gc,start     ] GC(405) Pause Young (Allocation Failure)
[9.951s][info][gc,heap      ] GC(405) PSYoungGen: 173664K->64K(174080K)
[9.951s][info][gc,heap      ] GC(405) ParOldGen: 17613K->17653K(349696K)
[9.951s][info][gc,metaspace ] GC(405) Metaspace: 13345K->13345K(1062912K)
[9.951s][info][gc           ] GC(405) Pause Young (Allocation Failure) 186M->17M(511M) 0.437ms
[9.951s][info][gc,cpu       ] GC(405) User=0.00s Sys=0.00s Real=0.00s
[9.972s][info][gc,start     ] GC(406) Pause Young (Allocation Failure)
[9.972s][info][gc,heap      ] GC(406) PSYoungGen: 173632K->96K(174080K)
[9.972s][info][gc,heap      ] GC(406) ParOldGen: 17653K->17682K(349696K)
[9.972s][info][gc,metaspace ] GC(406) Metaspace: 13345K->13345K(1062912K)
[9.972s][info][gc           ] GC(406) Pause Young (Allocation Failure) 186M->17M(511M) 0.448ms
[9.972s][info][gc,cpu       ] GC(406) User=0.00s Sys=0.00s Real=0.00s
[9.991s][info][gc,start     ] GC(407) Pause Young (Allocation Failure)
[9.991s][info][gc,heap      ] GC(407) PSYoungGen: 173664K->96K(174080K)
[9.991s][info][gc,heap      ] GC(407) ParOldGen: 17682K->17721K(349696K)
[9.991s][info][gc,metaspace ] GC(407) Metaspace: 13345K->13345K(1062912K)
[9.991s][info][gc           ] GC(407) Pause Young (Allocation Failure) 186M->17M(511M) 0.419ms
[9.991s][info][gc,cpu       ] GC(407) User=0.00s Sys=0.00s Real=0.00s
[10.013s][info][gc,start     ] GC(408) Pause Young (Allocation Failure)
[10.013s][info][gc,heap      ] GC(408) PSYoungGen: 173664K->64K(174080K)
[10.013s][info][gc,heap      ] GC(408) ParOldGen: 17721K->17750K(349696K)
[10.013s][info][gc,metaspace ] GC(408) Metaspace: 13345K->13345K(1062912K)
[10.013s][info][gc           ] GC(408) Pause Young (Allocation Failure) 186M->17M(511M) 0.467ms
[10.013s][info][gc,cpu       ] GC(408) User=0.00s Sys=0.00s Real=0.00s
[10.033s][info][gc,start     ] GC(409) Pause Young (Allocation Failure)
[10.033s][info][gc,heap      ] GC(409) PSYoungGen: 173632K->96K(174080K)
[10.033s][info][gc,heap      ] GC(409) ParOldGen: 17750K->17790K(349696K)
[10.033s][info][gc,metaspace ] GC(409) Metaspace: 13345K->13345K(1062912K)
[10.033s][info][gc           ] GC(409) Pause Young (Allocation Failure) 186M->17M(511M) 0.405ms
[10.033s][info][gc,cpu       ] GC(409) User=0.00s Sys=0.00s Real=0.00s
[10.055s][info][gc,start     ] GC(410) Pause Young (Allocation Failure)
[10.055s][info][gc,heap      ] GC(410) PSYoungGen: 173664K->128K(174080K)
[10.055s][info][gc,heap      ] GC(410) ParOldGen: 17790K->17819K(349696K)
[10.055s][info][gc,metaspace ] GC(410) Metaspace: 13345K->13345K(1062912K)
[10.055s][info][gc           ] GC(410) Pause Young (Allocation Failure) 186M->17M(511M) 0.498ms
[10.055s][info][gc,cpu       ] GC(410) User=0.00s Sys=0.00s Real=0.00s
[10.078s][info][gc,start     ] GC(411) Pause Young (Allocation Failure)
[10.078s][info][gc,heap      ] GC(411) PSYoungGen: 173696K->64K(174080K)
[10.078s][info][gc,heap      ] GC(411) ParOldGen: 17819K->17858K(349696K)
[10.078s][info][gc,metaspace ] GC(411) Metaspace: 13345K->13345K(1062912K)
[10.078s][info][gc           ] GC(411) Pause Young (Allocation Failure) 187M->17M(511M) 0.427ms
[10.079s][info][gc,cpu       ] GC(411) User=0.00s Sys=0.00s Real=0.00s
[10.105s][info][gc,start     ] GC(412) Pause Young (Allocation Failure)
[10.106s][info][gc,heap      ] GC(412) PSYoungGen: 173632K->64K(174080K)
[10.106s][info][gc,heap      ] GC(412) ParOldGen: 17858K->17887K(349696K)
[10.106s][info][gc,metaspace ] GC(412) Metaspace: 13345K->13345K(1062912K)
[10.106s][info][gc           ] GC(412) Pause Young (Allocation Failure) 187M->17M(511M) 0.511ms
[10.106s][info][gc,cpu       ] GC(412) User=0.01s Sys=0.00s Real=0.01s
[10.129s][info][gc,start     ] GC(413) Pause Young (Allocation Failure)
[10.130s][info][gc,heap      ] GC(413) PSYoungGen: 173632K->64K(174080K)
[10.130s][info][gc,heap      ] GC(413) ParOldGen: 17887K->17926K(349696K)
[10.130s][info][gc,metaspace ] GC(413) Metaspace: 13345K->13345K(1062912K)
[10.130s][info][gc           ] GC(413) Pause Young (Allocation Failure) 187M->17M(511M) 0.637ms
[10.130s][info][gc,cpu       ] GC(413) User=0.01s Sys=0.00s Real=0.00s
[10.149s][info][gc,start     ] GC(414) Pause Young (Allocation Failure)
[10.149s][info][gc,heap      ] GC(414) PSYoungGen: 173632K->96K(174080K)
[10.149s][info][gc,heap      ] GC(414) ParOldGen: 17926K->17966K(349696K)
[10.149s][info][gc,metaspace ] GC(414) Metaspace: 13345K->13345K(1062912K)
[10.149s][info][gc           ] GC(414) Pause Young (Allocation Failure) 187M->17M(511M) 0.445ms
[10.149s][info][gc,cpu       ] GC(414) User=0.00s Sys=0.00s Real=0.00s
[10.170s][info][gc,start     ] GC(415) Pause Young (Allocation Failure)
[10.170s][info][gc,heap      ] GC(415) PSYoungGen: 173664K->96K(174080K)
[10.170s][info][gc,heap      ] GC(415) ParOldGen: 17966K->17995K(349696K)
[10.170s][info][gc,metaspace ] GC(415) Metaspace: 13345K->13345K(1062912K)
[10.170s][info][gc           ] GC(415) Pause Young (Allocation Failure) 187M->17M(511M) 0.524ms
[10.170s][info][gc,cpu       ] GC(415) User=0.00s Sys=0.00s Real=0.00s
[10.189s][info][gc,start     ] GC(416) Pause Young (Allocation Failure)
[10.190s][info][gc,heap      ] GC(416) PSYoungGen: 173664K->64K(174080K)
[10.190s][info][gc,heap      ] GC(416) ParOldGen: 17995K->18034K(349696K)
[10.190s][info][gc,metaspace ] GC(416) Metaspace: 13345K->13345K(1062912K)
[10.190s][info][gc           ] GC(416) Pause Young (Allocation Failure) 187M->17M(511M) 0.523ms
[10.190s][info][gc,cpu       ] GC(416) User=0.00s Sys=0.00s Real=0.00s
[10.210s][info][gc,start     ] GC(417) Pause Young (Allocation Failure)
[10.211s][info][gc,heap      ] GC(417) PSYoungGen: 173632K->96K(174080K)
[10.211s][info][gc,heap      ] GC(417) ParOldGen: 18034K->18063K(349696K)
[10.211s][info][gc,metaspace ] GC(417) Metaspace: 13345K->13345K(1062912K)
[10.211s][info][gc           ] GC(417) Pause Young (Allocation Failure) 187M->17M(511M) 0.419ms
[10.211s][info][gc,cpu       ] GC(417) User=0.00s Sys=0.00s Real=0.00s
[10.231s][info][gc,start     ] GC(418) Pause Young (Allocation Failure)
[10.232s][info][gc,heap      ] GC(418) PSYoungGen: 173664K->64K(174080K)
[10.232s][info][gc,heap      ] GC(418) ParOldGen: 18063K->18103K(349696K)
[10.232s][info][gc,metaspace ] GC(418) Metaspace: 13345K->13345K(1062912K)
[10.232s][info][gc           ] GC(418) Pause Young (Allocation Failure) 187M->17M(511M) 0.520ms
[10.232s][info][gc,cpu       ] GC(418) User=0.00s Sys=0.00s Real=0.00s
[10.254s][info][gc,start     ] GC(419) Pause Young (Allocation Failure)
[10.254s][info][gc,heap      ] GC(419) PSYoungGen: 173632K->96K(174080K)
[10.254s][info][gc,heap      ] GC(419) ParOldGen: 18103K->18132K(349696K)
[10.254s][info][gc,metaspace ] GC(419) Metaspace: 13345K->13345K(1062912K)
[10.254s][info][gc           ] GC(419) Pause Young (Allocation Failure) 187M->17M(511M) 0.501ms
[10.254s][info][gc,cpu       ] GC(419) User=0.00s Sys=0.00s Real=0.00s
[10.274s][info][gc,start     ] GC(420) Pause Young (Allocation Failure)
[10.275s][info][gc,heap      ] GC(420) PSYoungGen: 173664K->64K(174080K)
[10.275s][info][gc,heap      ] GC(420) ParOldGen: 18132K->18171K(349696K)
[10.275s][info][gc,metaspace ] GC(420) Metaspace: 13345K->13345K(1062912K)
[10.275s][info][gc           ] GC(420) Pause Young (Allocation Failure) 187M->17M(511M) 0.471ms
[10.275s][info][gc,cpu       ] GC(420) User=0.00s Sys=0.00s Real=0.00s
[10.300s][info][gc,start     ] GC(421) Pause Young (Allocation Failure)
[10.300s][info][gc,heap      ] GC(421) PSYoungGen: 173632K->96K(174080K)
[10.300s][info][gc,heap      ] GC(421) ParOldGen: 18171K->18200K(349696K)
[10.301s][info][gc,metaspace ] GC(421) Metaspace: 13345K->13345K(1062912K)
[10.301s][info][gc           ] GC(421) Pause Young (Allocation Failure) 187M->17M(511M) 0.564ms
[10.301s][info][gc,cpu       ] GC(421) User=0.00s Sys=0.00s Real=0.00s
[10.327s][info][gc,start     ] GC(422) Pause Young (Allocation Failure)
[10.328s][info][gc,heap      ] GC(422) PSYoungGen: 173664K->128K(174080K)
[10.328s][info][gc,heap      ] GC(422) ParOldGen: 18200K->18247K(349696K)
[10.328s][info][gc,metaspace ] GC(422) Metaspace: 13362K->13362K(1062912K)
[10.328s][info][gc           ] GC(422) Pause Young (Allocation Failure) 187M->17M(511M) 1.465ms
[10.329s][info][gc,cpu       ] GC(422) User=0.01s Sys=0.00s Real=0.00s
[10.373s][info][gc,start     ] GC(423) Pause Young (Allocation Failure)
[10.373s][info][gc,heap      ] GC(423) PSYoungGen: 173696K->96K(174080K)
[10.373s][info][gc,heap      ] GC(423) ParOldGen: 18247K->18325K(349696K)
[10.373s][info][gc,metaspace ] GC(423) Metaspace: 13362K->13362K(1062912K)
[10.373s][info][gc           ] GC(423) Pause Young (Allocation Failure) 187M->17M(511M) 0.537ms
[10.373s][info][gc,cpu       ] GC(423) User=0.01s Sys=0.00s Real=0.00s
[10.392s][info][gc,start     ] GC(424) Pause Young (Allocation Failure)
[10.393s][info][gc,heap      ] GC(424) PSYoungGen: 173664K->64K(174080K)
[10.393s][info][gc,heap      ] GC(424) ParOldGen: 18325K->18364K(349696K)
[10.393s][info][gc,metaspace ] GC(424) Metaspace: 13362K->13362K(1062912K)
[10.393s][info][gc           ] GC(424) Pause Young (Allocation Failure) 187M->17M(511M) 0.454ms
[10.393s][info][gc,cpu       ] GC(424) User=0.00s Sys=0.00s Real=0.00s
[10.414s][info][gc,start     ] GC(425) Pause Young (Allocation Failure)
[10.415s][info][gc,heap      ] GC(425) PSYoungGen: 173632K->64K(174080K)
[10.415s][info][gc,heap      ] GC(425) ParOldGen: 18364K->18393K(349696K)
[10.415s][info][gc,metaspace ] GC(425) Metaspace: 13362K->13362K(1062912K)
[10.415s][info][gc           ] GC(425) Pause Young (Allocation Failure) 187M->18M(511M) 0.663ms
[10.415s][info][gc,cpu       ] GC(425) User=0.00s Sys=0.00s Real=0.00s
[10.438s][info][gc,start     ] GC(426) Pause Young (Allocation Failure)
[10.438s][info][gc,heap      ] GC(426) PSYoungGen: 173632K->64K(174080K)
[10.439s][info][gc,heap      ] GC(426) ParOldGen: 18393K->18432K(349696K)
[10.439s][info][gc,metaspace ] GC(426) Metaspace: 13362K->13362K(1062912K)
[10.439s][info][gc           ] GC(426) Pause Young (Allocation Failure) 187M->18M(511M) 0.937ms
[10.439s][info][gc,cpu       ] GC(426) User=0.00s Sys=0.00s Real=0.00s
[10.461s][info][gc,start     ] GC(427) Pause Young (Allocation Failure)
[10.462s][info][gc,heap      ] GC(427) PSYoungGen: 173632K->64K(174080K)
[10.462s][info][gc,heap      ] GC(427) ParOldGen: 18432K->18472K(349696K)
[10.462s][info][gc,metaspace ] GC(427) Metaspace: 13362K->13362K(1062912K)
[10.462s][info][gc           ] GC(427) Pause Young (Allocation Failure) 187M->18M(511M) 0.488ms
[10.462s][info][gc,cpu       ] GC(427) User=0.00s Sys=0.01s Real=0.00s
[10.485s][info][gc,start     ] GC(428) Pause Young (Allocation Failure)
[10.485s][info][gc,heap      ] GC(428) PSYoungGen: 173632K->96K(174080K)
[10.485s][info][gc,heap      ] GC(428) ParOldGen: 18472K->18501K(349696K)
[10.485s][info][gc,metaspace ] GC(428) Metaspace: 13362K->13362K(1062912K)
[10.485s][info][gc           ] GC(428) Pause Young (Allocation Failure) 187M->18M(511M) 0.499ms
[10.485s][info][gc,cpu       ] GC(428) User=0.00s Sys=0.00s Real=0.00s
[10.505s][info][gc,start     ] GC(429) Pause Young (Allocation Failure)
[10.506s][info][gc,heap      ] GC(429) PSYoungGen: 173664K->64K(174080K)
[10.506s][info][gc,heap      ] GC(429) ParOldGen: 18501K->18540K(349696K)
[10.506s][info][gc,metaspace ] GC(429) Metaspace: 13362K->13362K(1062912K)
[10.506s][info][gc           ] GC(429) Pause Young (Allocation Failure) 187M->18M(511M) 0.513ms
[10.506s][info][gc,cpu       ] GC(429) User=0.00s Sys=0.00s Real=0.01s
[10.528s][info][gc,start     ] GC(430) Pause Young (Allocation Failure)
[10.528s][info][gc,heap      ] GC(430) PSYoungGen: 173632K->96K(174080K)
[10.528s][info][gc,heap      ] GC(430) ParOldGen: 18540K->18569K(349696K)
[10.528s][info][gc,metaspace ] GC(430) Metaspace: 13362K->13362K(1062912K)
[10.528s][info][gc           ] GC(430) Pause Young (Allocation Failure) 187M->18M(511M) 0.423ms
[10.528s][info][gc,cpu       ] GC(430) User=0.00s Sys=0.00s Real=0.00s
[10.548s][info][gc,start     ] GC(431) Pause Young (Allocation Failure)
[10.548s][info][gc,heap      ] GC(431) PSYoungGen: 173664K->64K(174080K)
[10.548s][info][gc,heap      ] GC(431) ParOldGen: 18569K->18608K(349696K)
[10.548s][info][gc,metaspace ] GC(431) Metaspace: 13362K->13362K(1062912K)
[10.548s][info][gc           ] GC(431) Pause Young (Allocation Failure) 187M->18M(511M) 0.411ms
[10.548s][info][gc,cpu       ] GC(431) User=0.00s Sys=0.00s Real=0.00s
[10.569s][info][gc,start     ] GC(432) Pause Young (Allocation Failure)
[10.569s][info][gc,heap      ] GC(432) PSYoungGen: 173632K->96K(174080K)
[10.569s][info][gc,heap      ] GC(432) ParOldGen: 18608K->18638K(349696K)
[10.569s][info][gc,metaspace ] GC(432) Metaspace: 13362K->13362K(1062912K)
[10.569s][info][gc           ] GC(432) Pause Young (Allocation Failure) 187M->18M(511M) 0.471ms
[10.569s][info][gc,cpu       ] GC(432) User=0.00s Sys=0.00s Real=0.00s
[10.588s][info][gc,start     ] GC(433) Pause Young (Allocation Failure)
[10.588s][info][gc,heap      ] GC(433) PSYoungGen: 173664K->64K(174080K)
[10.588s][info][gc,heap      ] GC(433) ParOldGen: 18638K->18677K(349696K)
[10.588s][info][gc,metaspace ] GC(433) Metaspace: 13362K->13362K(1062912K)
[10.588s][info][gc           ] GC(433) Pause Young (Allocation Failure) 187M->18M(511M) 0.394ms
[10.588s][info][gc,cpu       ] GC(433) User=0.00s Sys=0.00s Real=0.00s
[10.609s][info][gc,start     ] GC(434) Pause Young (Allocation Failure)
[10.609s][info][gc,heap      ] GC(434) PSYoungGen: 173632K->96K(174080K)
[10.609s][info][gc,heap      ] GC(434) ParOldGen: 18677K->18706K(349696K)
[10.609s][info][gc,metaspace ] GC(434) Metaspace: 13362K->13362K(1062912K)
[10.609s][info][gc           ] GC(434) Pause Young (Allocation Failure) 187M->18M(511M) 0.459ms
[10.609s][info][gc,cpu       ] GC(434) User=0.00s Sys=0.00s Real=0.00s
[10.628s][info][gc,start     ] GC(435) Pause Young (Allocation Failure)
[10.629s][info][gc,heap      ] GC(435) PSYoungGen: 173664K->64K(174080K)
[10.629s][info][gc,heap      ] GC(435) ParOldGen: 18706K->18745K(349696K)
[10.629s][info][gc,metaspace ] GC(435) Metaspace: 13362K->13362K(1062912K)
[10.629s][info][gc           ] GC(435) Pause Young (Allocation Failure) 187M->18M(511M) 0.490ms
[10.629s][info][gc,cpu       ] GC(435) User=0.00s Sys=0.00s Real=0.00s
[10.650s][info][gc,start     ] GC(436) Pause Young (Allocation Failure)
[10.651s][info][gc,heap      ] GC(436) PSYoungGen: 173632K->96K(174080K)
[10.651s][info][gc,heap      ] GC(436) ParOldGen: 18745K->18775K(349696K)
[10.651s][info][gc,metaspace ] GC(436) Metaspace: 13362K->13362K(1062912K)
[10.651s][info][gc           ] GC(436) Pause Young (Allocation Failure) 187M->18M(511M) 0.483ms
[10.651s][info][gc,cpu       ] GC(436) User=0.00s Sys=0.00s Real=0.00s
[10.671s][info][gc,start     ] GC(437) Pause Young (Allocation Failure)
[10.671s][info][gc,heap      ] GC(437) PSYoungGen: 173664K->96K(174080K)
[10.671s][info][gc,heap      ] GC(437) ParOldGen: 18775K->18814K(349696K)
[10.671s][info][gc,metaspace ] GC(437) Metaspace: 13362K->13362K(1062912K)
[10.671s][info][gc           ] GC(437) Pause Young (Allocation Failure) 187M->18M(511M) 0.581ms
[10.671s][info][gc,cpu       ] GC(437) User=0.00s Sys=0.00s Real=0.00s
[10.693s][info][gc,start     ] GC(438) Pause Young (Allocation Failure)
[10.694s][info][gc,heap      ] GC(438) PSYoungGen: 173664K->96K(174080K)
[10.694s][info][gc,heap      ] GC(438) ParOldGen: 18814K->18843K(349696K)
[10.694s][info][gc,metaspace ] GC(438) Metaspace: 13362K->13362K(1062912K)
[10.694s][info][gc           ] GC(438) Pause Young (Allocation Failure) 187M->18M(511M) 0.505ms
[10.694s][info][gc,cpu       ] GC(438) User=0.00s Sys=0.00s Real=0.00s
[10.716s][info][gc,start     ] GC(439) Pause Young (Allocation Failure)
[10.716s][info][gc,heap      ] GC(439) PSYoungGen: 173664K->64K(174080K)
[10.716s][info][gc,heap      ] GC(439) ParOldGen: 18843K->18882K(349696K)
[10.716s][info][gc,metaspace ] GC(439) Metaspace: 13362K->13362K(1062912K)
[10.716s][info][gc           ] GC(439) Pause Young (Allocation Failure) 187M->18M(511M) 0.413ms
[10.716s][info][gc,cpu       ] GC(439) User=0.00s Sys=0.00s Real=0.01s
[10.737s][info][gc,start     ] GC(440) Pause Young (Allocation Failure)
[10.738s][info][gc,heap      ] GC(440) PSYoungGen: 173632K->64K(174080K)
[10.738s][info][gc,heap      ] GC(440) ParOldGen: 18882K->18921K(349696K)
[10.738s][info][gc,metaspace ] GC(440) Metaspace: 13362K->13362K(1062912K)
[10.738s][info][gc           ] GC(440) Pause Young (Allocation Failure) 188M->18M(511M) 0.646ms
[10.738s][info][gc,cpu       ] GC(440) User=0.00s Sys=0.00s Real=0.00s
[10.762s][info][gc,start     ] GC(441) Pause Young (Allocation Failure)
[10.762s][info][gc,heap      ] GC(441) PSYoungGen: 173632K->96K(174080K)
[10.762s][info][gc,heap      ] GC(441) ParOldGen: 18921K->18951K(349696K)
[10.762s][info][gc,metaspace ] GC(441) Metaspace: 13362K->13362K(1062912K)
[10.762s][info][gc           ] GC(441) Pause Young (Allocation Failure) 188M->18M(511M) 0.682ms
[10.762s][info][gc,cpu       ] GC(441) User=0.00s Sys=0.00s Real=0.00s
[10.783s][info][gc,start     ] GC(442) Pause Young (Allocation Failure)
[10.783s][info][gc,heap      ] GC(442) PSYoungGen: 173664K->64K(174080K)
[10.783s][info][gc,heap      ] GC(442) ParOldGen: 18951K->18990K(349696K)
[10.783s][info][gc,metaspace ] GC(442) Metaspace: 13362K->13362K(1062912K)
[10.783s][info][gc           ] GC(442) Pause Young (Allocation Failure) 188M->18M(511M) 0.467ms
[10.783s][info][gc,cpu       ] GC(442) User=0.01s Sys=0.00s Real=0.00s
[10.803s][info][gc,start     ] GC(443) Pause Young (Allocation Failure)
[10.804s][info][gc,heap      ] GC(443) PSYoungGen: 173632K->96K(174080K)
[10.804s][info][gc,heap      ] GC(443) ParOldGen: 18990K->19019K(349696K)
[10.804s][info][gc,metaspace ] GC(443) Metaspace: 13362K->13362K(1062912K)
[10.804s][info][gc           ] GC(443) Pause Young (Allocation Failure) 188M->18M(511M) 0.451ms
[10.804s][info][gc,cpu       ] GC(443) User=0.00s Sys=0.01s Real=0.00s
[10.825s][info][gc,start     ] GC(444) Pause Young (Allocation Failure)
[10.826s][info][gc,heap      ] GC(444) PSYoungGen: 173664K->64K(174080K)
[10.826s][info][gc,heap      ] GC(444) ParOldGen: 19019K->19058K(349696K)
[10.826s][info][gc,metaspace ] GC(444) Metaspace: 13362K->13362K(1062912K)
[10.826s][info][gc           ] GC(444) Pause Young (Allocation Failure) 188M->18M(511M) 0.392ms
[10.826s][info][gc,cpu       ] GC(444) User=0.00s Sys=0.00s Real=0.01s
[10.847s][info][gc,start     ] GC(445) Pause Young (Allocation Failure)
[10.847s][info][gc,heap      ] GC(445) PSYoungGen: 173632K->64K(174080K)
[10.848s][info][gc,heap      ] GC(445) ParOldGen: 19058K->19088K(349696K)
[10.848s][info][gc,metaspace ] GC(445) Metaspace: 13362K->13362K(1062912K)
[10.848s][info][gc           ] GC(445) Pause Young (Allocation Failure) 188M->18M(511M) 0.490ms
[10.848s][info][gc,cpu       ] GC(445) User=0.00s Sys=0.00s Real=0.00s
[10.869s][info][gc,start     ] GC(446) Pause Young (Allocation Failure)
[10.869s][info][gc,heap      ] GC(446) PSYoungGen: 173632K->96K(174080K)
[10.869s][info][gc,heap      ] GC(446) ParOldGen: 19088K->19127K(349696K)
[10.869s][info][gc,metaspace ] GC(446) Metaspace: 13362K->13362K(1062912K)
[10.869s][info][gc           ] GC(446) Pause Young (Allocation Failure) 188M->18M(511M) 0.578ms
[10.869s][info][gc,cpu       ] GC(446) User=0.00s Sys=0.00s Real=0.00s
[10.890s][info][gc,start     ] GC(447) Pause Young (Allocation Failure)
[10.891s][info][gc,heap      ] GC(447) PSYoungGen: 173664K->96K(174080K)
[10.891s][info][gc,heap      ] GC(447) ParOldGen: 19127K->19156K(349696K)
[10.891s][info][gc,metaspace ] GC(447) Metaspace: 13362K->13362K(1062912K)
[10.891s][info][gc           ] GC(447) Pause Young (Allocation Failure) 188M->18M(511M) 0.508ms
[10.891s][info][gc,cpu       ] GC(447) User=0.00s Sys=0.00s Real=0.00s
[10.911s][info][gc,start     ] GC(448) Pause Young (Allocation Failure)
[10.911s][info][gc,heap      ] GC(448) PSYoungGen: 173664K->64K(174080K)
[10.911s][info][gc,heap      ] GC(448) ParOldGen: 19156K->19195K(349696K)
[10.911s][info][gc,metaspace ] GC(448) Metaspace: 13362K->13362K(1062912K)
[10.911s][info][gc           ] GC(448) Pause Young (Allocation Failure) 188M->18M(511M) 0.571ms
[10.911s][info][gc,cpu       ] GC(448) User=0.00s Sys=0.00s Real=0.00s
[10.932s][info][gc,start     ] GC(449) Pause Young (Allocation Failure)
[10.933s][info][gc,heap      ] GC(449) PSYoungGen: 173632K->96K(174080K)
[10.933s][info][gc,heap      ] GC(449) ParOldGen: 19195K->19225K(349696K)
[10.933s][info][gc,metaspace ] GC(449) Metaspace: 13362K->13362K(1062912K)
[10.933s][info][gc           ] GC(449) Pause Young (Allocation Failure) 188M->18M(511M) 0.480ms
[10.933s][info][gc,cpu       ] GC(449) User=0.01s Sys=0.00s Real=0.00s
[10.953s][info][gc,start     ] GC(450) Pause Young (Allocation Failure)
[10.953s][info][gc,heap      ] GC(450) PSYoungGen: 173664K->64K(174080K)
[10.953s][info][gc,heap      ] GC(450) ParOldGen: 19225K->19264K(349696K)
[10.953s][info][gc,metaspace ] GC(450) Metaspace: 13362K->13362K(1062912K)
[10.953s][info][gc           ] GC(450) Pause Young (Allocation Failure) 188M->18M(511M) 0.605ms
[10.953s][info][gc,cpu       ] GC(450) User=0.00s Sys=0.00s Real=0.00s
[10.975s][info][gc,start     ] GC(451) Pause Young (Allocation Failure)
[10.975s][info][gc,heap      ] GC(451) PSYoungGen: 173632K->128K(174080K)
[10.975s][info][gc,heap      ] GC(451) ParOldGen: 19264K->19293K(349696K)
[10.975s][info][gc,metaspace ] GC(451) Metaspace: 13362K->13362K(1062912K)
[10.975s][info][gc           ] GC(451) Pause Young (Allocation Failure) 188M->18M(511M) 0.445ms
[10.975s][info][gc,cpu       ] GC(451) User=0.00s Sys=0.00s Real=0.00s
[10.997s][info][gc,start     ] GC(452) Pause Young (Allocation Failure)
[10.997s][info][gc,heap      ] GC(452) PSYoungGen: 173696K->96K(174080K)
[10.997s][info][gc,heap      ] GC(452) ParOldGen: 19293K->19332K(349696K)
[10.997s][info][gc,metaspace ] GC(452) Metaspace: 13362K->13362K(1062912K)
[10.997s][info][gc           ] GC(452) Pause Young (Allocation Failure) 188M->18M(511M) 0.501ms
[10.997s][info][gc,cpu       ] GC(452) User=0.00s Sys=0.00s Real=0.00s
[11.020s][info][gc,start     ] GC(453) Pause Young (Allocation Failure)
[11.021s][info][gc,heap      ] GC(453) PSYoungGen: 173664K->64K(174080K)
[11.021s][info][gc,heap      ] GC(453) ParOldGen: 19332K->19371K(349696K)
[11.021s][info][gc,metaspace ] GC(453) Metaspace: 13362K->13362K(1062912K)
[11.021s][info][gc           ] GC(453) Pause Young (Allocation Failure) 188M->18M(511M) 0.463ms
[11.021s][info][gc,cpu       ] GC(453) User=0.00s Sys=0.00s Real=0.00s
[11.044s][info][gc,start     ] GC(454) Pause Young (Allocation Failure)
[11.044s][info][gc,heap      ] GC(454) PSYoungGen: 173632K->96K(174080K)
[11.044s][info][gc,heap      ] GC(454) ParOldGen: 19371K->19401K(349696K)
[11.044s][info][gc,metaspace ] GC(454) Metaspace: 13362K->13362K(1062912K)
[11.044s][info][gc           ] GC(454) Pause Young (Allocation Failure) 188M->19M(511M) 0.583ms
[11.045s][info][gc,cpu       ] GC(454) User=0.01s Sys=0.00s Real=0.00s
[11.067s][info][gc,start     ] GC(455) Pause Young (Allocation Failure)
[11.067s][info][gc,heap      ] GC(455) PSYoungGen: 173664K->64K(174080K)
[11.067s][info][gc,heap      ] GC(455) ParOldGen: 19401K->19440K(349696K)
[11.067s][info][gc,metaspace ] GC(455) Metaspace: 13362K->13362K(1062912K)
[11.067s][info][gc           ] GC(455) Pause Young (Allocation Failure) 188M->19M(511M) 0.547ms
[11.067s][info][gc,cpu       ] GC(455) User=0.00s Sys=0.00s Real=0.00s
[11.092s][info][gc,start     ] GC(456) Pause Young (Allocation Failure)
[11.093s][info][gc,heap      ] GC(456) PSYoungGen: 173632K->128K(174080K)
[11.093s][info][gc,heap      ] GC(456) ParOldGen: 19440K->19469K(349696K)
[11.093s][info][gc,metaspace ] GC(456) Metaspace: 13362K->13362K(1062912K)
[11.093s][info][gc           ] GC(456) Pause Young (Allocation Failure) 188M->19M(511M) 0.694ms
[11.093s][info][gc,cpu       ] GC(456) User=0.01s Sys=0.00s Real=0.00s
[11.116s][info][gc,start     ] GC(457) Pause Young (Allocation Failure)
[11.116s][info][gc,heap      ] GC(457) PSYoungGen: 173696K->96K(174080K)
[11.116s][info][gc,heap      ] GC(457) ParOldGen: 19469K->19508K(349696K)
[11.116s][info][gc,metaspace ] GC(457) Metaspace: 13362K->13362K(1062912K)
[11.116s][info][gc           ] GC(457) Pause Young (Allocation Failure) 188M->19M(511M) 0.487ms
[11.116s][info][gc,cpu       ] GC(457) User=0.01s Sys=0.00s Real=0.00s
[11.141s][info][gc,start     ] GC(458) Pause Young (Allocation Failure)
[11.142s][info][gc,heap      ] GC(458) PSYoungGen: 173664K->96K(174080K)
[11.142s][info][gc,heap      ] GC(458) ParOldGen: 19508K->19538K(349696K)
[11.142s][info][gc,metaspace ] GC(458) Metaspace: 13362K->13362K(1062912K)
[11.142s][info][gc           ] GC(458) Pause Young (Allocation Failure) 188M->19M(511M) 0.631ms
[11.142s][info][gc,cpu       ] GC(458) User=0.01s Sys=0.01s Real=0.00s
[11.165s][info][gc,start     ] GC(459) Pause Young (Allocation Failure)
[11.165s][info][gc,heap      ] GC(459) PSYoungGen: 173664K->64K(174080K)
[11.165s][info][gc,heap      ] GC(459) ParOldGen: 19538K->19577K(349696K)
[11.165s][info][gc,metaspace ] GC(459) Metaspace: 13362K->13362K(1062912K)
[11.165s][info][gc           ] GC(459) Pause Young (Allocation Failure) 188M->19M(511M) 0.518ms
[11.165s][info][gc,cpu       ] GC(459) User=0.01s Sys=0.00s Real=0.00s
[11.189s][info][gc,start     ] GC(460) Pause Young (Allocation Failure)
[11.189s][info][gc,heap      ] GC(460) PSYoungGen: 173632K->96K(174080K)
[11.190s][info][gc,heap      ] GC(460) ParOldGen: 19577K->19606K(349696K)
[11.190s][info][gc,metaspace ] GC(460) Metaspace: 13362K->13362K(1062912K)
[11.190s][info][gc           ] GC(460) Pause Young (Allocation Failure) 188M->19M(511M) 0.562ms
[11.190s][info][gc,cpu       ] GC(460) User=0.01s Sys=0.00s Real=0.00s
[11.211s][info][gc,start     ] GC(461) Pause Young (Allocation Failure)
[11.211s][info][gc,heap      ] GC(461) PSYoungGen: 173664K->64K(174080K)
[11.211s][info][gc,heap      ] GC(461) ParOldGen: 19606K->19645K(349696K)
[11.211s][info][gc,metaspace ] GC(461) Metaspace: 13362K->13362K(1062912K)
[11.211s][info][gc           ] GC(461) Pause Young (Allocation Failure) 188M->19M(511M) 0.584ms
[11.211s][info][gc,cpu       ] GC(461) User=0.00s Sys=0.00s Real=0.00s
[11.233s][info][gc,start     ] GC(462) Pause Young (Allocation Failure)
[11.233s][info][gc,heap      ] GC(462) PSYoungGen: 173632K->96K(174080K)
[11.233s][info][gc,heap      ] GC(462) ParOldGen: 19645K->19675K(349696K)
[11.233s][info][gc,metaspace ] GC(462) Metaspace: 13362K->13362K(1062912K)
[11.233s][info][gc           ] GC(462) Pause Young (Allocation Failure) 188M->19M(511M) 0.425ms
[11.233s][info][gc,cpu       ] GC(462) User=0.00s Sys=0.00s Real=0.00s
[11.252s][info][gc,start     ] GC(463) Pause Young (Allocation Failure)
[11.253s][info][gc,heap      ] GC(463) PSYoungGen: 173664K->64K(174080K)
[11.253s][info][gc,heap      ] GC(463) ParOldGen: 19675K->19714K(349696K)
[11.253s][info][gc,metaspace ] GC(463) Metaspace: 13362K->13362K(1062912K)
[11.253s][info][gc           ] GC(463) Pause Young (Allocation Failure) 188M->19M(511M) 0.493ms
[11.253s][info][gc,cpu       ] GC(463) User=0.00s Sys=0.00s Real=0.00s
[11.273s][info][gc,start     ] GC(464) Pause Young (Allocation Failure)
[11.274s][info][gc,heap      ] GC(464) PSYoungGen: 173632K->128K(174080K)
[11.274s][info][gc,heap      ] GC(464) ParOldGen: 19714K->19743K(349696K)
[11.274s][info][gc,metaspace ] GC(464) Metaspace: 13362K->13362K(1062912K)
[11.274s][info][gc           ] GC(464) Pause Young (Allocation Failure) 188M->19M(511M) 0.486ms
[11.274s][info][gc,cpu       ] GC(464) User=0.00s Sys=0.00s Real=0.00s
[11.294s][info][gc,start     ] GC(465) Pause Young (Allocation Failure)
[11.294s][info][gc,heap      ] GC(465) PSYoungGen: 173696K->64K(174080K)
[11.294s][info][gc,heap      ] GC(465) ParOldGen: 19743K->19782K(349696K)
[11.294s][info][gc,metaspace ] GC(465) Metaspace: 13362K->13362K(1062912K)
[11.294s][info][gc           ] GC(465) Pause Young (Allocation Failure) 188M->19M(511M) 0.552ms
[11.294s][info][gc,cpu       ] GC(465) User=0.00s Sys=0.00s Real=0.00s
[11.316s][info][gc,start     ] GC(466) Pause Young (Allocation Failure)
[11.316s][info][gc,heap      ] GC(466) PSYoungGen: 173632K->96K(174080K)
[11.316s][info][gc,heap      ] GC(466) ParOldGen: 19782K->19829K(349696K)
[11.316s][info][gc,metaspace ] GC(466) Metaspace: 13372K->13372K(1062912K)
[11.316s][info][gc           ] GC(466) Pause Young (Allocation Failure) 188M->19M(511M) 0.573ms
[11.316s][info][gc,cpu       ] GC(466) User=0.00s Sys=0.00s Real=0.01s
[11.357s][info][gc,start     ] GC(467) Pause Young (Allocation Failure)
[11.358s][info][gc,heap      ] GC(467) PSYoungGen: 173664K->96K(174080K)
[11.358s][info][gc,heap      ] GC(467) ParOldGen: 19829K->19867K(349696K)
[11.358s][info][gc,metaspace ] GC(467) Metaspace: 13372K->13372K(1062912K)
[11.358s][info][gc           ] GC(467) Pause Young (Allocation Failure) 188M->19M(511M) 1.128ms
[11.358s][info][gc,cpu       ] GC(467) User=0.00s Sys=0.00s Real=0.00s
[11.389s][info][gc,start     ] GC(468) Pause Young (Allocation Failure)
[11.390s][info][gc,heap      ] GC(468) PSYoungGen: 173664K->64K(174080K)
[11.390s][info][gc,heap      ] GC(468) ParOldGen: 19867K->19906K(349696K)
[11.390s][info][gc,metaspace ] GC(468) Metaspace: 13372K->13372K(1062912K)
[11.390s][info][gc           ] GC(468) Pause Young (Allocation Failure) 188M->19M(511M) 0.643ms
[11.390s][info][gc,cpu       ] GC(468) User=0.00s Sys=0.00s Real=0.00s
[11.414s][info][gc,start     ] GC(469) Pause Young (Allocation Failure)
[11.414s][info][gc,heap      ] GC(469) PSYoungGen: 173632K->96K(174080K)
[11.414s][info][gc,heap      ] GC(469) ParOldGen: 19906K->19935K(349696K)
[11.414s][info][gc,metaspace ] GC(469) Metaspace: 13372K->13372K(1062912K)
[11.414s][info][gc           ] GC(469) Pause Young (Allocation Failure) 189M->19M(511M) 0.770ms
[11.414s][info][gc,cpu       ] GC(469) User=0.00s Sys=0.00s Real=0.00s
[11.438s][info][gc,start     ] GC(470) Pause Young (Allocation Failure)
[11.438s][info][gc,heap      ] GC(470) PSYoungGen: 173664K->64K(174080K)
[11.438s][info][gc,heap      ] GC(470) ParOldGen: 19935K->19974K(349696K)
[11.438s][info][gc,metaspace ] GC(470) Metaspace: 13372K->13372K(1062912K)
[11.438s][info][gc           ] GC(470) Pause Young (Allocation Failure) 189M->19M(511M) 0.509ms
[11.438s][info][gc,cpu       ] GC(470) User=0.00s Sys=0.00s Real=0.00s
[11.464s][info][gc,start     ] GC(471) Pause Young (Allocation Failure)
[11.465s][info][gc,heap      ] GC(471) PSYoungGen: 173632K->96K(174080K)
[11.465s][info][gc,heap      ] GC(471) ParOldGen: 19974K->20004K(349696K)
[11.465s][info][gc,metaspace ] GC(471) Metaspace: 13372K->13372K(1062912K)
[11.465s][info][gc           ] GC(471) Pause Young (Allocation Failure) 189M->19M(511M) 0.642ms
[11.465s][info][gc,cpu       ] GC(471) User=0.00s Sys=0.01s Real=0.00s
[11.486s][info][gc,start     ] GC(472) Pause Young (Allocation Failure)
[11.486s][info][gc,heap      ] GC(472) PSYoungGen: 173664K->64K(174080K)
[11.486s][info][gc,heap      ] GC(472) ParOldGen: 20004K->20043K(349696K)
[11.486s][info][gc,metaspace ] GC(472) Metaspace: 13372K->13372K(1062912K)
[11.486s][info][gc           ] GC(472) Pause Young (Allocation Failure) 189M->19M(511M) 0.573ms
[11.486s][info][gc,cpu       ] GC(472) User=0.00s Sys=0.00s Real=0.00s
[11.512s][info][gc,start     ] GC(473) Pause Young (Allocation Failure)
[11.512s][info][gc,heap      ] GC(473) PSYoungGen: 173632K->96K(174080K)
[11.512s][info][gc,heap      ] GC(473) ParOldGen: 20043K->20072K(349696K)
[11.512s][info][gc,metaspace ] GC(473) Metaspace: 13372K->13372K(1062912K)
[11.512s][info][gc           ] GC(473) Pause Young (Allocation Failure) 189M->19M(511M) 0.495ms
[11.512s][info][gc,cpu       ] GC(473) User=0.00s Sys=0.00s Real=0.00s
[11.532s][info][gc,start     ] GC(474) Pause Young (Allocation Failure)
[11.532s][info][gc,heap      ] GC(474) PSYoungGen: 173664K->64K(174080K)
[11.532s][info][gc,heap      ] GC(474) ParOldGen: 20072K->20111K(349696K)
[11.532s][info][gc,metaspace ] GC(474) Metaspace: 13372K->13372K(1062912K)
[11.532s][info][gc           ] GC(474) Pause Young (Allocation Failure) 189M->19M(511M) 0.456ms
[11.532s][info][gc,cpu       ] GC(474) User=0.00s Sys=0.00s Real=0.00s
[11.554s][info][gc,start     ] GC(475) Pause Young (Allocation Failure)
[11.554s][info][gc,heap      ] GC(475) PSYoungGen: 173632K->96K(174080K)
[11.554s][info][gc,heap      ] GC(475) ParOldGen: 20111K->20141K(349696K)
[11.554s][info][gc,metaspace ] GC(475) Metaspace: 13372K->13372K(1062912K)
[11.554s][info][gc           ] GC(475) Pause Young (Allocation Failure) 189M->19M(511M) 0.450ms
[11.554s][info][gc,cpu       ] GC(475) User=0.01s Sys=0.00s Real=0.00s
[11.574s][info][gc,start     ] GC(476) Pause Young (Allocation Failure)
[11.575s][info][gc,heap      ] GC(476) PSYoungGen: 173664K->64K(174080K)
[11.575s][info][gc,heap      ] GC(476) ParOldGen: 20141K->20180K(349696K)
[11.575s][info][gc,metaspace ] GC(476) Metaspace: 13372K->13372K(1062912K)
[11.575s][info][gc           ] GC(476) Pause Young (Allocation Failure) 189M->19M(511M) 0.436ms
[11.575s][info][gc,cpu       ] GC(476) User=0.00s Sys=0.00s Real=0.00s
[11.597s][info][gc,start     ] GC(477) Pause Young (Allocation Failure)
[11.597s][info][gc,heap      ] GC(477) PSYoungGen: 173632K->96K(174080K)
[11.597s][info][gc,heap      ] GC(477) ParOldGen: 20180K->20209K(349696K)
[11.597s][info][gc,metaspace ] GC(477) Metaspace: 13372K->13372K(1062912K)
[11.597s][info][gc           ] GC(477) Pause Young (Allocation Failure) 189M->19M(511M) 0.607ms
[11.597s][info][gc,cpu       ] GC(477) User=0.00s Sys=0.00s Real=0.00s
[11.620s][info][gc,start     ] GC(478) Pause Young (Allocation Failure)
[11.621s][info][gc,heap      ] GC(478) PSYoungGen: 173664K->64K(174080K)
[11.621s][info][gc,heap      ] GC(478) ParOldGen: 20209K->20248K(349696K)
[11.621s][info][gc,metaspace ] GC(478) Metaspace: 13372K->13372K(1062912K)
[11.621s][info][gc           ] GC(478) Pause Young (Allocation Failure) 189M->19M(511M) 0.434ms
[11.621s][info][gc,cpu       ] GC(478) User=0.00s Sys=0.00s Real=0.00s
[11.644s][info][gc,start     ] GC(479) Pause Young (Allocation Failure)
[11.644s][info][gc,heap      ] GC(479) PSYoungGen: 173632K->64K(174080K)
[11.644s][info][gc,heap      ] GC(479) ParOldGen: 20248K->20277K(349696K)
[11.644s][info][gc,metaspace ] GC(479) Metaspace: 13372K->13372K(1062912K)
[11.645s][info][gc           ] GC(479) Pause Young (Allocation Failure) 189M->19M(511M) 0.623ms
[11.645s][info][gc,cpu       ] GC(479) User=0.00s Sys=0.00s Real=0.00s
[11.667s][info][gc,start     ] GC(480) Pause Young (Allocation Failure)
[11.668s][info][gc,heap      ] GC(480) PSYoungGen: 173632K->96K(174080K)
[11.668s][info][gc,heap      ] GC(480) ParOldGen: 20277K->20317K(349696K)
[11.668s][info][gc,metaspace ] GC(480) Metaspace: 13372K->13372K(1062912K)
[11.668s][info][gc           ] GC(480) Pause Young (Allocation Failure) 189M->19M(511M) 0.797ms
[11.668s][info][gc,cpu       ] GC(480) User=0.00s Sys=0.00s Real=0.00s
[11.692s][info][gc,start     ] GC(481) Pause Young (Allocation Failure)
[11.693s][info][gc,heap      ] GC(481) PSYoungGen: 173664K->64K(174080K)
[11.693s][info][gc,heap      ] GC(481) ParOldGen: 20317K->20356K(349696K)
[11.693s][info][gc,metaspace ] GC(481) Metaspace: 13372K->13372K(1062912K)
[11.693s][info][gc           ] GC(481) Pause Young (Allocation Failure) 189M->19M(511M) 0.539ms
[11.693s][info][gc,cpu       ] GC(481) User=0.00s Sys=0.00s Real=0.00s
[11.716s][info][gc,start     ] GC(482) Pause Young (Allocation Failure)
[11.717s][info][gc,heap      ] GC(482) PSYoungGen: 173632K->96K(174080K)
[11.717s][info][gc,heap      ] GC(482) ParOldGen: 20356K->20385K(349696K)
[11.717s][info][gc,metaspace ] GC(482) Metaspace: 13372K->13372K(1062912K)
[11.717s][info][gc           ] GC(482) Pause Young (Allocation Failure) 189M->20M(511M) 0.596ms
[11.717s][info][gc,cpu       ] GC(482) User=0.00s Sys=0.00s Real=0.00s
[11.739s][info][gc,start     ] GC(483) Pause Young (Allocation Failure)
[11.740s][info][gc,heap      ] GC(483) PSYoungGen: 173664K->96K(174080K)
[11.740s][info][gc,heap      ] GC(483) ParOldGen: 20385K->20424K(349696K)
[11.740s][info][gc,metaspace ] GC(483) Metaspace: 13372K->13372K(1062912K)
[11.740s][info][gc           ] GC(483) Pause Young (Allocation Failure) 189M->20M(511M) 0.550ms
[11.740s][info][gc,cpu       ] GC(483) User=0.00s Sys=0.00s Real=0.00s
[11.762s][info][gc,start     ] GC(484) Pause Young (Allocation Failure)
[11.762s][info][gc,heap      ] GC(484) PSYoungGen: 173664K->96K(174080K)
[11.762s][info][gc,heap      ] GC(484) ParOldGen: 20424K->20454K(349696K)
[11.762s][info][gc,metaspace ] GC(484) Metaspace: 13372K->13372K(1062912K)
[11.762s][info][gc           ] GC(484) Pause Young (Allocation Failure) 189M->20M(511M) 0.546ms
[11.762s][info][gc,cpu       ] GC(484) User=0.00s Sys=0.00s Real=0.00s
[11.783s][info][gc,start     ] GC(485) Pause Young (Allocation Failure)
[11.784s][info][gc,heap      ] GC(485) PSYoungGen: 173664K->96K(174080K)
[11.784s][info][gc,heap      ] GC(485) ParOldGen: 20454K->20493K(349696K)
[11.784s][info][gc,metaspace ] GC(485) Metaspace: 13372K->13372K(1062912K)
[11.784s][info][gc           ] GC(485) Pause Young (Allocation Failure) 189M->20M(511M) 0.411ms
[11.784s][info][gc,cpu       ] GC(485) User=0.00s Sys=0.00s Real=0.00s
[11.807s][info][gc,start     ] GC(486) Pause Young (Allocation Failure)
[11.808s][info][gc,heap      ] GC(486) PSYoungGen: 173664K->128K(174080K)
[11.808s][info][gc,heap      ] GC(486) ParOldGen: 20493K->20522K(349696K)
[11.808s][info][gc,metaspace ] GC(486) Metaspace: 13372K->13372K(1062912K)
[11.808s][info][gc           ] GC(486) Pause Young (Allocation Failure) 189M->20M(511M) 0.444ms
[11.808s][info][gc,cpu       ] GC(486) User=0.00s Sys=0.01s Real=0.00s
[11.828s][info][gc,start     ] GC(487) Pause Young (Allocation Failure)
[11.828s][info][gc,heap      ] GC(487) PSYoungGen: 173696K->96K(174080K)
[11.828s][info][gc,heap      ] GC(487) ParOldGen: 20522K->20561K(349696K)
[11.828s][info][gc,metaspace ] GC(487) Metaspace: 13372K->13372K(1062912K)
[11.828s][info][gc           ] GC(487) Pause Young (Allocation Failure) 189M->20M(511M) 0.548ms
[11.828s][info][gc,cpu       ] GC(487) User=0.00s Sys=0.00s Real=0.00s
[11.849s][info][gc,start     ] GC(488) Pause Young (Allocation Failure)
[11.849s][info][gc,heap      ] GC(488) PSYoungGen: 173664K->128K(174080K)
[11.850s][info][gc,heap      ] GC(488) ParOldGen: 20561K->20590K(349696K)
[11.850s][info][gc,metaspace ] GC(488) Metaspace: 13372K->13372K(1062912K)
[11.850s][info][gc           ] GC(488) Pause Young (Allocation Failure) 189M->20M(511M) 0.427ms
[11.850s][info][gc,cpu       ] GC(488) User=0.00s Sys=0.00s Real=0.00s
[11.868s][info][gc,start     ] GC(489) Pause Young (Allocation Failure)
[11.868s][info][gc,heap      ] GC(489) PSYoungGen: 173696K->64K(174080K)
[11.868s][info][gc,heap      ] GC(489) ParOldGen: 20590K->20630K(349696K)
[11.868s][info][gc,metaspace ] GC(489) Metaspace: 13372K->13372K(1062912K)
[11.868s][info][gc           ] GC(489) Pause Young (Allocation Failure) 189M->20M(511M) 0.405ms
[11.868s][info][gc,cpu       ] GC(489) User=0.00s Sys=0.00s Real=0.00s
[11.889s][info][gc,start     ] GC(490) Pause Young (Allocation Failure)
[11.890s][info][gc,heap      ] GC(490) PSYoungGen: 173632K->96K(174080K)
[11.890s][info][gc,heap      ] GC(490) ParOldGen: 20630K->20659K(349696K)
[11.890s][info][gc,metaspace ] GC(490) Metaspace: 13372K->13372K(1062912K)
[11.890s][info][gc           ] GC(490) Pause Young (Allocation Failure) 189M->20M(511M) 0.464ms
[11.890s][info][gc,cpu       ] GC(490) User=0.00s Sys=0.00s Real=0.00s
[11.909s][info][gc,start     ] GC(491) Pause Young (Allocation Failure)
[11.909s][info][gc,heap      ] GC(491) PSYoungGen: 173664K->64K(174080K)
[11.909s][info][gc,heap      ] GC(491) ParOldGen: 20659K->20698K(349696K)
[11.909s][info][gc,metaspace ] GC(491) Metaspace: 13372K->13372K(1062912K)
[11.910s][info][gc           ] GC(491) Pause Young (Allocation Failure) 189M->20M(511M) 0.411ms
[11.910s][info][gc,cpu       ] GC(491) User=0.00s Sys=0.00s Real=0.00s
[11.931s][info][gc,start     ] GC(492) Pause Young (Allocation Failure)
[11.932s][info][gc,heap      ] GC(492) PSYoungGen: 173632K->64K(174080K)
[11.932s][info][gc,heap      ] GC(492) ParOldGen: 20698K->20727K(349696K)
[11.932s][info][gc,metaspace ] GC(492) Metaspace: 13372K->13372K(1062912K)
[11.932s][info][gc           ] GC(492) Pause Young (Allocation Failure) 189M->20M(511M) 0.503ms
[11.932s][info][gc,cpu       ] GC(492) User=0.00s Sys=0.00s Real=0.00s
[11.956s][info][gc,start     ] GC(493) Pause Young (Allocation Failure)
[11.957s][info][gc,heap      ] GC(493) PSYoungGen: 173632K->96K(174080K)
[11.957s][info][gc,heap      ] GC(493) ParOldGen: 20727K->20767K(349696K)
[11.957s][info][gc,metaspace ] GC(493) Metaspace: 13372K->13372K(1062912K)
[11.957s][info][gc           ] GC(493) Pause Young (Allocation Failure) 189M->20M(511M) 0.691ms
[11.957s][info][gc,cpu       ] GC(493) User=0.00s Sys=0.00s Real=0.00s
[11.981s][info][gc,start     ] GC(494) Pause Young (Allocation Failure)
[11.982s][info][gc,heap      ] GC(494) PSYoungGen: 173664K->64K(174080K)
[11.982s][info][gc,heap      ] GC(494) ParOldGen: 20767K->20806K(349696K)
[11.982s][info][gc,metaspace ] GC(494) Metaspace: 13372K->13372K(1062912K)
[11.982s][info][gc           ] GC(494) Pause Young (Allocation Failure) 189M->20M(511M) 0.523ms
[11.982s][info][gc,cpu       ] GC(494) User=0.00s Sys=0.00s Real=0.00s
[12.006s][info][gc,start     ] GC(495) Pause Young (Allocation Failure)
[12.006s][info][gc,heap      ] GC(495) PSYoungGen: 173632K->64K(174080K)
[12.006s][info][gc,heap      ] GC(495) ParOldGen: 20806K->20835K(349696K)
[12.006s][info][gc,metaspace ] GC(495) Metaspace: 13372K->13372K(1062912K)
[12.006s][info][gc           ] GC(495) Pause Young (Allocation Failure) 189M->20M(511M) 0.464ms
[12.006s][info][gc,cpu       ] GC(495) User=0.00s Sys=0.00s Real=0.00s
[12.027s][info][gc,start     ] GC(496) Pause Young (Allocation Failure)
[12.027s][info][gc,heap      ] GC(496) PSYoungGen: 173632K->64K(174080K)
[12.027s][info][gc,heap      ] GC(496) ParOldGen: 20835K->20874K(349696K)
[12.028s][info][gc,metaspace ] GC(496) Metaspace: 13372K->13372K(1062912K)
[12.028s][info][gc           ] GC(496) Pause Young (Allocation Failure) 189M->20M(511M) 0.408ms
[12.028s][info][gc,cpu       ] GC(496) User=0.00s Sys=0.00s Real=0.00s
[12.049s][info][gc,start     ] GC(497) Pause Young (Allocation Failure)
[12.049s][info][gc,heap      ] GC(497) PSYoungGen: 173632K->96K(174080K)
[12.049s][info][gc,heap      ] GC(497) ParOldGen: 20874K->20903K(349696K)
[12.049s][info][gc,metaspace ] GC(497) Metaspace: 13372K->13372K(1062912K)
[12.049s][info][gc           ] GC(497) Pause Young (Allocation Failure) 189M->20M(511M) 0.487ms
[12.049s][info][gc,cpu       ] GC(497) User=0.00s Sys=0.00s Real=0.00s
[12.068s][info][gc,start     ] GC(498) Pause Young (Allocation Failure)
[12.068s][info][gc,heap      ] GC(498) PSYoungGen: 173664K->64K(174080K)
[12.068s][info][gc,heap      ] GC(498) ParOldGen: 20903K->20943K(349696K)
[12.068s][info][gc,metaspace ] GC(498) Metaspace: 13372K->13372K(1062912K)
[12.068s][info][gc           ] GC(498) Pause Young (Allocation Failure) 190M->20M(511M) 0.427ms
[12.068s][info][gc,cpu       ] GC(498) User=0.00s Sys=0.00s Real=0.00s
[12.089s][info][gc,start     ] GC(499) Pause Young (Allocation Failure)
[12.089s][info][gc,heap      ] GC(499) PSYoungGen: 173632K->96K(174080K)
[12.089s][info][gc,heap      ] GC(499) ParOldGen: 20943K->20972K(349696K)
[12.089s][info][gc,metaspace ] GC(499) Metaspace: 13372K->13372K(1062912K)
[12.089s][info][gc           ] GC(499) Pause Young (Allocation Failure) 190M->20M(511M) 0.428ms
[12.089s][info][gc,cpu       ] GC(499) User=0.00s Sys=0.00s Real=0.00s
[12.108s][info][gc,start     ] GC(500) Pause Young (Allocation Failure)
[12.108s][info][gc,heap      ] GC(500) PSYoungGen: 173664K->64K(174080K)
[12.108s][info][gc,heap      ] GC(500) ParOldGen: 20972K->21011K(349696K)
[12.108s][info][gc,metaspace ] GC(500) Metaspace: 13372K->13372K(1062912K)
[12.108s][info][gc           ] GC(500) Pause Young (Allocation Failure) 190M->20M(511M) 0.500ms
[12.108s][info][gc,cpu       ] GC(500) User=0.00s Sys=0.00s Real=0.00s
[12.130s][info][gc,start     ] GC(501) Pause Young (Allocation Failure)
[12.130s][info][gc,heap      ] GC(501) PSYoungGen: 173632K->96K(174080K)
[12.130s][info][gc,heap      ] GC(501) ParOldGen: 21011K->21040K(349696K)
[12.130s][info][gc,metaspace ] GC(501) Metaspace: 13372K->13372K(1062912K)
[12.130s][info][gc           ] GC(501) Pause Young (Allocation Failure) 190M->20M(511M) 0.638ms
[12.130s][info][gc,cpu       ] GC(501) User=0.00s Sys=0.00s Real=0.00s
[12.151s][info][gc,start     ] GC(502) Pause Young (Allocation Failure)
[12.152s][info][gc,heap      ] GC(502) PSYoungGen: 173664K->64K(174080K)
[12.152s][info][gc,heap      ] GC(502) ParOldGen: 21040K->21080K(349696K)
[12.152s][info][gc,metaspace ] GC(502) Metaspace: 13372K->13372K(1062912K)
[12.152s][info][gc           ] GC(502) Pause Young (Allocation Failure) 190M->20M(511M) 0.797ms
[12.152s][info][gc,cpu       ] GC(502) User=0.00s Sys=0.01s Real=0.00s
[12.176s][info][gc,start     ] GC(503) Pause Young (Allocation Failure)
[12.177s][info][gc,heap      ] GC(503) PSYoungGen: 173632K->96K(174080K)
[12.177s][info][gc,heap      ] GC(503) ParOldGen: 21080K->21109K(349696K)
[12.177s][info][gc,metaspace ] GC(503) Metaspace: 13372K->13372K(1062912K)
[12.177s][info][gc           ] GC(503) Pause Young (Allocation Failure) 190M->20M(511M) 0.458ms
[12.177s][info][gc,cpu       ] GC(503) User=0.00s Sys=0.00s Real=0.00s
[12.200s][info][gc,start     ] GC(504) Pause Young (Allocation Failure)
[12.200s][info][gc,heap      ] GC(504) PSYoungGen: 173664K->96K(174080K)
[12.200s][info][gc,heap      ] GC(504) ParOldGen: 21109K->21148K(349696K)
[12.200s][info][gc,metaspace ] GC(504) Metaspace: 13372K->13372K(1062912K)
[12.200s][info][gc           ] GC(504) Pause Young (Allocation Failure) 190M->20M(511M) 0.452ms
[12.200s][info][gc,cpu       ] GC(504) User=0.00s Sys=0.00s Real=0.00s
[12.223s][info][gc,start     ] GC(505) Pause Young (Allocation Failure)
[12.223s][info][gc,heap      ] GC(505) PSYoungGen: 173664K->96K(174080K)
[12.223s][info][gc,heap      ] GC(505) ParOldGen: 21148K->21177K(349696K)
[12.223s][info][gc,metaspace ] GC(505) Metaspace: 13372K->13372K(1062912K)
[12.223s][info][gc           ] GC(505) Pause Young (Allocation Failure) 190M->20M(511M) 0.495ms
[12.223s][info][gc,cpu       ] GC(505) User=0.00s Sys=0.00s Real=0.00s
[12.244s][info][gc,start     ] GC(506) Pause Young (Allocation Failure)
[12.244s][info][gc,heap      ] GC(506) PSYoungGen: 173664K->64K(174080K)
[12.244s][info][gc,heap      ] GC(506) ParOldGen: 21177K->21216K(349696K)
[12.244s][info][gc,metaspace ] GC(506) Metaspace: 13372K->13372K(1062912K)
[12.245s][info][gc           ] GC(506) Pause Young (Allocation Failure) 190M->20M(511M) 0.416ms
[12.245s][info][gc,cpu       ] GC(506) User=0.01s Sys=0.00s Real=0.00s
[12.263s][info][gc,start     ] GC(507) Pause Young (Allocation Failure)
[12.264s][info][gc,heap      ] GC(507) PSYoungGen: 173632K->96K(174080K)
[12.264s][info][gc,heap      ] GC(507) ParOldGen: 21216K->21256K(349696K)
[12.264s][info][gc,metaspace ] GC(507) Metaspace: 13372K->13372K(1062912K)
[12.264s][info][gc           ] GC(507) Pause Young (Allocation Failure) 190M->20M(511M) 0.462ms
[12.264s][info][gc,cpu       ] GC(507) User=0.00s Sys=0.00s Real=0.00s
[12.284s][info][gc,start     ] GC(508) Pause Young (Allocation Failure)
[12.285s][info][gc,heap      ] GC(508) PSYoungGen: 173664K->96K(174080K)
[12.285s][info][gc,heap      ] GC(508) ParOldGen: 21256K->21285K(349696K)
[12.285s][info][gc,metaspace ] GC(508) Metaspace: 13372K->13372K(1062912K)
[12.285s][info][gc           ] GC(508) Pause Young (Allocation Failure) 190M->20M(511M) 0.462ms
[12.285s][info][gc,cpu       ] GC(508) User=0.00s Sys=0.00s Real=0.00s
[12.305s][info][gc,start     ] GC(509) Pause Young (Allocation Failure)
[12.306s][info][gc,heap      ] GC(509) PSYoungGen: 173664K->64K(174080K)
[12.306s][info][gc,heap      ] GC(509) ParOldGen: 21285K->21324K(349696K)
[12.306s][info][gc,metaspace ] GC(509) Metaspace: 13372K->13372K(1062912K)
[12.306s][info][gc           ] GC(509) Pause Young (Allocation Failure) 190M->20M(511M) 0.573ms
[12.306s][info][gc,cpu       ] GC(509) User=0.00s Sys=0.00s Real=0.01s
[12.337s][info][gc,start     ] GC(510) Pause Young (Allocation Failure)
[12.338s][info][gc,heap      ] GC(510) PSYoungGen: 173632K->96K(174080K)
[12.338s][info][gc,heap      ] GC(510) ParOldGen: 21324K->21361K(349696K)
[12.338s][info][gc,metaspace ] GC(510) Metaspace: 13379K->13379K(1062912K)
[12.338s][info][gc           ] GC(510) Pause Young (Allocation Failure) 190M->20M(511M) 1.357ms
[12.338s][info][gc,cpu       ] GC(510) User=0.00s Sys=0.00s Real=0.00s
[12.379s][info][gc,start     ] GC(511) Pause Young (Allocation Failure)
[12.380s][info][gc,heap      ] GC(511) PSYoungGen: 173664K->96K(174080K)
[12.380s][info][gc,heap      ] GC(511) ParOldGen: 21361K->21409K(349696K)
[12.380s][info][gc,metaspace ] GC(511) Metaspace: 13379K->13379K(1062912K)
[12.380s][info][gc           ] GC(511) Pause Young (Allocation Failure) 190M->21M(511M) 0.529ms
[12.380s][info][gc,cpu       ] GC(511) User=0.00s Sys=0.00s Real=0.00s
[12.401s][info][gc,start     ] GC(512) Pause Young (Allocation Failure)
[12.401s][info][gc,heap      ] GC(512) PSYoungGen: 173664K->96K(174080K)
[12.401s][info][gc,heap      ] GC(512) ParOldGen: 21409K->21438K(349696K)
[12.401s][info][gc,metaspace ] GC(512) Metaspace: 13379K->13379K(1062912K)
[12.401s][info][gc           ] GC(512) Pause Young (Allocation Failure) 190M->21M(511M) 0.464ms
[12.401s][info][gc,cpu       ] GC(512) User=0.00s Sys=0.00s Real=0.00s
[12.425s][info][gc,start     ] GC(513) Pause Young (Allocation Failure)
[12.425s][info][gc,heap      ] GC(513) PSYoungGen: 173664K->64K(174080K)
[12.425s][info][gc,heap      ] GC(513) ParOldGen: 21438K->21477K(349696K)
[12.426s][info][gc,metaspace ] GC(513) Metaspace: 13379K->13379K(1062912K)
[12.426s][info][gc           ] GC(513) Pause Young (Allocation Failure) 190M->21M(511M) 0.507ms
[12.426s][info][gc,cpu       ] GC(513) User=0.00s Sys=0.00s Real=0.00s
[12.449s][info][gc,start     ] GC(514) Pause Young (Allocation Failure)
[12.450s][info][gc,heap      ] GC(514) PSYoungGen: 173632K->64K(174080K)
[12.450s][info][gc,heap      ] GC(514) ParOldGen: 21477K->21506K(349696K)
[12.450s][info][gc,metaspace ] GC(514) Metaspace: 13379K->13379K(1062912K)
[12.450s][info][gc           ] GC(514) Pause Young (Allocation Failure) 190M->21M(511M) 0.643ms
[12.450s][info][gc,cpu       ] GC(514) User=0.00s Sys=0.00s Real=0.00s
[12.472s][info][gc,start     ] GC(515) Pause Young (Allocation Failure)
[12.473s][info][gc,heap      ] GC(515) PSYoungGen: 173632K->96K(174080K)
[12.473s][info][gc,heap      ] GC(515) ParOldGen: 21506K->21545K(349696K)
[12.473s][info][gc,metaspace ] GC(515) Metaspace: 13379K->13379K(1062912K)
[12.473s][info][gc           ] GC(515) Pause Young (Allocation Failure) 190M->21M(511M) 0.452ms
[12.473s][info][gc,cpu       ] GC(515) User=0.00s Sys=0.01s Real=0.00s
[12.496s][info][gc,start     ] GC(516) Pause Young (Allocation Failure)
[12.496s][info][gc,heap      ] GC(516) PSYoungGen: 173664K->96K(174080K)
[12.496s][info][gc,heap      ] GC(516) ParOldGen: 21545K->21575K(349696K)
[12.496s][info][gc,metaspace ] GC(516) Metaspace: 13379K->13379K(1062912K)
[12.496s][info][gc           ] GC(516) Pause Young (Allocation Failure) 190M->21M(511M) 0.441ms
[12.496s][info][gc,cpu       ] GC(516) User=0.00s Sys=0.00s Real=0.00s
[12.518s][info][gc,start     ] GC(517) Pause Young (Allocation Failure)
[12.518s][info][gc,heap      ] GC(517) PSYoungGen: 173664K->64K(174080K)
[12.518s][info][gc,heap      ] GC(517) ParOldGen: 21575K->21614K(349696K)
[12.518s][info][gc,metaspace ] GC(517) Metaspace: 13379K->13379K(1062912K)
[12.518s][info][gc           ] GC(517) Pause Young (Allocation Failure) 190M->21M(511M) 0.546ms
[12.518s][info][gc,cpu       ] GC(517) User=0.01s Sys=0.00s Real=0.00s
[12.541s][info][gc,start     ] GC(518) Pause Young (Allocation Failure)
[12.541s][info][gc,heap      ] GC(518) PSYoungGen: 173632K->96K(174080K)
[12.541s][info][gc,heap      ] GC(518) ParOldGen: 21614K->21643K(349696K)
[12.541s][info][gc,metaspace ] GC(518) Metaspace: 13379K->13379K(1062912K)
[12.541s][info][gc           ] GC(518) Pause Young (Allocation Failure) 190M->21M(511M) 0.416ms
[12.541s][info][gc,cpu       ] GC(518) User=0.00s Sys=0.00s Real=0.00s
[12.561s][info][gc,start     ] GC(519) Pause Young (Allocation Failure)
[12.561s][info][gc,heap      ] GC(519) PSYoungGen: 173664K->96K(174080K)
[12.561s][info][gc,heap      ] GC(519) ParOldGen: 21643K->21682K(349696K)
[12.561s][info][gc,metaspace ] GC(519) Metaspace: 13379K->13379K(1062912K)
[12.561s][info][gc           ] GC(519) Pause Young (Allocation Failure) 190M->21M(511M) 0.419ms
[12.561s][info][gc,cpu       ] GC(519) User=0.00s Sys=0.00s Real=0.00s
[12.580s][info][gc,start     ] GC(520) Pause Young (Allocation Failure)
[12.580s][info][gc,heap      ] GC(520) PSYoungGen: 173664K->64K(174080K)
[12.580s][info][gc,heap      ] GC(520) ParOldGen: 21682K->21722K(349696K)
[12.581s][info][gc,metaspace ] GC(520) Metaspace: 13379K->13379K(1062912K)
[12.581s][info][gc           ] GC(520) Pause Young (Allocation Failure) 190M->21M(511M) 0.438ms
[12.581s][info][gc,cpu       ] GC(520) User=0.01s Sys=0.00s Real=0.00s
[12.601s][info][gc,start     ] GC(521) Pause Young (Allocation Failure)
[12.602s][info][gc,heap      ] GC(521) PSYoungGen: 173632K->96K(174080K)
[12.602s][info][gc,heap      ] GC(521) ParOldGen: 21722K->21751K(349696K)
[12.602s][info][gc,metaspace ] GC(521) Metaspace: 13379K->13379K(1062912K)
[12.602s][info][gc           ] GC(521) Pause Young (Allocation Failure) 190M->21M(511M) 0.577ms
[12.602s][info][gc,cpu       ] GC(521) User=0.00s Sys=0.00s Real=0.00s
[12.622s][info][gc,start     ] GC(522) Pause Young (Allocation Failure)
[12.622s][info][gc,heap      ] GC(522) PSYoungGen: 173664K->64K(174080K)
[12.622s][info][gc,heap      ] GC(522) ParOldGen: 21751K->21790K(349696K)
[12.622s][info][gc,metaspace ] GC(522) Metaspace: 13379K->13379K(1062912K)
[12.622s][info][gc           ] GC(522) Pause Young (Allocation Failure) 190M->21M(511M) 0.412ms
[12.622s][info][gc,cpu       ] GC(522) User=0.00s Sys=0.00s Real=0.00s
[12.644s][info][gc,start     ] GC(523) Pause Young (Allocation Failure)
[12.644s][info][gc,heap      ] GC(523) PSYoungGen: 173632K->96K(174080K)
[12.644s][info][gc,heap      ] GC(523) ParOldGen: 21790K->21819K(349696K)
[12.644s][info][gc,metaspace ] GC(523) Metaspace: 13379K->13379K(1062912K)
[12.644s][info][gc           ] GC(523) Pause Young (Allocation Failure) 190M->21M(511M) 0.500ms
[12.644s][info][gc,cpu       ] GC(523) User=0.01s Sys=0.00s Real=0.00s
[12.665s][info][gc,start     ] GC(524) Pause Young (Allocation Failure)
[12.665s][info][gc,heap      ] GC(524) PSYoungGen: 173664K->64K(174080K)
[12.665s][info][gc,heap      ] GC(524) ParOldGen: 21819K->21858K(349696K)
[12.665s][info][gc,metaspace ] GC(524) Metaspace: 13379K->13379K(1062912K)
[12.665s][info][gc           ] GC(524) Pause Young (Allocation Failure) 190M->21M(511M) 0.434ms
[12.665s][info][gc,cpu       ] GC(524) User=0.00s Sys=0.00s Real=0.00s
[12.687s][info][gc,start     ] GC(525) Pause Young (Allocation Failure)
[12.687s][info][gc,heap      ] GC(525) PSYoungGen: 173632K->64K(174080K)
[12.687s][info][gc,heap      ] GC(525) ParOldGen: 21858K->21888K(349696K)
[12.687s][info][gc,metaspace ] GC(525) Metaspace: 13379K->13379K(1062912K)
[12.687s][info][gc           ] GC(525) Pause Young (Allocation Failure) 190M->21M(511M) 0.552ms
[12.687s][info][gc,cpu       ] GC(525) User=0.00s Sys=0.00s Real=0.00s
[12.707s][info][gc,start     ] GC(526) Pause Young (Allocation Failure)
[12.707s][info][gc,heap      ] GC(526) PSYoungGen: 173632K->96K(174080K)
[12.707s][info][gc,heap      ] GC(526) ParOldGen: 21888K->21927K(349696K)
[12.707s][info][gc,metaspace ] GC(526) Metaspace: 13379K->13379K(1062912K)
[12.707s][info][gc           ] GC(526) Pause Young (Allocation Failure) 190M->21M(511M) 0.439ms
[12.707s][info][gc,cpu       ] GC(526) User=0.00s Sys=0.00s Real=0.00s
[12.727s][info][gc,start     ] GC(527) Pause Young (Allocation Failure)
[12.728s][info][gc,heap      ] GC(527) PSYoungGen: 173664K->96K(174080K)
[12.728s][info][gc,heap      ] GC(527) ParOldGen: 21927K->21956K(349696K)
[12.728s][info][gc,metaspace ] GC(527) Metaspace: 13379K->13379K(1062912K)
[12.728s][info][gc           ] GC(527) Pause Young (Allocation Failure) 191M->21M(511M) 0.439ms
[12.728s][info][gc,cpu       ] GC(527) User=0.00s Sys=0.00s Real=0.00s
[12.752s][info][gc,start     ] GC(528) Pause Young (Allocation Failure)
[12.753s][info][gc,heap      ] GC(528) PSYoungGen: 173664K->64K(174080K)
[12.753s][info][gc,heap      ] GC(528) ParOldGen: 21956K->21995K(349696K)
[12.753s][info][gc,metaspace ] GC(528) Metaspace: 13379K->13379K(1062912K)
[12.753s][info][gc           ] GC(528) Pause Young (Allocation Failure) 191M->21M(511M) 0.487ms
[12.753s][info][gc,cpu       ] GC(528) User=0.00s Sys=0.00s Real=0.00s
[12.776s][info][gc,start     ] GC(529) Pause Young (Allocation Failure)
[12.777s][info][gc,heap      ] GC(529) PSYoungGen: 173632K->96K(174080K)
[12.777s][info][gc,heap      ] GC(529) ParOldGen: 21995K->22025K(349696K)
[12.777s][info][gc,metaspace ] GC(529) Metaspace: 13379K->13379K(1062912K)
[12.777s][info][gc           ] GC(529) Pause Young (Allocation Failure) 191M->21M(511M) 0.618ms
[12.777s][info][gc,cpu       ] GC(529) User=0.00s Sys=0.00s Real=0.00s
[12.797s][info][gc,start     ] GC(530) Pause Young (Allocation Failure)
[12.797s][info][gc,heap      ] GC(530) PSYoungGen: 173664K->64K(174080K)
[12.797s][info][gc,heap      ] GC(530) ParOldGen: 22025K->22064K(349696K)
[12.797s][info][gc,metaspace ] GC(530) Metaspace: 13379K->13379K(1062912K)
[12.797s][info][gc           ] GC(530) Pause Young (Allocation Failure) 191M->21M(511M) 0.523ms
[12.797s][info][gc,cpu       ] GC(530) User=0.00s Sys=0.00s Real=0.00s
[12.821s][info][gc,start     ] GC(531) Pause Young (Allocation Failure)
[12.822s][info][gc,heap      ] GC(531) PSYoungGen: 173632K->96K(174080K)
[12.822s][info][gc,heap      ] GC(531) ParOldGen: 22064K->22093K(349696K)
[12.822s][info][gc,metaspace ] GC(531) Metaspace: 13379K->13379K(1062912K)
[12.822s][info][gc           ] GC(531) Pause Young (Allocation Failure) 191M->21M(511M) 0.443ms
[12.822s][info][gc,cpu       ] GC(531) User=0.00s Sys=0.00s Real=0.00s
[12.845s][info][gc,start     ] GC(532) Pause Young (Allocation Failure)
[12.845s][info][gc,heap      ] GC(532) PSYoungGen: 173664K->64K(174080K)
[12.845s][info][gc,heap      ] GC(532) ParOldGen: 22093K->22132K(349696K)
[12.845s][info][gc,metaspace ] GC(532) Metaspace: 13379K->13379K(1062912K)
[12.845s][info][gc           ] GC(532) Pause Young (Allocation Failure) 191M->21M(511M) 0.500ms
[12.845s][info][gc,cpu       ] GC(532) User=0.00s Sys=0.00s Real=0.00s
[12.864s][info][gc,start     ] GC(533) Pause Young (Allocation Failure)
[12.864s][info][gc,heap      ] GC(533) PSYoungGen: 173632K->64K(174080K)
[12.864s][info][gc,heap      ] GC(533) ParOldGen: 22132K->22171K(349696K)
[12.864s][info][gc,metaspace ] GC(533) Metaspace: 13379K->13379K(1062912K)
[12.864s][info][gc           ] GC(533) Pause Young (Allocation Failure) 191M->21M(511M) 0.484ms
[12.864s][info][gc,cpu       ] GC(533) User=0.00s Sys=0.00s Real=0.00s
[12.886s][info][gc,start     ] GC(534) Pause Young (Allocation Failure)
[12.887s][info][gc,heap      ] GC(534) PSYoungGen: 173632K->64K(174080K)
[12.887s][info][gc,heap      ] GC(534) ParOldGen: 22171K->22201K(349696K)
[12.887s][info][gc,metaspace ] GC(534) Metaspace: 13379K->13379K(1062912K)
[12.887s][info][gc           ] GC(534) Pause Young (Allocation Failure) 191M->21M(511M) 0.451ms
[12.887s][info][gc,cpu       ] GC(534) User=0.00s Sys=0.00s Real=0.00s
[12.907s][info][gc,start     ] GC(535) Pause Young (Allocation Failure)
[12.907s][info][gc,heap      ] GC(535) PSYoungGen: 173632K->64K(174080K)
[12.907s][info][gc,heap      ] GC(535) ParOldGen: 22201K->22240K(349696K)
[12.907s][info][gc,metaspace ] GC(535) Metaspace: 13379K->13379K(1062912K)
[12.907s][info][gc           ] GC(535) Pause Young (Allocation Failure) 191M->21M(511M) 0.500ms
[12.907s][info][gc,cpu       ] GC(535) User=0.00s Sys=0.00s Real=0.00s
[12.932s][info][gc,start     ] GC(536) Pause Young (Allocation Failure)
[12.932s][info][gc,heap      ] GC(536) PSYoungGen: 173632K->64K(174080K)
[12.932s][info][gc,heap      ] GC(536) ParOldGen: 22240K->22269K(349696K)
[12.932s][info][gc,metaspace ] GC(536) Metaspace: 13379K->13379K(1062912K)
[12.932s][info][gc           ] GC(536) Pause Young (Allocation Failure) 191M->21M(511M) 0.596ms
[12.932s][info][gc,cpu       ] GC(536) User=0.00s Sys=0.00s Real=0.00s
[12.955s][info][gc,start     ] GC(537) Pause Young (Allocation Failure)
[12.955s][info][gc,heap      ] GC(537) PSYoungGen: 173632K->96K(174080K)
[12.955s][info][gc,heap      ] GC(537) ParOldGen: 22269K->22308K(349696K)
[12.955s][info][gc,metaspace ] GC(537) Metaspace: 13379K->13379K(1062912K)
[12.955s][info][gc           ] GC(537) Pause Young (Allocation Failure) 191M->21M(511M) 0.518ms
[12.955s][info][gc,cpu       ] GC(537) User=0.00s Sys=0.00s Real=0.00s
[12.978s][info][gc,start     ] GC(538) Pause Young (Allocation Failure)
[12.978s][info][gc,heap      ] GC(538) PSYoungGen: 173664K->96K(174080K)
[12.978s][info][gc,heap      ] GC(538) ParOldGen: 22308K->22338K(349696K)
[12.978s][info][gc,metaspace ] GC(538) Metaspace: 13379K->13379K(1062912K)
[12.978s][info][gc           ] GC(538) Pause Young (Allocation Failure) 191M->21M(511M) 0.390ms
[12.978s][info][gc,cpu       ] GC(538) User=0.00s Sys=0.00s Real=0.00s
[12.997s][info][gc,start     ] GC(539) Pause Young (Allocation Failure)
[12.998s][info][gc,heap      ] GC(539) PSYoungGen: 173664K->64K(174080K)
[12.998s][info][gc,heap      ] GC(539) ParOldGen: 22338K->22377K(349696K)
[12.998s][info][gc,metaspace ] GC(539) Metaspace: 13379K->13379K(1062912K)
[12.998s][info][gc           ] GC(539) Pause Young (Allocation Failure) 191M->21M(511M) 0.452ms
[12.998s][info][gc,cpu       ] GC(539) User=0.00s Sys=0.00s Real=0.00s
[13.022s][info][gc,start     ] GC(540) Pause Young (Allocation Failure)
[13.022s][info][gc,heap      ] GC(540) PSYoungGen: 173632K->96K(174080K)
[13.022s][info][gc,heap      ] GC(540) ParOldGen: 22377K->22406K(349696K)
[13.022s][info][gc,metaspace ] GC(540) Metaspace: 13379K->13379K(1062912K)
[13.022s][info][gc           ] GC(540) Pause Young (Allocation Failure) 191M->21M(511M) 0.696ms
[13.022s][info][gc,cpu       ] GC(540) User=0.00s Sys=0.00s Real=0.00s
[13.045s][info][gc,start     ] GC(541) Pause Young (Allocation Failure)
[13.045s][info][gc,heap      ] GC(541) PSYoungGen: 173664K->64K(174080K)
[13.046s][info][gc,heap      ] GC(541) ParOldGen: 22406K->22445K(349696K)
[13.046s][info][gc,metaspace ] GC(541) Metaspace: 13379K->13379K(1062912K)
[13.046s][info][gc           ] GC(541) Pause Young (Allocation Failure) 191M->21M(511M) 0.519ms
[13.046s][info][gc,cpu       ] GC(541) User=0.00s Sys=0.00s Real=0.00s
[13.067s][info][gc,start     ] GC(542) Pause Young (Allocation Failure)
[13.068s][info][gc,heap      ] GC(542) PSYoungGen: 173632K->96K(174080K)
[13.068s][info][gc,heap      ] GC(542) ParOldGen: 22445K->22475K(349696K)
[13.068s][info][gc,metaspace ] GC(542) Metaspace: 13379K->13379K(1062912K)
[13.068s][info][gc           ] GC(542) Pause Young (Allocation Failure) 191M->22M(511M) 0.497ms
[13.068s][info][gc,cpu       ] GC(542) User=0.00s Sys=0.00s Real=0.00s
[13.088s][info][gc,start     ] GC(543) Pause Young (Allocation Failure)
[13.088s][info][gc,heap      ] GC(543) PSYoungGen: 173664K->64K(174080K)
[13.088s][info][gc,heap      ] GC(543) ParOldGen: 22475K->22514K(349696K)
[13.088s][info][gc,metaspace ] GC(543) Metaspace: 13379K->13379K(1062912K)
[13.088s][info][gc           ] GC(543) Pause Young (Allocation Failure) 191M->22M(511M) 0.472ms
[13.088s][info][gc,cpu       ] GC(543) User=0.00s Sys=0.00s Real=0.00s
[13.110s][info][gc,start     ] GC(544) Pause Young (Allocation Failure)
[13.110s][info][gc,heap      ] GC(544) PSYoungGen: 173632K->96K(174080K)
[13.110s][info][gc,heap      ] GC(544) ParOldGen: 22514K->22543K(349696K)
[13.110s][info][gc,metaspace ] GC(544) Metaspace: 13379K->13379K(1062912K)
[13.110s][info][gc           ] GC(544) Pause Young (Allocation Failure) 191M->22M(511M) 0.506ms
[13.110s][info][gc,cpu       ] GC(544) User=0.00s Sys=0.00s Real=0.00s
[13.129s][info][gc,start     ] GC(545) Pause Young (Allocation Failure)
[13.129s][info][gc,heap      ] GC(545) PSYoungGen: 173664K->64K(174080K)
[13.130s][info][gc,heap      ] GC(545) ParOldGen: 22543K->22582K(349696K)
[13.130s][info][gc,metaspace ] GC(545) Metaspace: 13379K->13379K(1062912K)
[13.130s][info][gc           ] GC(545) Pause Young (Allocation Failure) 191M->22M(511M) 0.597ms
[13.130s][info][gc,cpu       ] GC(545) User=0.00s Sys=0.00s Real=0.00s
[13.150s][info][gc,start     ] GC(546) Pause Young (Allocation Failure)
[13.151s][info][gc,heap      ] GC(546) PSYoungGen: 173632K->128K(174080K)
[13.151s][info][gc,heap      ] GC(546) ParOldGen: 22582K->22612K(349696K)
[13.151s][info][gc,metaspace ] GC(546) Metaspace: 13379K->13379K(1062912K)
[13.151s][info][gc           ] GC(546) Pause Young (Allocation Failure) 191M->22M(511M) 0.435ms
[13.151s][info][gc,cpu       ] GC(546) User=0.01s Sys=0.00s Real=0.00s
[13.171s][info][gc,start     ] GC(547) Pause Young (Allocation Failure)
[13.171s][info][gc,heap      ] GC(547) PSYoungGen: 173696K->64K(174080K)
[13.171s][info][gc,heap      ] GC(547) ParOldGen: 22612K->22651K(349696K)
[13.171s][info][gc,metaspace ] GC(547) Metaspace: 13379K->13379K(1062912K)
[13.171s][info][gc           ] GC(547) Pause Young (Allocation Failure) 191M->22M(511M) 0.539ms
[13.171s][info][gc,cpu       ] GC(547) User=0.00s Sys=0.00s Real=0.00s
[13.190s][info][gc,start     ] GC(548) Pause Young (Allocation Failure)
[13.191s][info][gc,heap      ] GC(548) PSYoungGen: 173632K->64K(174080K)
[13.191s][info][gc,heap      ] GC(548) ParOldGen: 22651K->22690K(349696K)
[13.191s][info][gc,metaspace ] GC(548) Metaspace: 13379K->13379K(1062912K)
[13.191s][info][gc           ] GC(548) Pause Young (Allocation Failure) 191M->22M(511M) 0.401ms
[13.191s][info][gc,cpu       ] GC(548) User=0.00s Sys=0.00s Real=0.00s
[13.214s][info][gc,start     ] GC(549) Pause Young (Allocation Failure)
[13.214s][info][gc,heap      ] GC(549) PSYoungGen: 173632K->96K(174080K)
[13.214s][info][gc,heap      ] GC(549) ParOldGen: 22690K->22719K(349696K)
[13.214s][info][gc,metaspace ] GC(549) Metaspace: 13379K->13379K(1062912K)
[13.214s][info][gc           ] GC(549) Pause Young (Allocation Failure) 191M->22M(511M) 0.543ms
[13.214s][info][gc,cpu       ] GC(549) User=0.00s Sys=0.00s Real=0.00s
[13.236s][info][gc,start     ] GC(550) Pause Young (Allocation Failure)
[13.236s][info][gc,heap      ] GC(550) PSYoungGen: 173664K->64K(174080K)
[13.236s][info][gc,heap      ] GC(550) ParOldGen: 22719K->22758K(349696K)
[13.236s][info][gc,metaspace ] GC(550) Metaspace: 13379K->13379K(1062912K)
[13.236s][info][gc           ] GC(550) Pause Young (Allocation Failure) 191M->22M(511M) 0.425ms
[13.236s][info][gc,cpu       ] GC(550) User=0.01s Sys=0.00s Real=0.00s
[13.258s][info][gc,start     ] GC(551) Pause Young (Allocation Failure)
[13.259s][info][gc,heap      ] GC(551) PSYoungGen: 173632K->128K(174080K)
[13.259s][info][gc,heap      ] GC(551) ParOldGen: 22758K->22788K(349696K)
[13.259s][info][gc,metaspace ] GC(551) Metaspace: 13379K->13379K(1062912K)
[13.259s][info][gc           ] GC(551) Pause Young (Allocation Failure) 191M->22M(511M) 0.437ms
[13.259s][info][gc,cpu       ] GC(551) User=0.00s Sys=0.00s Real=0.00s
[13.281s][info][gc,start     ] GC(552) Pause Young (Allocation Failure)
[13.281s][info][gc,heap      ] GC(552) PSYoungGen: 173696K->64K(174080K)
[13.281s][info][gc,heap      ] GC(552) ParOldGen: 22788K->22827K(349696K)
[13.281s][info][gc,metaspace ] GC(552) Metaspace: 13379K->13379K(1062912K)
[13.281s][info][gc           ] GC(552) Pause Young (Allocation Failure) 191M->22M(511M) 0.517ms
[13.281s][info][gc,cpu       ] GC(552) User=0.00s Sys=0.00s Real=0.00s
[13.308s][info][gc,start     ] GC(553) Pause Young (Allocation Failure)
[13.308s][info][gc,heap      ] GC(553) PSYoungGen: 173632K->96K(174080K)
[13.308s][info][gc,heap      ] GC(553) ParOldGen: 22827K->22856K(349696K)
[13.308s][info][gc,metaspace ] GC(553) Metaspace: 13379K->13379K(1062912K)
[13.308s][info][gc           ] GC(553) Pause Young (Allocation Failure) 191M->22M(511M) 0.494ms
[13.308s][info][gc,cpu       ] GC(553) User=0.00s Sys=0.00s Real=0.00s
[13.335s][info][gc,start     ] GC(554) Pause Young (Allocation Failure)
[13.336s][info][gc,heap      ] GC(554) PSYoungGen: 173664K->96K(174080K)
[13.336s][info][gc,heap      ] GC(554) ParOldGen: 22856K->22903K(349696K)
[13.336s][info][gc,metaspace ] GC(554) Metaspace: 13398K->13398K(1062912K)
[13.336s][info][gc           ] GC(554) Pause Young (Allocation Failure) 191M->22M(511M) 1.094ms
[13.336s][info][gc,cpu       ] GC(554) User=0.01s Sys=0.00s Real=0.01s
[13.377s][info][gc,start     ] GC(555) Pause Young (Allocation Failure)
[13.378s][info][gc,heap      ] GC(555) PSYoungGen: 173664K->64K(174080K)
[13.378s][info][gc,heap      ] GC(555) ParOldGen: 22903K->22997K(349696K)
[13.378s][info][gc,metaspace ] GC(555) Metaspace: 13398K->13398K(1062912K)
[13.378s][info][gc           ] GC(555) Pause Young (Allocation Failure) 191M->22M(511M) 0.595ms
[13.378s][info][gc,cpu       ] GC(555) User=0.00s Sys=0.00s Real=0.00s
[13.397s][info][gc,start     ] GC(556) Pause Young (Allocation Failure)
[13.397s][info][gc,heap      ] GC(556) PSYoungGen: 173632K->96K(174080K)
[13.397s][info][gc,heap      ] GC(556) ParOldGen: 22997K->23036K(349696K)
[13.397s][info][gc,metaspace ] GC(556) Metaspace: 13398K->13398K(1062912K)
[13.397s][info][gc           ] GC(556) Pause Young (Allocation Failure) 192M->22M(511M) 0.573ms
[13.397s][info][gc,cpu       ] GC(556) User=0.00s Sys=0.00s Real=0.00s
[13.421s][info][gc,start     ] GC(557) Pause Young (Allocation Failure)
[13.421s][info][gc,heap      ] GC(557) PSYoungGen: 173664K->96K(174080K)
[13.421s][info][gc,heap      ] GC(557) ParOldGen: 23036K->23065K(349696K)
[13.421s][info][gc,metaspace ] GC(557) Metaspace: 13398K->13398K(1062912K)
[13.421s][info][gc           ] GC(557) Pause Young (Allocation Failure) 192M->22M(511M) 0.504ms
[13.421s][info][gc,cpu       ] GC(557) User=0.00s Sys=0.00s Real=0.00s
[13.445s][info][gc,start     ] GC(558) Pause Young (Allocation Failure)
[13.445s][info][gc,heap      ] GC(558) PSYoungGen: 173664K->64K(174080K)
[13.445s][info][gc,heap      ] GC(558) ParOldGen: 23065K->23104K(349696K)
[13.445s][info][gc,metaspace ] GC(558) Metaspace: 13398K->13398K(1062912K)
[13.445s][info][gc           ] GC(558) Pause Young (Allocation Failure) 192M->22M(511M) 0.462ms
[13.445s][info][gc,cpu       ] GC(558) User=0.00s Sys=0.00s Real=0.00s
[13.467s][info][gc,start     ] GC(559) Pause Young (Allocation Failure)
[13.468s][info][gc,heap      ] GC(559) PSYoungGen: 173632K->128K(174080K)
[13.468s][info][gc,heap      ] GC(559) ParOldGen: 23104K->23134K(349696K)
[13.468s][info][gc,metaspace ] GC(559) Metaspace: 13398K->13398K(1062912K)
[13.468s][info][gc           ] GC(559) Pause Young (Allocation Failure) 192M->22M(511M) 0.505ms
[13.468s][info][gc,cpu       ] GC(559) User=0.00s Sys=0.00s Real=0.00s
[13.489s][info][gc,start     ] GC(560) Pause Young (Allocation Failure)
[13.489s][info][gc,heap      ] GC(560) PSYoungGen: 173696K->64K(174080K)
[13.489s][info][gc,heap      ] GC(560) ParOldGen: 23134K->23173K(349696K)
[13.489s][info][gc,metaspace ] GC(560) Metaspace: 13398K->13398K(1062912K)
[13.489s][info][gc           ] GC(560) Pause Young (Allocation Failure) 192M->22M(511M) 0.507ms
[13.489s][info][gc,cpu       ] GC(560) User=0.00s Sys=0.00s Real=0.00s
[13.509s][info][gc,start     ] GC(561) Pause Young (Allocation Failure)
[13.510s][info][gc,heap      ] GC(561) PSYoungGen: 173632K->64K(174080K)
[13.510s][info][gc,heap      ] GC(561) ParOldGen: 23173K->23212K(349696K)
[13.510s][info][gc,metaspace ] GC(561) Metaspace: 13398K->13398K(1062912K)
[13.510s][info][gc           ] GC(561) Pause Young (Allocation Failure) 192M->22M(511M) 0.494ms
[13.510s][info][gc,cpu       ] GC(561) User=0.00s Sys=0.00s Real=0.00s
[13.532s][info][gc,start     ] GC(562) Pause Young (Allocation Failure)
[13.532s][info][gc,heap      ] GC(562) PSYoungGen: 173632K->64K(174080K)
[13.532s][info][gc,heap      ] GC(562) ParOldGen: 23212K->23241K(349696K)
[13.532s][info][gc,metaspace ] GC(562) Metaspace: 13398K->13398K(1062912K)
[13.532s][info][gc           ] GC(562) Pause Young (Allocation Failure) 192M->22M(511M) 0.482ms
[13.532s][info][gc,cpu       ] GC(562) User=0.00s Sys=0.00s Real=0.00s
[13.553s][info][gc,start     ] GC(563) Pause Young (Allocation Failure)
[13.554s][info][gc,heap      ] GC(563) PSYoungGen: 173632K->96K(174080K)
[13.554s][info][gc,heap      ] GC(563) ParOldGen: 23241K->23280K(349696K)
[13.554s][info][gc,metaspace ] GC(563) Metaspace: 13398K->13398K(1062912K)
[13.554s][info][gc           ] GC(563) Pause Young (Allocation Failure) 192M->22M(511M) 0.514ms
[13.554s][info][gc,cpu       ] GC(563) User=0.00s Sys=0.00s Real=0.00s
[13.577s][info][gc,start     ] GC(564) Pause Young (Allocation Failure)
[13.577s][info][gc,heap      ] GC(564) PSYoungGen: 173664K->64K(174080K)
[13.577s][info][gc,heap      ] GC(564) ParOldGen: 23280K->23310K(349696K)
[13.577s][info][gc,metaspace ] GC(564) Metaspace: 13398K->13398K(1062912K)
[13.577s][info][gc           ] GC(564) Pause Young (Allocation Failure) 192M->22M(511M) 0.485ms
[13.577s][info][gc,cpu       ] GC(564) User=0.00s Sys=0.00s Real=0.00s
[13.598s][info][gc,start     ] GC(565) Pause Young (Allocation Failure)
[13.599s][info][gc,heap      ] GC(565) PSYoungGen: 173632K->64K(174080K)
[13.599s][info][gc,heap      ] GC(565) ParOldGen: 23310K->23349K(349696K)
[13.599s][info][gc,metaspace ] GC(565) Metaspace: 13398K->13398K(1062912K)
[13.599s][info][gc           ] GC(565) Pause Young (Allocation Failure) 192M->22M(511M) 0.479ms
[13.599s][info][gc,cpu       ] GC(565) User=0.00s Sys=0.00s Real=0.00s
[13.622s][info][gc,start     ] GC(566) Pause Young (Allocation Failure)
[13.623s][info][gc,heap      ] GC(566) PSYoungGen: 173632K->96K(174080K)
[13.623s][info][gc,heap      ] GC(566) ParOldGen: 23349K->23378K(349696K)
[13.623s][info][gc,metaspace ] GC(566) Metaspace: 13398K->13398K(1062912K)
[13.623s][info][gc           ] GC(566) Pause Young (Allocation Failure) 192M->22M(511M) 0.488ms
[13.623s][info][gc,cpu       ] GC(566) User=0.00s Sys=0.00s Real=0.00s
[13.644s][info][gc,start     ] GC(567) Pause Young (Allocation Failure)
[13.644s][info][gc,heap      ] GC(567) PSYoungGen: 173664K->64K(174080K)
[13.644s][info][gc,heap      ] GC(567) ParOldGen: 23378K->23417K(349696K)
[13.644s][info][gc,metaspace ] GC(567) Metaspace: 13398K->13398K(1062912K)
[13.644s][info][gc           ] GC(567) Pause Young (Allocation Failure) 192M->22M(511M) 0.427ms
[13.644s][info][gc,cpu       ] GC(567) User=0.00s Sys=0.00s Real=0.00s
[13.665s][info][gc,start     ] GC(568) Pause Young (Allocation Failure)
[13.666s][info][gc,heap      ] GC(568) PSYoungGen: 173632K->96K(174080K)
[13.666s][info][gc,heap      ] GC(568) ParOldGen: 23417K->23447K(349696K)
[13.666s][info][gc,metaspace ] GC(568) Metaspace: 13398K->13398K(1062912K)
[13.666s][info][gc           ] GC(568) Pause Young (Allocation Failure) 192M->22M(511M) 0.448ms
[13.666s][info][gc,cpu       ] GC(568) User=0.00s Sys=0.00s Real=0.00s
[13.685s][info][gc,start     ] GC(569) Pause Young (Allocation Failure)
[13.685s][info][gc,heap      ] GC(569) PSYoungGen: 173664K->64K(174080K)
[13.685s][info][gc,heap      ] GC(569) ParOldGen: 23447K->23486K(349696K)
[13.685s][info][gc,metaspace ] GC(569) Metaspace: 13398K->13398K(1062912K)
[13.685s][info][gc           ] GC(569) Pause Young (Allocation Failure) 192M->22M(511M) 0.451ms
[13.685s][info][gc,cpu       ] GC(569) User=0.00s Sys=0.00s Real=0.00s
[13.708s][info][gc,start     ] GC(570) Pause Young (Allocation Failure)
[13.708s][info][gc,heap      ] GC(570) PSYoungGen: 173632K->64K(174080K)
[13.708s][info][gc,heap      ] GC(570) ParOldGen: 23486K->23515K(349696K)
[13.708s][info][gc,metaspace ] GC(570) Metaspace: 13398K->13398K(1062912K)
[13.708s][info][gc           ] GC(570) Pause Young (Allocation Failure) 192M->23M(511M) 0.542ms
[13.708s][info][gc,cpu       ] GC(570) User=0.00s Sys=0.00s Real=0.00s
[13.727s][info][gc,start     ] GC(571) Pause Young (Allocation Failure)
[13.728s][info][gc,heap      ] GC(571) PSYoungGen: 173632K->64K(174080K)
[13.728s][info][gc,heap      ] GC(571) ParOldGen: 23515K->23554K(349696K)
[13.728s][info][gc,metaspace ] GC(571) Metaspace: 13398K->13398K(1062912K)
[13.728s][info][gc           ] GC(571) Pause Young (Allocation Failure) 192M->23M(511M) 0.473ms
[13.728s][info][gc,cpu       ] GC(571) User=0.00s Sys=0.00s Real=0.00s
[13.749s][info][gc,start     ] GC(572) Pause Young (Allocation Failure)
[13.749s][info][gc,heap      ] GC(572) PSYoungGen: 173632K->128K(174080K)
[13.749s][info][gc,heap      ] GC(572) ParOldGen: 23554K->23584K(349696K)
[13.749s][info][gc,metaspace ] GC(572) Metaspace: 13398K->13398K(1062912K)
[13.749s][info][gc           ] GC(572) Pause Young (Allocation Failure) 192M->23M(511M) 0.431ms
[13.749s][info][gc,cpu       ] GC(572) User=0.00s Sys=0.00s Real=0.00s
[13.771s][info][gc,start     ] GC(573) Pause Young (Allocation Failure)
[13.772s][info][gc,heap      ] GC(573) PSYoungGen: 173696K->64K(174080K)
[13.772s][info][gc,heap      ] GC(573) ParOldGen: 23584K->23623K(349696K)
[13.772s][info][gc,metaspace ] GC(573) Metaspace: 13398K->13398K(1062912K)
[13.772s][info][gc           ] GC(573) Pause Young (Allocation Failure) 192M->23M(511M) 0.935ms
[13.772s][info][gc,cpu       ] GC(573) User=0.00s Sys=0.00s Real=0.00s
[13.792s][info][gc,start     ] GC(574) Pause Young (Allocation Failure)
[13.792s][info][gc,heap      ] GC(574) PSYoungGen: 173632K->96K(174080K)
[13.792s][info][gc,heap      ] GC(574) ParOldGen: 23623K->23662K(349696K)
[13.792s][info][gc,metaspace ] GC(574) Metaspace: 13398K->13398K(1062912K)
[13.792s][info][gc           ] GC(574) Pause Young (Allocation Failure) 192M->23M(511M) 0.413ms
[13.792s][info][gc,cpu       ] GC(574) User=0.00s Sys=0.00s Real=0.00s
[13.815s][info][gc,start     ] GC(575) Pause Young (Allocation Failure)
[13.816s][info][gc,heap      ] GC(575) PSYoungGen: 173664K->96K(174080K)
[13.816s][info][gc,heap      ] GC(575) ParOldGen: 23662K->23691K(349696K)
[13.816s][info][gc,metaspace ] GC(575) Metaspace: 13398K->13398K(1062912K)
[13.816s][info][gc           ] GC(575) Pause Young (Allocation Failure) 192M->23M(511M) 0.463ms
[13.816s][info][gc,cpu       ] GC(575) User=0.00s Sys=0.01s Real=0.00s
[13.836s][info][gc,start     ] GC(576) Pause Young (Allocation Failure)
[13.836s][info][gc,heap      ] GC(576) PSYoungGen: 173664K->64K(174080K)
[13.836s][info][gc,heap      ] GC(576) ParOldGen: 23691K->23730K(349696K)
[13.836s][info][gc,metaspace ] GC(576) Metaspace: 13398K->13398K(1062912K)
[13.836s][info][gc           ] GC(576) Pause Young (Allocation Failure) 192M->23M(511M) 0.426ms
[13.836s][info][gc,cpu       ] GC(576) User=0.00s Sys=0.00s Real=0.01s
[13.857s][info][gc,start     ] GC(577) Pause Young (Allocation Failure)
[13.858s][info][gc,heap      ] GC(577) PSYoungGen: 173632K->96K(174080K)
[13.858s][info][gc,heap      ] GC(577) ParOldGen: 23730K->23760K(349696K)
[13.858s][info][gc,metaspace ] GC(577) Metaspace: 13398K->13398K(1062912K)
[13.858s][info][gc           ] GC(577) Pause Young (Allocation Failure) 192M->23M(511M) 0.738ms
[13.858s][info][gc,cpu       ] GC(577) User=0.00s Sys=0.00s Real=0.00s
[13.879s][info][gc,start     ] GC(578) Pause Young (Allocation Failure)
[13.880s][info][gc,heap      ] GC(578) PSYoungGen: 173664K->64K(174080K)
[13.880s][info][gc,heap      ] GC(578) ParOldGen: 23760K->23799K(349696K)
[13.880s][info][gc,metaspace ] GC(578) Metaspace: 13398K->13398K(1062912K)
[13.880s][info][gc           ] GC(578) Pause Young (Allocation Failure) 192M->23M(511M) 0.450ms
[13.880s][info][gc,cpu       ] GC(578) User=0.00s Sys=0.00s Real=0.00s
[13.901s][info][gc,start     ] GC(579) Pause Young (Allocation Failure)
[13.901s][info][gc,heap      ] GC(579) PSYoungGen: 173632K->96K(174080K)
[13.901s][info][gc,heap      ] GC(579) ParOldGen: 23799K->23828K(349696K)
[13.901s][info][gc,metaspace ] GC(579) Metaspace: 13398K->13398K(1062912K)
[13.901s][info][gc           ] GC(579) Pause Young (Allocation Failure) 192M->23M(511M) 0.521ms
[13.901s][info][gc,cpu       ] GC(579) User=0.00s Sys=0.00s Real=0.00s
[13.921s][info][gc,start     ] GC(580) Pause Young (Allocation Failure)
[13.921s][info][gc,heap      ] GC(580) PSYoungGen: 173664K->96K(174080K)
[13.921s][info][gc,heap      ] GC(580) ParOldGen: 23828K->23867K(349696K)
[13.921s][info][gc,metaspace ] GC(580) Metaspace: 13398K->13398K(1062912K)
[13.921s][info][gc           ] GC(580) Pause Young (Allocation Failure) 192M->23M(511M) 0.410ms
[13.921s][info][gc,cpu       ] GC(580) User=0.00s Sys=0.00s Real=0.00s
[13.942s][info][gc,start     ] GC(581) Pause Young (Allocation Failure)
[13.943s][info][gc,heap      ] GC(581) PSYoungGen: 173664K->64K(174080K)
[13.943s][info][gc,heap      ] GC(581) ParOldGen: 23867K->23897K(349696K)
[13.943s][info][gc,metaspace ] GC(581) Metaspace: 13398K->13398K(1062912K)
[13.943s][info][gc           ] GC(581) Pause Young (Allocation Failure) 192M->23M(511M) 0.508ms
[13.943s][info][gc,cpu       ] GC(581) User=0.00s Sys=0.00s Real=0.00s
[13.961s][info][gc,start     ] GC(582) Pause Young (Allocation Failure)
[13.962s][info][gc,heap      ] GC(582) PSYoungGen: 173632K->64K(174080K)
[13.962s][info][gc,heap      ] GC(582) ParOldGen: 23897K->23936K(349696K)
[13.962s][info][gc,metaspace ] GC(582) Metaspace: 13398K->13398K(1062912K)
[13.962s][info][gc           ] GC(582) Pause Young (Allocation Failure) 192M->23M(511M) 0.488ms
[13.962s][info][gc,cpu       ] GC(582) User=0.00s Sys=0.00s Real=0.00s
[13.983s][info][gc,start     ] GC(583) Pause Young (Allocation Failure)
[13.983s][info][gc,heap      ] GC(583) PSYoungGen: 173632K->96K(174080K)
[13.983s][info][gc,heap      ] GC(583) ParOldGen: 23936K->23965K(349696K)
[13.983s][info][gc,metaspace ] GC(583) Metaspace: 13398K->13398K(1062912K)
[13.983s][info][gc           ] GC(583) Pause Young (Allocation Failure) 192M->23M(511M) 0.406ms
[13.983s][info][gc,cpu       ] GC(583) User=0.00s Sys=0.00s Real=0.00s
[14.003s][info][gc,start     ] GC(584) Pause Young (Allocation Failure)
[14.004s][info][gc,heap      ] GC(584) PSYoungGen: 173664K->64K(174080K)
[14.004s][info][gc,heap      ] GC(584) ParOldGen: 23965K->24004K(349696K)
[14.004s][info][gc,metaspace ] GC(584) Metaspace: 13398K->13398K(1062912K)
[14.004s][info][gc           ] GC(584) Pause Young (Allocation Failure) 192M->23M(511M) 0.386ms
[14.004s][info][gc,cpu       ] GC(584) User=0.00s Sys=0.00s Real=0.00s
[14.024s][info][gc,start     ] GC(585) Pause Young (Allocation Failure)
[14.025s][info][gc,heap      ] GC(585) PSYoungGen: 173632K->96K(174080K)
[14.025s][info][gc,heap      ] GC(585) ParOldGen: 24004K->24033K(349696K)
[14.025s][info][gc,metaspace ] GC(585) Metaspace: 13398K->13398K(1062912K)
[14.025s][info][gc           ] GC(585) Pause Young (Allocation Failure) 193M->23M(511M) 0.420ms
[14.025s][info][gc,cpu       ] GC(585) User=0.00s Sys=0.00s Real=0.00s
[14.049s][info][gc,start     ] GC(586) Pause Young (Allocation Failure)
[14.049s][info][gc,heap      ] GC(586) PSYoungGen: 173664K->96K(174080K)
[14.049s][info][gc,heap      ] GC(586) ParOldGen: 24033K->24073K(349696K)
[14.049s][info][gc,metaspace ] GC(586) Metaspace: 13398K->13398K(1062912K)
[14.049s][info][gc           ] GC(586) Pause Young (Allocation Failure) 193M->23M(511M) 0.491ms
[14.049s][info][gc,cpu       ] GC(586) User=0.01s Sys=0.00s Real=0.00s
[14.069s][info][gc,start     ] GC(587) Pause Young (Allocation Failure)
[14.069s][info][gc,heap      ] GC(587) PSYoungGen: 173664K->64K(174080K)
[14.069s][info][gc,heap      ] GC(587) ParOldGen: 24073K->24112K(349696K)
[14.069s][info][gc,metaspace ] GC(587) Metaspace: 13398K->13398K(1062912K)
[14.069s][info][gc           ] GC(587) Pause Young (Allocation Failure) 193M->23M(511M) 0.514ms
[14.069s][info][gc,cpu       ] GC(587) User=0.00s Sys=0.00s Real=0.00s
[14.094s][info][gc,start     ] GC(588) Pause Young (Allocation Failure)
[14.095s][info][gc,heap      ] GC(588) PSYoungGen: 173632K->64K(174080K)
[14.095s][info][gc,heap      ] GC(588) ParOldGen: 24112K->24141K(349696K)
[14.095s][info][gc,metaspace ] GC(588) Metaspace: 13398K->13398K(1062912K)
[14.095s][info][gc           ] GC(588) Pause Young (Allocation Failure) 193M->23M(511M) 0.558ms
[14.095s][info][gc,cpu       ] GC(588) User=0.00s Sys=0.00s Real=0.00s
[14.118s][info][gc,start     ] GC(589) Pause Young (Allocation Failure)
[14.118s][info][gc,heap      ] GC(589) PSYoungGen: 173632K->64K(174080K)
[14.118s][info][gc,heap      ] GC(589) ParOldGen: 24141K->24180K(349696K)
[14.118s][info][gc,metaspace ] GC(589) Metaspace: 13398K->13398K(1062912K)
[14.118s][info][gc           ] GC(589) Pause Young (Allocation Failure) 193M->23M(511M) 0.655ms
[14.118s][info][gc,cpu       ] GC(589) User=0.00s Sys=0.00s Real=0.00s
[14.141s][info][gc,start     ] GC(590) Pause Young (Allocation Failure)
[14.142s][info][gc,heap      ] GC(590) PSYoungGen: 173632K->96K(174080K)
[14.142s][info][gc,heap      ] GC(590) ParOldGen: 24180K->24210K(349696K)
[14.142s][info][gc,metaspace ] GC(590) Metaspace: 13398K->13398K(1062912K)
[14.142s][info][gc           ] GC(590) Pause Young (Allocation Failure) 193M->23M(511M) 0.441ms
[14.142s][info][gc,cpu       ] GC(590) User=0.00s Sys=0.00s Real=0.00s
[14.161s][info][gc,start     ] GC(591) Pause Young (Allocation Failure)
[14.161s][info][gc,heap      ] GC(591) PSYoungGen: 173664K->64K(174080K)
[14.161s][info][gc,heap      ] GC(591) ParOldGen: 24210K->24249K(349696K)
[14.161s][info][gc,metaspace ] GC(591) Metaspace: 13398K->13398K(1062912K)
[14.161s][info][gc           ] GC(591) Pause Young (Allocation Failure) 193M->23M(511M) 0.441ms
[14.161s][info][gc,cpu       ] GC(591) User=0.00s Sys=0.00s Real=0.00s
[14.182s][info][gc,start     ] GC(592) Pause Young (Allocation Failure)
[14.182s][info][gc,heap      ] GC(592) PSYoungGen: 173632K->96K(174080K)
[14.182s][info][gc,heap      ] GC(592) ParOldGen: 24249K->24278K(349696K)
[14.182s][info][gc,metaspace ] GC(592) Metaspace: 13398K->13398K(1062912K)
[14.182s][info][gc           ] GC(592) Pause Young (Allocation Failure) 193M->23M(511M) 0.432ms
[14.182s][info][gc,cpu       ] GC(592) User=0.00s Sys=0.00s Real=0.00s
[14.201s][info][gc,start     ] GC(593) Pause Young (Allocation Failure)
[14.202s][info][gc,heap      ] GC(593) PSYoungGen: 173664K->64K(174080K)
[14.202s][info][gc,heap      ] GC(593) ParOldGen: 24278K->24317K(349696K)
[14.202s][info][gc,metaspace ] GC(593) Metaspace: 13398K->13398K(1062912K)
[14.202s][info][gc           ] GC(593) Pause Young (Allocation Failure) 193M->23M(511M) 0.489ms
[14.202s][info][gc,cpu       ] GC(593) User=0.00s Sys=0.00s Real=0.00s
[14.222s][info][gc,start     ] GC(594) Pause Young (Allocation Failure)
[14.222s][info][gc,heap      ] GC(594) PSYoungGen: 173632K->96K(174080K)
[14.222s][info][gc,heap      ] GC(594) ParOldGen: 24317K->24346K(349696K)
[14.222s][info][gc,metaspace ] GC(594) Metaspace: 13398K->13398K(1062912K)
[14.222s][info][gc           ] GC(594) Pause Young (Allocation Failure) 193M->23M(511M) 0.463ms
[14.222s][info][gc,cpu       ] GC(594) User=0.00s Sys=0.00s Real=0.00s
[14.243s][info][gc,start     ] GC(595) Pause Young (Allocation Failure)
[14.243s][info][gc,heap      ] GC(595) PSYoungGen: 173664K->64K(174080K)
[14.243s][info][gc,heap      ] GC(595) ParOldGen: 24346K->24386K(349696K)
[14.243s][info][gc,metaspace ] GC(595) Metaspace: 13398K->13398K(1062912K)
[14.244s][info][gc           ] GC(595) Pause Young (Allocation Failure) 193M->23M(511M) 0.706ms
[14.244s][info][gc,cpu       ] GC(595) User=0.00s Sys=0.00s Real=0.00s
[14.270s][info][gc,start     ] GC(596) Pause Young (Allocation Failure)
[14.270s][info][gc,heap      ] GC(596) PSYoungGen: 173632K->96K(174080K)
[14.270s][info][gc,heap      ] GC(596) ParOldGen: 24386K->24415K(349696K)
[14.270s][info][gc,metaspace ] GC(596) Metaspace: 13398K->13398K(1062912K)
[14.270s][info][gc           ] GC(596) Pause Young (Allocation Failure) 193M->23M(511M) 0.479ms
[14.270s][info][gc,cpu       ] GC(596) User=0.00s Sys=0.00s Real=0.00s
[14.293s][info][gc,start     ] GC(597) Pause Young (Allocation Failure)
[14.293s][info][gc,heap      ] GC(597) PSYoungGen: 173664K->64K(174080K)
[14.293s][info][gc,heap      ] GC(597) ParOldGen: 24415K->24454K(349696K)
[14.293s][info][gc,metaspace ] GC(597) Metaspace: 13398K->13398K(1062912K)
[14.293s][info][gc           ] GC(597) Pause Young (Allocation Failure) 193M->23M(511M) 0.466ms
[14.293s][info][gc,cpu       ] GC(597) User=0.00s Sys=0.00s Real=0.00s
[14.317s][info][gc,start     ] GC(598) Pause Young (Allocation Failure)
[14.318s][info][gc,heap      ] GC(598) PSYoungGen: 173632K->160K(174080K)
[14.318s][info][gc,heap      ] GC(598) ParOldGen: 24454K->24483K(349696K)
[14.318s][info][gc,metaspace ] GC(598) Metaspace: 13401K->13401K(1062912K)
[14.318s][info][gc           ] GC(598) Pause Young (Allocation Failure) 193M->24M(511M) 0.558ms
[14.318s][info][gc,cpu       ] GC(598) User=0.00s Sys=0.00s Real=0.00s
[14.353s][info][gc,start     ] GC(599) Pause Young (Allocation Failure)
[14.353s][info][gc,heap      ] GC(599) PSYoungGen: 173728K->160K(174080K)
[14.353s][info][gc,heap      ] GC(599) ParOldGen: 24483K->24531K(349696K)
[14.353s][info][gc,metaspace ] GC(599) Metaspace: 13408K->13408K(1062912K)
[14.353s][info][gc           ] GC(599) Pause Young (Allocation Failure) 193M->24M(511M) 0.765ms
[14.353s][info][gc,cpu       ] GC(599) User=0.00s Sys=0.00s Real=0.00s
[14.382s][info][gc,start     ] GC(600) Pause Young (Allocation Failure)
[14.383s][info][gc,heap      ] GC(600) PSYoungGen: 173728K->64K(174080K)
[14.383s][info][gc,heap      ] GC(600) ParOldGen: 24531K->24592K(349696K)
[14.383s][info][gc,metaspace ] GC(600) Metaspace: 13408K->13408K(1062912K)
[14.383s][info][gc           ] GC(600) Pause Young (Allocation Failure) 193M->24M(511M) 0.531ms
[14.383s][info][gc,cpu       ] GC(600) User=0.00s Sys=0.00s Real=0.00s
[14.403s][info][gc,start     ] GC(601) Pause Young (Allocation Failure)
[14.404s][info][gc,heap      ] GC(601) PSYoungGen: 173632K->96K(174080K)
[14.404s][info][gc,heap      ] GC(601) ParOldGen: 24592K->24631K(349696K)
[14.404s][info][gc,metaspace ] GC(601) Metaspace: 13408K->13408K(1062912K)
[14.404s][info][gc           ] GC(601) Pause Young (Allocation Failure) 193M->24M(511M) 0.591ms
[14.404s][info][gc,cpu       ] GC(601) User=0.00s Sys=0.01s Real=0.00s
[14.424s][info][gc,start     ] GC(602) Pause Young (Allocation Failure)
[14.425s][info][gc,heap      ] GC(602) PSYoungGen: 173664K->64K(174080K)
[14.425s][info][gc,heap      ] GC(602) ParOldGen: 24631K->24670K(349696K)
[14.425s][info][gc,metaspace ] GC(602) Metaspace: 13408K->13408K(1062912K)
[14.425s][info][gc           ] GC(602) Pause Young (Allocation Failure) 193M->24M(511M) 0.498ms
[14.425s][info][gc,cpu       ] GC(602) User=0.01s Sys=0.00s Real=0.00s
[14.448s][info][gc,start     ] GC(603) Pause Young (Allocation Failure)
[14.448s][info][gc,heap      ] GC(603) PSYoungGen: 173632K->64K(174080K)
[14.448s][info][gc,heap      ] GC(603) ParOldGen: 24670K->24699K(349696K)
[14.448s][info][gc,metaspace ] GC(603) Metaspace: 13408K->13408K(1062912K)
[14.449s][info][gc           ] GC(603) Pause Young (Allocation Failure) 193M->24M(511M) 0.594ms
[14.449s][info][gc,cpu       ] GC(603) User=0.00s Sys=0.00s Real=0.00s
[14.471s][info][gc,start     ] GC(604) Pause Young (Allocation Failure)
[14.471s][info][gc,heap      ] GC(604) PSYoungGen: 173626K->64K(174080K)
[14.471s][info][gc,heap      ] GC(604) ParOldGen: 24699K->24739K(349696K)
[14.471s][info][gc,metaspace ] GC(604) Metaspace: 13408K->13408K(1062912K)
[14.471s][info][gc           ] GC(604) Pause Young (Allocation Failure) 193M->24M(511M) 0.587ms
[14.471s][info][gc,cpu       ] GC(604) User=0.00s Sys=0.00s Real=0.00s
[14.493s][info][gc,start     ] GC(605) Pause Young (Allocation Failure)
[14.493s][info][gc,heap      ] GC(605) PSYoungGen: 173632K->96K(174080K)
[14.493s][info][gc,heap      ] GC(605) ParOldGen: 24739K->24768K(349696K)
[14.493s][info][gc,metaspace ] GC(605) Metaspace: 13408K->13408K(1062912K)
[14.493s][info][gc           ] GC(605) Pause Young (Allocation Failure) 193M->24M(511M) 0.562ms
[14.493s][info][gc,cpu       ] GC(605) User=0.00s Sys=0.00s Real=0.00s
[14.514s][info][gc,start     ] GC(606) Pause Young (Allocation Failure)
[14.514s][info][gc,heap      ] GC(606) PSYoungGen: 173664K->64K(174080K)
[14.514s][info][gc,heap      ] GC(606) ParOldGen: 24768K->24807K(349696K)
[14.514s][info][gc,metaspace ] GC(606) Metaspace: 13408K->13408K(1062912K)
[14.514s][info][gc           ] GC(606) Pause Young (Allocation Failure) 193M->24M(511M) 0.429ms
[14.514s][info][gc,cpu       ] GC(606) User=0.00s Sys=0.00s Real=0.00s
[14.536s][info][gc,start     ] GC(607) Pause Young (Allocation Failure)
[14.536s][info][gc,heap      ] GC(607) PSYoungGen: 173632K->96K(174080K)
[14.536s][info][gc,heap      ] GC(607) ParOldGen: 24807K->24836K(349696K)
[14.536s][info][gc,metaspace ] GC(607) Metaspace: 13408K->13408K(1062912K)
[14.536s][info][gc           ] GC(607) Pause Young (Allocation Failure) 193M->24M(511M) 0.452ms
[14.536s][info][gc,cpu       ] GC(607) User=0.00s Sys=0.00s Real=0.00s
[14.556s][info][gc,start     ] GC(608) Pause Young (Allocation Failure)
[14.557s][info][gc,heap      ] GC(608) PSYoungGen: 173664K->64K(174080K)
[14.557s][info][gc,heap      ] GC(608) ParOldGen: 24836K->24876K(349696K)
[14.557s][info][gc,metaspace ] GC(608) Metaspace: 13408K->13408K(1062912K)
[14.557s][info][gc           ] GC(608) Pause Young (Allocation Failure) 193M->24M(511M) 0.499ms
[14.557s][info][gc,cpu       ] GC(608) User=0.00s Sys=0.00s Real=0.00s
[14.583s][info][gc,start     ] GC(609) Pause Young (Allocation Failure)
[14.583s][info][gc,heap      ] GC(609) PSYoungGen: 173632K->96K(174080K)
[14.583s][info][gc,heap      ] GC(609) ParOldGen: 24876K->24905K(349696K)
[14.583s][info][gc,metaspace ] GC(609) Metaspace: 13408K->13408K(1062912K)
[14.583s][info][gc           ] GC(609) Pause Young (Allocation Failure) 193M->24M(511M) 0.655ms
[14.583s][info][gc,cpu       ] GC(609) User=0.01s Sys=0.00s Real=0.00s
[14.604s][info][gc,start     ] GC(610) Pause Young (Allocation Failure)
[14.605s][info][gc,heap      ] GC(610) PSYoungGen: 173664K->64K(174080K)
[14.605s][info][gc,heap      ] GC(610) ParOldGen: 24905K->24944K(349696K)
[14.605s][info][gc,metaspace ] GC(610) Metaspace: 13408K->13408K(1062912K)
[14.605s][info][gc           ] GC(610) Pause Young (Allocation Failure) 193M->24M(511M) 0.447ms
[14.605s][info][gc,cpu       ] GC(610) User=0.00s Sys=0.00s Real=0.00s
[14.628s][info][gc,start     ] GC(611) Pause Young (Allocation Failure)
[14.629s][info][gc,heap      ] GC(611) PSYoungGen: 173632K->96K(174080K)
[14.629s][info][gc,heap      ] GC(611) ParOldGen: 24944K->24973K(349696K)
[14.629s][info][gc,metaspace ] GC(611) Metaspace: 13408K->13408K(1062912K)
[14.629s][info][gc           ] GC(611) Pause Young (Allocation Failure) 193M->24M(511M) 0.605ms
[14.629s][info][gc,cpu       ] GC(611) User=0.00s Sys=0.00s Real=0.00s
[14.650s][info][gc,start     ] GC(612) Pause Young (Allocation Failure)
[14.651s][info][gc,heap      ] GC(612) PSYoungGen: 173664K->64K(174080K)
[14.651s][info][gc,heap      ] GC(612) ParOldGen: 24973K->25012K(349696K)
[14.651s][info][gc,metaspace ] GC(612) Metaspace: 13408K->13408K(1062912K)
[14.651s][info][gc           ] GC(612) Pause Young (Allocation Failure) 193M->24M(511M) 0.473ms
[14.651s][info][gc,cpu       ] GC(612) User=0.00s Sys=0.00s Real=0.00s
[14.670s][info][gc,start     ] GC(613) Pause Young (Allocation Failure)
[14.671s][info][gc,heap      ] GC(613) PSYoungGen: 173632K->96K(174080K)
[14.671s][info][gc,heap      ] GC(613) ParOldGen: 25012K->25042K(349696K)
[14.671s][info][gc,metaspace ] GC(613) Metaspace: 13408K->13408K(1062912K)
[14.671s][info][gc           ] GC(613) Pause Young (Allocation Failure) 193M->24M(511M) 0.442ms
[14.671s][info][gc,cpu       ] GC(613) User=0.00s Sys=0.00s Real=0.00s
[14.692s][info][gc,start     ] GC(614) Pause Young (Allocation Failure)
[14.693s][info][gc,heap      ] GC(614) PSYoungGen: 173664K->64K(174080K)
[14.693s][info][gc,heap      ] GC(614) ParOldGen: 25042K->25081K(349696K)
[14.693s][info][gc,metaspace ] GC(614) Metaspace: 13408K->13408K(1062912K)
[14.693s][info][gc           ] GC(614) Pause Young (Allocation Failure) 194M->24M(511M) 0.419ms
[14.693s][info][gc,cpu       ] GC(614) User=0.00s Sys=0.00s Real=0.00s
[14.712s][info][gc,start     ] GC(615) Pause Young (Allocation Failure)
[14.712s][info][gc,heap      ] GC(615) PSYoungGen: 173632K->64K(174080K)
[14.712s][info][gc,heap      ] GC(615) ParOldGen: 25081K->25120K(349696K)
[14.712s][info][gc,metaspace ] GC(615) Metaspace: 13408K->13408K(1062912K)
[14.712s][info][gc           ] GC(615) Pause Young (Allocation Failure) 194M->24M(511M) 0.517ms
[14.712s][info][gc,cpu       ] GC(615) User=0.00s Sys=0.00s Real=0.00s
[14.734s][info][gc,start     ] GC(616) Pause Young (Allocation Failure)
[14.734s][info][gc,heap      ] GC(616) PSYoungGen: 173632K->96K(174080K)
[14.734s][info][gc,heap      ] GC(616) ParOldGen: 25120K->25149K(349696K)
[14.734s][info][gc,metaspace ] GC(616) Metaspace: 13408K->13408K(1062912K)
[14.734s][info][gc           ] GC(616) Pause Young (Allocation Failure) 194M->24M(511M) 0.397ms
[14.735s][info][gc,cpu       ] GC(616) User=0.00s Sys=0.00s Real=0.00s
[14.754s][info][gc,start     ] GC(617) Pause Young (Allocation Failure)
[14.755s][info][gc,heap      ] GC(617) PSYoungGen: 173664K->64K(174080K)
[14.755s][info][gc,heap      ] GC(617) ParOldGen: 25149K->25189K(349696K)
[14.755s][info][gc,metaspace ] GC(617) Metaspace: 13408K->13408K(1062912K)
[14.755s][info][gc           ] GC(617) Pause Young (Allocation Failure) 194M->24M(511M) 0.473ms
[14.755s][info][gc,cpu       ] GC(617) User=0.01s Sys=0.00s Real=0.00s
[14.776s][info][gc,start     ] GC(618) Pause Young (Allocation Failure)
[14.777s][info][gc,heap      ] GC(618) PSYoungGen: 173632K->64K(174080K)
[14.777s][info][gc,heap      ] GC(618) ParOldGen: 25189K->25218K(349696K)
[14.777s][info][gc,metaspace ] GC(618) Metaspace: 13408K->13408K(1062912K)
[14.777s][info][gc           ] GC(618) Pause Young (Allocation Failure) 194M->24M(511M) 0.567ms
[14.777s][info][gc,cpu       ] GC(618) User=0.00s Sys=0.01s Real=0.00s
[14.796s][info][gc,start     ] GC(619) Pause Young (Allocation Failure)
[14.796s][info][gc,heap      ] GC(619) PSYoungGen: 173632K->64K(174080K)
[14.796s][info][gc,heap      ] GC(619) ParOldGen: 25218K->25257K(349696K)
[14.796s][info][gc,metaspace ] GC(619) Metaspace: 13408K->13408K(1062912K)
[14.796s][info][gc           ] GC(619) Pause Young (Allocation Failure) 194M->24M(511M) 0.425ms
[14.796s][info][gc,cpu       ] GC(619) User=0.00s Sys=0.00s Real=0.01s
[14.817s][info][gc,start     ] GC(620) Pause Young (Allocation Failure)
[14.817s][info][gc,heap      ] GC(620) PSYoungGen: 173632K->64K(174080K)
[14.817s][info][gc,heap      ] GC(620) ParOldGen: 25257K->25286K(349696K)
[14.817s][info][gc,metaspace ] GC(620) Metaspace: 13408K->13408K(1062912K)
[14.817s][info][gc           ] GC(620) Pause Young (Allocation Failure) 194M->24M(511M) 0.449ms
[14.817s][info][gc,cpu       ] GC(620) User=0.00s Sys=0.00s Real=0.00s
[14.838s][info][gc,start     ] GC(621) Pause Young (Allocation Failure)
[14.838s][info][gc,heap      ] GC(621) PSYoungGen: 173632K->64K(174080K)
[14.838s][info][gc,heap      ] GC(621) ParOldGen: 25286K->25325K(349696K)
[14.838s][info][gc,metaspace ] GC(621) Metaspace: 13408K->13408K(1062912K)
[14.838s][info][gc           ] GC(621) Pause Young (Allocation Failure) 194M->24M(511M) 0.384ms
[14.838s][info][gc,cpu       ] GC(621) User=0.00s Sys=0.00s Real=0.00s
[14.859s][info][gc,start     ] GC(622) Pause Young (Allocation Failure)
[14.860s][info][gc,heap      ] GC(622) PSYoungGen: 173632K->96K(174080K)
[14.860s][info][gc,heap      ] GC(622) ParOldGen: 25325K->25355K(349696K)
[14.860s][info][gc,metaspace ] GC(622) Metaspace: 13408K->13408K(1062912K)
[14.860s][info][gc           ] GC(622) Pause Young (Allocation Failure) 194M->24M(511M) 0.478ms
[14.860s][info][gc,cpu       ] GC(622) User=0.00s Sys=0.00s Real=0.00s
[14.883s][info][gc,start     ] GC(623) Pause Young (Allocation Failure)
[14.883s][info][gc,heap      ] GC(623) PSYoungGen: 173664K->64K(174080K)
[14.883s][info][gc,heap      ] GC(623) ParOldGen: 25355K->25394K(349696K)
[14.883s][info][gc,metaspace ] GC(623) Metaspace: 13408K->13408K(1062912K)
[14.883s][info][gc           ] GC(623) Pause Young (Allocation Failure) 194M->24M(511M) 0.507ms
[14.883s][info][gc,cpu       ] GC(623) User=0.00s Sys=0.00s Real=0.00s
[14.910s][info][gc,start     ] GC(624) Pause Young (Allocation Failure)
[14.910s][info][gc,heap      ] GC(624) PSYoungGen: 173632K->64K(174080K)
[14.910s][info][gc,heap      ] GC(624) ParOldGen: 25394K->25423K(349696K)
[14.910s][info][gc,metaspace ] GC(624) Metaspace: 13408K->13408K(1062912K)
[14.910s][info][gc           ] GC(624) Pause Young (Allocation Failure) 194M->24M(511M) 0.495ms
[14.910s][info][gc,cpu       ] GC(624) User=0.00s Sys=0.00s Real=0.00s
[14.933s][info][gc,start     ] GC(625) Pause Young (Allocation Failure)
[14.933s][info][gc,heap      ] GC(625) PSYoungGen: 173632K->96K(174080K)
[14.933s][info][gc,heap      ] GC(625) ParOldGen: 25423K->25462K(349696K)
[14.933s][info][gc,metaspace ] GC(625) Metaspace: 13408K->13408K(1062912K)
[14.933s][info][gc           ] GC(625) Pause Young (Allocation Failure) 194M->24M(511M) 0.569ms
[14.933s][info][gc,cpu       ] GC(625) User=0.00s Sys=0.00s Real=0.00s
[14.958s][info][gc,start     ] GC(626) Pause Young (Allocation Failure)
[14.958s][info][gc,heap      ] GC(626) PSYoungGen: 173664K->96K(174080K)
[14.958s][info][gc,heap      ] GC(626) ParOldGen: 25462K->25492K(349696K)
[14.958s][info][gc,metaspace ] GC(626) Metaspace: 13408K->13408K(1062912K)
[14.958s][info][gc           ] GC(626) Pause Young (Allocation Failure) 194M->24M(511M) 0.410ms
[14.958s][info][gc,cpu       ] GC(626) User=0.00s Sys=0.00s Real=0.00s
[14.981s][info][gc,start     ] GC(627) Pause Young (Allocation Failure)
[14.982s][info][gc,heap      ] GC(627) PSYoungGen: 173664K->96K(174080K)
[14.982s][info][gc,heap      ] GC(627) ParOldGen: 25492K->25531K(349696K)
[14.982s][info][gc,metaspace ] GC(627) Metaspace: 13408K->13408K(1062912K)
[14.982s][info][gc           ] GC(627) Pause Young (Allocation Failure) 194M->25M(511M) 0.493ms
[14.982s][info][gc,cpu       ] GC(627) User=0.00s Sys=0.00s Real=0.00s
[15.003s][info][gc,start     ] GC(628) Pause Young (Allocation Failure)
[15.004s][info][gc,heap      ] GC(628) PSYoungGen: 173664K->128K(174080K)
[15.004s][info][gc,heap      ] GC(628) ParOldGen: 25531K->25560K(349696K)
[15.004s][info][gc,metaspace ] GC(628) Metaspace: 13408K->13408K(1062912K)
[15.004s][info][gc           ] GC(628) Pause Young (Allocation Failure) 194M->25M(511M) 0.405ms
[15.004s][info][gc,cpu       ] GC(628) User=0.00s Sys=0.00s Real=0.00s
[15.024s][info][gc,start     ] GC(629) Pause Young (Allocation Failure)
[15.025s][info][gc,heap      ] GC(629) PSYoungGen: 173696K->96K(174080K)
[15.025s][info][gc,heap      ] GC(629) ParOldGen: 25560K->25599K(349696K)
[15.025s][info][gc,metaspace ] GC(629) Metaspace: 13408K->13408K(1062912K)
[15.025s][info][gc           ] GC(629) Pause Young (Allocation Failure) 194M->25M(511M) 0.401ms
[15.025s][info][gc,cpu       ] GC(629) User=0.01s Sys=0.00s Real=0.00s
[15.044s][info][gc,start     ] GC(630) Pause Young (Allocation Failure)
[15.044s][info][gc,heap      ] GC(630) PSYoungGen: 173664K->64K(174080K)
[15.044s][info][gc,heap      ] GC(630) ParOldGen: 25599K->25638K(349696K)
[15.044s][info][gc,metaspace ] GC(630) Metaspace: 13408K->13408K(1062912K)
[15.044s][info][gc           ] GC(630) Pause Young (Allocation Failure) 194M->25M(511M) 0.418ms
[15.044s][info][gc,cpu       ] GC(630) User=0.00s Sys=0.00s Real=0.00s
[15.065s][info][gc,start     ] GC(631) Pause Young (Allocation Failure)
[15.065s][info][gc,heap      ] GC(631) PSYoungGen: 173632K->96K(174080K)
[15.065s][info][gc,heap      ] GC(631) ParOldGen: 25638K->25668K(349696K)
[15.065s][info][gc,metaspace ] GC(631) Metaspace: 13408K->13408K(1062912K)
[15.065s][info][gc           ] GC(631) Pause Young (Allocation Failure) 194M->25M(511M) 0.457ms
[15.065s][info][gc,cpu       ] GC(631) User=0.00s Sys=0.00s Real=0.00s
[15.084s][info][gc,start     ] GC(632) Pause Young (Allocation Failure)
[15.085s][info][gc,heap      ] GC(632) PSYoungGen: 173664K->64K(174080K)
[15.085s][info][gc,heap      ] GC(632) ParOldGen: 25668K->25707K(349696K)
[15.085s][info][gc,metaspace ] GC(632) Metaspace: 13408K->13408K(1062912K)
[15.085s][info][gc           ] GC(632) Pause Young (Allocation Failure) 194M->25M(511M) 0.462ms
[15.085s][info][gc,cpu       ] GC(632) User=0.00s Sys=0.00s Real=0.00s
[15.105s][info][gc,start     ] GC(633) Pause Young (Allocation Failure)
[15.105s][info][gc,heap      ] GC(633) PSYoungGen: 173632K->64K(174080K)
[15.105s][info][gc,heap      ] GC(633) ParOldGen: 25707K->25736K(349696K)
[15.105s][info][gc,metaspace ] GC(633) Metaspace: 13408K->13408K(1062912K)
[15.105s][info][gc           ] GC(633) Pause Young (Allocation Failure) 194M->25M(511M) 0.459ms
[15.105s][info][gc,cpu       ] GC(633) User=0.00s Sys=0.00s Real=0.00s
[15.126s][info][gc,start     ] GC(634) Pause Young (Allocation Failure)
[15.126s][info][gc,heap      ] GC(634) PSYoungGen: 173632K->64K(174080K)
[15.126s][info][gc,heap      ] GC(634) ParOldGen: 25736K->25775K(349696K)
[15.126s][info][gc,metaspace ] GC(634) Metaspace: 13408K->13408K(1062912K)
[15.126s][info][gc           ] GC(634) Pause Young (Allocation Failure) 194M->25M(511M) 0.381ms
[15.126s][info][gc,cpu       ] GC(634) User=0.00s Sys=0.00s Real=0.01s
[15.149s][info][gc,start     ] GC(635) Pause Young (Allocation Failure)
[15.149s][info][gc,heap      ] GC(635) PSYoungGen: 173632K->96K(174080K)
[15.149s][info][gc,heap      ] GC(635) ParOldGen: 25775K->25805K(349696K)
[15.149s][info][gc,metaspace ] GC(635) Metaspace: 13408K->13408K(1062912K)
[15.149s][info][gc           ] GC(635) Pause Young (Allocation Failure) 194M->25M(511M) 0.497ms
[15.149s][info][gc,cpu       ] GC(635) User=0.00s Sys=0.00s Real=0.00s
[15.168s][info][gc,start     ] GC(636) Pause Young (Allocation Failure)
[15.169s][info][gc,heap      ] GC(636) PSYoungGen: 173664K->64K(174080K)
[15.169s][info][gc,heap      ] GC(636) ParOldGen: 25805K->25844K(349696K)
[15.169s][info][gc,metaspace ] GC(636) Metaspace: 13408K->13408K(1062912K)
[15.169s][info][gc           ] GC(636) Pause Young (Allocation Failure) 194M->25M(511M) 0.468ms
[15.169s][info][gc,cpu       ] GC(636) User=0.00s Sys=0.00s Real=0.00s
[15.193s][info][gc,start     ] GC(637) Pause Young (Allocation Failure)
[15.194s][info][gc,heap      ] GC(637) PSYoungGen: 173632K->128K(174080K)
[15.194s][info][gc,heap      ] GC(637) ParOldGen: 25844K->25873K(349696K)
[15.194s][info][gc,metaspace ] GC(637) Metaspace: 13408K->13408K(1062912K)
[15.194s][info][gc           ] GC(637) Pause Young (Allocation Failure) 194M->25M(511M) 0.551ms
[15.194s][info][gc,cpu       ] GC(637) User=0.00s Sys=0.00s Real=0.00s
[15.219s][info][gc,start     ] GC(638) Pause Young (Allocation Failure)
[15.219s][info][gc,heap      ] GC(638) PSYoungGen: 173696K->64K(174080K)
[15.219s][info][gc,heap      ] GC(638) ParOldGen: 25873K->25912K(349696K)
[15.219s][info][gc,metaspace ] GC(638) Metaspace: 13408K->13408K(1062912K)
[15.219s][info][gc           ] GC(638) Pause Young (Allocation Failure) 194M->25M(511M) 0.725ms
[15.220s][info][gc,cpu       ] GC(638) User=0.00s Sys=0.00s Real=0.00s
[15.241s][info][gc,start     ] GC(639) Pause Young (Allocation Failure)
[15.241s][info][gc,heap      ] GC(639) PSYoungGen: 173632K->64K(174080K)
[15.241s][info][gc,heap      ] GC(639) ParOldGen: 25912K->25942K(349696K)
[15.241s][info][gc,metaspace ] GC(639) Metaspace: 13408K->13408K(1062912K)
[15.241s][info][gc           ] GC(639) Pause Young (Allocation Failure) 194M->25M(511M) 0.395ms
[15.241s][info][gc,cpu       ] GC(639) User=0.00s Sys=0.00s Real=0.00s
[15.260s][info][gc,start     ] GC(640) Pause Young (Allocation Failure)
[15.261s][info][gc,heap      ] GC(640) PSYoungGen: 173632K->64K(174080K)
[15.261s][info][gc,heap      ] GC(640) ParOldGen: 25942K->25981K(349696K)
[15.261s][info][gc,metaspace ] GC(640) Metaspace: 13408K->13408K(1062912K)
[15.261s][info][gc           ] GC(640) Pause Young (Allocation Failure) 194M->25M(511M) 0.438ms
[15.261s][info][gc,cpu       ] GC(640) User=0.01s Sys=0.00s Real=0.00s
[15.283s][info][gc,start     ] GC(641) Pause Young (Allocation Failure)
[15.283s][info][gc,heap      ] GC(641) PSYoungGen: 173632K->64K(174080K)
[15.283s][info][gc,heap      ] GC(641) ParOldGen: 25981K->26010K(349696K)
[15.283s][info][gc,metaspace ] GC(641) Metaspace: 13408K->13408K(1062912K)
[15.283s][info][gc           ] GC(641) Pause Young (Allocation Failure) 194M->25M(511M) 0.481ms
[15.283s][info][gc,cpu       ] GC(641) User=0.00s Sys=0.00s Real=0.00s
[15.303s][info][gc,start     ] GC(642) Pause Young (Allocation Failure)
[15.304s][info][gc,heap      ] GC(642) PSYoungGen: 173632K->96K(174080K)
[15.304s][info][gc,heap      ] GC(642) ParOldGen: 26010K->26049K(349696K)
[15.304s][info][gc,metaspace ] GC(642) Metaspace: 13408K->13408K(1062912K)
[15.304s][info][gc           ] GC(642) Pause Young (Allocation Failure) 194M->25M(511M) 0.470ms
[15.304s][info][gc,cpu       ] GC(642) User=0.00s Sys=0.00s Real=0.00s
[15.322s][info][gc,start     ] GC(643) Pause Young (Allocation Failure)
[15.323s][info][gc,heap      ] GC(643) PSYoungGen: 173664K->192K(174080K)
[15.323s][info][gc,heap      ] GC(643) ParOldGen: 26049K->26088K(349696K)
[15.323s][info][gc,metaspace ] GC(643) Metaspace: 13415K->13415K(1062912K)
[15.323s][info][gc           ] GC(643) Pause Young (Allocation Failure) 195M->25M(511M) 0.414ms
[15.323s][info][gc,cpu       ] GC(643) User=0.00s Sys=0.00s Real=0.00s
[15.360s][info][gc,start     ] GC(644) Pause Young (Allocation Failure)
[15.361s][info][gc,heap      ] GC(644) PSYoungGen: 173760K->96K(174080K)
[15.361s][info][gc,heap      ] GC(644) ParOldGen: 26088K->26158K(349696K)
[15.361s][info][gc,metaspace ] GC(644) Metaspace: 13417K->13417K(1062912K)
[15.361s][info][gc           ] GC(644) Pause Young (Allocation Failure) 195M->25M(511M) 1.209ms
[15.361s][info][gc,cpu       ] GC(644) User=0.01s Sys=0.00s Real=0.00s
[15.394s][info][gc,start     ] GC(645) Pause Young (Allocation Failure)
[15.395s][info][gc,heap      ] GC(645) PSYoungGen: 173664K->64K(174080K)
[15.395s][info][gc,heap      ] GC(645) ParOldGen: 26158K->26197K(349696K)
[15.395s][info][gc,metaspace ] GC(645) Metaspace: 13417K->13417K(1062912K)
[15.395s][info][gc           ] GC(645) Pause Young (Allocation Failure) 195M->25M(511M) 0.511ms
[15.395s][info][gc,cpu       ] GC(645) User=0.00s Sys=0.00s Real=0.00s
[15.416s][info][gc,start     ] GC(646) Pause Young (Allocation Failure)
[15.416s][info][gc,heap      ] GC(646) PSYoungGen: 173632K->96K(174080K)
[15.416s][info][gc,heap      ] GC(646) ParOldGen: 26197K->26226K(349696K)
[15.416s][info][gc,metaspace ] GC(646) Metaspace: 13417K->13417K(1062912K)
[15.416s][info][gc           ] GC(646) Pause Young (Allocation Failure) 195M->25M(511M) 0.491ms
[15.416s][info][gc,cpu       ] GC(646) User=0.01s Sys=0.00s Real=0.00s
[15.436s][info][gc,start     ] GC(647) Pause Young (Allocation Failure)
[15.436s][info][gc,heap      ] GC(647) PSYoungGen: 173664K->64K(174080K)
[15.436s][info][gc,heap      ] GC(647) ParOldGen: 26226K->26265K(349696K)
[15.436s][info][gc,metaspace ] GC(647) Metaspace: 13417K->13417K(1062912K)
[15.436s][info][gc           ] GC(647) Pause Young (Allocation Failure) 195M->25M(511M) 0.424ms
[15.436s][info][gc,cpu       ] GC(647) User=0.00s Sys=0.00s Real=0.01s
[15.456s][info][gc,start     ] GC(648) Pause Young (Allocation Failure)
[15.457s][info][gc,heap      ] GC(648) PSYoungGen: 173632K->96K(174080K)
[15.457s][info][gc,heap      ] GC(648) ParOldGen: 26265K->26295K(349696K)
[15.457s][info][gc,metaspace ] GC(648) Metaspace: 13417K->13417K(1062912K)
[15.457s][info][gc           ] GC(648) Pause Young (Allocation Failure) 195M->25M(511M) 0.442ms
[15.457s][info][gc,cpu       ] GC(648) User=0.00s Sys=0.00s Real=0.00s
[15.474s][info][gc,start     ] GC(649) Pause Young (Allocation Failure)
[15.475s][info][gc,heap      ] GC(649) PSYoungGen: 173664K->64K(174080K)
[15.475s][info][gc,heap      ] GC(649) ParOldGen: 26295K->26334K(349696K)
[15.475s][info][gc,metaspace ] GC(649) Metaspace: 13417K->13417K(1062912K)
[15.475s][info][gc           ] GC(649) Pause Young (Allocation Failure) 195M->25M(511M) 0.429ms
[15.475s][info][gc,cpu       ] GC(649) User=0.00s Sys=0.00s Real=0.00s
[15.494s][info][gc,start     ] GC(650) Pause Young (Allocation Failure)
[15.495s][info][gc,heap      ] GC(650) PSYoungGen: 173632K->64K(174080K)
[15.495s][info][gc,heap      ] GC(650) ParOldGen: 26334K->26363K(349696K)
[15.495s][info][gc,metaspace ] GC(650) Metaspace: 13417K->13417K(1062912K)
[15.495s][info][gc           ] GC(650) Pause Young (Allocation Failure) 195M->25M(511M) 0.471ms
[15.495s][info][gc,cpu       ] GC(650) User=0.00s Sys=0.00s Real=0.00s
[15.513s][info][gc,start     ] GC(651) Pause Young (Allocation Failure)
[15.513s][info][gc,heap      ] GC(651) PSYoungGen: 173632K->64K(174080K)
[15.513s][info][gc,heap      ] GC(651) ParOldGen: 26363K->26402K(349696K)
[15.513s][info][gc,metaspace ] GC(651) Metaspace: 13417K->13417K(1062912K)
[15.513s][info][gc           ] GC(651) Pause Young (Allocation Failure) 195M->25M(511M) 0.437ms
[15.513s][info][gc,cpu       ] GC(651) User=0.00s Sys=0.00s Real=0.00s
[15.533s][info][gc,start     ] GC(652) Pause Young (Allocation Failure)
[15.533s][info][gc,heap      ] GC(652) PSYoungGen: 173632K->96K(174080K)
[15.533s][info][gc,heap      ] GC(652) ParOldGen: 26402K->26432K(349696K)
[15.533s][info][gc,metaspace ] GC(652) Metaspace: 13417K->13417K(1062912K)
[15.533s][info][gc           ] GC(652) Pause Young (Allocation Failure) 195M->25M(511M) 0.475ms
[15.533s][info][gc,cpu       ] GC(652) User=0.00s Sys=0.00s Real=0.00s
[15.552s][info][gc,start     ] GC(653) Pause Young (Allocation Failure)
[15.552s][info][gc,heap      ] GC(653) PSYoungGen: 173664K->96K(174080K)
[15.552s][info][gc,heap      ] GC(653) ParOldGen: 26432K->26471K(349696K)
[15.552s][info][gc,metaspace ] GC(653) Metaspace: 13417K->13417K(1062912K)
[15.552s][info][gc           ] GC(653) Pause Young (Allocation Failure) 195M->25M(511M) 0.426ms
[15.552s][info][gc,cpu       ] GC(653) User=0.00s Sys=0.00s Real=0.00s
[15.574s][info][gc,start     ] GC(654) Pause Young (Allocation Failure)
[15.575s][info][gc,heap      ] GC(654) PSYoungGen: 173664K->96K(174080K)
[15.575s][info][gc,heap      ] GC(654) ParOldGen: 26471K->26500K(349696K)
[15.575s][info][gc,metaspace ] GC(654) Metaspace: 13417K->13417K(1062912K)
[15.575s][info][gc           ] GC(654) Pause Young (Allocation Failure) 195M->25M(511M) 0.475ms
[15.575s][info][gc,cpu       ] GC(654) User=0.00s Sys=0.00s Real=0.00s
[15.595s][info][gc,start     ] GC(655) Pause Young (Allocation Failure)
[15.596s][info][gc,heap      ] GC(655) PSYoungGen: 173664K->64K(174080K)
[15.596s][info][gc,heap      ] GC(655) ParOldGen: 26500K->26539K(349696K)
[15.596s][info][gc,metaspace ] GC(655) Metaspace: 13417K->13417K(1062912K)
[15.596s][info][gc           ] GC(655) Pause Young (Allocation Failure) 195M->25M(511M) 0.530ms
[15.596s][info][gc,cpu       ] GC(655) User=0.00s Sys=0.00s Real=0.01s
[15.616s][info][gc,start     ] GC(656) Pause Young (Allocation Failure)
[15.617s][info][gc,heap      ] GC(656) PSYoungGen: 173632K->96K(174080K)
[15.617s][info][gc,heap      ] GC(656) ParOldGen: 26539K->26578K(349696K)
[15.617s][info][gc,metaspace ] GC(656) Metaspace: 13417K->13417K(1062912K)
[15.617s][info][gc           ] GC(656) Pause Young (Allocation Failure) 195M->26M(511M) 0.441ms
[15.617s][info][gc,cpu       ] GC(656) User=0.01s Sys=0.00s Real=0.00s
[15.638s][info][gc,start     ] GC(657) Pause Young (Allocation Failure)
[15.638s][info][gc,heap      ] GC(657) PSYoungGen: 173664K->128K(174080K)
[15.638s][info][gc,heap      ] GC(657) ParOldGen: 26578K->26608K(349696K)
[15.638s][info][gc,metaspace ] GC(657) Metaspace: 13417K->13417K(1062912K)
[15.638s][info][gc           ] GC(657) Pause Young (Allocation Failure) 195M->26M(511M) 0.463ms
[15.638s][info][gc,cpu       ] GC(657) User=0.00s Sys=0.00s Real=0.00s
[15.660s][info][gc,start     ] GC(658) Pause Young (Allocation Failure)
[15.660s][info][gc,heap      ] GC(658) PSYoungGen: 173696K->64K(174080K)
[15.660s][info][gc,heap      ] GC(658) ParOldGen: 26608K->26647K(349696K)
[15.660s][info][gc,metaspace ] GC(658) Metaspace: 13417K->13417K(1062912K)
[15.660s][info][gc           ] GC(658) Pause Young (Allocation Failure) 195M->26M(511M) 0.529ms
[15.660s][info][gc,cpu       ] GC(658) User=0.00s Sys=0.00s Real=0.00s
[15.683s][info][gc,start     ] GC(659) Pause Young (Allocation Failure)
[15.683s][info][gc,heap      ] GC(659) PSYoungGen: 173632K->96K(174080K)
[15.683s][info][gc,heap      ] GC(659) ParOldGen: 26647K->26676K(349696K)
[15.683s][info][gc,metaspace ] GC(659) Metaspace: 13417K->13417K(1062912K)
[15.683s][info][gc           ] GC(659) Pause Young (Allocation Failure) 195M->26M(511M) 0.432ms
[15.683s][info][gc,cpu       ] GC(659) User=0.00s Sys=0.00s Real=0.00s
[15.704s][info][gc,start     ] GC(660) Pause Young (Allocation Failure)
[15.705s][info][gc,heap      ] GC(660) PSYoungGen: 173664K->64K(174080K)
[15.705s][info][gc,heap      ] GC(660) ParOldGen: 26676K->26715K(349696K)
[15.705s][info][gc,metaspace ] GC(660) Metaspace: 13417K->13417K(1062912K)
[15.705s][info][gc           ] GC(660) Pause Young (Allocation Failure) 195M->26M(511M) 0.394ms
[15.705s][info][gc,cpu       ] GC(660) User=0.00s Sys=0.00s Real=0.00s
[15.725s][info][gc,start     ] GC(661) Pause Young (Allocation Failure)
[15.725s][info][gc,heap      ] GC(661) PSYoungGen: 173632K->64K(174080K)
[15.725s][info][gc,heap      ] GC(661) ParOldGen: 26715K->26745K(349696K)
[15.725s][info][gc,metaspace ] GC(661) Metaspace: 13417K->13417K(1062912K)
[15.725s][info][gc           ] GC(661) Pause Young (Allocation Failure) 195M->26M(511M) 0.461ms
[15.725s][info][gc,cpu       ] GC(661) User=0.00s Sys=0.00s Real=0.00s
[15.745s][info][gc,start     ] GC(662) Pause Young (Allocation Failure)
[15.745s][info][gc,heap      ] GC(662) PSYoungGen: 173632K->96K(174080K)
[15.745s][info][gc,heap      ] GC(662) ParOldGen: 26745K->26784K(349696K)
[15.745s][info][gc,metaspace ] GC(662) Metaspace: 13417K->13417K(1062912K)
[15.745s][info][gc           ] GC(662) Pause Young (Allocation Failure) 195M->26M(511M) 0.442ms
[15.745s][info][gc,cpu       ] GC(662) User=0.00s Sys=0.00s Real=0.00s
[15.766s][info][gc,start     ] GC(663) Pause Young (Allocation Failure)
[15.766s][info][gc,heap      ] GC(663) PSYoungGen: 173664K->96K(174080K)
[15.766s][info][gc,heap      ] GC(663) ParOldGen: 26784K->26813K(349696K)
[15.766s][info][gc,metaspace ] GC(663) Metaspace: 13417K->13417K(1062912K)
[15.766s][info][gc           ] GC(663) Pause Young (Allocation Failure) 195M->26M(511M) 0.434ms
[15.766s][info][gc,cpu       ] GC(663) User=0.01s Sys=0.00s Real=0.01s
[15.786s][info][gc,start     ] GC(664) Pause Young (Allocation Failure)
[15.787s][info][gc,heap      ] GC(664) PSYoungGen: 173664K->64K(174080K)
[15.787s][info][gc,heap      ] GC(664) ParOldGen: 26813K->26852K(349696K)
[15.787s][info][gc,metaspace ] GC(664) Metaspace: 13417K->13417K(1062912K)
[15.787s][info][gc           ] GC(664) Pause Young (Allocation Failure) 195M->26M(511M) 0.391ms
[15.787s][info][gc,cpu       ] GC(664) User=0.00s Sys=0.00s Real=0.00s
[15.808s][info][gc,start     ] GC(665) Pause Young (Allocation Failure)
[15.809s][info][gc,heap      ] GC(665) PSYoungGen: 173632K->64K(174080K)
[15.809s][info][gc,heap      ] GC(665) ParOldGen: 26852K->26882K(349696K)
[15.809s][info][gc,metaspace ] GC(665) Metaspace: 13417K->13417K(1062912K)
[15.809s][info][gc           ] GC(665) Pause Young (Allocation Failure) 195M->26M(511M) 0.472ms
[15.809s][info][gc,cpu       ] GC(665) User=0.00s Sys=0.00s Real=0.00s
[15.828s][info][gc,start     ] GC(666) Pause Young (Allocation Failure)
[15.829s][info][gc,heap      ] GC(666) PSYoungGen: 173632K->96K(174080K)
[15.829s][info][gc,heap      ] GC(666) ParOldGen: 26882K->26921K(349696K)
[15.829s][info][gc,metaspace ] GC(666) Metaspace: 13417K->13417K(1062912K)
[15.829s][info][gc           ] GC(666) Pause Young (Allocation Failure) 195M->26M(511M) 0.480ms
[15.829s][info][gc,cpu       ] GC(666) User=0.00s Sys=0.00s Real=0.00s
[15.851s][info][gc,start     ] GC(667) Pause Young (Allocation Failure)
[15.851s][info][gc,heap      ] GC(667) PSYoungGen: 173664K->96K(174080K)
[15.851s][info][gc,heap      ] GC(667) ParOldGen: 26921K->26950K(349696K)
[15.851s][info][gc,metaspace ] GC(667) Metaspace: 13417K->13417K(1062912K)
[15.851s][info][gc           ] GC(667) Pause Young (Allocation Failure) 195M->26M(511M) 0.479ms
[15.851s][info][gc,cpu       ] GC(667) User=0.00s Sys=0.00s Real=0.00s
[15.871s][info][gc,start     ] GC(668) Pause Young (Allocation Failure)
[15.872s][info][gc,heap      ] GC(668) PSYoungGen: 173664K->64K(174080K)
[15.872s][info][gc,heap      ] GC(668) ParOldGen: 26950K->26989K(349696K)
[15.872s][info][gc,metaspace ] GC(668) Metaspace: 13417K->13417K(1062912K)
[15.872s][info][gc           ] GC(668) Pause Young (Allocation Failure) 195M->26M(511M) 0.517ms
[15.872s][info][gc,cpu       ] GC(668) User=0.00s Sys=0.00s Real=0.00s
[15.894s][info][gc,start     ] GC(669) Pause Young (Allocation Failure)
[15.894s][info][gc,heap      ] GC(669) PSYoungGen: 173632K->64K(174080K)
[15.894s][info][gc,heap      ] GC(669) ParOldGen: 26989K->27018K(349696K)
[15.894s][info][gc,metaspace ] GC(669) Metaspace: 13417K->13417K(1062912K)
[15.894s][info][gc           ] GC(669) Pause Young (Allocation Failure) 195M->26M(511M) 0.410ms
[15.894s][info][gc,cpu       ] GC(669) User=0.00s Sys=0.00s Real=0.00s
[15.918s][info][gc,start     ] GC(670) Pause Young (Allocation Failure)
[15.919s][info][gc,heap      ] GC(670) PSYoungGen: 173632K->96K(174080K)
[15.919s][info][gc,heap      ] GC(670) ParOldGen: 27018K->27058K(349696K)
[15.919s][info][gc,metaspace ] GC(670) Metaspace: 13417K->13417K(1062912K)
[15.919s][info][gc           ] GC(670) Pause Young (Allocation Failure) 195M->26M(511M) 0.551ms
[15.919s][info][gc,cpu       ] GC(670) User=0.00s Sys=0.00s Real=0.00s
[15.940s][info][gc,start     ] GC(671) Pause Young (Allocation Failure)
[15.941s][info][gc,heap      ] GC(671) PSYoungGen: 173664K->64K(174080K)
[15.941s][info][gc,heap      ] GC(671) ParOldGen: 27058K->27097K(349696K)
[15.941s][info][gc,metaspace ] GC(671) Metaspace: 13417K->13417K(1062912K)
[15.941s][info][gc           ] GC(671) Pause Young (Allocation Failure) 196M->26M(511M) 0.635ms
[15.941s][info][gc,cpu       ] GC(671) User=0.00s Sys=0.00s Real=0.00s
[15.965s][info][gc,start     ] GC(672) Pause Young (Allocation Failure)
[15.966s][info][gc,heap      ] GC(672) PSYoungGen: 173632K->64K(174080K)
[15.966s][info][gc,heap      ] GC(672) ParOldGen: 27097K->27126K(349696K)
[15.966s][info][gc,metaspace ] GC(672) Metaspace: 13417K->13417K(1062912K)
[15.966s][info][gc           ] GC(672) Pause Young (Allocation Failure) 196M->26M(511M) 0.966ms
[15.966s][info][gc,cpu       ] GC(672) User=0.00s Sys=0.00s Real=0.01s
[15.989s][info][gc,start     ] GC(673) Pause Young (Allocation Failure)
[15.990s][info][gc,heap      ] GC(673) PSYoungGen: 173632K->64K(174080K)
[15.990s][info][gc,heap      ] GC(673) ParOldGen: 27126K->27165K(349696K)
[15.990s][info][gc,metaspace ] GC(673) Metaspace: 13417K->13417K(1062912K)
[15.990s][info][gc           ] GC(673) Pause Young (Allocation Failure) 196M->26M(511M) 0.533ms
[15.990s][info][gc,cpu       ] GC(673) User=0.00s Sys=0.00s Real=0.00s
[16.014s][info][gc,start     ] GC(674) Pause Young (Allocation Failure)
[16.014s][info][gc,heap      ] GC(674) PSYoungGen: 173632K->96K(174080K)
[16.014s][info][gc,heap      ] GC(674) ParOldGen: 27165K->27195K(349696K)
[16.014s][info][gc,metaspace ] GC(674) Metaspace: 13417K->13417K(1062912K)
[16.014s][info][gc           ] GC(674) Pause Young (Allocation Failure) 196M->26M(511M) 0.561ms
[16.014s][info][gc,cpu       ] GC(674) User=0.00s Sys=0.00s Real=0.00s
[16.037s][info][gc,start     ] GC(675) Pause Young (Allocation Failure)
[16.038s][info][gc,heap      ] GC(675) PSYoungGen: 173664K->64K(174080K)
[16.038s][info][gc,heap      ] GC(675) ParOldGen: 27195K->27234K(349696K)
[16.038s][info][gc,metaspace ] GC(675) Metaspace: 13417K->13417K(1062912K)
[16.038s][info][gc           ] GC(675) Pause Young (Allocation Failure) 196M->26M(511M) 0.612ms
[16.038s][info][gc,cpu       ] GC(675) User=0.00s Sys=0.00s Real=0.00s
[16.061s][info][gc,start     ] GC(676) Pause Young (Allocation Failure)
[16.061s][info][gc,heap      ] GC(676) PSYoungGen: 173632K->96K(174080K)
[16.061s][info][gc,heap      ] GC(676) ParOldGen: 27234K->27263K(349696K)
[16.061s][info][gc,metaspace ] GC(676) Metaspace: 13417K->13417K(1062912K)
[16.061s][info][gc           ] GC(676) Pause Young (Allocation Failure) 196M->26M(511M) 0.511ms
[16.061s][info][gc,cpu       ] GC(676) User=0.00s Sys=0.00s Real=0.00s
[16.081s][info][gc,start     ] GC(677) Pause Young (Allocation Failure)
[16.081s][info][gc,heap      ] GC(677) PSYoungGen: 173664K->64K(174080K)
[16.081s][info][gc,heap      ] GC(677) ParOldGen: 27263K->27302K(349696K)
[16.081s][info][gc,metaspace ] GC(677) Metaspace: 13417K->13417K(1062912K)
[16.081s][info][gc           ] GC(677) Pause Young (Allocation Failure) 196M->26M(511M) 0.419ms
[16.081s][info][gc,cpu       ] GC(677) User=0.00s Sys=0.00s Real=0.00s
[16.102s][info][gc,start     ] GC(678) Pause Young (Allocation Failure)
[16.103s][info][gc,heap      ] GC(678) PSYoungGen: 173632K->96K(174080K)
[16.103s][info][gc,heap      ] GC(678) ParOldGen: 27302K->27331K(349696K)
[16.103s][info][gc,metaspace ] GC(678) Metaspace: 13417K->13417K(1062912K)
[16.103s][info][gc           ] GC(678) Pause Young (Allocation Failure) 196M->26M(511M) 0.501ms
[16.103s][info][gc,cpu       ] GC(678) User=0.00s Sys=0.00s Real=0.00s
[16.122s][info][gc,start     ] GC(679) Pause Young (Allocation Failure)
[16.122s][info][gc,heap      ] GC(679) PSYoungGen: 173664K->64K(174080K)
[16.122s][info][gc,heap      ] GC(679) ParOldGen: 27331K->27371K(349696K)
[16.122s][info][gc,metaspace ] GC(679) Metaspace: 13417K->13417K(1062912K)
[16.122s][info][gc           ] GC(679) Pause Young (Allocation Failure) 196M->26M(511M) 0.495ms
[16.122s][info][gc,cpu       ] GC(679) User=0.00s Sys=0.00s Real=0.00s
[16.143s][info][gc,start     ] GC(680) Pause Young (Allocation Failure)
[16.143s][info][gc,heap      ] GC(680) PSYoungGen: 173632K->64K(174080K)
[16.143s][info][gc,heap      ] GC(680) ParOldGen: 27371K->27400K(349696K)
[16.143s][info][gc,metaspace ] GC(680) Metaspace: 13417K->13417K(1062912K)
[16.143s][info][gc           ] GC(680) Pause Young (Allocation Failure) 196M->26M(511M) 0.473ms
[16.143s][info][gc,cpu       ] GC(680) User=0.00s Sys=0.00s Real=0.00s
[16.162s][info][gc,start     ] GC(681) Pause Young (Allocation Failure)
[16.162s][info][gc,heap      ] GC(681) PSYoungGen: 173632K->64K(174080K)
[16.162s][info][gc,heap      ] GC(681) ParOldGen: 27400K->27439K(349696K)
[16.162s][info][gc,metaspace ] GC(681) Metaspace: 13417K->13417K(1062912K)
[16.162s][info][gc           ] GC(681) Pause Young (Allocation Failure) 196M->26M(511M) 0.478ms
[16.162s][info][gc,cpu       ] GC(681) User=0.00s Sys=0.00s Real=0.00s
[16.183s][info][gc,start     ] GC(682) Pause Young (Allocation Failure)
[16.184s][info][gc,heap      ] GC(682) PSYoungGen: 173632K->128K(174080K)
[16.184s][info][gc,heap      ] GC(682) ParOldGen: 27439K->27468K(349696K)
[16.184s][info][gc,metaspace ] GC(682) Metaspace: 13417K->13417K(1062912K)
[16.184s][info][gc           ] GC(682) Pause Young (Allocation Failure) 196M->26M(511M) 0.474ms
[16.184s][info][gc,cpu       ] GC(682) User=0.00s Sys=0.00s Real=0.00s
[16.205s][info][gc,start     ] GC(683) Pause Young (Allocation Failure)
[16.205s][info][gc,heap      ] GC(683) PSYoungGen: 173696K->64K(174080K)
[16.205s][info][gc,heap      ] GC(683) ParOldGen: 27468K->27508K(349696K)
[16.205s][info][gc,metaspace ] GC(683) Metaspace: 13417K->13417K(1062912K)
[16.205s][info][gc           ] GC(683) Pause Young (Allocation Failure) 196M->26M(511M) 0.424ms
[16.205s][info][gc,cpu       ] GC(683) User=0.00s Sys=0.00s Real=0.00s
[16.225s][info][gc,start     ] GC(684) Pause Young (Allocation Failure)
[16.226s][info][gc,heap      ] GC(684) PSYoungGen: 173632K->64K(174080K)
[16.226s][info][gc,heap      ] GC(684) ParOldGen: 27508K->27547K(349696K)
[16.226s][info][gc,metaspace ] GC(684) Metaspace: 13417K->13417K(1062912K)
[16.226s][info][gc           ] GC(684) Pause Young (Allocation Failure) 196M->26M(511M) 0.455ms
[16.226s][info][gc,cpu       ] GC(684) User=0.00s Sys=0.00s Real=0.01s
[16.246s][info][gc,start     ] GC(685) Pause Young (Allocation Failure)
[16.247s][info][gc,heap      ] GC(685) PSYoungGen: 173632K->96K(174080K)
[16.247s][info][gc,heap      ] GC(685) ParOldGen: 27547K->27576K(349696K)
[16.247s][info][gc,metaspace ] GC(685) Metaspace: 13417K->13417K(1062912K)
[16.247s][info][gc           ] GC(685) Pause Young (Allocation Failure) 196M->27M(511M) 0.453ms
[16.247s][info][gc,cpu       ] GC(685) User=0.00s Sys=0.00s Real=0.00s
[16.267s][info][gc,start     ] GC(686) Pause Young (Allocation Failure)
[16.268s][info][gc,heap      ] GC(686) PSYoungGen: 173664K->96K(174080K)
[16.268s][info][gc,heap      ] GC(686) ParOldGen: 27576K->27615K(349696K)
[16.268s][info][gc,metaspace ] GC(686) Metaspace: 13417K->13417K(1062912K)
[16.268s][info][gc           ] GC(686) Pause Young (Allocation Failure) 196M->27M(511M) 0.500ms
[16.268s][info][gc,cpu       ] GC(686) User=0.00s Sys=0.00s Real=0.00s
[16.289s][info][gc,start     ] GC(687) Pause Young (Allocation Failure)
[16.289s][info][gc,heap      ] GC(687) PSYoungGen: 173664K->64K(174080K)
[16.289s][info][gc,heap      ] GC(687) ParOldGen: 27615K->27644K(349696K)
[16.289s][info][gc,metaspace ] GC(687) Metaspace: 13417K->13417K(1062912K)
[16.289s][info][gc           ] GC(687) Pause Young (Allocation Failure) 196M->27M(511M) 0.502ms
[16.289s][info][gc,cpu       ] GC(687) User=0.00s Sys=0.00s Real=0.00s
[16.309s][info][gc,start     ] GC(688) Pause Young (Allocation Failure)
[16.309s][info][gc,heap      ] GC(688) PSYoungGen: 173632K->96K(174080K)
[16.309s][info][gc,heap      ] GC(688) ParOldGen: 27644K->27684K(349696K)
[16.309s][info][gc,metaspace ] GC(688) Metaspace: 13417K->13417K(1062912K)
[16.309s][info][gc           ] GC(688) Pause Young (Allocation Failure) 196M->27M(511M) 0.437ms
[16.309s][info][gc,cpu       ] GC(688) User=0.01s Sys=0.00s Real=0.00s
[16.332s][info][gc,start     ] GC(689) Pause Young (Allocation Failure)
[16.333s][info][gc,heap      ] GC(689) PSYoungGen: 173664K->160K(174080K)
[16.333s][info][gc,heap      ] GC(689) ParOldGen: 27684K->27713K(349696K)
[16.333s][info][gc,metaspace ] GC(689) Metaspace: 13424K->13424K(1062912K)
[16.333s][info][gc           ] GC(689) Pause Young (Allocation Failure) 196M->27M(511M) 0.456ms
[16.333s][info][gc,cpu       ] GC(689) User=0.00s Sys=0.00s Real=0.00s
[16.374s][info][gc,start     ] GC(690) Pause Young (Allocation Failure)
[16.375s][info][gc,heap      ] GC(690) PSYoungGen: 173728K->64K(174080K)
[16.375s][info][gc,heap      ] GC(690) ParOldGen: 27713K->27808K(349696K)
[16.375s][info][gc,metaspace ] GC(690) Metaspace: 13424K->13424K(1062912K)
[16.375s][info][gc           ] GC(690) Pause Young (Allocation Failure) 196M->27M(511M) 0.915ms
[16.375s][info][gc,cpu       ] GC(690) User=0.00s Sys=0.00s Real=0.00s
[16.402s][info][gc,start     ] GC(691) Pause Young (Allocation Failure)
[16.403s][info][gc,heap      ] GC(691) PSYoungGen: 173632K->96K(174080K)
[16.403s][info][gc,heap      ] GC(691) ParOldGen: 27808K->27837K(349696K)
[16.403s][info][gc,metaspace ] GC(691) Metaspace: 13424K->13424K(1062912K)
[16.403s][info][gc           ] GC(691) Pause Young (Allocation Failure) 196M->27M(511M) 0.506ms
[16.403s][info][gc,cpu       ] GC(691) User=0.00s Sys=0.00s Real=0.00s
[16.424s][info][gc,start     ] GC(692) Pause Young (Allocation Failure)
[16.424s][info][gc,heap      ] GC(692) PSYoungGen: 173664K->96K(174080K)
[16.424s][info][gc,heap      ] GC(692) ParOldGen: 27837K->27877K(349696K)
[16.424s][info][gc,metaspace ] GC(692) Metaspace: 13424K->13424K(1062912K)
[16.424s][info][gc           ] GC(692) Pause Young (Allocation Failure) 196M->27M(511M) 0.443ms
[16.424s][info][gc,cpu       ] GC(692) User=0.00s Sys=0.00s Real=0.00s
[16.446s][info][gc,start     ] GC(693) Pause Young (Allocation Failure)
[16.447s][info][gc,heap      ] GC(693) PSYoungGen: 173664K->64K(174080K)
[16.447s][info][gc,heap      ] GC(693) ParOldGen: 27877K->27906K(349696K)
[16.447s][info][gc,metaspace ] GC(693) Metaspace: 13424K->13424K(1062912K)
[16.447s][info][gc           ] GC(693) Pause Young (Allocation Failure) 196M->27M(511M) 0.494ms
[16.447s][info][gc,cpu       ] GC(693) User=0.00s Sys=0.00s Real=0.00s
[16.468s][info][gc,start     ] GC(694) Pause Young (Allocation Failure)
[16.468s][info][gc,heap      ] GC(694) PSYoungGen: 173632K->96K(174080K)
[16.468s][info][gc,heap      ] GC(694) ParOldGen: 27906K->27945K(349696K)
[16.468s][info][gc,metaspace ] GC(694) Metaspace: 13424K->13424K(1062912K)
[16.468s][info][gc           ] GC(694) Pause Young (Allocation Failure) 196M->27M(511M) 0.416ms
[16.468s][info][gc,cpu       ] GC(694) User=0.00s Sys=0.00s Real=0.00s
[16.490s][info][gc,start     ] GC(695) Pause Young (Allocation Failure)
[16.490s][info][gc,heap      ] GC(695) PSYoungGen: 173664K->96K(174080K)
[16.490s][info][gc,heap      ] GC(695) ParOldGen: 27945K->27974K(349696K)
[16.490s][info][gc,metaspace ] GC(695) Metaspace: 13424K->13424K(1062912K)
[16.490s][info][gc           ] GC(695) Pause Young (Allocation Failure) 196M->27M(511M) 0.456ms
[16.490s][info][gc,cpu       ] GC(695) User=0.00s Sys=0.00s Real=0.00s
[16.514s][info][gc,start     ] GC(696) Pause Young (Allocation Failure)
[16.515s][info][gc,heap      ] GC(696) PSYoungGen: 173664K->96K(174080K)
[16.515s][info][gc,heap      ] GC(696) ParOldGen: 27974K->28013K(349696K)
[16.515s][info][gc,metaspace ] GC(696) Metaspace: 13424K->13424K(1062912K)
[16.515s][info][gc           ] GC(696) Pause Young (Allocation Failure) 196M->27M(511M) 0.616ms
[16.515s][info][gc,cpu       ] GC(696) User=0.00s Sys=0.00s Real=0.00s
[16.536s][info][gc,start     ] GC(697) Pause Young (Allocation Failure)
[16.537s][info][gc,heap      ] GC(697) PSYoungGen: 173664K->64K(174080K)
[16.537s][info][gc,heap      ] GC(697) ParOldGen: 28013K->28053K(349696K)
[16.537s][info][gc,metaspace ] GC(697) Metaspace: 13424K->13424K(1062912K)
[16.537s][info][gc           ] GC(697) Pause Young (Allocation Failure) 196M->27M(511M) 0.546ms
[16.537s][info][gc,cpu       ] GC(697) User=0.01s Sys=0.00s Real=0.00s
[16.558s][info][gc,start     ] GC(698) Pause Young (Allocation Failure)
[16.558s][info][gc,heap      ] GC(698) PSYoungGen: 173632K->96K(174080K)
[16.558s][info][gc,heap      ] GC(698) ParOldGen: 28053K->28082K(349696K)
[16.558s][info][gc,metaspace ] GC(698) Metaspace: 13424K->13424K(1062912K)
[16.558s][info][gc           ] GC(698) Pause Young (Allocation Failure) 196M->27M(511M) 0.445ms
[16.558s][info][gc,cpu       ] GC(698) User=0.00s Sys=0.00s Real=0.00s
[16.578s][info][gc,start     ] GC(699) Pause Young (Allocation Failure)
[16.578s][info][gc,heap      ] GC(699) PSYoungGen: 173664K->96K(174080K)
[16.578s][info][gc,heap      ] GC(699) ParOldGen: 28082K->28121K(349696K)
[16.578s][info][gc,metaspace ] GC(699) Metaspace: 13424K->13424K(1062912K)
[16.578s][info][gc           ] GC(699) Pause Young (Allocation Failure) 197M->27M(511M) 0.445ms
[16.578s][info][gc,cpu       ] GC(699) User=0.00s Sys=0.00s Real=0.00s
[16.598s][info][gc,start     ] GC(700) Pause Young (Allocation Failure)
[16.598s][info][gc,heap      ] GC(700) PSYoungGen: 173664K->64K(174080K)
[16.598s][info][gc,heap      ] GC(700) ParOldGen: 28121K->28150K(349696K)
[16.598s][info][gc,metaspace ] GC(700) Metaspace: 13424K->13424K(1062912K)
[16.598s][info][gc           ] GC(700) Pause Young (Allocation Failure) 197M->27M(511M) 0.426ms
[16.598s][info][gc,cpu       ] GC(700) User=0.00s Sys=0.00s Real=0.00s
[16.618s][info][gc,start     ] GC(701) Pause Young (Allocation Failure)
[16.618s][info][gc,heap      ] GC(701) PSYoungGen: 173632K->96K(174080K)
[16.618s][info][gc,heap      ] GC(701) ParOldGen: 28150K->28190K(349696K)
[16.618s][info][gc,metaspace ] GC(701) Metaspace: 13424K->13424K(1062912K)
[16.618s][info][gc           ] GC(701) Pause Young (Allocation Failure) 197M->27M(511M) 0.481ms
[16.618s][info][gc,cpu       ] GC(701) User=0.00s Sys=0.00s Real=0.00s
[16.641s][info][gc,start     ] GC(702) Pause Young (Allocation Failure)
[16.641s][info][gc,heap      ] GC(702) PSYoungGen: 173664K->96K(174080K)
[16.641s][info][gc,heap      ] GC(702) ParOldGen: 28190K->28219K(349696K)
[16.641s][info][gc,metaspace ] GC(702) Metaspace: 13424K->13424K(1062912K)
[16.641s][info][gc           ] GC(702) Pause Young (Allocation Failure) 197M->27M(511M) 0.771ms
[16.641s][info][gc,cpu       ] GC(702) User=0.00s Sys=0.00s Real=0.00s
[16.665s][info][gc,start     ] GC(703) Pause Young (Allocation Failure)
[16.665s][info][gc,heap      ] GC(703) PSYoungGen: 173664K->64K(174080K)
[16.665s][info][gc,heap      ] GC(703) ParOldGen: 28219K->28258K(349696K)
[16.665s][info][gc,metaspace ] GC(703) Metaspace: 13424K->13424K(1062912K)
[16.665s][info][gc           ] GC(703) Pause Young (Allocation Failure) 197M->27M(511M) 0.458ms
[16.665s][info][gc,cpu       ] GC(703) User=0.00s Sys=0.00s Real=0.00s
[16.690s][info][gc,start     ] GC(704) Pause Young (Allocation Failure)
[16.690s][info][gc,heap      ] GC(704) PSYoungGen: 173632K->96K(174080K)
[16.690s][info][gc,heap      ] GC(704) ParOldGen: 28258K->28287K(349696K)
[16.690s][info][gc,metaspace ] GC(704) Metaspace: 13424K->13424K(1062912K)
[16.690s][info][gc           ] GC(704) Pause Young (Allocation Failure) 197M->27M(511M) 0.619ms
[16.690s][info][gc,cpu       ] GC(704) User=0.00s Sys=0.00s Real=0.00s
[16.713s][info][gc,start     ] GC(705) Pause Young (Allocation Failure)
[16.714s][info][gc,heap      ] GC(705) PSYoungGen: 173664K->64K(174080K)
[16.714s][info][gc,heap      ] GC(705) ParOldGen: 28287K->28326K(349696K)
[16.714s][info][gc,metaspace ] GC(705) Metaspace: 13424K->13424K(1062912K)
[16.714s][info][gc           ] GC(705) Pause Young (Allocation Failure) 197M->27M(511M) 0.524ms
[16.714s][info][gc,cpu       ] GC(705) User=0.00s Sys=0.00s Real=0.00s
[16.738s][info][gc,start     ] GC(706) Pause Young (Allocation Failure)
[16.738s][info][gc,heap      ] GC(706) PSYoungGen: 173632K->96K(174080K)
[16.738s][info][gc,heap      ] GC(706) ParOldGen: 28326K->28356K(349696K)
[16.738s][info][gc,metaspace ] GC(706) Metaspace: 13424K->13424K(1062912K)
[16.738s][info][gc           ] GC(706) Pause Young (Allocation Failure) 197M->27M(511M) 0.542ms
[16.738s][info][gc,cpu       ] GC(706) User=0.00s Sys=0.00s Real=0.00s
[16.762s][info][gc,start     ] GC(707) Pause Young (Allocation Failure)
[16.762s][info][gc,heap      ] GC(707) PSYoungGen: 173664K->64K(174080K)
[16.762s][info][gc,heap      ] GC(707) ParOldGen: 28356K->28395K(349696K)
[16.762s][info][gc,metaspace ] GC(707) Metaspace: 13424K->13424K(1062912K)
[16.762s][info][gc           ] GC(707) Pause Young (Allocation Failure) 197M->27M(511M) 0.545ms
[16.762s][info][gc,cpu       ] GC(707) User=0.00s Sys=0.00s Real=0.00s
[16.786s][info][gc,start     ] GC(708) Pause Young (Allocation Failure)
[16.786s][info][gc,heap      ] GC(708) PSYoungGen: 173632K->96K(174080K)
[16.786s][info][gc,heap      ] GC(708) ParOldGen: 28395K->28424K(349696K)
[16.786s][info][gc,metaspace ] GC(708) Metaspace: 13424K->13424K(1062912K)
[16.786s][info][gc           ] GC(708) Pause Young (Allocation Failure) 197M->27M(511M) 0.484ms
[16.786s][info][gc,cpu       ] GC(708) User=0.00s Sys=0.00s Real=0.01s
[16.808s][info][gc,start     ] GC(709) Pause Young (Allocation Failure)
[16.808s][info][gc,heap      ] GC(709) PSYoungGen: 173664K->96K(174080K)
[16.808s][info][gc,heap      ] GC(709) ParOldGen: 28424K->28463K(349696K)
[16.808s][info][gc,metaspace ] GC(709) Metaspace: 13424K->13424K(1062912K)
[16.808s][info][gc           ] GC(709) Pause Young (Allocation Failure) 197M->27M(511M) 0.492ms
[16.808s][info][gc,cpu       ] GC(709) User=0.00s Sys=0.00s Real=0.00s
[16.828s][info][gc,start     ] GC(710) Pause Young (Allocation Failure)
[16.828s][info][gc,heap      ] GC(710) PSYoungGen: 173664K->96K(174080K)
[16.828s][info][gc,heap      ] GC(710) ParOldGen: 28463K->28503K(349696K)
[16.828s][info][gc,metaspace ] GC(710) Metaspace: 13424K->13424K(1062912K)
[16.828s][info][gc           ] GC(710) Pause Young (Allocation Failure) 197M->27M(511M) 0.495ms
[16.828s][info][gc,cpu       ] GC(710) User=0.00s Sys=0.00s Real=0.00s
[16.852s][info][gc,start     ] GC(711) Pause Young (Allocation Failure)
[16.852s][info][gc,heap      ] GC(711) PSYoungGen: 173664K->128K(174080K)
[16.852s][info][gc,heap      ] GC(711) ParOldGen: 28503K->28532K(349696K)
[16.852s][info][gc,metaspace ] GC(711) Metaspace: 13424K->13424K(1062912K)
[16.852s][info][gc           ] GC(711) Pause Young (Allocation Failure) 197M->27M(511M) 0.458ms
[16.852s][info][gc,cpu       ] GC(711) User=0.00s Sys=0.01s Real=0.00s
[16.872s][info][gc,start     ] GC(712) Pause Young (Allocation Failure)
[16.872s][info][gc,heap      ] GC(712) PSYoungGen: 173696K->64K(174080K)
[16.872s][info][gc,heap      ] GC(712) ParOldGen: 28532K->28571K(349696K)
[16.872s][info][gc,metaspace ] GC(712) Metaspace: 13424K->13424K(1062912K)
[16.872s][info][gc           ] GC(712) Pause Young (Allocation Failure) 197M->27M(511M) 0.418ms
[16.872s][info][gc,cpu       ] GC(712) User=0.00s Sys=0.00s Real=0.00s
[16.895s][info][gc,start     ] GC(713) Pause Young (Allocation Failure)
[16.895s][info][gc,heap      ] GC(713) PSYoungGen: 173632K->64K(174080K)
[16.895s][info][gc,heap      ] GC(713) ParOldGen: 28571K->28600K(349696K)
[16.895s][info][gc,metaspace ] GC(713) Metaspace: 13424K->13424K(1062912K)
[16.895s][info][gc           ] GC(713) Pause Young (Allocation Failure) 197M->27M(511M) 0.595ms
[16.895s][info][gc,cpu       ] GC(713) User=0.00s Sys=0.00s Real=0.00s
[16.915s][info][gc,start     ] GC(714) Pause Young (Allocation Failure)
[16.915s][info][gc,heap      ] GC(714) PSYoungGen: 173632K->64K(174080K)
[16.915s][info][gc,heap      ] GC(714) ParOldGen: 28600K->28639K(349696K)
[16.915s][info][gc,metaspace ] GC(714) Metaspace: 13424K->13424K(1062912K)
[16.915s][info][gc           ] GC(714) Pause Young (Allocation Failure) 197M->28M(511M) 0.453ms
[16.915s][info][gc,cpu       ] GC(714) User=0.00s Sys=0.00s Real=0.00s
[16.937s][info][gc,start     ] GC(715) Pause Young (Allocation Failure)
[16.938s][info][gc,heap      ] GC(715) PSYoungGen: 173632K->96K(174080K)
[16.938s][info][gc,heap      ] GC(715) ParOldGen: 28639K->28669K(349696K)
[16.938s][info][gc,metaspace ] GC(715) Metaspace: 13424K->13424K(1062912K)
[16.938s][info][gc           ] GC(715) Pause Young (Allocation Failure) 197M->28M(511M) 0.555ms
[16.938s][info][gc,cpu       ] GC(715) User=0.00s Sys=0.00s Real=0.00s
[16.961s][info][gc,start     ] GC(716) Pause Young (Allocation Failure)
[16.962s][info][gc,heap      ] GC(716) PSYoungGen: 173664K->64K(174080K)
[16.962s][info][gc,heap      ] GC(716) ParOldGen: 28669K->28708K(349696K)
[16.962s][info][gc,metaspace ] GC(716) Metaspace: 13424K->13424K(1062912K)
[16.962s][info][gc           ] GC(716) Pause Young (Allocation Failure) 197M->28M(511M) 0.524ms
[16.962s][info][gc,cpu       ] GC(716) User=0.00s Sys=0.00s Real=0.00s
[16.988s][info][gc,start     ] GC(717) Pause Young (Allocation Failure)
[16.989s][info][gc,heap      ] GC(717) PSYoungGen: 173632K->96K(174080K)
[16.989s][info][gc,heap      ] GC(717) ParOldGen: 28708K->28737K(349696K)
[16.989s][info][gc,metaspace ] GC(717) Metaspace: 13424K->13424K(1062912K)
[16.989s][info][gc           ] GC(717) Pause Young (Allocation Failure) 197M->28M(511M) 0.472ms
[16.989s][info][gc,cpu       ] GC(717) User=0.00s Sys=0.00s Real=0.00s
[17.010s][info][gc,start     ] GC(718) Pause Young (Allocation Failure)
[17.011s][info][gc,heap      ] GC(718) PSYoungGen: 173664K->96K(174080K)
[17.011s][info][gc,heap      ] GC(718) ParOldGen: 28737K->28776K(349696K)
[17.011s][info][gc,metaspace ] GC(718) Metaspace: 13424K->13424K(1062912K)
[17.011s][info][gc           ] GC(718) Pause Young (Allocation Failure) 197M->28M(511M) 0.497ms
[17.011s][info][gc,cpu       ] GC(718) User=0.00s Sys=0.00s Real=0.00s
[17.037s][info][gc,start     ] GC(719) Pause Young (Allocation Failure)
[17.037s][info][gc,heap      ] GC(719) PSYoungGen: 173664K->96K(174080K)
[17.037s][info][gc,heap      ] GC(719) ParOldGen: 28776K->28806K(349696K)
[17.037s][info][gc,metaspace ] GC(719) Metaspace: 13424K->13424K(1062912K)
[17.037s][info][gc           ] GC(719) Pause Young (Allocation Failure) 197M->28M(511M) 0.461ms
[17.037s][info][gc,cpu       ] GC(719) User=0.00s Sys=0.00s Real=0.00s
[17.059s][info][gc,start     ] GC(720) Pause Young (Allocation Failure)
[17.060s][info][gc,heap      ] GC(720) PSYoungGen: 173664K->64K(174080K)
[17.060s][info][gc,heap      ] GC(720) ParOldGen: 28806K->28845K(349696K)
[17.060s][info][gc,metaspace ] GC(720) Metaspace: 13424K->13424K(1062912K)
[17.060s][info][gc           ] GC(720) Pause Young (Allocation Failure) 197M->28M(511M) 0.492ms
[17.060s][info][gc,cpu       ] GC(720) User=0.00s Sys=0.00s Real=0.00s
[17.082s][info][gc,start     ] GC(721) Pause Young (Allocation Failure)
[17.082s][info][gc,heap      ] GC(721) PSYoungGen: 173632K->64K(174080K)
[17.082s][info][gc,heap      ] GC(721) ParOldGen: 28845K->28874K(349696K)
[17.082s][info][gc,metaspace ] GC(721) Metaspace: 13424K->13424K(1062912K)
[17.082s][info][gc           ] GC(721) Pause Young (Allocation Failure) 197M->28M(511M) 0.398ms
[17.082s][info][gc,cpu       ] GC(721) User=0.00s Sys=0.00s Real=0.00s
[17.105s][info][gc,start     ] GC(722) Pause Young (Allocation Failure)
[17.105s][info][gc,heap      ] GC(722) PSYoungGen: 173632K->96K(174080K)
[17.105s][info][gc,heap      ] GC(722) ParOldGen: 28874K->28913K(349696K)
[17.105s][info][gc,metaspace ] GC(722) Metaspace: 13424K->13424K(1062912K)
[17.105s][info][gc           ] GC(722) Pause Young (Allocation Failure) 197M->28M(511M) 0.665ms
[17.105s][info][gc,cpu       ] GC(722) User=0.00s Sys=0.00s Real=0.00s
[17.131s][info][gc,start     ] GC(723) Pause Young (Allocation Failure)
[17.132s][info][gc,heap      ] GC(723) PSYoungGen: 173664K->96K(174080K)
[17.132s][info][gc,heap      ] GC(723) ParOldGen: 28913K->28952K(349696K)
[17.132s][info][gc,metaspace ] GC(723) Metaspace: 13424K->13424K(1062912K)
[17.132s][info][gc           ] GC(723) Pause Young (Allocation Failure) 197M->28M(511M) 0.469ms
[17.132s][info][gc,cpu       ] GC(723) User=0.00s Sys=0.00s Real=0.00s
[17.156s][info][gc,start     ] GC(724) Pause Young (Allocation Failure)
[17.157s][info][gc,heap      ] GC(724) PSYoungGen: 173664K->96K(174080K)
[17.157s][info][gc,heap      ] GC(724) ParOldGen: 28952K->28982K(349696K)
[17.157s][info][gc,metaspace ] GC(724) Metaspace: 13424K->13424K(1062912K)
[17.157s][info][gc           ] GC(724) Pause Young (Allocation Failure) 197M->28M(511M) 0.549ms
[17.157s][info][gc,cpu       ] GC(724) User=0.00s Sys=0.00s Real=0.00s
[17.176s][info][gc,start     ] GC(725) Pause Young (Allocation Failure)
[17.176s][info][gc,heap      ] GC(725) PSYoungGen: 173664K->64K(174080K)
[17.176s][info][gc,heap      ] GC(725) ParOldGen: 28982K->29021K(349696K)
[17.176s][info][gc,metaspace ] GC(725) Metaspace: 13424K->13424K(1062912K)
[17.176s][info][gc           ] GC(725) Pause Young (Allocation Failure) 197M->28M(511M) 0.433ms
[17.176s][info][gc,cpu       ] GC(725) User=0.00s Sys=0.00s Real=0.01s
[17.196s][info][gc,start     ] GC(726) Pause Young (Allocation Failure)
[17.197s][info][gc,heap      ] GC(726) PSYoungGen: 173632K->96K(174080K)
[17.197s][info][gc,heap      ] GC(726) ParOldGen: 29021K->29050K(349696K)
[17.197s][info][gc,metaspace ] GC(726) Metaspace: 13424K->13424K(1062912K)
[17.197s][info][gc           ] GC(726) Pause Young (Allocation Failure) 197M->28M(511M) 0.491ms
[17.197s][info][gc,cpu       ] GC(726) User=0.00s Sys=0.00s Real=0.00s
[17.217s][info][gc,start     ] GC(727) Pause Young (Allocation Failure)
[17.218s][info][gc,heap      ] GC(727) PSYoungGen: 173664K->64K(174080K)
[17.218s][info][gc,heap      ] GC(727) ParOldGen: 29050K->29089K(349696K)
[17.218s][info][gc,metaspace ] GC(727) Metaspace: 13424K->13424K(1062912K)
[17.218s][info][gc           ] GC(727) Pause Young (Allocation Failure) 197M->28M(511M) 0.786ms
[17.218s][info][gc,cpu       ] GC(727) User=0.00s Sys=0.01s Real=0.00s
[17.240s][info][gc,start     ] GC(728) Pause Young (Allocation Failure)
[17.240s][info][gc,heap      ] GC(728) PSYoungGen: 173632K->96K(174080K)
[17.240s][info][gc,heap      ] GC(728) ParOldGen: 29089K->29119K(349696K)
[17.240s][info][gc,metaspace ] GC(728) Metaspace: 13424K->13424K(1062912K)
[17.240s][info][gc           ] GC(728) Pause Young (Allocation Failure) 197M->28M(511M) 0.475ms
[17.240s][info][gc,cpu       ] GC(728) User=0.00s Sys=0.00s Real=0.00s
[17.259s][info][gc,start     ] GC(729) Pause Young (Allocation Failure)
[17.259s][info][gc,heap      ] GC(729) PSYoungGen: 173664K->96K(174080K)
[17.259s][info][gc,heap      ] GC(729) ParOldGen: 29119K->29158K(349696K)
[17.259s][info][gc,metaspace ] GC(729) Metaspace: 13424K->13424K(1062912K)
[17.259s][info][gc           ] GC(729) Pause Young (Allocation Failure) 198M->28M(511M) 0.439ms
[17.259s][info][gc,cpu       ] GC(729) User=0.01s Sys=0.00s Real=0.00s
[17.281s][info][gc,start     ] GC(730) Pause Young (Allocation Failure)
[17.281s][info][gc,heap      ] GC(730) PSYoungGen: 173664K->64K(174080K)
[17.281s][info][gc,heap      ] GC(730) ParOldGen: 29158K->29187K(349696K)
[17.281s][info][gc,metaspace ] GC(730) Metaspace: 13424K->13424K(1062912K)
[17.281s][info][gc           ] GC(730) Pause Young (Allocation Failure) 198M->28M(511M) 0.567ms
[17.281s][info][gc,cpu       ] GC(730) User=0.00s Sys=0.00s Real=0.00s
[17.303s][info][gc,start     ] GC(731) Pause Young (Allocation Failure)
[17.304s][info][gc,heap      ] GC(731) PSYoungGen: 173632K->64K(174080K)
[17.304s][info][gc,heap      ] GC(731) ParOldGen: 29187K->29226K(349696K)
[17.304s][info][gc,metaspace ] GC(731) Metaspace: 13424K->13424K(1062912K)
[17.304s][info][gc           ] GC(731) Pause Young (Allocation Failure) 198M->28M(511M) 0.557ms
[17.304s][info][gc,cpu       ] GC(731) User=0.00s Sys=0.00s Real=0.00s
[17.331s][info][gc,start     ] GC(732) Pause Young (Allocation Failure)
[17.332s][info][gc,heap      ] GC(732) PSYoungGen: 173632K->192K(174080K)
[17.332s][info][gc,heap      ] GC(732) ParOldGen: 29226K->29256K(349696K)
[17.332s][info][gc,metaspace ] GC(732) Metaspace: 13438K->13438K(1062912K)
[17.332s][info][gc           ] GC(732) Pause Young (Allocation Failure) 198M->28M(511M) 0.604ms
[17.332s][info][gc,cpu       ] GC(732) User=0.01s Sys=0.00s Real=0.00s
[17.369s][info][gc,start     ] GC(733) Pause Young (Allocation Failure)
[17.370s][info][gc,heap      ] GC(733) PSYoungGen: 173760K->64K(174080K)
[17.370s][info][gc,heap      ] GC(733) ParOldGen: 29256K->29359K(349696K)
[17.370s][info][gc,metaspace ] GC(733) Metaspace: 13438K->13438K(1062912K)
[17.370s][info][gc           ] GC(733) Pause Young (Allocation Failure) 198M->28M(511M) 0.848ms
[17.370s][info][gc,cpu       ] GC(733) User=0.00s Sys=0.00s Real=0.00s
[17.402s][info][gc,start     ] GC(734) Pause Young (Allocation Failure)
[17.403s][info][gc,heap      ] GC(734) PSYoungGen: 173632K->96K(174080K)
[17.403s][info][gc,heap      ] GC(734) ParOldGen: 29359K->29388K(349696K)
[17.403s][info][gc,metaspace ] GC(734) Metaspace: 13438K->13438K(1062912K)
[17.403s][info][gc           ] GC(734) Pause Young (Allocation Failure) 198M->28M(511M) 1.246ms
[17.403s][info][gc,cpu       ] GC(734) User=0.00s Sys=0.00s Real=0.00s
[17.425s][info][gc,start     ] GC(735) Pause Young (Allocation Failure)
[17.426s][info][gc,heap      ] GC(735) PSYoungGen: 173664K->64K(174080K)
[17.426s][info][gc,heap      ] GC(735) ParOldGen: 29388K->29427K(349696K)
[17.426s][info][gc,metaspace ] GC(735) Metaspace: 13438K->13438K(1062912K)
[17.426s][info][gc           ] GC(735) Pause Young (Allocation Failure) 198M->28M(511M) 0.499ms
[17.426s][info][gc,cpu       ] GC(735) User=0.00s Sys=0.00s Real=0.01s
[17.447s][info][gc,start     ] GC(736) Pause Young (Allocation Failure)
[17.447s][info][gc,heap      ] GC(736) PSYoungGen: 173632K->96K(174080K)
[17.447s][info][gc,heap      ] GC(736) ParOldGen: 29427K->29457K(349696K)
[17.447s][info][gc,metaspace ] GC(736) Metaspace: 13438K->13438K(1062912K)
[17.447s][info][gc           ] GC(736) Pause Young (Allocation Failure) 198M->28M(511M) 0.538ms
[17.447s][info][gc,cpu       ] GC(736) User=0.00s Sys=0.00s Real=0.00s
[17.467s][info][gc,start     ] GC(737) Pause Young (Allocation Failure)
[17.468s][info][gc,heap      ] GC(737) PSYoungGen: 173664K->64K(174080K)
[17.468s][info][gc,heap      ] GC(737) ParOldGen: 29457K->29496K(349696K)
[17.468s][info][gc,metaspace ] GC(737) Metaspace: 13438K->13438K(1062912K)
[17.468s][info][gc           ] GC(737) Pause Young (Allocation Failure) 198M->28M(511M) 0.490ms
[17.468s][info][gc,cpu       ] GC(737) User=0.00s Sys=0.00s Real=0.00s
[17.487s][info][gc,start     ] GC(738) Pause Young (Allocation Failure)
[17.488s][info][gc,heap      ] GC(738) PSYoungGen: 173632K->64K(174080K)
[17.488s][info][gc,heap      ] GC(738) ParOldGen: 29496K->29535K(349696K)
[17.488s][info][gc,metaspace ] GC(738) Metaspace: 13438K->13438K(1062912K)
[17.488s][info][gc           ] GC(738) Pause Young (Allocation Failure) 198M->28M(511M) 0.547ms
[17.488s][info][gc,cpu       ] GC(738) User=0.00s Sys=0.00s Real=0.00s
[17.510s][info][gc,start     ] GC(739) Pause Young (Allocation Failure)
[17.510s][info][gc,heap      ] GC(739) PSYoungGen: 173632K->96K(174080K)
[17.510s][info][gc,heap      ] GC(739) ParOldGen: 29535K->29564K(349696K)
[17.510s][info][gc,metaspace ] GC(739) Metaspace: 13438K->13438K(1062912K)
[17.510s][info][gc           ] GC(739) Pause Young (Allocation Failure) 198M->28M(511M) 0.466ms
[17.510s][info][gc,cpu       ] GC(739) User=0.00s Sys=0.00s Real=0.00s
[17.530s][info][gc,start     ] GC(740) Pause Young (Allocation Failure)
[17.530s][info][gc,heap      ] GC(740) PSYoungGen: 173664K->96K(174080K)
[17.530s][info][gc,heap      ] GC(740) ParOldGen: 29564K->29603K(349696K)
[17.530s][info][gc,metaspace ] GC(740) Metaspace: 13438K->13438K(1062912K)
[17.530s][info][gc           ] GC(740) Pause Young (Allocation Failure) 198M->29M(511M) 0.466ms
[17.530s][info][gc,cpu       ] GC(740) User=0.00s Sys=0.00s Real=0.00s
[17.552s][info][gc,start     ] GC(741) Pause Young (Allocation Failure)
[17.553s][info][gc,heap      ] GC(741) PSYoungGen: 173664K->96K(174080K)
[17.553s][info][gc,heap      ] GC(741) ParOldGen: 29603K->29633K(349696K)
[17.553s][info][gc,metaspace ] GC(741) Metaspace: 13438K->13438K(1062912K)
[17.553s][info][gc           ] GC(741) Pause Young (Allocation Failure) 198M->29M(511M) 0.535ms
[17.553s][info][gc,cpu       ] GC(741) User=0.00s Sys=0.00s Real=0.00s
[17.575s][info][gc,start     ] GC(742) Pause Young (Allocation Failure)
[17.575s][info][gc,heap      ] GC(742) PSYoungGen: 173664K->64K(174080K)
[17.575s][info][gc,heap      ] GC(742) ParOldGen: 29633K->29672K(349696K)
[17.575s][info][gc,metaspace ] GC(742) Metaspace: 13438K->13438K(1062912K)
[17.575s][info][gc           ] GC(742) Pause Young (Allocation Failure) 198M->29M(511M) 0.457ms
[17.576s][info][gc,cpu       ] GC(742) User=0.00s Sys=0.00s Real=0.00s
[17.601s][info][gc,start     ] GC(743) Pause Young (Allocation Failure)
[17.601s][info][gc,heap      ] GC(743) PSYoungGen: 173632K->64K(174080K)
[17.601s][info][gc,heap      ] GC(743) ParOldGen: 29672K->29701K(349696K)
[17.601s][info][gc,metaspace ] GC(743) Metaspace: 13438K->13438K(1062912K)
[17.601s][info][gc           ] GC(743) Pause Young (Allocation Failure) 198M->29M(511M) 0.556ms
[17.602s][info][gc,cpu       ] GC(743) User=0.00s Sys=0.00s Real=0.00s
[17.621s][info][gc,start     ] GC(744) Pause Young (Allocation Failure)
[17.621s][info][gc,heap      ] GC(744) PSYoungGen: 173632K->96K(174080K)
[17.621s][info][gc,heap      ] GC(744) ParOldGen: 29701K->29740K(349696K)
[17.621s][info][gc,metaspace ] GC(744) Metaspace: 13438K->13438K(1062912K)
[17.621s][info][gc           ] GC(744) Pause Young (Allocation Failure) 198M->29M(511M) 0.494ms
[17.621s][info][gc,cpu       ] GC(744) User=0.00s Sys=0.00s Real=0.00s
[17.642s][info][gc,start     ] GC(745) Pause Young (Allocation Failure)
[17.643s][info][gc,heap      ] GC(745) PSYoungGen: 173664K->64K(174080K)
[17.643s][info][gc,heap      ] GC(745) ParOldGen: 29740K->29770K(349696K)
[17.643s][info][gc,metaspace ] GC(745) Metaspace: 13438K->13438K(1062912K)
[17.643s][info][gc           ] GC(745) Pause Young (Allocation Failure) 198M->29M(511M) 0.538ms
[17.643s][info][gc,cpu       ] GC(745) User=0.01s Sys=0.00s Real=0.00s
[17.662s][info][gc,start     ] GC(746) Pause Young (Allocation Failure)
[17.662s][info][gc,heap      ] GC(746) PSYoungGen: 173632K->96K(174080K)
[17.662s][info][gc,heap      ] GC(746) ParOldGen: 29770K->29809K(349696K)
[17.662s][info][gc,metaspace ] GC(746) Metaspace: 13438K->13438K(1062912K)
[17.662s][info][gc           ] GC(746) Pause Young (Allocation Failure) 198M->29M(511M) 0.445ms
[17.662s][info][gc,cpu       ] GC(746) User=0.00s Sys=0.00s Real=0.00s
[17.682s][info][gc,start     ] GC(747) Pause Young (Allocation Failure)
[17.683s][info][gc,heap      ] GC(747) PSYoungGen: 173664K->128K(174080K)
[17.683s][info][gc,heap      ] GC(747) ParOldGen: 29809K->29838K(349696K)
[17.683s][info][gc,metaspace ] GC(747) Metaspace: 13438K->13438K(1062912K)
[17.683s][info][gc           ] GC(747) Pause Young (Allocation Failure) 198M->29M(511M) 0.503ms
[17.683s][info][gc,cpu       ] GC(747) User=0.00s Sys=0.00s Real=0.00s
[17.702s][info][gc,start     ] GC(748) Pause Young (Allocation Failure)
[17.703s][info][gc,heap      ] GC(748) PSYoungGen: 173696K->64K(174080K)
[17.703s][info][gc,heap      ] GC(748) ParOldGen: 29838K->29877K(349696K)
[17.703s][info][gc,metaspace ] GC(748) Metaspace: 13438K->13438K(1062912K)
[17.703s][info][gc           ] GC(748) Pause Young (Allocation Failure) 198M->29M(511M) 0.503ms
[17.703s][info][gc,cpu       ] GC(748) User=0.00s Sys=0.00s Real=0.00s
[17.724s][info][gc,start     ] GC(749) Pause Young (Allocation Failure)
[17.725s][info][gc,heap      ] GC(749) PSYoungGen: 173632K->96K(174080K)
[17.725s][info][gc,heap      ] GC(749) ParOldGen: 29877K->29907K(349696K)
[17.725s][info][gc,metaspace ] GC(749) Metaspace: 13438K->13438K(1062912K)
[17.725s][info][gc           ] GC(749) Pause Young (Allocation Failure) 198M->29M(511M) 0.436ms
[17.725s][info][gc,cpu       ] GC(749) User=0.00s Sys=0.00s Real=0.00s
[17.751s][info][gc,start     ] GC(750) Pause Young (Allocation Failure)
[17.751s][info][gc,heap      ] GC(750) PSYoungGen: 173664K->96K(174080K)
[17.751s][info][gc,heap      ] GC(750) ParOldGen: 29907K->29946K(349696K)
[17.751s][info][gc,metaspace ] GC(750) Metaspace: 13438K->13438K(1062912K)
[17.751s][info][gc           ] GC(750) Pause Young (Allocation Failure) 198M->29M(511M) 0.523ms
[17.751s][info][gc,cpu       ] GC(750) User=0.00s Sys=0.00s Real=0.00s
[17.771s][info][gc,start     ] GC(751) Pause Young (Allocation Failure)
[17.772s][info][gc,heap      ] GC(751) PSYoungGen: 173664K->64K(174080K)
[17.772s][info][gc,heap      ] GC(751) ParOldGen: 29946K->29985K(349696K)
[17.772s][info][gc,metaspace ] GC(751) Metaspace: 13438K->13438K(1062912K)
[17.772s][info][gc           ] GC(751) Pause Young (Allocation Failure) 198M->29M(511M) 0.632ms
[17.772s][info][gc,cpu       ] GC(751) User=0.00s Sys=0.00s Real=0.00s
[17.793s][info][gc,start     ] GC(752) Pause Young (Allocation Failure)
[17.794s][info][gc,heap      ] GC(752) PSYoungGen: 173632K->64K(174080K)
[17.794s][info][gc,heap      ] GC(752) ParOldGen: 29985K->30014K(349696K)
[17.794s][info][gc,metaspace ] GC(752) Metaspace: 13438K->13438K(1062912K)
[17.794s][info][gc           ] GC(752) Pause Young (Allocation Failure) 198M->29M(511M) 0.434ms
[17.794s][info][gc,cpu       ] GC(752) User=0.00s Sys=0.00s Real=0.00s
[17.814s][info][gc,start     ] GC(753) Pause Young (Allocation Failure)
[17.814s][info][gc,heap      ] GC(753) PSYoungGen: 173632K->64K(174080K)
[17.814s][info][gc,heap      ] GC(753) ParOldGen: 30014K->30053K(349696K)
[17.814s][info][gc,metaspace ] GC(753) Metaspace: 13438K->13438K(1062912K)
[17.814s][info][gc           ] GC(753) Pause Young (Allocation Failure) 198M->29M(511M) 0.504ms
[17.814s][info][gc,cpu       ] GC(753) User=0.01s Sys=0.00s Real=0.00s
[17.837s][info][gc,start     ] GC(754) Pause Young (Allocation Failure)
[17.837s][info][gc,heap      ] GC(754) PSYoungGen: 173632K->96K(174080K)
[17.837s][info][gc,heap      ] GC(754) ParOldGen: 30053K->30083K(349696K)
[17.837s][info][gc,metaspace ] GC(754) Metaspace: 13438K->13438K(1062912K)
[17.837s][info][gc           ] GC(754) Pause Young (Allocation Failure) 198M->29M(511M) 0.452ms
[17.837s][info][gc,cpu       ] GC(754) User=0.00s Sys=0.00s Real=0.00s
[17.856s][info][gc,start     ] GC(755) Pause Young (Allocation Failure)
[17.857s][info][gc,heap      ] GC(755) PSYoungGen: 173664K->64K(174080K)
[17.857s][info][gc,heap      ] GC(755) ParOldGen: 30083K->30122K(349696K)
[17.857s][info][gc,metaspace ] GC(755) Metaspace: 13438K->13438K(1062912K)
[17.857s][info][gc           ] GC(755) Pause Young (Allocation Failure) 198M->29M(511M) 0.482ms
[17.857s][info][gc,cpu       ] GC(755) User=0.00s Sys=0.01s Real=0.00s
[17.877s][info][gc,start     ] GC(756) Pause Young (Allocation Failure)
[17.878s][info][gc,heap      ] GC(756) PSYoungGen: 173632K->96K(174080K)
[17.878s][info][gc,heap      ] GC(756) ParOldGen: 30122K->30151K(349696K)
[17.878s][info][gc,metaspace ] GC(756) Metaspace: 13438K->13438K(1062912K)
[17.878s][info][gc           ] GC(756) Pause Young (Allocation Failure) 198M->29M(511M) 0.562ms
[17.878s][info][gc,cpu       ] GC(756) User=0.00s Sys=0.00s Real=0.00s
[17.901s][info][gc,start     ] GC(757) Pause Young (Allocation Failure)
[17.901s][info][gc,heap      ] GC(757) PSYoungGen: 173664K->64K(174080K)
[17.901s][info][gc,heap      ] GC(757) ParOldGen: 30151K->30190K(349696K)
[17.901s][info][gc,metaspace ] GC(757) Metaspace: 13438K->13438K(1062912K)
[17.901s][info][gc           ] GC(757) Pause Young (Allocation Failure) 199M->29M(511M) 0.567ms
[17.901s][info][gc,cpu       ] GC(757) User=0.01s Sys=0.00s Real=0.00s
[17.924s][info][gc,start     ] GC(758) Pause Young (Allocation Failure)
[17.924s][info][gc,heap      ] GC(758) PSYoungGen: 173632K->96K(174080K)
[17.924s][info][gc,heap      ] GC(758) ParOldGen: 30190K->30220K(349696K)
[17.924s][info][gc,metaspace ] GC(758) Metaspace: 13438K->13438K(1062912K)
[17.924s][info][gc           ] GC(758) Pause Young (Allocation Failure) 199M->29M(511M) 0.593ms
[17.924s][info][gc,cpu       ] GC(758) User=0.00s Sys=0.00s Real=0.00s
[17.945s][info][gc,start     ] GC(759) Pause Young (Allocation Failure)
[17.945s][info][gc,heap      ] GC(759) PSYoungGen: 173664K->64K(174080K)
[17.945s][info][gc,heap      ] GC(759) ParOldGen: 30220K->30259K(349696K)
[17.945s][info][gc,metaspace ] GC(759) Metaspace: 13438K->13438K(1062912K)
[17.945s][info][gc           ] GC(759) Pause Young (Allocation Failure) 199M->29M(511M) 0.493ms
[17.945s][info][gc,cpu       ] GC(759) User=0.00s Sys=0.00s Real=0.00s
[17.967s][info][gc,start     ] GC(760) Pause Young (Allocation Failure)
[17.967s][info][gc,heap      ] GC(760) PSYoungGen: 173632K->128K(174080K)
[17.967s][info][gc,heap      ] GC(760) ParOldGen: 30259K->30288K(349696K)
[17.967s][info][gc,metaspace ] GC(760) Metaspace: 13438K->13438K(1062912K)
[17.967s][info][gc           ] GC(760) Pause Young (Allocation Failure) 199M->29M(511M) 0.404ms
[17.967s][info][gc,cpu       ] GC(760) User=0.00s Sys=0.00s Real=0.00s
[17.990s][info][gc,start     ] GC(761) Pause Young (Allocation Failure)
[17.991s][info][gc,heap      ] GC(761) PSYoungGen: 173696K->64K(174080K)
[17.991s][info][gc,heap      ] GC(761) ParOldGen: 30288K->30327K(349696K)
[17.991s][info][gc,metaspace ] GC(761) Metaspace: 13438K->13438K(1062912K)
[17.991s][info][gc           ] GC(761) Pause Young (Allocation Failure) 199M->29M(511M) 0.468ms
[17.991s][info][gc,cpu       ] GC(761) User=0.00s Sys=0.00s Real=0.00s
[18.015s][info][gc,start     ] GC(762) Pause Young (Allocation Failure)
[18.016s][info][gc,heap      ] GC(762) PSYoungGen: 173632K->128K(174080K)
[18.016s][info][gc,heap      ] GC(762) ParOldGen: 30327K->30357K(349696K)
[18.016s][info][gc,metaspace ] GC(762) Metaspace: 13438K->13438K(1062912K)
[18.016s][info][gc           ] GC(762) Pause Young (Allocation Failure) 199M->29M(511M) 0.610ms
[18.016s][info][gc,cpu       ] GC(762) User=0.00s Sys=0.00s Real=0.01s
[18.040s][info][gc,start     ] GC(763) Pause Young (Allocation Failure)
[18.041s][info][gc,heap      ] GC(763) PSYoungGen: 173696K->96K(174080K)
[18.041s][info][gc,heap      ] GC(763) ParOldGen: 30357K->30396K(349696K)
[18.041s][info][gc,metaspace ] GC(763) Metaspace: 13438K->13438K(1062912K)
[18.041s][info][gc           ] GC(763) Pause Young (Allocation Failure) 199M->29M(511M) 0.457ms
[18.041s][info][gc,cpu       ] GC(763) User=0.00s Sys=0.00s Real=0.00s
[18.060s][info][gc,start     ] GC(764) Pause Young (Allocation Failure)
[18.060s][info][gc,heap      ] GC(764) PSYoungGen: 173664K->64K(174080K)
[18.060s][info][gc,heap      ] GC(764) ParOldGen: 30396K->30435K(349696K)
[18.060s][info][gc,metaspace ] GC(764) Metaspace: 13438K->13438K(1062912K)
[18.060s][info][gc           ] GC(764) Pause Young (Allocation Failure) 199M->29M(511M) 0.451ms
[18.060s][info][gc,cpu       ] GC(764) User=0.00s Sys=0.00s Real=0.00s
[18.081s][info][gc,start     ] GC(765) Pause Young (Allocation Failure)
[18.081s][info][gc,heap      ] GC(765) PSYoungGen: 173632K->96K(174080K)
[18.081s][info][gc,heap      ] GC(765) ParOldGen: 30435K->30464K(349696K)
[18.081s][info][gc,metaspace ] GC(765) Metaspace: 13438K->13438K(1062912K)
[18.081s][info][gc           ] GC(765) Pause Young (Allocation Failure) 199M->29M(511M) 0.444ms
[18.081s][info][gc,cpu       ] GC(765) User=0.00s Sys=0.00s Real=0.00s
[18.100s][info][gc,start     ] GC(766) Pause Young (Allocation Failure)
[18.101s][info][gc,heap      ] GC(766) PSYoungGen: 173664K->96K(174080K)
[18.101s][info][gc,heap      ] GC(766) ParOldGen: 30464K->30503K(349696K)
[18.101s][info][gc,metaspace ] GC(766) Metaspace: 13438K->13438K(1062912K)
[18.101s][info][gc           ] GC(766) Pause Young (Allocation Failure) 199M->29M(511M) 0.515ms
[18.101s][info][gc,cpu       ] GC(766) User=0.00s Sys=0.00s Real=0.00s
[18.122s][info][gc,start     ] GC(767) Pause Young (Allocation Failure)
[18.122s][info][gc,heap      ] GC(767) PSYoungGen: 173664K->96K(174080K)
[18.122s][info][gc,heap      ] GC(767) ParOldGen: 30503K->30533K(349696K)
[18.122s][info][gc,metaspace ] GC(767) Metaspace: 13438K->13438K(1062912K)
[18.122s][info][gc           ] GC(767) Pause Young (Allocation Failure) 199M->29M(511M) 0.413ms
[18.122s][info][gc,cpu       ] GC(767) User=0.01s Sys=0.00s Real=0.00s
[18.144s][info][gc,start     ] GC(768) Pause Young (Allocation Failure)
[18.145s][info][gc,heap      ] GC(768) PSYoungGen: 173664K->96K(174080K)
[18.145s][info][gc,heap      ] GC(768) ParOldGen: 30533K->30572K(349696K)
[18.145s][info][gc,metaspace ] GC(768) Metaspace: 13438K->13438K(1062912K)
[18.145s][info][gc           ] GC(768) Pause Young (Allocation Failure) 199M->29M(511M) 0.494ms
[18.145s][info][gc,cpu       ] GC(768) User=0.00s Sys=0.00s Real=0.00s
[18.166s][info][gc,start     ] GC(769) Pause Young (Allocation Failure)
[18.166s][info][gc,heap      ] GC(769) PSYoungGen: 173664K->96K(174080K)
[18.166s][info][gc,heap      ] GC(769) ParOldGen: 30572K->30601K(349696K)
[18.166s][info][gc,metaspace ] GC(769) Metaspace: 13438K->13438K(1062912K)
[18.166s][info][gc           ] GC(769) Pause Young (Allocation Failure) 199M->29M(511M) 0.431ms
[18.166s][info][gc,cpu       ] GC(769) User=0.00s Sys=0.00s Real=0.00s
[18.186s][info][gc,start     ] GC(770) Pause Young (Allocation Failure)
[18.187s][info][gc,heap      ] GC(770) PSYoungGen: 173664K->64K(174080K)
[18.187s][info][gc,heap      ] GC(770) ParOldGen: 30601K->30640K(349696K)
[18.187s][info][gc,metaspace ] GC(770) Metaspace: 13438K->13438K(1062912K)
[18.187s][info][gc           ] GC(770) Pause Young (Allocation Failure) 199M->29M(511M) 0.626ms
[18.187s][info][gc,cpu       ] GC(770) User=0.00s Sys=0.00s Real=0.00s
[18.208s][info][gc,start     ] GC(771) Pause Young (Allocation Failure)
[18.208s][info][gc,heap      ] GC(771) PSYoungGen: 173632K->128K(174080K)
[18.208s][info][gc,heap      ] GC(771) ParOldGen: 30640K->30670K(349696K)
[18.208s][info][gc,metaspace ] GC(771) Metaspace: 13438K->13438K(1062912K)
[18.208s][info][gc           ] GC(771) Pause Young (Allocation Failure) 199M->30M(511M) 0.388ms
[18.208s][info][gc,cpu       ] GC(771) User=0.00s Sys=0.00s Real=0.00s
[18.228s][info][gc,start     ] GC(772) Pause Young (Allocation Failure)
[18.228s][info][gc,heap      ] GC(772) PSYoungGen: 173696K->96K(174080K)
[18.228s][info][gc,heap      ] GC(772) ParOldGen: 30670K->30709K(349696K)
[18.228s][info][gc,metaspace ] GC(772) Metaspace: 13438K->13438K(1062912K)
[18.228s][info][gc           ] GC(772) Pause Young (Allocation Failure) 199M->30M(511M) 0.518ms
[18.228s][info][gc,cpu       ] GC(772) User=0.00s Sys=0.01s Real=0.00s
[18.250s][info][gc,start     ] GC(773) Pause Young (Allocation Failure)
[18.250s][info][gc,heap      ] GC(773) PSYoungGen: 173664K->64K(174080K)
[18.250s][info][gc,heap      ] GC(773) ParOldGen: 30709K->30738K(349696K)
[18.250s][info][gc,metaspace ] GC(773) Metaspace: 13438K->13438K(1062912K)
[18.250s][info][gc           ] GC(773) Pause Young (Allocation Failure) 199M->30M(511M) 0.422ms
[18.250s][info][gc,cpu       ] GC(773) User=0.00s Sys=0.00s Real=0.00s
[18.269s][info][gc,start     ] GC(774) Pause Young (Allocation Failure)
[18.269s][info][gc,heap      ] GC(774) PSYoungGen: 173632K->64K(174080K)
[18.269s][info][gc,heap      ] GC(774) ParOldGen: 30738K->30777K(349696K)
[18.269s][info][gc,metaspace ] GC(774) Metaspace: 13438K->13438K(1062912K)
[18.269s][info][gc           ] GC(774) Pause Young (Allocation Failure) 199M->30M(511M) 0.466ms
[18.269s][info][gc,cpu       ] GC(774) User=0.00s Sys=0.00s Real=0.00s
[18.289s][info][gc,start     ] GC(775) Pause Young (Allocation Failure)
[18.290s][info][gc,heap      ] GC(775) PSYoungGen: 173632K->96K(174080K)
[18.290s][info][gc,heap      ] GC(775) ParOldGen: 30777K->30806K(349696K)
[18.290s][info][gc,metaspace ] GC(775) Metaspace: 13438K->13438K(1062912K)
[18.290s][info][gc           ] GC(775) Pause Young (Allocation Failure) 199M->30M(511M) 0.488ms
[18.290s][info][gc,cpu       ] GC(775) User=0.00s Sys=0.00s Real=0.00s
[18.310s][info][gc,start     ] GC(776) Pause Young (Allocation Failure)
[18.311s][info][gc,heap      ] GC(776) PSYoungGen: 173664K->64K(174080K)
[18.311s][info][gc,heap      ] GC(776) ParOldGen: 30806K->30846K(349696K)
[18.311s][info][gc,metaspace ] GC(776) Metaspace: 13438K->13438K(1062912K)
[18.311s][info][gc           ] GC(776) Pause Young (Allocation Failure) 199M->30M(511M) 0.448ms
[18.311s][info][gc,cpu       ] GC(776) User=0.01s Sys=0.00s Real=0.00s
[18.330s][info][gc,start     ] GC(777) Pause Young (Allocation Failure)
[18.331s][info][gc,heap      ] GC(777) PSYoungGen: 173632K->160K(174080K)
[18.331s][info][gc,heap      ] GC(777) ParOldGen: 30846K->30885K(349696K)
[18.331s][info][gc,metaspace ] GC(777) Metaspace: 13458K->13458K(1062912K)
[18.331s][info][gc           ] GC(777) Pause Young (Allocation Failure) 199M->30M(511M) 0.400ms
[18.331s][info][gc,cpu       ] GC(777) User=0.01s Sys=0.00s Real=0.00s
[18.369s][info][gc,start     ] GC(778) Pause Young (Allocation Failure)
[18.370s][info][gc,heap      ] GC(778) PSYoungGen: 173728K->64K(174080K)
[18.370s][info][gc,heap      ] GC(778) ParOldGen: 30885K->30954K(349696K)
[18.370s][info][gc,metaspace ] GC(778) Metaspace: 13468K->13468K(1062912K)
[18.370s][info][gc           ] GC(778) Pause Young (Allocation Failure) 199M->30M(511M) 0.879ms
[18.370s][info][gc,cpu       ] GC(778) User=0.01s Sys=0.00s Real=0.00s
[18.406s][info][gc,start     ] GC(779) Pause Young (Allocation Failure)
[18.407s][info][gc,heap      ] GC(779) PSYoungGen: 173632K->64K(174080K)
[18.407s][info][gc,heap      ] GC(779) ParOldGen: 30954K->30993K(349696K)
[18.407s][info][gc,metaspace ] GC(779) Metaspace: 13468K->13468K(1062912K)
[18.407s][info][gc           ] GC(779) Pause Young (Allocation Failure) 199M->30M(511M) 0.488ms
[18.407s][info][gc,cpu       ] GC(779) User=0.00s Sys=0.00s Real=0.00s
[18.428s][info][gc,start     ] GC(780) Pause Young (Allocation Failure)
[18.428s][info][gc,heap      ] GC(780) PSYoungGen: 173632K->96K(174080K)
[18.428s][info][gc,heap      ] GC(780) ParOldGen: 30993K->31023K(349696K)
[18.428s][info][gc,metaspace ] GC(780) Metaspace: 13468K->13468K(1062912K)
[18.428s][info][gc           ] GC(780) Pause Young (Allocation Failure) 199M->30M(511M) 0.497ms
[18.428s][info][gc,cpu       ] GC(780) User=0.01s Sys=0.00s Real=0.00s
[18.448s][info][gc,start     ] GC(781) Pause Young (Allocation Failure)
[18.449s][info][gc,heap      ] GC(781) PSYoungGen: 173664K->64K(174080K)
[18.449s][info][gc,heap      ] GC(781) ParOldGen: 31023K->31062K(349696K)
[18.449s][info][gc,metaspace ] GC(781) Metaspace: 13468K->13468K(1062912K)
[18.449s][info][gc           ] GC(781) Pause Young (Allocation Failure) 199M->30M(511M) 0.532ms
[18.449s][info][gc,cpu       ] GC(781) User=0.00s Sys=0.00s Real=0.00s
[18.470s][info][gc,start     ] GC(782) Pause Young (Allocation Failure)
[18.471s][info][gc,heap      ] GC(782) PSYoungGen: 173632K->64K(174080K)
[18.471s][info][gc,heap      ] GC(782) ParOldGen: 31062K->31091K(349696K)
[18.471s][info][gc,metaspace ] GC(782) Metaspace: 13468K->13468K(1062912K)
[18.471s][info][gc           ] GC(782) Pause Young (Allocation Failure) 199M->30M(511M) 0.491ms
[18.471s][info][gc,cpu       ] GC(782) User=0.00s Sys=0.00s Real=0.00s
[18.490s][info][gc,start     ] GC(783) Pause Young (Allocation Failure)
[18.490s][info][gc,heap      ] GC(783) PSYoungGen: 173632K->96K(174080K)
[18.490s][info][gc,heap      ] GC(783) ParOldGen: 31091K->31130K(349696K)
[18.490s][info][gc,metaspace ] GC(783) Metaspace: 13468K->13468K(1062912K)
[18.490s][info][gc           ] GC(783) Pause Young (Allocation Failure) 199M->30M(511M) 0.447ms
[18.490s][info][gc,cpu       ] GC(783) User=0.01s Sys=0.00s Real=0.00s
[18.511s][info][gc,start     ] GC(784) Pause Young (Allocation Failure)
[18.511s][info][gc,heap      ] GC(784) PSYoungGen: 173664K->96K(174080K)
[18.511s][info][gc,heap      ] GC(784) ParOldGen: 31130K->31159K(349696K)
[18.511s][info][gc,metaspace ] GC(784) Metaspace: 13468K->13468K(1062912K)
[18.511s][info][gc           ] GC(784) Pause Young (Allocation Failure) 199M->30M(511M) 0.467ms
[18.511s][info][gc,cpu       ] GC(784) User=0.00s Sys=0.00s Real=0.00s
[18.530s][info][gc,start     ] GC(785) Pause Young (Allocation Failure)
[18.530s][info][gc,heap      ] GC(785) PSYoungGen: 173664K->64K(174080K)
[18.530s][info][gc,heap      ] GC(785) ParOldGen: 31159K->31199K(349696K)
[18.530s][info][gc,metaspace ] GC(785) Metaspace: 13468K->13468K(1062912K)
[18.530s][info][gc           ] GC(785) Pause Young (Allocation Failure) 200M->30M(511M) 0.488ms
[18.530s][info][gc,cpu       ] GC(785) User=0.00s Sys=0.00s Real=0.00s
[18.555s][info][gc,start     ] GC(786) Pause Young (Allocation Failure)
[18.555s][info][gc,heap      ] GC(786) PSYoungGen: 173632K->96K(174080K)
[18.555s][info][gc,heap      ] GC(786) ParOldGen: 31199K->31228K(349696K)
[18.555s][info][gc,metaspace ] GC(786) Metaspace: 13468K->13468K(1062912K)
[18.555s][info][gc           ] GC(786) Pause Young (Allocation Failure) 200M->30M(511M) 0.531ms
[18.555s][info][gc,cpu       ] GC(786) User=0.00s Sys=0.00s Real=0.00s
[18.577s][info][gc,start     ] GC(787) Pause Young (Allocation Failure)
[18.577s][info][gc,heap      ] GC(787) PSYoungGen: 173664K->64K(174080K)
[18.577s][info][gc,heap      ] GC(787) ParOldGen: 31228K->31267K(349696K)
[18.577s][info][gc,metaspace ] GC(787) Metaspace: 13468K->13468K(1062912K)
[18.577s][info][gc           ] GC(787) Pause Young (Allocation Failure) 200M->30M(511M) 0.454ms
[18.577s][info][gc,cpu       ] GC(787) User=0.00s Sys=0.00s Real=0.00s
[18.603s][info][gc,start     ] GC(788) Pause Young (Allocation Failure)
[18.603s][info][gc,heap      ] GC(788) PSYoungGen: 173632K->96K(174080K)
[18.603s][info][gc,heap      ] GC(788) ParOldGen: 31267K->31296K(349696K)
[18.603s][info][gc,metaspace ] GC(788) Metaspace: 13468K->13468K(1062912K)
[18.603s][info][gc           ] GC(788) Pause Young (Allocation Failure) 200M->30M(511M) 0.516ms
[18.603s][info][gc,cpu       ] GC(788) User=0.00s Sys=0.00s Real=0.00s
[18.625s][info][gc,start     ] GC(789) Pause Young (Allocation Failure)
[18.625s][info][gc,heap      ] GC(789) PSYoungGen: 173664K->64K(174080K)
[18.625s][info][gc,heap      ] GC(789) ParOldGen: 31296K->31336K(349696K)
[18.625s][info][gc,metaspace ] GC(789) Metaspace: 13468K->13468K(1062912K)
[18.625s][info][gc           ] GC(789) Pause Young (Allocation Failure) 200M->30M(511M) 0.462ms
[18.625s][info][gc,cpu       ] GC(789) User=0.01s Sys=0.00s Real=0.00s
[18.645s][info][gc,start     ] GC(790) Pause Young (Allocation Failure)
[18.646s][info][gc,heap      ] GC(790) PSYoungGen: 173632K->64K(174080K)
[18.646s][info][gc,heap      ] GC(790) ParOldGen: 31336K->31375K(349696K)
[18.646s][info][gc,metaspace ] GC(790) Metaspace: 13468K->13468K(1062912K)
[18.646s][info][gc           ] GC(790) Pause Young (Allocation Failure) 200M->30M(511M) 0.446ms
[18.646s][info][gc,cpu       ] GC(790) User=0.00s Sys=0.00s Real=0.01s
[18.670s][info][gc,start     ] GC(791) Pause Young (Allocation Failure)
[18.671s][info][gc,heap      ] GC(791) PSYoungGen: 173632K->96K(174080K)
[18.671s][info][gc,heap      ] GC(791) ParOldGen: 31375K->31404K(349696K)
[18.671s][info][gc,metaspace ] GC(791) Metaspace: 13468K->13468K(1062912K)
[18.671s][info][gc           ] GC(791) Pause Young (Allocation Failure) 200M->30M(511M) 0.644ms
[18.671s][info][gc,cpu       ] GC(791) User=0.00s Sys=0.00s Real=0.00s
[18.691s][info][gc,start     ] GC(792) Pause Young (Allocation Failure)
[18.692s][info][gc,heap      ] GC(792) PSYoungGen: 173664K->64K(174080K)
[18.692s][info][gc,heap      ] GC(792) ParOldGen: 31404K->31443K(349696K)
[18.692s][info][gc,metaspace ] GC(792) Metaspace: 13468K->13468K(1062912K)
[18.692s][info][gc           ] GC(792) Pause Young (Allocation Failure) 200M->30M(511M) 0.425ms
[18.692s][info][gc,cpu       ] GC(792) User=0.00s Sys=0.00s Real=0.00s
[18.712s][info][gc,start     ] GC(793) Pause Young (Allocation Failure)
[18.712s][info][gc,heap      ] GC(793) PSYoungGen: 173632K->96K(174080K)
[18.712s][info][gc,heap      ] GC(793) ParOldGen: 31443K->31472K(349696K)
[18.712s][info][gc,metaspace ] GC(793) Metaspace: 13468K->13468K(1062912K)
[18.712s][info][gc           ] GC(793) Pause Young (Allocation Failure) 200M->30M(511M) 0.478ms
[18.712s][info][gc,cpu       ] GC(793) User=0.00s Sys=0.00s Real=0.00s
[18.731s][info][gc,start     ] GC(794) Pause Young (Allocation Failure)
[18.732s][info][gc,heap      ] GC(794) PSYoungGen: 173664K->64K(174080K)
[18.732s][info][gc,heap      ] GC(794) ParOldGen: 31472K->31512K(349696K)
[18.732s][info][gc,metaspace ] GC(794) Metaspace: 13468K->13468K(1062912K)
[18.732s][info][gc           ] GC(794) Pause Young (Allocation Failure) 200M->30M(511M) 0.423ms
[18.732s][info][gc,cpu       ] GC(794) User=0.00s Sys=0.00s Real=0.00s
[18.752s][info][gc,start     ] GC(795) Pause Young (Allocation Failure)
[18.753s][info][gc,heap      ] GC(795) PSYoungGen: 173632K->128K(174080K)
[18.753s][info][gc,heap      ] GC(795) ParOldGen: 31512K->31541K(349696K)
[18.753s][info][gc,metaspace ] GC(795) Metaspace: 13468K->13468K(1062912K)
[18.753s][info][gc           ] GC(795) Pause Young (Allocation Failure) 200M->30M(511M) 0.487ms
[18.753s][info][gc,cpu       ] GC(795) User=0.00s Sys=0.00s Real=0.00s
[18.771s][info][gc,start     ] GC(796) Pause Young (Allocation Failure)
[18.772s][info][gc,heap      ] GC(796) PSYoungGen: 173696K->64K(174080K)
[18.772s][info][gc,heap      ] GC(796) ParOldGen: 31541K->31580K(349696K)
[18.772s][info][gc,metaspace ] GC(796) Metaspace: 13468K->13468K(1062912K)
[18.772s][info][gc           ] GC(796) Pause Young (Allocation Failure) 200M->30M(511M) 0.395ms
[18.772s][info][gc,cpu       ] GC(796) User=0.00s Sys=0.00s Real=0.00s
[18.795s][info][gc,start     ] GC(797) Pause Young (Allocation Failure)
[18.795s][info][gc,heap      ] GC(797) PSYoungGen: 173632K->96K(174080K)
[18.795s][info][gc,heap      ] GC(797) ParOldGen: 31580K->31609K(349696K)
[18.795s][info][gc,metaspace ] GC(797) Metaspace: 13468K->13468K(1062912K)
[18.795s][info][gc           ] GC(797) Pause Young (Allocation Failure) 200M->30M(511M) 0.504ms
[18.795s][info][gc,cpu       ] GC(797) User=0.00s Sys=0.00s Real=0.00s
[18.819s][info][gc,start     ] GC(798) Pause Young (Allocation Failure)
[18.820s][info][gc,heap      ] GC(798) PSYoungGen: 173664K->96K(174080K)
[18.820s][info][gc,heap      ] GC(798) ParOldGen: 31609K->31649K(349696K)
[18.820s][info][gc,metaspace ] GC(798) Metaspace: 13468K->13468K(1062912K)
[18.820s][info][gc           ] GC(798) Pause Young (Allocation Failure) 200M->31M(511M) 0.478ms
[18.820s][info][gc,cpu       ] GC(798) User=0.00s Sys=0.00s Real=0.00s
[18.844s][info][gc,start     ] GC(799) Pause Young (Allocation Failure)
[18.844s][info][gc,heap      ] GC(799) PSYoungGen: 173664K->128K(174080K)
[18.844s][info][gc,heap      ] GC(799) ParOldGen: 31649K->31678K(349696K)
[18.844s][info][gc,metaspace ] GC(799) Metaspace: 13468K->13468K(1062912K)
[18.844s][info][gc           ] GC(799) Pause Young (Allocation Failure) 200M->31M(511M) 0.568ms
[18.844s][info][gc,cpu       ] GC(799) User=0.00s Sys=0.00s Real=0.00s
[18.867s][info][gc,start     ] GC(800) Pause Young (Allocation Failure)
[18.867s][info][gc,heap      ] GC(800) PSYoungGen: 173696K->64K(174080K)
[18.867s][info][gc,heap      ] GC(800) ParOldGen: 31678K->31717K(349696K)
[18.867s][info][gc,metaspace ] GC(800) Metaspace: 13468K->13468K(1062912K)
[18.867s][info][gc           ] GC(800) Pause Young (Allocation Failure) 200M->31M(511M) 0.538ms
[18.867s][info][gc,cpu       ] GC(800) User=0.00s Sys=0.00s Real=0.00s
[18.892s][info][gc,start     ] GC(801) Pause Young (Allocation Failure)
[18.892s][info][gc,heap      ] GC(801) PSYoungGen: 173632K->96K(174080K)
[18.892s][info][gc,heap      ] GC(801) ParOldGen: 31717K->31746K(349696K)
[18.892s][info][gc,metaspace ] GC(801) Metaspace: 13468K->13468K(1062912K)
[18.892s][info][gc           ] GC(801) Pause Young (Allocation Failure) 200M->31M(511M) 0.529ms
[18.892s][info][gc,cpu       ] GC(801) User=0.00s Sys=0.00s Real=0.00s
[18.916s][info][gc,start     ] GC(802) Pause Young (Allocation Failure)
[18.916s][info][gc,heap      ] GC(802) PSYoungGen: 173664K->64K(174080K)
[18.916s][info][gc,heap      ] GC(802) ParOldGen: 31746K->31785K(349696K)
[18.916s][info][gc,metaspace ] GC(802) Metaspace: 13468K->13468K(1062912K)
[18.916s][info][gc           ] GC(802) Pause Young (Allocation Failure) 200M->31M(511M) 0.506ms
[18.916s][info][gc,cpu       ] GC(802) User=0.00s Sys=0.01s Real=0.00s
[18.940s][info][gc,start     ] GC(803) Pause Young (Allocation Failure)
[18.940s][info][gc,heap      ] GC(803) PSYoungGen: 173632K->96K(174080K)
[18.940s][info][gc,heap      ] GC(803) ParOldGen: 31785K->31815K(349696K)
[18.940s][info][gc,metaspace ] GC(803) Metaspace: 13468K->13468K(1062912K)
[18.941s][info][gc           ] GC(803) Pause Young (Allocation Failure) 200M->31M(511M) 0.457ms
[18.941s][info][gc,cpu       ] GC(803) User=0.00s Sys=0.00s Real=0.00s
[18.962s][info][gc,start     ] GC(804) Pause Young (Allocation Failure)
[18.963s][info][gc,heap      ] GC(804) PSYoungGen: 173664K->64K(174080K)
[18.963s][info][gc,heap      ] GC(804) ParOldGen: 31815K->31854K(349696K)
[18.963s][info][gc,metaspace ] GC(804) Metaspace: 13468K->13468K(1062912K)
[18.963s][info][gc           ] GC(804) Pause Young (Allocation Failure) 200M->31M(511M) 0.535ms
[18.963s][info][gc,cpu       ] GC(804) User=0.00s Sys=0.00s Real=0.00s
[18.984s][info][gc,start     ] GC(805) Pause Young (Allocation Failure)
[18.985s][info][gc,heap      ] GC(805) PSYoungGen: 173632K->96K(174080K)
[18.985s][info][gc,heap      ] GC(805) ParOldGen: 31854K->31893K(349696K)
[18.985s][info][gc,metaspace ] GC(805) Metaspace: 13468K->13468K(1062912K)
[18.985s][info][gc           ] GC(805) Pause Young (Allocation Failure) 200M->31M(511M) 0.503ms
[18.985s][info][gc,cpu       ] GC(805) User=0.00s Sys=0.00s Real=0.00s
[19.008s][info][gc,start     ] GC(806) Pause Young (Allocation Failure)
[19.008s][info][gc,heap      ] GC(806) PSYoungGen: 173664K->64K(174080K)
[19.009s][info][gc,heap      ] GC(806) ParOldGen: 31893K->31922K(349696K)
[19.009s][info][gc,metaspace ] GC(806) Metaspace: 13468K->13468K(1062912K)
[19.009s][info][gc           ] GC(806) Pause Young (Allocation Failure) 200M->31M(511M) 0.526ms
[19.009s][info][gc,cpu       ] GC(806) User=0.00s Sys=0.00s Real=0.00s
[19.029s][info][gc,start     ] GC(807) Pause Young (Allocation Failure)
[19.029s][info][gc,heap      ] GC(807) PSYoungGen: 173632K->64K(174080K)
[19.029s][info][gc,heap      ] GC(807) ParOldGen: 31922K->31962K(349696K)
[19.029s][info][gc,metaspace ] GC(807) Metaspace: 13468K->13468K(1062912K)
[19.029s][info][gc           ] GC(807) Pause Young (Allocation Failure) 200M->31M(511M) 0.516ms
[19.029s][info][gc,cpu       ] GC(807) User=0.01s Sys=0.00s Real=0.00s
[19.051s][info][gc,start     ] GC(808) Pause Young (Allocation Failure)
[19.052s][info][gc,heap      ] GC(808) PSYoungGen: 173632K->96K(174080K)
[19.052s][info][gc,heap      ] GC(808) ParOldGen: 31962K->31991K(349696K)
[19.052s][info][gc,metaspace ] GC(808) Metaspace: 13468K->13468K(1062912K)
[19.052s][info][gc           ] GC(808) Pause Young (Allocation Failure) 200M->31M(511M) 0.477ms
[19.052s][info][gc,cpu       ] GC(808) User=0.00s Sys=0.00s Real=0.00s
[19.071s][info][gc,start     ] GC(809) Pause Young (Allocation Failure)
[19.072s][info][gc,heap      ] GC(809) PSYoungGen: 173664K->96K(174080K)
[19.072s][info][gc,heap      ] GC(809) ParOldGen: 31991K->32030K(349696K)
[19.072s][info][gc,metaspace ] GC(809) Metaspace: 13468K->13468K(1062912K)
[19.072s][info][gc           ] GC(809) Pause Young (Allocation Failure) 200M->31M(511M) 0.429ms
[19.072s][info][gc,cpu       ] GC(809) User=0.00s Sys=0.00s Real=0.00s
[19.094s][info][gc,start     ] GC(810) Pause Young (Allocation Failure)
[19.094s][info][gc,heap      ] GC(810) PSYoungGen: 173664K->96K(174080K)
[19.094s][info][gc,heap      ] GC(810) ParOldGen: 32030K->32059K(349696K)
[19.094s][info][gc,metaspace ] GC(810) Metaspace: 13468K->13468K(1062912K)
[19.094s][info][gc           ] GC(810) Pause Young (Allocation Failure) 200M->31M(511M) 0.529ms
[19.094s][info][gc,cpu       ] GC(810) User=0.00s Sys=0.00s Real=0.00s
[19.117s][info][gc,start     ] GC(811) Pause Young (Allocation Failure)
[19.118s][info][gc,heap      ] GC(811) PSYoungGen: 173664K->96K(174080K)
[19.118s][info][gc,heap      ] GC(811) ParOldGen: 32059K->32098K(349696K)
[19.118s][info][gc,metaspace ] GC(811) Metaspace: 13468K->13468K(1062912K)
[19.118s][info][gc           ] GC(811) Pause Young (Allocation Failure) 200M->31M(511M) 0.445ms
[19.118s][info][gc,cpu       ] GC(811) User=0.00s Sys=0.00s Real=0.00s
[19.144s][info][gc,start     ] GC(812) Pause Young (Allocation Failure)
[19.145s][info][gc,heap      ] GC(812) PSYoungGen: 173664K->96K(174080K)
[19.145s][info][gc,heap      ] GC(812) ParOldGen: 32098K->32128K(349696K)
[19.145s][info][gc,metaspace ] GC(812) Metaspace: 13468K->13468K(1062912K)
[19.145s][info][gc           ] GC(812) Pause Young (Allocation Failure) 200M->31M(511M) 0.656ms
[19.145s][info][gc,cpu       ] GC(812) User=0.00s Sys=0.00s Real=0.00s
[19.166s][info][gc,start     ] GC(813) Pause Young (Allocation Failure)
[19.166s][info][gc,heap      ] GC(813) PSYoungGen: 173664K->96K(174080K)
[19.166s][info][gc,heap      ] GC(813) ParOldGen: 32128K->32167K(349696K)
[19.166s][info][gc,metaspace ] GC(813) Metaspace: 13468K->13468K(1062912K)
[19.166s][info][gc           ] GC(813) Pause Young (Allocation Failure) 200M->31M(511M) 0.467ms
[19.166s][info][gc,cpu       ] GC(813) User=0.00s Sys=0.00s Real=0.01s
[19.191s][info][gc,start     ] GC(814) Pause Young (Allocation Failure)
[19.191s][info][gc,heap      ] GC(814) PSYoungGen: 173664K->96K(174080K)
[19.191s][info][gc,heap      ] GC(814) ParOldGen: 32167K->32196K(349696K)
[19.191s][info][gc,metaspace ] GC(814) Metaspace: 13468K->13468K(1062912K)
[19.191s][info][gc           ] GC(814) Pause Young (Allocation Failure) 201M->31M(511M) 0.479ms
[19.191s][info][gc,cpu       ] GC(814) User=0.00s Sys=0.00s Real=0.00s
[19.213s][info][gc,start     ] GC(815) Pause Young (Allocation Failure)
[19.213s][info][gc,heap      ] GC(815) PSYoungGen: 173664K->64K(174080K)
[19.213s][info][gc,heap      ] GC(815) ParOldGen: 32196K->32235K(349696K)
[19.213s][info][gc,metaspace ] GC(815) Metaspace: 13468K->13468K(1062912K)
[19.213s][info][gc           ] GC(815) Pause Young (Allocation Failure) 201M->31M(511M) 0.840ms
[19.214s][info][gc,cpu       ] GC(815) User=0.00s Sys=0.00s Real=0.00s
[19.235s][info][gc,start     ] GC(816) Pause Young (Allocation Failure)
[19.236s][info][gc,heap      ] GC(816) PSYoungGen: 173632K->128K(174080K)
[19.236s][info][gc,heap      ] GC(816) ParOldGen: 32235K->32265K(349696K)
[19.236s][info][gc,metaspace ] GC(816) Metaspace: 13468K->13468K(1062912K)
[19.236s][info][gc           ] GC(816) Pause Young (Allocation Failure) 201M->31M(511M) 0.494ms
[19.236s][info][gc,cpu       ] GC(816) User=0.01s Sys=0.00s Real=0.00s
[19.257s][info][gc,start     ] GC(817) Pause Young (Allocation Failure)
[19.257s][info][gc,heap      ] GC(817) PSYoungGen: 173696K->64K(174080K)
[19.257s][info][gc,heap      ] GC(817) ParOldGen: 32265K->32304K(349696K)
[19.257s][info][gc,metaspace ] GC(817) Metaspace: 13468K->13468K(1062912K)
[19.257s][info][gc           ] GC(817) Pause Young (Allocation Failure) 201M->31M(511M) 0.538ms
[19.257s][info][gc,cpu       ] GC(817) User=0.00s Sys=0.01s Real=0.00s
[19.278s][info][gc,start     ] GC(818) Pause Young (Allocation Failure)
[19.278s][info][gc,heap      ] GC(818) PSYoungGen: 173632K->64K(174080K)
[19.278s][info][gc,heap      ] GC(818) ParOldGen: 32304K->32343K(349696K)
[19.278s][info][gc,metaspace ] GC(818) Metaspace: 13468K->13468K(1062912K)
[19.278s][info][gc           ] GC(818) Pause Young (Allocation Failure) 201M->31M(511M) 0.394ms
[19.278s][info][gc,cpu       ] GC(818) User=0.00s Sys=0.00s Real=0.00s
[19.299s][info][gc,start     ] GC(819) Pause Young (Allocation Failure)
[19.300s][info][gc,heap      ] GC(819) PSYoungGen: 173632K->96K(174080K)
[19.300s][info][gc,heap      ] GC(819) ParOldGen: 32343K->32372K(349696K)
[19.300s][info][gc,metaspace ] GC(819) Metaspace: 13468K->13468K(1062912K)
[19.300s][info][gc           ] GC(819) Pause Young (Allocation Failure) 201M->31M(511M) 0.511ms
[19.300s][info][gc,cpu       ] GC(819) User=0.01s Sys=0.00s Real=0.00s
[19.319s][info][gc,start     ] GC(820) Pause Young (Allocation Failure)
[19.320s][info][gc,heap      ] GC(820) PSYoungGen: 173664K->64K(174080K)
[19.320s][info][gc,heap      ] GC(820) ParOldGen: 32372K->32411K(349696K)
[19.320s][info][gc,metaspace ] GC(820) Metaspace: 13468K->13468K(1062912K)
[19.320s][info][gc           ] GC(820) Pause Young (Allocation Failure) 201M->31M(511M) 0.471ms
[19.320s][info][gc,cpu       ] GC(820) User=0.00s Sys=0.00s Real=0.00s
[19.344s][info][gc,start     ] GC(821) Pause Young (Allocation Failure)
[19.345s][info][gc,heap      ] GC(821) PSYoungGen: 173632K->256K(174080K)
[19.345s][info][gc,heap      ] GC(821) ParOldGen: 32411K->32441K(349696K)
[19.345s][info][gc,metaspace ] GC(821) Metaspace: 13486K->13486K(1062912K)
[19.345s][info][gc           ] GC(821) Pause Young (Allocation Failure) 201M->31M(511M) 0.955ms
[19.345s][info][gc,cpu       ] GC(821) User=0.01s Sys=0.00s Real=0.00s
[19.383s][info][gc,start     ] GC(822) Pause Young (Allocation Failure)
[19.384s][info][gc,heap      ] GC(822) PSYoungGen: 173824K->64K(174080K)
[19.384s][info][gc,heap      ] GC(822) ParOldGen: 32441K->32520K(349696K)
[19.384s][info][gc,metaspace ] GC(822) Metaspace: 13486K->13486K(1062912K)
[19.384s][info][gc           ] GC(822) Pause Young (Allocation Failure) 201M->31M(511M) 0.462ms
[19.384s][info][gc,cpu       ] GC(822) User=0.00s Sys=0.00s Real=0.00s
[19.404s][info][gc,start     ] GC(823) Pause Young (Allocation Failure)
[19.405s][info][gc,heap      ] GC(823) PSYoungGen: 173632K->96K(174080K)
[19.405s][info][gc,heap      ] GC(823) ParOldGen: 32520K->32549K(349696K)
[19.405s][info][gc,metaspace ] GC(823) Metaspace: 13486K->13486K(1062912K)
[19.405s][info][gc           ] GC(823) Pause Young (Allocation Failure) 201M->31M(511M) 0.506ms
[19.405s][info][gc,cpu       ] GC(823) User=0.00s Sys=0.00s Real=0.00s
[19.425s][info][gc,start     ] GC(824) Pause Young (Allocation Failure)
[19.426s][info][gc,heap      ] GC(824) PSYoungGen: 173664K->96K(174080K)
[19.426s][info][gc,heap      ] GC(824) ParOldGen: 32549K->32588K(349696K)
[19.426s][info][gc,metaspace ] GC(824) Metaspace: 13486K->13486K(1062912K)
[19.426s][info][gc           ] GC(824) Pause Young (Allocation Failure) 201M->31M(511M) 0.436ms
[19.426s][info][gc,cpu       ] GC(824) User=0.00s Sys=0.00s Real=0.01s
[19.448s][info][gc,start     ] GC(825) Pause Young (Allocation Failure)
[19.448s][info][gc,heap      ] GC(825) PSYoungGen: 173664K->128K(174080K)
[19.448s][info][gc,heap      ] GC(825) ParOldGen: 32588K->32618K(349696K)
[19.448s][info][gc,metaspace ] GC(825) Metaspace: 13486K->13486K(1062912K)
[19.448s][info][gc           ] GC(825) Pause Young (Allocation Failure) 201M->31M(511M) 0.494ms
[19.448s][info][gc,cpu       ] GC(825) User=0.00s Sys=0.00s Real=0.00s
[19.470s][info][gc,start     ] GC(826) Pause Young (Allocation Failure)
[19.470s][info][gc,heap      ] GC(826) PSYoungGen: 173696K->64K(174080K)
[19.471s][info][gc,heap      ] GC(826) ParOldGen: 32618K->32657K(349696K)
[19.471s][info][gc,metaspace ] GC(826) Metaspace: 13486K->13486K(1062912K)
[19.471s][info][gc           ] GC(826) Pause Young (Allocation Failure) 201M->31M(511M) 0.485ms
[19.471s][info][gc,cpu       ] GC(826) User=0.00s Sys=0.00s Real=0.00s
[19.494s][info][gc,start     ] GC(827) Pause Young (Allocation Failure)
[19.495s][info][gc,heap      ] GC(827) PSYoungGen: 173632K->128K(174080K)
[19.495s][info][gc,heap      ] GC(827) ParOldGen: 32657K->32686K(349696K)
[19.495s][info][gc,metaspace ] GC(827) Metaspace: 13486K->13486K(1062912K)
[19.495s][info][gc           ] GC(827) Pause Young (Allocation Failure) 201M->32M(511M) 0.658ms
[19.495s][info][gc,cpu       ] GC(827) User=0.00s Sys=0.00s Real=0.00s
[19.514s][info][gc,start     ] GC(828) Pause Young (Allocation Failure)
[19.514s][info][gc,heap      ] GC(828) PSYoungGen: 173696K->64K(174080K)
[19.514s][info][gc,heap      ] GC(828) ParOldGen: 32686K->32725K(349696K)
[19.514s][info][gc,metaspace ] GC(828) Metaspace: 13486K->13486K(1062912K)
[19.514s][info][gc           ] GC(828) Pause Young (Allocation Failure) 201M->32M(511M) 0.499ms
[19.515s][info][gc,cpu       ] GC(828) User=0.00s Sys=0.00s Real=0.00s
[19.536s][info][gc,start     ] GC(829) Pause Young (Allocation Failure)
[19.537s][info][gc,heap      ] GC(829) PSYoungGen: 173632K->96K(174080K)
[19.537s][info][gc,heap      ] GC(829) ParOldGen: 32725K->32755K(349696K)
[19.537s][info][gc,metaspace ] GC(829) Metaspace: 13486K->13486K(1062912K)
[19.537s][info][gc           ] GC(829) Pause Young (Allocation Failure) 201M->32M(511M) 0.572ms
[19.537s][info][gc,cpu       ] GC(829) User=0.00s Sys=0.00s Real=0.00s
[19.561s][info][gc,start     ] GC(830) Pause Young (Allocation Failure)
[19.562s][info][gc,heap      ] GC(830) PSYoungGen: 173664K->96K(174080K)
[19.562s][info][gc,heap      ] GC(830) ParOldGen: 32755K->32794K(349696K)
[19.562s][info][gc,metaspace ] GC(830) Metaspace: 13486K->13486K(1062912K)
[19.562s][info][gc           ] GC(830) Pause Young (Allocation Failure) 201M->32M(511M) 0.767ms
[19.562s][info][gc,cpu       ] GC(830) User=0.01s Sys=0.00s Real=0.00s
[19.584s][info][gc,start     ] GC(831) Pause Young (Allocation Failure)
[19.584s][info][gc,heap      ] GC(831) PSYoungGen: 173664K->64K(174080K)
[19.584s][info][gc,heap      ] GC(831) ParOldGen: 32794K->32833K(349696K)
[19.584s][info][gc,metaspace ] GC(831) Metaspace: 13486K->13486K(1062912K)
[19.584s][info][gc           ] GC(831) Pause Young (Allocation Failure) 201M->32M(511M) 0.524ms
[19.585s][info][gc,cpu       ] GC(831) User=0.00s Sys=0.01s Real=0.00s
[19.607s][info][gc,start     ] GC(832) Pause Young (Allocation Failure)
[19.608s][info][gc,heap      ] GC(832) PSYoungGen: 173632K->96K(174080K)
[19.608s][info][gc,heap      ] GC(832) ParOldGen: 32833K->32862K(349696K)
[19.608s][info][gc,metaspace ] GC(832) Metaspace: 13486K->13486K(1062912K)
[19.608s][info][gc           ] GC(832) Pause Young (Allocation Failure) 201M->32M(511M) 0.606ms
[19.608s][info][gc,cpu       ] GC(832) User=0.00s Sys=0.00s Real=0.00s
[19.627s][info][gc,start     ] GC(833) Pause Young (Allocation Failure)
[19.628s][info][gc,heap      ] GC(833) PSYoungGen: 173664K->96K(174080K)
[19.628s][info][gc,heap      ] GC(833) ParOldGen: 32862K->32901K(349696K)
[19.628s][info][gc,metaspace ] GC(833) Metaspace: 13486K->13486K(1062912K)
[19.628s][info][gc           ] GC(833) Pause Young (Allocation Failure) 201M->32M(511M) 0.442ms
[19.628s][info][gc,cpu       ] GC(833) User=0.00s Sys=0.00s Real=0.00s
[19.650s][info][gc,start     ] GC(834) Pause Young (Allocation Failure)
[19.650s][info][gc,heap      ] GC(834) PSYoungGen: 173664K->64K(174080K)
[19.650s][info][gc,heap      ] GC(834) ParOldGen: 32901K->32931K(349696K)
[19.650s][info][gc,metaspace ] GC(834) Metaspace: 13486K->13486K(1062912K)
[19.650s][info][gc           ] GC(834) Pause Young (Allocation Failure) 201M->32M(511M) 0.405ms
[19.650s][info][gc,cpu       ] GC(834) User=0.00s Sys=0.00s Real=0.00s
[19.671s][info][gc,start     ] GC(835) Pause Young (Allocation Failure)
[19.671s][info][gc,heap      ] GC(835) PSYoungGen: 173632K->96K(174080K)
[19.671s][info][gc,heap      ] GC(835) ParOldGen: 32931K->32970K(349696K)
[19.671s][info][gc,metaspace ] GC(835) Metaspace: 13486K->13486K(1062912K)
[19.671s][info][gc           ] GC(835) Pause Young (Allocation Failure) 201M->32M(511M) 0.462ms
[19.671s][info][gc,cpu       ] GC(835) User=0.00s Sys=0.00s Real=0.00s
[19.692s][info][gc,start     ] GC(836) Pause Young (Allocation Failure)
[19.693s][info][gc,heap      ] GC(836) PSYoungGen: 173664K->96K(174080K)
[19.693s][info][gc,heap      ] GC(836) ParOldGen: 32970K->32999K(349696K)
[19.693s][info][gc,metaspace ] GC(836) Metaspace: 13486K->13486K(1062912K)
[19.693s][info][gc           ] GC(836) Pause Young (Allocation Failure) 201M->32M(511M) 0.550ms
[19.693s][info][gc,cpu       ] GC(836) User=0.00s Sys=0.00s Real=0.00s
[19.714s][info][gc,start     ] GC(837) Pause Young (Allocation Failure)
[19.714s][info][gc,heap      ] GC(837) PSYoungGen: 173664K->64K(174080K)
[19.714s][info][gc,heap      ] GC(837) ParOldGen: 32999K->33038K(349696K)
[19.714s][info][gc,metaspace ] GC(837) Metaspace: 13486K->13486K(1062912K)
[19.714s][info][gc           ] GC(837) Pause Young (Allocation Failure) 201M->32M(511M) 0.525ms
[19.714s][info][gc,cpu       ] GC(837) User=0.00s Sys=0.00s Real=0.00s
[19.735s][info][gc,start     ] GC(838) Pause Young (Allocation Failure)
[19.736s][info][gc,heap      ] GC(838) PSYoungGen: 173632K->96K(174080K)
[19.736s][info][gc,heap      ] GC(838) ParOldGen: 33038K->33068K(349696K)
[19.736s][info][gc,metaspace ] GC(838) Metaspace: 13486K->13486K(1062912K)
[19.736s][info][gc           ] GC(838) Pause Young (Allocation Failure) 201M->32M(511M) 0.494ms
[19.736s][info][gc,cpu       ] GC(838) User=0.00s Sys=0.00s Real=0.00s
[19.758s][info][gc,start     ] GC(839) Pause Young (Allocation Failure)
[19.758s][info][gc,heap      ] GC(839) PSYoungGen: 173664K->64K(174080K)
[19.758s][info][gc,heap      ] GC(839) ParOldGen: 33068K->33107K(349696K)
[19.758s][info][gc,metaspace ] GC(839) Metaspace: 13486K->13486K(1062912K)
[19.758s][info][gc           ] GC(839) Pause Young (Allocation Failure) 201M->32M(511M) 0.472ms
[19.758s][info][gc,cpu       ] GC(839) User=0.01s Sys=0.00s Real=0.00s
[19.780s][info][gc,start     ] GC(840) Pause Young (Allocation Failure)
[19.781s][info][gc,heap      ] GC(840) PSYoungGen: 173632K->64K(174080K)
[19.781s][info][gc,heap      ] GC(840) ParOldGen: 33107K->33136K(349696K)
[19.781s][info][gc,metaspace ] GC(840) Metaspace: 13486K->13486K(1062912K)
[19.781s][info][gc           ] GC(840) Pause Young (Allocation Failure) 201M->32M(511M) 0.743ms
[19.781s][info][gc,cpu       ] GC(840) User=0.00s Sys=0.00s Real=0.00s
[19.804s][info][gc,start     ] GC(841) Pause Young (Allocation Failure)
[19.804s][info][gc,heap      ] GC(841) PSYoungGen: 173632K->64K(174080K)
[19.804s][info][gc,heap      ] GC(841) ParOldGen: 33136K->33175K(349696K)
[19.804s][info][gc,metaspace ] GC(841) Metaspace: 13486K->13486K(1062912K)
[19.804s][info][gc           ] GC(841) Pause Young (Allocation Failure) 201M->32M(511M) 0.516ms
[19.804s][info][gc,cpu       ] GC(841) User=0.00s Sys=0.00s Real=0.00s
[19.828s][info][gc,start     ] GC(842) Pause Young (Allocation Failure)
[19.829s][info][gc,heap      ] GC(842) PSYoungGen: 173632K->96K(174080K)
[19.829s][info][gc,heap      ] GC(842) ParOldGen: 33175K->33205K(349696K)
[19.829s][info][gc,metaspace ] GC(842) Metaspace: 13486K->13486K(1062912K)
[19.829s][info][gc           ] GC(842) Pause Young (Allocation Failure) 201M->32M(511M) 0.623ms
[19.829s][info][gc,cpu       ] GC(842) User=0.00s Sys=0.00s Real=0.00s
[19.853s][info][gc,start     ] GC(843) Pause Young (Allocation Failure)
[19.853s][info][gc,heap      ] GC(843) PSYoungGen: 173664K->64K(174080K)
[19.853s][info][gc,heap      ] GC(843) ParOldGen: 33205K->33244K(349696K)
[19.853s][info][gc,metaspace ] GC(843) Metaspace: 13486K->13486K(1062912K)
[19.853s][info][gc           ] GC(843) Pause Young (Allocation Failure) 202M->32M(511M) 0.494ms
[19.853s][info][gc,cpu       ] GC(843) User=0.00s Sys=0.00s Real=0.00s
[19.873s][info][gc,start     ] GC(844) Pause Young (Allocation Failure)
[19.874s][info][gc,heap      ] GC(844) PSYoungGen: 173632K->96K(174080K)
[19.874s][info][gc,heap      ] GC(844) ParOldGen: 33244K->33283K(349696K)
[19.874s][info][gc,metaspace ] GC(844) Metaspace: 13486K->13486K(1062912K)
[19.874s][info][gc           ] GC(844) Pause Young (Allocation Failure) 202M->32M(511M) 0.492ms
[19.874s][info][gc,cpu       ] GC(844) User=0.00s Sys=0.00s Real=0.00s
[19.896s][info][gc,start     ] GC(845) Pause Young (Allocation Failure)
[19.896s][info][gc,heap      ] GC(845) PSYoungGen: 173664K->128K(174080K)
[19.896s][info][gc,heap      ] GC(845) ParOldGen: 33283K->33312K(349696K)
[19.896s][info][gc,metaspace ] GC(845) Metaspace: 13486K->13486K(1062912K)
[19.896s][info][gc           ] GC(845) Pause Young (Allocation Failure) 202M->32M(511M) 0.457ms
[19.896s][info][gc,cpu       ] GC(845) User=0.00s Sys=0.00s Real=0.01s
[19.917s][info][gc,start     ] GC(846) Pause Young (Allocation Failure)
[19.917s][info][gc,heap      ] GC(846) PSYoungGen: 173696K->64K(174080K)
[19.917s][info][gc,heap      ] GC(846) ParOldGen: 33312K->33351K(349696K)
[19.917s][info][gc,metaspace ] GC(846) Metaspace: 13486K->13486K(1062912K)
[19.917s][info][gc           ] GC(846) Pause Young (Allocation Failure) 202M->32M(511M) 0.494ms
[19.917s][info][gc,cpu       ] GC(846) User=0.00s Sys=0.00s Real=0.00s
[19.938s][info][gc,start     ] GC(847) Pause Young (Allocation Failure)
[19.938s][info][gc,heap      ] GC(847) PSYoungGen: 173632K->96K(174080K)
[19.938s][info][gc,heap      ] GC(847) ParOldGen: 33351K->33381K(349696K)
[19.938s][info][gc,metaspace ] GC(847) Metaspace: 13486K->13486K(1062912K)
[19.938s][info][gc           ] GC(847) Pause Young (Allocation Failure) 202M->32M(511M) 0.412ms
[19.938s][info][gc,cpu       ] GC(847) User=0.00s Sys=0.00s Real=0.00s
[19.958s][info][gc,start     ] GC(848) Pause Young (Allocation Failure)
[19.958s][info][gc,heap      ] GC(848) PSYoungGen: 173664K->96K(174080K)
[19.958s][info][gc,heap      ] GC(848) ParOldGen: 33381K->33420K(349696K)
[19.958s][info][gc,metaspace ] GC(848) Metaspace: 13486K->13486K(1062912K)
[19.958s][info][gc           ] GC(848) Pause Young (Allocation Failure) 202M->32M(511M) 0.464ms
[19.958s][info][gc,cpu       ] GC(848) User=0.00s Sys=0.00s Real=0.00s
[19.979s][info][gc,start     ] GC(849) Pause Young (Allocation Failure)
[19.979s][info][gc,heap      ] GC(849) PSYoungGen: 173664K->96K(174080K)
[19.979s][info][gc,heap      ] GC(849) ParOldGen: 33420K->33449K(349696K)
[19.979s][info][gc,metaspace ] GC(849) Metaspace: 13486K->13486K(1062912K)
[19.979s][info][gc           ] GC(849) Pause Young (Allocation Failure) 202M->32M(511M) 0.565ms
[19.979s][info][gc,cpu       ] GC(849) User=0.01s Sys=0.00s Real=0.00s
[19.998s][info][gc,start     ] GC(850) Pause Young (Allocation Failure)
[19.998s][info][gc,heap      ] GC(850) PSYoungGen: 173664K->64K(174080K)
[19.998s][info][gc,heap      ] GC(850) ParOldGen: 33449K->33488K(349696K)
[19.998s][info][gc,metaspace ] GC(850) Metaspace: 13486K->13486K(1062912K)
[19.998s][info][gc           ] GC(850) Pause Young (Allocation Failure) 202M->32M(511M) 0.455ms
[19.998s][info][gc,cpu       ] GC(850) User=0.00s Sys=0.00s Real=0.00s
[20.019s][info][gc,start     ] GC(851) Pause Young (Allocation Failure)
[20.019s][info][gc,heap      ] GC(851) PSYoungGen: 173632K->64K(174080K)
[20.019s][info][gc,heap      ] GC(851) ParOldGen: 33488K->33518K(349696K)
[20.019s][info][gc,metaspace ] GC(851) Metaspace: 13486K->13486K(1062912K)
[20.019s][info][gc           ] GC(851) Pause Young (Allocation Failure) 202M->32M(511M) 0.460ms
[20.019s][info][gc,cpu       ] GC(851) User=0.00s Sys=0.00s Real=0.00s
[20.039s][info][gc,start     ] GC(852) Pause Young (Allocation Failure)
[20.040s][info][gc,heap      ] GC(852) PSYoungGen: 173632K->64K(174080K)
[20.040s][info][gc,heap      ] GC(852) ParOldGen: 33518K->33557K(349696K)
[20.040s][info][gc,metaspace ] GC(852) Metaspace: 13486K->13486K(1062912K)
[20.040s][info][gc           ] GC(852) Pause Young (Allocation Failure) 202M->32M(511M) 0.459ms
[20.040s][info][gc,cpu       ] GC(852) User=0.00s Sys=0.00s Real=0.00s
[20.061s][info][gc,start     ] GC(853) Pause Young (Allocation Failure)
[20.061s][info][gc,heap      ] GC(853) PSYoungGen: 173632K->64K(174080K)
[20.061s][info][gc,heap      ] GC(853) ParOldGen: 33557K->33586K(349696K)
[20.061s][info][gc,metaspace ] GC(853) Metaspace: 13486K->13486K(1062912K)
[20.061s][info][gc           ] GC(853) Pause Young (Allocation Failure) 202M->32M(511M) 0.465ms
[20.061s][info][gc,cpu       ] GC(853) User=0.00s Sys=0.00s Real=0.00s
[20.080s][info][gc,start     ] GC(854) Pause Young (Allocation Failure)
[20.081s][info][gc,heap      ] GC(854) PSYoungGen: 173632K->96K(174080K)
[20.081s][info][gc,heap      ] GC(854) ParOldGen: 33586K->33625K(349696K)
[20.081s][info][gc,metaspace ] GC(854) Metaspace: 13486K->13486K(1062912K)
[20.081s][info][gc           ] GC(854) Pause Young (Allocation Failure) 202M->32M(511M) 0.418ms
[20.081s][info][gc,cpu       ] GC(854) User=0.00s Sys=0.00s Real=0.00s
[20.102s][info][gc,start     ] GC(855) Pause Young (Allocation Failure)
[20.102s][info][gc,heap      ] GC(855) PSYoungGen: 173664K->96K(174080K)
[20.102s][info][gc,heap      ] GC(855) ParOldGen: 33625K->33655K(349696K)
[20.102s][info][gc,metaspace ] GC(855) Metaspace: 13486K->13486K(1062912K)
[20.102s][info][gc           ] GC(855) Pause Young (Allocation Failure) 202M->32M(511M) 0.546ms
[20.102s][info][gc,cpu       ] GC(855) User=0.01s Sys=0.00s Real=0.00s
[20.123s][info][gc,start     ] GC(856) Pause Young (Allocation Failure)
[20.124s][info][gc,heap      ] GC(856) PSYoungGen: 173664K->64K(174080K)
[20.124s][info][gc,heap      ] GC(856) ParOldGen: 33655K->33694K(349696K)
[20.124s][info][gc,metaspace ] GC(856) Metaspace: 13486K->13486K(1062912K)
[20.124s][info][gc           ] GC(856) Pause Young (Allocation Failure) 202M->32M(511M) 0.482ms
[20.124s][info][gc,cpu       ] GC(856) User=0.00s Sys=0.00s Real=0.00s
[20.144s][info][gc,start     ] GC(857) Pause Young (Allocation Failure)
[20.144s][info][gc,heap      ] GC(857) PSYoungGen: 173632K->64K(174080K)
[20.144s][info][gc,heap      ] GC(857) ParOldGen: 33694K->33733K(349696K)
[20.144s][info][gc,metaspace ] GC(857) Metaspace: 13486K->13486K(1062912K)
[20.144s][info][gc           ] GC(857) Pause Young (Allocation Failure) 202M->33M(511M) 0.489ms
[20.144s][info][gc,cpu       ] GC(857) User=0.00s Sys=0.00s Real=0.00s
[20.165s][info][gc,start     ] GC(858) Pause Young (Allocation Failure)
[20.165s][info][gc,heap      ] GC(858) PSYoungGen: 173632K->96K(174080K)
[20.165s][info][gc,heap      ] GC(858) ParOldGen: 33733K->33762K(349696K)
[20.165s][info][gc,metaspace ] GC(858) Metaspace: 13486K->13486K(1062912K)
[20.165s][info][gc           ] GC(858) Pause Young (Allocation Failure) 202M->33M(511M) 0.475ms
[20.165s][info][gc,cpu       ] GC(858) User=0.01s Sys=0.00s Real=0.00s
[20.186s][info][gc,start     ] GC(859) Pause Young (Allocation Failure)
[20.187s][info][gc,heap      ] GC(859) PSYoungGen: 173664K->96K(174080K)
[20.187s][info][gc,heap      ] GC(859) ParOldGen: 33762K->33801K(349696K)
[20.187s][info][gc,metaspace ] GC(859) Metaspace: 13486K->13486K(1062912K)
[20.187s][info][gc           ] GC(859) Pause Young (Allocation Failure) 202M->33M(511M) 0.512ms
[20.187s][info][gc,cpu       ] GC(859) User=0.00s Sys=0.00s Real=0.00s
[20.210s][info][gc,start     ] GC(860) Pause Young (Allocation Failure)
[20.211s][info][gc,heap      ] GC(860) PSYoungGen: 173664K->96K(174080K)
[20.211s][info][gc,heap      ] GC(860) ParOldGen: 33801K->33831K(349696K)
[20.211s][info][gc,metaspace ] GC(860) Metaspace: 13486K->13486K(1062912K)
[20.211s][info][gc           ] GC(860) Pause Young (Allocation Failure) 202M->33M(511M) 0.501ms
[20.211s][info][gc,cpu       ] GC(860) User=0.00s Sys=0.00s Real=0.00s
[20.232s][info][gc,start     ] GC(861) Pause Young (Allocation Failure)
[20.232s][info][gc,heap      ] GC(861) PSYoungGen: 173664K->64K(174080K)
[20.232s][info][gc,heap      ] GC(861) ParOldGen: 33831K->33870K(349696K)
[20.232s][info][gc,metaspace ] GC(861) Metaspace: 13486K->13486K(1062912K)
[20.232s][info][gc           ] GC(861) Pause Young (Allocation Failure) 202M->33M(511M) 0.598ms
[20.232s][info][gc,cpu       ] GC(861) User=0.00s Sys=0.00s Real=0.00s
[20.256s][info][gc,start     ] GC(862) Pause Young (Allocation Failure)
[20.257s][info][gc,heap      ] GC(862) PSYoungGen: 173632K->96K(174080K)
[20.257s][info][gc,heap      ] GC(862) ParOldGen: 33870K->33899K(349696K)
[20.257s][info][gc,metaspace ] GC(862) Metaspace: 13486K->13486K(1062912K)
[20.257s][info][gc           ] GC(862) Pause Young (Allocation Failure) 202M->33M(511M) 0.558ms
[20.257s][info][gc,cpu       ] GC(862) User=0.00s Sys=0.00s Real=0.00s
[20.280s][info][gc,start     ] GC(863) Pause Young (Allocation Failure)
[20.280s][info][gc,heap      ] GC(863) PSYoungGen: 173664K->64K(174080K)
[20.280s][info][gc,heap      ] GC(863) ParOldGen: 33899K->33938K(349696K)
[20.280s][info][gc,metaspace ] GC(863) Metaspace: 13486K->13486K(1062912K)
[20.280s][info][gc           ] GC(863) Pause Young (Allocation Failure) 202M->33M(511M) 0.576ms
[20.280s][info][gc,cpu       ] GC(863) User=0.00s Sys=0.00s Real=0.00s
[20.306s][info][gc,start     ] GC(864) Pause Young (Allocation Failure)
[20.306s][info][gc,heap      ] GC(864) PSYoungGen: 173632K->96K(174080K)
[20.306s][info][gc,heap      ] GC(864) ParOldGen: 33938K->33968K(349696K)
[20.306s][info][gc,metaspace ] GC(864) Metaspace: 13486K->13486K(1062912K)
[20.306s][info][gc           ] GC(864) Pause Young (Allocation Failure) 202M->33M(511M) 0.453ms
[20.306s][info][gc,cpu       ] GC(864) User=0.00s Sys=0.01s Real=0.01s
[20.329s][info][gc,start     ] GC(865) Pause Young (Allocation Failure)
[20.329s][info][gc,heap      ] GC(865) PSYoungGen: 173664K->96K(174080K)
[20.329s][info][gc,heap      ] GC(865) ParOldGen: 33968K->34007K(349696K)
[20.329s][info][gc,metaspace ] GC(865) Metaspace: 13490K->13490K(1062912K)
[20.329s][info][gc           ] GC(865) Pause Young (Allocation Failure) 202M->33M(511M) 0.670ms
[20.330s][info][gc,cpu       ] GC(865) User=0.01s Sys=0.00s Real=0.00s
[20.364s][info][gc,start     ] GC(866) Pause Young (Allocation Failure)
[20.365s][info][gc,heap      ] GC(866) PSYoungGen: 173664K->64K(174080K)
[20.365s][info][gc,heap      ] GC(866) ParOldGen: 34007K->34044K(349696K)
[20.365s][info][gc,metaspace ] GC(866) Metaspace: 13496K->13496K(1062912K)
[20.365s][info][gc           ] GC(866) Pause Young (Allocation Failure) 202M->33M(511M) 1.368ms
[20.365s][info][gc,cpu       ] GC(866) User=0.01s Sys=0.00s Real=0.00s
[20.393s][info][gc,start     ] GC(867) Pause Young (Allocation Failure)
[20.394s][info][gc,heap      ] GC(867) PSYoungGen: 173632K->64K(174080K)
[20.394s][info][gc,heap      ] GC(867) ParOldGen: 34044K->34115K(349696K)
[20.394s][info][gc,metaspace ] GC(867) Metaspace: 13496K->13496K(1062912K)
[20.394s][info][gc           ] GC(867) Pause Young (Allocation Failure) 202M->33M(511M) 0.477ms
[20.394s][info][gc,cpu       ] GC(867) User=0.00s Sys=0.00s Real=0.00s
[20.420s][info][gc,start     ] GC(868) Pause Young (Allocation Failure)
[20.420s][info][gc,heap      ] GC(868) PSYoungGen: 173632K->96K(174080K)
[20.420s][info][gc,heap      ] GC(868) ParOldGen: 34115K->34144K(349696K)
[20.420s][info][gc,metaspace ] GC(868) Metaspace: 13496K->13496K(1062912K)
[20.420s][info][gc           ] GC(868) Pause Young (Allocation Failure) 202M->33M(511M) 0.475ms
[20.420s][info][gc,cpu       ] GC(868) User=0.00s Sys=0.00s Real=0.00s
[20.439s][info][gc,start     ] GC(869) Pause Young (Allocation Failure)
[20.440s][info][gc,heap      ] GC(869) PSYoungGen: 173664K->96K(174080K)
[20.440s][info][gc,heap      ] GC(869) ParOldGen: 34144K->34184K(349696K)
[20.440s][info][gc,metaspace ] GC(869) Metaspace: 13496K->13496K(1062912K)
[20.440s][info][gc           ] GC(869) Pause Young (Allocation Failure) 202M->33M(511M) 0.485ms
[20.440s][info][gc,cpu       ] GC(869) User=0.00s Sys=0.00s Real=0.00s
[20.460s][info][gc,start     ] GC(870) Pause Young (Allocation Failure)
[20.461s][info][gc,heap      ] GC(870) PSYoungGen: 173664K->96K(174080K)
[20.461s][info][gc,heap      ] GC(870) ParOldGen: 34184K->34213K(349696K)
[20.461s][info][gc,metaspace ] GC(870) Metaspace: 13496K->13496K(1062912K)
[20.461s][info][gc           ] GC(870) Pause Young (Allocation Failure) 202M->33M(511M) 0.501ms
[20.461s][info][gc,cpu       ] GC(870) User=0.01s Sys=0.00s Real=0.00s
[20.484s][info][gc,start     ] GC(871) Pause Young (Allocation Failure)
[20.484s][info][gc,heap      ] GC(871) PSYoungGen: 173664K->64K(174080K)
[20.484s][info][gc,heap      ] GC(871) ParOldGen: 34213K->34252K(349696K)
[20.484s][info][gc,metaspace ] GC(871) Metaspace: 13496K->13496K(1062912K)
[20.484s][info][gc           ] GC(871) Pause Young (Allocation Failure) 203M->33M(511M) 0.423ms
[20.484s][info][gc,cpu       ] GC(871) User=0.00s Sys=0.00s Real=0.00s
[20.506s][info][gc,start     ] GC(872) Pause Young (Allocation Failure)
[20.507s][info][gc,heap      ] GC(872) PSYoungGen: 173632K->96K(174080K)
[20.507s][info][gc,heap      ] GC(872) ParOldGen: 34252K->34291K(349696K)
[20.507s][info][gc,metaspace ] GC(872) Metaspace: 13496K->13496K(1062912K)
[20.507s][info][gc           ] GC(872) Pause Young (Allocation Failure) 203M->33M(511M) 0.488ms
[20.507s][info][gc,cpu       ] GC(872) User=0.00s Sys=0.00s Real=0.00s
[20.530s][info][gc,start     ] GC(873) Pause Young (Allocation Failure)
[20.531s][info][gc,heap      ] GC(873) PSYoungGen: 173664K->64K(174080K)
[20.531s][info][gc,heap      ] GC(873) ParOldGen: 34291K->34321K(349696K)
[20.531s][info][gc,metaspace ] GC(873) Metaspace: 13496K->13496K(1062912K)
[20.531s][info][gc           ] GC(873) Pause Young (Allocation Failure) 203M->33M(511M) 0.622ms
[20.531s][info][gc,cpu       ] GC(873) User=0.00s Sys=0.00s Real=0.00s
[20.551s][info][gc,start     ] GC(874) Pause Young (Allocation Failure)
[20.552s][info][gc,heap      ] GC(874) PSYoungGen: 173632K->96K(174080K)
[20.552s][info][gc,heap      ] GC(874) ParOldGen: 34321K->34360K(349696K)
[20.552s][info][gc,metaspace ] GC(874) Metaspace: 13496K->13496K(1062912K)
[20.552s][info][gc           ] GC(874) Pause Young (Allocation Failure) 203M->33M(511M) 0.595ms
[20.552s][info][gc,cpu       ] GC(874) User=0.00s Sys=0.00s Real=0.00s
[20.572s][info][gc,start     ] GC(875) Pause Young (Allocation Failure)
[20.573s][info][gc,heap      ] GC(875) PSYoungGen: 173664K->96K(174080K)
[20.573s][info][gc,heap      ] GC(875) ParOldGen: 34360K->34389K(349696K)
[20.573s][info][gc,metaspace ] GC(875) Metaspace: 13496K->13496K(1062912K)
[20.573s][info][gc           ] GC(875) Pause Young (Allocation Failure) 203M->33M(511M) 0.457ms
[20.573s][info][gc,cpu       ] GC(875) User=0.00s Sys=0.00s Real=0.00s
[20.592s][info][gc,start     ] GC(876) Pause Young (Allocation Failure)
[20.592s][info][gc,heap      ] GC(876) PSYoungGen: 173664K->96K(174080K)
[20.592s][info][gc,heap      ] GC(876) ParOldGen: 34389K->34428K(349696K)
[20.592s][info][gc,metaspace ] GC(876) Metaspace: 13496K->13496K(1062912K)
[20.592s][info][gc           ] GC(876) Pause Young (Allocation Failure) 203M->33M(511M) 0.434ms
[20.592s][info][gc,cpu       ] GC(876) User=0.00s Sys=0.01s Real=0.00s
[20.613s][info][gc,start     ] GC(877) Pause Young (Allocation Failure)
[20.613s][info][gc,heap      ] GC(877) PSYoungGen: 173664K->96K(174080K)
[20.613s][info][gc,heap      ] GC(877) ParOldGen: 34428K->34457K(349696K)
[20.613s][info][gc,metaspace ] GC(877) Metaspace: 13496K->13496K(1062912K)
[20.613s][info][gc           ] GC(877) Pause Young (Allocation Failure) 203M->33M(511M) 0.438ms
[20.613s][info][gc,cpu       ] GC(877) User=0.00s Sys=0.00s Real=0.00s
[20.634s][info][gc,start     ] GC(878) Pause Young (Allocation Failure)
[20.634s][info][gc,heap      ] GC(878) PSYoungGen: 173664K->64K(174080K)
[20.635s][info][gc,heap      ] GC(878) ParOldGen: 34457K->34497K(349696K)
[20.635s][info][gc,metaspace ] GC(878) Metaspace: 13496K->13496K(1062912K)
[20.635s][info][gc           ] GC(878) Pause Young (Allocation Failure) 203M->33M(511M) 0.498ms
[20.635s][info][gc,cpu       ] GC(878) User=0.00s Sys=0.00s Real=0.00s
[20.659s][info][gc,start     ] GC(879) Pause Young (Allocation Failure)
[20.660s][info][gc,heap      ] GC(879) PSYoungGen: 173632K->96K(174080K)
[20.660s][info][gc,heap      ] GC(879) ParOldGen: 34497K->34526K(349696K)
[20.660s][info][gc,metaspace ] GC(879) Metaspace: 13496K->13496K(1062912K)
[20.660s][info][gc           ] GC(879) Pause Young (Allocation Failure) 203M->33M(511M) 0.530ms
[20.660s][info][gc,cpu       ] GC(879) User=0.00s Sys=0.00s Real=0.00s
[20.681s][info][gc,start     ] GC(880) Pause Young (Allocation Failure)
[20.681s][info][gc,heap      ] GC(880) PSYoungGen: 173664K->64K(174080K)
[20.681s][info][gc,heap      ] GC(880) ParOldGen: 34526K->34565K(349696K)
[20.681s][info][gc,metaspace ] GC(880) Metaspace: 13496K->13496K(1062912K)
[20.681s][info][gc           ] GC(880) Pause Young (Allocation Failure) 203M->33M(511M) 0.432ms
[20.681s][info][gc,cpu       ] GC(880) User=0.00s Sys=0.00s Real=0.00s
[20.703s][info][gc,start     ] GC(881) Pause Young (Allocation Failure)
[20.703s][info][gc,heap      ] GC(881) PSYoungGen: 173632K->128K(174080K)
[20.703s][info][gc,heap      ] GC(881) ParOldGen: 34565K->34594K(349696K)
[20.703s][info][gc,metaspace ] GC(881) Metaspace: 13496K->13496K(1062912K)
[20.703s][info][gc           ] GC(881) Pause Young (Allocation Failure) 203M->33M(511M) 0.451ms
[20.703s][info][gc,cpu       ] GC(881) User=0.00s Sys=0.00s Real=0.00s
[20.723s][info][gc,start     ] GC(882) Pause Young (Allocation Failure)
[20.724s][info][gc,heap      ] GC(882) PSYoungGen: 173696K->64K(174080K)
[20.724s][info][gc,heap      ] GC(882) ParOldGen: 34594K->34634K(349696K)
[20.724s][info][gc,metaspace ] GC(882) Metaspace: 13496K->13496K(1062912K)
[20.724s][info][gc           ] GC(882) Pause Young (Allocation Failure) 203M->33M(511M) 0.528ms
[20.724s][info][gc,cpu       ] GC(882) User=0.00s Sys=0.00s Real=0.00s
[20.746s][info][gc,start     ] GC(883) Pause Young (Allocation Failure)
[20.746s][info][gc,heap      ] GC(883) PSYoungGen: 173632K->96K(174080K)
[20.746s][info][gc,heap      ] GC(883) ParOldGen: 34634K->34663K(349696K)
[20.746s][info][gc,metaspace ] GC(883) Metaspace: 13496K->13496K(1062912K)
[20.746s][info][gc           ] GC(883) Pause Young (Allocation Failure) 203M->33M(511M) 0.493ms
[20.746s][info][gc,cpu       ] GC(883) User=0.00s Sys=0.00s Real=0.01s
[20.766s][info][gc,start     ] GC(884) Pause Young (Allocation Failure)
[20.767s][info][gc,heap      ] GC(884) PSYoungGen: 173664K->64K(174080K)
[20.767s][info][gc,heap      ] GC(884) ParOldGen: 34663K->34702K(349696K)
[20.767s][info][gc,metaspace ] GC(884) Metaspace: 13496K->13496K(1062912K)
[20.767s][info][gc           ] GC(884) Pause Young (Allocation Failure) 203M->33M(511M) 0.565ms
[20.767s][info][gc,cpu       ] GC(884) User=0.00s Sys=0.00s Real=0.00s
[20.788s][info][gc,start     ] GC(885) Pause Young (Allocation Failure)
[20.788s][info][gc,heap      ] GC(885) PSYoungGen: 173632K->128K(174080K)
[20.788s][info][gc,heap      ] GC(885) ParOldGen: 34702K->34731K(349696K)
[20.788s][info][gc,metaspace ] GC(885) Metaspace: 13496K->13496K(1062912K)
[20.788s][info][gc           ] GC(885) Pause Young (Allocation Failure) 203M->34M(511M) 0.373ms
[20.788s][info][gc,cpu       ] GC(885) User=0.00s Sys=0.00s Real=0.00s
[20.809s][info][gc,start     ] GC(886) Pause Young (Allocation Failure)
[20.809s][info][gc,heap      ] GC(886) PSYoungGen: 173696K->96K(174080K)
[20.809s][info][gc,heap      ] GC(886) ParOldGen: 34731K->34770K(349696K)
[20.809s][info][gc,metaspace ] GC(886) Metaspace: 13496K->13496K(1062912K)
[20.809s][info][gc           ] GC(886) Pause Young (Allocation Failure) 203M->34M(511M) 0.496ms
[20.809s][info][gc,cpu       ] GC(886) User=0.00s Sys=0.00s Real=0.00s
[20.828s][info][gc,start     ] GC(887) Pause Young (Allocation Failure)
[20.829s][info][gc,heap      ] GC(887) PSYoungGen: 173664K->64K(174080K)
[20.829s][info][gc,heap      ] GC(887) ParOldGen: 34770K->34810K(349696K)
[20.829s][info][gc,metaspace ] GC(887) Metaspace: 13496K->13496K(1062912K)
[20.829s][info][gc           ] GC(887) Pause Young (Allocation Failure) 203M->34M(511M) 0.534ms
[20.829s][info][gc,cpu       ] GC(887) User=0.00s Sys=0.00s Real=0.00s
[20.851s][info][gc,start     ] GC(888) Pause Young (Allocation Failure)
[20.851s][info][gc,heap      ] GC(888) PSYoungGen: 173632K->96K(174080K)
[20.851s][info][gc,heap      ] GC(888) ParOldGen: 34810K->34839K(349696K)
[20.851s][info][gc,metaspace ] GC(888) Metaspace: 13496K->13496K(1062912K)
[20.851s][info][gc           ] GC(888) Pause Young (Allocation Failure) 203M->34M(511M) 0.493ms
[20.851s][info][gc,cpu       ] GC(888) User=0.00s Sys=0.00s Real=0.00s
[20.871s][info][gc,start     ] GC(889) Pause Young (Allocation Failure)
[20.871s][info][gc,heap      ] GC(889) PSYoungGen: 173664K->64K(174080K)
[20.871s][info][gc,heap      ] GC(889) ParOldGen: 34839K->34878K(349696K)
[20.871s][info][gc,metaspace ] GC(889) Metaspace: 13496K->13496K(1062912K)
[20.871s][info][gc           ] GC(889) Pause Young (Allocation Failure) 203M->34M(511M) 0.500ms
[20.871s][info][gc,cpu       ] GC(889) User=0.00s Sys=0.00s Real=0.00s
[20.893s][info][gc,start     ] GC(890) Pause Young (Allocation Failure)
[20.894s][info][gc,heap      ] GC(890) PSYoungGen: 173632K->128K(174080K)
[20.894s][info][gc,heap      ] GC(890) ParOldGen: 34878K->34907K(349696K)
[20.894s][info][gc,metaspace ] GC(890) Metaspace: 13496K->13496K(1062912K)
[20.894s][info][gc           ] GC(890) Pause Young (Allocation Failure) 203M->34M(511M) 0.462ms
[20.894s][info][gc,cpu       ] GC(890) User=0.01s Sys=0.00s Real=0.00s
[20.918s][info][gc,start     ] GC(891) Pause Young (Allocation Failure)
[20.919s][info][gc,heap      ] GC(891) PSYoungGen: 173696K->96K(174080K)
[20.919s][info][gc,heap      ] GC(891) ParOldGen: 34907K->34947K(349696K)
[20.919s][info][gc,metaspace ] GC(891) Metaspace: 13496K->13496K(1062912K)
[20.919s][info][gc           ] GC(891) Pause Young (Allocation Failure) 203M->34M(511M) 0.532ms
[20.919s][info][gc,cpu       ] GC(891) User=0.00s Sys=0.00s Real=0.00s
[20.945s][info][gc,start     ] GC(892) Pause Young (Allocation Failure)
[20.946s][info][gc,heap      ] GC(892) PSYoungGen: 173664K->96K(174080K)
[20.946s][info][gc,heap      ] GC(892) ParOldGen: 34947K->34976K(349696K)
[20.946s][info][gc,metaspace ] GC(892) Metaspace: 13496K->13496K(1062912K)
[20.946s][info][gc           ] GC(892) Pause Young (Allocation Failure) 203M->34M(511M) 0.674ms
[20.946s][info][gc,cpu       ] GC(892) User=0.00s Sys=0.00s Real=0.00s
[20.967s][info][gc,start     ] GC(893) Pause Young (Allocation Failure)
[20.968s][info][gc,heap      ] GC(893) PSYoungGen: 173664K->64K(174080K)
[20.968s][info][gc,heap      ] GC(893) ParOldGen: 34976K->35015K(349696K)
[20.968s][info][gc,metaspace ] GC(893) Metaspace: 13496K->13496K(1062912K)
[20.968s][info][gc           ] GC(893) Pause Young (Allocation Failure) 203M->34M(511M) 0.581ms
[20.968s][info][gc,cpu       ] GC(893) User=0.00s Sys=0.01s Real=0.00s
[20.990s][info][gc,start     ] GC(894) Pause Young (Allocation Failure)
[20.990s][info][gc,heap      ] GC(894) PSYoungGen: 173632K->96K(174080K)
[20.990s][info][gc,heap      ] GC(894) ParOldGen: 35015K->35044K(349696K)
[20.990s][info][gc,metaspace ] GC(894) Metaspace: 13496K->13496K(1062912K)
[20.990s][info][gc           ] GC(894) Pause Young (Allocation Failure) 203M->34M(511M) 0.437ms
[20.990s][info][gc,cpu       ] GC(894) User=0.00s Sys=0.00s Real=0.00s
[21.010s][info][gc,start     ] GC(895) Pause Young (Allocation Failure)
[21.010s][info][gc,heap      ] GC(895) PSYoungGen: 173664K->64K(174080K)
[21.010s][info][gc,heap      ] GC(895) ParOldGen: 35044K->35083K(349696K)
[21.010s][info][gc,metaspace ] GC(895) Metaspace: 13496K->13496K(1062912K)
[21.010s][info][gc           ] GC(895) Pause Young (Allocation Failure) 203M->34M(511M) 0.445ms
[21.010s][info][gc,cpu       ] GC(895) User=0.00s Sys=0.00s Real=0.00s
[21.031s][info][gc,start     ] GC(896) Pause Young (Allocation Failure)
[21.032s][info][gc,heap      ] GC(896) PSYoungGen: 173632K->96K(174080K)
[21.032s][info][gc,heap      ] GC(896) ParOldGen: 35083K->35113K(349696K)
[21.032s][info][gc,metaspace ] GC(896) Metaspace: 13496K->13496K(1062912K)
[21.032s][info][gc           ] GC(896) Pause Young (Allocation Failure) 203M->34M(511M) 0.485ms
[21.032s][info][gc,cpu       ] GC(896) User=0.00s Sys=0.00s Real=0.00s
[21.050s][info][gc,start     ] GC(897) Pause Young (Allocation Failure)
[21.051s][info][gc,heap      ] GC(897) PSYoungGen: 173664K->64K(174080K)
[21.051s][info][gc,heap      ] GC(897) ParOldGen: 35113K->35152K(349696K)
[21.051s][info][gc,metaspace ] GC(897) Metaspace: 13496K->13496K(1062912K)
[21.051s][info][gc           ] GC(897) Pause Young (Allocation Failure) 203M->34M(511M) 0.468ms
[21.051s][info][gc,cpu       ] GC(897) User=0.01s Sys=0.00s Real=0.00s
[21.071s][info][gc,start     ] GC(898) Pause Young (Allocation Failure)
[21.072s][info][gc,heap      ] GC(898) PSYoungGen: 173632K->96K(174080K)
[21.072s][info][gc,heap      ] GC(898) ParOldGen: 35152K->35181K(349696K)
[21.072s][info][gc,metaspace ] GC(898) Metaspace: 13496K->13496K(1062912K)
[21.072s][info][gc           ] GC(898) Pause Young (Allocation Failure) 203M->34M(511M) 0.581ms
[21.072s][info][gc,cpu       ] GC(898) User=0.00s Sys=0.00s Real=0.00s
[21.092s][info][gc,start     ] GC(899) Pause Young (Allocation Failure)
[21.093s][info][gc,heap      ] GC(899) PSYoungGen: 173664K->64K(174080K)
[21.093s][info][gc,heap      ] GC(899) ParOldGen: 35181K->35220K(349696K)
[21.093s][info][gc,metaspace ] GC(899) Metaspace: 13496K->13496K(1062912K)
[21.093s][info][gc           ] GC(899) Pause Young (Allocation Failure) 203M->34M(511M) 0.500ms
[21.093s][info][gc,cpu       ] GC(899) User=0.00s Sys=0.00s Real=0.00s
[21.114s][info][gc,start     ] GC(900) Pause Young (Allocation Failure)
[21.114s][info][gc,heap      ] GC(900) PSYoungGen: 173632K->64K(174080K)
[21.114s][info][gc,heap      ] GC(900) ParOldGen: 35220K->35260K(349696K)
[21.114s][info][gc,metaspace ] GC(900) Metaspace: 13496K->13496K(1062912K)
[21.114s][info][gc           ] GC(900) Pause Young (Allocation Failure) 203M->34M(511M) 0.483ms
[21.114s][info][gc,cpu       ] GC(900) User=0.00s Sys=0.00s Real=0.00s
[21.137s][info][gc,start     ] GC(901) Pause Young (Allocation Failure)
[21.138s][info][gc,heap      ] GC(901) PSYoungGen: 173632K->96K(174080K)
[21.138s][info][gc,heap      ] GC(901) ParOldGen: 35260K->35289K(349696K)
[21.138s][info][gc,metaspace ] GC(901) Metaspace: 13496K->13496K(1062912K)
[21.138s][info][gc           ] GC(901) Pause Young (Allocation Failure) 203M->34M(511M) 0.557ms
[21.138s][info][gc,cpu       ] GC(901) User=0.01s Sys=0.00s Real=0.00s
[21.158s][info][gc,start     ] GC(902) Pause Young (Allocation Failure)
[21.158s][info][gc,heap      ] GC(902) PSYoungGen: 173664K->64K(174080K)
[21.158s][info][gc,heap      ] GC(902) ParOldGen: 35289K->35328K(349696K)
[21.158s][info][gc,metaspace ] GC(902) Metaspace: 13496K->13496K(1062912K)
[21.159s][info][gc           ] GC(902) Pause Young (Allocation Failure) 204M->34M(511M) 0.438ms
[21.159s][info][gc,cpu       ] GC(902) User=0.00s Sys=0.00s Real=0.00s
[21.179s][info][gc,start     ] GC(903) Pause Young (Allocation Failure)
[21.180s][info][gc,heap      ] GC(903) PSYoungGen: 173632K->96K(174080K)
[21.180s][info][gc,heap      ] GC(903) ParOldGen: 35328K->35357K(349696K)
[21.180s][info][gc,metaspace ] GC(903) Metaspace: 13496K->13496K(1062912K)
[21.180s][info][gc           ] GC(903) Pause Young (Allocation Failure) 204M->34M(511M) 0.602ms
[21.180s][info][gc,cpu       ] GC(903) User=0.00s Sys=0.00s Real=0.00s
[21.200s][info][gc,start     ] GC(904) Pause Young (Allocation Failure)
[21.201s][info][gc,heap      ] GC(904) PSYoungGen: 173664K->64K(174080K)
[21.201s][info][gc,heap      ] GC(904) ParOldGen: 35357K->35396K(349696K)
[21.201s][info][gc,metaspace ] GC(904) Metaspace: 13496K->13496K(1062912K)
[21.201s][info][gc           ] GC(904) Pause Young (Allocation Failure) 204M->34M(511M) 0.464ms
[21.201s][info][gc,cpu       ] GC(904) User=0.00s Sys=0.00s Real=0.00s
[21.222s][info][gc,start     ] GC(905) Pause Young (Allocation Failure)
[21.222s][info][gc,heap      ] GC(905) PSYoungGen: 173632K->128K(174080K)
[21.222s][info][gc,heap      ] GC(905) ParOldGen: 35396K->35426K(349696K)
[21.222s][info][gc,metaspace ] GC(905) Metaspace: 13496K->13496K(1062912K)
[21.222s][info][gc           ] GC(905) Pause Young (Allocation Failure) 204M->34M(511M) 0.479ms
[21.222s][info][gc,cpu       ] GC(905) User=0.00s Sys=0.00s Real=0.00s
[21.241s][info][gc,start     ] GC(906) Pause Young (Allocation Failure)
[21.242s][info][gc,heap      ] GC(906) PSYoungGen: 173696K->64K(174080K)
[21.242s][info][gc,heap      ] GC(906) ParOldGen: 35426K->35465K(349696K)
[21.242s][info][gc,metaspace ] GC(906) Metaspace: 13496K->13496K(1062912K)
[21.242s][info][gc           ] GC(906) Pause Young (Allocation Failure) 204M->34M(511M) 0.438ms
[21.242s][info][gc,cpu       ] GC(906) User=0.00s Sys=0.00s Real=0.00s
[21.262s][info][gc,start     ] GC(907) Pause Young (Allocation Failure)
[21.263s][info][gc,heap      ] GC(907) PSYoungGen: 173632K->128K(174080K)
[21.263s][info][gc,heap      ] GC(907) ParOldGen: 35465K->35494K(349696K)
[21.263s][info][gc,metaspace ] GC(907) Metaspace: 13496K->13496K(1062912K)
[21.263s][info][gc           ] GC(907) Pause Young (Allocation Failure) 204M->34M(511M) 0.482ms
[21.263s][info][gc,cpu       ] GC(907) User=0.00s Sys=0.00s Real=0.00s
[21.282s][info][gc,start     ] GC(908) Pause Young (Allocation Failure)
[21.282s][info][gc,heap      ] GC(908) PSYoungGen: 173696K->64K(174080K)
[21.282s][info][gc,heap      ] GC(908) ParOldGen: 35494K->35533K(349696K)
[21.282s][info][gc,metaspace ] GC(908) Metaspace: 13496K->13496K(1062912K)
[21.282s][info][gc           ] GC(908) Pause Young (Allocation Failure) 204M->34M(511M) 0.399ms
[21.282s][info][gc,cpu       ] GC(908) User=0.00s Sys=0.00s Real=0.00s
[21.303s][info][gc,start     ] GC(909) Pause Young (Allocation Failure)
[21.303s][info][gc,heap      ] GC(909) PSYoungGen: 173632K->128K(174080K)
[21.303s][info][gc,heap      ] GC(909) ParOldGen: 35533K->35563K(349696K)
[21.303s][info][gc,metaspace ] GC(909) Metaspace: 13496K->13496K(1062912K)
[21.303s][info][gc           ] GC(909) Pause Young (Allocation Failure) 204M->34M(511M) 0.467ms
[21.303s][info][gc,cpu       ] GC(909) User=0.00s Sys=0.00s Real=0.00s
[21.323s][info][gc,start     ] GC(910) Pause Young (Allocation Failure)
[21.323s][info][gc,heap      ] GC(910) PSYoungGen: 173696K->64K(174080K)
[21.323s][info][gc,heap      ] GC(910) ParOldGen: 35563K->35602K(349696K)
[21.323s][info][gc,metaspace ] GC(910) Metaspace: 13496K->13496K(1062912K)
[21.323s][info][gc           ] GC(910) Pause Young (Allocation Failure) 204M->34M(511M) 0.438ms
[21.323s][info][gc,cpu       ] GC(910) User=0.00s Sys=0.00s Real=0.00s
[21.351s][info][gc,start     ] GC(911) Pause Young (Allocation Failure)
[21.352s][info][gc,heap      ] GC(911) PSYoungGen: 173632K->128K(174080K)
[21.352s][info][gc,heap      ] GC(911) ParOldGen: 35602K->35631K(349696K)
[21.352s][info][gc,metaspace ] GC(911) Metaspace: 13497K->13497K(1062912K)
[21.352s][info][gc           ] GC(911) Pause Young (Allocation Failure) 204M->34M(511M) 0.805ms
[21.352s][info][gc,cpu       ] GC(911) User=0.01s Sys=0.00s Real=0.00s
[21.395s][info][gc,start     ] GC(912) Pause Young (Allocation Failure)
[21.396s][info][gc,heap      ] GC(912) PSYoungGen: 173696K->64K(174080K)
[21.396s][info][gc,heap      ] GC(912) ParOldGen: 35631K->35678K(349696K)
[21.396s][info][gc,metaspace ] GC(912) Metaspace: 13497K->13497K(1062912K)
[21.396s][info][gc           ] GC(912) Pause Young (Allocation Failure) 204M->34M(511M) 0.868ms
[21.396s][info][gc,cpu       ] GC(912) User=0.00s Sys=0.00s Real=0.00s
[21.420s][info][gc,start     ] GC(913) Pause Young (Allocation Failure)
[21.420s][info][gc,heap      ] GC(913) PSYoungGen: 173632K->96K(174080K)
[21.420s][info][gc,heap      ] GC(913) ParOldGen: 35678K->35717K(349696K)
[21.420s][info][gc,metaspace ] GC(913) Metaspace: 13497K->13497K(1062912K)
[21.420s][info][gc           ] GC(913) Pause Young (Allocation Failure) 204M->34M(511M) 0.452ms
[21.420s][info][gc,cpu       ] GC(913) User=0.01s Sys=0.00s Real=0.00s
[21.440s][info][gc,start     ] GC(914) Pause Young (Allocation Failure)
[21.441s][info][gc,heap      ] GC(914) PSYoungGen: 173664K->96K(174080K)
[21.441s][info][gc,heap      ] GC(914) ParOldGen: 35717K->35747K(349696K)
[21.441s][info][gc,metaspace ] GC(914) Metaspace: 13497K->13497K(1062912K)
[21.441s][info][gc           ] GC(914) Pause Young (Allocation Failure) 204M->35M(511M) 0.501ms
[21.441s][info][gc,cpu       ] GC(914) User=0.00s Sys=0.00s Real=0.00s
[21.463s][info][gc,start     ] GC(915) Pause Young (Allocation Failure)
[21.464s][info][gc,heap      ] GC(915) PSYoungGen: 173664K->64K(174080K)
[21.464s][info][gc,heap      ] GC(915) ParOldGen: 35747K->35786K(349696K)
[21.464s][info][gc,metaspace ] GC(915) Metaspace: 13497K->13497K(1062912K)
[21.464s][info][gc           ] GC(915) Pause Young (Allocation Failure) 204M->35M(511M) 0.637ms
[21.464s][info][gc,cpu       ] GC(915) User=0.00s Sys=0.00s Real=0.00s
[21.485s][info][gc,start     ] GC(916) Pause Young (Allocation Failure)
[21.485s][info][gc,heap      ] GC(916) PSYoungGen: 173632K->96K(174080K)
[21.485s][info][gc,heap      ] GC(916) ParOldGen: 35786K->35815K(349696K)
[21.485s][info][gc,metaspace ] GC(916) Metaspace: 13497K->13497K(1062912K)
[21.485s][info][gc           ] GC(916) Pause Young (Allocation Failure) 204M->35M(511M) 0.427ms
[21.485s][info][gc,cpu       ] GC(916) User=0.00s Sys=0.00s Real=0.00s
[21.504s][info][gc,start     ] GC(917) Pause Young (Allocation Failure)
[21.505s][info][gc,heap      ] GC(917) PSYoungGen: 173664K->64K(174080K)
[21.505s][info][gc,heap      ] GC(917) ParOldGen: 35815K->35854K(349696K)
[21.505s][info][gc,metaspace ] GC(917) Metaspace: 13497K->13497K(1062912K)
[21.505s][info][gc           ] GC(917) Pause Young (Allocation Failure) 204M->35M(511M) 0.484ms
[21.505s][info][gc,cpu       ] GC(917) User=0.00s Sys=0.00s Real=0.00s
[21.526s][info][gc,start     ] GC(918) Pause Young (Allocation Failure)
[21.526s][info][gc,heap      ] GC(918) PSYoungGen: 173632K->96K(174080K)
[21.526s][info][gc,heap      ] GC(918) ParOldGen: 35854K->35884K(349696K)
[21.526s][info][gc,metaspace ] GC(918) Metaspace: 13497K->13497K(1062912K)
[21.526s][info][gc           ] GC(918) Pause Young (Allocation Failure) 204M->35M(511M) 0.539ms
[21.526s][info][gc,cpu       ] GC(918) User=0.00s Sys=0.00s Real=0.01s
[21.548s][info][gc,start     ] GC(919) Pause Young (Allocation Failure)
[21.548s][info][gc,heap      ] GC(919) PSYoungGen: 173664K->64K(174080K)
[21.548s][info][gc,heap      ] GC(919) ParOldGen: 35884K->35923K(349696K)
[21.548s][info][gc,metaspace ] GC(919) Metaspace: 13497K->13497K(1062912K)
[21.548s][info][gc           ] GC(919) Pause Young (Allocation Failure) 204M->35M(511M) 0.427ms
[21.548s][info][gc,cpu       ] GC(919) User=0.00s Sys=0.00s Real=0.00s
[21.570s][info][gc,start     ] GC(920) Pause Young (Allocation Failure)
[21.571s][info][gc,heap      ] GC(920) PSYoungGen: 173632K->128K(174080K)
[21.571s][info][gc,heap      ] GC(920) ParOldGen: 35923K->35952K(349696K)
[21.571s][info][gc,metaspace ] GC(920) Metaspace: 13497K->13497K(1062912K)
[21.571s][info][gc           ] GC(920) Pause Young (Allocation Failure) 204M->35M(511M) 0.486ms
[21.571s][info][gc,cpu       ] GC(920) User=0.00s Sys=0.00s Real=0.00s
[21.591s][info][gc,start     ] GC(921) Pause Young (Allocation Failure)
[21.591s][info][gc,heap      ] GC(921) PSYoungGen: 173696K->96K(174080K)
[21.591s][info][gc,heap      ] GC(921) ParOldGen: 35952K->35991K(349696K)
[21.591s][info][gc,metaspace ] GC(921) Metaspace: 13497K->13497K(1062912K)
[21.591s][info][gc           ] GC(921) Pause Young (Allocation Failure) 204M->35M(511M) 0.456ms
[21.591s][info][gc,cpu       ] GC(921) User=0.00s Sys=0.00s Real=0.00s
[21.613s][info][gc,start     ] GC(922) Pause Young (Allocation Failure)
[21.614s][info][gc,heap      ] GC(922) PSYoungGen: 173664K->96K(174080K)
[21.614s][info][gc,heap      ] GC(922) ParOldGen: 35991K->36021K(349696K)
[21.614s][info][gc,metaspace ] GC(922) Metaspace: 13497K->13497K(1062912K)
[21.614s][info][gc           ] GC(922) Pause Young (Allocation Failure) 204M->35M(511M) 0.721ms
[21.614s][info][gc,cpu       ] GC(922) User=0.00s Sys=0.00s Real=0.00s
[21.635s][info][gc,start     ] GC(923) Pause Young (Allocation Failure)
[21.636s][info][gc,heap      ] GC(923) PSYoungGen: 173664K->64K(174080K)
[21.636s][info][gc,heap      ] GC(923) ParOldGen: 36021K->36060K(349696K)
[21.636s][info][gc,metaspace ] GC(923) Metaspace: 13497K->13497K(1062912K)
[21.636s][info][gc           ] GC(923) Pause Young (Allocation Failure) 204M->35M(511M) 0.536ms
[21.636s][info][gc,cpu       ] GC(923) User=0.00s Sys=0.00s Real=0.00s
[21.657s][info][gc,start     ] GC(924) Pause Young (Allocation Failure)
[21.657s][info][gc,heap      ] GC(924) PSYoungGen: 173632K->128K(174080K)
[21.657s][info][gc,heap      ] GC(924) ParOldGen: 36060K->36089K(349696K)
[21.657s][info][gc,metaspace ] GC(924) Metaspace: 13497K->13497K(1062912K)
[21.657s][info][gc           ] GC(924) Pause Young (Allocation Failure) 204M->35M(511M) 0.471ms
[21.657s][info][gc,cpu       ] GC(924) User=0.00s Sys=0.00s Real=0.00s
[21.678s][info][gc,start     ] GC(925) Pause Young (Allocation Failure)
[21.678s][info][gc,heap      ] GC(925) PSYoungGen: 173696K->64K(174080K)
[21.678s][info][gc,heap      ] GC(925) ParOldGen: 36089K->36128K(349696K)
[21.678s][info][gc,metaspace ] GC(925) Metaspace: 13497K->13497K(1062912K)
[21.678s][info][gc           ] GC(925) Pause Young (Allocation Failure) 204M->35M(511M) 0.559ms
[21.678s][info][gc,cpu       ] GC(925) User=0.01s Sys=0.00s Real=0.00s
[21.697s][info][gc,start     ] GC(926) Pause Young (Allocation Failure)
[21.698s][info][gc,heap      ] GC(926) PSYoungGen: 173632K->64K(174080K)
[21.698s][info][gc,heap      ] GC(926) ParOldGen: 36128K->36167K(349696K)
[21.698s][info][gc,metaspace ] GC(926) Metaspace: 13497K->13497K(1062912K)
[21.698s][info][gc           ] GC(926) Pause Young (Allocation Failure) 204M->35M(511M) 0.439ms
[21.698s][info][gc,cpu       ] GC(926) User=0.00s Sys=0.00s Real=0.00s
[21.722s][info][gc,start     ] GC(927) Pause Young (Allocation Failure)
[21.723s][info][gc,heap      ] GC(927) PSYoungGen: 173632K->128K(174080K)
[21.723s][info][gc,heap      ] GC(927) ParOldGen: 36167K->36197K(349696K)
[21.723s][info][gc,metaspace ] GC(927) Metaspace: 13497K->13497K(1062912K)
[21.723s][info][gc           ] GC(927) Pause Young (Allocation Failure) 204M->35M(511M) 0.749ms
[21.723s][info][gc,cpu       ] GC(927) User=0.00s Sys=0.00s Real=0.00s
[21.743s][info][gc,start     ] GC(928) Pause Young (Allocation Failure)
[21.744s][info][gc,heap      ] GC(928) PSYoungGen: 173696K->64K(174080K)
[21.744s][info][gc,heap      ] GC(928) ParOldGen: 36197K->36236K(349696K)
[21.744s][info][gc,metaspace ] GC(928) Metaspace: 13497K->13497K(1062912K)
[21.744s][info][gc           ] GC(928) Pause Young (Allocation Failure) 204M->35M(511M) 0.636ms
[21.744s][info][gc,cpu       ] GC(928) User=0.00s Sys=0.00s Real=0.00s
[21.765s][info][gc,start     ] GC(929) Pause Young (Allocation Failure)
[21.765s][info][gc,heap      ] GC(929) PSYoungGen: 173632K->64K(174080K)
[21.765s][info][gc,heap      ] GC(929) ParOldGen: 36236K->36265K(349696K)
[21.765s][info][gc,metaspace ] GC(929) Metaspace: 13497K->13497K(1062912K)
[21.765s][info][gc           ] GC(929) Pause Young (Allocation Failure) 204M->35M(511M) 0.455ms
[21.765s][info][gc,cpu       ] GC(929) User=0.00s Sys=0.00s Real=0.00s
[21.786s][info][gc,start     ] GC(930) Pause Young (Allocation Failure)
[21.787s][info][gc,heap      ] GC(930) PSYoungGen: 173632K->64K(174080K)
[21.787s][info][gc,heap      ] GC(930) ParOldGen: 36265K->36304K(349696K)
[21.787s][info][gc,metaspace ] GC(930) Metaspace: 13497K->13497K(1062912K)
[21.787s][info][gc           ] GC(930) Pause Young (Allocation Failure) 204M->35M(511M) 0.587ms
[21.787s][info][gc,cpu       ] GC(930) User=0.01s Sys=0.00s Real=0.00s
[21.809s][info][gc,start     ] GC(931) Pause Young (Allocation Failure)
[21.809s][info][gc,heap      ] GC(931) PSYoungGen: 173632K->64K(174080K)
[21.809s][info][gc,heap      ] GC(931) ParOldGen: 36304K->36334K(349696K)
[21.809s][info][gc,metaspace ] GC(931) Metaspace: 13497K->13497K(1062912K)
[21.809s][info][gc           ] GC(931) Pause Young (Allocation Failure) 205M->35M(511M) 0.514ms
[21.809s][info][gc,cpu       ] GC(931) User=0.00s Sys=0.00s Real=0.00s
[21.830s][info][gc,start     ] GC(932) Pause Young (Allocation Failure)
[21.830s][info][gc,heap      ] GC(932) PSYoungGen: 173632K->64K(174080K)
[21.830s][info][gc,heap      ] GC(932) ParOldGen: 36334K->36373K(349696K)
[21.831s][info][gc,metaspace ] GC(932) Metaspace: 13497K->13497K(1062912K)
[21.831s][info][gc           ] GC(932) Pause Young (Allocation Failure) 205M->35M(511M) 0.450ms
[21.831s][info][gc,cpu       ] GC(932) User=0.00s Sys=0.00s Real=0.00s
[21.853s][info][gc,start     ] GC(933) Pause Young (Allocation Failure)
[21.853s][info][gc,heap      ] GC(933) PSYoungGen: 173632K->64K(174080K)
[21.854s][info][gc,heap      ] GC(933) ParOldGen: 36373K->36402K(349696K)
[21.854s][info][gc,metaspace ] GC(933) Metaspace: 13497K->13497K(1062912K)
[21.854s][info][gc           ] GC(933) Pause Young (Allocation Failure) 205M->35M(511M) 0.463ms
[21.854s][info][gc,cpu       ] GC(933) User=0.00s Sys=0.00s Real=0.00s
[21.872s][info][gc,start     ] GC(934) Pause Young (Allocation Failure)
[21.873s][info][gc,heap      ] GC(934) PSYoungGen: 173632K->96K(174080K)
[21.873s][info][gc,heap      ] GC(934) ParOldGen: 36402K->36441K(349696K)
[21.873s][info][gc,metaspace ] GC(934) Metaspace: 13497K->13497K(1062912K)
[21.873s][info][gc           ] GC(934) Pause Young (Allocation Failure) 205M->35M(511M) 0.532ms
[21.873s][info][gc,cpu       ] GC(934) User=0.01s Sys=0.00s Real=0.00s
[21.895s][info][gc,start     ] GC(935) Pause Young (Allocation Failure)
[21.896s][info][gc,heap      ] GC(935) PSYoungGen: 173664K->128K(174080K)
[21.896s][info][gc,heap      ] GC(935) ParOldGen: 36441K->36471K(349696K)
[21.896s][info][gc,metaspace ] GC(935) Metaspace: 13497K->13497K(1062912K)
[21.896s][info][gc           ] GC(935) Pause Young (Allocation Failure) 205M->35M(511M) 0.537ms
[21.896s][info][gc,cpu       ] GC(935) User=0.00s Sys=0.00s Real=0.00s
[21.918s][info][gc,start     ] GC(936) Pause Young (Allocation Failure)
[21.918s][info][gc,heap      ] GC(936) PSYoungGen: 173696K->64K(174080K)
[21.918s][info][gc,heap      ] GC(936) ParOldGen: 36471K->36510K(349696K)
[21.918s][info][gc,metaspace ] GC(936) Metaspace: 13497K->13497K(1062912K)
[21.918s][info][gc           ] GC(936) Pause Young (Allocation Failure) 205M->35M(511M) 0.461ms
[21.918s][info][gc,cpu       ] GC(936) User=0.00s Sys=0.00s Real=0.00s
[21.943s][info][gc,start     ] GC(937) Pause Young (Allocation Failure)
[21.944s][info][gc,heap      ] GC(937) PSYoungGen: 173632K->96K(174080K)
[21.944s][info][gc,heap      ] GC(937) ParOldGen: 36510K->36539K(349696K)
[21.944s][info][gc,metaspace ] GC(937) Metaspace: 13497K->13497K(1062912K)
[21.944s][info][gc           ] GC(937) Pause Young (Allocation Failure) 205M->35M(511M) 0.564ms
[21.944s][info][gc,cpu       ] GC(937) User=0.00s Sys=0.00s Real=0.00s
[21.968s][info][gc,start     ] GC(938) Pause Young (Allocation Failure)
[21.968s][info][gc,heap      ] GC(938) PSYoungGen: 173664K->96K(174080K)
[21.968s][info][gc,heap      ] GC(938) ParOldGen: 36539K->36578K(349696K)
[21.968s][info][gc,metaspace ] GC(938) Metaspace: 13497K->13497K(1062912K)
[21.968s][info][gc           ] GC(938) Pause Young (Allocation Failure) 205M->35M(511M) 0.603ms
[21.968s][info][gc,cpu       ] GC(938) User=0.00s Sys=0.00s Real=0.00s
[21.992s][info][gc,start     ] GC(939) Pause Young (Allocation Failure)
[21.993s][info][gc,heap      ] GC(939) PSYoungGen: 173664K->64K(174080K)
[21.993s][info][gc,heap      ] GC(939) ParOldGen: 36578K->36617K(349696K)
[21.993s][info][gc,metaspace ] GC(939) Metaspace: 13497K->13497K(1062912K)
[21.993s][info][gc           ] GC(939) Pause Young (Allocation Failure) 205M->35M(511M) 0.540ms
[21.993s][info][gc,cpu       ] GC(939) User=0.00s Sys=0.00s Real=0.00s
[22.017s][info][gc,start     ] GC(940) Pause Young (Allocation Failure)
[22.018s][info][gc,heap      ] GC(940) PSYoungGen: 173632K->96K(174080K)
[22.018s][info][gc,heap      ] GC(940) ParOldGen: 36617K->36647K(349696K)
[22.018s][info][gc,metaspace ] GC(940) Metaspace: 13497K->13497K(1062912K)
[22.018s][info][gc           ] GC(940) Pause Young (Allocation Failure) 205M->35M(511M) 0.684ms
[22.018s][info][gc,cpu       ] GC(940) User=0.00s Sys=0.01s Real=0.00s
[22.041s][info][gc,start     ] GC(941) Pause Young (Allocation Failure)
[22.041s][info][gc,heap      ] GC(941) PSYoungGen: 173664K->64K(174080K)
[22.041s][info][gc,heap      ] GC(941) ParOldGen: 36647K->36686K(349696K)
[22.041s][info][gc,metaspace ] GC(941) Metaspace: 13497K->13497K(1062912K)
[22.041s][info][gc           ] GC(941) Pause Young (Allocation Failure) 205M->35M(511M) 0.562ms
[22.041s][info][gc,cpu       ] GC(941) User=0.00s Sys=0.00s Real=0.00s
[22.065s][info][gc,start     ] GC(942) Pause Young (Allocation Failure)
[22.065s][info][gc,heap      ] GC(942) PSYoungGen: 173632K->96K(174080K)
[22.065s][info][gc,heap      ] GC(942) ParOldGen: 36686K->36715K(349696K)
[22.065s][info][gc,metaspace ] GC(942) Metaspace: 13497K->13497K(1062912K)
[22.066s][info][gc           ] GC(942) Pause Young (Allocation Failure) 205M->35M(511M) 0.653ms
[22.066s][info][gc,cpu       ] GC(942) User=0.00s Sys=0.00s Real=0.00s
[22.087s][info][gc,start     ] GC(943) Pause Young (Allocation Failure)
[22.088s][info][gc,heap      ] GC(943) PSYoungGen: 173664K->96K(174080K)
[22.088s][info][gc,heap      ] GC(943) ParOldGen: 36715K->36754K(349696K)
[22.088s][info][gc,metaspace ] GC(943) Metaspace: 13497K->13497K(1062912K)
[22.088s][info][gc           ] GC(943) Pause Young (Allocation Failure) 205M->35M(511M) 0.554ms
[22.088s][info][gc,cpu       ] GC(943) User=0.00s Sys=0.00s Real=0.00s
[22.112s][info][gc,start     ] GC(944) Pause Young (Allocation Failure)
[22.112s][info][gc,heap      ] GC(944) PSYoungGen: 173664K->96K(174080K)
[22.112s][info][gc,heap      ] GC(944) ParOldGen: 36754K->36784K(349696K)
[22.112s][info][gc,metaspace ] GC(944) Metaspace: 13497K->13497K(1062912K)
[22.112s][info][gc           ] GC(944) Pause Young (Allocation Failure) 205M->36M(511M) 0.518ms
[22.113s][info][gc,cpu       ] GC(944) User=0.00s Sys=0.00s Real=0.00s
[22.133s][info][gc,start     ] GC(945) Pause Young (Allocation Failure)
[22.134s][info][gc,heap      ] GC(945) PSYoungGen: 173664K->96K(174080K)
[22.134s][info][gc,heap      ] GC(945) ParOldGen: 36784K->36823K(349696K)
[22.134s][info][gc,metaspace ] GC(945) Metaspace: 13497K->13497K(1062912K)
[22.134s][info][gc           ] GC(945) Pause Young (Allocation Failure) 205M->36M(511M) 0.405ms
[22.134s][info][gc,cpu       ] GC(945) User=0.00s Sys=0.00s Real=0.00s
[22.154s][info][gc,start     ] GC(946) Pause Young (Allocation Failure)
[22.155s][info][gc,heap      ] GC(946) PSYoungGen: 173664K->96K(174080K)
[22.155s][info][gc,heap      ] GC(946) ParOldGen: 36823K->36852K(349696K)
[22.155s][info][gc,metaspace ] GC(946) Metaspace: 13497K->13497K(1062912K)
[22.155s][info][gc           ] GC(946) Pause Young (Allocation Failure) 205M->36M(511M) 0.536ms
[22.155s][info][gc,cpu       ] GC(946) User=0.00s Sys=0.00s Real=0.00s
[22.177s][info][gc,start     ] GC(947) Pause Young (Allocation Failure)
[22.177s][info][gc,heap      ] GC(947) PSYoungGen: 173664K->64K(174080K)
[22.177s][info][gc,heap      ] GC(947) ParOldGen: 36852K->36891K(349696K)
[22.177s][info][gc,metaspace ] GC(947) Metaspace: 13497K->13497K(1062912K)
[22.177s][info][gc           ] GC(947) Pause Young (Allocation Failure) 205M->36M(511M) 0.738ms
[22.177s][info][gc,cpu       ] GC(947) User=0.01s Sys=0.00s Real=0.00s
[22.198s][info][gc,start     ] GC(948) Pause Young (Allocation Failure)
[22.199s][info][gc,heap      ] GC(948) PSYoungGen: 173632K->128K(174080K)
[22.199s][info][gc,heap      ] GC(948) ParOldGen: 36891K->36921K(349696K)
[22.199s][info][gc,metaspace ] GC(948) Metaspace: 13497K->13497K(1062912K)
[22.199s][info][gc           ] GC(948) Pause Young (Allocation Failure) 205M->36M(511M) 0.534ms
[22.199s][info][gc,cpu       ] GC(948) User=0.00s Sys=0.00s Real=0.00s
[22.218s][info][gc,start     ] GC(949) Pause Young (Allocation Failure)
[22.219s][info][gc,heap      ] GC(949) PSYoungGen: 173696K->64K(174080K)
[22.219s][info][gc,heap      ] GC(949) ParOldGen: 36921K->36960K(349696K)
[22.219s][info][gc,metaspace ] GC(949) Metaspace: 13497K->13497K(1062912K)
[22.219s][info][gc           ] GC(949) Pause Young (Allocation Failure) 205M->36M(511M) 0.505ms
[22.219s][info][gc,cpu       ] GC(949) User=0.00s Sys=0.00s Real=0.00s
[22.241s][info][gc,start     ] GC(950) Pause Young (Allocation Failure)
[22.242s][info][gc,heap      ] GC(950) PSYoungGen: 173632K->128K(174080K)
[22.242s][info][gc,heap      ] GC(950) ParOldGen: 36960K->36989K(349696K)
[22.242s][info][gc,metaspace ] GC(950) Metaspace: 13497K->13497K(1062912K)
[22.242s][info][gc           ] GC(950) Pause Young (Allocation Failure) 205M->36M(511M) 0.460ms
[22.242s][info][gc,cpu       ] GC(950) User=0.00s Sys=0.00s Real=0.00s
[22.261s][info][gc,start     ] GC(951) Pause Young (Allocation Failure)
[22.261s][info][gc,heap      ] GC(951) PSYoungGen: 173696K->96K(174080K)
[22.261s][info][gc,heap      ] GC(951) ParOldGen: 36989K->37028K(349696K)
[22.261s][info][gc,metaspace ] GC(951) Metaspace: 13497K->13497K(1062912K)
[22.261s][info][gc           ] GC(951) Pause Young (Allocation Failure) 205M->36M(511M) 0.448ms
[22.261s][info][gc,cpu       ] GC(951) User=0.00s Sys=0.00s Real=0.00s
[22.283s][info][gc,start     ] GC(952) Pause Young (Allocation Failure)
[22.284s][info][gc,heap      ] GC(952) PSYoungGen: 173664K->128K(174080K)
[22.284s][info][gc,heap      ] GC(952) ParOldGen: 37028K->37058K(349696K)
[22.284s][info][gc,metaspace ] GC(952) Metaspace: 13497K->13497K(1062912K)
[22.284s][info][gc           ] GC(952) Pause Young (Allocation Failure) 205M->36M(511M) 0.429ms
[22.284s][info][gc,cpu       ] GC(952) User=0.00s Sys=0.00s Real=0.00s
[22.304s][info][gc,start     ] GC(953) Pause Young (Allocation Failure)
[22.304s][info][gc,heap      ] GC(953) PSYoungGen: 173696K->96K(174080K)
[22.304s][info][gc,heap      ] GC(953) ParOldGen: 37058K->37097K(349696K)
[22.304s][info][gc,metaspace ] GC(953) Metaspace: 13497K->13497K(1062912K)
[22.304s][info][gc           ] GC(953) Pause Young (Allocation Failure) 205M->36M(511M) 0.427ms
[22.304s][info][gc,cpu       ] GC(953) User=0.00s Sys=0.00s Real=0.00s
[22.323s][info][gc,start     ] GC(954) Pause Young (Allocation Failure)
[22.324s][info][gc,heap      ] GC(954) PSYoungGen: 173664K->64K(174080K)
[22.324s][info][gc,heap      ] GC(954) ParOldGen: 37097K->37136K(349696K)
[22.324s][info][gc,metaspace ] GC(954) Metaspace: 13497K->13497K(1062912K)
[22.324s][info][gc           ] GC(954) Pause Young (Allocation Failure) 205M->36M(511M) 0.456ms
[22.324s][info][gc,cpu       ] GC(954) User=0.00s Sys=0.00s Real=0.00s
[22.349s][info][gc,start     ] GC(955) Pause Young (Allocation Failure)
[22.350s][info][gc,heap      ] GC(955) PSYoungGen: 173632K->64K(174080K)
[22.350s][info][gc,heap      ] GC(955) ParOldGen: 37136K->37165K(349696K)
[22.350s][info][gc,metaspace ] GC(955) Metaspace: 13498K->13498K(1062912K)
[22.350s][info][gc           ] GC(955) Pause Young (Allocation Failure) 205M->36M(511M) 1.154ms
[22.350s][info][gc,cpu       ] GC(955) User=0.00s Sys=0.00s Real=0.00s
[22.395s][info][gc,start     ] GC(956) Pause Young (Allocation Failure)
[22.396s][info][gc,heap      ] GC(956) PSYoungGen: 173632K->64K(174080K)
[22.396s][info][gc,heap      ] GC(956) ParOldGen: 37165K->37204K(349696K)
[22.396s][info][gc,metaspace ] GC(956) Metaspace: 13498K->13498K(1062912K)
[22.396s][info][gc           ] GC(956) Pause Young (Allocation Failure) 205M->36M(511M) 0.616ms
[22.396s][info][gc,cpu       ] GC(956) User=0.00s Sys=0.00s Real=0.01s
[22.420s][info][gc,start     ] GC(957) Pause Young (Allocation Failure)
[22.421s][info][gc,heap      ] GC(957) PSYoungGen: 173632K->96K(174080K)
[22.421s][info][gc,heap      ] GC(957) ParOldGen: 37204K->37234K(349696K)
[22.421s][info][gc,metaspace ] GC(957) Metaspace: 13498K->13498K(1062912K)
[22.421s][info][gc           ] GC(957) Pause Young (Allocation Failure) 205M->36M(511M) 0.677ms
[22.421s][info][gc,cpu       ] GC(957) User=0.00s Sys=0.00s Real=0.00s
[22.443s][info][gc,start     ] GC(958) Pause Young (Allocation Failure)
[22.444s][info][gc,heap      ] GC(958) PSYoungGen: 173664K->64K(174080K)
[22.444s][info][gc,heap      ] GC(958) ParOldGen: 37234K->37273K(349696K)
[22.444s][info][gc,metaspace ] GC(958) Metaspace: 13498K->13498K(1062912K)
[22.444s][info][gc           ] GC(958) Pause Young (Allocation Failure) 205M->36M(511M) 0.490ms
[22.444s][info][gc,cpu       ] GC(958) User=0.00s Sys=0.00s Real=0.00s
[22.465s][info][gc,start     ] GC(959) Pause Young (Allocation Failure)
[22.466s][info][gc,heap      ] GC(959) PSYoungGen: 173632K->128K(174080K)
[22.466s][info][gc,heap      ] GC(959) ParOldGen: 37273K->37302K(349696K)
[22.466s][info][gc,metaspace ] GC(959) Metaspace: 13498K->13498K(1062912K)
[22.466s][info][gc           ] GC(959) Pause Young (Allocation Failure) 205M->36M(511M) 0.548ms
[22.466s][info][gc,cpu       ] GC(959) User=0.00s Sys=0.00s Real=0.00s
[22.485s][info][gc,start     ] GC(960) Pause Young (Allocation Failure)
[22.486s][info][gc,heap      ] GC(960) PSYoungGen: 173696K->64K(174080K)
[22.486s][info][gc,heap      ] GC(960) ParOldGen: 37302K->37341K(349696K)
[22.486s][info][gc,metaspace ] GC(960) Metaspace: 13498K->13498K(1062912K)
[22.486s][info][gc           ] GC(960) Pause Young (Allocation Failure) 206M->36M(511M) 0.507ms
[22.486s][info][gc,cpu       ] GC(960) User=0.00s Sys=0.00s Real=0.01s
[22.507s][info][gc,start     ] GC(961) Pause Young (Allocation Failure)
[22.507s][info][gc,heap      ] GC(961) PSYoungGen: 173632K->128K(174080K)
[22.507s][info][gc,heap      ] GC(961) ParOldGen: 37341K->37371K(349696K)
[22.507s][info][gc,metaspace ] GC(961) Metaspace: 13498K->13498K(1062912K)
[22.507s][info][gc           ] GC(961) Pause Young (Allocation Failure) 206M->36M(511M) 0.515ms
[22.507s][info][gc,cpu       ] GC(961) User=0.00s Sys=0.00s Real=0.00s
[22.527s][info][gc,start     ] GC(962) Pause Young (Allocation Failure)
[22.527s][info][gc,heap      ] GC(962) PSYoungGen: 173696K->96K(174080K)
[22.527s][info][gc,heap      ] GC(962) ParOldGen: 37371K->37410K(349696K)
[22.527s][info][gc,metaspace ] GC(962) Metaspace: 13498K->13498K(1062912K)
[22.527s][info][gc           ] GC(962) Pause Young (Allocation Failure) 206M->36M(511M) 0.434ms
[22.527s][info][gc,cpu       ] GC(962) User=0.00s Sys=0.00s Real=0.00s
[22.550s][info][gc,start     ] GC(963) Pause Young (Allocation Failure)
[22.551s][info][gc,heap      ] GC(963) PSYoungGen: 173664K->96K(174080K)
[22.551s][info][gc,heap      ] GC(963) ParOldGen: 37410K->37439K(349696K)
[22.551s][info][gc,metaspace ] GC(963) Metaspace: 13498K->13498K(1062912K)
[22.551s][info][gc           ] GC(963) Pause Young (Allocation Failure) 206M->36M(511M) 0.571ms
[22.551s][info][gc,cpu       ] GC(963) User=0.00s Sys=0.00s Real=0.00s
[22.570s][info][gc,start     ] GC(964) Pause Young (Allocation Failure)
[22.570s][info][gc,heap      ] GC(964) PSYoungGen: 173664K->64K(174080K)
[22.570s][info][gc,heap      ] GC(964) ParOldGen: 37439K->37478K(349696K)
[22.570s][info][gc,metaspace ] GC(964) Metaspace: 13498K->13498K(1062912K)
[22.570s][info][gc           ] GC(964) Pause Young (Allocation Failure) 206M->36M(511M) 0.467ms
[22.570s][info][gc,cpu       ] GC(964) User=0.00s Sys=0.00s Real=0.00s
[22.591s][info][gc,start     ] GC(965) Pause Young (Allocation Failure)
[22.592s][info][gc,heap      ] GC(965) PSYoungGen: 173632K->128K(174080K)
[22.592s][info][gc,heap      ] GC(965) ParOldGen: 37478K->37507K(349696K)
[22.592s][info][gc,metaspace ] GC(965) Metaspace: 13498K->13498K(1062912K)
[22.592s][info][gc           ] GC(965) Pause Young (Allocation Failure) 206M->36M(511M) 0.403ms
[22.592s][info][gc,cpu       ] GC(965) User=0.00s Sys=0.00s Real=0.00s
[22.613s][info][gc,start     ] GC(966) Pause Young (Allocation Failure)
[22.613s][info][gc,heap      ] GC(966) PSYoungGen: 173696K->96K(174080K)
[22.613s][info][gc,heap      ] GC(966) ParOldGen: 37507K->37547K(349696K)
[22.613s][info][gc,metaspace ] GC(966) Metaspace: 13498K->13498K(1062912K)
[22.613s][info][gc           ] GC(966) Pause Young (Allocation Failure) 206M->36M(511M) 0.458ms
[22.613s][info][gc,cpu       ] GC(966) User=0.00s Sys=0.00s Real=0.00s
[22.634s][info][gc,start     ] GC(967) Pause Young (Allocation Failure)
[22.634s][info][gc,heap      ] GC(967) PSYoungGen: 173664K->96K(174080K)
[22.634s][info][gc,heap      ] GC(967) ParOldGen: 37547K->37586K(349696K)
[22.634s][info][gc,metaspace ] GC(967) Metaspace: 13498K->13498K(1062912K)
[22.634s][info][gc           ] GC(967) Pause Young (Allocation Failure) 206M->36M(511M) 0.493ms
[22.634s][info][gc,cpu       ] GC(967) User=0.00s Sys=0.00s Real=0.00s
[22.655s][info][gc,start     ] GC(968) Pause Young (Allocation Failure)
[22.656s][info][gc,heap      ] GC(968) PSYoungGen: 173664K->64K(174080K)
[22.656s][info][gc,heap      ] GC(968) ParOldGen: 37586K->37615K(349696K)
[22.656s][info][gc,metaspace ] GC(968) Metaspace: 13498K->13498K(1062912K)
[22.656s][info][gc           ] GC(968) Pause Young (Allocation Failure) 206M->36M(511M) 0.497ms
[22.656s][info][gc,cpu       ] GC(968) User=0.00s Sys=0.01s Real=0.01s
[22.675s][info][gc,start     ] GC(969) Pause Young (Allocation Failure)
[22.676s][info][gc,heap      ] GC(969) PSYoungGen: 173632K->96K(174080K)
[22.676s][info][gc,heap      ] GC(969) ParOldGen: 37615K->37654K(349696K)
[22.676s][info][gc,metaspace ] GC(969) Metaspace: 13498K->13498K(1062912K)
[22.676s][info][gc           ] GC(969) Pause Young (Allocation Failure) 206M->36M(511M) 0.421ms
[22.676s][info][gc,cpu       ] GC(969) User=0.00s Sys=0.00s Real=0.00s
[22.698s][info][gc,start     ] GC(970) Pause Young (Allocation Failure)
[22.698s][info][gc,heap      ] GC(970) PSYoungGen: 173664K->128K(174080K)
[22.698s][info][gc,heap      ] GC(970) ParOldGen: 37654K->37684K(349696K)
[22.698s][info][gc,metaspace ] GC(970) Metaspace: 13498K->13498K(1062912K)
[22.698s][info][gc           ] GC(970) Pause Young (Allocation Failure) 206M->36M(511M) 0.535ms
[22.698s][info][gc,cpu       ] GC(970) User=0.00s Sys=0.00s Real=0.00s
[22.718s][info][gc,start     ] GC(971) Pause Young (Allocation Failure)
[22.718s][info][gc,heap      ] GC(971) PSYoungGen: 173696K->64K(174080K)
[22.718s][info][gc,heap      ] GC(971) ParOldGen: 37684K->37723K(349696K)
[22.718s][info][gc,metaspace ] GC(971) Metaspace: 13498K->13498K(1062912K)
[22.718s][info][gc           ] GC(971) Pause Young (Allocation Failure) 206M->36M(511M) 0.473ms
[22.718s][info][gc,cpu       ] GC(971) User=0.00s Sys=0.00s Real=0.00s
[22.739s][info][gc,start     ] GC(972) Pause Young (Allocation Failure)
[22.739s][info][gc,heap      ] GC(972) PSYoungGen: 173632K->96K(174080K)
[22.739s][info][gc,heap      ] GC(972) ParOldGen: 37723K->37752K(349696K)
[22.739s][info][gc,metaspace ] GC(972) Metaspace: 13498K->13498K(1062912K)
[22.739s][info][gc           ] GC(972) Pause Young (Allocation Failure) 206M->36M(511M) 0.564ms
[22.739s][info][gc,cpu       ] GC(972) User=0.01s Sys=0.00s Real=0.00s
[22.758s][info][gc,start     ] GC(973) Pause Young (Allocation Failure)
[22.758s][info][gc,heap      ] GC(973) PSYoungGen: 173664K->64K(174080K)
[22.758s][info][gc,heap      ] GC(973) ParOldGen: 37752K->37791K(349696K)
[22.758s][info][gc,metaspace ] GC(973) Metaspace: 13498K->13498K(1062912K)
[22.758s][info][gc           ] GC(973) Pause Young (Allocation Failure) 206M->36M(511M) 0.402ms
[22.758s][info][gc,cpu       ] GC(973) User=0.00s Sys=0.00s Real=0.00s
[22.780s][info][gc,start     ] GC(974) Pause Young (Allocation Failure)
[22.781s][info][gc,heap      ] GC(974) PSYoungGen: 173632K->96K(174080K)
[22.781s][info][gc,heap      ] GC(974) ParOldGen: 37791K->37820K(349696K)
[22.781s][info][gc,metaspace ] GC(974) Metaspace: 13498K->13498K(1062912K)
[22.781s][info][gc           ] GC(974) Pause Young (Allocation Failure) 206M->37M(511M) 0.596ms
[22.781s][info][gc,cpu       ] GC(974) User=0.00s Sys=0.00s Real=0.00s
[22.802s][info][gc,start     ] GC(975) Pause Young (Allocation Failure)
[22.803s][info][gc,heap      ] GC(975) PSYoungGen: 173664K->96K(174080K)
[22.803s][info][gc,heap      ] GC(975) ParOldGen: 37820K->37860K(349696K)
[22.803s][info][gc,metaspace ] GC(975) Metaspace: 13498K->13498K(1062912K)
[22.803s][info][gc           ] GC(975) Pause Young (Allocation Failure) 206M->37M(511M) 0.505ms
[22.803s][info][gc,cpu       ] GC(975) User=0.00s Sys=0.00s Real=0.00s
[22.827s][info][gc,start     ] GC(976) Pause Young (Allocation Failure)
[22.827s][info][gc,heap      ] GC(976) PSYoungGen: 173664K->96K(174080K)
[22.827s][info][gc,heap      ] GC(976) ParOldGen: 37860K->37889K(349696K)
[22.827s][info][gc,metaspace ] GC(976) Metaspace: 13498K->13498K(1062912K)
[22.827s][info][gc           ] GC(976) Pause Young (Allocation Failure) 206M->37M(511M) 0.443ms
[22.827s][info][gc,cpu       ] GC(976) User=0.00s Sys=0.00s Real=0.00s
[22.847s][info][gc,start     ] GC(977) Pause Young (Allocation Failure)
[22.848s][info][gc,heap      ] GC(977) PSYoungGen: 173664K->64K(174080K)
[22.848s][info][gc,heap      ] GC(977) ParOldGen: 37889K->37928K(349696K)
[22.848s][info][gc,metaspace ] GC(977) Metaspace: 13498K->13498K(1062912K)
[22.848s][info][gc           ] GC(977) Pause Young (Allocation Failure) 206M->37M(511M) 0.547ms
[22.848s][info][gc,cpu       ] GC(977) User=0.00s Sys=0.00s Real=0.00s
[22.869s][info][gc,start     ] GC(978) Pause Young (Allocation Failure)
[22.870s][info][gc,heap      ] GC(978) PSYoungGen: 173632K->96K(174080K)
[22.870s][info][gc,heap      ] GC(978) ParOldGen: 37928K->37957K(349696K)
[22.870s][info][gc,metaspace ] GC(978) Metaspace: 13498K->13498K(1062912K)
[22.870s][info][gc           ] GC(978) Pause Young (Allocation Failure) 206M->37M(511M) 0.488ms
[22.870s][info][gc,cpu       ] GC(978) User=0.00s Sys=0.00s Real=0.00s
[22.892s][info][gc,start     ] GC(979) Pause Young (Allocation Failure)
[22.892s][info][gc,heap      ] GC(979) PSYoungGen: 173664K->64K(174080K)
[22.892s][info][gc,heap      ] GC(979) ParOldGen: 37957K->37997K(349696K)
[22.892s][info][gc,metaspace ] GC(979) Metaspace: 13498K->13498K(1062912K)
[22.892s][info][gc           ] GC(979) Pause Young (Allocation Failure) 206M->37M(511M) 0.505ms
[22.892s][info][gc,cpu       ] GC(979) User=0.00s Sys=0.00s Real=0.00s
[22.912s][info][gc,start     ] GC(980) Pause Young (Allocation Failure)
[22.912s][info][gc,heap      ] GC(980) PSYoungGen: 173632K->96K(174080K)
[22.912s][info][gc,heap      ] GC(980) ParOldGen: 37997K->38036K(349696K)
[22.912s][info][gc,metaspace ] GC(980) Metaspace: 13498K->13498K(1062912K)
[22.912s][info][gc           ] GC(980) Pause Young (Allocation Failure) 206M->37M(511M) 0.435ms
[22.912s][info][gc,cpu       ] GC(980) User=0.00s Sys=0.00s Real=0.00s
[22.933s][info][gc,start     ] GC(981) Pause Young (Allocation Failure)
[22.934s][info][gc,heap      ] GC(981) PSYoungGen: 173664K->96K(174080K)
[22.934s][info][gc,heap      ] GC(981) ParOldGen: 38036K->38065K(349696K)
[22.934s][info][gc,metaspace ] GC(981) Metaspace: 13498K->13498K(1062912K)
[22.934s][info][gc           ] GC(981) Pause Young (Allocation Failure) 206M->37M(511M) 0.474ms
[22.934s][info][gc,cpu       ] GC(981) User=0.00s Sys=0.00s Real=0.00s
[22.953s][info][gc,start     ] GC(982) Pause Young (Allocation Failure)
[22.953s][info][gc,heap      ] GC(982) PSYoungGen: 173664K->64K(174080K)
[22.953s][info][gc,heap      ] GC(982) ParOldGen: 38065K->38104K(349696K)
[22.953s][info][gc,metaspace ] GC(982) Metaspace: 13498K->13498K(1062912K)
[22.953s][info][gc           ] GC(982) Pause Young (Allocation Failure) 206M->37M(511M) 0.450ms
[22.953s][info][gc,cpu       ] GC(982) User=0.00s Sys=0.00s Real=0.00s
[22.974s][info][gc,start     ] GC(983) Pause Young (Allocation Failure)
[22.974s][info][gc,heap      ] GC(983) PSYoungGen: 173632K->96K(174080K)
[22.974s][info][gc,heap      ] GC(983) ParOldGen: 38104K->38133K(349696K)
[22.974s][info][gc,metaspace ] GC(983) Metaspace: 13498K->13498K(1062912K)
[22.974s][info][gc           ] GC(983) Pause Young (Allocation Failure) 206M->37M(511M) 0.474ms
[22.974s][info][gc,cpu       ] GC(983) User=0.01s Sys=0.00s Real=0.00s
[22.993s][info][gc,start     ] GC(984) Pause Young (Allocation Failure)
[22.994s][info][gc,heap      ] GC(984) PSYoungGen: 173664K->64K(174080K)
[22.994s][info][gc,heap      ] GC(984) ParOldGen: 38133K->38173K(349696K)
[22.994s][info][gc,metaspace ] GC(984) Metaspace: 13498K->13498K(1062912K)
[22.994s][info][gc           ] GC(984) Pause Young (Allocation Failure) 206M->37M(511M) 0.481ms
[22.994s][info][gc,cpu       ] GC(984) User=0.00s Sys=0.00s Real=0.00s
[23.014s][info][gc,start     ] GC(985) Pause Young (Allocation Failure)
[23.014s][info][gc,heap      ] GC(985) PSYoungGen: 173632K->96K(174080K)
[23.014s][info][gc,heap      ] GC(985) ParOldGen: 38173K->38202K(349696K)
[23.014s][info][gc,metaspace ] GC(985) Metaspace: 13498K->13498K(1062912K)
[23.014s][info][gc           ] GC(985) Pause Young (Allocation Failure) 206M->37M(511M) 0.454ms
[23.014s][info][gc,cpu       ] GC(985) User=0.00s Sys=0.01s Real=0.00s
[23.035s][info][gc,start     ] GC(986) Pause Young (Allocation Failure)
[23.035s][info][gc,heap      ] GC(986) PSYoungGen: 173664K->96K(174080K)
[23.035s][info][gc,heap      ] GC(986) ParOldGen: 38202K->38241K(349696K)
[23.035s][info][gc,metaspace ] GC(986) Metaspace: 13498K->13498K(1062912K)
[23.035s][info][gc           ] GC(986) Pause Young (Allocation Failure) 206M->37M(511M) 0.455ms
[23.035s][info][gc,cpu       ] GC(986) User=0.00s Sys=0.00s Real=0.00s
[23.057s][info][gc,start     ] GC(987) Pause Young (Allocation Failure)
[23.057s][info][gc,heap      ] GC(987) PSYoungGen: 173664K->96K(174080K)
[23.057s][info][gc,heap      ] GC(987) ParOldGen: 38241K->38270K(349696K)
[23.057s][info][gc,metaspace ] GC(987) Metaspace: 13498K->13498K(1062912K)
[23.057s][info][gc           ] GC(987) Pause Young (Allocation Failure) 206M->37M(511M) 0.535ms
[23.057s][info][gc,cpu       ] GC(987) User=0.00s Sys=0.00s Real=0.00s
[23.078s][info][gc,start     ] GC(988) Pause Young (Allocation Failure)
[23.078s][info][gc,heap      ] GC(988) PSYoungGen: 173664K->96K(174080K)
[23.078s][info][gc,heap      ] GC(988) ParOldGen: 38270K->38310K(349696K)
[23.078s][info][gc,metaspace ] GC(988) Metaspace: 13498K->13498K(1062912K)
[23.078s][info][gc           ] GC(988) Pause Young (Allocation Failure) 206M->37M(511M) 0.581ms
[23.078s][info][gc,cpu       ] GC(988) User=0.00s Sys=0.00s Real=0.00s
[23.099s][info][gc,start     ] GC(989) Pause Young (Allocation Failure)
[23.100s][info][gc,heap      ] GC(989) PSYoungGen: 173664K->96K(174080K)
[23.100s][info][gc,heap      ] GC(989) ParOldGen: 38310K->38339K(349696K)
[23.100s][info][gc,metaspace ] GC(989) Metaspace: 13498K->13498K(1062912K)
[23.100s][info][gc           ] GC(989) Pause Young (Allocation Failure) 207M->37M(511M) 0.552ms
[23.100s][info][gc,cpu       ] GC(989) User=0.00s Sys=0.00s Real=0.00s
[23.119s][info][gc,start     ] GC(990) Pause Young (Allocation Failure)
[23.120s][info][gc,heap      ] GC(990) PSYoungGen: 173664K->64K(174080K)
[23.120s][info][gc,heap      ] GC(990) ParOldGen: 38339K->38378K(349696K)
[23.120s][info][gc,metaspace ] GC(990) Metaspace: 13498K->13498K(1062912K)
[23.120s][info][gc           ] GC(990) Pause Young (Allocation Failure) 207M->37M(511M) 0.483ms
[23.120s][info][gc,cpu       ] GC(990) User=0.00s Sys=0.00s Real=0.00s
[23.141s][info][gc,start     ] GC(991) Pause Young (Allocation Failure)
[23.142s][info][gc,heap      ] GC(991) PSYoungGen: 173632K->96K(174080K)
[23.142s][info][gc,heap      ] GC(991) ParOldGen: 38378K->38407K(349696K)
[23.142s][info][gc,metaspace ] GC(991) Metaspace: 13498K->13498K(1062912K)
[23.142s][info][gc           ] GC(991) Pause Young (Allocation Failure) 207M->37M(511M) 0.408ms
[23.142s][info][gc,cpu       ] GC(991) User=0.00s Sys=0.00s Real=0.00s
[23.164s][info][gc,start     ] GC(992) Pause Young (Allocation Failure)
[23.165s][info][gc,heap      ] GC(992) PSYoungGen: 173664K->96K(174080K)
[23.165s][info][gc,heap      ] GC(992) ParOldGen: 38407K->38446K(349696K)
[23.165s][info][gc,metaspace ] GC(992) Metaspace: 13498K->13498K(1062912K)
[23.165s][info][gc           ] GC(992) Pause Young (Allocation Failure) 207M->37M(511M) 0.700ms
[23.165s][info][gc,cpu       ] GC(992) User=0.00s Sys=0.00s Real=0.00s
[23.188s][info][gc,start     ] GC(993) Pause Young (Allocation Failure)
[23.189s][info][gc,heap      ] GC(993) PSYoungGen: 173664K->64K(174080K)
[23.189s][info][gc,heap      ] GC(993) ParOldGen: 38446K->38486K(349696K)
[23.189s][info][gc,metaspace ] GC(993) Metaspace: 13498K->13498K(1062912K)
[23.189s][info][gc           ] GC(993) Pause Young (Allocation Failure) 207M->37M(511M) 0.554ms
[23.189s][info][gc,cpu       ] GC(993) User=0.00s Sys=0.00s Real=0.00s
[23.211s][info][gc,start     ] GC(994) Pause Young (Allocation Failure)
[23.211s][info][gc,heap      ] GC(994) PSYoungGen: 173632K->96K(174080K)
[23.211s][info][gc,heap      ] GC(994) ParOldGen: 38486K->38515K(349696K)
[23.211s][info][gc,metaspace ] GC(994) Metaspace: 13498K->13498K(1062912K)
[23.211s][info][gc           ] GC(994) Pause Young (Allocation Failure) 207M->37M(511M) 0.425ms
[23.211s][info][gc,cpu       ] GC(994) User=0.00s Sys=0.00s Real=0.00s
[23.230s][info][gc,start     ] GC(995) Pause Young (Allocation Failure)
[23.230s][info][gc,heap      ] GC(995) PSYoungGen: 173664K->96K(174080K)
[23.230s][info][gc,heap      ] GC(995) ParOldGen: 38515K->38554K(349696K)
[23.230s][info][gc,metaspace ] GC(995) Metaspace: 13498K->13498K(1062912K)
[23.230s][info][gc           ] GC(995) Pause Young (Allocation Failure) 207M->37M(511M) 0.443ms
[23.230s][info][gc,cpu       ] GC(995) User=0.00s Sys=0.00s Real=0.00s
[23.252s][info][gc,start     ] GC(996) Pause Young (Allocation Failure)
[23.252s][info][gc,heap      ] GC(996) PSYoungGen: 173664K->64K(174080K)
[23.252s][info][gc,heap      ] GC(996) ParOldGen: 38554K->38583K(349696K)
[23.252s][info][gc,metaspace ] GC(996) Metaspace: 13498K->13498K(1062912K)
[23.252s][info][gc           ] GC(996) Pause Young (Allocation Failure) 207M->37M(511M) 0.560ms
[23.252s][info][gc,cpu       ] GC(996) User=0.00s Sys=0.00s Real=0.00s
[23.273s][info][gc,start     ] GC(997) Pause Young (Allocation Failure)
[23.273s][info][gc,heap      ] GC(997) PSYoungGen: 173632K->96K(174080K)
[23.273s][info][gc,heap      ] GC(997) ParOldGen: 38583K->38623K(349696K)
[23.273s][info][gc,metaspace ] GC(997) Metaspace: 13498K->13498K(1062912K)
[23.273s][info][gc           ] GC(997) Pause Young (Allocation Failure) 207M->37M(511M) 0.462ms
[23.273s][info][gc,cpu       ] GC(997) User=0.00s Sys=0.00s Real=0.00s
[23.294s][info][gc,start     ] GC(998) Pause Young (Allocation Failure)
[23.294s][info][gc,heap      ] GC(998) PSYoungGen: 173664K->64K(174080K)
[23.294s][info][gc,heap      ] GC(998) ParOldGen: 38623K->38652K(349696K)
[23.294s][info][gc,metaspace ] GC(998) Metaspace: 13498K->13498K(1062912K)
[23.294s][info][gc           ] GC(998) Pause Young (Allocation Failure) 207M->37M(511M) 0.511ms
[23.294s][info][gc,cpu       ] GC(998) User=0.00s Sys=0.00s Real=0.00s
[23.315s][info][gc,start     ] GC(999) Pause Young (Allocation Failure)
[23.315s][info][gc,heap      ] GC(999) PSYoungGen: 173632K->64K(174080K)
[23.315s][info][gc,heap      ] GC(999) ParOldGen: 38652K->38691K(349696K)
[23.315s][info][gc,metaspace ] GC(999) Metaspace: 13498K->13498K(1062912K)
[23.315s][info][gc           ] GC(999) Pause Young (Allocation Failure) 207M->37M(511M) 0.449ms
[23.315s][info][gc,cpu       ] GC(999) User=0.00s Sys=0.00s Real=0.00s
[23.338s][info][gc,start     ] GC(1000) Pause Young (Allocation Failure)
[23.338s][info][gc,heap      ] GC(1000) PSYoungGen: 173632K->128K(174080K)
[23.338s][info][gc,heap      ] GC(1000) ParOldGen: 38691K->38720K(349696K)
[23.338s][info][gc,metaspace ] GC(1000) Metaspace: 13502K->13502K(1062912K)
[23.338s][info][gc           ] GC(1000) Pause Young (Allocation Failure) 207M->37M(511M) 0.701ms
[23.338s][info][gc,cpu       ] GC(1000) User=0.01s Sys=0.00s Real=0.00s
[23.370s][info][gc,start     ] GC(1001) Pause Young (Allocation Failure)
[23.370s][info][gc,heap      ] GC(1001) PSYoungGen: 173696K->96K(174080K)
[23.370s][info][gc,heap      ] GC(1001) ParOldGen: 38720K->38775K(349696K)
[23.370s][info][gc,metaspace ] GC(1001) Metaspace: 13506K->13506K(1062912K)
[23.370s][info][gc           ] GC(1001) Pause Young (Allocation Failure) 207M->37M(511M) 0.910ms
[23.371s][info][gc,cpu       ] GC(1001) User=0.00s Sys=0.00s Real=0.00s
[23.401s][info][gc,start     ] GC(1002) Pause Young (Allocation Failure)
[23.401s][info][gc,heap      ] GC(1002) PSYoungGen: 173664K->64K(174080K)
[23.401s][info][gc,heap      ] GC(1002) ParOldGen: 38775K->38821K(349696K)
[23.401s][info][gc,metaspace ] GC(1002) Metaspace: 13506K->13506K(1062912K)
[23.401s][info][gc           ] GC(1002) Pause Young (Allocation Failure) 207M->37M(511M) 0.513ms
[23.401s][info][gc,cpu       ] GC(1002) User=0.00s Sys=0.00s Real=0.00s
[23.425s][info][gc,start     ] GC(1003) Pause Young (Allocation Failure)
[23.426s][info][gc,heap      ] GC(1003) PSYoungGen: 173632K->96K(174080K)
[23.426s][info][gc,heap      ] GC(1003) ParOldGen: 38821K->38860K(349696K)
[23.426s][info][gc,metaspace ] GC(1003) Metaspace: 13506K->13506K(1062912K)
[23.426s][info][gc           ] GC(1003) Pause Young (Allocation Failure) 207M->38M(511M) 0.444ms
[23.426s][info][gc,cpu       ] GC(1003) User=0.00s Sys=0.00s Real=0.00s
[23.447s][info][gc,start     ] GC(1004) Pause Young (Allocation Failure)
[23.447s][info][gc,heap      ] GC(1004) PSYoungGen: 173664K->64K(174080K)
[23.447s][info][gc,heap      ] GC(1004) ParOldGen: 38860K->38889K(349696K)
[23.447s][info][gc,metaspace ] GC(1004) Metaspace: 13506K->13506K(1062912K)
[23.447s][info][gc           ] GC(1004) Pause Young (Allocation Failure) 207M->38M(511M) 0.410ms
[23.447s][info][gc,cpu       ] GC(1004) User=0.01s Sys=0.00s Real=0.00s
[23.469s][info][gc,start     ] GC(1005) Pause Young (Allocation Failure)
[23.469s][info][gc,heap      ] GC(1005) PSYoungGen: 173632K->64K(174080K)
[23.469s][info][gc,heap      ] GC(1005) ParOldGen: 38889K->38928K(349696K)
[23.469s][info][gc,metaspace ] GC(1005) Metaspace: 13506K->13506K(1062912K)
[23.469s][info][gc           ] GC(1005) Pause Young (Allocation Failure) 207M->38M(511M) 0.513ms
[23.469s][info][gc,cpu       ] GC(1005) User=0.00s Sys=0.00s Real=0.00s
[23.489s][info][gc,start     ] GC(1006) Pause Young (Allocation Failure)
[23.489s][info][gc,heap      ] GC(1006) PSYoungGen: 173632K->64K(174080K)
[23.489s][info][gc,heap      ] GC(1006) ParOldGen: 38928K->38968K(349696K)
[23.489s][info][gc,metaspace ] GC(1006) Metaspace: 13506K->13506K(1062912K)
[23.490s][info][gc           ] GC(1006) Pause Young (Allocation Failure) 207M->38M(511M) 0.537ms
[23.490s][info][gc,cpu       ] GC(1006) User=0.00s Sys=0.00s Real=0.00s
[23.512s][info][gc,start     ] GC(1007) Pause Young (Allocation Failure)
[23.512s][info][gc,heap      ] GC(1007) PSYoungGen: 173632K->128K(174080K)
[23.512s][info][gc,heap      ] GC(1007) ParOldGen: 38968K->38997K(349696K)
[23.512s][info][gc,metaspace ] GC(1007) Metaspace: 13506K->13506K(1062912K)
[23.512s][info][gc           ] GC(1007) Pause Young (Allocation Failure) 207M->38M(511M) 0.507ms
[23.513s][info][gc,cpu       ] GC(1007) User=0.00s Sys=0.00s Real=0.00s
[23.532s][info][gc,start     ] GC(1008) Pause Young (Allocation Failure)
[23.533s][info][gc,heap      ] GC(1008) PSYoungGen: 173696K->96K(174080K)
[23.533s][info][gc,heap      ] GC(1008) ParOldGen: 38997K->39036K(349696K)
[23.533s][info][gc,metaspace ] GC(1008) Metaspace: 13506K->13506K(1062912K)
[23.533s][info][gc           ] GC(1008) Pause Young (Allocation Failure) 207M->38M(511M) 0.453ms
[23.533s][info][gc,cpu       ] GC(1008) User=0.00s Sys=0.00s Real=0.00s
[23.554s][info][gc,start     ] GC(1009) Pause Young (Allocation Failure)
[23.555s][info][gc,heap      ] GC(1009) PSYoungGen: 173664K->64K(174080K)
[23.555s][info][gc,heap      ] GC(1009) ParOldGen: 39036K->39065K(349696K)
[23.555s][info][gc,metaspace ] GC(1009) Metaspace: 13506K->13506K(1062912K)
[23.555s][info][gc           ] GC(1009) Pause Young (Allocation Failure) 207M->38M(511M) 0.408ms
[23.555s][info][gc,cpu       ] GC(1009) User=0.00s Sys=0.00s Real=0.00s
[23.574s][info][gc,start     ] GC(1010) Pause Young (Allocation Failure)
[23.574s][info][gc,heap      ] GC(1010) PSYoungGen: 173632K->64K(174080K)
[23.575s][info][gc,heap      ] GC(1010) ParOldGen: 39065K->39104K(349696K)
[23.575s][info][gc,metaspace ] GC(1010) Metaspace: 13506K->13506K(1062912K)
[23.575s][info][gc           ] GC(1010) Pause Young (Allocation Failure) 207M->38M(511M) 0.424ms
[23.575s][info][gc,cpu       ] GC(1010) User=0.00s Sys=0.00s Real=0.00s
[23.599s][info][gc,start     ] GC(1011) Pause Young (Allocation Failure)
[23.599s][info][gc,heap      ] GC(1011) PSYoungGen: 173632K->96K(174080K)
[23.599s][info][gc,heap      ] GC(1011) ParOldGen: 39104K->39134K(349696K)
[23.599s][info][gc,metaspace ] GC(1011) Metaspace: 13506K->13506K(1062912K)
[23.599s][info][gc           ] GC(1011) Pause Young (Allocation Failure) 207M->38M(511M) 0.607ms
[23.599s][info][gc,cpu       ] GC(1011) User=0.00s Sys=0.00s Real=0.00s
[23.620s][info][gc,start     ] GC(1012) Pause Young (Allocation Failure)
[23.621s][info][gc,heap      ] GC(1012) PSYoungGen: 173664K->64K(174080K)
[23.621s][info][gc,heap      ] GC(1012) ParOldGen: 39134K->39173K(349696K)
[23.621s][info][gc,metaspace ] GC(1012) Metaspace: 13506K->13506K(1062912K)
[23.621s][info][gc           ] GC(1012) Pause Young (Allocation Failure) 207M->38M(511M) 0.490ms
[23.621s][info][gc,cpu       ] GC(1012) User=0.00s Sys=0.00s Real=0.00s
[23.643s][info][gc,start     ] GC(1013) Pause Young (Allocation Failure)
[23.644s][info][gc,heap      ] GC(1013) PSYoungGen: 173632K->96K(174080K)
[23.644s][info][gc,heap      ] GC(1013) ParOldGen: 39173K->39202K(349696K)
[23.644s][info][gc,metaspace ] GC(1013) Metaspace: 13506K->13506K(1062912K)
[23.644s][info][gc           ] GC(1013) Pause Young (Allocation Failure) 207M->38M(511M) 0.411ms
[23.644s][info][gc,cpu       ] GC(1013) User=0.00s Sys=0.00s Real=0.00s
[23.663s][info][gc,start     ] GC(1014) Pause Young (Allocation Failure)
[23.663s][info][gc,heap      ] GC(1014) PSYoungGen: 173664K->96K(174080K)
[23.663s][info][gc,heap      ] GC(1014) ParOldGen: 39202K->39241K(349696K)
[23.663s][info][gc,metaspace ] GC(1014) Metaspace: 13506K->13506K(1062912K)
[23.663s][info][gc           ] GC(1014) Pause Young (Allocation Failure) 207M->38M(511M) 0.459ms
[23.663s][info][gc,cpu       ] GC(1014) User=0.00s Sys=0.00s Real=0.00s
[23.687s][info][gc,start     ] GC(1015) Pause Young (Allocation Failure)
[23.687s][info][gc,heap      ] GC(1015) PSYoungGen: 173664K->64K(174080K)
[23.687s][info][gc,heap      ] GC(1015) ParOldGen: 39241K->39271K(349696K)
[23.687s][info][gc,metaspace ] GC(1015) Metaspace: 13506K->13506K(1062912K)
[23.687s][info][gc           ] GC(1015) Pause Young (Allocation Failure) 207M->38M(511M) 0.712ms
[23.687s][info][gc,cpu       ] GC(1015) User=0.00s Sys=0.01s Real=0.00s
[23.710s][info][gc,start     ] GC(1016) Pause Young (Allocation Failure)
[23.711s][info][gc,heap      ] GC(1016) PSYoungGen: 173632K->96K(174080K)
[23.711s][info][gc,heap      ] GC(1016) ParOldGen: 39271K->39310K(349696K)
[23.711s][info][gc,metaspace ] GC(1016) Metaspace: 13506K->13506K(1062912K)
[23.711s][info][gc           ] GC(1016) Pause Young (Allocation Failure) 207M->38M(511M) 0.518ms
[23.711s][info][gc,cpu       ] GC(1016) User=0.00s Sys=0.00s Real=0.00s
[23.735s][info][gc,start     ] GC(1017) Pause Young (Allocation Failure)
[23.735s][info][gc,heap      ] GC(1017) PSYoungGen: 173664K->96K(174080K)
[23.735s][info][gc,heap      ] GC(1017) ParOldGen: 39310K->39339K(349696K)
[23.735s][info][gc,metaspace ] GC(1017) Metaspace: 13506K->13506K(1062912K)
[23.735s][info][gc           ] GC(1017) Pause Young (Allocation Failure) 207M->38M(511M) 0.566ms
[23.735s][info][gc,cpu       ] GC(1017) User=0.00s Sys=0.00s Real=0.00s
[23.756s][info][gc,start     ] GC(1018) Pause Young (Allocation Failure)
[23.757s][info][gc,heap      ] GC(1018) PSYoungGen: 173664K->64K(174080K)
[23.757s][info][gc,heap      ] GC(1018) ParOldGen: 39339K->39378K(349696K)
[23.757s][info][gc,metaspace ] GC(1018) Metaspace: 13506K->13506K(1062912K)
[23.757s][info][gc           ] GC(1018) Pause Young (Allocation Failure) 208M->38M(511M) 0.688ms
[23.757s][info][gc,cpu       ] GC(1018) User=0.00s Sys=0.00s Real=0.01s
[23.781s][info][gc,start     ] GC(1019) Pause Young (Allocation Failure)
[23.781s][info][gc,heap      ] GC(1019) PSYoungGen: 173632K->128K(174080K)
[23.781s][info][gc,heap      ] GC(1019) ParOldGen: 39378K->39408K(349696K)
[23.781s][info][gc,metaspace ] GC(1019) Metaspace: 13506K->13506K(1062912K)
[23.781s][info][gc           ] GC(1019) Pause Young (Allocation Failure) 208M->38M(511M) 0.588ms
[23.781s][info][gc,cpu       ] GC(1019) User=0.00s Sys=0.00s Real=0.00s
[23.803s][info][gc,start     ] GC(1020) Pause Young (Allocation Failure)
[23.804s][info][gc,heap      ] GC(1020) PSYoungGen: 173696K->64K(174080K)
[23.804s][info][gc,heap      ] GC(1020) ParOldGen: 39408K->39447K(349696K)
[23.804s][info][gc,metaspace ] GC(1020) Metaspace: 13506K->13506K(1062912K)
[23.804s][info][gc           ] GC(1020) Pause Young (Allocation Failure) 208M->38M(511M) 0.544ms
[23.804s][info][gc,cpu       ] GC(1020) User=0.00s Sys=0.00s Real=0.00s
[23.823s][info][gc,start     ] GC(1021) Pause Young (Allocation Failure)
[23.823s][info][gc,heap      ] GC(1021) PSYoungGen: 173632K->96K(174080K)
[23.823s][info][gc,heap      ] GC(1021) ParOldGen: 39447K->39486K(349696K)
[23.823s][info][gc,metaspace ] GC(1021) Metaspace: 13506K->13506K(1062912K)
[23.823s][info][gc           ] GC(1021) Pause Young (Allocation Failure) 208M->38M(511M) 0.443ms
[23.823s][info][gc,cpu       ] GC(1021) User=0.00s Sys=0.00s Real=0.00s
[23.847s][info][gc,start     ] GC(1022) Pause Young (Allocation Failure)
[23.847s][info][gc,heap      ] GC(1022) PSYoungGen: 173664K->96K(174080K)
[23.847s][info][gc,heap      ] GC(1022) ParOldGen: 39486K->39515K(349696K)
[23.847s][info][gc,metaspace ] GC(1022) Metaspace: 13506K->13506K(1062912K)
[23.847s][info][gc           ] GC(1022) Pause Young (Allocation Failure) 208M->38M(511M) 0.561ms
[23.847s][info][gc,cpu       ] GC(1022) User=0.00s Sys=0.00s Real=0.00s
[23.867s][info][gc,start     ] GC(1023) Pause Young (Allocation Failure)
[23.867s][info][gc,heap      ] GC(1023) PSYoungGen: 173664K->96K(174080K)
[23.867s][info][gc,heap      ] GC(1023) ParOldGen: 39515K->39554K(349696K)
[23.867s][info][gc,metaspace ] GC(1023) Metaspace: 13506K->13506K(1062912K)
[23.867s][info][gc           ] GC(1023) Pause Young (Allocation Failure) 208M->38M(511M) 0.393ms
[23.867s][info][gc,cpu       ] GC(1023) User=0.00s Sys=0.00s Real=0.00s
[23.888s][info][gc,start     ] GC(1024) Pause Young (Allocation Failure)
[23.888s][info][gc,heap      ] GC(1024) PSYoungGen: 173664K->64K(174080K)
[23.888s][info][gc,heap      ] GC(1024) ParOldGen: 39554K->39584K(349696K)
[23.888s][info][gc,metaspace ] GC(1024) Metaspace: 13506K->13506K(1062912K)
[23.888s][info][gc           ] GC(1024) Pause Young (Allocation Failure) 208M->38M(511M) 0.513ms
[23.888s][info][gc,cpu       ] GC(1024) User=0.00s Sys=0.00s Real=0.00s
[23.909s][info][gc,start     ] GC(1025) Pause Young (Allocation Failure)
[23.909s][info][gc,heap      ] GC(1025) PSYoungGen: 173632K->64K(174080K)
[23.909s][info][gc,heap      ] GC(1025) ParOldGen: 39584K->39623K(349696K)
[23.909s][info][gc,metaspace ] GC(1025) Metaspace: 13506K->13506K(1062912K)
[23.909s][info][gc           ] GC(1025) Pause Young (Allocation Failure) 208M->38M(511M) 0.459ms
[23.909s][info][gc,cpu       ] GC(1025) User=0.00s Sys=0.00s Real=0.00s
[23.931s][info][gc,start     ] GC(1026) Pause Young (Allocation Failure)
[23.932s][info][gc,heap      ] GC(1026) PSYoungGen: 173632K->128K(174080K)
[23.932s][info][gc,heap      ] GC(1026) ParOldGen: 39623K->39652K(349696K)
[23.932s][info][gc,metaspace ] GC(1026) Metaspace: 13506K->13506K(1062912K)
[23.932s][info][gc           ] GC(1026) Pause Young (Allocation Failure) 208M->38M(511M) 0.540ms
[23.932s][info][gc,cpu       ] GC(1026) User=0.00s Sys=0.00s Real=0.00s
[23.951s][info][gc,start     ] GC(1027) Pause Young (Allocation Failure)
[23.952s][info][gc,heap      ] GC(1027) PSYoungGen: 173696K->96K(174080K)
[23.952s][info][gc,heap      ] GC(1027) ParOldGen: 39652K->39691K(349696K)
[23.952s][info][gc,metaspace ] GC(1027) Metaspace: 13506K->13506K(1062912K)
[23.952s][info][gc           ] GC(1027) Pause Young (Allocation Failure) 208M->38M(511M) 0.538ms
[23.952s][info][gc,cpu       ] GC(1027) User=0.00s Sys=0.00s Real=0.00s
[23.974s][info][gc,start     ] GC(1028) Pause Young (Allocation Failure)
[23.975s][info][gc,heap      ] GC(1028) PSYoungGen: 173664K->96K(174080K)
[23.975s][info][gc,heap      ] GC(1028) ParOldGen: 39691K->39721K(349696K)
[23.975s][info][gc,metaspace ] GC(1028) Metaspace: 13506K->13506K(1062912K)
[23.975s][info][gc           ] GC(1028) Pause Young (Allocation Failure) 208M->38M(511M) 0.537ms
[23.975s][info][gc,cpu       ] GC(1028) User=0.01s Sys=0.00s Real=0.00s
[23.996s][info][gc,start     ] GC(1029) Pause Young (Allocation Failure)
[23.997s][info][gc,heap      ] GC(1029) PSYoungGen: 173664K->96K(174080K)
[23.997s][info][gc,heap      ] GC(1029) ParOldGen: 39721K->39760K(349696K)
[23.997s][info][gc,metaspace ] GC(1029) Metaspace: 13506K->13506K(1062912K)
[23.997s][info][gc           ] GC(1029) Pause Young (Allocation Failure) 208M->38M(511M) 0.451ms
[23.997s][info][gc,cpu       ] GC(1029) User=0.00s Sys=0.00s Real=0.00s
[24.017s][info][gc,start     ] GC(1030) Pause Young (Allocation Failure)
[24.018s][info][gc,heap      ] GC(1030) PSYoungGen: 173664K->96K(174080K)
[24.018s][info][gc,heap      ] GC(1030) ParOldGen: 39760K->39789K(349696K)
[24.018s][info][gc,metaspace ] GC(1030) Metaspace: 13506K->13506K(1062912K)
[24.018s][info][gc           ] GC(1030) Pause Young (Allocation Failure) 208M->38M(511M) 0.594ms
[24.018s][info][gc,cpu       ] GC(1030) User=0.00s Sys=0.00s Real=0.00s
[24.037s][info][gc,start     ] GC(1031) Pause Young (Allocation Failure)
[24.037s][info][gc,heap      ] GC(1031) PSYoungGen: 173664K->64K(174080K)
[24.037s][info][gc,heap      ] GC(1031) ParOldGen: 39789K->39828K(349696K)
[24.037s][info][gc,metaspace ] GC(1031) Metaspace: 13506K->13506K(1062912K)
[24.037s][info][gc           ] GC(1031) Pause Young (Allocation Failure) 208M->38M(511M) 0.480ms
[24.037s][info][gc,cpu       ] GC(1031) User=0.00s Sys=0.00s Real=0.00s
[24.058s][info][gc,start     ] GC(1032) Pause Young (Allocation Failure)
[24.059s][info][gc,heap      ] GC(1032) PSYoungGen: 173632K->64K(174080K)
[24.059s][info][gc,heap      ] GC(1032) ParOldGen: 39828K->39858K(349696K)
[24.059s][info][gc,metaspace ] GC(1032) Metaspace: 13506K->13506K(1062912K)
[24.059s][info][gc           ] GC(1032) Pause Young (Allocation Failure) 208M->38M(511M) 0.482ms
[24.059s][info][gc,cpu       ] GC(1032) User=0.00s Sys=0.00s Real=0.00s
[24.079s][info][gc,start     ] GC(1033) Pause Young (Allocation Failure)
[24.079s][info][gc,heap      ] GC(1033) PSYoungGen: 173632K->64K(174080K)
[24.079s][info][gc,heap      ] GC(1033) ParOldGen: 39858K->39897K(349696K)
[24.079s][info][gc,metaspace ] GC(1033) Metaspace: 13506K->13506K(1062912K)
[24.079s][info][gc           ] GC(1033) Pause Young (Allocation Failure) 208M->39M(511M) 0.577ms
[24.079s][info][gc,cpu       ] GC(1033) User=0.00s Sys=0.00s Real=0.00s
[24.100s][info][gc,start     ] GC(1034) Pause Young (Allocation Failure)
[24.101s][info][gc,heap      ] GC(1034) PSYoungGen: 173632K->96K(174080K)
[24.101s][info][gc,heap      ] GC(1034) ParOldGen: 39897K->39936K(349696K)
[24.101s][info][gc,metaspace ] GC(1034) Metaspace: 13506K->13506K(1062912K)
[24.101s][info][gc           ] GC(1034) Pause Young (Allocation Failure) 208M->39M(511M) 0.442ms
[24.101s][info][gc,cpu       ] GC(1034) User=0.00s Sys=0.00s Real=0.00s
[24.122s][info][gc,start     ] GC(1035) Pause Young (Allocation Failure)
[24.123s][info][gc,heap      ] GC(1035) PSYoungGen: 173664K->64K(174080K)
[24.123s][info][gc,heap      ] GC(1035) ParOldGen: 39936K->39965K(349696K)
[24.123s][info][gc,metaspace ] GC(1035) Metaspace: 13506K->13506K(1062912K)
[24.123s][info][gc           ] GC(1035) Pause Young (Allocation Failure) 208M->39M(511M) 0.479ms
[24.123s][info][gc,cpu       ] GC(1035) User=0.01s Sys=0.00s Real=0.00s
[24.143s][info][gc,start     ] GC(1036) Pause Young (Allocation Failure)
[24.144s][info][gc,heap      ] GC(1036) PSYoungGen: 173632K->64K(174080K)
[24.144s][info][gc,heap      ] GC(1036) ParOldGen: 39965K->40004K(349696K)
[24.144s][info][gc,metaspace ] GC(1036) Metaspace: 13506K->13506K(1062912K)
[24.144s][info][gc           ] GC(1036) Pause Young (Allocation Failure) 208M->39M(511M) 0.454ms
[24.144s][info][gc,cpu       ] GC(1036) User=0.00s Sys=0.00s Real=0.00s
[24.165s][info][gc,start     ] GC(1037) Pause Young (Allocation Failure)
[24.166s][info][gc,heap      ] GC(1037) PSYoungGen: 173632K->64K(174080K)
[24.166s][info][gc,heap      ] GC(1037) ParOldGen: 40004K->40034K(349696K)
[24.166s][info][gc,metaspace ] GC(1037) Metaspace: 13506K->13506K(1062912K)
[24.166s][info][gc           ] GC(1037) Pause Young (Allocation Failure) 208M->39M(511M) 0.576ms
[24.166s][info][gc,cpu       ] GC(1037) User=0.00s Sys=0.00s Real=0.00s
[24.185s][info][gc,start     ] GC(1038) Pause Young (Allocation Failure)
[24.186s][info][gc,heap      ] GC(1038) PSYoungGen: 173632K->64K(174080K)
[24.186s][info][gc,heap      ] GC(1038) ParOldGen: 40034K->40073K(349696K)
[24.186s][info][gc,metaspace ] GC(1038) Metaspace: 13506K->13506K(1062912K)
[24.186s][info][gc           ] GC(1038) Pause Young (Allocation Failure) 208M->39M(511M) 0.572ms
[24.186s][info][gc,cpu       ] GC(1038) User=0.00s Sys=0.00s Real=0.00s
[24.209s][info][gc,start     ] GC(1039) Pause Young (Allocation Failure)
[24.209s][info][gc,heap      ] GC(1039) PSYoungGen: 173632K->128K(174080K)
[24.209s][info][gc,heap      ] GC(1039) ParOldGen: 40073K->40102K(349696K)
[24.209s][info][gc,metaspace ] GC(1039) Metaspace: 13506K->13506K(1062912K)
[24.209s][info][gc           ] GC(1039) Pause Young (Allocation Failure) 208M->39M(511M) 0.530ms
[24.209s][info][gc,cpu       ] GC(1039) User=0.01s Sys=0.00s Real=0.00s
[24.231s][info][gc,start     ] GC(1040) Pause Young (Allocation Failure)
[24.231s][info][gc,heap      ] GC(1040) PSYoungGen: 173696K->64K(174080K)
[24.231s][info][gc,heap      ] GC(1040) ParOldGen: 40102K->40141K(349696K)
[24.231s][info][gc,metaspace ] GC(1040) Metaspace: 13506K->13506K(1062912K)
[24.231s][info][gc           ] GC(1040) Pause Young (Allocation Failure) 208M->39M(511M) 0.601ms
[24.231s][info][gc,cpu       ] GC(1040) User=0.00s Sys=0.00s Real=0.00s
[24.255s][info][gc,start     ] GC(1041) Pause Young (Allocation Failure)
[24.255s][info][gc,heap      ] GC(1041) PSYoungGen: 173632K->96K(174080K)
[24.255s][info][gc,heap      ] GC(1041) ParOldGen: 40141K->40171K(349696K)
[24.255s][info][gc,metaspace ] GC(1041) Metaspace: 13506K->13506K(1062912K)
[24.255s][info][gc           ] GC(1041) Pause Young (Allocation Failure) 208M->39M(511M) 0.597ms
[24.255s][info][gc,cpu       ] GC(1041) User=0.00s Sys=0.00s Real=0.00s
[24.277s][info][gc,start     ] GC(1042) Pause Young (Allocation Failure)
[24.277s][info][gc,heap      ] GC(1042) PSYoungGen: 173664K->64K(174080K)
[24.277s][info][gc,heap      ] GC(1042) ParOldGen: 40171K->40210K(349696K)
[24.277s][info][gc,metaspace ] GC(1042) Metaspace: 13506K->13506K(1062912K)
[24.277s][info][gc           ] GC(1042) Pause Young (Allocation Failure) 208M->39M(511M) 0.548ms
[24.277s][info][gc,cpu       ] GC(1042) User=0.00s Sys=0.00s Real=0.00s
[24.301s][info][gc,start     ] GC(1043) Pause Young (Allocation Failure)
[24.302s][info][gc,heap      ] GC(1043) PSYoungGen: 173632K->96K(174080K)
[24.302s][info][gc,heap      ] GC(1043) ParOldGen: 40210K->40239K(349696K)
[24.302s][info][gc,metaspace ] GC(1043) Metaspace: 13506K->13506K(1062912K)
[24.302s][info][gc           ] GC(1043) Pause Young (Allocation Failure) 208M->39M(511M) 0.659ms
[24.302s][info][gc,cpu       ] GC(1043) User=0.00s Sys=0.00s Real=0.00s
[24.322s][info][gc,start     ] GC(1044) Pause Young (Allocation Failure)
[24.322s][info][gc,heap      ] GC(1044) PSYoungGen: 173664K->64K(174080K)
[24.322s][info][gc,heap      ] GC(1044) ParOldGen: 40239K->40278K(349696K)
[24.322s][info][gc,metaspace ] GC(1044) Metaspace: 13506K->13506K(1062912K)
[24.322s][info][gc           ] GC(1044) Pause Young (Allocation Failure) 208M->39M(511M) 0.485ms
[24.322s][info][gc,cpu       ] GC(1044) User=0.00s Sys=0.00s Real=0.00s
[24.344s][info][gc,start     ] GC(1045) Pause Young (Allocation Failure)
[24.344s][info][gc,heap      ] GC(1045) PSYoungGen: 173632K->96K(174080K)
[24.344s][info][gc,heap      ] GC(1045) ParOldGen: 40278K->40308K(349696K)
[24.344s][info][gc,metaspace ] GC(1045) Metaspace: 13506K->13506K(1062912K)
[24.344s][info][gc           ] GC(1045) Pause Young (Allocation Failure) 208M->39M(511M) 0.487ms
[24.344s][info][gc,cpu       ] GC(1045) User=0.01s Sys=0.00s Real=0.00s
[24.384s][info][gc,start     ] GC(1046) Pause Young (Allocation Failure)
[24.384s][info][gc,heap      ] GC(1046) PSYoungGen: 173664K->64K(174080K)
[24.384s][info][gc,heap      ] GC(1046) ParOldGen: 40308K->40347K(349696K)
[24.384s][info][gc,metaspace ] GC(1046) Metaspace: 13506K->13506K(1062912K)
[24.384s][info][gc           ] GC(1046) Pause Young (Allocation Failure) 208M->39M(511M) 0.568ms
[24.384s][info][gc,cpu       ] GC(1046) User=0.00s Sys=0.01s Real=0.00s
[24.408s][info][gc,start     ] GC(1047) Pause Young (Allocation Failure)
[24.408s][info][gc,heap      ] GC(1047) PSYoungGen: 173632K->96K(174080K)
[24.408s][info][gc,heap      ] GC(1047) ParOldGen: 40347K->40386K(349696K)
[24.409s][info][gc,metaspace ] GC(1047) Metaspace: 13506K->13506K(1062912K)
[24.409s][info][gc           ] GC(1047) Pause Young (Allocation Failure) 208M->39M(511M) 0.495ms
[24.409s][info][gc,cpu       ] GC(1047) User=0.00s Sys=0.00s Real=0.00s
[24.430s][info][gc,start     ] GC(1048) Pause Young (Allocation Failure)
[24.430s][info][gc,heap      ] GC(1048) PSYoungGen: 173664K->128K(174080K)
[24.430s][info][gc,heap      ] GC(1048) ParOldGen: 40386K->40415K(349696K)
[24.430s][info][gc,metaspace ] GC(1048) Metaspace: 13506K->13506K(1062912K)
[24.430s][info][gc           ] GC(1048) Pause Young (Allocation Failure) 209M->39M(511M) 0.485ms
[24.430s][info][gc,cpu       ] GC(1048) User=0.00s Sys=0.00s Real=0.00s
[24.449s][info][gc,start     ] GC(1049) Pause Young (Allocation Failure)
[24.450s][info][gc,heap      ] GC(1049) PSYoungGen: 173696K->96K(174080K)
[24.450s][info][gc,heap      ] GC(1049) ParOldGen: 40415K->40454K(349696K)
[24.450s][info][gc,metaspace ] GC(1049) Metaspace: 13506K->13506K(1062912K)
[24.450s][info][gc           ] GC(1049) Pause Young (Allocation Failure) 209M->39M(511M) 0.473ms
[24.450s][info][gc,cpu       ] GC(1049) User=0.00s Sys=0.00s Real=0.00s
[24.470s][info][gc,start     ] GC(1050) Pause Young (Allocation Failure)
[24.470s][info][gc,heap      ] GC(1050) PSYoungGen: 173664K->64K(174080K)
[24.470s][info][gc,heap      ] GC(1050) ParOldGen: 40454K->40484K(349696K)
[24.470s][info][gc,metaspace ] GC(1050) Metaspace: 13506K->13506K(1062912K)
[24.470s][info][gc           ] GC(1050) Pause Young (Allocation Failure) 209M->39M(511M) 0.513ms
[24.471s][info][gc,cpu       ] GC(1050) User=0.00s Sys=0.00s Real=0.00s
[24.489s][info][gc,start     ] GC(1051) Pause Young (Allocation Failure)
[24.490s][info][gc,heap      ] GC(1051) PSYoungGen: 173632K->64K(174080K)
[24.490s][info][gc,heap      ] GC(1051) ParOldGen: 40484K->40523K(349696K)
[24.490s][info][gc,metaspace ] GC(1051) Metaspace: 13506K->13506K(1062912K)
[24.490s][info][gc           ] GC(1051) Pause Young (Allocation Failure) 209M->39M(511M) 0.400ms
[24.490s][info][gc,cpu       ] GC(1051) User=0.00s Sys=0.00s Real=0.00s
[24.512s][info][gc,start     ] GC(1052) Pause Young (Allocation Failure)
[24.512s][info][gc,heap      ] GC(1052) PSYoungGen: 173632K->128K(174080K)
[24.512s][info][gc,heap      ] GC(1052) ParOldGen: 40523K->40552K(349696K)
[24.512s][info][gc,metaspace ] GC(1052) Metaspace: 13506K->13506K(1062912K)
[24.512s][info][gc           ] GC(1052) Pause Young (Allocation Failure) 209M->39M(511M) 0.414ms
[24.512s][info][gc,cpu       ] GC(1052) User=0.00s Sys=0.00s Real=0.00s
[24.533s][info][gc,start     ] GC(1053) Pause Young (Allocation Failure)
[24.533s][info][gc,heap      ] GC(1053) PSYoungGen: 173696K->64K(174080K)
[24.533s][info][gc,heap      ] GC(1053) ParOldGen: 40552K->40591K(349696K)
[24.533s][info][gc,metaspace ] GC(1053) Metaspace: 13506K->13506K(1062912K)
[24.533s][info][gc           ] GC(1053) Pause Young (Allocation Failure) 209M->39M(511M) 0.583ms
[24.533s][info][gc,cpu       ] GC(1053) User=0.00s Sys=0.00s Real=0.00s
[24.555s][info][gc,start     ] GC(1054) Pause Young (Allocation Failure)
[24.556s][info][gc,heap      ] GC(1054) PSYoungGen: 173632K->64K(174080K)
[24.556s][info][gc,heap      ] GC(1054) ParOldGen: 40591K->40621K(349696K)
[24.556s][info][gc,metaspace ] GC(1054) Metaspace: 13506K->13506K(1062912K)
[24.556s][info][gc           ] GC(1054) Pause Young (Allocation Failure) 209M->39M(511M) 0.546ms
[24.556s][info][gc,cpu       ] GC(1054) User=0.00s Sys=0.00s Real=0.00s
[24.576s][info][gc,start     ] GC(1055) Pause Young (Allocation Failure)
[24.576s][info][gc,heap      ] GC(1055) PSYoungGen: 173632K->64K(174080K)
[24.576s][info][gc,heap      ] GC(1055) ParOldGen: 40621K->40660K(349696K)
[24.576s][info][gc,metaspace ] GC(1055) Metaspace: 13506K->13506K(1062912K)
[24.576s][info][gc           ] GC(1055) Pause Young (Allocation Failure) 209M->39M(511M) 0.490ms
[24.576s][info][gc,cpu       ] GC(1055) User=0.00s Sys=0.00s Real=0.01s
[24.598s][info][gc,start     ] GC(1056) Pause Young (Allocation Failure)
[24.599s][info][gc,heap      ] GC(1056) PSYoungGen: 173632K->96K(174080K)
[24.599s][info][gc,heap      ] GC(1056) ParOldGen: 40660K->40689K(349696K)
[24.599s][info][gc,metaspace ] GC(1056) Metaspace: 13506K->13506K(1062912K)
[24.599s][info][gc           ] GC(1056) Pause Young (Allocation Failure) 209M->39M(511M) 0.585ms
[24.599s][info][gc,cpu       ] GC(1056) User=0.00s Sys=0.00s Real=0.00s
[24.618s][info][gc,start     ] GC(1057) Pause Young (Allocation Failure)
[24.619s][info][gc,heap      ] GC(1057) PSYoungGen: 173664K->64K(174080K)
[24.619s][info][gc,heap      ] GC(1057) ParOldGen: 40689K->40728K(349696K)
[24.619s][info][gc,metaspace ] GC(1057) Metaspace: 13506K->13506K(1062912K)
[24.619s][info][gc           ] GC(1057) Pause Young (Allocation Failure) 209M->39M(511M) 0.431ms
[24.619s][info][gc,cpu       ] GC(1057) User=0.00s Sys=0.00s Real=0.00s
[24.640s][info][gc,start     ] GC(1058) Pause Young (Allocation Failure)
[24.641s][info][gc,heap      ] GC(1058) PSYoungGen: 173632K->128K(174080K)
[24.641s][info][gc,heap      ] GC(1058) ParOldGen: 40728K->40757K(349696K)
[24.641s][info][gc,metaspace ] GC(1058) Metaspace: 13506K->13506K(1062912K)
[24.641s][info][gc           ] GC(1058) Pause Young (Allocation Failure) 209M->39M(511M) 0.444ms
[24.641s][info][gc,cpu       ] GC(1058) User=0.00s Sys=0.00s Real=0.00s
[24.662s][info][gc,start     ] GC(1059) Pause Young (Allocation Failure)
[24.662s][info][gc,heap      ] GC(1059) PSYoungGen: 173696K->96K(174080K)
[24.662s][info][gc,heap      ] GC(1059) ParOldGen: 40757K->40797K(349696K)
[24.662s][info][gc,metaspace ] GC(1059) Metaspace: 13506K->13506K(1062912K)
[24.662s][info][gc           ] GC(1059) Pause Young (Allocation Failure) 209M->39M(511M) 0.447ms
[24.662s][info][gc,cpu       ] GC(1059) User=0.00s Sys=0.00s Real=0.00s
[24.681s][info][gc,start     ] GC(1060) Pause Young (Allocation Failure)
[24.681s][info][gc,heap      ] GC(1060) PSYoungGen: 173664K->96K(174080K)
[24.681s][info][gc,heap      ] GC(1060) ParOldGen: 40797K->40836K(349696K)
[24.681s][info][gc,metaspace ] GC(1060) Metaspace: 13506K->13506K(1062912K)
[24.682s][info][gc           ] GC(1060) Pause Young (Allocation Failure) 209M->39M(511M) 0.456ms
[24.682s][info][gc,cpu       ] GC(1060) User=0.00s Sys=0.00s Real=0.00s
[24.702s][info][gc,start     ] GC(1061) Pause Young (Allocation Failure)
[24.702s][info][gc,heap      ] GC(1061) PSYoungGen: 173664K->128K(174080K)
[24.702s][info][gc,heap      ] GC(1061) ParOldGen: 40836K->40865K(349696K)
[24.702s][info][gc,metaspace ] GC(1061) Metaspace: 13506K->13506K(1062912K)
[24.702s][info][gc           ] GC(1061) Pause Young (Allocation Failure) 209M->40M(511M) 0.501ms
[24.702s][info][gc,cpu       ] GC(1061) User=0.00s Sys=0.00s Real=0.00s
[24.723s][info][gc,start     ] GC(1062) Pause Young (Allocation Failure)
[24.724s][info][gc,heap      ] GC(1062) PSYoungGen: 173696K->96K(174080K)
[24.724s][info][gc,heap      ] GC(1062) ParOldGen: 40865K->40904K(349696K)
[24.724s][info][gc,metaspace ] GC(1062) Metaspace: 13506K->13506K(1062912K)
[24.724s][info][gc           ] GC(1062) Pause Young (Allocation Failure) 209M->40M(511M) 0.427ms
[24.724s][info][gc,cpu       ] GC(1062) User=0.00s Sys=0.00s Real=0.00s
[24.745s][info][gc,start     ] GC(1063) Pause Young (Allocation Failure)
[24.746s][info][gc,heap      ] GC(1063) PSYoungGen: 173664K->128K(174080K)
[24.746s][info][gc,heap      ] GC(1063) ParOldGen: 40904K->40934K(349696K)
[24.746s][info][gc,metaspace ] GC(1063) Metaspace: 13506K->13506K(1062912K)
[24.746s][info][gc           ] GC(1063) Pause Young (Allocation Failure) 209M->40M(511M) 0.440ms
[24.746s][info][gc,cpu       ] GC(1063) User=0.00s Sys=0.00s Real=0.00s
[24.766s][info][gc,start     ] GC(1064) Pause Young (Allocation Failure)
[24.766s][info][gc,heap      ] GC(1064) PSYoungGen: 173696K->96K(174080K)
[24.766s][info][gc,heap      ] GC(1064) ParOldGen: 40934K->40973K(349696K)
[24.766s][info][gc,metaspace ] GC(1064) Metaspace: 13506K->13506K(1062912K)
[24.766s][info][gc           ] GC(1064) Pause Young (Allocation Failure) 209M->40M(511M) 0.750ms
[24.766s][info][gc,cpu       ] GC(1064) User=0.00s Sys=0.00s Real=0.01s
[24.791s][info][gc,start     ] GC(1065) Pause Young (Allocation Failure)
[24.792s][info][gc,heap      ] GC(1065) PSYoungGen: 173664K->128K(174080K)
[24.792s][info][gc,heap      ] GC(1065) ParOldGen: 40973K->41002K(349696K)
[24.792s][info][gc,metaspace ] GC(1065) Metaspace: 13506K->13506K(1062912K)
[24.792s][info][gc           ] GC(1065) Pause Young (Allocation Failure) 209M->40M(511M) 0.452ms
[24.792s][info][gc,cpu       ] GC(1065) User=0.00s Sys=0.00s Real=0.00s
[24.813s][info][gc,start     ] GC(1066) Pause Young (Allocation Failure)
[24.813s][info][gc,heap      ] GC(1066) PSYoungGen: 173696K->96K(174080K)
[24.813s][info][gc,heap      ] GC(1066) ParOldGen: 41002K->41041K(349696K)
[24.813s][info][gc,metaspace ] GC(1066) Metaspace: 13506K->13506K(1062912K)
[24.813s][info][gc           ] GC(1066) Pause Young (Allocation Failure) 209M->40M(511M) 0.591ms
[24.813s][info][gc,cpu       ] GC(1066) User=0.00s Sys=0.00s Real=0.00s
[24.838s][info][gc,start     ] GC(1067) Pause Young (Allocation Failure)
[24.838s][info][gc,heap      ] GC(1067) PSYoungGen: 173664K->64K(174080K)
[24.838s][info][gc,heap      ] GC(1067) ParOldGen: 41041K->41070K(349696K)
[24.839s][info][gc,metaspace ] GC(1067) Metaspace: 13506K->13506K(1062912K)
[24.839s][info][gc           ] GC(1067) Pause Young (Allocation Failure) 209M->40M(511M) 0.531ms
[24.839s][info][gc,cpu       ] GC(1067) User=0.00s Sys=0.00s Real=0.00s
[24.860s][info][gc,start     ] GC(1068) Pause Young (Allocation Failure)
[24.861s][info][gc,heap      ] GC(1068) PSYoungGen: 173632K->64K(174080K)
[24.861s][info][gc,heap      ] GC(1068) ParOldGen: 41070K->41110K(349696K)
[24.861s][info][gc,metaspace ] GC(1068) Metaspace: 13506K->13506K(1062912K)
[24.861s][info][gc           ] GC(1068) Pause Young (Allocation Failure) 209M->40M(511M) 0.569ms
[24.861s][info][gc,cpu       ] GC(1068) User=0.00s Sys=0.00s Real=0.00s
[24.884s][info][gc,start     ] GC(1069) Pause Young (Allocation Failure)
[24.884s][info][gc,heap      ] GC(1069) PSYoungGen: 173632K->96K(174080K)
[24.884s][info][gc,heap      ] GC(1069) ParOldGen: 41110K->41139K(349696K)
[24.884s][info][gc,metaspace ] GC(1069) Metaspace: 13506K->13506K(1062912K)
[24.884s][info][gc           ] GC(1069) Pause Young (Allocation Failure) 209M->40M(511M) 0.562ms
[24.884s][info][gc,cpu       ] GC(1069) User=0.00s Sys=0.00s Real=0.00s
[24.907s][info][gc,start     ] GC(1070) Pause Young (Allocation Failure)
[24.908s][info][gc,heap      ] GC(1070) PSYoungGen: 173664K->64K(174080K)
[24.908s][info][gc,heap      ] GC(1070) ParOldGen: 41139K->41178K(349696K)
[24.908s][info][gc,metaspace ] GC(1070) Metaspace: 13506K->13506K(1062912K)
[24.908s][info][gc           ] GC(1070) Pause Young (Allocation Failure) 209M->40M(511M) 0.587ms
[24.908s][info][gc,cpu       ] GC(1070) User=0.00s Sys=0.00s Real=0.00s
[24.932s][info][gc,start     ] GC(1071) Pause Young (Allocation Failure)
[24.933s][info][gc,heap      ] GC(1071) PSYoungGen: 173632K->96K(174080K)
[24.933s][info][gc,heap      ] GC(1071) ParOldGen: 41178K->41207K(349696K)
[24.933s][info][gc,metaspace ] GC(1071) Metaspace: 13506K->13506K(1062912K)
[24.933s][info][gc           ] GC(1071) Pause Young (Allocation Failure) 209M->40M(511M) 0.540ms
[24.933s][info][gc,cpu       ] GC(1071) User=0.00s Sys=0.00s Real=0.00s
[24.955s][info][gc,start     ] GC(1072) Pause Young (Allocation Failure)
[24.955s][info][gc,heap      ] GC(1072) PSYoungGen: 173664K->96K(174080K)
[24.955s][info][gc,heap      ] GC(1072) ParOldGen: 41207K->41247K(349696K)
[24.955s][info][gc,metaspace ] GC(1072) Metaspace: 13506K->13506K(1062912K)
[24.955s][info][gc           ] GC(1072) Pause Young (Allocation Failure) 209M->40M(511M) 0.523ms
[24.955s][info][gc,cpu       ] GC(1072) User=0.00s Sys=0.00s Real=0.00s
[24.979s][info][gc,start     ] GC(1073) Pause Young (Allocation Failure)
[24.979s][info][gc,heap      ] GC(1073) PSYoungGen: 173664K->96K(174080K)
[24.979s][info][gc,heap      ] GC(1073) ParOldGen: 41247K->41286K(349696K)
[24.979s][info][gc,metaspace ] GC(1073) Metaspace: 13506K->13506K(1062912K)
[24.979s][info][gc           ] GC(1073) Pause Young (Allocation Failure) 209M->40M(511M) 0.505ms
[24.979s][info][gc,cpu       ] GC(1073) User=0.00s Sys=0.00s Real=0.00s
[25.002s][info][gc,start     ] GC(1074) Pause Young (Allocation Failure)
[25.003s][info][gc,heap      ] GC(1074) PSYoungGen: 173664K->96K(174080K)
[25.003s][info][gc,heap      ] GC(1074) ParOldGen: 41286K->41315K(349696K)
[25.003s][info][gc,metaspace ] GC(1074) Metaspace: 13506K->13506K(1062912K)
[25.003s][info][gc           ] GC(1074) Pause Young (Allocation Failure) 209M->40M(511M) 0.723ms
[25.003s][info][gc,cpu       ] GC(1074) User=0.00s Sys=0.00s Real=0.00s
[25.026s][info][gc,start     ] GC(1075) Pause Young (Allocation Failure)
[25.027s][info][gc,heap      ] GC(1075) PSYoungGen: 173664K->64K(174080K)
[25.027s][info][gc,heap      ] GC(1075) ParOldGen: 41315K->41354K(349696K)
[25.027s][info][gc,metaspace ] GC(1075) Metaspace: 13506K->13506K(1062912K)
[25.027s][info][gc           ] GC(1075) Pause Young (Allocation Failure) 209M->40M(511M) 0.501ms
[25.027s][info][gc,cpu       ] GC(1075) User=0.00s Sys=0.00s Real=0.00s
[25.049s][info][gc,start     ] GC(1076) Pause Young (Allocation Failure)
[25.049s][info][gc,heap      ] GC(1076) PSYoungGen: 173632K->64K(174080K)
[25.049s][info][gc,heap      ] GC(1076) ParOldGen: 41354K->41383K(349696K)
[25.049s][info][gc,metaspace ] GC(1076) Metaspace: 13506K->13506K(1062912K)
[25.049s][info][gc           ] GC(1076) Pause Young (Allocation Failure) 209M->40M(511M) 0.583ms
[25.049s][info][gc,cpu       ] GC(1076) User=0.00s Sys=0.00s Real=0.00s
[25.068s][info][gc,start     ] GC(1077) Pause Young (Allocation Failure)
[25.068s][info][gc,heap      ] GC(1077) PSYoungGen: 173632K->64K(174080K)
[25.068s][info][gc,heap      ] GC(1077) ParOldGen: 41383K->41423K(349696K)
[25.068s][info][gc,metaspace ] GC(1077) Metaspace: 13506K->13506K(1062912K)
[25.068s][info][gc           ] GC(1077) Pause Young (Allocation Failure) 209M->40M(511M) 0.459ms
[25.068s][info][gc,cpu       ] GC(1077) User=0.00s Sys=0.00s Real=0.00s
[25.092s][info][gc,start     ] GC(1078) Pause Young (Allocation Failure)
[25.093s][info][gc,heap      ] GC(1078) PSYoungGen: 173632K->96K(174080K)
[25.093s][info][gc,heap      ] GC(1078) ParOldGen: 41423K->41452K(349696K)
[25.093s][info][gc,metaspace ] GC(1078) Metaspace: 13506K->13506K(1062912K)
[25.093s][info][gc           ] GC(1078) Pause Young (Allocation Failure) 210M->40M(511M) 0.761ms
[25.093s][info][gc,cpu       ] GC(1078) User=0.00s Sys=0.00s Real=0.00s
[25.116s][info][gc,start     ] GC(1079) Pause Young (Allocation Failure)
[25.117s][info][gc,heap      ] GC(1079) PSYoungGen: 173664K->64K(174080K)
[25.117s][info][gc,heap      ] GC(1079) ParOldGen: 41452K->41491K(349696K)
[25.117s][info][gc,metaspace ] GC(1079) Metaspace: 13506K->13506K(1062912K)
[25.117s][info][gc           ] GC(1079) Pause Young (Allocation Failure) 210M->40M(511M) 0.478ms
[25.117s][info][gc,cpu       ] GC(1079) User=0.00s Sys=0.00s Real=0.00s
[25.142s][info][gc,start     ] GC(1080) Pause Young (Allocation Failure)
[25.142s][info][gc,heap      ] GC(1080) PSYoungGen: 173632K->96K(174080K)
[25.142s][info][gc,heap      ] GC(1080) ParOldGen: 41491K->41520K(349696K)
[25.142s][info][gc,metaspace ] GC(1080) Metaspace: 13506K->13506K(1062912K)
[25.142s][info][gc           ] GC(1080) Pause Young (Allocation Failure) 210M->40M(511M) 0.540ms
[25.143s][info][gc,cpu       ] GC(1080) User=0.00s Sys=0.00s Real=0.00s
[25.164s][info][gc,start     ] GC(1081) Pause Young (Allocation Failure)
[25.165s][info][gc,heap      ] GC(1081) PSYoungGen: 173664K->64K(174080K)
[25.165s][info][gc,heap      ] GC(1081) ParOldGen: 41520K->41560K(349696K)
[25.165s][info][gc,metaspace ] GC(1081) Metaspace: 13506K->13506K(1062912K)
[25.165s][info][gc           ] GC(1081) Pause Young (Allocation Failure) 210M->40M(511M) 0.538ms
[25.165s][info][gc,cpu       ] GC(1081) User=0.00s Sys=0.00s Real=0.00s
[25.190s][info][gc,start     ] GC(1082) Pause Young (Allocation Failure)
[25.190s][info][gc,heap      ] GC(1082) PSYoungGen: 173632K->128K(174080K)
[25.190s][info][gc,heap      ] GC(1082) ParOldGen: 41560K->41589K(349696K)
[25.190s][info][gc,metaspace ] GC(1082) Metaspace: 13506K->13506K(1062912K)
[25.190s][info][gc           ] GC(1082) Pause Young (Allocation Failure) 210M->40M(511M) 0.543ms
[25.190s][info][gc,cpu       ] GC(1082) User=0.00s Sys=0.00s Real=0.00s
[25.213s][info][gc,start     ] GC(1083) Pause Young (Allocation Failure)
[25.213s][info][gc,heap      ] GC(1083) PSYoungGen: 173696K->96K(174080K)
[25.213s][info][gc,heap      ] GC(1083) ParOldGen: 41589K->41628K(349696K)
[25.213s][info][gc,metaspace ] GC(1083) Metaspace: 13506K->13506K(1062912K)
[25.213s][info][gc           ] GC(1083) Pause Young (Allocation Failure) 210M->40M(511M) 0.613ms
[25.213s][info][gc,cpu       ] GC(1083) User=0.00s Sys=0.00s Real=0.00s
[25.240s][info][gc,start     ] GC(1084) Pause Young (Allocation Failure)
[25.241s][info][gc,heap      ] GC(1084) PSYoungGen: 173664K->64K(174080K)
[25.241s][info][gc,heap      ] GC(1084) ParOldGen: 41628K->41657K(349696K)
[25.241s][info][gc,metaspace ] GC(1084) Metaspace: 13506K->13506K(1062912K)
[25.241s][info][gc           ] GC(1084) Pause Young (Allocation Failure) 210M->40M(511M) 0.667ms
[25.241s][info][gc,cpu       ] GC(1084) User=0.01s Sys=0.00s Real=0.00s
[25.263s][info][gc,start     ] GC(1085) Pause Young (Allocation Failure)
[25.263s][info][gc,heap      ] GC(1085) PSYoungGen: 173632K->96K(174080K)
[25.264s][info][gc,heap      ] GC(1085) ParOldGen: 41657K->41696K(349696K)
[25.264s][info][gc,metaspace ] GC(1085) Metaspace: 13506K->13506K(1062912K)
[25.264s][info][gc           ] GC(1085) Pause Young (Allocation Failure) 210M->40M(511M) 0.422ms
[25.264s][info][gc,cpu       ] GC(1085) User=0.01s Sys=0.00s Real=0.00s
[25.288s][info][gc,start     ] GC(1086) Pause Young (Allocation Failure)
[25.288s][info][gc,heap      ] GC(1086) PSYoungGen: 173664K->64K(174080K)
[25.288s][info][gc,heap      ] GC(1086) ParOldGen: 41696K->41726K(349696K)
[25.288s][info][gc,metaspace ] GC(1086) Metaspace: 13506K->13506K(1062912K)
[25.288s][info][gc           ] GC(1086) Pause Young (Allocation Failure) 210M->40M(511M) 0.624ms
[25.288s][info][gc,cpu       ] GC(1086) User=0.01s Sys=0.00s Real=0.00s
[25.311s][info][gc,start     ] GC(1087) Pause Young (Allocation Failure)
[25.312s][info][gc,heap      ] GC(1087) PSYoungGen: 173632K->96K(174080K)
[25.312s][info][gc,heap      ] GC(1087) ParOldGen: 41726K->41765K(349696K)
[25.312s][info][gc,metaspace ] GC(1087) Metaspace: 13506K->13506K(1062912K)
[25.312s][info][gc           ] GC(1087) Pause Young (Allocation Failure) 210M->40M(511M) 0.602ms
[25.312s][info][gc,cpu       ] GC(1087) User=0.01s Sys=0.00s Real=0.00s
[25.334s][info][gc,start     ] GC(1088) Pause Young (Allocation Failure)
[25.335s][info][gc,heap      ] GC(1088) PSYoungGen: 173664K->64K(174080K)
[25.335s][info][gc,heap      ] GC(1088) ParOldGen: 41765K->41804K(349696K)
[25.335s][info][gc,metaspace ] GC(1088) Metaspace: 13506K->13506K(1062912K)
[25.335s][info][gc           ] GC(1088) Pause Young (Allocation Failure) 210M->40M(511M) 0.616ms
[25.335s][info][gc,cpu       ] GC(1088) User=0.01s Sys=0.00s Real=0.00s
[25.365s][info][gc,start     ] GC(1089) Pause Young (Allocation Failure)
[25.365s][info][gc,heap      ] GC(1089) PSYoungGen: 173632K->64K(174080K)
[25.365s][info][gc,heap      ] GC(1089) ParOldGen: 41804K->41833K(349696K)
[25.365s][info][gc,metaspace ] GC(1089) Metaspace: 13524K->13524K(1062912K)
[25.365s][info][gc           ] GC(1089) Pause Young (Allocation Failure) 210M->40M(511M) 0.671ms
[25.365s][info][gc,cpu       ] GC(1089) User=0.00s Sys=0.00s Real=0.00s
[25.402s][info][gc,start     ] GC(1090) Pause Young (Allocation Failure)
[25.402s][info][gc,heap      ] GC(1090) PSYoungGen: 173632K->64K(174080K)
[25.402s][info][gc,heap      ] GC(1090) ParOldGen: 41833K->41873K(349696K)
[25.402s][info][gc,metaspace ] GC(1090) Metaspace: 13524K->13524K(1062912K)
[25.402s][info][gc           ] GC(1090) Pause Young (Allocation Failure) 210M->40M(511M) 0.561ms
[25.402s][info][gc,cpu       ] GC(1090) User=0.01s Sys=0.00s Real=0.00s
[25.424s][info][gc,start     ] GC(1091) Pause Young (Allocation Failure)
[25.424s][info][gc,heap      ] GC(1091) PSYoungGen: 173632K->96K(174080K)
[25.424s][info][gc,heap      ] GC(1091) ParOldGen: 41873K->41902K(349696K)
[25.424s][info][gc,metaspace ] GC(1091) Metaspace: 13524K->13524K(1062912K)
[25.424s][info][gc           ] GC(1091) Pause Young (Allocation Failure) 210M->41M(511M) 0.632ms
[25.424s][info][gc,cpu       ] GC(1091) User=0.00s Sys=0.01s Real=0.00s
[25.444s][info][gc,start     ] GC(1092) Pause Young (Allocation Failure)
[25.445s][info][gc,heap      ] GC(1092) PSYoungGen: 173664K->96K(174080K)
[25.445s][info][gc,heap      ] GC(1092) ParOldGen: 41902K->41941K(349696K)
[25.445s][info][gc,metaspace ] GC(1092) Metaspace: 13524K->13524K(1062912K)
[25.445s][info][gc           ] GC(1092) Pause Young (Allocation Failure) 210M->41M(511M) 0.541ms
[25.445s][info][gc,cpu       ] GC(1092) User=0.00s Sys=0.00s Real=0.00s
[25.466s][info][gc,start     ] GC(1093) Pause Young (Allocation Failure)
[25.466s][info][gc,heap      ] GC(1093) PSYoungGen: 173664K->128K(174080K)
[25.466s][info][gc,heap      ] GC(1093) ParOldGen: 41941K->41970K(349696K)
[25.466s][info][gc,metaspace ] GC(1093) Metaspace: 13524K->13524K(1062912K)
[25.466s][info][gc           ] GC(1093) Pause Young (Allocation Failure) 210M->41M(511M) 0.571ms
[25.466s][info][gc,cpu       ] GC(1093) User=0.00s Sys=0.00s Real=0.01s
[25.485s][info][gc,start     ] GC(1094) Pause Young (Allocation Failure)
[25.486s][info][gc,heap      ] GC(1094) PSYoungGen: 173696K->64K(174080K)
[25.486s][info][gc,heap      ] GC(1094) ParOldGen: 41970K->42009K(349696K)
[25.486s][info][gc,metaspace ] GC(1094) Metaspace: 13524K->13524K(1062912K)
[25.486s][info][gc           ] GC(1094) Pause Young (Allocation Failure) 210M->41M(511M) 0.531ms
[25.486s][info][gc,cpu       ] GC(1094) User=0.00s Sys=0.00s Real=0.00s
[25.506s][info][gc,start     ] GC(1095) Pause Young (Allocation Failure)
[25.507s][info][gc,heap      ] GC(1095) PSYoungGen: 173632K->96K(174080K)
[25.507s][info][gc,heap      ] GC(1095) ParOldGen: 42009K->42039K(349696K)
[25.507s][info][gc,metaspace ] GC(1095) Metaspace: 13524K->13524K(1062912K)
[25.507s][info][gc           ] GC(1095) Pause Young (Allocation Failure) 210M->41M(511M) 0.510ms
[25.507s][info][gc,cpu       ] GC(1095) User=0.00s Sys=0.00s Real=0.00s
[25.525s][info][gc,start     ] GC(1096) Pause Young (Allocation Failure)
[25.526s][info][gc,heap      ] GC(1096) PSYoungGen: 173664K->64K(174080K)
[25.526s][info][gc,heap      ] GC(1096) ParOldGen: 42039K->42078K(349696K)
[25.526s][info][gc,metaspace ] GC(1096) Metaspace: 13524K->13524K(1062912K)
[25.526s][info][gc           ] GC(1096) Pause Young (Allocation Failure) 210M->41M(511M) 0.499ms
[25.526s][info][gc,cpu       ] GC(1096) User=0.01s Sys=0.00s Real=0.00s
[25.546s][info][gc,start     ] GC(1097) Pause Young (Allocation Failure)
[25.547s][info][gc,heap      ] GC(1097) PSYoungGen: 173632K->96K(174080K)
[25.547s][info][gc,heap      ] GC(1097) ParOldGen: 42078K->42107K(349696K)
[25.547s][info][gc,metaspace ] GC(1097) Metaspace: 13524K->13524K(1062912K)
[25.547s][info][gc           ] GC(1097) Pause Young (Allocation Failure) 210M->41M(511M) 0.510ms
[25.547s][info][gc,cpu       ] GC(1097) User=0.00s Sys=0.00s Real=0.00s
[25.566s][info][gc,start     ] GC(1098) Pause Young (Allocation Failure)
[25.566s][info][gc,heap      ] GC(1098) PSYoungGen: 173664K->64K(174080K)
[25.566s][info][gc,heap      ] GC(1098) ParOldGen: 42107K->42146K(349696K)
[25.566s][info][gc,metaspace ] GC(1098) Metaspace: 13524K->13524K(1062912K)
[25.567s][info][gc           ] GC(1098) Pause Young (Allocation Failure) 210M->41M(511M) 0.538ms
[25.567s][info][gc,cpu       ] GC(1098) User=0.00s Sys=0.00s Real=0.01s
[25.589s][info][gc,start     ] GC(1099) Pause Young (Allocation Failure)
[25.589s][info][gc,heap      ] GC(1099) PSYoungGen: 173632K->64K(174080K)
[25.589s][info][gc,heap      ] GC(1099) ParOldGen: 42146K->42176K(349696K)
[25.589s][info][gc,metaspace ] GC(1099) Metaspace: 13524K->13524K(1062912K)
[25.589s][info][gc           ] GC(1099) Pause Young (Allocation Failure) 210M->41M(511M) 0.439ms
[25.589s][info][gc,cpu       ] GC(1099) User=0.00s Sys=0.00s Real=0.00s
[25.610s][info][gc,start     ] GC(1100) Pause Young (Allocation Failure)
[25.611s][info][gc,heap      ] GC(1100) PSYoungGen: 173632K->64K(174080K)
[25.611s][info][gc,heap      ] GC(1100) ParOldGen: 42176K->42215K(349696K)
[25.611s][info][gc,metaspace ] GC(1100) Metaspace: 13524K->13524K(1062912K)
[25.611s][info][gc           ] GC(1100) Pause Young (Allocation Failure) 210M->41M(511M) 0.547ms
[25.611s][info][gc,cpu       ] GC(1100) User=0.00s Sys=0.00s Real=0.00s
[25.631s][info][gc,start     ] GC(1101) Pause Young (Allocation Failure)
[25.631s][info][gc,heap      ] GC(1101) PSYoungGen: 173632K->64K(174080K)
[25.631s][info][gc,heap      ] GC(1101) ParOldGen: 42215K->42254K(349696K)
[25.631s][info][gc,metaspace ] GC(1101) Metaspace: 13524K->13524K(1062912K)
[25.631s][info][gc           ] GC(1101) Pause Young (Allocation Failure) 210M->41M(511M) 0.587ms
[25.631s][info][gc,cpu       ] GC(1101) User=0.00s Sys=0.00s Real=0.00s
[25.653s][info][gc,start     ] GC(1102) Pause Young (Allocation Failure)
[25.653s][info][gc,heap      ] GC(1102) PSYoungGen: 173632K->128K(174080K)
[25.653s][info][gc,heap      ] GC(1102) ParOldGen: 42254K->42283K(349696K)
[25.653s][info][gc,metaspace ] GC(1102) Metaspace: 13524K->13524K(1062912K)
[25.653s][info][gc           ] GC(1102) Pause Young (Allocation Failure) 210M->41M(511M) 0.514ms
[25.653s][info][gc,cpu       ] GC(1102) User=0.00s Sys=0.00s Real=0.00s
[25.673s][info][gc,start     ] GC(1103) Pause Young (Allocation Failure)
[25.673s][info][gc,heap      ] GC(1103) PSYoungGen: 173696K->64K(174080K)
[25.673s][info][gc,heap      ] GC(1103) ParOldGen: 42283K->42322K(349696K)
[25.673s][info][gc,metaspace ] GC(1103) Metaspace: 13524K->13524K(1062912K)
[25.673s][info][gc           ] GC(1103) Pause Young (Allocation Failure) 210M->41M(511M) 0.483ms
[25.673s][info][gc,cpu       ] GC(1103) User=0.00s Sys=0.00s Real=0.00s
[25.695s][info][gc,start     ] GC(1104) Pause Young (Allocation Failure)
[25.695s][info][gc,heap      ] GC(1104) PSYoungGen: 173632K->64K(174080K)
[25.695s][info][gc,heap      ] GC(1104) ParOldGen: 42322K->42352K(349696K)
[25.695s][info][gc,metaspace ] GC(1104) Metaspace: 13524K->13524K(1062912K)
[25.695s][info][gc           ] GC(1104) Pause Young (Allocation Failure) 210M->41M(511M) 0.656ms
[25.695s][info][gc,cpu       ] GC(1104) User=0.00s Sys=0.00s Real=0.00s
[25.717s][info][gc,start     ] GC(1105) Pause Young (Allocation Failure)
[25.718s][info][gc,heap      ] GC(1105) PSYoungGen: 173632K->64K(174080K)
[25.718s][info][gc,heap      ] GC(1105) ParOldGen: 42352K->42391K(349696K)
[25.718s][info][gc,metaspace ] GC(1105) Metaspace: 13524K->13524K(1062912K)
[25.718s][info][gc           ] GC(1105) Pause Young (Allocation Failure) 210M->41M(511M) 0.586ms
[25.718s][info][gc,cpu       ] GC(1105) User=0.00s Sys=0.00s Real=0.00s
[25.741s][info][gc,start     ] GC(1106) Pause Young (Allocation Failure)
[25.741s][info][gc,heap      ] GC(1106) PSYoungGen: 173632K->96K(174080K)
[25.741s][info][gc,heap      ] GC(1106) ParOldGen: 42391K->42420K(349696K)
[25.741s][info][gc,metaspace ] GC(1106) Metaspace: 13524K->13524K(1062912K)
[25.741s][info][gc           ] GC(1106) Pause Young (Allocation Failure) 210M->41M(511M) 0.468ms
[25.741s][info][gc,cpu       ] GC(1106) User=0.00s Sys=0.00s Real=0.00s
[25.761s][info][gc,start     ] GC(1107) Pause Young (Allocation Failure)
[25.762s][info][gc,heap      ] GC(1107) PSYoungGen: 173664K->64K(174080K)
[25.762s][info][gc,heap      ] GC(1107) ParOldGen: 42420K->42459K(349696K)
[25.762s][info][gc,metaspace ] GC(1107) Metaspace: 13524K->13524K(1062912K)
[25.762s][info][gc           ] GC(1107) Pause Young (Allocation Failure) 211M->41M(511M) 0.468ms
[25.762s][info][gc,cpu       ] GC(1107) User=0.00s Sys=0.00s Real=0.00s
[25.783s][info][gc,start     ] GC(1108) Pause Young (Allocation Failure)
[25.783s][info][gc,heap      ] GC(1108) PSYoungGen: 173632K->128K(174080K)
[25.783s][info][gc,heap      ] GC(1108) ParOldGen: 42459K->42489K(349696K)
[25.783s][info][gc,metaspace ] GC(1108) Metaspace: 13524K->13524K(1062912K)
[25.783s][info][gc           ] GC(1108) Pause Young (Allocation Failure) 211M->41M(511M) 0.433ms
[25.783s][info][gc,cpu       ] GC(1108) User=0.00s Sys=0.00s Real=0.00s
[25.805s][info][gc,start     ] GC(1109) Pause Young (Allocation Failure)
[25.805s][info][gc,heap      ] GC(1109) PSYoungGen: 173696K->64K(174080K)
[25.805s][info][gc,heap      ] GC(1109) ParOldGen: 42489K->42528K(349696K)
[25.805s][info][gc,metaspace ] GC(1109) Metaspace: 13524K->13524K(1062912K)
[25.805s][info][gc           ] GC(1109) Pause Young (Allocation Failure) 211M->41M(511M) 0.529ms
[25.805s][info][gc,cpu       ] GC(1109) User=0.00s Sys=0.00s Real=0.00s
[25.827s][info][gc,start     ] GC(1110) Pause Young (Allocation Failure)
[25.828s][info][gc,heap      ] GC(1110) PSYoungGen: 173632K->64K(174080K)
[25.828s][info][gc,heap      ] GC(1110) ParOldGen: 42528K->42557K(349696K)
[25.828s][info][gc,metaspace ] GC(1110) Metaspace: 13524K->13524K(1062912K)
[25.828s][info][gc           ] GC(1110) Pause Young (Allocation Failure) 211M->41M(511M) 0.571ms
[25.828s][info][gc,cpu       ] GC(1110) User=0.00s Sys=0.00s Real=0.00s
[25.850s][info][gc,start     ] GC(1111) Pause Young (Allocation Failure)
[25.851s][info][gc,heap      ] GC(1111) PSYoungGen: 173632K->64K(174080K)
[25.851s][info][gc,heap      ] GC(1111) ParOldGen: 42557K->42596K(349696K)
[25.851s][info][gc,metaspace ] GC(1111) Metaspace: 13524K->13524K(1062912K)
[25.851s][info][gc           ] GC(1111) Pause Young (Allocation Failure) 211M->41M(511M) 0.498ms
[25.851s][info][gc,cpu       ] GC(1111) User=0.00s Sys=0.00s Real=0.00s
[25.873s][info][gc,start     ] GC(1112) Pause Young (Allocation Failure)
[25.873s][info][gc,heap      ] GC(1112) PSYoungGen: 173632K->128K(174080K)
[25.873s][info][gc,heap      ] GC(1112) ParOldGen: 42596K->42626K(349696K)
[25.873s][info][gc,metaspace ] GC(1112) Metaspace: 13524K->13524K(1062912K)
[25.873s][info][gc           ] GC(1112) Pause Young (Allocation Failure) 211M->41M(511M) 0.474ms
[25.873s][info][gc,cpu       ] GC(1112) User=0.00s Sys=0.00s Real=0.00s
[25.894s][info][gc,start     ] GC(1113) Pause Young (Allocation Failure)
[25.894s][info][gc,heap      ] GC(1113) PSYoungGen: 173696K->96K(174080K)
[25.895s][info][gc,heap      ] GC(1113) ParOldGen: 42626K->42665K(349696K)
[25.895s][info][gc,metaspace ] GC(1113) Metaspace: 13524K->13524K(1062912K)
[25.895s][info][gc           ] GC(1113) Pause Young (Allocation Failure) 211M->41M(511M) 0.523ms
[25.895s][info][gc,cpu       ] GC(1113) User=0.01s Sys=0.00s Real=0.00s
[25.913s][info][gc,start     ] GC(1114) Pause Young (Allocation Failure)
[25.914s][info][gc,heap      ] GC(1114) PSYoungGen: 173664K->96K(174080K)
[25.914s][info][gc,heap      ] GC(1114) ParOldGen: 42665K->42704K(349696K)
[25.914s][info][gc,metaspace ] GC(1114) Metaspace: 13524K->13524K(1062912K)
[25.914s][info][gc           ] GC(1114) Pause Young (Allocation Failure) 211M->41M(511M) 0.435ms
[25.914s][info][gc,cpu       ] GC(1114) User=0.00s Sys=0.00s Real=0.00s
[25.934s][info][gc,start     ] GC(1115) Pause Young (Allocation Failure)
[25.934s][info][gc,heap      ] GC(1115) PSYoungGen: 173664K->128K(174080K)
[25.934s][info][gc,heap      ] GC(1115) ParOldGen: 42704K->42733K(349696K)
[25.934s][info][gc,metaspace ] GC(1115) Metaspace: 13524K->13524K(1062912K)
[25.934s][info][gc           ] GC(1115) Pause Young (Allocation Failure) 211M->41M(511M) 0.493ms
[25.934s][info][gc,cpu       ] GC(1115) User=0.00s Sys=0.00s Real=0.00s
[25.954s][info][gc,start     ] GC(1116) Pause Young (Allocation Failure)
[25.954s][info][gc,heap      ] GC(1116) PSYoungGen: 173696K->96K(174080K)
[25.954s][info][gc,heap      ] GC(1116) ParOldGen: 42733K->42772K(349696K)
[25.954s][info][gc,metaspace ] GC(1116) Metaspace: 13524K->13524K(1062912K)
[25.955s][info][gc           ] GC(1116) Pause Young (Allocation Failure) 211M->41M(511M) 0.505ms
[25.955s][info][gc,cpu       ] GC(1116) User=0.00s Sys=0.00s Real=0.00s
[25.975s][info][gc,start     ] GC(1117) Pause Young (Allocation Failure)
[25.976s][info][gc,heap      ] GC(1117) PSYoungGen: 173664K->96K(174080K)
[25.976s][info][gc,heap      ] GC(1117) ParOldGen: 42772K->42802K(349696K)
[25.976s][info][gc,metaspace ] GC(1117) Metaspace: 13524K->13524K(1062912K)
[25.976s][info][gc           ] GC(1117) Pause Young (Allocation Failure) 211M->41M(511M) 0.604ms
[25.976s][info][gc,cpu       ] GC(1117) User=0.00s Sys=0.00s Real=0.00s
[25.996s][info][gc,start     ] GC(1118) Pause Young (Allocation Failure)
[25.997s][info][gc,heap      ] GC(1118) PSYoungGen: 173664K->96K(174080K)
[25.997s][info][gc,heap      ] GC(1118) ParOldGen: 42802K->42841K(349696K)
[25.997s][info][gc,metaspace ] GC(1118) Metaspace: 13524K->13524K(1062912K)
[25.997s][info][gc           ] GC(1118) Pause Young (Allocation Failure) 211M->41M(511M) 0.427ms
[25.997s][info][gc,cpu       ] GC(1118) User=0.00s Sys=0.00s Real=0.00s
[26.018s][info][gc,start     ] GC(1119) Pause Young (Allocation Failure)
[26.018s][info][gc,heap      ] GC(1119) PSYoungGen: 173664K->96K(174080K)
[26.019s][info][gc,heap      ] GC(1119) ParOldGen: 42841K->42870K(349696K)
[26.019s][info][gc,metaspace ] GC(1119) Metaspace: 13524K->13524K(1062912K)
[26.019s][info][gc           ] GC(1119) Pause Young (Allocation Failure) 211M->41M(511M) 0.478ms
[26.019s][info][gc,cpu       ] GC(1119) User=0.01s Sys=0.00s Real=0.00s
[26.039s][info][gc,start     ] GC(1120) Pause Young (Allocation Failure)
[26.039s][info][gc,heap      ] GC(1120) PSYoungGen: 173664K->64K(174080K)
[26.039s][info][gc,heap      ] GC(1120) ParOldGen: 42870K->42909K(349696K)
[26.039s][info][gc,metaspace ] GC(1120) Metaspace: 13524K->13524K(1062912K)
[26.039s][info][gc           ] GC(1120) Pause Young (Allocation Failure) 211M->41M(511M) 0.562ms
[26.039s][info][gc,cpu       ] GC(1120) User=0.00s Sys=0.00s Real=0.00s
[26.060s][info][gc,start     ] GC(1121) Pause Young (Allocation Failure)
[26.061s][info][gc,heap      ] GC(1121) PSYoungGen: 173632K->64K(174080K)
[26.061s][info][gc,heap      ] GC(1121) ParOldGen: 42909K->42939K(349696K)
[26.061s][info][gc,metaspace ] GC(1121) Metaspace: 13524K->13524K(1062912K)
[26.061s][info][gc           ] GC(1121) Pause Young (Allocation Failure) 211M->41M(511M) 0.512ms
[26.061s][info][gc,cpu       ] GC(1121) User=0.00s Sys=0.00s Real=0.00s
[26.083s][info][gc,start     ] GC(1122) Pause Young (Allocation Failure)
[26.084s][info][gc,heap      ] GC(1122) PSYoungGen: 173632K->64K(174080K)
[26.084s][info][gc,heap      ] GC(1122) ParOldGen: 42939K->42978K(349696K)
[26.084s][info][gc,metaspace ] GC(1122) Metaspace: 13524K->13524K(1062912K)
[26.084s][info][gc           ] GC(1122) Pause Young (Allocation Failure) 211M->42M(511M) 0.591ms
[26.084s][info][gc,cpu       ] GC(1122) User=0.00s Sys=0.00s Real=0.00s
[26.107s][info][gc,start     ] GC(1123) Pause Young (Allocation Failure)
[26.108s][info][gc,heap      ] GC(1123) PSYoungGen: 173632K->64K(174080K)
[26.108s][info][gc,heap      ] GC(1123) ParOldGen: 42978K->43007K(349696K)
[26.108s][info][gc,metaspace ] GC(1123) Metaspace: 13524K->13524K(1062912K)
[26.108s][info][gc           ] GC(1123) Pause Young (Allocation Failure) 211M->42M(511M) 0.549ms
[26.108s][info][gc,cpu       ] GC(1123) User=0.00s Sys=0.00s Real=0.00s
[26.130s][info][gc,start     ] GC(1124) Pause Young (Allocation Failure)
[26.131s][info][gc,heap      ] GC(1124) PSYoungGen: 173632K->64K(174080K)
[26.131s][info][gc,heap      ] GC(1124) ParOldGen: 43007K->43046K(349696K)
[26.131s][info][gc,metaspace ] GC(1124) Metaspace: 13524K->13524K(1062912K)
[26.131s][info][gc           ] GC(1124) Pause Young (Allocation Failure) 211M->42M(511M) 0.642ms
[26.131s][info][gc,cpu       ] GC(1124) User=0.00s Sys=0.00s Real=0.00s
[26.155s][info][gc,start     ] GC(1125) Pause Young (Allocation Failure)
[26.155s][info][gc,heap      ] GC(1125) PSYoungGen: 173632K->64K(174080K)
[26.155s][info][gc,heap      ] GC(1125) ParOldGen: 43046K->43076K(349696K)
[26.155s][info][gc,metaspace ] GC(1125) Metaspace: 13524K->13524K(1062912K)
[26.155s][info][gc           ] GC(1125) Pause Young (Allocation Failure) 211M->42M(511M) 0.455ms
[26.155s][info][gc,cpu       ] GC(1125) User=0.00s Sys=0.00s Real=0.00s
[26.181s][info][gc,start     ] GC(1126) Pause Young (Allocation Failure)
[26.182s][info][gc,heap      ] GC(1126) PSYoungGen: 173632K->96K(174080K)
[26.182s][info][gc,heap      ] GC(1126) ParOldGen: 43076K->43115K(349696K)
[26.182s][info][gc,metaspace ] GC(1126) Metaspace: 13524K->13524K(1062912K)
[26.182s][info][gc           ] GC(1126) Pause Young (Allocation Failure) 211M->42M(511M) 0.629ms
[26.182s][info][gc,cpu       ] GC(1126) User=0.00s Sys=0.00s Real=0.00s
[26.205s][info][gc,start     ] GC(1127) Pause Young (Allocation Failure)
[26.205s][info][gc,heap      ] GC(1127) PSYoungGen: 173664K->96K(174080K)
[26.205s][info][gc,heap      ] GC(1127) ParOldGen: 43115K->43154K(349696K)
[26.205s][info][gc,metaspace ] GC(1127) Metaspace: 13524K->13524K(1062912K)
[26.205s][info][gc           ] GC(1127) Pause Young (Allocation Failure) 211M->42M(511M) 0.545ms
[26.206s][info][gc,cpu       ] GC(1127) User=0.00s Sys=0.00s Real=0.00s
[26.230s][info][gc,start     ] GC(1128) Pause Young (Allocation Failure)
[26.230s][info][gc,heap      ] GC(1128) PSYoungGen: 173664K->96K(174080K)
[26.230s][info][gc,heap      ] GC(1128) ParOldGen: 43154K->43183K(349696K)
[26.230s][info][gc,metaspace ] GC(1128) Metaspace: 13524K->13524K(1062912K)
[26.230s][info][gc           ] GC(1128) Pause Young (Allocation Failure) 211M->42M(511M) 0.676ms
[26.230s][info][gc,cpu       ] GC(1128) User=0.00s Sys=0.00s Real=0.00s
[26.253s][info][gc,start     ] GC(1129) Pause Young (Allocation Failure)
[26.254s][info][gc,heap      ] GC(1129) PSYoungGen: 173664K->96K(174080K)
[26.254s][info][gc,heap      ] GC(1129) ParOldGen: 43183K->43222K(349696K)
[26.254s][info][gc,metaspace ] GC(1129) Metaspace: 13524K->13524K(1062912K)
[26.254s][info][gc           ] GC(1129) Pause Young (Allocation Failure) 211M->42M(511M) 0.576ms
[26.254s][info][gc,cpu       ] GC(1129) User=0.00s Sys=0.00s Real=0.00s
[26.278s][info][gc,start     ] GC(1130) Pause Young (Allocation Failure)
[26.279s][info][gc,heap      ] GC(1130) PSYoungGen: 173664K->128K(174080K)
[26.279s][info][gc,heap      ] GC(1130) ParOldGen: 43222K->43252K(349696K)
[26.279s][info][gc,metaspace ] GC(1130) Metaspace: 13524K->13524K(1062912K)
[26.279s][info][gc           ] GC(1130) Pause Young (Allocation Failure) 211M->42M(511M) 0.716ms
[26.279s][info][gc,cpu       ] GC(1130) User=0.00s Sys=0.00s Real=0.00s
[26.299s][info][gc,start     ] GC(1131) Pause Young (Allocation Failure)
[26.300s][info][gc,heap      ] GC(1131) PSYoungGen: 173696K->64K(174080K)
[26.300s][info][gc,heap      ] GC(1131) ParOldGen: 43252K->43291K(349696K)
[26.300s][info][gc,metaspace ] GC(1131) Metaspace: 13524K->13524K(1062912K)
[26.300s][info][gc           ] GC(1131) Pause Young (Allocation Failure) 211M->42M(511M) 0.543ms
[26.300s][info][gc,cpu       ] GC(1131) User=0.00s Sys=0.00s Real=0.00s
[26.321s][info][gc,start     ] GC(1132) Pause Young (Allocation Failure)
[26.321s][info][gc,heap      ] GC(1132) PSYoungGen: 173632K->96K(174080K)
[26.321s][info][gc,heap      ] GC(1132) ParOldGen: 43291K->43320K(349696K)
[26.321s][info][gc,metaspace ] GC(1132) Metaspace: 13524K->13524K(1062912K)
[26.321s][info][gc           ] GC(1132) Pause Young (Allocation Failure) 211M->42M(511M) 0.483ms
[26.322s][info][gc,cpu       ] GC(1132) User=0.00s Sys=0.00s Real=0.00s
[26.341s][info][gc,start     ] GC(1133) Pause Young (Allocation Failure)
[26.341s][info][gc,heap      ] GC(1133) PSYoungGen: 173664K->64K(174080K)
[26.341s][info][gc,heap      ] GC(1133) ParOldGen: 43320K->43359K(349696K)
[26.341s][info][gc,metaspace ] GC(1133) Metaspace: 13524K->13524K(1062912K)
[26.341s][info][gc           ] GC(1133) Pause Young (Allocation Failure) 211M->42M(511M) 0.531ms
[26.341s][info][gc,cpu       ] GC(1133) User=0.00s Sys=0.00s Real=0.00s
[26.378s][info][gc,start     ] GC(1134) Pause Young (Allocation Failure)
[26.379s][info][gc,heap      ] GC(1134) PSYoungGen: 173632K->96K(174080K)
[26.379s][info][gc,heap      ] GC(1134) ParOldGen: 43359K->43389K(349696K)
[26.379s][info][gc,metaspace ] GC(1134) Metaspace: 13532K->13532K(1062912K)
[26.379s][info][gc           ] GC(1134) Pause Young (Allocation Failure) 211M->42M(511M) 0.695ms
[26.379s][info][gc,cpu       ] GC(1134) User=0.00s Sys=0.00s Real=0.00s
[26.403s][info][gc,start     ] GC(1135) Pause Young (Allocation Failure)
[26.404s][info][gc,heap      ] GC(1135) PSYoungGen: 173664K->64K(174080K)
[26.404s][info][gc,heap      ] GC(1135) ParOldGen: 43389K->43428K(349696K)
[26.404s][info][gc,metaspace ] GC(1135) Metaspace: 13532K->13532K(1062912K)
[26.404s][info][gc           ] GC(1135) Pause Young (Allocation Failure) 211M->42M(511M) 0.917ms
[26.404s][info][gc,cpu       ] GC(1135) User=0.00s Sys=0.00s Real=0.00s
[26.432s][info][gc,start     ] GC(1136) Pause Young (Allocation Failure)
[26.432s][info][gc,heap      ] GC(1136) PSYoungGen: 173632K->128K(174080K)
[26.432s][info][gc,heap      ] GC(1136) ParOldGen: 43428K->43457K(349696K)
[26.432s][info][gc,metaspace ] GC(1136) Metaspace: 13532K->13532K(1062912K)
[26.432s][info][gc           ] GC(1136) Pause Young (Allocation Failure) 211M->42M(511M) 0.449ms
[26.432s][info][gc,cpu       ] GC(1136) User=0.01s Sys=0.00s Real=0.00s
[26.456s][info][gc,start     ] GC(1137) Pause Young (Allocation Failure)
[26.456s][info][gc,heap      ] GC(1137) PSYoungGen: 173696K->64K(174080K)
[26.456s][info][gc,heap      ] GC(1137) ParOldGen: 43457K->43496K(349696K)
[26.456s][info][gc,metaspace ] GC(1137) Metaspace: 13532K->13532K(1062912K)
[26.456s][info][gc           ] GC(1137) Pause Young (Allocation Failure) 212M->42M(511M) 0.579ms
[26.456s][info][gc,cpu       ] GC(1137) User=0.01s Sys=0.00s Real=0.01s
[26.481s][info][gc,start     ] GC(1138) Pause Young (Allocation Failure)
[26.481s][info][gc,heap      ] GC(1138) PSYoungGen: 173632K->64K(174080K)
[26.481s][info][gc,heap      ] GC(1138) ParOldGen: 43496K->43526K(349696K)
[26.481s][info][gc,metaspace ] GC(1138) Metaspace: 13532K->13532K(1062912K)
[26.481s][info][gc           ] GC(1138) Pause Young (Allocation Failure) 212M->42M(511M) 0.537ms
[26.481s][info][gc,cpu       ] GC(1138) User=0.00s Sys=0.00s Real=0.00s
[26.506s][info][gc,start     ] GC(1139) Pause Young (Allocation Failure)
[26.507s][info][gc,heap      ] GC(1139) PSYoungGen: 173632K->96K(174080K)
[26.507s][info][gc,heap      ] GC(1139) ParOldGen: 43526K->43565K(349696K)
[26.507s][info][gc,metaspace ] GC(1139) Metaspace: 13532K->13532K(1062912K)
[26.507s][info][gc           ] GC(1139) Pause Young (Allocation Failure) 212M->42M(511M) 0.576ms
[26.507s][info][gc,cpu       ] GC(1139) User=0.00s Sys=0.00s Real=0.01s
[26.528s][info][gc,start     ] GC(1140) Pause Young (Allocation Failure)
[26.528s][info][gc,heap      ] GC(1140) PSYoungGen: 173664K->64K(174080K)
[26.528s][info][gc,heap      ] GC(1140) ParOldGen: 43565K->43604K(349696K)
[26.528s][info][gc,metaspace ] GC(1140) Metaspace: 13532K->13532K(1062912K)
[26.528s][info][gc           ] GC(1140) Pause Young (Allocation Failure) 212M->42M(511M) 0.437ms
[26.528s][info][gc,cpu       ] GC(1140) User=0.01s Sys=0.00s Real=0.00s
[26.548s][info][gc,start     ] GC(1141) Pause Young (Allocation Failure)
[26.549s][info][gc,heap      ] GC(1141) PSYoungGen: 173632K->64K(174080K)
[26.549s][info][gc,heap      ] GC(1141) ParOldGen: 43604K->43633K(349696K)
[26.549s][info][gc,metaspace ] GC(1141) Metaspace: 13532K->13532K(1062912K)
[26.549s][info][gc           ] GC(1141) Pause Young (Allocation Failure) 212M->42M(511M) 0.586ms
[26.549s][info][gc,cpu       ] GC(1141) User=0.00s Sys=0.00s Real=0.00s
[26.567s][info][gc,start     ] GC(1142) Pause Young (Allocation Failure)
[26.568s][info][gc,heap      ] GC(1142) PSYoungGen: 173632K->96K(174080K)
[26.568s][info][gc,heap      ] GC(1142) ParOldGen: 43633K->43672K(349696K)
[26.568s][info][gc,metaspace ] GC(1142) Metaspace: 13532K->13532K(1062912K)
[26.568s][info][gc           ] GC(1142) Pause Young (Allocation Failure) 212M->42M(511M) 0.436ms
[26.568s][info][gc,cpu       ] GC(1142) User=0.00s Sys=0.00s Real=0.00s
[26.588s][info][gc,start     ] GC(1143) Pause Young (Allocation Failure)
[26.588s][info][gc,heap      ] GC(1143) PSYoungGen: 173664K->128K(174080K)
[26.588s][info][gc,heap      ] GC(1143) ParOldGen: 43672K->43702K(349696K)
[26.588s][info][gc,metaspace ] GC(1143) Metaspace: 13532K->13532K(1062912K)
[26.588s][info][gc           ] GC(1143) Pause Young (Allocation Failure) 212M->42M(511M) 0.470ms
[26.589s][info][gc,cpu       ] GC(1143) User=0.00s Sys=0.00s Real=0.00s
[26.607s][info][gc,start     ] GC(1144) Pause Young (Allocation Failure)
[26.608s][info][gc,heap      ] GC(1144) PSYoungGen: 173696K->96K(174080K)
[26.608s][info][gc,heap      ] GC(1144) ParOldGen: 43702K->43741K(349696K)
[26.608s][info][gc,metaspace ] GC(1144) Metaspace: 13532K->13532K(1062912K)
[26.608s][info][gc           ] GC(1144) Pause Young (Allocation Failure) 212M->42M(511M) 0.413ms
[26.608s][info][gc,cpu       ] GC(1144) User=0.00s Sys=0.00s Real=0.00s
[26.631s][info][gc,start     ] GC(1145) Pause Young (Allocation Failure)
[26.631s][info][gc,heap      ] GC(1145) PSYoungGen: 173664K->128K(174080K)
[26.631s][info][gc,heap      ] GC(1145) ParOldGen: 43741K->43770K(349696K)
[26.631s][info][gc,metaspace ] GC(1145) Metaspace: 13532K->13532K(1062912K)
[26.631s][info][gc           ] GC(1145) Pause Young (Allocation Failure) 212M->42M(511M) 0.530ms
[26.631s][info][gc,cpu       ] GC(1145) User=0.00s Sys=0.00s Real=0.00s
[26.653s][info][gc,start     ] GC(1146) Pause Young (Allocation Failure)
[26.653s][info][gc,heap      ] GC(1146) PSYoungGen: 173696K->64K(174080K)
[26.653s][info][gc,heap      ] GC(1146) ParOldGen: 43770K->43809K(349696K)
[26.653s][info][gc,metaspace ] GC(1146) Metaspace: 13532K->13532K(1062912K)
[26.653s][info][gc           ] GC(1146) Pause Young (Allocation Failure) 212M->42M(511M) 0.665ms
[26.653s][info][gc,cpu       ] GC(1146) User=0.00s Sys=0.00s Real=0.00s
[26.674s][info][gc,start     ] GC(1147) Pause Young (Allocation Failure)
[26.675s][info][gc,heap      ] GC(1147) PSYoungGen: 173632K->128K(174080K)
[26.675s][info][gc,heap      ] GC(1147) ParOldGen: 43809K->43839K(349696K)
[26.675s][info][gc,metaspace ] GC(1147) Metaspace: 13532K->13532K(1062912K)
[26.675s][info][gc           ] GC(1147) Pause Young (Allocation Failure) 212M->42M(511M) 0.448ms
[26.675s][info][gc,cpu       ] GC(1147) User=0.00s Sys=0.00s Real=0.00s
[26.695s][info][gc,start     ] GC(1148) Pause Young (Allocation Failure)
[26.696s][info][gc,heap      ] GC(1148) PSYoungGen: 173696K->96K(174080K)
[26.696s][info][gc,heap      ] GC(1148) ParOldGen: 43839K->43878K(349696K)
[26.696s][info][gc,metaspace ] GC(1148) Metaspace: 13532K->13532K(1062912K)
[26.696s][info][gc           ] GC(1148) Pause Young (Allocation Failure) 212M->42M(511M) 0.400ms
[26.696s][info][gc,cpu       ] GC(1148) User=0.00s Sys=0.00s Real=0.00s
[26.717s][info][gc,start     ] GC(1149) Pause Young (Allocation Failure)
[26.718s][info][gc,heap      ] GC(1149) PSYoungGen: 173664K->128K(174080K)
[26.718s][info][gc,heap      ] GC(1149) ParOldGen: 43878K->43907K(349696K)
[26.718s][info][gc,metaspace ] GC(1149) Metaspace: 13532K->13532K(1062912K)
[26.718s][info][gc           ] GC(1149) Pause Young (Allocation Failure) 212M->43M(511M) 0.448ms
[26.718s][info][gc,cpu       ] GC(1149) User=0.00s Sys=0.00s Real=0.00s
[26.738s][info][gc,start     ] GC(1150) Pause Young (Allocation Failure)
[26.738s][info][gc,heap      ] GC(1150) PSYoungGen: 173696K->64K(174080K)
[26.738s][info][gc,heap      ] GC(1150) ParOldGen: 43907K->43946K(349696K)
[26.738s][info][gc,metaspace ] GC(1150) Metaspace: 13532K->13532K(1062912K)
[26.738s][info][gc           ] GC(1150) Pause Young (Allocation Failure) 212M->42M(511M) 0.461ms
[26.738s][info][gc,cpu       ] GC(1150) User=0.00s Sys=0.00s Real=0.00s
[26.759s][info][gc,start     ] GC(1151) Pause Young (Allocation Failure)
[26.760s][info][gc,heap      ] GC(1151) PSYoungGen: 173632K->64K(174080K)
[26.760s][info][gc,heap      ] GC(1151) ParOldGen: 43946K->43976K(349696K)
[26.760s][info][gc,metaspace ] GC(1151) Metaspace: 13532K->13532K(1062912K)
[26.760s][info][gc           ] GC(1151) Pause Young (Allocation Failure) 212M->43M(511M) 0.550ms
[26.760s][info][gc,cpu       ] GC(1151) User=0.00s Sys=0.00s Real=0.00s
[26.779s][info][gc,start     ] GC(1152) Pause Young (Allocation Failure)
[26.779s][info][gc,heap      ] GC(1152) PSYoungGen: 173632K->64K(174080K)
[26.779s][info][gc,heap      ] GC(1152) ParOldGen: 43976K->44015K(349696K)
[26.779s][info][gc,metaspace ] GC(1152) Metaspace: 13532K->13532K(1062912K)
[26.779s][info][gc           ] GC(1152) Pause Young (Allocation Failure) 212M->43M(511M) 0.490ms
[26.779s][info][gc,cpu       ] GC(1152) User=0.00s Sys=0.00s Real=0.00s
[26.802s][info][gc,start     ] GC(1153) Pause Young (Allocation Failure)
[26.803s][info][gc,heap      ] GC(1153) PSYoungGen: 173632K->96K(174080K)
[26.803s][info][gc,heap      ] GC(1153) ParOldGen: 44015K->44044K(349696K)
[26.803s][info][gc,metaspace ] GC(1153) Metaspace: 13532K->13532K(1062912K)
[26.803s][info][gc           ] GC(1153) Pause Young (Allocation Failure) 212M->43M(511M) 0.675ms
[26.803s][info][gc,cpu       ] GC(1153) User=0.00s Sys=0.00s Real=0.00s
[26.826s][info][gc,start     ] GC(1154) Pause Young (Allocation Failure)
[26.827s][info][gc,heap      ] GC(1154) PSYoungGen: 173664K->96K(174080K)
[26.827s][info][gc,heap      ] GC(1154) ParOldGen: 44044K->44083K(349696K)
[26.827s][info][gc,metaspace ] GC(1154) Metaspace: 13532K->13532K(1062912K)
[26.827s][info][gc           ] GC(1154) Pause Young (Allocation Failure) 212M->43M(511M) 0.414ms
[26.827s][info][gc,cpu       ] GC(1154) User=0.00s Sys=0.00s Real=0.00s
[26.848s][info][gc,start     ] GC(1155) Pause Young (Allocation Failure)
[26.848s][info][gc,heap      ] GC(1155) PSYoungGen: 173664K->96K(174080K)
[26.848s][info][gc,heap      ] GC(1155) ParOldGen: 44083K->44122K(349696K)
[26.848s][info][gc,metaspace ] GC(1155) Metaspace: 13532K->13532K(1062912K)
[26.848s][info][gc           ] GC(1155) Pause Young (Allocation Failure) 212M->43M(511M) 0.448ms
[26.848s][info][gc,cpu       ] GC(1155) User=0.00s Sys=0.00s Real=0.00s
[26.871s][info][gc,start     ] GC(1156) Pause Young (Allocation Failure)
[26.871s][info][gc,heap      ] GC(1156) PSYoungGen: 173664K->64K(174080K)
[26.871s][info][gc,heap      ] GC(1156) ParOldGen: 44122K->44152K(349696K)
[26.871s][info][gc,metaspace ] GC(1156) Metaspace: 13532K->13532K(1062912K)
[26.872s][info][gc           ] GC(1156) Pause Young (Allocation Failure) 212M->43M(511M) 0.552ms
[26.872s][info][gc,cpu       ] GC(1156) User=0.01s Sys=0.00s Real=0.00s
[26.895s][info][gc,start     ] GC(1157) Pause Young (Allocation Failure)
[26.895s][info][gc,heap      ] GC(1157) PSYoungGen: 173632K->96K(174080K)
[26.895s][info][gc,heap      ] GC(1157) ParOldGen: 44152K->44191K(349696K)
[26.895s][info][gc,metaspace ] GC(1157) Metaspace: 13532K->13532K(1062912K)
[26.895s][info][gc           ] GC(1157) Pause Young (Allocation Failure) 212M->43M(511M) 0.562ms
[26.895s][info][gc,cpu       ] GC(1157) User=0.01s Sys=0.00s Real=0.00s
[26.918s][info][gc,start     ] GC(1158) Pause Young (Allocation Failure)
[26.918s][info][gc,heap      ] GC(1158) PSYoungGen: 173664K->128K(174080K)
[26.918s][info][gc,heap      ] GC(1158) ParOldGen: 44191K->44220K(349696K)
[26.918s][info][gc,metaspace ] GC(1158) Metaspace: 13532K->13532K(1062912K)
[26.918s][info][gc           ] GC(1158) Pause Young (Allocation Failure) 212M->43M(511M) 0.490ms
[26.918s][info][gc,cpu       ] GC(1158) User=0.00s Sys=0.00s Real=0.00s
[26.938s][info][gc,start     ] GC(1159) Pause Young (Allocation Failure)
[26.947s][info][gc,heap      ] GC(1159) PSYoungGen: 173696K->96K(174080K)
[26.949s][info][gc,heap      ] GC(1159) ParOldGen: 44220K->44259K(349696K)
[26.949s][info][gc,metaspace ] GC(1159) Metaspace: 13532K->13532K(1062912K)
[26.949s][info][gc           ] GC(1159) Pause Young (Allocation Failure) 212M->43M(511M) 10.359ms
[26.949s][info][gc,cpu       ] GC(1159) User=0.00s Sys=0.00s Real=0.01s
[26.976s][info][gc,start     ] GC(1160) Pause Young (Allocation Failure)
[26.976s][info][gc,heap      ] GC(1160) PSYoungGen: 173664K->96K(174080K)
[26.976s][info][gc,heap      ] GC(1160) ParOldGen: 44259K->44289K(349696K)
[26.976s][info][gc,metaspace ] GC(1160) Metaspace: 13532K->13532K(1062912K)
[26.976s][info][gc           ] GC(1160) Pause Young (Allocation Failure) 212M->43M(511M) 0.672ms
[26.976s][info][gc,cpu       ] GC(1160) User=0.01s Sys=0.00s Real=0.01s
[27.000s][info][gc,start     ] GC(1161) Pause Young (Allocation Failure)
[27.000s][info][gc,heap      ] GC(1161) PSYoungGen: 173664K->64K(174080K)
[27.000s][info][gc,heap      ] GC(1161) ParOldGen: 44289K->44328K(349696K)
[27.000s][info][gc,metaspace ] GC(1161) Metaspace: 13532K->13532K(1062912K)
[27.000s][info][gc           ] GC(1161) Pause Young (Allocation Failure) 212M->43M(511M) 0.678ms
[27.000s][info][gc,cpu       ] GC(1161) User=0.01s Sys=0.00s Real=0.00s
[27.025s][info][gc,start     ] GC(1162) Pause Young (Allocation Failure)
[27.026s][info][gc,heap      ] GC(1162) PSYoungGen: 173632K->64K(174080K)
[27.026s][info][gc,heap      ] GC(1162) ParOldGen: 44328K->44357K(349696K)
[27.026s][info][gc,metaspace ] GC(1162) Metaspace: 13532K->13532K(1062912K)
[27.026s][info][gc           ] GC(1162) Pause Young (Allocation Failure) 212M->43M(511M) 0.616ms
[27.026s][info][gc,cpu       ] GC(1162) User=0.00s Sys=0.00s Real=0.00s
[27.046s][info][gc,start     ] GC(1163) Pause Young (Allocation Failure)
[27.047s][info][gc,heap      ] GC(1163) PSYoungGen: 173632K->64K(174080K)
[27.047s][info][gc,heap      ] GC(1163) ParOldGen: 44357K->44396K(349696K)
[27.047s][info][gc,metaspace ] GC(1163) Metaspace: 13532K->13532K(1062912K)
[27.047s][info][gc           ] GC(1163) Pause Young (Allocation Failure) 212M->43M(511M) 0.560ms
[27.047s][info][gc,cpu       ] GC(1163) User=0.01s Sys=0.00s Real=0.00s
[27.070s][info][gc,start     ] GC(1164) Pause Young (Allocation Failure)
[27.070s][info][gc,heap      ] GC(1164) PSYoungGen: 173632K->96K(174080K)
[27.071s][info][gc,heap      ] GC(1164) ParOldGen: 44396K->44425K(349696K)
[27.071s][info][gc,metaspace ] GC(1164) Metaspace: 13532K->13532K(1062912K)
[27.071s][info][gc           ] GC(1164) Pause Young (Allocation Failure) 212M->43M(511M) 0.637ms
[27.071s][info][gc,cpu       ] GC(1164) User=0.01s Sys=0.00s Real=0.00s
[27.092s][info][gc,start     ] GC(1165) Pause Young (Allocation Failure)
[27.092s][info][gc,heap      ] GC(1165) PSYoungGen: 173664K->64K(174080K)
[27.093s][info][gc,heap      ] GC(1165) ParOldGen: 44425K->44465K(349696K)
[27.093s][info][gc,metaspace ] GC(1165) Metaspace: 13532K->13532K(1062912K)
[27.093s][info][gc           ] GC(1165) Pause Young (Allocation Failure) 212M->43M(511M) 0.694ms
[27.093s][info][gc,cpu       ] GC(1165) User=0.00s Sys=0.00s Real=0.00s
[27.114s][info][gc,start     ] GC(1166) Pause Young (Allocation Failure)
[27.117s][info][gc,heap      ] GC(1166) PSYoungGen: 173632K->96K(174080K)
[27.117s][info][gc,heap      ] GC(1166) ParOldGen: 44465K->44494K(349696K)
[27.117s][info][gc,metaspace ] GC(1166) Metaspace: 13532K->13532K(1062912K)
[27.117s][info][gc           ] GC(1166) Pause Young (Allocation Failure) 212M->43M(511M) 2.659ms
[27.117s][info][gc,cpu       ] GC(1166) User=0.00s Sys=0.00s Real=0.01s
[27.141s][info][gc,start     ] GC(1167) Pause Young (Allocation Failure)
[27.141s][info][gc,heap      ] GC(1167) PSYoungGen: 173664K->96K(174080K)
[27.141s][info][gc,heap      ] GC(1167) ParOldGen: 44494K->44533K(349696K)
[27.141s][info][gc,metaspace ] GC(1167) Metaspace: 13532K->13532K(1062912K)
[27.141s][info][gc           ] GC(1167) Pause Young (Allocation Failure) 213M->43M(511M) 0.640ms
[27.141s][info][gc,cpu       ] GC(1167) User=0.00s Sys=0.01s Real=0.00s
[27.161s][info][gc,start     ] GC(1168) Pause Young (Allocation Failure)
[27.161s][info][gc,heap      ] GC(1168) PSYoungGen: 173664K->96K(174080K)
[27.161s][info][gc,heap      ] GC(1168) ParOldGen: 44533K->44572K(349696K)
[27.161s][info][gc,metaspace ] GC(1168) Metaspace: 13532K->13532K(1062912K)
[27.161s][info][gc           ] GC(1168) Pause Young (Allocation Failure) 213M->43M(511M) 0.468ms
[27.161s][info][gc,cpu       ] GC(1168) User=0.00s Sys=0.00s Real=0.00s
[27.187s][info][gc,start     ] GC(1169) Pause Young (Allocation Failure)
[27.188s][info][gc,heap      ] GC(1169) PSYoungGen: 173664K->64K(174080K)
[27.188s][info][gc,heap      ] GC(1169) ParOldGen: 44572K->44602K(349696K)
[27.188s][info][gc,metaspace ] GC(1169) Metaspace: 13532K->13532K(1062912K)
[27.188s][info][gc           ] GC(1169) Pause Young (Allocation Failure) 213M->43M(511M) 0.634ms
[27.188s][info][gc,cpu       ] GC(1169) User=0.00s Sys=0.00s Real=0.00s
[27.212s][info][gc,start     ] GC(1170) Pause Young (Allocation Failure)
[27.212s][info][gc,heap      ] GC(1170) PSYoungGen: 173632K->96K(174080K)
[27.213s][info][gc,heap      ] GC(1170) ParOldGen: 44602K->44641K(349696K)
[27.213s][info][gc,metaspace ] GC(1170) Metaspace: 13532K->13532K(1062912K)
[27.213s][info][gc           ] GC(1170) Pause Young (Allocation Failure) 213M->43M(511M) 0.583ms
[27.213s][info][gc,cpu       ] GC(1170) User=0.00s Sys=0.00s Real=0.00s
[27.238s][info][gc,start     ] GC(1171) Pause Young (Allocation Failure)
[27.238s][info][gc,heap      ] GC(1171) PSYoungGen: 173664K->128K(174080K)
[27.238s][info][gc,heap      ] GC(1171) ParOldGen: 44641K->44670K(349696K)
[27.238s][info][gc,metaspace ] GC(1171) Metaspace: 13532K->13532K(1062912K)
[27.239s][info][gc           ] GC(1171) Pause Young (Allocation Failure) 213M->43M(511M) 0.814ms
[27.239s][info][gc,cpu       ] GC(1171) User=0.00s Sys=0.00s Real=0.00s
[27.262s][info][gc,start     ] GC(1172) Pause Young (Allocation Failure)
[27.262s][info][gc,heap      ] GC(1172) PSYoungGen: 173696K->96K(174080K)
[27.262s][info][gc,heap      ] GC(1172) ParOldGen: 44670K->44709K(349696K)
[27.262s][info][gc,metaspace ] GC(1172) Metaspace: 13532K->13532K(1062912K)
[27.262s][info][gc           ] GC(1172) Pause Young (Allocation Failure) 213M->43M(511M) 0.655ms
[27.262s][info][gc,cpu       ] GC(1172) User=0.00s Sys=0.00s Real=0.00s
[27.287s][info][gc,start     ] GC(1173) Pause Young (Allocation Failure)
[27.287s][info][gc,heap      ] GC(1173) PSYoungGen: 173664K->64K(174080K)
[27.287s][info][gc,heap      ] GC(1173) ParOldGen: 44709K->44738K(349696K)
[27.287s][info][gc,metaspace ] GC(1173) Metaspace: 13532K->13532K(1062912K)
[27.287s][info][gc           ] GC(1173) Pause Young (Allocation Failure) 213M->43M(511M) 0.668ms
[27.287s][info][gc,cpu       ] GC(1173) User=0.01s Sys=0.00s Real=0.00s
[27.308s][info][gc,start     ] GC(1174) Pause Young (Allocation Failure)
[27.309s][info][gc,heap      ] GC(1174) PSYoungGen: 173632K->96K(174080K)
[27.309s][info][gc,heap      ] GC(1174) ParOldGen: 44738K->44778K(349696K)
[27.309s][info][gc,metaspace ] GC(1174) Metaspace: 13532K->13532K(1062912K)
[27.309s][info][gc           ] GC(1174) Pause Young (Allocation Failure) 213M->43M(511M) 0.577ms
[27.309s][info][gc,cpu       ] GC(1174) User=0.00s Sys=0.00s Real=0.00s
[27.331s][info][gc,start     ] GC(1175) Pause Young (Allocation Failure)
[27.331s][info][gc,heap      ] GC(1175) PSYoungGen: 173664K->96K(174080K)
[27.331s][info][gc,heap      ] GC(1175) ParOldGen: 44778K->44807K(349696K)
[27.331s][info][gc,metaspace ] GC(1175) Metaspace: 13532K->13532K(1062912K)
[27.331s][info][gc           ] GC(1175) Pause Young (Allocation Failure) 213M->43M(511M) 0.506ms
[27.331s][info][gc,cpu       ] GC(1175) User=0.00s Sys=0.00s Real=0.00s
[27.355s][info][gc,start     ] GC(1176) Pause Young (Allocation Failure)
[27.355s][info][gc,heap      ] GC(1176) PSYoungGen: 173664K->64K(174080K)
[27.356s][info][gc,heap      ] GC(1176) ParOldGen: 44807K->44846K(349696K)
[27.356s][info][gc,metaspace ] GC(1176) Metaspace: 13538K->13538K(1062912K)
[27.356s][info][gc           ] GC(1176) Pause Young (Allocation Failure) 213M->43M(511M) 0.724ms
[27.356s][info][gc,cpu       ] GC(1176) User=0.00s Sys=0.00s Real=0.00s
[27.395s][info][gc,start     ] GC(1177) Pause Young (Allocation Failure)
[27.396s][info][gc,heap      ] GC(1177) PSYoungGen: 173632K->96K(174080K)
[27.396s][info][gc,heap      ] GC(1177) ParOldGen: 44846K->44875K(349696K)
[27.396s][info][gc,metaspace ] GC(1177) Metaspace: 13538K->13538K(1062912K)
[27.396s][info][gc           ] GC(1177) Pause Young (Allocation Failure) 213M->43M(511M) 0.668ms
[27.396s][info][gc,cpu       ] GC(1177) User=0.01s Sys=0.00s Real=0.00s
[27.415s][info][gc,start     ] GC(1178) Pause Young (Allocation Failure)
[27.415s][info][gc,heap      ] GC(1178) PSYoungGen: 173664K->64K(174080K)
[27.415s][info][gc,heap      ] GC(1178) ParOldGen: 44875K->44915K(349696K)
[27.415s][info][gc,metaspace ] GC(1178) Metaspace: 13538K->13538K(1062912K)
[27.415s][info][gc           ] GC(1178) Pause Young (Allocation Failure) 213M->43M(511M) 0.606ms
[27.415s][info][gc,cpu       ] GC(1178) User=0.00s Sys=0.00s Real=0.00s
[27.436s][info][gc,start     ] GC(1179) Pause Young (Allocation Failure)
[27.436s][info][gc,heap      ] GC(1179) PSYoungGen: 173632K->64K(174080K)
[27.436s][info][gc,heap      ] GC(1179) ParOldGen: 44915K->44944K(349696K)
[27.436s][info][gc,metaspace ] GC(1179) Metaspace: 13538K->13538K(1062912K)
[27.436s][info][gc           ] GC(1179) Pause Young (Allocation Failure) 213M->43M(511M) 0.499ms
[27.436s][info][gc,cpu       ] GC(1179) User=0.00s Sys=0.01s Real=0.01s
[27.457s][info][gc,start     ] GC(1180) Pause Young (Allocation Failure)
[27.457s][info][gc,heap      ] GC(1180) PSYoungGen: 173632K->96K(174080K)
[27.457s][info][gc,heap      ] GC(1180) ParOldGen: 44944K->44983K(349696K)
[27.457s][info][gc,metaspace ] GC(1180) Metaspace: 13538K->13538K(1062912K)
[27.457s][info][gc           ] GC(1180) Pause Young (Allocation Failure) 213M->44M(511M) 0.586ms
[27.457s][info][gc,cpu       ] GC(1180) User=0.01s Sys=0.00s Real=0.00s
[27.478s][info][gc,start     ] GC(1181) Pause Young (Allocation Failure)
[27.479s][info][gc,heap      ] GC(1181) PSYoungGen: 173664K->64K(174080K)
[27.479s][info][gc,heap      ] GC(1181) ParOldGen: 44983K->45022K(349696K)
[27.479s][info][gc,metaspace ] GC(1181) Metaspace: 13538K->13538K(1062912K)
[27.479s][info][gc           ] GC(1181) Pause Young (Allocation Failure) 213M->44M(511M) 0.792ms
[27.479s][info][gc,cpu       ] GC(1181) User=0.00s Sys=0.00s Real=0.00s
[27.504s][info][gc,start     ] GC(1182) Pause Young (Allocation Failure)
[27.505s][info][gc,heap      ] GC(1182) PSYoungGen: 173632K->64K(174080K)
[27.505s][info][gc,heap      ] GC(1182) ParOldGen: 45022K->45051K(349696K)
[27.505s][info][gc,metaspace ] GC(1182) Metaspace: 13538K->13538K(1062912K)
[27.505s][info][gc           ] GC(1182) Pause Young (Allocation Failure) 213M->44M(511M) 0.594ms
[27.505s][info][gc,cpu       ] GC(1182) User=0.01s Sys=0.00s Real=0.00s
[27.525s][info][gc,start     ] GC(1183) Pause Young (Allocation Failure)
[27.526s][info][gc,heap      ] GC(1183) PSYoungGen: 173632K->64K(174080K)
[27.526s][info][gc,heap      ] GC(1183) ParOldGen: 45051K->45091K(349696K)
[27.526s][info][gc,metaspace ] GC(1183) Metaspace: 13538K->13538K(1062912K)
[27.526s][info][gc           ] GC(1183) Pause Young (Allocation Failure) 213M->44M(511M) 0.496ms
[27.526s][info][gc,cpu       ] GC(1183) User=0.00s Sys=0.00s Real=0.00s
[27.548s][info][gc,start     ] GC(1184) Pause Young (Allocation Failure)
[27.548s][info][gc,heap      ] GC(1184) PSYoungGen: 173632K->128K(174080K)
[27.548s][info][gc,heap      ] GC(1184) ParOldGen: 45091K->45120K(349696K)
[27.548s][info][gc,metaspace ] GC(1184) Metaspace: 13538K->13538K(1062912K)
[27.548s][info][gc           ] GC(1184) Pause Young (Allocation Failure) 213M->44M(511M) 0.510ms
[27.548s][info][gc,cpu       ] GC(1184) User=0.00s Sys=0.00s Real=0.00s
[27.568s][info][gc,start     ] GC(1185) Pause Young (Allocation Failure)
[27.568s][info][gc,heap      ] GC(1185) PSYoungGen: 173696K->96K(174080K)
[27.568s][info][gc,heap      ] GC(1185) ParOldGen: 45120K->45159K(349696K)
[27.568s][info][gc,metaspace ] GC(1185) Metaspace: 13538K->13538K(1062912K)
[27.568s][info][gc           ] GC(1185) Pause Young (Allocation Failure) 213M->44M(511M) 0.478ms
[27.568s][info][gc,cpu       ] GC(1185) User=0.00s Sys=0.00s Real=0.00s
[27.591s][info][gc,start     ] GC(1186) Pause Young (Allocation Failure)
[27.591s][info][gc,heap      ] GC(1186) PSYoungGen: 173664K->64K(174080K)
[27.591s][info][gc,heap      ] GC(1186) ParOldGen: 45159K->45188K(349696K)
[27.591s][info][gc,metaspace ] GC(1186) Metaspace: 13538K->13538K(1062912K)
[27.591s][info][gc           ] GC(1186) Pause Young (Allocation Failure) 213M->44M(511M) 0.494ms
[27.591s][info][gc,cpu       ] GC(1186) User=0.01s Sys=0.00s Real=0.00s
[27.611s][info][gc,start     ] GC(1187) Pause Young (Allocation Failure)
[27.611s][info][gc,heap      ] GC(1187) PSYoungGen: 173632K->96K(174080K)
[27.611s][info][gc,heap      ] GC(1187) ParOldGen: 45188K->45228K(349696K)
[27.611s][info][gc,metaspace ] GC(1187) Metaspace: 13538K->13538K(1062912K)
[27.611s][info][gc           ] GC(1187) Pause Young (Allocation Failure) 213M->44M(511M) 0.463ms
[27.611s][info][gc,cpu       ] GC(1187) User=0.00s Sys=0.00s Real=0.00s
[27.632s][info][gc,start     ] GC(1188) Pause Young (Allocation Failure)
[27.633s][info][gc,heap      ] GC(1188) PSYoungGen: 173664K->64K(174080K)
[27.633s][info][gc,heap      ] GC(1188) ParOldGen: 45228K->45257K(349696K)
[27.633s][info][gc,metaspace ] GC(1188) Metaspace: 13538K->13538K(1062912K)
[27.633s][info][gc           ] GC(1188) Pause Young (Allocation Failure) 213M->44M(511M) 0.681ms
[27.633s][info][gc,cpu       ] GC(1188) User=0.00s Sys=0.00s Real=0.00s
[27.657s][info][gc,start     ] GC(1189) Pause Young (Allocation Failure)
[27.658s][info][gc,heap      ] GC(1189) PSYoungGen: 173632K->96K(174080K)
[27.658s][info][gc,heap      ] GC(1189) ParOldGen: 45257K->45296K(349696K)
[27.658s][info][gc,metaspace ] GC(1189) Metaspace: 13538K->13538K(1062912K)
[27.658s][info][gc           ] GC(1189) Pause Young (Allocation Failure) 213M->44M(511M) 0.499ms
[27.658s][info][gc,cpu       ] GC(1189) User=0.00s Sys=0.00s Real=0.00s
[27.680s][info][gc,start     ] GC(1190) Pause Young (Allocation Failure)
[27.681s][info][gc,heap      ] GC(1190) PSYoungGen: 173664K->128K(174080K)
[27.681s][info][gc,heap      ] GC(1190) ParOldGen: 45296K->45325K(349696K)
[27.681s][info][gc,metaspace ] GC(1190) Metaspace: 13538K->13538K(1062912K)
[27.681s][info][gc           ] GC(1190) Pause Young (Allocation Failure) 213M->44M(511M) 0.525ms
[27.681s][info][gc,cpu       ] GC(1190) User=0.00s Sys=0.00s Real=0.00s
[27.703s][info][gc,start     ] GC(1191) Pause Young (Allocation Failure)
[27.703s][info][gc,heap      ] GC(1191) PSYoungGen: 173696K->96K(174080K)
[27.703s][info][gc,heap      ] GC(1191) ParOldGen: 45325K->45364K(349696K)
[27.703s][info][gc,metaspace ] GC(1191) Metaspace: 13538K->13538K(1062912K)
[27.703s][info][gc           ] GC(1191) Pause Young (Allocation Failure) 213M->44M(511M) 0.447ms
[27.703s][info][gc,cpu       ] GC(1191) User=0.00s Sys=0.00s Real=0.00s
[27.725s][info][gc,start     ] GC(1192) Pause Young (Allocation Failure)
[27.725s][info][gc,heap      ] GC(1192) PSYoungGen: 173664K->128K(174080K)
[27.725s][info][gc,heap      ] GC(1192) ParOldGen: 45364K->45394K(349696K)
[27.725s][info][gc,metaspace ] GC(1192) Metaspace: 13538K->13538K(1062912K)
[27.725s][info][gc           ] GC(1192) Pause Young (Allocation Failure) 213M->44M(511M) 0.440ms
[27.725s][info][gc,cpu       ] GC(1192) User=0.01s Sys=0.00s Real=0.00s
[27.746s][info][gc,start     ] GC(1193) Pause Young (Allocation Failure)
[27.746s][info][gc,heap      ] GC(1193) PSYoungGen: 173696K->64K(174080K)
[27.746s][info][gc,heap      ] GC(1193) ParOldGen: 45394K->45433K(349696K)
[27.746s][info][gc,metaspace ] GC(1193) Metaspace: 13538K->13538K(1062912K)
[27.747s][info][gc           ] GC(1193) Pause Young (Allocation Failure) 213M->44M(511M) 0.600ms
[27.747s][info][gc,cpu       ] GC(1193) User=0.00s Sys=0.00s Real=0.01s
[27.769s][info][gc,start     ] GC(1194) Pause Young (Allocation Failure)
[27.769s][info][gc,heap      ] GC(1194) PSYoungGen: 173632K->64K(174080K)
[27.769s][info][gc,heap      ] GC(1194) ParOldGen: 45433K->45472K(349696K)
[27.770s][info][gc,metaspace ] GC(1194) Metaspace: 13538K->13538K(1062912K)
[27.770s][info][gc           ] GC(1194) Pause Young (Allocation Failure) 213M->44M(511M) 0.561ms
[27.770s][info][gc,cpu       ] GC(1194) User=0.00s Sys=0.00s Real=0.00s
[27.795s][info][gc,start     ] GC(1195) Pause Young (Allocation Failure)
[27.796s][info][gc,heap      ] GC(1195) PSYoungGen: 173632K->96K(174080K)
[27.796s][info][gc,heap      ] GC(1195) ParOldGen: 45472K->45501K(349696K)
[27.796s][info][gc,metaspace ] GC(1195) Metaspace: 13538K->13538K(1062912K)
[27.796s][info][gc           ] GC(1195) Pause Young (Allocation Failure) 213M->44M(511M) 0.603ms
[27.796s][info][gc,cpu       ] GC(1195) User=0.00s Sys=0.01s Real=0.00s
[27.821s][info][gc,start     ] GC(1196) Pause Young (Allocation Failure)
[27.821s][info][gc,heap      ] GC(1196) PSYoungGen: 173664K->64K(174080K)
[27.821s][info][gc,heap      ] GC(1196) ParOldGen: 45501K->45541K(349696K)
[27.821s][info][gc,metaspace ] GC(1196) Metaspace: 13538K->13538K(1062912K)
[27.821s][info][gc           ] GC(1196) Pause Young (Allocation Failure) 214M->44M(511M) 0.610ms
[27.821s][info][gc,cpu       ] GC(1196) User=0.01s Sys=0.00s Real=0.00s
[27.844s][info][gc,start     ] GC(1197) Pause Young (Allocation Failure)
[27.845s][info][gc,heap      ] GC(1197) PSYoungGen: 173632K->64K(174080K)
[27.845s][info][gc,heap      ] GC(1197) ParOldGen: 45541K->45570K(349696K)
[27.845s][info][gc,metaspace ] GC(1197) Metaspace: 13538K->13538K(1062912K)
[27.845s][info][gc           ] GC(1197) Pause Young (Allocation Failure) 214M->44M(511M) 0.570ms
[27.845s][info][gc,cpu       ] GC(1197) User=0.01s Sys=0.00s Real=0.00s
[27.865s][info][gc,start     ] GC(1198) Pause Young (Allocation Failure)
[27.865s][info][gc,heap      ] GC(1198) PSYoungGen: 173632K->96K(174080K)
[27.865s][info][gc,heap      ] GC(1198) ParOldGen: 45570K->45609K(349696K)
[27.865s][info][gc,metaspace ] GC(1198) Metaspace: 13538K->13538K(1062912K)
[27.866s][info][gc           ] GC(1198) Pause Young (Allocation Failure) 214M->44M(511M) 0.423ms
[27.866s][info][gc,cpu       ] GC(1198) User=0.00s Sys=0.00s Real=0.00s
[27.887s][info][gc,start     ] GC(1199) Pause Young (Allocation Failure)
[27.887s][info][gc,heap      ] GC(1199) PSYoungGen: 173664K->96K(174080K)
[27.887s][info][gc,heap      ] GC(1199) ParOldGen: 45609K->45638K(349696K)
[27.887s][info][gc,metaspace ] GC(1199) Metaspace: 13538K->13538K(1062912K)
[27.887s][info][gc           ] GC(1199) Pause Young (Allocation Failure) 214M->44M(511M) 0.547ms
[27.887s][info][gc,cpu       ] GC(1199) User=0.00s Sys=0.00s Real=0.00s
[27.906s][info][gc,start     ] GC(1200) Pause Young (Allocation Failure)
[27.907s][info][gc,heap      ] GC(1200) PSYoungGen: 173664K->64K(174080K)
[27.907s][info][gc,heap      ] GC(1200) ParOldGen: 45638K->45677K(349696K)
[27.907s][info][gc,metaspace ] GC(1200) Metaspace: 13538K->13538K(1062912K)
[27.907s][info][gc           ] GC(1200) Pause Young (Allocation Failure) 214M->44M(511M) 0.516ms
[27.907s][info][gc,cpu       ] GC(1200) User=0.01s Sys=0.00s Real=0.00s
[27.928s][info][gc,start     ] GC(1201) Pause Young (Allocation Failure)
[27.928s][info][gc,heap      ] GC(1201) PSYoungGen: 173632K->96K(174080K)
[27.928s][info][gc,heap      ] GC(1201) ParOldGen: 45677K->45707K(349696K)
[27.928s][info][gc,metaspace ] GC(1201) Metaspace: 13538K->13538K(1062912K)
[27.928s][info][gc           ] GC(1201) Pause Young (Allocation Failure) 214M->44M(511M) 0.537ms
[27.928s][info][gc,cpu       ] GC(1201) User=0.00s Sys=0.00s Real=0.00s
[27.951s][info][gc,start     ] GC(1202) Pause Young (Allocation Failure)
[27.952s][info][gc,heap      ] GC(1202) PSYoungGen: 173664K->64K(174080K)
[27.952s][info][gc,heap      ] GC(1202) ParOldGen: 45707K->45746K(349696K)
[27.952s][info][gc,metaspace ] GC(1202) Metaspace: 13538K->13538K(1062912K)
[27.952s][info][gc           ] GC(1202) Pause Young (Allocation Failure) 214M->44M(511M) 0.557ms
[27.952s][info][gc,cpu       ] GC(1202) User=0.00s Sys=0.00s Real=0.00s
[27.976s][info][gc,start     ] GC(1203) Pause Young (Allocation Failure)
[27.977s][info][gc,heap      ] GC(1203) PSYoungGen: 173632K->64K(174080K)
[27.977s][info][gc,heap      ] GC(1203) ParOldGen: 45746K->45775K(349696K)
[27.977s][info][gc,metaspace ] GC(1203) Metaspace: 13538K->13538K(1062912K)
[27.977s][info][gc           ] GC(1203) Pause Young (Allocation Failure) 214M->44M(511M) 0.649ms
[27.977s][info][gc,cpu       ] GC(1203) User=0.00s Sys=0.00s Real=0.01s
[27.998s][info][gc,start     ] GC(1204) Pause Young (Allocation Failure)
[27.998s][info][gc,heap      ] GC(1204) PSYoungGen: 173632K->96K(174080K)
[27.998s][info][gc,heap      ] GC(1204) ParOldGen: 45775K->45814K(349696K)
[27.998s][info][gc,metaspace ] GC(1204) Metaspace: 13538K->13538K(1062912K)
[27.998s][info][gc           ] GC(1204) Pause Young (Allocation Failure) 214M->44M(511M) 0.670ms
[27.998s][info][gc,cpu       ] GC(1204) User=0.00s Sys=0.00s Real=0.00s
[28.021s][info][gc,start     ] GC(1205) Pause Young (Allocation Failure)
[28.021s][info][gc,heap      ] GC(1205) PSYoungGen: 173664K->64K(174080K)
[28.021s][info][gc,heap      ] GC(1205) ParOldGen: 45814K->45844K(349696K)
[28.021s][info][gc,metaspace ] GC(1205) Metaspace: 13538K->13538K(1062912K)
[28.021s][info][gc           ] GC(1205) Pause Young (Allocation Failure) 214M->44M(511M) 0.576ms
[28.021s][info][gc,cpu       ] GC(1205) User=0.00s Sys=0.00s Real=0.00s
[28.042s][info][gc,start     ] GC(1206) Pause Young (Allocation Failure)
[28.042s][info][gc,heap      ] GC(1206) PSYoungGen: 173632K->64K(174080K)
[28.042s][info][gc,heap      ] GC(1206) ParOldGen: 45844K->45883K(349696K)
[28.042s][info][gc,metaspace ] GC(1206) Metaspace: 13538K->13538K(1062912K)
[28.043s][info][gc           ] GC(1206) Pause Young (Allocation Failure) 214M->44M(511M) 0.555ms
[28.043s][info][gc,cpu       ] GC(1206) User=0.01s Sys=0.00s Real=0.00s
[28.062s][info][gc,start     ] GC(1207) Pause Young (Allocation Failure)
[28.063s][info][gc,heap      ] GC(1207) PSYoungGen: 173632K->64K(174080K)
[28.063s][info][gc,heap      ] GC(1207) ParOldGen: 45883K->45922K(349696K)
[28.063s][info][gc,metaspace ] GC(1207) Metaspace: 13538K->13538K(1062912K)
[28.063s][info][gc           ] GC(1207) Pause Young (Allocation Failure) 214M->44M(511M) 0.514ms
[28.063s][info][gc,cpu       ] GC(1207) User=0.00s Sys=0.00s Real=0.00s
[28.087s][info][gc,start     ] GC(1208) Pause Young (Allocation Failure)
[28.087s][info][gc,heap      ] GC(1208) PSYoungGen: 173632K->128K(174080K)
[28.087s][info][gc,heap      ] GC(1208) ParOldGen: 45922K->45951K(349696K)
[28.087s][info][gc,metaspace ] GC(1208) Metaspace: 13538K->13538K(1062912K)
[28.087s][info][gc           ] GC(1208) Pause Young (Allocation Failure) 214M->44M(511M) 0.756ms
[28.087s][info][gc,cpu       ] GC(1208) User=0.00s Sys=0.00s Real=0.00s
[28.110s][info][gc,start     ] GC(1209) Pause Young (Allocation Failure)
[28.110s][info][gc,heap      ] GC(1209) PSYoungGen: 173696K->64K(174080K)
[28.110s][info][gc,heap      ] GC(1209) ParOldGen: 45951K->45990K(349696K)
[28.110s][info][gc,metaspace ] GC(1209) Metaspace: 13538K->13538K(1062912K)
[28.110s][info][gc           ] GC(1209) Pause Young (Allocation Failure) 214M->44M(511M) 0.529ms
[28.110s][info][gc,cpu       ] GC(1209) User=0.00s Sys=0.00s Real=0.00s
[28.134s][info][gc,start     ] GC(1210) Pause Young (Allocation Failure)
[28.134s][info][gc,heap      ] GC(1210) PSYoungGen: 173632K->96K(174080K)
[28.134s][info][gc,heap      ] GC(1210) ParOldGen: 45990K->46020K(349696K)
[28.134s][info][gc,metaspace ] GC(1210) Metaspace: 13538K->13538K(1062912K)
[28.134s][info][gc           ] GC(1210) Pause Young (Allocation Failure) 214M->45M(511M) 0.546ms
[28.134s][info][gc,cpu       ] GC(1210) User=0.00s Sys=0.01s Real=0.00s
[28.156s][info][gc,start     ] GC(1211) Pause Young (Allocation Failure)
[28.156s][info][gc,heap      ] GC(1211) PSYoungGen: 173664K->64K(174080K)
[28.156s][info][gc,heap      ] GC(1211) ParOldGen: 46020K->46059K(349696K)
[28.156s][info][gc,metaspace ] GC(1211) Metaspace: 13538K->13538K(1062912K)
[28.156s][info][gc           ] GC(1211) Pause Young (Allocation Failure) 214M->45M(511M) 0.559ms
[28.156s][info][gc,cpu       ] GC(1211) User=0.00s Sys=0.00s Real=0.01s
[28.181s][info][gc,start     ] GC(1212) Pause Young (Allocation Failure)
[28.182s][info][gc,heap      ] GC(1212) PSYoungGen: 173632K->96K(174080K)
[28.182s][info][gc,heap      ] GC(1212) ParOldGen: 46059K->46088K(349696K)
[28.182s][info][gc,metaspace ] GC(1212) Metaspace: 13538K->13538K(1062912K)
[28.182s][info][gc           ] GC(1212) Pause Young (Allocation Failure) 214M->45M(511M) 0.598ms
[28.182s][info][gc,cpu       ] GC(1212) User=0.00s Sys=0.00s Real=0.00s
[28.204s][info][gc,start     ] GC(1213) Pause Young (Allocation Failure)
[28.205s][info][gc,heap      ] GC(1213) PSYoungGen: 173664K->64K(174080K)
[28.205s][info][gc,heap      ] GC(1213) ParOldGen: 46088K->46127K(349696K)
[28.205s][info][gc,metaspace ] GC(1213) Metaspace: 13538K->13538K(1062912K)
[28.205s][info][gc           ] GC(1213) Pause Young (Allocation Failure) 214M->45M(511M) 0.628ms
[28.205s][info][gc,cpu       ] GC(1213) User=0.00s Sys=0.00s Real=0.00s
[28.229s][info][gc,start     ] GC(1214) Pause Young (Allocation Failure)
[28.230s][info][gc,heap      ] GC(1214) PSYoungGen: 173632K->64K(174080K)
[28.230s][info][gc,heap      ] GC(1214) ParOldGen: 46127K->46157K(349696K)
[28.230s][info][gc,metaspace ] GC(1214) Metaspace: 13538K->13538K(1062912K)
[28.230s][info][gc           ] GC(1214) Pause Young (Allocation Failure) 214M->45M(511M) 0.567ms
[28.230s][info][gc,cpu       ] GC(1214) User=0.00s Sys=0.00s Real=0.00s
[28.252s][info][gc,start     ] GC(1215) Pause Young (Allocation Failure)
[28.253s][info][gc,heap      ] GC(1215) PSYoungGen: 173632K->64K(174080K)
[28.253s][info][gc,heap      ] GC(1215) ParOldGen: 46157K->46196K(349696K)
[28.253s][info][gc,metaspace ] GC(1215) Metaspace: 13538K->13538K(1062912K)
[28.253s][info][gc           ] GC(1215) Pause Young (Allocation Failure) 214M->45M(511M) 0.629ms
[28.253s][info][gc,cpu       ] GC(1215) User=0.00s Sys=0.00s Real=0.00s
[28.277s][info][gc,start     ] GC(1216) Pause Young (Allocation Failure)
[28.277s][info][gc,heap      ] GC(1216) PSYoungGen: 173632K->96K(174080K)
[28.277s][info][gc,heap      ] GC(1216) ParOldGen: 46196K->46225K(349696K)
[28.277s][info][gc,metaspace ] GC(1216) Metaspace: 13538K->13538K(1062912K)
[28.277s][info][gc           ] GC(1216) Pause Young (Allocation Failure) 214M->45M(511M) 0.496ms
[28.277s][info][gc,cpu       ] GC(1216) User=0.00s Sys=0.00s Real=0.00s
[28.296s][info][gc,start     ] GC(1217) Pause Young (Allocation Failure)
[28.296s][info][gc,heap      ] GC(1217) PSYoungGen: 173664K->64K(174080K)
[28.296s][info][gc,heap      ] GC(1217) ParOldGen: 46225K->46264K(349696K)
[28.296s][info][gc,metaspace ] GC(1217) Metaspace: 13538K->13538K(1062912K)
[28.296s][info][gc           ] GC(1217) Pause Young (Allocation Failure) 214M->45M(511M) 0.474ms
[28.296s][info][gc,cpu       ] GC(1217) User=0.00s Sys=0.00s Real=0.01s
[28.317s][info][gc,start     ] GC(1218) Pause Young (Allocation Failure)
[28.318s][info][gc,heap      ] GC(1218) PSYoungGen: 173632K->128K(174080K)
[28.318s][info][gc,heap      ] GC(1218) ParOldGen: 46264K->46294K(349696K)
[28.318s][info][gc,metaspace ] GC(1218) Metaspace: 13538K->13538K(1062912K)
[28.318s][info][gc           ] GC(1218) Pause Young (Allocation Failure) 214M->45M(511M) 0.453ms
[28.318s][info][gc,cpu       ] GC(1218) User=0.00s Sys=0.00s Real=0.00s
[28.336s][info][gc,start     ] GC(1219) Pause Young (Allocation Failure)
[28.337s][info][gc,heap      ] GC(1219) PSYoungGen: 173696K->96K(174080K)
[28.337s][info][gc,heap      ] GC(1219) ParOldGen: 46294K->46333K(349696K)
[28.337s][info][gc,metaspace ] GC(1219) Metaspace: 13538K->13538K(1062912K)
[28.337s][info][gc           ] GC(1219) Pause Young (Allocation Failure) 214M->45M(511M) 0.489ms
[28.337s][info][gc,cpu       ] GC(1219) User=0.00s Sys=0.00s Real=0.01s
[28.360s][info][gc,start     ] GC(1220) Pause Young (Allocation Failure)
[28.360s][info][gc,heap      ] GC(1220) PSYoungGen: 173664K->96K(174080K)
[28.360s][info][gc,heap      ] GC(1220) ParOldGen: 46333K->46370K(349696K)
[28.360s][info][gc,metaspace ] GC(1220) Metaspace: 13545K->13545K(1062912K)
[28.361s][info][gc           ] GC(1220) Pause Young (Allocation Failure) 214M->45M(511M) 0.668ms
[28.361s][info][gc,cpu       ] GC(1220) User=0.00s Sys=0.00s Real=0.00s
[28.402s][info][gc,start     ] GC(1221) Pause Young (Allocation Failure)
[28.403s][info][gc,heap      ] GC(1221) PSYoungGen: 173664K->64K(174080K)
[28.403s][info][gc,heap      ] GC(1221) ParOldGen: 46370K->46433K(349696K)
[28.403s][info][gc,metaspace ] GC(1221) Metaspace: 13545K->13545K(1062912K)
[28.403s][info][gc           ] GC(1221) Pause Young (Allocation Failure) 214M->45M(511M) 0.547ms
[28.403s][info][gc,cpu       ] GC(1221) User=0.00s Sys=0.00s Real=0.00s
[28.423s][info][gc,start     ] GC(1222) Pause Young (Allocation Failure)
[28.423s][info][gc,heap      ] GC(1222) PSYoungGen: 173632K->64K(174080K)
[28.423s][info][gc,heap      ] GC(1222) ParOldGen: 46433K->46472K(349696K)
[28.423s][info][gc,metaspace ] GC(1222) Metaspace: 13545K->13545K(1062912K)
[28.423s][info][gc           ] GC(1222) Pause Young (Allocation Failure) 214M->45M(511M) 0.470ms
[28.423s][info][gc,cpu       ] GC(1222) User=0.00s Sys=0.00s Real=0.00s
[28.447s][info][gc,start     ] GC(1223) Pause Young (Allocation Failure)
[28.448s][info][gc,heap      ] GC(1223) PSYoungGen: 173632K->96K(174080K)
[28.448s][info][gc,heap      ] GC(1223) ParOldGen: 46472K->46502K(349696K)
[28.448s][info][gc,metaspace ] GC(1223) Metaspace: 13545K->13545K(1062912K)
[28.448s][info][gc           ] GC(1223) Pause Young (Allocation Failure) 214M->45M(511M) 0.586ms
[28.448s][info][gc,cpu       ] GC(1223) User=0.00s Sys=0.00s Real=0.00s
[28.471s][info][gc,start     ] GC(1224) Pause Young (Allocation Failure)
[28.472s][info][gc,heap      ] GC(1224) PSYoungGen: 173664K->64K(174080K)
[28.472s][info][gc,heap      ] GC(1224) ParOldGen: 46502K->46541K(349696K)
[28.472s][info][gc,metaspace ] GC(1224) Metaspace: 13545K->13545K(1062912K)
[28.472s][info][gc           ] GC(1224) Pause Young (Allocation Failure) 215M->45M(511M) 0.564ms
[28.472s][info][gc,cpu       ] GC(1224) User=0.00s Sys=0.00s Real=0.00s
[28.498s][info][gc,start     ] GC(1225) Pause Young (Allocation Failure)
[28.498s][info][gc,heap      ] GC(1225) PSYoungGen: 173632K->64K(174080K)
[28.498s][info][gc,heap      ] GC(1225) ParOldGen: 46541K->46570K(349696K)
[28.498s][info][gc,metaspace ] GC(1225) Metaspace: 13545K->13545K(1062912K)
[28.498s][info][gc           ] GC(1225) Pause Young (Allocation Failure) 215M->45M(511M) 0.591ms
[28.498s][info][gc,cpu       ] GC(1225) User=0.00s Sys=0.00s Real=0.00s
[28.521s][info][gc,start     ] GC(1226) Pause Young (Allocation Failure)
[28.521s][info][gc,heap      ] GC(1226) PSYoungGen: 173632K->64K(174080K)
[28.521s][info][gc,heap      ] GC(1226) ParOldGen: 46570K->46609K(349696K)
[28.521s][info][gc,metaspace ] GC(1226) Metaspace: 13545K->13545K(1062912K)
[28.521s][info][gc           ] GC(1226) Pause Young (Allocation Failure) 215M->45M(511M) 0.469ms
[28.521s][info][gc,cpu       ] GC(1226) User=0.00s Sys=0.00s Real=0.00s
[28.544s][info][gc,start     ] GC(1227) Pause Young (Allocation Failure)
[28.544s][info][gc,heap      ] GC(1227) PSYoungGen: 173632K->128K(174080K)
[28.544s][info][gc,heap      ] GC(1227) ParOldGen: 46609K->46639K(349696K)
[28.544s][info][gc,metaspace ] GC(1227) Metaspace: 13545K->13545K(1062912K)
[28.544s][info][gc           ] GC(1227) Pause Young (Allocation Failure) 215M->45M(511M) 0.576ms
[28.544s][info][gc,cpu       ] GC(1227) User=0.00s Sys=0.00s Real=0.00s
[28.567s][info][gc,start     ] GC(1228) Pause Young (Allocation Failure)
[28.567s][info][gc,heap      ] GC(1228) PSYoungGen: 173696K->64K(174080K)
[28.568s][info][gc,heap      ] GC(1228) ParOldGen: 46639K->46678K(349696K)
[28.568s][info][gc,metaspace ] GC(1228) Metaspace: 13545K->13545K(1062912K)
[28.568s][info][gc           ] GC(1228) Pause Young (Allocation Failure) 215M->45M(511M) 1.059ms
[28.568s][info][gc,cpu       ] GC(1228) User=0.00s Sys=0.00s Real=0.00s
[28.591s][info][gc,start     ] GC(1229) Pause Young (Allocation Failure)
[28.592s][info][gc,heap      ] GC(1229) PSYoungGen: 173632K->128K(174080K)
[28.592s][info][gc,heap      ] GC(1229) ParOldGen: 46678K->46707K(349696K)
[28.592s][info][gc,metaspace ] GC(1229) Metaspace: 13545K->13545K(1062912K)
[28.592s][info][gc           ] GC(1229) Pause Young (Allocation Failure) 215M->45M(511M) 0.555ms
[28.592s][info][gc,cpu       ] GC(1229) User=0.00s Sys=0.00s Real=0.00s
[28.614s][info][gc,start     ] GC(1230) Pause Young (Allocation Failure)
[28.614s][info][gc,heap      ] GC(1230) PSYoungGen: 173696K->96K(174080K)
[28.614s][info][gc,heap      ] GC(1230) ParOldGen: 46707K->46746K(349696K)
[28.614s][info][gc,metaspace ] GC(1230) Metaspace: 13545K->13545K(1062912K)
[28.614s][info][gc           ] GC(1230) Pause Young (Allocation Failure) 215M->45M(511M) 0.509ms
[28.614s][info][gc,cpu       ] GC(1230) User=0.00s Sys=0.00s Real=0.00s
[28.637s][info][gc,start     ] GC(1231) Pause Young (Allocation Failure)
[28.637s][info][gc,heap      ] GC(1231) PSYoungGen: 173664K->128K(174080K)
[28.637s][info][gc,heap      ] GC(1231) ParOldGen: 46746K->46776K(349696K)
[28.637s][info][gc,metaspace ] GC(1231) Metaspace: 13545K->13545K(1062912K)
[28.637s][info][gc           ] GC(1231) Pause Young (Allocation Failure) 215M->45M(511M) 0.597ms
[28.637s][info][gc,cpu       ] GC(1231) User=0.01s Sys=0.00s Real=0.00s
[28.657s][info][gc,start     ] GC(1232) Pause Young (Allocation Failure)
[28.658s][info][gc,heap      ] GC(1232) PSYoungGen: 173696K->64K(174080K)
[28.658s][info][gc,heap      ] GC(1232) ParOldGen: 46776K->46815K(349696K)
[28.658s][info][gc,metaspace ] GC(1232) Metaspace: 13545K->13545K(1062912K)
[28.658s][info][gc           ] GC(1232) Pause Young (Allocation Failure) 215M->45M(511M) 0.474ms
[28.658s][info][gc,cpu       ] GC(1232) User=0.00s Sys=0.00s Real=0.00s
[28.680s][info][gc,start     ] GC(1233) Pause Young (Allocation Failure)
[28.681s][info][gc,heap      ] GC(1233) PSYoungGen: 173632K->128K(174080K)
[28.681s][info][gc,heap      ] GC(1233) ParOldGen: 46815K->46844K(349696K)
[28.681s][info][gc,metaspace ] GC(1233) Metaspace: 13545K->13545K(1062912K)
[28.681s][info][gc           ] GC(1233) Pause Young (Allocation Failure) 215M->45M(511M) 0.537ms
[28.681s][info][gc,cpu       ] GC(1233) User=0.00s Sys=0.00s Real=0.00s
[28.701s][info][gc,start     ] GC(1234) Pause Young (Allocation Failure)
[28.701s][info][gc,heap      ] GC(1234) PSYoungGen: 173696K->64K(174080K)
[28.701s][info][gc,heap      ] GC(1234) ParOldGen: 46844K->46883K(349696K)
[28.701s][info][gc,metaspace ] GC(1234) Metaspace: 13545K->13545K(1062912K)
[28.701s][info][gc           ] GC(1234) Pause Young (Allocation Failure) 215M->45M(511M) 0.456ms
[28.701s][info][gc,cpu       ] GC(1234) User=0.00s Sys=0.00s Real=0.00s
[28.720s][info][gc,start     ] GC(1235) Pause Young (Allocation Failure)
[28.721s][info][gc,heap      ] GC(1235) PSYoungGen: 173632K->64K(174080K)
[28.721s][info][gc,heap      ] GC(1235) ParOldGen: 46883K->46922K(349696K)
[28.721s][info][gc,metaspace ] GC(1235) Metaspace: 13545K->13545K(1062912K)
[28.721s][info][gc           ] GC(1235) Pause Young (Allocation Failure) 215M->45M(511M) 0.428ms
[28.721s][info][gc,cpu       ] GC(1235) User=0.00s Sys=0.00s Real=0.00s
[28.741s][info][gc,start     ] GC(1236) Pause Young (Allocation Failure)
[28.742s][info][gc,heap      ] GC(1236) PSYoungGen: 173632K->96K(174080K)
[28.742s][info][gc,heap      ] GC(1236) ParOldGen: 46922K->46952K(349696K)
[28.742s][info][gc,metaspace ] GC(1236) Metaspace: 13545K->13545K(1062912K)
[28.742s][info][gc           ] GC(1236) Pause Young (Allocation Failure) 215M->45M(511M) 0.497ms
[28.742s][info][gc,cpu       ] GC(1236) User=0.00s Sys=0.00s Real=0.00s
[28.761s][info][gc,start     ] GC(1237) Pause Young (Allocation Failure)
[28.762s][info][gc,heap      ] GC(1237) PSYoungGen: 173664K->64K(174080K)
[28.762s][info][gc,heap      ] GC(1237) ParOldGen: 46952K->46991K(349696K)
[28.762s][info][gc,metaspace ] GC(1237) Metaspace: 13545K->13545K(1062912K)
[28.762s][info][gc           ] GC(1237) Pause Young (Allocation Failure) 215M->45M(511M) 0.563ms
[28.762s][info][gc,cpu       ] GC(1237) User=0.01s Sys=0.00s Real=0.00s
[28.784s][info][gc,start     ] GC(1238) Pause Young (Allocation Failure)
[28.784s][info][gc,heap      ] GC(1238) PSYoungGen: 173632K->64K(174080K)
[28.784s][info][gc,heap      ] GC(1238) ParOldGen: 46991K->47020K(349696K)
[28.784s][info][gc,metaspace ] GC(1238) Metaspace: 13545K->13545K(1062912K)
[28.784s][info][gc           ] GC(1238) Pause Young (Allocation Failure) 215M->45M(511M) 0.578ms
[28.784s][info][gc,cpu       ] GC(1238) User=0.00s Sys=0.00s Real=0.00s
[28.807s][info][gc,start     ] GC(1239) Pause Young (Allocation Failure)
[28.808s][info][gc,heap      ] GC(1239) PSYoungGen: 173632K->96K(174080K)
[28.808s][info][gc,heap      ] GC(1239) ParOldGen: 47020K->47059K(349696K)
[28.808s][info][gc,metaspace ] GC(1239) Metaspace: 13545K->13545K(1062912K)
[28.808s][info][gc           ] GC(1239) Pause Young (Allocation Failure) 215M->46M(511M) 0.524ms
[28.808s][info][gc,cpu       ] GC(1239) User=0.00s Sys=0.01s Real=0.00s
[28.832s][info][gc,start     ] GC(1240) Pause Young (Allocation Failure)
[28.833s][info][gc,heap      ] GC(1240) PSYoungGen: 173664K->64K(174080K)
[28.833s][info][gc,heap      ] GC(1240) ParOldGen: 47059K->47089K(349696K)
[28.833s][info][gc,metaspace ] GC(1240) Metaspace: 13545K->13545K(1062912K)
[28.833s][info][gc           ] GC(1240) Pause Young (Allocation Failure) 215M->46M(511M) 0.625ms
[28.833s][info][gc,cpu       ] GC(1240) User=0.00s Sys=0.00s Real=0.00s
[28.855s][info][gc,start     ] GC(1241) Pause Young (Allocation Failure)
[28.856s][info][gc,heap      ] GC(1241) PSYoungGen: 173632K->64K(174080K)
[28.856s][info][gc,heap      ] GC(1241) ParOldGen: 47089K->47128K(349696K)
[28.856s][info][gc,metaspace ] GC(1241) Metaspace: 13545K->13545K(1062912K)
[28.856s][info][gc           ] GC(1241) Pause Young (Allocation Failure) 215M->46M(511M) 0.772ms
[28.856s][info][gc,cpu       ] GC(1241) User=0.01s Sys=0.00s Real=0.01s
[28.878s][info][gc,start     ] GC(1242) Pause Young (Allocation Failure)
[28.878s][info][gc,heap      ] GC(1242) PSYoungGen: 173632K->64K(174080K)
[28.878s][info][gc,heap      ] GC(1242) ParOldGen: 47128K->47157K(349696K)
[28.878s][info][gc,metaspace ] GC(1242) Metaspace: 13545K->13545K(1062912K)
[28.878s][info][gc           ] GC(1242) Pause Young (Allocation Failure) 215M->46M(511M) 0.544ms
[28.878s][info][gc,cpu       ] GC(1242) User=0.00s Sys=0.00s Real=0.00s
[28.901s][info][gc,start     ] GC(1243) Pause Young (Allocation Failure)
[28.901s][info][gc,heap      ] GC(1243) PSYoungGen: 173632K->64K(174080K)
[28.901s][info][gc,heap      ] GC(1243) ParOldGen: 47157K->47196K(349696K)
[28.901s][info][gc,metaspace ] GC(1243) Metaspace: 13545K->13545K(1062912K)
[28.901s][info][gc           ] GC(1243) Pause Young (Allocation Failure) 215M->46M(511M) 0.580ms
[28.901s][info][gc,cpu       ] GC(1243) User=0.00s Sys=0.00s Real=0.00s
[28.926s][info][gc,start     ] GC(1244) Pause Young (Allocation Failure)
[28.926s][info][gc,heap      ] GC(1244) PSYoungGen: 173632K->128K(174080K)
[28.926s][info][gc,heap      ] GC(1244) ParOldGen: 47196K->47226K(349696K)
[28.926s][info][gc,metaspace ] GC(1244) Metaspace: 13545K->13545K(1062912K)
[28.926s][info][gc           ] GC(1244) Pause Young (Allocation Failure) 215M->46M(511M) 0.649ms
[28.926s][info][gc,cpu       ] GC(1244) User=0.00s Sys=0.00s Real=0.01s
[28.948s][info][gc,start     ] GC(1245) Pause Young (Allocation Failure)
[28.949s][info][gc,heap      ] GC(1245) PSYoungGen: 173696K->64K(174080K)
[28.949s][info][gc,heap      ] GC(1245) ParOldGen: 47226K->47265K(349696K)
[28.949s][info][gc,metaspace ] GC(1245) Metaspace: 13545K->13545K(1062912K)
[28.949s][info][gc           ] GC(1245) Pause Young (Allocation Failure) 215M->46M(511M) 0.480ms
[28.949s][info][gc,cpu       ] GC(1245) User=0.00s Sys=0.00s Real=0.00s
[28.973s][info][gc,start     ] GC(1246) Pause Young (Allocation Failure)
[28.973s][info][gc,heap      ] GC(1246) PSYoungGen: 173632K->128K(174080K)
[28.973s][info][gc,heap      ] GC(1246) ParOldGen: 47265K->47294K(349696K)
[28.973s][info][gc,metaspace ] GC(1246) Metaspace: 13545K->13545K(1062912K)
[28.973s][info][gc           ] GC(1246) Pause Young (Allocation Failure) 215M->46M(511M) 0.527ms
[28.973s][info][gc,cpu       ] GC(1246) User=0.00s Sys=0.00s Real=0.00s
[28.997s][info][gc,start     ] GC(1247) Pause Young (Allocation Failure)
[28.998s][info][gc,heap      ] GC(1247) PSYoungGen: 173696K->64K(174080K)
[28.998s][info][gc,heap      ] GC(1247) ParOldGen: 47294K->47333K(349696K)
[28.998s][info][gc,metaspace ] GC(1247) Metaspace: 13545K->13545K(1062912K)
[28.998s][info][gc           ] GC(1247) Pause Young (Allocation Failure) 215M->46M(511M) 0.652ms
[28.998s][info][gc,cpu       ] GC(1247) User=0.00s Sys=0.00s Real=0.00s
[29.021s][info][gc,start     ] GC(1248) Pause Young (Allocation Failure)
[29.021s][info][gc,heap      ] GC(1248) PSYoungGen: 173632K->64K(174080K)
[29.021s][info][gc,heap      ] GC(1248) ParOldGen: 47333K->47372K(349696K)
[29.021s][info][gc,metaspace ] GC(1248) Metaspace: 13545K->13545K(1062912K)
[29.021s][info][gc           ] GC(1248) Pause Young (Allocation Failure) 215M->46M(511M) 0.614ms
[29.021s][info][gc,cpu       ] GC(1248) User=0.00s Sys=0.00s Real=0.00s
[29.046s][info][gc,start     ] GC(1249) Pause Young (Allocation Failure)
[29.047s][info][gc,heap      ] GC(1249) PSYoungGen: 173632K->64K(174080K)
[29.047s][info][gc,heap      ] GC(1249) ParOldGen: 47372K->47402K(349696K)
[29.047s][info][gc,metaspace ] GC(1249) Metaspace: 13545K->13545K(1062912K)
[29.047s][info][gc           ] GC(1249) Pause Young (Allocation Failure) 215M->46M(511M) 0.637ms
[29.047s][info][gc,cpu       ] GC(1249) User=0.00s Sys=0.00s Real=0.01s
[29.069s][info][gc,start     ] GC(1250) Pause Young (Allocation Failure)
[29.070s][info][gc,heap      ] GC(1250) PSYoungGen: 173632K->64K(174080K)
[29.070s][info][gc,heap      ] GC(1250) ParOldGen: 47402K->47441K(349696K)
[29.070s][info][gc,metaspace ] GC(1250) Metaspace: 13545K->13545K(1062912K)
[29.070s][info][gc           ] GC(1250) Pause Young (Allocation Failure) 215M->46M(511M) 0.749ms
[29.070s][info][gc,cpu       ] GC(1250) User=0.00s Sys=0.00s Real=0.00s
[29.094s][info][gc,start     ] GC(1251) Pause Young (Allocation Failure)
[29.095s][info][gc,heap      ] GC(1251) PSYoungGen: 173632K->64K(174080K)
[29.095s][info][gc,heap      ] GC(1251) ParOldGen: 47441K->47470K(349696K)
[29.095s][info][gc,metaspace ] GC(1251) Metaspace: 13545K->13545K(1062912K)
[29.095s][info][gc           ] GC(1251) Pause Young (Allocation Failure) 215M->46M(511M) 0.727ms
[29.095s][info][gc,cpu       ] GC(1251) User=0.00s Sys=0.00s Real=0.00s
[29.117s][info][gc,start     ] GC(1252) Pause Young (Allocation Failure)
[29.117s][info][gc,heap      ] GC(1252) PSYoungGen: 173632K->64K(174080K)
[29.118s][info][gc,heap      ] GC(1252) ParOldGen: 47470K->47509K(349696K)
[29.118s][info][gc,metaspace ] GC(1252) Metaspace: 13545K->13545K(1062912K)
[29.118s][info][gc           ] GC(1252) Pause Young (Allocation Failure) 215M->46M(511M) 0.614ms
[29.118s][info][gc,cpu       ] GC(1252) User=0.00s Sys=0.00s Real=0.00s
[29.141s][info][gc,start     ] GC(1253) Pause Young (Allocation Failure)
[29.142s][info][gc,heap      ] GC(1253) PSYoungGen: 173632K->96K(174080K)
[29.142s][info][gc,heap      ] GC(1253) ParOldGen: 47509K->47539K(349696K)
[29.142s][info][gc,metaspace ] GC(1253) Metaspace: 13545K->13545K(1062912K)
[29.142s][info][gc           ] GC(1253) Pause Young (Allocation Failure) 215M->46M(511M) 0.551ms
[29.142s][info][gc,cpu       ] GC(1253) User=0.00s Sys=0.01s Real=0.00s
[29.161s][info][gc,start     ] GC(1254) Pause Young (Allocation Failure)
[29.161s][info][gc,heap      ] GC(1254) PSYoungGen: 173664K->96K(174080K)
[29.161s][info][gc,heap      ] GC(1254) ParOldGen: 47539K->47578K(349696K)
[29.161s][info][gc,metaspace ] GC(1254) Metaspace: 13545K->13545K(1062912K)
[29.162s][info][gc           ] GC(1254) Pause Young (Allocation Failure) 216M->46M(511M) 0.412ms
[29.162s][info][gc,cpu       ] GC(1254) User=0.00s Sys=0.00s Real=0.00s
[29.182s][info][gc,start     ] GC(1255) Pause Young (Allocation Failure)
[29.182s][info][gc,heap      ] GC(1255) PSYoungGen: 173664K->128K(174080K)
[29.182s][info][gc,heap      ] GC(1255) ParOldGen: 47578K->47607K(349696K)
[29.183s][info][gc,metaspace ] GC(1255) Metaspace: 13545K->13545K(1062912K)
[29.183s][info][gc           ] GC(1255) Pause Young (Allocation Failure) 216M->46M(511M) 0.594ms
[29.183s][info][gc,cpu       ] GC(1255) User=0.01s Sys=0.00s Real=0.00s
[29.202s][info][gc,start     ] GC(1256) Pause Young (Allocation Failure)
[29.202s][info][gc,heap      ] GC(1256) PSYoungGen: 173696K->64K(174080K)
[29.202s][info][gc,heap      ] GC(1256) ParOldGen: 47607K->47646K(349696K)
[29.202s][info][gc,metaspace ] GC(1256) Metaspace: 13545K->13545K(1062912K)
[29.202s][info][gc           ] GC(1256) Pause Young (Allocation Failure) 216M->46M(511M) 0.546ms
[29.202s][info][gc,cpu       ] GC(1256) User=0.00s Sys=0.00s Real=0.00s
[29.224s][info][gc,start     ] GC(1257) Pause Young (Allocation Failure)
[29.224s][info][gc,heap      ] GC(1257) PSYoungGen: 173632K->96K(174080K)
[29.224s][info][gc,heap      ] GC(1257) ParOldGen: 47646K->47675K(349696K)
[29.224s][info][gc,metaspace ] GC(1257) Metaspace: 13545K->13545K(1062912K)
[29.224s][info][gc           ] GC(1257) Pause Young (Allocation Failure) 216M->46M(511M) 0.549ms
[29.224s][info][gc,cpu       ] GC(1257) User=0.00s Sys=0.00s Real=0.00s
[29.244s][info][gc,start     ] GC(1258) Pause Young (Allocation Failure)
[29.244s][info][gc,heap      ] GC(1258) PSYoungGen: 173664K->64K(174080K)
[29.244s][info][gc,heap      ] GC(1258) ParOldGen: 47675K->47715K(349696K)
[29.244s][info][gc,metaspace ] GC(1258) Metaspace: 13545K->13545K(1062912K)
[29.244s][info][gc           ] GC(1258) Pause Young (Allocation Failure) 216M->46M(511M) 0.453ms
[29.244s][info][gc,cpu       ] GC(1258) User=0.01s Sys=0.00s Real=0.00s
[29.265s][info][gc,start     ] GC(1259) Pause Young (Allocation Failure)
[29.266s][info][gc,heap      ] GC(1259) PSYoungGen: 173632K->96K(174080K)
[29.266s][info][gc,heap      ] GC(1259) ParOldGen: 47715K->47744K(349696K)
[29.266s][info][gc,metaspace ] GC(1259) Metaspace: 13545K->13545K(1062912K)
[29.266s][info][gc           ] GC(1259) Pause Young (Allocation Failure) 216M->46M(511M) 0.599ms
[29.266s][info][gc,cpu       ] GC(1259) User=0.00s Sys=0.00s Real=0.00s
[29.288s][info][gc,start     ] GC(1260) Pause Young (Allocation Failure)
[29.288s][info][gc,heap      ] GC(1260) PSYoungGen: 173664K->64K(174080K)
[29.288s][info][gc,heap      ] GC(1260) ParOldGen: 47744K->47783K(349696K)
[29.288s][info][gc,metaspace ] GC(1260) Metaspace: 13545K->13545K(1062912K)
[29.288s][info][gc           ] GC(1260) Pause Young (Allocation Failure) 216M->46M(511M) 0.552ms
[29.288s][info][gc,cpu       ] GC(1260) User=0.00s Sys=0.00s Real=0.00s
[29.310s][info][gc,start     ] GC(1261) Pause Young (Allocation Failure)
[29.311s][info][gc,heap      ] GC(1261) PSYoungGen: 173632K->64K(174080K)
[29.311s][info][gc,heap      ] GC(1261) ParOldGen: 47783K->47822K(349696K)
[29.311s][info][gc,metaspace ] GC(1261) Metaspace: 13545K->13545K(1062912K)
[29.311s][info][gc           ] GC(1261) Pause Young (Allocation Failure) 216M->46M(511M) 0.494ms
[29.311s][info][gc,cpu       ] GC(1261) User=0.00s Sys=0.00s Real=0.00s
[29.334s][info][gc,start     ] GC(1262) Pause Young (Allocation Failure)
[29.335s][info][gc,heap      ] GC(1262) PSYoungGen: 173632K->128K(174080K)
[29.335s][info][gc,heap      ] GC(1262) ParOldGen: 47822K->47852K(349696K)
[29.335s][info][gc,metaspace ] GC(1262) Metaspace: 13545K->13545K(1062912K)
[29.335s][info][gc           ] GC(1262) Pause Young (Allocation Failure) 216M->46M(511M) 0.610ms
[29.335s][info][gc,cpu       ] GC(1262) User=0.00s Sys=0.00s Real=0.00s
[29.355s][info][gc,start     ] GC(1263) Pause Young (Allocation Failure)
[29.356s][info][gc,heap      ] GC(1263) PSYoungGen: 173696K->224K(174080K)
[29.356s][info][gc,heap      ] GC(1263) ParOldGen: 47852K->47891K(349696K)
[29.356s][info][gc,metaspace ] GC(1263) Metaspace: 13553K->13553K(1062912K)
[29.356s][info][gc           ] GC(1263) Pause Young (Allocation Failure) 216M->46M(511M) 0.599ms
[29.356s][info][gc,cpu       ] GC(1263) User=0.01s Sys=0.00s Real=0.00s
[29.396s][info][gc,start     ] GC(1264) Pause Young (Allocation Failure)
[29.396s][info][gc,heap      ] GC(1264) PSYoungGen: 173792K->96K(174080K)
[29.396s][info][gc,heap      ] GC(1264) ParOldGen: 47891K->47920K(349696K)
[29.396s][info][gc,metaspace ] GC(1264) Metaspace: 13555K->13555K(1062912K)
[29.396s][info][gc           ] GC(1264) Pause Young (Allocation Failure) 216M->46M(511M) 0.660ms
[29.397s][info][gc,cpu       ] GC(1264) User=0.01s Sys=0.00s Real=0.01s
[29.417s][info][gc,start     ] GC(1265) Pause Young (Allocation Failure)
[29.417s][info][gc,heap      ] GC(1265) PSYoungGen: 173664K->96K(174080K)
[29.417s][info][gc,heap      ] GC(1265) ParOldGen: 47920K->47959K(349696K)
[29.417s][info][gc,metaspace ] GC(1265) Metaspace: 13555K->13555K(1062912K)
[29.417s][info][gc           ] GC(1265) Pause Young (Allocation Failure) 216M->46M(511M) 0.474ms
[29.417s][info][gc,cpu       ] GC(1265) User=0.00s Sys=0.00s Real=0.00s
[29.438s][info][gc,start     ] GC(1266) Pause Young (Allocation Failure)
[29.439s][info][gc,heap      ] GC(1266) PSYoungGen: 173664K->96K(174080K)
[29.439s][info][gc,heap      ] GC(1266) ParOldGen: 47959K->47988K(349696K)
[29.439s][info][gc,metaspace ] GC(1266) Metaspace: 13555K->13555K(1062912K)
[29.439s][info][gc           ] GC(1266) Pause Young (Allocation Failure) 216M->46M(511M) 0.570ms
[29.439s][info][gc,cpu       ] GC(1266) User=0.00s Sys=0.00s Real=0.00s
[29.459s][info][gc,start     ] GC(1267) Pause Young (Allocation Failure)
[29.459s][info][gc,heap      ] GC(1267) PSYoungGen: 173664K->64K(174080K)
[29.459s][info][gc,heap      ] GC(1267) ParOldGen: 47988K->48028K(349696K)
[29.459s][info][gc,metaspace ] GC(1267) Metaspace: 13555K->13555K(1062912K)
[29.459s][info][gc           ] GC(1267) Pause Young (Allocation Failure) 216M->46M(511M) 0.457ms
[29.459s][info][gc,cpu       ] GC(1267) User=0.00s Sys=0.01s Real=0.00s
[29.481s][info][gc,start     ] GC(1268) Pause Young (Allocation Failure)
[29.481s][info][gc,heap      ] GC(1268) PSYoungGen: 173632K->96K(174080K)
[29.481s][info][gc,heap      ] GC(1268) ParOldGen: 48028K->48057K(349696K)
[29.481s][info][gc,metaspace ] GC(1268) Metaspace: 13555K->13555K(1062912K)
[29.481s][info][gc           ] GC(1268) Pause Young (Allocation Failure) 216M->47M(511M) 0.603ms
[29.481s][info][gc,cpu       ] GC(1268) User=0.00s Sys=0.00s Real=0.00s
[29.501s][info][gc,start     ] GC(1269) Pause Young (Allocation Failure)
[29.502s][info][gc,heap      ] GC(1269) PSYoungGen: 173664K->64K(174080K)
[29.502s][info][gc,heap      ] GC(1269) ParOldGen: 48057K->48096K(349696K)
[29.502s][info][gc,metaspace ] GC(1269) Metaspace: 13555K->13555K(1062912K)
[29.502s][info][gc           ] GC(1269) Pause Young (Allocation Failure) 216M->47M(511M) 0.615ms
[29.502s][info][gc,cpu       ] GC(1269) User=0.00s Sys=0.00s Real=0.00s
[29.523s][info][gc,start     ] GC(1270) Pause Young (Allocation Failure)
[29.524s][info][gc,heap      ] GC(1270) PSYoungGen: 173632K->96K(174080K)
[29.524s][info][gc,heap      ] GC(1270) ParOldGen: 48096K->48125K(349696K)
[29.524s][info][gc,metaspace ] GC(1270) Metaspace: 13555K->13555K(1062912K)
[29.524s][info][gc           ] GC(1270) Pause Young (Allocation Failure) 216M->47M(511M) 0.614ms
[29.524s][info][gc,cpu       ] GC(1270) User=0.00s Sys=0.00s Real=0.00s
[29.546s][info][gc,start     ] GC(1271) Pause Young (Allocation Failure)
[29.546s][info][gc,heap      ] GC(1271) PSYoungGen: 173664K->96K(174080K)
[29.546s][info][gc,heap      ] GC(1271) ParOldGen: 48125K->48165K(349696K)
[29.546s][info][gc,metaspace ] GC(1271) Metaspace: 13555K->13555K(1062912K)
[29.546s][info][gc           ] GC(1271) Pause Young (Allocation Failure) 216M->47M(511M) 0.547ms
[29.546s][info][gc,cpu       ] GC(1271) User=0.00s Sys=0.00s Real=0.00s
[29.567s][info][gc,start     ] GC(1272) Pause Young (Allocation Failure)
[29.568s][info][gc,heap      ] GC(1272) PSYoungGen: 173664K->96K(174080K)
[29.568s][info][gc,heap      ] GC(1272) ParOldGen: 48165K->48194K(349696K)
[29.568s][info][gc,metaspace ] GC(1272) Metaspace: 13555K->13555K(1062912K)
[29.568s][info][gc           ] GC(1272) Pause Young (Allocation Failure) 216M->47M(511M) 0.469ms
[29.568s][info][gc,cpu       ] GC(1272) User=0.00s Sys=0.00s Real=0.00s
[29.586s][info][gc,start     ] GC(1273) Pause Young (Allocation Failure)
[29.587s][info][gc,heap      ] GC(1273) PSYoungGen: 173664K->96K(174080K)
[29.587s][info][gc,heap      ] GC(1273) ParOldGen: 48194K->48233K(349696K)
[29.587s][info][gc,metaspace ] GC(1273) Metaspace: 13555K->13555K(1062912K)
[29.587s][info][gc           ] GC(1273) Pause Young (Allocation Failure) 216M->47M(511M) 0.449ms
[29.587s][info][gc,cpu       ] GC(1273) User=0.00s Sys=0.00s Real=0.00s
[29.607s][info][gc,start     ] GC(1274) Pause Young (Allocation Failure)
[29.608s][info][gc,heap      ] GC(1274) PSYoungGen: 173664K->64K(174080K)
[29.608s][info][gc,heap      ] GC(1274) ParOldGen: 48233K->48262K(349696K)
[29.608s][info][gc,metaspace ] GC(1274) Metaspace: 13555K->13555K(1062912K)
[29.608s][info][gc           ] GC(1274) Pause Young (Allocation Failure) 216M->47M(511M) 0.450ms
[29.608s][info][gc,cpu       ] GC(1274) User=0.00s Sys=0.00s Real=0.00s
[29.633s][info][gc,start     ] GC(1275) Pause Young (Allocation Failure)
[29.634s][info][gc,heap      ] GC(1275) PSYoungGen: 173632K->64K(174080K)
[29.634s][info][gc,heap      ] GC(1275) ParOldGen: 48262K->48301K(349696K)
[29.634s][info][gc,metaspace ] GC(1275) Metaspace: 13555K->13555K(1062912K)
[29.634s][info][gc           ] GC(1275) Pause Young (Allocation Failure) 216M->47M(511M) 0.705ms
[29.634s][info][gc,cpu       ] GC(1275) User=0.00s Sys=0.00s Real=0.00s
[29.656s][info][gc,start     ] GC(1276) Pause Young (Allocation Failure)
[29.657s][info][gc,heap      ] GC(1276) PSYoungGen: 173632K->64K(174080K)
[29.657s][info][gc,heap      ] GC(1276) ParOldGen: 48301K->48341K(349696K)
[29.657s][info][gc,metaspace ] GC(1276) Metaspace: 13555K->13555K(1062912K)
[29.657s][info][gc           ] GC(1276) Pause Young (Allocation Failure) 216M->47M(511M) 0.649ms
[29.657s][info][gc,cpu       ] GC(1276) User=0.00s Sys=0.00s Real=0.00s
[29.681s][info][gc,start     ] GC(1277) Pause Young (Allocation Failure)
[29.682s][info][gc,heap      ] GC(1277) PSYoungGen: 173632K->96K(174080K)
[29.682s][info][gc,heap      ] GC(1277) ParOldGen: 48341K->48370K(349696K)
[29.682s][info][gc,metaspace ] GC(1277) Metaspace: 13555K->13555K(1062912K)
[29.682s][info][gc           ] GC(1277) Pause Young (Allocation Failure) 216M->47M(511M) 0.549ms
[29.682s][info][gc,cpu       ] GC(1277) User=0.00s Sys=0.00s Real=0.00s
[29.701s][info][gc,start     ] GC(1278) Pause Young (Allocation Failure)
[29.702s][info][gc,heap      ] GC(1278) PSYoungGen: 173664K->96K(174080K)
[29.702s][info][gc,heap      ] GC(1278) ParOldGen: 48370K->48409K(349696K)
[29.702s][info][gc,metaspace ] GC(1278) Metaspace: 13555K->13555K(1062912K)
[29.702s][info][gc           ] GC(1278) Pause Young (Allocation Failure) 216M->47M(511M) 0.574ms
[29.702s][info][gc,cpu       ] GC(1278) User=0.01s Sys=0.00s Real=0.00s
[29.723s][info][gc,start     ] GC(1279) Pause Young (Allocation Failure)
[29.724s][info][gc,heap      ] GC(1279) PSYoungGen: 173664K->64K(174080K)
[29.724s][info][gc,heap      ] GC(1279) ParOldGen: 48409K->48438K(349696K)
[29.724s][info][gc,metaspace ] GC(1279) Metaspace: 13555K->13555K(1062912K)
[29.724s][info][gc           ] GC(1279) Pause Young (Allocation Failure) 216M->47M(511M) 0.449ms
[29.724s][info][gc,cpu       ] GC(1279) User=0.00s Sys=0.00s Real=0.00s
[29.742s][info][gc,start     ] GC(1280) Pause Young (Allocation Failure)
[29.742s][info][gc,heap      ] GC(1280) PSYoungGen: 173632K->64K(174080K)
[29.742s][info][gc,heap      ] GC(1280) ParOldGen: 48438K->48478K(349696K)
[29.742s][info][gc,metaspace ] GC(1280) Metaspace: 13555K->13555K(1062912K)
[29.742s][info][gc           ] GC(1280) Pause Young (Allocation Failure) 216M->47M(511M) 0.501ms
[29.742s][info][gc,cpu       ] GC(1280) User=0.00s Sys=0.00s Real=0.00s
[29.763s][info][gc,start     ] GC(1281) Pause Young (Allocation Failure)
[29.763s][info][gc,heap      ] GC(1281) PSYoungGen: 173632K->64K(174080K)
[29.763s][info][gc,heap      ] GC(1281) ParOldGen: 48478K->48507K(349696K)
[29.763s][info][gc,metaspace ] GC(1281) Metaspace: 13555K->13555K(1062912K)
[29.763s][info][gc           ] GC(1281) Pause Young (Allocation Failure) 216M->47M(511M) 0.471ms
[29.763s][info][gc,cpu       ] GC(1281) User=0.00s Sys=0.00s Real=0.00s
[29.784s][info][gc,start     ] GC(1282) Pause Young (Allocation Failure)
[29.785s][info][gc,heap      ] GC(1282) PSYoungGen: 173632K->96K(174080K)
[29.785s][info][gc,heap      ] GC(1282) ParOldGen: 48507K->48546K(349696K)
[29.785s][info][gc,metaspace ] GC(1282) Metaspace: 13555K->13555K(1062912K)
[29.785s][info][gc           ] GC(1282) Pause Young (Allocation Failure) 216M->47M(511M) 0.437ms
[29.785s][info][gc,cpu       ] GC(1282) User=0.00s Sys=0.00s Real=0.00s
[29.805s][info][gc,start     ] GC(1283) Pause Young (Allocation Failure)
[29.806s][info][gc,heap      ] GC(1283) PSYoungGen: 173664K->96K(174080K)
[29.806s][info][gc,heap      ] GC(1283) ParOldGen: 48546K->48575K(349696K)
[29.806s][info][gc,metaspace ] GC(1283) Metaspace: 13555K->13555K(1062912K)
[29.806s][info][gc           ] GC(1283) Pause Young (Allocation Failure) 217M->47M(511M) 0.584ms
[29.806s][info][gc,cpu       ] GC(1283) User=0.00s Sys=0.01s Real=0.00s
[29.824s][info][gc,start     ] GC(1284) Pause Young (Allocation Failure)
[29.824s][info][gc,heap      ] GC(1284) PSYoungGen: 173664K->96K(174080K)
[29.825s][info][gc,heap      ] GC(1284) ParOldGen: 48575K->48614K(349696K)
[29.825s][info][gc,metaspace ] GC(1284) Metaspace: 13555K->13555K(1062912K)
[29.825s][info][gc           ] GC(1284) Pause Young (Allocation Failure) 217M->47M(511M) 0.509ms
[29.825s][info][gc,cpu       ] GC(1284) User=0.00s Sys=0.00s Real=0.00s
[29.846s][info][gc,start     ] GC(1285) Pause Young (Allocation Failure)
[29.846s][info][gc,heap      ] GC(1285) PSYoungGen: 173664K->64K(174080K)
[29.846s][info][gc,heap      ] GC(1285) ParOldGen: 48614K->48644K(349696K)
[29.846s][info][gc,metaspace ] GC(1285) Metaspace: 13555K->13555K(1062912K)
[29.846s][info][gc           ] GC(1285) Pause Young (Allocation Failure) 217M->47M(511M) 0.577ms
[29.846s][info][gc,cpu       ] GC(1285) User=0.00s Sys=0.00s Real=0.01s
[29.867s][info][gc,start     ] GC(1286) Pause Young (Allocation Failure)
[29.867s][info][gc,heap      ] GC(1286) PSYoungGen: 173632K->96K(174080K)
[29.867s][info][gc,heap      ] GC(1286) ParOldGen: 48644K->48683K(349696K)
[29.867s][info][gc,metaspace ] GC(1286) Metaspace: 13555K->13555K(1062912K)
[29.867s][info][gc           ] GC(1286) Pause Young (Allocation Failure) 217M->47M(511M) 0.543ms
[29.867s][info][gc,cpu       ] GC(1286) User=0.00s Sys=0.00s Real=0.00s
[29.889s][info][gc,start     ] GC(1287) Pause Young (Allocation Failure)
[29.890s][info][gc,heap      ] GC(1287) PSYoungGen: 173664K->128K(174080K)
[29.890s][info][gc,heap      ] GC(1287) ParOldGen: 48683K->48712K(349696K)
[29.890s][info][gc,metaspace ] GC(1287) Metaspace: 13555K->13555K(1062912K)
[29.890s][info][gc           ] GC(1287) Pause Young (Allocation Failure) 217M->47M(511M) 0.511ms
[29.890s][info][gc,cpu       ] GC(1287) User=0.00s Sys=0.00s Real=0.00s
[29.911s][info][gc,start     ] GC(1288) Pause Young (Allocation Failure)
[29.911s][info][gc,heap      ] GC(1288) PSYoungGen: 173696K->64K(174080K)
[29.911s][info][gc,heap      ] GC(1288) ParOldGen: 48712K->48751K(349696K)
[29.911s][info][gc,metaspace ] GC(1288) Metaspace: 13555K->13555K(1062912K)
[29.911s][info][gc           ] GC(1288) Pause Young (Allocation Failure) 217M->47M(511M) 0.566ms
[29.911s][info][gc,cpu       ] GC(1288) User=0.00s Sys=0.00s Real=0.00s
[29.931s][info][gc,start     ] GC(1289) Pause Young (Allocation Failure)
[29.932s][info][gc,heap      ] GC(1289) PSYoungGen: 173632K->64K(174080K)
[29.932s][info][gc,heap      ] GC(1289) ParOldGen: 48751K->48791K(349696K)
[29.932s][info][gc,metaspace ] GC(1289) Metaspace: 13555K->13555K(1062912K)
[29.932s][info][gc           ] GC(1289) Pause Young (Allocation Failure) 217M->47M(511M) 0.492ms
[29.932s][info][gc,cpu       ] GC(1289) User=0.00s Sys=0.00s Real=0.00s
[29.953s][info][gc,start     ] GC(1290) Pause Young (Allocation Failure)
[29.953s][info][gc,heap      ] GC(1290) PSYoungGen: 173632K->64K(174080K)
[29.953s][info][gc,heap      ] GC(1290) ParOldGen: 48791K->48820K(349696K)
[29.953s][info][gc,metaspace ] GC(1290) Metaspace: 13555K->13555K(1062912K)
[29.953s][info][gc           ] GC(1290) Pause Young (Allocation Failure) 217M->47M(511M) 0.573ms
[29.953s][info][gc,cpu       ] GC(1290) User=0.00s Sys=0.00s Real=0.00s
[29.972s][info][gc,start     ] GC(1291) Pause Young (Allocation Failure)
[29.973s][info][gc,heap      ] GC(1291) PSYoungGen: 173632K->64K(174080K)
[29.973s][info][gc,heap      ] GC(1291) ParOldGen: 48820K->48859K(349696K)
[29.973s][info][gc,metaspace ] GC(1291) Metaspace: 13555K->13555K(1062912K)
[29.973s][info][gc           ] GC(1291) Pause Young (Allocation Failure) 217M->47M(511M) 0.516ms
[29.973s][info][gc,cpu       ] GC(1291) User=0.00s Sys=0.00s Real=0.00s
[29.994s][info][gc,start     ] GC(1292) Pause Young (Allocation Failure)
[29.994s][info][gc,heap      ] GC(1292) PSYoungGen: 173632K->128K(174080K)
[29.994s][info][gc,heap      ] GC(1292) ParOldGen: 48859K->48888K(349696K)
[29.994s][info][gc,metaspace ] GC(1292) Metaspace: 13555K->13555K(1062912K)
[29.994s][info][gc           ] GC(1292) Pause Young (Allocation Failure) 217M->47M(511M) 0.530ms
[29.994s][info][gc,cpu       ] GC(1292) User=0.00s Sys=0.00s Real=0.00s
[30.013s][info][gc,start     ] GC(1293) Pause Young (Allocation Failure)
[30.013s][info][gc,heap      ] GC(1293) PSYoungGen: 173696K->64K(174080K)
[30.013s][info][gc,heap      ] GC(1293) ParOldGen: 48888K->48927K(349696K)
[30.013s][info][gc,metaspace ] GC(1293) Metaspace: 13555K->13555K(1062912K)
[30.013s][info][gc           ] GC(1293) Pause Young (Allocation Failure) 217M->47M(511M) 0.395ms
[30.013s][info][gc,cpu       ] GC(1293) User=0.00s Sys=0.00s Real=0.00s
[30.034s][info][gc,start     ] GC(1294) Pause Young (Allocation Failure)
[30.034s][info][gc,heap      ] GC(1294) PSYoungGen: 173632K->64K(174080K)
[30.034s][info][gc,heap      ] GC(1294) ParOldGen: 48927K->48957K(349696K)
[30.034s][info][gc,metaspace ] GC(1294) Metaspace: 13555K->13555K(1062912K)
[30.034s][info][gc           ] GC(1294) Pause Young (Allocation Failure) 217M->47M(511M) 0.534ms
[30.034s][info][gc,cpu       ] GC(1294) User=0.00s Sys=0.00s Real=0.00s
[30.054s][info][gc,start     ] GC(1295) Pause Young (Allocation Failure)
[30.054s][info][gc,heap      ] GC(1295) PSYoungGen: 173632K->96K(174080K)
[30.054s][info][gc,heap      ] GC(1295) ParOldGen: 48957K->48996K(349696K)
[30.054s][info][gc,metaspace ] GC(1295) Metaspace: 13555K->13555K(1062912K)
[30.054s][info][gc           ] GC(1295) Pause Young (Allocation Failure) 217M->47M(511M) 0.496ms
[30.054s][info][gc,cpu       ] GC(1295) User=0.00s Sys=0.00s Real=0.00s
[30.076s][info][gc,start     ] GC(1296) Pause Young (Allocation Failure)
[30.077s][info][gc,heap      ] GC(1296) PSYoungGen: 173664K->96K(174080K)
[30.077s][info][gc,heap      ] GC(1296) ParOldGen: 48996K->49025K(349696K)
[30.077s][info][gc,metaspace ] GC(1296) Metaspace: 13555K->13555K(1062912K)
[30.077s][info][gc           ] GC(1296) Pause Young (Allocation Failure) 217M->47M(511M) 0.502ms
[30.077s][info][gc,cpu       ] GC(1296) User=0.00s Sys=0.00s Real=0.01s
[30.097s][info][gc,start     ] GC(1297) Pause Young (Allocation Failure)
[30.097s][info][gc,heap      ] GC(1297) PSYoungGen: 173664K->96K(174080K)
[30.097s][info][gc,heap      ] GC(1297) ParOldGen: 49025K->49064K(349696K)
[30.097s][info][gc,metaspace ] GC(1297) Metaspace: 13555K->13555K(1062912K)
[30.098s][info][gc           ] GC(1297) Pause Young (Allocation Failure) 217M->48M(511M) 0.626ms
[30.098s][info][gc,cpu       ] GC(1297) User=0.00s Sys=0.00s Real=0.00s
[30.119s][info][gc,start     ] GC(1298) Pause Young (Allocation Failure)
[30.119s][info][gc,heap      ] GC(1298) PSYoungGen: 173664K->96K(174080K)
[30.119s][info][gc,heap      ] GC(1298) ParOldGen: 49064K->49094K(349696K)
[30.119s][info][gc,metaspace ] GC(1298) Metaspace: 13555K->13555K(1062912K)
[30.119s][info][gc           ] GC(1298) Pause Young (Allocation Failure) 217M->48M(511M) 0.500ms
[30.119s][info][gc,cpu       ] GC(1298) User=0.00s Sys=0.00s Real=0.00s
[30.140s][info][gc,start     ] GC(1299) Pause Young (Allocation Failure)
[30.140s][info][gc,heap      ] GC(1299) PSYoungGen: 173664K->96K(174080K)
[30.140s][info][gc,heap      ] GC(1299) ParOldGen: 49094K->49133K(349696K)
[30.140s][info][gc,metaspace ] GC(1299) Metaspace: 13555K->13555K(1062912K)
[30.140s][info][gc           ] GC(1299) Pause Young (Allocation Failure) 217M->48M(511M) 0.522ms
[30.140s][info][gc,cpu       ] GC(1299) User=0.00s Sys=0.00s Real=0.00s
[30.161s][info][gc,start     ] GC(1300) Pause Young (Allocation Failure)
[30.162s][info][gc,heap      ] GC(1300) PSYoungGen: 173664K->128K(174080K)
[30.162s][info][gc,heap      ] GC(1300) ParOldGen: 49133K->49162K(349696K)
[30.162s][info][gc,metaspace ] GC(1300) Metaspace: 13555K->13555K(1062912K)
[30.162s][info][gc           ] GC(1300) Pause Young (Allocation Failure) 217M->48M(511M) 0.490ms
[30.162s][info][gc,cpu       ] GC(1300) User=0.00s Sys=0.00s Real=0.00s
[30.181s][info][gc,start     ] GC(1301) Pause Young (Allocation Failure)
[30.181s][info][gc,heap      ] GC(1301) PSYoungGen: 173696K->64K(174080K)
[30.181s][info][gc,heap      ] GC(1301) ParOldGen: 49162K->49201K(349696K)
[30.181s][info][gc,metaspace ] GC(1301) Metaspace: 13555K->13555K(1062912K)
[30.181s][info][gc           ] GC(1301) Pause Young (Allocation Failure) 217M->48M(511M) 0.515ms
[30.181s][info][gc,cpu       ] GC(1301) User=0.00s Sys=0.00s Real=0.00s
[30.202s][info][gc,start     ] GC(1302) Pause Young (Allocation Failure)
[30.202s][info][gc,heap      ] GC(1302) PSYoungGen: 173632K->64K(174080K)
[30.202s][info][gc,heap      ] GC(1302) ParOldGen: 49201K->49231K(349696K)
[30.202s][info][gc,metaspace ] GC(1302) Metaspace: 13555K->13555K(1062912K)
[30.202s][info][gc           ] GC(1302) Pause Young (Allocation Failure) 217M->48M(511M) 0.462ms
[30.202s][info][gc,cpu       ] GC(1302) User=0.00s Sys=0.00s Real=0.00s
[30.222s][info][gc,start     ] GC(1303) Pause Young (Allocation Failure)
[30.223s][info][gc,heap      ] GC(1303) PSYoungGen: 173632K->96K(174080K)
[30.223s][info][gc,heap      ] GC(1303) ParOldGen: 49231K->49270K(349696K)
[30.223s][info][gc,metaspace ] GC(1303) Metaspace: 13555K->13555K(1062912K)
[30.223s][info][gc           ] GC(1303) Pause Young (Allocation Failure) 217M->48M(511M) 0.508ms
[30.223s][info][gc,cpu       ] GC(1303) User=0.01s Sys=0.00s Real=0.00s
[30.242s][info][gc,start     ] GC(1304) Pause Young (Allocation Failure)
[30.242s][info][gc,heap      ] GC(1304) PSYoungGen: 173664K->64K(174080K)
[30.242s][info][gc,heap      ] GC(1304) ParOldGen: 49270K->49309K(349696K)
[30.242s][info][gc,metaspace ] GC(1304) Metaspace: 13555K->13555K(1062912K)
[30.242s][info][gc           ] GC(1304) Pause Young (Allocation Failure) 217M->48M(511M) 0.431ms
[30.242s][info][gc,cpu       ] GC(1304) User=0.00s Sys=0.00s Real=0.00s
[30.264s][info][gc,start     ] GC(1305) Pause Young (Allocation Failure)
[30.265s][info][gc,heap      ] GC(1305) PSYoungGen: 173632K->96K(174080K)
[30.265s][info][gc,heap      ] GC(1305) ParOldGen: 49309K->49338K(349696K)
[30.265s][info][gc,metaspace ] GC(1305) Metaspace: 13555K->13555K(1062912K)
[30.265s][info][gc           ] GC(1305) Pause Young (Allocation Failure) 217M->48M(511M) 0.534ms
[30.265s][info][gc,cpu       ] GC(1305) User=0.00s Sys=0.00s Real=0.00s
[30.284s][info][gc,start     ] GC(1306) Pause Young (Allocation Failure)
[30.284s][info][gc,heap      ] GC(1306) PSYoungGen: 173664K->96K(174080K)
[30.284s][info][gc,heap      ] GC(1306) ParOldGen: 49338K->49377K(349696K)
[30.284s][info][gc,metaspace ] GC(1306) Metaspace: 13555K->13555K(1062912K)
[30.284s][info][gc           ] GC(1306) Pause Young (Allocation Failure) 217M->48M(511M) 0.467ms
[30.284s][info][gc,cpu       ] GC(1306) User=0.01s Sys=0.00s Real=0.00s
[30.307s][info][gc,start     ] GC(1307) Pause Young (Allocation Failure)
[30.307s][info][gc,heap      ] GC(1307) PSYoungGen: 173664K->64K(174080K)
[30.307s][info][gc,heap      ] GC(1307) ParOldGen: 49377K->49407K(349696K)
[30.307s][info][gc,metaspace ] GC(1307) Metaspace: 13555K->13555K(1062912K)
[30.307s][info][gc           ] GC(1307) Pause Young (Allocation Failure) 217M->48M(511M) 0.498ms
[30.307s][info][gc,cpu       ] GC(1307) User=0.00s Sys=0.00s Real=0.00s
[30.327s][info][gc,start     ] GC(1308) Pause Young (Allocation Failure)
[30.327s][info][gc,heap      ] GC(1308) PSYoungGen: 173632K->64K(174080K)
[30.327s][info][gc,heap      ] GC(1308) ParOldGen: 49407K->49446K(349696K)
[30.327s][info][gc,metaspace ] GC(1308) Metaspace: 13555K->13555K(1062912K)
[30.327s][info][gc           ] GC(1308) Pause Young (Allocation Failure) 217M->48M(511M) 0.563ms
[30.327s][info][gc,cpu       ] GC(1308) User=0.00s Sys=0.00s Real=0.00s
[30.350s][info][gc,start     ] GC(1309) Pause Young (Allocation Failure)
[30.351s][info][gc,heap      ] GC(1309) PSYoungGen: 173632K->96K(174080K)
[30.351s][info][gc,heap      ] GC(1309) ParOldGen: 49446K->49475K(349696K)
[30.351s][info][gc,metaspace ] GC(1309) Metaspace: 13555K->13555K(1062912K)
[30.351s][info][gc           ] GC(1309) Pause Young (Allocation Failure) 217M->48M(511M) 0.560ms
[30.351s][info][gc,cpu       ] GC(1309) User=0.00s Sys=0.00s Real=0.00s
[30.386s][info][gc,start     ] GC(1310) Pause Young (Allocation Failure)
[30.387s][info][gc,heap      ] GC(1310) PSYoungGen: 173664K->64K(174080K)
[30.387s][info][gc,heap      ] GC(1310) ParOldGen: 49475K->49522K(349696K)
[30.387s][info][gc,metaspace ] GC(1310) Metaspace: 13568K->13568K(1062912K)
[30.387s][info][gc           ] GC(1310) Pause Young (Allocation Failure) 217M->48M(511M) 0.938ms
[30.387s][info][gc,cpu       ] GC(1310) User=0.00s Sys=0.00s Real=0.01s
[30.420s][info][gc,start     ] GC(1311) Pause Young (Allocation Failure)
[30.420s][info][gc,heap      ] GC(1311) PSYoungGen: 173632K->96K(174080K)
[30.420s][info][gc,heap      ] GC(1311) ParOldGen: 49522K->49568K(349696K)
[30.420s][info][gc,metaspace ] GC(1311) Metaspace: 13568K->13568K(1062912K)
[30.420s][info][gc           ] GC(1311) Pause Young (Allocation Failure) 217M->48M(511M) 0.487ms
[30.420s][info][gc,cpu       ] GC(1311) User=0.00s Sys=0.00s Real=0.00s
[30.439s][info][gc,start     ] GC(1312) Pause Young (Allocation Failure)
[30.440s][info][gc,heap      ] GC(1312) PSYoungGen: 173664K->64K(174080K)
[30.440s][info][gc,heap      ] GC(1312) ParOldGen: 49568K->49607K(349696K)
[30.440s][info][gc,metaspace ] GC(1312) Metaspace: 13568K->13568K(1062912K)
[30.440s][info][gc           ] GC(1312) Pause Young (Allocation Failure) 218M->48M(511M) 0.626ms
[30.440s][info][gc,cpu       ] GC(1312) User=0.01s Sys=0.00s Real=0.00s
[30.461s][info][gc,start     ] GC(1313) Pause Young (Allocation Failure)
[30.461s][info][gc,heap      ] GC(1313) PSYoungGen: 173632K->64K(174080K)
[30.461s][info][gc,heap      ] GC(1313) ParOldGen: 49607K->49636K(349696K)
[30.461s][info][gc,metaspace ] GC(1313) Metaspace: 13568K->13568K(1062912K)
[30.461s][info][gc           ] GC(1313) Pause Young (Allocation Failure) 218M->48M(511M) 0.419ms
[30.461s][info][gc,cpu       ] GC(1313) User=0.00s Sys=0.00s Real=0.00s
[30.483s][info][gc,start     ] GC(1314) Pause Young (Allocation Failure)
[30.483s][info][gc,heap      ] GC(1314) PSYoungGen: 173632K->64K(174080K)
[30.483s][info][gc,heap      ] GC(1314) ParOldGen: 49636K->49675K(349696K)
[30.483s][info][gc,metaspace ] GC(1314) Metaspace: 13568K->13568K(1062912K)
[30.483s][info][gc           ] GC(1314) Pause Young (Allocation Failure) 218M->48M(511M) 0.544ms
[30.483s][info][gc,cpu       ] GC(1314) User=0.00s Sys=0.00s Real=0.00s
[30.505s][info][gc,start     ] GC(1315) Pause Young (Allocation Failure)
[30.506s][info][gc,heap      ] GC(1315) PSYoungGen: 173632K->64K(174080K)
[30.506s][info][gc,heap      ] GC(1315) ParOldGen: 49675K->49705K(349696K)
[30.506s][info][gc,metaspace ] GC(1315) Metaspace: 13568K->13568K(1062912K)
[30.506s][info][gc           ] GC(1315) Pause Young (Allocation Failure) 218M->48M(511M) 0.595ms
[30.506s][info][gc,cpu       ] GC(1315) User=0.00s Sys=0.00s Real=0.00s
[30.526s][info][gc,start     ] GC(1316) Pause Young (Allocation Failure)
[30.527s][info][gc,heap      ] GC(1316) PSYoungGen: 173632K->64K(174080K)
[30.527s][info][gc,heap      ] GC(1316) ParOldGen: 49705K->49744K(349696K)
[30.527s][info][gc,metaspace ] GC(1316) Metaspace: 13568K->13568K(1062912K)
[30.527s][info][gc           ] GC(1316) Pause Young (Allocation Failure) 218M->48M(511M) 0.445ms
[30.527s][info][gc,cpu       ] GC(1316) User=0.01s Sys=0.00s Real=0.00s
[30.547s][info][gc,start     ] GC(1317) Pause Young (Allocation Failure)
[30.548s][info][gc,heap      ] GC(1317) PSYoungGen: 173632K->64K(174080K)
[30.548s][info][gc,heap      ] GC(1317) ParOldGen: 49744K->49783K(349696K)
[30.548s][info][gc,metaspace ] GC(1317) Metaspace: 13568K->13568K(1062912K)
[30.548s][info][gc           ] GC(1317) Pause Young (Allocation Failure) 218M->48M(511M) 0.437ms
[30.548s][info][gc,cpu       ] GC(1317) User=0.00s Sys=0.00s Real=0.00s
[30.572s][info][gc,start     ] GC(1318) Pause Young (Allocation Failure)
[30.573s][info][gc,heap      ] GC(1318) PSYoungGen: 173632K->64K(174080K)
[30.573s][info][gc,heap      ] GC(1318) ParOldGen: 49783K->49812K(349696K)
[30.573s][info][gc,metaspace ] GC(1318) Metaspace: 13568K->13568K(1062912K)
[30.573s][info][gc           ] GC(1318) Pause Young (Allocation Failure) 218M->48M(511M) 0.755ms
[30.573s][info][gc,cpu       ] GC(1318) User=0.00s Sys=0.00s Real=0.00s
[30.595s][info][gc,start     ] GC(1319) Pause Young (Allocation Failure)
[30.596s][info][gc,heap      ] GC(1319) PSYoungGen: 173632K->96K(174080K)
[30.596s][info][gc,heap      ] GC(1319) ParOldGen: 49812K->49851K(349696K)
[30.596s][info][gc,metaspace ] GC(1319) Metaspace: 13568K->13568K(1062912K)
[30.596s][info][gc           ] GC(1319) Pause Young (Allocation Failure) 218M->48M(511M) 0.657ms
[30.596s][info][gc,cpu       ] GC(1319) User=0.00s Sys=0.00s Real=0.00s
[30.619s][info][gc,start     ] GC(1320) Pause Young (Allocation Failure)
[30.619s][info][gc,heap      ] GC(1320) PSYoungGen: 173664K->128K(174080K)
[30.619s][info][gc,heap      ] GC(1320) ParOldGen: 49851K->49881K(349696K)
[30.619s][info][gc,metaspace ] GC(1320) Metaspace: 13568K->13568K(1062912K)
[30.619s][info][gc           ] GC(1320) Pause Young (Allocation Failure) 218M->48M(511M) 0.645ms
[30.619s][info][gc,cpu       ] GC(1320) User=0.00s Sys=0.00s Real=0.00s
[30.638s][info][gc,start     ] GC(1321) Pause Young (Allocation Failure)
[30.639s][info][gc,heap      ] GC(1321) PSYoungGen: 173696K->64K(174080K)
[30.639s][info][gc,heap      ] GC(1321) ParOldGen: 49881K->49920K(349696K)
[30.639s][info][gc,metaspace ] GC(1321) Metaspace: 13568K->13568K(1062912K)
[30.639s][info][gc           ] GC(1321) Pause Young (Allocation Failure) 218M->48M(511M) 0.480ms
[30.639s][info][gc,cpu       ] GC(1321) User=0.00s Sys=0.00s Real=0.00s
[30.659s][info][gc,start     ] GC(1322) Pause Young (Allocation Failure)
[30.659s][info][gc,heap      ] GC(1322) PSYoungGen: 173632K->96K(174080K)
[30.659s][info][gc,heap      ] GC(1322) ParOldGen: 49920K->49949K(349696K)
[30.659s][info][gc,metaspace ] GC(1322) Metaspace: 13568K->13568K(1062912K)
[30.660s][info][gc           ] GC(1322) Pause Young (Allocation Failure) 218M->48M(511M) 0.480ms
[30.660s][info][gc,cpu       ] GC(1322) User=0.01s Sys=0.00s Real=0.00s
[30.679s][info][gc,start     ] GC(1323) Pause Young (Allocation Failure)
[30.679s][info][gc,heap      ] GC(1323) PSYoungGen: 173664K->64K(174080K)
[30.679s][info][gc,heap      ] GC(1323) ParOldGen: 49949K->49988K(349696K)
[30.679s][info][gc,metaspace ] GC(1323) Metaspace: 13568K->13568K(1062912K)
[30.679s][info][gc           ] GC(1323) Pause Young (Allocation Failure) 218M->48M(511M) 0.550ms
[30.679s][info][gc,cpu       ] GC(1323) User=0.00s Sys=0.00s Real=0.00s
[30.700s][info][gc,start     ] GC(1324) Pause Young (Allocation Failure)
[30.701s][info][gc,heap      ] GC(1324) PSYoungGen: 173632K->96K(174080K)
[30.701s][info][gc,heap      ] GC(1324) ParOldGen: 49988K->50018K(349696K)
[30.701s][info][gc,metaspace ] GC(1324) Metaspace: 13568K->13568K(1062912K)
[30.701s][info][gc           ] GC(1324) Pause Young (Allocation Failure) 218M->48M(511M) 0.572ms
[30.701s][info][gc,cpu       ] GC(1324) User=0.00s Sys=0.00s Real=0.00s
[30.721s][info][gc,start     ] GC(1325) Pause Young (Allocation Failure)
[30.721s][info][gc,heap      ] GC(1325) PSYoungGen: 173664K->64K(174080K)
[30.721s][info][gc,heap      ] GC(1325) ParOldGen: 50018K->50057K(349696K)
[30.721s][info][gc,metaspace ] GC(1325) Metaspace: 13568K->13568K(1062912K)
[30.721s][info][gc           ] GC(1325) Pause Young (Allocation Failure) 218M->48M(511M) 0.490ms
[30.722s][info][gc,cpu       ] GC(1325) User=0.00s Sys=0.00s Real=0.00s
[30.743s][info][gc,start     ] GC(1326) Pause Young (Allocation Failure)
[30.743s][info][gc,heap      ] GC(1326) PSYoungGen: 173632K->64K(174080K)
[30.743s][info][gc,heap      ] GC(1326) ParOldGen: 50057K->50086K(349696K)
[30.743s][info][gc,metaspace ] GC(1326) Metaspace: 13568K->13568K(1062912K)
[30.743s][info][gc           ] GC(1326) Pause Young (Allocation Failure) 218M->48M(511M) 0.560ms
[30.743s][info][gc,cpu       ] GC(1326) User=0.00s Sys=0.00s Real=0.00s
[30.763s][info][gc,start     ] GC(1327) Pause Young (Allocation Failure)
[30.764s][info][gc,heap      ] GC(1327) PSYoungGen: 173632K->64K(174080K)
[30.764s][info][gc,heap      ] GC(1327) ParOldGen: 50086K->50125K(349696K)
[30.764s][info][gc,metaspace ] GC(1327) Metaspace: 13568K->13568K(1062912K)
[30.764s][info][gc           ] GC(1327) Pause Young (Allocation Failure) 218M->49M(511M) 0.489ms
[30.764s][info][gc,cpu       ] GC(1327) User=0.00s Sys=0.00s Real=0.00s
[30.785s][info][gc,start     ] GC(1328) Pause Young (Allocation Failure)
[30.786s][info][gc,heap      ] GC(1328) PSYoungGen: 173632K->64K(174080K)
[30.786s][info][gc,heap      ] GC(1328) ParOldGen: 50125K->50155K(349696K)
[30.786s][info][gc,metaspace ] GC(1328) Metaspace: 13568K->13568K(1062912K)
[30.786s][info][gc           ] GC(1328) Pause Young (Allocation Failure) 218M->49M(511M) 0.539ms
[30.786s][info][gc,cpu       ] GC(1328) User=0.00s Sys=0.00s Real=0.00s
[30.807s][info][gc,start     ] GC(1329) Pause Young (Allocation Failure)
[30.807s][info][gc,heap      ] GC(1329) PSYoungGen: 173632K->64K(174080K)
[30.807s][info][gc,heap      ] GC(1329) ParOldGen: 50155K->50194K(349696K)
[30.807s][info][gc,metaspace ] GC(1329) Metaspace: 13568K->13568K(1062912K)
[30.807s][info][gc           ] GC(1329) Pause Young (Allocation Failure) 218M->49M(511M) 0.545ms
[30.807s][info][gc,cpu       ] GC(1329) User=0.01s Sys=0.00s Real=0.00s
[30.826s][info][gc,start     ] GC(1330) Pause Young (Allocation Failure)
[30.827s][info][gc,heap      ] GC(1330) PSYoungGen: 173632K->64K(174080K)
[30.827s][info][gc,heap      ] GC(1330) ParOldGen: 50194K->50233K(349696K)
[30.827s][info][gc,metaspace ] GC(1330) Metaspace: 13568K->13568K(1062912K)
[30.827s][info][gc           ] GC(1330) Pause Young (Allocation Failure) 218M->49M(511M) 0.526ms
[30.827s][info][gc,cpu       ] GC(1330) User=0.00s Sys=0.00s Real=0.01s
[30.847s][info][gc,start     ] GC(1331) Pause Young (Allocation Failure)
[30.848s][info][gc,heap      ] GC(1331) PSYoungGen: 173632K->96K(174080K)
[30.848s][info][gc,heap      ] GC(1331) ParOldGen: 50233K->50262K(349696K)
[30.848s][info][gc,metaspace ] GC(1331) Metaspace: 13568K->13568K(1062912K)
[30.848s][info][gc           ] GC(1331) Pause Young (Allocation Failure) 218M->49M(511M) 0.439ms
[30.848s][info][gc,cpu       ] GC(1331) User=0.00s Sys=0.00s Real=0.00s
[30.868s][info][gc,start     ] GC(1332) Pause Young (Allocation Failure)
[30.869s][info][gc,heap      ] GC(1332) PSYoungGen: 173664K->64K(174080K)
[30.869s][info][gc,heap      ] GC(1332) ParOldGen: 50262K->50301K(349696K)
[30.869s][info][gc,metaspace ] GC(1332) Metaspace: 13568K->13568K(1062912K)
[30.869s][info][gc           ] GC(1332) Pause Young (Allocation Failure) 218M->49M(511M) 0.443ms
[30.869s][info][gc,cpu       ] GC(1332) User=0.00s Sys=0.00s Real=0.00s
[30.889s][info][gc,start     ] GC(1333) Pause Young (Allocation Failure)
[30.890s][info][gc,heap      ] GC(1333) PSYoungGen: 173632K->64K(174080K)
[30.890s][info][gc,heap      ] GC(1333) ParOldGen: 50301K->50331K(349696K)
[30.890s][info][gc,metaspace ] GC(1333) Metaspace: 13568K->13568K(1062912K)
[30.890s][info][gc           ] GC(1333) Pause Young (Allocation Failure) 218M->49M(511M) 0.475ms
[30.890s][info][gc,cpu       ] GC(1333) User=0.00s Sys=0.00s Real=0.00s
[30.910s][info][gc,start     ] GC(1334) Pause Young (Allocation Failure)
[30.911s][info][gc,heap      ] GC(1334) PSYoungGen: 173632K->96K(174080K)
[30.911s][info][gc,heap      ] GC(1334) ParOldGen: 50331K->50370K(349696K)
[30.911s][info][gc,metaspace ] GC(1334) Metaspace: 13568K->13568K(1062912K)
[30.911s][info][gc           ] GC(1334) Pause Young (Allocation Failure) 218M->49M(511M) 0.411ms
[30.911s][info][gc,cpu       ] GC(1334) User=0.00s Sys=0.00s Real=0.00s
[30.934s][info][gc,start     ] GC(1335) Pause Young (Allocation Failure)
[30.935s][info][gc,heap      ] GC(1335) PSYoungGen: 173664K->64K(174080K)
[30.935s][info][gc,heap      ] GC(1335) ParOldGen: 50370K->50399K(349696K)
[30.935s][info][gc,metaspace ] GC(1335) Metaspace: 13568K->13568K(1062912K)
[30.935s][info][gc           ] GC(1335) Pause Young (Allocation Failure) 218M->49M(511M) 0.704ms
[30.935s][info][gc,cpu       ] GC(1335) User=0.00s Sys=0.00s Real=0.00s
[30.958s][info][gc,start     ] GC(1336) Pause Young (Allocation Failure)
[30.959s][info][gc,heap      ] GC(1336) PSYoungGen: 173632K->96K(174080K)
[30.959s][info][gc,heap      ] GC(1336) ParOldGen: 50399K->50438K(349696K)
[30.959s][info][gc,metaspace ] GC(1336) Metaspace: 13568K->13568K(1062912K)
[30.959s][info][gc           ] GC(1336) Pause Young (Allocation Failure) 218M->49M(511M) 0.636ms
[30.959s][info][gc,cpu       ] GC(1336) User=0.00s Sys=0.00s Real=0.00s
[30.984s][info][gc,start     ] GC(1337) Pause Young (Allocation Failure)
[30.985s][info][gc,heap      ] GC(1337) PSYoungGen: 173664K->96K(174080K)
[30.985s][info][gc,heap      ] GC(1337) ParOldGen: 50438K->50468K(349696K)
[30.985s][info][gc,metaspace ] GC(1337) Metaspace: 13568K->13568K(1062912K)
[30.985s][info][gc           ] GC(1337) Pause Young (Allocation Failure) 218M->49M(511M) 0.568ms
[30.985s][info][gc,cpu       ] GC(1337) User=0.00s Sys=0.00s Real=0.00s
[31.007s][info][gc,start     ] GC(1338) Pause Young (Allocation Failure)
[31.008s][info][gc,heap      ] GC(1338) PSYoungGen: 173664K->64K(174080K)
[31.008s][info][gc,heap      ] GC(1338) ParOldGen: 50468K->50507K(349696K)
[31.008s][info][gc,metaspace ] GC(1338) Metaspace: 13568K->13568K(1062912K)
[31.008s][info][gc           ] GC(1338) Pause Young (Allocation Failure) 218M->49M(511M) 0.690ms
[31.008s][info][gc,cpu       ] GC(1338) User=0.00s Sys=0.00s Real=0.00s
[31.031s][info][gc,start     ] GC(1339) Pause Young (Allocation Failure)
[31.032s][info][gc,heap      ] GC(1339) PSYoungGen: 173632K->96K(174080K)
[31.032s][info][gc,heap      ] GC(1339) ParOldGen: 50507K->50536K(349696K)
[31.032s][info][gc,metaspace ] GC(1339) Metaspace: 13568K->13568K(1062912K)
[31.032s][info][gc           ] GC(1339) Pause Young (Allocation Failure) 218M->49M(511M) 0.516ms
[31.032s][info][gc,cpu       ] GC(1339) User=0.00s Sys=0.00s Real=0.00s
[31.053s][info][gc,start     ] GC(1340) Pause Young (Allocation Failure)
[31.053s][info][gc,heap      ] GC(1340) PSYoungGen: 173664K->64K(174080K)
[31.053s][info][gc,heap      ] GC(1340) ParOldGen: 50536K->50575K(349696K)
[31.053s][info][gc,metaspace ] GC(1340) Metaspace: 13568K->13568K(1062912K)
[31.053s][info][gc           ] GC(1340) Pause Young (Allocation Failure) 218M->49M(511M) 0.524ms
[31.054s][info][gc,cpu       ] GC(1340) User=0.00s Sys=0.00s Real=0.00s
[31.077s][info][gc,start     ] GC(1341) Pause Young (Allocation Failure)
[31.078s][info][gc,heap      ] GC(1341) PSYoungGen: 173632K->64K(174080K)
[31.078s][info][gc,heap      ] GC(1341) ParOldGen: 50575K->50605K(349696K)
[31.078s][info][gc,metaspace ] GC(1341) Metaspace: 13568K->13568K(1062912K)
[31.078s][info][gc           ] GC(1341) Pause Young (Allocation Failure) 218M->49M(511M) 0.476ms
[31.078s][info][gc,cpu       ] GC(1341) User=0.00s Sys=0.00s Real=0.00s
[31.098s][info][gc,start     ] GC(1342) Pause Young (Allocation Failure)
[31.099s][info][gc,heap      ] GC(1342) PSYoungGen: 173632K->64K(174080K)
[31.099s][info][gc,heap      ] GC(1342) ParOldGen: 50605K->50644K(349696K)
[31.099s][info][gc,metaspace ] GC(1342) Metaspace: 13568K->13568K(1062912K)
[31.099s][info][gc           ] GC(1342) Pause Young (Allocation Failure) 218M->49M(511M) 0.493ms
[31.099s][info][gc,cpu       ] GC(1342) User=0.00s Sys=0.00s Real=0.00s
[31.119s][info][gc,start     ] GC(1343) Pause Young (Allocation Failure)
[31.119s][info][gc,heap      ] GC(1343) PSYoungGen: 173632K->96K(174080K)
[31.119s][info][gc,heap      ] GC(1343) ParOldGen: 50644K->50683K(349696K)
[31.119s][info][gc,metaspace ] GC(1343) Metaspace: 13568K->13568K(1062912K)
[31.119s][info][gc           ] GC(1343) Pause Young (Allocation Failure) 219M->49M(511M) 0.472ms
[31.119s][info][gc,cpu       ] GC(1343) User=0.00s Sys=0.00s Real=0.00s
[31.141s][info][gc,start     ] GC(1344) Pause Young (Allocation Failure)
[31.141s][info][gc,heap      ] GC(1344) PSYoungGen: 173664K->128K(174080K)
[31.141s][info][gc,heap      ] GC(1344) ParOldGen: 50683K->50712K(349696K)
[31.141s][info][gc,metaspace ] GC(1344) Metaspace: 13568K->13568K(1062912K)
[31.141s][info][gc           ] GC(1344) Pause Young (Allocation Failure) 219M->49M(511M) 0.450ms
[31.141s][info][gc,cpu       ] GC(1344) User=0.00s Sys=0.00s Real=0.00s
[31.161s][info][gc,start     ] GC(1345) Pause Young (Allocation Failure)
[31.162s][info][gc,heap      ] GC(1345) PSYoungGen: 173696K->64K(174080K)
[31.162s][info][gc,heap      ] GC(1345) ParOldGen: 50712K->50751K(349696K)
[31.162s][info][gc,metaspace ] GC(1345) Metaspace: 13568K->13568K(1062912K)
[31.162s][info][gc           ] GC(1345) Pause Young (Allocation Failure) 219M->49M(511M) 0.610ms
[31.162s][info][gc,cpu       ] GC(1345) User=0.00s Sys=0.00s Real=0.00s
[31.184s][info][gc,start     ] GC(1346) Pause Young (Allocation Failure)
[31.184s][info][gc,heap      ] GC(1346) PSYoungGen: 173632K->64K(174080K)
[31.184s][info][gc,heap      ] GC(1346) ParOldGen: 50751K->50781K(349696K)
[31.184s][info][gc,metaspace ] GC(1346) Metaspace: 13568K->13568K(1062912K)
[31.184s][info][gc           ] GC(1346) Pause Young (Allocation Failure) 219M->49M(511M) 0.467ms
[31.184s][info][gc,cpu       ] GC(1346) User=0.01s Sys=0.00s Real=0.00s
[31.204s][info][gc,start     ] GC(1347) Pause Young (Allocation Failure)
[31.204s][info][gc,heap      ] GC(1347) PSYoungGen: 173632K->96K(174080K)
[31.204s][info][gc,heap      ] GC(1347) ParOldGen: 50781K->50820K(349696K)
[31.204s][info][gc,metaspace ] GC(1347) Metaspace: 13568K->13568K(1062912K)
[31.204s][info][gc           ] GC(1347) Pause Young (Allocation Failure) 219M->49M(511M) 0.578ms
[31.204s][info][gc,cpu       ] GC(1347) User=0.00s Sys=0.00s Real=0.00s
[31.229s][info][gc,start     ] GC(1348) Pause Young (Allocation Failure)
[31.229s][info][gc,heap      ] GC(1348) PSYoungGen: 173664K->128K(174080K)
[31.229s][info][gc,heap      ] GC(1348) ParOldGen: 50820K->50849K(349696K)
[31.229s][info][gc,metaspace ] GC(1348) Metaspace: 13568K->13568K(1062912K)
[31.229s][info][gc           ] GC(1348) Pause Young (Allocation Failure) 219M->49M(511M) 0.597ms
[31.229s][info][gc,cpu       ] GC(1348) User=0.00s Sys=0.00s Real=0.00s
[31.251s][info][gc,start     ] GC(1349) Pause Young (Allocation Failure)
[31.252s][info][gc,heap      ] GC(1349) PSYoungGen: 173696K->64K(174080K)
[31.252s][info][gc,heap      ] GC(1349) ParOldGen: 50849K->50888K(349696K)
[31.252s][info][gc,metaspace ] GC(1349) Metaspace: 13568K->13568K(1062912K)
[31.252s][info][gc           ] GC(1349) Pause Young (Allocation Failure) 219M->49M(511M) 0.546ms
[31.252s][info][gc,cpu       ] GC(1349) User=0.00s Sys=0.00s Real=0.00s
[31.276s][info][gc,start     ] GC(1350) Pause Young (Allocation Failure)
[31.276s][info][gc,heap      ] GC(1350) PSYoungGen: 173632K->64K(174080K)
[31.277s][info][gc,heap      ] GC(1350) ParOldGen: 50888K->50918K(349696K)
[31.277s][info][gc,metaspace ] GC(1350) Metaspace: 13568K->13568K(1062912K)
[31.277s][info][gc           ] GC(1350) Pause Young (Allocation Failure) 219M->49M(511M) 0.499ms
[31.277s][info][gc,cpu       ] GC(1350) User=0.00s Sys=0.00s Real=0.01s
[31.298s][info][gc,start     ] GC(1351) Pause Young (Allocation Failure)
[31.299s][info][gc,heap      ] GC(1351) PSYoungGen: 173632K->64K(174080K)
[31.299s][info][gc,heap      ] GC(1351) ParOldGen: 50918K->50957K(349696K)
[31.299s][info][gc,metaspace ] GC(1351) Metaspace: 13568K->13568K(1062912K)
[31.299s][info][gc           ] GC(1351) Pause Young (Allocation Failure) 219M->49M(511M) 0.504ms
[31.299s][info][gc,cpu       ] GC(1351) User=0.00s Sys=0.00s Real=0.00s
[31.322s][info][gc,start     ] GC(1352) Pause Young (Allocation Failure)
[31.323s][info][gc,heap      ] GC(1352) PSYoungGen: 173632K->96K(174080K)
[31.323s][info][gc,heap      ] GC(1352) ParOldGen: 50957K->50986K(349696K)
[31.323s][info][gc,metaspace ] GC(1352) Metaspace: 13568K->13568K(1062912K)
[31.323s][info][gc           ] GC(1352) Pause Young (Allocation Failure) 219M->49M(511M) 0.657ms
[31.323s][info][gc,cpu       ] GC(1352) User=0.00s Sys=0.00s Real=0.00s
[31.343s][info][gc,start     ] GC(1353) Pause Young (Allocation Failure)
[31.343s][info][gc,heap      ] GC(1353) PSYoungGen: 173664K->64K(174080K)
[31.343s][info][gc,heap      ] GC(1353) ParOldGen: 50986K->51025K(349696K)
[31.343s][info][gc,metaspace ] GC(1353) Metaspace: 13568K->13568K(1062912K)
[31.343s][info][gc           ] GC(1353) Pause Young (Allocation Failure) 219M->49M(511M) 0.416ms
[31.343s][info][gc,cpu       ] GC(1353) User=0.00s Sys=0.00s Real=0.00s
[31.368s][info][gc,start     ] GC(1354) Pause Young (Allocation Failure)
[31.370s][info][gc,heap      ] GC(1354) PSYoungGen: 173632K->96K(174080K)
[31.370s][info][gc,heap      ] GC(1354) ParOldGen: 51025K->51054K(349696K)
[31.370s][info][gc,metaspace ] GC(1354) Metaspace: 13569K->13569K(1062912K)
[31.370s][info][gc           ] GC(1354) Pause Young (Allocation Failure) 219M->49M(511M) 1.399ms
[31.370s][info][gc,cpu       ] GC(1354) User=0.00s Sys=0.00s Real=0.00s
[31.411s][info][gc,start     ] GC(1355) Pause Young (Allocation Failure)
[31.412s][info][gc,heap      ] GC(1355) PSYoungGen: 173664K->64K(174080K)
[31.412s][info][gc,heap      ] GC(1355) ParOldGen: 51054K->51094K(349696K)
[31.412s][info][gc,metaspace ] GC(1355) Metaspace: 13573K->13573K(1062912K)
[31.412s][info][gc           ] GC(1355) Pause Young (Allocation Failure) 219M->49M(511M) 1.055ms
[31.412s][info][gc,cpu       ] GC(1355) User=0.00s Sys=0.00s Real=0.00s
[31.437s][info][gc,start     ] GC(1356) Pause Young (Allocation Failure)
[31.437s][info][gc,heap      ] GC(1356) PSYoungGen: 173632K->64K(174080K)
[31.437s][info][gc,heap      ] GC(1356) ParOldGen: 51094K->51133K(349696K)
[31.437s][info][gc,metaspace ] GC(1356) Metaspace: 13573K->13573K(1062912K)
[31.437s][info][gc           ] GC(1356) Pause Young (Allocation Failure) 219M->49M(511M) 0.596ms
[31.437s][info][gc,cpu       ] GC(1356) User=0.00s Sys=0.00s Real=0.00s
[31.461s][info][gc,start     ] GC(1357) Pause Young (Allocation Failure)
[31.462s][info][gc,heap      ] GC(1357) PSYoungGen: 173632K->96K(174080K)
[31.462s][info][gc,heap      ] GC(1357) ParOldGen: 51133K->51162K(349696K)
[31.462s][info][gc,metaspace ] GC(1357) Metaspace: 13573K->13573K(1062912K)
[31.462s][info][gc           ] GC(1357) Pause Young (Allocation Failure) 219M->50M(511M) 0.857ms
[31.462s][info][gc,cpu       ] GC(1357) User=0.00s Sys=0.00s Real=0.00s
[31.483s][info][gc,start     ] GC(1358) Pause Young (Allocation Failure)
[31.484s][info][gc,heap      ] GC(1358) PSYoungGen: 173664K->64K(174080K)
[31.484s][info][gc,heap      ] GC(1358) ParOldGen: 51162K->51201K(349696K)
[31.484s][info][gc,metaspace ] GC(1358) Metaspace: 13573K->13573K(1062912K)
[31.484s][info][gc           ] GC(1358) Pause Young (Allocation Failure) 219M->50M(511M) 0.540ms
[31.484s][info][gc,cpu       ] GC(1358) User=0.00s Sys=0.00s Real=0.00s
[31.505s][info][gc,start     ] GC(1359) Pause Young (Allocation Failure)
[31.506s][info][gc,heap      ] GC(1359) PSYoungGen: 173632K->96K(174080K)
[31.506s][info][gc,heap      ] GC(1359) ParOldGen: 51201K->51231K(349696K)
[31.506s][info][gc,metaspace ] GC(1359) Metaspace: 13573K->13573K(1062912K)
[31.506s][info][gc           ] GC(1359) Pause Young (Allocation Failure) 219M->50M(511M) 0.540ms
[31.506s][info][gc,cpu       ] GC(1359) User=0.00s Sys=0.00s Real=0.00s
[31.529s][info][gc,start     ] GC(1360) Pause Young (Allocation Failure)
[31.529s][info][gc,heap      ] GC(1360) PSYoungGen: 173664K->96K(174080K)
[31.530s][info][gc,heap      ] GC(1360) ParOldGen: 51231K->51270K(349696K)
[31.530s][info][gc,metaspace ] GC(1360) Metaspace: 13573K->13573K(1062912K)
[31.530s][info][gc           ] GC(1360) Pause Young (Allocation Failure) 219M->50M(511M) 0.674ms
[31.530s][info][gc,cpu       ] GC(1360) User=0.00s Sys=0.00s Real=0.00s
[31.553s][info][gc,start     ] GC(1361) Pause Young (Allocation Failure)
[31.554s][info][gc,heap      ] GC(1361) PSYoungGen: 173664K->96K(174080K)
[31.554s][info][gc,heap      ] GC(1361) ParOldGen: 51270K->51299K(349696K)
[31.554s][info][gc,metaspace ] GC(1361) Metaspace: 13573K->13573K(1062912K)
[31.554s][info][gc           ] GC(1361) Pause Young (Allocation Failure) 219M->50M(511M) 0.671ms
[31.554s][info][gc,cpu       ] GC(1361) User=0.00s Sys=0.00s Real=0.00s
[31.575s][info][gc,start     ] GC(1362) Pause Young (Allocation Failure)
[31.576s][info][gc,heap      ] GC(1362) PSYoungGen: 173664K->96K(174080K)
[31.576s][info][gc,heap      ] GC(1362) ParOldGen: 51299K->51338K(349696K)
[31.576s][info][gc,metaspace ] GC(1362) Metaspace: 13573K->13573K(1062912K)
[31.576s][info][gc           ] GC(1362) Pause Young (Allocation Failure) 219M->50M(511M) 0.524ms
[31.576s][info][gc,cpu       ] GC(1362) User=0.00s Sys=0.00s Real=0.00s
[31.597s][info][gc,start     ] GC(1363) Pause Young (Allocation Failure)
[31.597s][info][gc,heap      ] GC(1363) PSYoungGen: 173664K->128K(174080K)
[31.597s][info][gc,heap      ] GC(1363) ParOldGen: 51338K->51367K(349696K)
[31.597s][info][gc,metaspace ] GC(1363) Metaspace: 13573K->13573K(1062912K)
[31.597s][info][gc           ] GC(1363) Pause Young (Allocation Failure) 219M->50M(511M) 0.495ms
[31.597s][info][gc,cpu       ] GC(1363) User=0.01s Sys=0.00s Real=0.00s
[31.617s][info][gc,start     ] GC(1364) Pause Young (Allocation Failure)
[31.618s][info][gc,heap      ] GC(1364) PSYoungGen: 173696K->64K(174080K)
[31.618s][info][gc,heap      ] GC(1364) ParOldGen: 51367K->51407K(349696K)
[31.618s][info][gc,metaspace ] GC(1364) Metaspace: 13573K->13573K(1062912K)
[31.618s][info][gc           ] GC(1364) Pause Young (Allocation Failure) 219M->50M(511M) 0.481ms
[31.618s][info][gc,cpu       ] GC(1364) User=0.00s Sys=0.00s Real=0.00s
[31.639s][info][gc,start     ] GC(1365) Pause Young (Allocation Failure)
[31.639s][info][gc,heap      ] GC(1365) PSYoungGen: 173632K->64K(174080K)
[31.639s][info][gc,heap      ] GC(1365) ParOldGen: 51407K->51436K(349696K)
[31.639s][info][gc,metaspace ] GC(1365) Metaspace: 13573K->13573K(1062912K)
[31.639s][info][gc           ] GC(1365) Pause Young (Allocation Failure) 219M->50M(511M) 0.451ms
[31.639s][info][gc,cpu       ] GC(1365) User=0.00s Sys=0.00s Real=0.00s
[31.658s][info][gc,start     ] GC(1366) Pause Young (Allocation Failure)
[31.658s][info][gc,heap      ] GC(1366) PSYoungGen: 173632K->64K(174080K)
[31.658s][info][gc,heap      ] GC(1366) ParOldGen: 51436K->51475K(349696K)
[31.658s][info][gc,metaspace ] GC(1366) Metaspace: 13573K->13573K(1062912K)
[31.658s][info][gc           ] GC(1366) Pause Young (Allocation Failure) 219M->50M(511M) 0.387ms
[31.658s][info][gc,cpu       ] GC(1366) User=0.01s Sys=0.00s Real=0.00s
[31.678s][info][gc,start     ] GC(1367) Pause Young (Allocation Failure)
[31.679s][info][gc,heap      ] GC(1367) PSYoungGen: 173632K->64K(174080K)
[31.679s][info][gc,heap      ] GC(1367) ParOldGen: 51475K->51504K(349696K)
[31.679s][info][gc,metaspace ] GC(1367) Metaspace: 13573K->13573K(1062912K)
[31.679s][info][gc           ] GC(1367) Pause Young (Allocation Failure) 219M->50M(511M) 0.471ms
[31.679s][info][gc,cpu       ] GC(1367) User=0.00s Sys=0.00s Real=0.00s
[31.698s][info][gc,start     ] GC(1368) Pause Young (Allocation Failure)
[31.698s][info][gc,heap      ] GC(1368) PSYoungGen: 173632K->64K(174080K)
[31.698s][info][gc,heap      ] GC(1368) ParOldGen: 51504K->51544K(349696K)
[31.698s][info][gc,metaspace ] GC(1368) Metaspace: 13573K->13573K(1062912K)
[31.698s][info][gc           ] GC(1368) Pause Young (Allocation Failure) 219M->50M(511M) 0.448ms
[31.698s][info][gc,cpu       ] GC(1368) User=0.00s Sys=0.00s Real=0.00s
[31.719s][info][gc,start     ] GC(1369) Pause Young (Allocation Failure)
[31.719s][info][gc,heap      ] GC(1369) PSYoungGen: 173632K->96K(174080K)
[31.719s][info][gc,heap      ] GC(1369) ParOldGen: 51544K->51573K(349696K)
[31.719s][info][gc,metaspace ] GC(1369) Metaspace: 13573K->13573K(1062912K)
[31.719s][info][gc           ] GC(1369) Pause Young (Allocation Failure) 219M->50M(511M) 0.511ms
[31.719s][info][gc,cpu       ] GC(1369) User=0.00s Sys=0.00s Real=0.00s
[31.740s][info][gc,start     ] GC(1370) Pause Young (Allocation Failure)
[31.741s][info][gc,heap      ] GC(1370) PSYoungGen: 173664K->96K(174080K)
[31.741s][info][gc,heap      ] GC(1370) ParOldGen: 51573K->51612K(349696K)
[31.741s][info][gc,metaspace ] GC(1370) Metaspace: 13573K->13573K(1062912K)
[31.741s][info][gc           ] GC(1370) Pause Young (Allocation Failure) 219M->50M(511M) 0.509ms
[31.741s][info][gc,cpu       ] GC(1370) User=0.00s Sys=0.00s Real=0.00s
[31.761s][info][gc,start     ] GC(1371) Pause Young (Allocation Failure)
[31.761s][info][gc,heap      ] GC(1371) PSYoungGen: 173664K->64K(174080K)
[31.761s][info][gc,heap      ] GC(1371) ParOldGen: 51612K->51651K(349696K)
[31.761s][info][gc,metaspace ] GC(1371) Metaspace: 13573K->13573K(1062912K)
[31.761s][info][gc           ] GC(1371) Pause Young (Allocation Failure) 219M->50M(511M) 0.450ms
[31.761s][info][gc,cpu       ] GC(1371) User=0.00s Sys=0.00s Real=0.00s
[31.783s][info][gc,start     ] GC(1372) Pause Young (Allocation Failure)
[31.784s][info][gc,heap      ] GC(1372) PSYoungGen: 173632K->128K(174080K)
[31.784s][info][gc,heap      ] GC(1372) ParOldGen: 51651K->51680K(349696K)
[31.784s][info][gc,metaspace ] GC(1372) Metaspace: 13573K->13573K(1062912K)
[31.784s][info][gc           ] GC(1372) Pause Young (Allocation Failure) 220M->50M(511M) 0.637ms
[31.784s][info][gc,cpu       ] GC(1372) User=0.01s Sys=0.00s Real=0.00s
[31.807s][info][gc,start     ] GC(1373) Pause Young (Allocation Failure)
[31.808s][info][gc,heap      ] GC(1373) PSYoungGen: 173696K->96K(174080K)
[31.808s][info][gc,heap      ] GC(1373) ParOldGen: 51680K->51720K(349696K)
[31.808s][info][gc,metaspace ] GC(1373) Metaspace: 13573K->13573K(1062912K)
[31.808s][info][gc           ] GC(1373) Pause Young (Allocation Failure) 220M->50M(511M) 0.515ms
[31.808s][info][gc,cpu       ] GC(1373) User=0.00s Sys=0.00s Real=0.00s
[31.830s][info][gc,start     ] GC(1374) Pause Young (Allocation Failure)
[31.830s][info][gc,heap      ] GC(1374) PSYoungGen: 173664K->64K(174080K)
[31.830s][info][gc,heap      ] GC(1374) ParOldGen: 51720K->51749K(349696K)
[31.830s][info][gc,metaspace ] GC(1374) Metaspace: 13573K->13573K(1062912K)
[31.830s][info][gc           ] GC(1374) Pause Young (Allocation Failure) 220M->50M(511M) 0.495ms
[31.831s][info][gc,cpu       ] GC(1374) User=0.01s Sys=0.01s Real=0.00s
[31.850s][info][gc,start     ] GC(1375) Pause Young (Allocation Failure)
[31.850s][info][gc,heap      ] GC(1375) PSYoungGen: 173632K->96K(174080K)
[31.850s][info][gc,heap      ] GC(1375) ParOldGen: 51749K->51788K(349696K)
[31.850s][info][gc,metaspace ] GC(1375) Metaspace: 13573K->13573K(1062912K)
[31.850s][info][gc           ] GC(1375) Pause Young (Allocation Failure) 220M->50M(511M) 0.500ms
[31.850s][info][gc,cpu       ] GC(1375) User=0.00s Sys=0.00s Real=0.00s
[31.871s][info][gc,start     ] GC(1376) Pause Young (Allocation Failure)
[31.871s][info][gc,heap      ] GC(1376) PSYoungGen: 173664K->128K(174080K)
[31.871s][info][gc,heap      ] GC(1376) ParOldGen: 51788K->51817K(349696K)
[31.871s][info][gc,metaspace ] GC(1376) Metaspace: 13573K->13573K(1062912K)
[31.871s][info][gc           ] GC(1376) Pause Young (Allocation Failure) 220M->50M(511M) 0.546ms
[31.871s][info][gc,cpu       ] GC(1376) User=0.00s Sys=0.00s Real=0.00s
[31.890s][info][gc,start     ] GC(1377) Pause Young (Allocation Failure)
[31.890s][info][gc,heap      ] GC(1377) PSYoungGen: 173696K->96K(174080K)
[31.890s][info][gc,heap      ] GC(1377) ParOldGen: 51817K->51857K(349696K)
[31.890s][info][gc,metaspace ] GC(1377) Metaspace: 13573K->13573K(1062912K)
[31.890s][info][gc           ] GC(1377) Pause Young (Allocation Failure) 220M->50M(511M) 0.551ms
[31.890s][info][gc,cpu       ] GC(1377) User=0.00s Sys=0.00s Real=0.00s
[31.911s][info][gc,start     ] GC(1378) Pause Young (Allocation Failure)
[31.911s][info][gc,heap      ] GC(1378) PSYoungGen: 173664K->64K(174080K)
[31.911s][info][gc,heap      ] GC(1378) ParOldGen: 51857K->51886K(349696K)
[31.911s][info][gc,metaspace ] GC(1378) Metaspace: 13573K->13573K(1062912K)
[31.911s][info][gc           ] GC(1378) Pause Young (Allocation Failure) 220M->50M(511M) 0.495ms
[31.911s][info][gc,cpu       ] GC(1378) User=0.00s Sys=0.00s Real=0.00s
[31.930s][info][gc,start     ] GC(1379) Pause Young (Allocation Failure)
[31.930s][info][gc,heap      ] GC(1379) PSYoungGen: 173632K->64K(174080K)
[31.930s][info][gc,heap      ] GC(1379) ParOldGen: 51886K->51925K(349696K)
[31.930s][info][gc,metaspace ] GC(1379) Metaspace: 13573K->13573K(1062912K)
[31.930s][info][gc           ] GC(1379) Pause Young (Allocation Failure) 220M->50M(511M) 0.484ms
[31.930s][info][gc,cpu       ] GC(1379) User=0.01s Sys=0.00s Real=0.00s
[31.953s][info][gc,start     ] GC(1380) Pause Young (Allocation Failure)
[31.953s][info][gc,heap      ] GC(1380) PSYoungGen: 173632K->96K(174080K)
[31.953s][info][gc,heap      ] GC(1380) ParOldGen: 51925K->51954K(349696K)
[31.953s][info][gc,metaspace ] GC(1380) Metaspace: 13573K->13573K(1062912K)
[31.953s][info][gc           ] GC(1380) Pause Young (Allocation Failure) 220M->50M(511M) 0.519ms
[31.953s][info][gc,cpu       ] GC(1380) User=0.00s Sys=0.00s Real=0.00s
[31.973s][info][gc,start     ] GC(1381) Pause Young (Allocation Failure)
[31.974s][info][gc,heap      ] GC(1381) PSYoungGen: 173664K->96K(174080K)
[31.974s][info][gc,heap      ] GC(1381) ParOldGen: 51954K->51993K(349696K)
[31.974s][info][gc,metaspace ] GC(1381) Metaspace: 13573K->13573K(1062912K)
[31.974s][info][gc           ] GC(1381) Pause Young (Allocation Failure) 220M->50M(511M) 0.616ms
[31.974s][info][gc,cpu       ] GC(1381) User=0.00s Sys=0.00s Real=0.00s
[31.995s][info][gc,start     ] GC(1382) Pause Young (Allocation Failure)
[31.995s][info][gc,heap      ] GC(1382) PSYoungGen: 173664K->64K(174080K)
[31.995s][info][gc,heap      ] GC(1382) ParOldGen: 51993K->52023K(349696K)
[31.995s][info][gc,metaspace ] GC(1382) Metaspace: 13573K->13573K(1062912K)
[31.995s][info][gc           ] GC(1382) Pause Young (Allocation Failure) 220M->50M(511M) 0.533ms
[31.995s][info][gc,cpu       ] GC(1382) User=0.00s Sys=0.00s Real=0.00s
[32.017s][info][gc,start     ] GC(1383) Pause Young (Allocation Failure)
[32.017s][info][gc,heap      ] GC(1383) PSYoungGen: 173632K->64K(174080K)
[32.017s][info][gc,heap      ] GC(1383) ParOldGen: 52023K->52062K(349696K)
[32.017s][info][gc,metaspace ] GC(1383) Metaspace: 13573K->13573K(1062912K)
[32.017s][info][gc           ] GC(1383) Pause Young (Allocation Failure) 220M->50M(511M) 0.608ms
[32.017s][info][gc,cpu       ] GC(1383) User=0.00s Sys=0.00s Real=0.00s
[32.037s][info][gc,start     ] GC(1384) Pause Young (Allocation Failure)
[32.037s][info][gc,heap      ] GC(1384) PSYoungGen: 173632K->64K(174080K)
[32.037s][info][gc,heap      ] GC(1384) ParOldGen: 52062K->52101K(349696K)
[32.037s][info][gc,metaspace ] GC(1384) Metaspace: 13573K->13573K(1062912K)
[32.037s][info][gc           ] GC(1384) Pause Young (Allocation Failure) 220M->50M(511M) 0.481ms
[32.037s][info][gc,cpu       ] GC(1384) User=0.00s Sys=0.00s Real=0.00s
[32.058s][info][gc,start     ] GC(1385) Pause Young (Allocation Failure)
[32.059s][info][gc,heap      ] GC(1385) PSYoungGen: 173632K->96K(174080K)
[32.059s][info][gc,heap      ] GC(1385) ParOldGen: 52101K->52130K(349696K)
[32.059s][info][gc,metaspace ] GC(1385) Metaspace: 13573K->13573K(1062912K)
[32.059s][info][gc           ] GC(1385) Pause Young (Allocation Failure) 220M->51M(511M) 0.456ms
[32.059s][info][gc,cpu       ] GC(1385) User=0.00s Sys=0.00s Real=0.00s
[32.079s][info][gc,start     ] GC(1386) Pause Young (Allocation Failure)
[32.080s][info][gc,heap      ] GC(1386) PSYoungGen: 173664K->96K(174080K)
[32.080s][info][gc,heap      ] GC(1386) ParOldGen: 52130K->52170K(349696K)
[32.080s][info][gc,metaspace ] GC(1386) Metaspace: 13573K->13573K(1062912K)
[32.080s][info][gc           ] GC(1386) Pause Young (Allocation Failure) 220M->51M(511M) 0.543ms
[32.080s][info][gc,cpu       ] GC(1386) User=0.00s Sys=0.00s Real=0.00s
[32.104s][info][gc,start     ] GC(1387) Pause Young (Allocation Failure)
[32.104s][info][gc,heap      ] GC(1387) PSYoungGen: 173664K->128K(174080K)
[32.104s][info][gc,heap      ] GC(1387) ParOldGen: 52170K->52199K(349696K)
[32.104s][info][gc,metaspace ] GC(1387) Metaspace: 13573K->13573K(1062912K)
[32.104s][info][gc           ] GC(1387) Pause Young (Allocation Failure) 220M->51M(511M) 0.595ms
[32.104s][info][gc,cpu       ] GC(1387) User=0.00s Sys=0.00s Real=0.00s
[32.127s][info][gc,start     ] GC(1388) Pause Young (Allocation Failure)
[32.128s][info][gc,heap      ] GC(1388) PSYoungGen: 173696K->64K(174080K)
[32.128s][info][gc,heap      ] GC(1388) ParOldGen: 52199K->52238K(349696K)
[32.128s][info][gc,metaspace ] GC(1388) Metaspace: 13573K->13573K(1062912K)
[32.128s][info][gc           ] GC(1388) Pause Young (Allocation Failure) 220M->51M(511M) 0.632ms
[32.128s][info][gc,cpu       ] GC(1388) User=0.00s Sys=0.00s Real=0.00s
[32.149s][info][gc,start     ] GC(1389) Pause Young (Allocation Failure)
[32.149s][info][gc,heap      ] GC(1389) PSYoungGen: 173632K->64K(174080K)
[32.149s][info][gc,heap      ] GC(1389) ParOldGen: 52238K->52267K(349696K)
[32.149s][info][gc,metaspace ] GC(1389) Metaspace: 13573K->13573K(1062912K)
[32.149s][info][gc           ] GC(1389) Pause Young (Allocation Failure) 220M->51M(511M) 0.488ms
[32.149s][info][gc,cpu       ] GC(1389) User=0.01s Sys=0.00s Real=0.00s
[32.170s][info][gc,start     ] GC(1390) Pause Young (Allocation Failure)
[32.171s][info][gc,heap      ] GC(1390) PSYoungGen: 173632K->64K(174080K)
[32.171s][info][gc,heap      ] GC(1390) ParOldGen: 52267K->52306K(349696K)
[32.171s][info][gc,metaspace ] GC(1390) Metaspace: 13573K->13573K(1062912K)
[32.171s][info][gc           ] GC(1390) Pause Young (Allocation Failure) 220M->51M(511M) 0.610ms
[32.171s][info][gc,cpu       ] GC(1390) User=0.00s Sys=0.01s Real=0.00s
[32.193s][info][gc,start     ] GC(1391) Pause Young (Allocation Failure)
[32.193s][info][gc,heap      ] GC(1391) PSYoungGen: 173632K->96K(174080K)
[32.193s][info][gc,heap      ] GC(1391) ParOldGen: 52306K->52336K(349696K)
[32.193s][info][gc,metaspace ] GC(1391) Metaspace: 13573K->13573K(1062912K)
[32.193s][info][gc           ] GC(1391) Pause Young (Allocation Failure) 220M->51M(511M) 0.675ms
[32.193s][info][gc,cpu       ] GC(1391) User=0.00s Sys=0.00s Real=0.00s
[32.216s][info][gc,start     ] GC(1392) Pause Young (Allocation Failure)
[32.216s][info][gc,heap      ] GC(1392) PSYoungGen: 173664K->64K(174080K)
[32.216s][info][gc,heap      ] GC(1392) ParOldGen: 52336K->52375K(349696K)
[32.216s][info][gc,metaspace ] GC(1392) Metaspace: 13573K->13573K(1062912K)
[32.216s][info][gc           ] GC(1392) Pause Young (Allocation Failure) 220M->51M(511M) 0.462ms
[32.216s][info][gc,cpu       ] GC(1392) User=0.00s Sys=0.00s Real=0.00s
[32.238s][info][gc,start     ] GC(1393) Pause Young (Allocation Failure)
[32.238s][info][gc,heap      ] GC(1393) PSYoungGen: 173632K->96K(174080K)
[32.238s][info][gc,heap      ] GC(1393) ParOldGen: 52375K->52404K(349696K)
[32.238s][info][gc,metaspace ] GC(1393) Metaspace: 13573K->13573K(1062912K)
[32.238s][info][gc           ] GC(1393) Pause Young (Allocation Failure) 220M->51M(511M) 0.629ms
[32.238s][info][gc,cpu       ] GC(1393) User=0.00s Sys=0.00s Real=0.00s
[32.258s][info][gc,start     ] GC(1394) Pause Young (Allocation Failure)
[32.259s][info][gc,heap      ] GC(1394) PSYoungGen: 173664K->64K(174080K)
[32.259s][info][gc,heap      ] GC(1394) ParOldGen: 52404K->52443K(349696K)
[32.259s][info][gc,metaspace ] GC(1394) Metaspace: 13573K->13573K(1062912K)
[32.259s][info][gc           ] GC(1394) Pause Young (Allocation Failure) 220M->51M(511M) 0.434ms
[32.259s][info][gc,cpu       ] GC(1394) User=0.00s Sys=0.00s Real=0.00s
[32.284s][info][gc,start     ] GC(1395) Pause Young (Allocation Failure)
[32.284s][info][gc,heap      ] GC(1395) PSYoungGen: 173632K->96K(174080K)
[32.284s][info][gc,heap      ] GC(1395) ParOldGen: 52443K->52473K(349696K)
[32.284s][info][gc,metaspace ] GC(1395) Metaspace: 13573K->13573K(1062912K)
[32.284s][info][gc           ] GC(1395) Pause Young (Allocation Failure) 220M->51M(511M) 0.527ms
[32.284s][info][gc,cpu       ] GC(1395) User=0.00s Sys=0.00s Real=0.00s
[32.308s][info][gc,start     ] GC(1396) Pause Young (Allocation Failure)
[32.309s][info][gc,heap      ] GC(1396) PSYoungGen: 173664K->96K(174080K)
[32.309s][info][gc,heap      ] GC(1396) ParOldGen: 52473K->52512K(349696K)
[32.309s][info][gc,metaspace ] GC(1396) Metaspace: 13573K->13573K(1062912K)
[32.309s][info][gc           ] GC(1396) Pause Young (Allocation Failure) 220M->51M(511M) 0.717ms
[32.309s][info][gc,cpu       ] GC(1396) User=0.00s Sys=0.00s Real=0.00s
[32.330s][info][gc,start     ] GC(1397) Pause Young (Allocation Failure)
[32.331s][info][gc,heap      ] GC(1397) PSYoungGen: 173664K->96K(174080K)
[32.331s][info][gc,heap      ] GC(1397) ParOldGen: 52512K->52551K(349696K)
[32.331s][info][gc,metaspace ] GC(1397) Metaspace: 13573K->13573K(1062912K)
[32.331s][info][gc           ] GC(1397) Pause Young (Allocation Failure) 220M->51M(511M) 0.691ms
[32.331s][info][gc,cpu       ] GC(1397) User=0.00s Sys=0.00s Real=0.00s
[32.351s][info][gc,start     ] GC(1398) Pause Young (Allocation Failure)
[32.351s][info][gc,heap      ] GC(1398) PSYoungGen: 173664K->96K(174080K)
[32.351s][info][gc,heap      ] GC(1398) ParOldGen: 52551K->52580K(349696K)
[32.351s][info][gc,metaspace ] GC(1398) Metaspace: 13573K->13573K(1062912K)
[32.351s][info][gc           ] GC(1398) Pause Young (Allocation Failure) 220M->51M(511M) 0.514ms
[32.351s][info][gc,cpu       ] GC(1398) User=0.00s Sys=0.00s Real=0.00s
[32.380s][info][gc,start     ] GC(1399) Pause Young (Allocation Failure)
[32.381s][info][gc,heap      ] GC(1399) PSYoungGen: 173664K->96K(174080K)
[32.381s][info][gc,heap      ] GC(1399) ParOldGen: 52580K->52619K(349696K)
[32.381s][info][gc,metaspace ] GC(1399) Metaspace: 13573K->13573K(1062912K)
[32.381s][info][gc           ] GC(1399) Pause Young (Allocation Failure) 220M->51M(511M) 0.583ms
[32.381s][info][gc,cpu       ] GC(1399) User=0.00s Sys=0.00s Real=0.00s
[32.424s][info][gc,start     ] GC(1400) Pause Young (Allocation Failure)
[32.425s][info][gc,heap      ] GC(1400) PSYoungGen: 173664K->96K(174080K)
[32.425s][info][gc,heap      ] GC(1400) ParOldGen: 52619K->52649K(349696K)
[32.425s][info][gc,metaspace ] GC(1400) Metaspace: 13575K->13575K(1062912K)
[32.425s][info][gc           ] GC(1400) Pause Young (Allocation Failure) 220M->51M(511M) 0.471ms
[32.425s][info][gc,cpu       ] GC(1400) User=0.00s Sys=0.00s Real=0.00s
[32.445s][info][gc,start     ] GC(1401) Pause Young (Allocation Failure)
[32.446s][info][gc,heap      ] GC(1401) PSYoungGen: 173664K->96K(174080K)
[32.446s][info][gc,heap      ] GC(1401) ParOldGen: 52649K->52688K(349696K)
[32.446s][info][gc,metaspace ] GC(1401) Metaspace: 13575K->13575K(1062912K)
[32.446s][info][gc           ] GC(1401) Pause Young (Allocation Failure) 221M->51M(511M) 0.573ms
[32.446s][info][gc,cpu       ] GC(1401) User=0.00s Sys=0.00s Real=0.00s
[32.472s][info][gc,start     ] GC(1402) Pause Young (Allocation Failure)
[32.473s][info][gc,heap      ] GC(1402) PSYoungGen: 173664K->128K(174080K)
[32.473s][info][gc,heap      ] GC(1402) ParOldGen: 52688K->52717K(349696K)
[32.473s][info][gc,metaspace ] GC(1402) Metaspace: 13575K->13575K(1062912K)
[32.473s][info][gc           ] GC(1402) Pause Young (Allocation Failure) 221M->51M(511M) 0.483ms
[32.473s][info][gc,cpu       ] GC(1402) User=0.00s Sys=0.00s Real=0.00s
[32.495s][info][gc,start     ] GC(1403) Pause Young (Allocation Failure)
[32.495s][info][gc,heap      ] GC(1403) PSYoungGen: 173696K->96K(174080K)
[32.495s][info][gc,heap      ] GC(1403) ParOldGen: 52717K->52756K(349696K)
[32.495s][info][gc,metaspace ] GC(1403) Metaspace: 13575K->13575K(1062912K)
[32.495s][info][gc           ] GC(1403) Pause Young (Allocation Failure) 221M->51M(511M) 0.517ms
[32.495s][info][gc,cpu       ] GC(1403) User=0.00s Sys=0.01s Real=0.00s
[32.519s][info][gc,start     ] GC(1404) Pause Young (Allocation Failure)
[32.520s][info][gc,heap      ] GC(1404) PSYoungGen: 173664K->128K(174080K)
[32.520s][info][gc,heap      ] GC(1404) ParOldGen: 52756K->52786K(349696K)
[32.520s][info][gc,metaspace ] GC(1404) Metaspace: 13575K->13575K(1062912K)
[32.520s][info][gc           ] GC(1404) Pause Young (Allocation Failure) 221M->51M(511M) 0.550ms
[32.520s][info][gc,cpu       ] GC(1404) User=0.00s Sys=0.00s Real=0.00s
[32.538s][info][gc,start     ] GC(1405) Pause Young (Allocation Failure)
[32.539s][info][gc,heap      ] GC(1405) PSYoungGen: 173696K->64K(174080K)
[32.539s][info][gc,heap      ] GC(1405) ParOldGen: 52786K->52825K(349696K)
[32.539s][info][gc,metaspace ] GC(1405) Metaspace: 13575K->13575K(1062912K)
[32.539s][info][gc           ] GC(1405) Pause Young (Allocation Failure) 221M->51M(511M) 0.478ms
[32.539s][info][gc,cpu       ] GC(1405) User=0.00s Sys=0.00s Real=0.00s
[32.563s][info][gc,start     ] GC(1406) Pause Young (Allocation Failure)
[32.563s][info][gc,heap      ] GC(1406) PSYoungGen: 173632K->96K(174080K)
[32.563s][info][gc,heap      ] GC(1406) ParOldGen: 52825K->52854K(349696K)
[32.564s][info][gc,metaspace ] GC(1406) Metaspace: 13575K->13575K(1062912K)
[32.564s][info][gc           ] GC(1406) Pause Young (Allocation Failure) 221M->51M(511M) 0.607ms
[32.564s][info][gc,cpu       ] GC(1406) User=0.00s Sys=0.00s Real=0.00s
[32.585s][info][gc,start     ] GC(1407) Pause Young (Allocation Failure)
[32.586s][info][gc,heap      ] GC(1407) PSYoungGen: 173664K->64K(174080K)
[32.586s][info][gc,heap      ] GC(1407) ParOldGen: 52854K->52893K(349696K)
[32.586s][info][gc,metaspace ] GC(1407) Metaspace: 13575K->13575K(1062912K)
[32.586s][info][gc           ] GC(1407) Pause Young (Allocation Failure) 221M->51M(511M) 0.910ms
[32.586s][info][gc,cpu       ] GC(1407) User=0.00s Sys=0.00s Real=0.00s
[32.611s][info][gc,start     ] GC(1408) Pause Young (Allocation Failure)
[32.611s][info][gc,heap      ] GC(1408) PSYoungGen: 173632K->64K(174080K)
[32.611s][info][gc,heap      ] GC(1408) ParOldGen: 52893K->52923K(349696K)
[32.611s][info][gc,metaspace ] GC(1408) Metaspace: 13575K->13575K(1062912K)
[32.611s][info][gc           ] GC(1408) Pause Young (Allocation Failure) 221M->51M(511M) 0.541ms
[32.611s][info][gc,cpu       ] GC(1408) User=0.00s Sys=0.00s Real=0.00s
[32.635s][info][gc,start     ] GC(1409) Pause Young (Allocation Failure)
[32.635s][info][gc,heap      ] GC(1409) PSYoungGen: 173632K->64K(174080K)
[32.635s][info][gc,heap      ] GC(1409) ParOldGen: 52923K->52962K(349696K)
[32.635s][info][gc,metaspace ] GC(1409) Metaspace: 13575K->13575K(1062912K)
[32.635s][info][gc           ] GC(1409) Pause Young (Allocation Failure) 221M->51M(511M) 0.662ms
[32.635s][info][gc,cpu       ] GC(1409) User=0.00s Sys=0.00s Real=0.00s
[32.660s][info][gc,start     ] GC(1410) Pause Young (Allocation Failure)
[32.660s][info][gc,heap      ] GC(1410) PSYoungGen: 173632K->96K(174080K)
[32.660s][info][gc,heap      ] GC(1410) ParOldGen: 52962K->53001K(349696K)
[32.660s][info][gc,metaspace ] GC(1410) Metaspace: 13575K->13575K(1062912K)
[32.660s][info][gc           ] GC(1410) Pause Young (Allocation Failure) 221M->51M(511M) 0.568ms
[32.660s][info][gc,cpu       ] GC(1410) User=0.00s Sys=0.00s Real=0.00s
[32.685s][info][gc,start     ] GC(1411) Pause Young (Allocation Failure)
[32.685s][info][gc,heap      ] GC(1411) PSYoungGen: 173664K->96K(174080K)
[32.685s][info][gc,heap      ] GC(1411) ParOldGen: 53001K->53030K(349696K)
[32.685s][info][gc,metaspace ] GC(1411) Metaspace: 13575K->13575K(1062912K)
[32.685s][info][gc           ] GC(1411) Pause Young (Allocation Failure) 221M->51M(511M) 0.643ms
[32.685s][info][gc,cpu       ] GC(1411) User=0.00s Sys=0.00s Real=0.00s
[32.706s][info][gc,start     ] GC(1412) Pause Young (Allocation Failure)
[32.706s][info][gc,heap      ] GC(1412) PSYoungGen: 173664K->64K(174080K)
[32.706s][info][gc,heap      ] GC(1412) ParOldGen: 53030K->53069K(349696K)
[32.706s][info][gc,metaspace ] GC(1412) Metaspace: 13575K->13575K(1062912K)
[32.706s][info][gc           ] GC(1412) Pause Young (Allocation Failure) 221M->51M(511M) 0.491ms
[32.706s][info][gc,cpu       ] GC(1412) User=0.00s Sys=0.00s Real=0.01s
[32.730s][info][gc,start     ] GC(1413) Pause Young (Allocation Failure)
[32.730s][info][gc,heap      ] GC(1413) PSYoungGen: 173632K->96K(174080K)
[32.731s][info][gc,heap      ] GC(1413) ParOldGen: 53069K->53099K(349696K)
[32.731s][info][gc,metaspace ] GC(1413) Metaspace: 13575K->13575K(1062912K)
[32.731s][info][gc           ] GC(1413) Pause Young (Allocation Failure) 221M->51M(511M) 0.700ms
[32.731s][info][gc,cpu       ] GC(1413) User=0.00s Sys=0.00s Real=0.00s
[32.753s][info][gc,start     ] GC(1414) Pause Young (Allocation Failure)
[32.753s][info][gc,heap      ] GC(1414) PSYoungGen: 173664K->64K(174080K)
[32.753s][info][gc,heap      ] GC(1414) ParOldGen: 53099K->53138K(349696K)
[32.753s][info][gc,metaspace ] GC(1414) Metaspace: 13575K->13575K(1062912K)
[32.753s][info][gc           ] GC(1414) Pause Young (Allocation Failure) 221M->51M(511M) 0.681ms
[32.753s][info][gc,cpu       ] GC(1414) User=0.00s Sys=0.00s Real=0.00s
[32.774s][info][gc,heap,exit ] Heap
[32.774s][info][gc,heap,exit ]  PSYoungGen      total 174080K, used 121674K [0x00000007f5580000, 0x0000000800000000, 0x0000000800000000)
[32.774s][info][gc,heap,exit ]   eden space 173568K, 70% used [0x00000007f5580000,0x00000007fcc428a8,0x00000007fff00000)
[32.774s][info][gc,heap,exit ]   from space 512K, 12% used [0x00000007fff00000,0x00000007fff10000,0x00000007fff80000)
[32.774s][info][gc,heap,exit ]   to   space 512K, 0% used [0x00000007fff80000,0x00000007fff80000,0x0000000800000000)
[32.774s][info][gc,heap,exit ]  ParOldGen       total 349696K, used 53138K [0x00000007e0000000, 0x00000007f5580000, 0x00000007f5580000)
[32.774s][info][gc,heap,exit ]   object space 349696K, 15% used [0x00000007e0000000,0x00000007e33e4978,0x00000007f5580000)
[32.774s][info][gc,heap,exit ]  Metaspace       used 13625K, capacity 14083K, committed 14464K, reserved 1062912K
[32.774s][info][gc,heap,exit ]   class space    used 1393K, capacity 1553K, committed 1664K, reserved 1048576K
