[0.015s][info][gc] Using Serial
[0.015s][info][gc,heap,coops] Heap address: 0x00000007e0000000, size: 512 MB, Compressed Oops mode: Zero based, Oop shift amount: 3
[0.284s][info][gc,start     ] GC(0) Pause Young (Allocation Failure)
[0.286s][info][gc,heap      ] GC(0) DefNew: 139776K->857K(157248K)
[0.287s][info][gc,heap      ] GC(0) Tenured: 0K->0K(349568K)
[0.287s][info][gc,metaspace ] GC(0) Metaspace: 6497K->6497K(1056768K)
[0.287s][info][gc           ] GC(0) Pause Young (Allocation Failure) 136M->0M(494M) 2.581ms
[0.287s][info][gc,cpu       ] GC(0) User=0.00s Sys=0.00s Real=0.00s
[0.315s][info][gc,start     ] GC(1) Pause Young (Allocation Failure)
[0.317s][info][gc,heap      ] GC(1) DefNew: 140633K->884K(157248K)
[0.317s][info][gc,heap      ] GC(1) Tenured: 0K->0K(349568K)
[0.317s][info][gc,metaspace ] GC(1) Metaspace: 6498K->6498K(1056768K)
[0.317s][info][gc           ] GC(1) Pause Young (Allocation Failure) 137M->0M(494M) 1.863ms
[0.317s][info][gc,cpu       ] GC(1) User=0.00s Sys=0.00s Real=0.00s
[0.340s][info][gc,start     ] GC(2) Pause Young (Allocation Failure)
[0.341s][info][gc,heap      ] GC(2) DefNew: 140660K->912K(157248K)
[0.342s][info][gc,heap      ] GC(2) Tenured: 0K->0K(349568K)
[0.342s][info][gc,metaspace ] GC(2) Metaspace: 6498K->6498K(1056768K)
[0.342s][info][gc           ] GC(2) Pause Young (Allocation Failure) 137M->0M(494M) 1.800ms
[0.342s][info][gc,cpu       ] GC(2) User=0.00s Sys=0.00s Real=0.00s
[0.363s][info][gc,start     ] GC(3) Pause Young (Allocation Failure)
[0.365s][info][gc,heap      ] GC(3) DefNew: 140688K->940K(157248K)
[0.365s][info][gc,heap      ] GC(3) Tenured: 0K->0K(349568K)
[0.365s][info][gc,metaspace ] GC(3) Metaspace: 6498K->6498K(1056768K)
[0.365s][info][gc           ] GC(3) Pause Young (Allocation Failure) 137M->0M(494M) 1.436ms
[0.365s][info][gc,cpu       ] GC(3) User=0.00s Sys=0.00s Real=0.00s
[0.380s][info][gc,start     ] GC(4) Pause Young (Allocation Failure)
[0.382s][info][gc,heap      ] GC(4) DefNew: 140716K->967K(157248K)
[0.382s][info][gc,heap      ] GC(4) Tenured: 0K->0K(349568K)
[0.382s][info][gc,metaspace ] GC(4) Metaspace: 6498K->6498K(1056768K)
[0.382s][info][gc           ] GC(4) Pause Young (Allocation Failure) 137M->0M(494M) 1.425ms
[0.382s][info][gc,cpu       ] GC(4) User=0.00s Sys=0.00s Real=0.00s
[0.397s][info][gc,start     ] GC(5) Pause Young (Allocation Failure)
[0.399s][info][gc,heap      ] GC(5) DefNew: 140743K->994K(157248K)
[0.399s][info][gc,heap      ] GC(5) Tenured: 0K->0K(349568K)
[0.399s][info][gc,metaspace ] GC(5) Metaspace: 6498K->6498K(1056768K)
[0.399s][info][gc           ] GC(5) Pause Young (Allocation Failure) 137M->0M(494M) 1.911ms
[0.399s][info][gc,cpu       ] GC(5) User=0.01s Sys=0.00s Real=0.01s
[0.416s][info][gc,start     ] GC(6) Pause Young (Allocation Failure)
[0.417s][info][gc,heap      ] GC(6) DefNew: 140770K->1023K(157248K)
[0.417s][info][gc,heap      ] GC(6) Tenured: 0K->0K(349568K)
[0.417s][info][gc,metaspace ] GC(6) Metaspace: 6498K->6498K(1056768K)
[0.417s][info][gc           ] GC(6) Pause Young (Allocation Failure) 137M->0M(494M) 1.247ms
[0.417s][info][gc,cpu       ] GC(6) User=0.00s Sys=0.00s Real=0.00s
[0.433s][info][gc,start     ] GC(7) Pause Young (Allocation Failure)
[0.435s][info][gc,heap      ] GC(7) DefNew: 140799K->1051K(157248K)
[0.435s][info][gc,heap      ] GC(7) Tenured: 0K->0K(349568K)
[0.435s][info][gc,metaspace ] GC(7) Metaspace: 6498K->6498K(1056768K)
[0.435s][info][gc           ] GC(7) Pause Young (Allocation Failure) 137M->1M(494M) 1.611ms
[0.435s][info][gc,cpu       ] GC(7) User=0.00s Sys=0.00s Real=0.00s
[0.451s][info][gc,start     ] GC(8) Pause Young (Allocation Failure)
[0.452s][info][gc,heap      ] GC(8) DefNew: 140827K->1079K(157248K)
[0.452s][info][gc,heap      ] GC(8) Tenured: 0K->0K(349568K)
[0.452s][info][gc,metaspace ] GC(8) Metaspace: 6498K->6498K(1056768K)
[0.452s][info][gc           ] GC(8) Pause Young (Allocation Failure) 137M->1M(494M) 1.516ms
[0.452s][info][gc,cpu       ] GC(8) User=0.01s Sys=0.00s Real=0.00s
[0.469s][info][gc,start     ] GC(9) Pause Young (Allocation Failure)
[0.471s][info][gc,heap      ] GC(9) DefNew: 140855K->1107K(157248K)
[0.471s][info][gc,heap      ] GC(9) Tenured: 0K->0K(349568K)
[0.471s][info][gc,metaspace ] GC(9) Metaspace: 6498K->6498K(1056768K)
[0.471s][info][gc           ] GC(9) Pause Young (Allocation Failure) 137M->1M(494M) 1.553ms
[0.471s][info][gc,cpu       ] GC(9) User=0.00s Sys=0.00s Real=0.00s
[0.487s][info][gc,start     ] GC(10) Pause Young (Allocation Failure)
[0.489s][info][gc,heap      ] GC(10) DefNew: 140883K->1135K(157248K)
[0.489s][info][gc,heap      ] GC(10) Tenured: 0K->0K(349568K)
[0.489s][info][gc,metaspace ] GC(10) Metaspace: 6498K->6498K(1056768K)
[0.489s][info][gc           ] GC(10) Pause Young (Allocation Failure) 137M->1M(494M) 1.554ms
[0.489s][info][gc,cpu       ] GC(10) User=0.00s Sys=0.00s Real=0.01s
[0.505s][info][gc,start     ] GC(11) Pause Young (Allocation Failure)
[0.507s][info][gc,heap      ] GC(11) DefNew: 140911K->1161K(157248K)
[0.507s][info][gc,heap      ] GC(11) Tenured: 0K->0K(349568K)
[0.507s][info][gc,metaspace ] GC(11) Metaspace: 6498K->6498K(1056768K)
[0.507s][info][gc           ] GC(11) Pause Young (Allocation Failure) 137M->1M(494M) 1.520ms
[0.507s][info][gc,cpu       ] GC(11) User=0.00s Sys=0.00s Real=0.00s
[0.523s][info][gc,start     ] GC(12) Pause Young (Allocation Failure)
[0.524s][info][gc,heap      ] GC(12) DefNew: 140937K->1189K(157248K)
[0.524s][info][gc,heap      ] GC(12) Tenured: 0K->0K(349568K)
[0.524s][info][gc,metaspace ] GC(12) Metaspace: 6498K->6498K(1056768K)
[0.524s][info][gc           ] GC(12) Pause Young (Allocation Failure) 137M->1M(494M) 1.264ms
[0.524s][info][gc,cpu       ] GC(12) User=0.00s Sys=0.00s Real=0.00s
[0.540s][info][gc,start     ] GC(13) Pause Young (Allocation Failure)
[0.541s][info][gc,heap      ] GC(13) DefNew: 140965K->1218K(157248K)
[0.541s][info][gc,heap      ] GC(13) Tenured: 0K->0K(349568K)
[0.541s][info][gc,metaspace ] GC(13) Metaspace: 6498K->6498K(1056768K)
[0.541s][info][gc           ] GC(13) Pause Young (Allocation Failure) 137M->1M(494M) 1.275ms
[0.541s][info][gc,cpu       ] GC(13) User=0.01s Sys=0.00s Real=0.00s
[0.558s][info][gc,start     ] GC(14) Pause Young (Allocation Failure)
[0.559s][info][gc,heap      ] GC(14) DefNew: 140994K->1246K(157248K)
[0.559s][info][gc,heap      ] GC(14) Tenured: 0K->0K(349568K)
[0.559s][info][gc,metaspace ] GC(14) Metaspace: 6498K->6498K(1056768K)
[0.559s][info][gc           ] GC(14) Pause Young (Allocation Failure) 137M->1M(494M) 1.541ms
[0.559s][info][gc,cpu       ] GC(14) User=0.00s Sys=0.00s Real=0.01s
[0.577s][info][gc,start     ] GC(15) Pause Young (Allocation Failure)
[0.579s][info][gc,heap      ] GC(15) DefNew: 141022K->426K(157248K)
[0.579s][info][gc,heap      ] GC(15) Tenured: 0K->848K(349568K)
[0.579s][info][gc,metaspace ] GC(15) Metaspace: 6498K->6498K(1056768K)
[0.579s][info][gc           ] GC(15) Pause Young (Allocation Failure) 137M->1M(494M) 1.978ms
[0.579s][info][gc,cpu       ] GC(15) User=0.01s Sys=0.01s Real=0.01s
[0.595s][info][gc,start     ] GC(16) Pause Young (Allocation Failure)
[0.596s][info][gc,heap      ] GC(16) DefNew: 140202K->425K(157248K)
[0.596s][info][gc,heap      ] GC(16) Tenured: 848K->877K(349568K)
[0.596s][info][gc,metaspace ] GC(16) Metaspace: 6498K->6498K(1056768K)
[0.596s][info][gc           ] GC(16) Pause Young (Allocation Failure) 137M->1M(494M) 0.416ms
[0.596s][info][gc,cpu       ] GC(16) User=0.00s Sys=0.00s Real=0.00s
[0.611s][info][gc,start     ] GC(17) Pause Young (Allocation Failure)
[0.611s][info][gc,heap      ] GC(17) DefNew: 140201K->422K(157248K)
[0.611s][info][gc,heap      ] GC(17) Tenured: 877K->907K(349568K)
[0.611s][info][gc,metaspace ] GC(17) Metaspace: 6498K->6498K(1056768K)
[0.611s][info][gc           ] GC(17) Pause Young (Allocation Failure) 137M->1M(494M) 0.358ms
[0.611s][info][gc,cpu       ] GC(17) User=0.00s Sys=0.00s Real=0.00s
[0.626s][info][gc,start     ] GC(18) Pause Young (Allocation Failure)
[0.626s][info][gc,heap      ] GC(18) DefNew: 140198K->420K(157248K)
[0.626s][info][gc,heap      ] GC(18) Tenured: 907K->936K(349568K)
[0.626s][info][gc,metaspace ] GC(18) Metaspace: 6498K->6498K(1056768K)
[0.626s][info][gc           ] GC(18) Pause Young (Allocation Failure) 137M->1M(494M) 0.268ms
[0.626s][info][gc,cpu       ] GC(18) User=0.00s Sys=0.00s Real=0.00s
[0.643s][info][gc,start     ] GC(19) Pause Young (Allocation Failure)
[0.643s][info][gc,heap      ] GC(19) DefNew: 140196K->419K(157248K)
[0.643s][info][gc,heap      ] GC(19) Tenured: 936K->965K(349568K)
[0.643s][info][gc,metaspace ] GC(19) Metaspace: 6498K->6498K(1056768K)
[0.643s][info][gc           ] GC(19) Pause Young (Allocation Failure) 137M->1M(494M) 0.265ms
[0.643s][info][gc,cpu       ] GC(19) User=0.00s Sys=0.00s Real=0.00s
[0.659s][info][gc,start     ] GC(20) Pause Young (Allocation Failure)
[0.659s][info][gc,heap      ] GC(20) DefNew: 140195K->428K(157248K)
[0.659s][info][gc,heap      ] GC(20) Tenured: 965K->985K(349568K)
[0.659s][info][gc,metaspace ] GC(20) Metaspace: 6498K->6498K(1056768K)
[0.659s][info][gc           ] GC(20) Pause Young (Allocation Failure) 137M->1M(494M) 0.267ms
[0.659s][info][gc,cpu       ] GC(20) User=0.00s Sys=0.00s Real=0.00s
[0.675s][info][gc,start     ] GC(21) Pause Young (Allocation Failure)
[0.675s][info][gc,heap      ] GC(21) DefNew: 140204K->427K(157248K)
[0.675s][info][gc,heap      ] GC(21) Tenured: 985K->1014K(349568K)
[0.675s][info][gc,metaspace ] GC(21) Metaspace: 6498K->6498K(1056768K)
[0.675s][info][gc           ] GC(21) Pause Young (Allocation Failure) 137M->1M(494M) 0.270ms
[0.675s][info][gc,cpu       ] GC(21) User=0.00s Sys=0.00s Real=0.00s
[0.692s][info][gc,start     ] GC(22) Pause Young (Allocation Failure)
[0.693s][info][gc,heap      ] GC(22) DefNew: 140203K->425K(157248K)
[0.693s][info][gc,heap      ] GC(22) Tenured: 1014K->1043K(349568K)
[0.693s][info][gc,metaspace ] GC(22) Metaspace: 6498K->6498K(1056768K)
[0.693s][info][gc           ] GC(22) Pause Young (Allocation Failure) 137M->1M(494M) 0.507ms
[0.693s][info][gc,cpu       ] GC(22) User=0.00s Sys=0.00s Real=0.00s
[0.711s][info][gc,start     ] GC(23) Pause Young (Allocation Failure)
[0.711s][info][gc,heap      ] GC(23) DefNew: 140201K->424K(157248K)
[0.711s][info][gc,heap      ] GC(23) Tenured: 1043K->1073K(349568K)
[0.711s][info][gc,metaspace ] GC(23) Metaspace: 6498K->6498K(1056768K)
[0.711s][info][gc           ] GC(23) Pause Young (Allocation Failure) 137M->1M(494M) 0.359ms
[0.711s][info][gc,cpu       ] GC(23) User=0.00s Sys=0.00s Real=0.00s
[0.727s][info][gc,start     ] GC(24) Pause Young (Allocation Failure)
[0.727s][info][gc,heap      ] GC(24) DefNew: 140200K->420K(157248K)
[0.727s][info][gc,heap      ] GC(24) Tenured: 1073K->1102K(349568K)
[0.727s][info][gc,metaspace ] GC(24) Metaspace: 6498K->6498K(1056768K)
[0.727s][info][gc           ] GC(24) Pause Young (Allocation Failure) 137M->1M(494M) 0.374ms
[0.727s][info][gc,cpu       ] GC(24) User=0.00s Sys=0.00s Real=0.00s
[0.745s][info][gc,start     ] GC(25) Pause Young (Allocation Failure)
[0.746s][info][gc,heap      ] GC(25) DefNew: 140196K->419K(157248K)
[0.746s][info][gc,heap      ] GC(25) Tenured: 1102K->1132K(349568K)
[0.746s][info][gc,metaspace ] GC(25) Metaspace: 6498K->6498K(1056768K)
[0.746s][info][gc           ] GC(25) Pause Young (Allocation Failure) 137M->1M(494M) 0.743ms
[0.746s][info][gc,cpu       ] GC(25) User=0.00s Sys=0.00s Real=0.00s
[0.764s][info][gc,start     ] GC(26) Pause Young (Allocation Failure)
[0.764s][info][gc,heap      ] GC(26) DefNew: 140195K->428K(157248K)
[0.764s][info][gc,heap      ] GC(26) Tenured: 1132K->1151K(349568K)
[0.764s][info][gc,metaspace ] GC(26) Metaspace: 6498K->6498K(1056768K)
[0.764s][info][gc           ] GC(26) Pause Young (Allocation Failure) 138M->1M(494M) 0.392ms
[0.764s][info][gc,cpu       ] GC(26) User=0.00s Sys=0.00s Real=0.00s
[0.781s][info][gc,start     ] GC(27) Pause Young (Allocation Failure)
[0.782s][info][gc,heap      ] GC(27) DefNew: 140204K->427K(157248K)
[0.782s][info][gc,heap      ] GC(27) Tenured: 1151K->1180K(349568K)
[0.782s][info][gc,metaspace ] GC(27) Metaspace: 6498K->6498K(1056768K)
[0.782s][info][gc           ] GC(27) Pause Young (Allocation Failure) 138M->1M(494M) 0.380ms
[0.782s][info][gc,cpu       ] GC(27) User=0.00s Sys=0.00s Real=0.00s
[0.799s][info][gc,start     ] GC(28) Pause Young (Allocation Failure)
[0.799s][info][gc,heap      ] GC(28) DefNew: 140203K->426K(157248K)
[0.799s][info][gc,heap      ] GC(28) Tenured: 1180K->1210K(349568K)
[0.799s][info][gc,metaspace ] GC(28) Metaspace: 6498K->6498K(1056768K)
[0.799s][info][gc           ] GC(28) Pause Young (Allocation Failure) 138M->1M(494M) 0.363ms
[0.799s][info][gc,cpu       ] GC(28) User=0.00s Sys=0.00s Real=0.00s
[0.815s][info][gc,start     ] GC(29) Pause Young (Allocation Failure)
[0.815s][info][gc,heap      ] GC(29) DefNew: 140202K->425K(157248K)
[0.816s][info][gc,heap      ] GC(29) Tenured: 1210K->1239K(349568K)
[0.816s][info][gc,metaspace ] GC(29) Metaspace: 6498K->6498K(1056768K)
[0.816s][info][gc           ] GC(29) Pause Young (Allocation Failure) 138M->1M(494M) 0.313ms
[0.816s][info][gc,cpu       ] GC(29) User=0.00s Sys=0.00s Real=0.00s
[0.832s][info][gc,start     ] GC(30) Pause Young (Allocation Failure)
[0.832s][info][gc,heap      ] GC(30) DefNew: 140201K->423K(157248K)
[0.832s][info][gc,heap      ] GC(30) Tenured: 1239K->1268K(349568K)
[0.832s][info][gc,metaspace ] GC(30) Metaspace: 6498K->6498K(1056768K)
[0.832s][info][gc           ] GC(30) Pause Young (Allocation Failure) 138M->1M(494M) 0.360ms
[0.832s][info][gc,cpu       ] GC(30) User=0.00s Sys=0.00s Real=0.00s
[0.848s][info][gc,start     ] GC(31) Pause Young (Allocation Failure)
[0.849s][info][gc,heap      ] GC(31) DefNew: 140199K->420K(157248K)
[0.849s][info][gc,heap      ] GC(31) Tenured: 1268K->1298K(349568K)
[0.849s][info][gc,metaspace ] GC(31) Metaspace: 6498K->6498K(1056768K)
[0.849s][info][gc           ] GC(31) Pause Young (Allocation Failure) 138M->1M(494M) 0.346ms
[0.849s][info][gc,cpu       ] GC(31) User=0.00s Sys=0.00s Real=0.00s
[0.866s][info][gc,start     ] GC(32) Pause Young (Allocation Failure)
[0.866s][info][gc,heap      ] GC(32) DefNew: 140196K->419K(157248K)
[0.866s][info][gc,heap      ] GC(32) Tenured: 1298K->1327K(349568K)
[0.866s][info][gc,metaspace ] GC(32) Metaspace: 6498K->6498K(1056768K)
[0.866s][info][gc           ] GC(32) Pause Young (Allocation Failure) 138M->1M(494M) 0.363ms
[0.866s][info][gc,cpu       ] GC(32) User=0.00s Sys=0.00s Real=0.00s
[0.882s][info][gc,start     ] GC(33) Pause Young (Allocation Failure)
[0.883s][info][gc,heap      ] GC(33) DefNew: 140195K->428K(157248K)
[0.883s][info][gc,heap      ] GC(33) Tenured: 1327K->1347K(349568K)
[0.883s][info][gc,metaspace ] GC(33) Metaspace: 6498K->6498K(1056768K)
[0.883s][info][gc           ] GC(33) Pause Young (Allocation Failure) 138M->1M(494M) 0.391ms
[0.883s][info][gc,cpu       ] GC(33) User=0.00s Sys=0.00s Real=0.00s
[0.900s][info][gc,start     ] GC(34) Pause Young (Allocation Failure)
[0.901s][info][gc,heap      ] GC(34) DefNew: 140204K->427K(157248K)
[0.901s][info][gc,heap      ] GC(34) Tenured: 1347K->1376K(349568K)
[0.901s][info][gc,metaspace ] GC(34) Metaspace: 6498K->6498K(1056768K)
[0.901s][info][gc           ] GC(34) Pause Young (Allocation Failure) 138M->1M(494M) 0.739ms
[0.901s][info][gc,cpu       ] GC(34) User=0.00s Sys=0.00s Real=0.00s
[0.918s][info][gc,start     ] GC(35) Pause Young (Allocation Failure)
[0.918s][info][gc,heap      ] GC(35) DefNew: 140203K->426K(157248K)
[0.918s][info][gc,heap      ] GC(35) Tenured: 1376K->1405K(349568K)
[0.918s][info][gc,metaspace ] GC(35) Metaspace: 6498K->6498K(1056768K)
[0.918s][info][gc           ] GC(35) Pause Young (Allocation Failure) 138M->1M(494M) 0.475ms
[0.918s][info][gc,cpu       ] GC(35) User=0.00s Sys=0.00s Real=0.00s
[0.936s][info][gc,start     ] GC(36) Pause Young (Allocation Failure)
[0.937s][info][gc,heap      ] GC(36) DefNew: 140202K->424K(157248K)
[0.937s][info][gc,heap      ] GC(36) Tenured: 1405K->1435K(349568K)
[0.937s][info][gc,metaspace ] GC(36) Metaspace: 6498K->6498K(1056768K)
[0.937s][info][gc           ] GC(36) Pause Young (Allocation Failure) 138M->1M(494M) 0.420ms
[0.937s][info][gc,cpu       ] GC(36) User=0.00s Sys=0.00s Real=0.00s
[0.954s][info][gc,start     ] GC(37) Pause Young (Allocation Failure)
[0.955s][info][gc,heap      ] GC(37) DefNew: 140200K->421K(157248K)
[0.955s][info][gc,heap      ] GC(37) Tenured: 1435K->1464K(349568K)
[0.955s][info][gc,metaspace ] GC(37) Metaspace: 6498K->6498K(1056768K)
[0.955s][info][gc           ] GC(37) Pause Young (Allocation Failure) 138M->1M(494M) 0.428ms
[0.955s][info][gc,cpu       ] GC(37) User=0.00s Sys=0.00s Real=0.00s
[0.975s][info][gc,start     ] GC(38) Pause Young (Allocation Failure)
[0.975s][info][gc,heap      ] GC(38) DefNew: 140197K->419K(157248K)
[0.975s][info][gc,heap      ] GC(38) Tenured: 1464K->1493K(349568K)
[0.975s][info][gc,metaspace ] GC(38) Metaspace: 6498K->6498K(1056768K)
[0.975s][info][gc           ] GC(38) Pause Young (Allocation Failure) 138M->1M(494M) 0.412ms
[0.975s][info][gc,cpu       ] GC(38) User=0.00s Sys=0.00s Real=0.00s
[0.995s][info][gc,start     ] GC(39) Pause Young (Allocation Failure)
[0.995s][info][gc,heap      ] GC(39) DefNew: 140195K->428K(157248K)
[0.995s][info][gc,heap      ] GC(39) Tenured: 1493K->1513K(349568K)
[0.995s][info][gc,metaspace ] GC(39) Metaspace: 6498K->6498K(1056768K)
[0.995s][info][gc           ] GC(39) Pause Young (Allocation Failure) 138M->1M(494M) 0.433ms
[0.995s][info][gc,cpu       ] GC(39) User=0.00s Sys=0.00s Real=0.00s
[1.016s][info][gc,start     ] GC(40) Pause Young (Allocation Failure)
[1.016s][info][gc,heap      ] GC(40) DefNew: 140204K->428K(157248K)
[1.016s][info][gc,heap      ] GC(40) Tenured: 1513K->1542K(349568K)
[1.016s][info][gc,metaspace ] GC(40) Metaspace: 6498K->6498K(1056768K)
[1.016s][info][gc           ] GC(40) Pause Young (Allocation Failure) 138M->1M(494M) 0.398ms
[1.016s][info][gc,cpu       ] GC(40) User=0.00s Sys=0.00s Real=0.00s
[1.039s][info][gc,start     ] GC(41) Pause Young (Allocation Failure)
[1.040s][info][gc,heap      ] GC(41) DefNew: 140204K->426K(157248K)
[1.040s][info][gc,heap      ] GC(41) Tenured: 1542K->1572K(349568K)
[1.040s][info][gc,metaspace ] GC(41) Metaspace: 6498K->6498K(1056768K)
[1.040s][info][gc           ] GC(41) Pause Young (Allocation Failure) 138M->1M(494M) 0.792ms
[1.040s][info][gc,cpu       ] GC(41) User=0.00s Sys=0.00s Real=0.00s
[1.056s][info][gc,start     ] GC(42) Pause Young (Allocation Failure)
[1.056s][info][gc,heap      ] GC(42) DefNew: 140202K->425K(157248K)
[1.056s][info][gc,heap      ] GC(42) Tenured: 1572K->1601K(349568K)
[1.056s][info][gc,metaspace ] GC(42) Metaspace: 6498K->6498K(1056768K)
[1.056s][info][gc           ] GC(42) Pause Young (Allocation Failure) 138M->1M(494M) 0.424ms
[1.056s][info][gc,cpu       ] GC(42) User=0.00s Sys=0.00s Real=0.00s
[1.072s][info][gc,start     ] GC(43) Pause Young (Allocation Failure)
[1.073s][info][gc,heap      ] GC(43) DefNew: 140201K->423K(157248K)
[1.073s][info][gc,heap      ] GC(43) Tenured: 1601K->1630K(349568K)
[1.073s][info][gc,metaspace ] GC(43) Metaspace: 6498K->6498K(1056768K)
[1.073s][info][gc           ] GC(43) Pause Young (Allocation Failure) 138M->2M(494M) 0.282ms
[1.073s][info][gc,cpu       ] GC(43) User=0.00s Sys=0.00s Real=0.00s
[1.088s][info][gc,start     ] GC(44) Pause Young (Allocation Failure)
[1.088s][info][gc,heap      ] GC(44) DefNew: 140199K->420K(157248K)
[1.088s][info][gc,heap      ] GC(44) Tenured: 1630K->1660K(349568K)
[1.088s][info][gc,metaspace ] GC(44) Metaspace: 6498K->6498K(1056768K)
[1.088s][info][gc           ] GC(44) Pause Young (Allocation Failure) 138M->2M(494M) 0.397ms
[1.088s][info][gc,cpu       ] GC(44) User=0.00s Sys=0.00s Real=0.00s
[1.104s][info][gc,start     ] GC(45) Pause Young (Allocation Failure)
[1.104s][info][gc,heap      ] GC(45) DefNew: 140196K->419K(157248K)
[1.104s][info][gc,heap      ] GC(45) Tenured: 1660K->1689K(349568K)
[1.104s][info][gc,metaspace ] GC(45) Metaspace: 6498K->6498K(1056768K)
[1.104s][info][gc           ] GC(45) Pause Young (Allocation Failure) 138M->2M(494M) 0.381ms
[1.105s][info][gc,cpu       ] GC(45) User=0.00s Sys=0.00s Real=0.00s
[1.123s][info][gc,start     ] GC(46) Pause Young (Allocation Failure)
[1.123s][info][gc,heap      ] GC(46) DefNew: 140195K->428K(157248K)
[1.123s][info][gc,heap      ] GC(46) Tenured: 1689K->1709K(349568K)
[1.123s][info][gc,metaspace ] GC(46) Metaspace: 6498K->6498K(1056768K)
[1.123s][info][gc           ] GC(46) Pause Young (Allocation Failure) 138M->2M(494M) 0.344ms
[1.123s][info][gc,cpu       ] GC(46) User=0.00s Sys=0.00s Real=0.00s
[1.142s][info][gc,start     ] GC(47) Pause Young (Allocation Failure)
[1.143s][info][gc,heap      ] GC(47) DefNew: 140204K->427K(157248K)
[1.143s][info][gc,heap      ] GC(47) Tenured: 1709K->1738K(349568K)
[1.143s][info][gc,metaspace ] GC(47) Metaspace: 6498K->6498K(1056768K)
[1.143s][info][gc           ] GC(47) Pause Young (Allocation Failure) 138M->2M(494M) 0.357ms
[1.143s][info][gc,cpu       ] GC(47) User=0.00s Sys=0.01s Real=0.00s
[1.160s][info][gc,start     ] GC(48) Pause Young (Allocation Failure)
[1.160s][info][gc,heap      ] GC(48) DefNew: 140203K->426K(157248K)
[1.160s][info][gc,heap      ] GC(48) Tenured: 1738K->1767K(349568K)
[1.160s][info][gc,metaspace ] GC(48) Metaspace: 6498K->6498K(1056768K)
[1.160s][info][gc           ] GC(48) Pause Young (Allocation Failure) 138M->2M(494M) 0.295ms
[1.160s][info][gc,cpu       ] GC(48) User=0.00s Sys=0.00s Real=0.00s
[1.178s][info][gc,start     ] GC(49) Pause Young (Allocation Failure)
[1.178s][info][gc,heap      ] GC(49) DefNew: 140202K->424K(157248K)
[1.178s][info][gc,heap      ] GC(49) Tenured: 1767K->1797K(349568K)
[1.178s][info][gc,metaspace ] GC(49) Metaspace: 6498K->6498K(1056768K)
[1.178s][info][gc           ] GC(49) Pause Young (Allocation Failure) 138M->2M(494M) 0.288ms
[1.178s][info][gc,cpu       ] GC(49) User=0.00s Sys=0.00s Real=0.01s
[1.194s][info][gc,start     ] GC(50) Pause Young (Allocation Failure)
[1.195s][info][gc,heap      ] GC(50) DefNew: 140200K->420K(157248K)
[1.195s][info][gc,heap      ] GC(50) Tenured: 1797K->1826K(349568K)
[1.195s][info][gc,metaspace ] GC(50) Metaspace: 6498K->6498K(1056768K)
[1.195s][info][gc           ] GC(50) Pause Young (Allocation Failure) 138M->2M(494M) 0.285ms
[1.195s][info][gc,cpu       ] GC(50) User=0.00s Sys=0.00s Real=0.00s
[1.212s][info][gc,start     ] GC(51) Pause Young (Allocation Failure)
[1.213s][info][gc,heap      ] GC(51) DefNew: 140196K->613K(157248K)
[1.213s][info][gc,heap      ] GC(51) Tenured: 1826K->1855K(349568K)
[1.213s][info][gc,metaspace ] GC(51) Metaspace: 6826K->6826K(1056768K)
[1.213s][info][gc           ] GC(51) Pause Young (Allocation Failure) 138M->2M(494M) 0.668ms
[1.213s][info][gc,cpu       ] GC(51) User=0.01s Sys=0.00s Real=0.00s
[1.230s][info][gc,start     ] GC(52) Pause Young (Allocation Failure)
[1.230s][info][gc,heap      ] GC(52) DefNew: 140389K->736K(157248K)
[1.230s][info][gc,heap      ] GC(52) Tenured: 1855K->1885K(349568K)
[1.230s][info][gc,metaspace ] GC(52) Metaspace: 7271K->7271K(1056768K)
[1.231s][info][gc           ] GC(52) Pause Young (Allocation Failure) 138M->2M(494M) 1.026ms
[1.231s][info][gc,cpu       ] GC(52) User=0.00s Sys=0.00s Real=0.00s
[1.247s][info][gc,start     ] GC(53) Pause Young (Allocation Failure)
[1.248s][info][gc,heap      ] GC(53) DefNew: 140512K->881K(157248K)
[1.248s][info][gc,heap      ] GC(53) Tenured: 1885K->1904K(349568K)
[1.248s][info][gc,metaspace ] GC(53) Metaspace: 7415K->7415K(1056768K)
[1.248s][info][gc           ] GC(53) Pause Young (Allocation Failure) 139M->2M(494M) 0.869ms
[1.248s][info][gc,cpu       ] GC(53) User=0.00s Sys=0.00s Real=0.00s
[1.265s][info][gc,start     ] GC(54) Pause Young (Allocation Failure)
[1.266s][info][gc,heap      ] GC(54) DefNew: 140657K->880K(157248K)
[1.266s][info][gc,heap      ] GC(54) Tenured: 1904K->1934K(349568K)
[1.266s][info][gc,metaspace ] GC(54) Metaspace: 7415K->7415K(1056768K)
[1.266s][info][gc           ] GC(54) Pause Young (Allocation Failure) 139M->2M(494M) 0.982ms
[1.266s][info][gc,cpu       ] GC(54) User=0.00s Sys=0.00s Real=0.00s
[1.282s][info][gc,start     ] GC(55) Pause Young (Allocation Failure)
[1.283s][info][gc,heap      ] GC(55) DefNew: 140656K->877K(157248K)
[1.283s][info][gc,heap      ] GC(55) Tenured: 1934K->1963K(349568K)
[1.283s][info][gc,metaspace ] GC(55) Metaspace: 7415K->7415K(1056768K)
[1.283s][info][gc           ] GC(55) Pause Young (Allocation Failure) 139M->2M(494M) 0.902ms
[1.283s][info][gc,cpu       ] GC(55) User=0.00s Sys=0.00s Real=0.00s
[1.298s][info][gc,start     ] GC(56) Pause Young (Allocation Failure)
[1.300s][info][gc,heap      ] GC(56) DefNew: 140653K->874K(157248K)
[1.300s][info][gc,heap      ] GC(56) Tenured: 1963K->1993K(349568K)
[1.300s][info][gc,metaspace ] GC(56) Metaspace: 7415K->7415K(1056768K)
[1.300s][info][gc           ] GC(56) Pause Young (Allocation Failure) 139M->2M(494M) 1.435ms
[1.300s][info][gc,cpu       ] GC(56) User=0.00s Sys=0.00s Real=0.01s
[1.321s][info][gc,start     ] GC(57) Pause Young (Allocation Failure)
[1.323s][info][gc,heap      ] GC(57) DefNew: 140650K->873K(157248K)
[1.323s][info][gc,heap      ] GC(57) Tenured: 1993K->2022K(349568K)
[1.323s][info][gc,metaspace ] GC(57) Metaspace: 7415K->7415K(1056768K)
[1.323s][info][gc           ] GC(57) Pause Young (Allocation Failure) 139M->2M(494M) 1.542ms
[1.323s][info][gc,cpu       ] GC(57) User=0.00s Sys=0.00s Real=0.00s
[1.339s][info][gc,start     ] GC(58) Pause Young (Allocation Failure)
[1.340s][info][gc,heap      ] GC(58) DefNew: 140649K->872K(157248K)
[1.340s][info][gc,heap      ] GC(58) Tenured: 2022K->2051K(349568K)
[1.340s][info][gc,metaspace ] GC(58) Metaspace: 7415K->7415K(1056768K)
[1.340s][info][gc           ] GC(58) Pause Young (Allocation Failure) 139M->2M(494M) 0.874ms
[1.340s][info][gc,cpu       ] GC(58) User=0.00s Sys=0.00s Real=0.00s
[1.357s][info][gc,start     ] GC(59) Pause Young (Allocation Failure)
[1.358s][info][gc,heap      ] GC(59) DefNew: 140645K->881K(157248K)
[1.358s][info][gc,heap      ] GC(59) Tenured: 2051K->2071K(349568K)
[1.358s][info][gc,metaspace ] GC(59) Metaspace: 7415K->7415K(1056768K)
[1.358s][info][gc           ] GC(59) Pause Young (Allocation Failure) 139M->2M(494M) 0.902ms
[1.358s][info][gc,cpu       ] GC(59) User=0.00s Sys=0.00s Real=0.00s
[1.375s][info][gc,start     ] GC(60) Pause Young (Allocation Failure)
[1.376s][info][gc,heap      ] GC(60) DefNew: 140657K->880K(157248K)
[1.376s][info][gc,heap      ] GC(60) Tenured: 2071K->2100K(349568K)
[1.376s][info][gc,metaspace ] GC(60) Metaspace: 7415K->7415K(1056768K)
[1.376s][info][gc           ] GC(60) Pause Young (Allocation Failure) 139M->2M(494M) 0.839ms
[1.376s][info][gc,cpu       ] GC(60) User=0.01s Sys=0.00s Real=0.00s
[1.393s][info][gc,start     ] GC(61) Pause Young (Allocation Failure)
[1.393s][info][gc,heap      ] GC(61) DefNew: 140656K->879K(157248K)
[1.393s][info][gc,heap      ] GC(61) Tenured: 2100K->2130K(349568K)
[1.393s][info][gc,metaspace ] GC(61) Metaspace: 7415K->7415K(1056768K)
[1.393s][info][gc           ] GC(61) Pause Young (Allocation Failure) 139M->2M(494M) 0.860ms
[1.393s][info][gc,cpu       ] GC(61) User=0.00s Sys=0.00s Real=0.00s
[1.412s][info][gc,start     ] GC(62) Pause Young (Allocation Failure)
[1.412s][info][gc,heap      ] GC(62) DefNew: 140655K->876K(157248K)
[1.412s][info][gc,heap      ] GC(62) Tenured: 2130K->2159K(349568K)
[1.412s][info][gc,metaspace ] GC(62) Metaspace: 7415K->7415K(1056768K)
[1.413s][info][gc           ] GC(62) Pause Young (Allocation Failure) 139M->2M(494M) 0.870ms
[1.413s][info][gc,cpu       ] GC(62) User=0.00s Sys=0.00s Real=0.00s
[1.428s][info][gc,start     ] GC(63) Pause Young (Allocation Failure)
[1.428s][info][gc,heap      ] GC(63) DefNew: 140652K->874K(157248K)
[1.428s][info][gc,heap      ] GC(63) Tenured: 2159K->2188K(349568K)
[1.428s][info][gc,metaspace ] GC(63) Metaspace: 7415K->7415K(1056768K)
[1.428s][info][gc           ] GC(63) Pause Young (Allocation Failure) 139M->2M(494M) 0.823ms
[1.428s][info][gc,cpu       ] GC(63) User=0.01s Sys=0.00s Real=0.00s
[1.444s][info][gc,start     ] GC(64) Pause Young (Allocation Failure)
[1.445s][info][gc,heap      ] GC(64) DefNew: 140650K->873K(157248K)
[1.445s][info][gc,heap      ] GC(64) Tenured: 2188K->2218K(349568K)
[1.445s][info][gc,metaspace ] GC(64) Metaspace: 7415K->7415K(1056768K)
[1.445s][info][gc           ] GC(64) Pause Young (Allocation Failure) 139M->3M(494M) 0.791ms
[1.445s][info][gc,cpu       ] GC(64) User=0.00s Sys=0.00s Real=0.00s
[1.460s][info][gc,start     ] GC(65) Pause Young (Allocation Failure)
[1.461s][info][gc,heap      ] GC(65) DefNew: 140649K->882K(157248K)
[1.461s][info][gc,heap      ] GC(65) Tenured: 2218K->2237K(349568K)
[1.461s][info][gc,metaspace ] GC(65) Metaspace: 7415K->7415K(1056768K)
[1.461s][info][gc           ] GC(65) Pause Young (Allocation Failure) 139M->3M(494M) 1.058ms
[1.461s][info][gc,cpu       ] GC(65) User=0.00s Sys=0.00s Real=0.00s
[1.477s][info][gc,start     ] GC(66) Pause Young (Allocation Failure)
[1.478s][info][gc,heap      ] GC(66) DefNew: 140658K->717K(157248K)
[1.478s][info][gc,heap      ] GC(66) Tenured: 2237K->2431K(349568K)
[1.478s][info][gc,metaspace ] GC(66) Metaspace: 7415K->7415K(1056768K)
[1.478s][info][gc           ] GC(66) Pause Young (Allocation Failure) 139M->3M(494M) 1.097ms
[1.478s][info][gc,cpu       ] GC(66) User=0.00s Sys=0.00s Real=0.00s
[1.494s][info][gc,start     ] GC(67) Pause Young (Allocation Failure)
[1.495s][info][gc,heap      ] GC(67) DefNew: 140493K->592K(157248K)
[1.495s][info][gc,heap      ] GC(67) Tenured: 2431K->2584K(349568K)
[1.495s][info][gc,metaspace ] GC(67) Metaspace: 7415K->7415K(1056768K)
[1.495s][info][gc           ] GC(67) Pause Young (Allocation Failure) 139M->3M(494M) 0.870ms
[1.495s][info][gc,cpu       ] GC(67) User=0.00s Sys=0.00s Real=0.00s
[1.511s][info][gc,start     ] GC(68) Pause Young (Allocation Failure)
[1.512s][info][gc,heap      ] GC(68) DefNew: 140368K->423K(157248K)
[1.512s][info][gc,heap      ] GC(68) Tenured: 2584K->2780K(349568K)
[1.512s][info][gc,metaspace ] GC(68) Metaspace: 7415K->7415K(1056768K)
[1.512s][info][gc           ] GC(68) Pause Young (Allocation Failure) 139M->3M(494M) 0.664ms
[1.512s][info][gc,cpu       ] GC(68) User=0.00s Sys=0.00s Real=0.00s
[1.527s][info][gc,start     ] GC(69) Pause Young (Allocation Failure)
[1.527s][info][gc,heap      ] GC(69) DefNew: 140199K->420K(157248K)
[1.527s][info][gc,heap      ] GC(69) Tenured: 2780K->2809K(349568K)
[1.527s][info][gc,metaspace ] GC(69) Metaspace: 7415K->7415K(1056768K)
[1.527s][info][gc           ] GC(69) Pause Young (Allocation Failure) 139M->3M(494M) 0.380ms
[1.527s][info][gc,cpu       ] GC(69) User=0.00s Sys=0.00s Real=0.00s
[1.544s][info][gc,start     ] GC(70) Pause Young (Allocation Failure)
[1.545s][info][gc,heap      ] GC(70) DefNew: 140196K->419K(157248K)
[1.545s][info][gc,heap      ] GC(70) Tenured: 2809K->2838K(349568K)
[1.545s][info][gc,metaspace ] GC(70) Metaspace: 7415K->7415K(1056768K)
[1.545s][info][gc           ] GC(70) Pause Young (Allocation Failure) 139M->3M(494M) 0.302ms
[1.545s][info][gc,cpu       ] GC(70) User=0.00s Sys=0.00s Real=0.00s
[1.561s][info][gc,start     ] GC(71) Pause Young (Allocation Failure)
[1.561s][info][gc,heap      ] GC(71) DefNew: 140195K->428K(157248K)
[1.561s][info][gc,heap      ] GC(71) Tenured: 2838K->2858K(349568K)
[1.561s][info][gc,metaspace ] GC(71) Metaspace: 7415K->7415K(1056768K)
[1.561s][info][gc           ] GC(71) Pause Young (Allocation Failure) 139M->3M(494M) 0.358ms
[1.561s][info][gc,cpu       ] GC(71) User=0.00s Sys=0.00s Real=0.00s
[1.579s][info][gc,start     ] GC(72) Pause Young (Allocation Failure)
[1.579s][info][gc,heap      ] GC(72) DefNew: 140204K->427K(157248K)
[1.579s][info][gc,heap      ] GC(72) Tenured: 2858K->2887K(349568K)
[1.579s][info][gc,metaspace ] GC(72) Metaspace: 7415K->7415K(1056768K)
[1.579s][info][gc           ] GC(72) Pause Young (Allocation Failure) 139M->3M(494M) 0.287ms
[1.579s][info][gc,cpu       ] GC(72) User=0.00s Sys=0.00s Real=0.00s
[1.596s][info][gc,start     ] GC(73) Pause Young (Allocation Failure)
[1.597s][info][gc,heap      ] GC(73) DefNew: 140203K->426K(157248K)
[1.597s][info][gc,heap      ] GC(73) Tenured: 2887K->2917K(349568K)
[1.597s][info][gc,metaspace ] GC(73) Metaspace: 7415K->7415K(1056768K)
[1.597s][info][gc           ] GC(73) Pause Young (Allocation Failure) 139M->3M(494M) 0.478ms
[1.597s][info][gc,cpu       ] GC(73) User=0.00s Sys=0.00s Real=0.00s
[1.615s][info][gc,start     ] GC(74) Pause Young (Allocation Failure)
[1.615s][info][gc,heap      ] GC(74) DefNew: 140202K->424K(157248K)
[1.615s][info][gc,heap      ] GC(74) Tenured: 2917K->2946K(349568K)
[1.615s][info][gc,metaspace ] GC(74) Metaspace: 7415K->7415K(1056768K)
[1.615s][info][gc           ] GC(74) Pause Young (Allocation Failure) 139M->3M(494M) 0.354ms
[1.615s][info][gc,cpu       ] GC(74) User=0.00s Sys=0.00s Real=0.00s
[1.633s][info][gc,start     ] GC(75) Pause Young (Allocation Failure)
[1.633s][info][gc,heap      ] GC(75) DefNew: 140200K->422K(157248K)
[1.633s][info][gc,heap      ] GC(75) Tenured: 2946K->2975K(349568K)
[1.633s][info][gc,metaspace ] GC(75) Metaspace: 7415K->7415K(1056768K)
[1.633s][info][gc           ] GC(75) Pause Young (Allocation Failure) 139M->3M(494M) 0.299ms
[1.633s][info][gc,cpu       ] GC(75) User=0.00s Sys=0.00s Real=0.00s
[1.648s][info][gc,start     ] GC(76) Pause Young (Allocation Failure)
[1.648s][info][gc,heap      ] GC(76) DefNew: 140198K->420K(157248K)
[1.648s][info][gc,heap      ] GC(76) Tenured: 2975K->3005K(349568K)
[1.648s][info][gc,metaspace ] GC(76) Metaspace: 7415K->7415K(1056768K)
[1.648s][info][gc           ] GC(76) Pause Young (Allocation Failure) 139M->3M(494M) 0.339ms
[1.648s][info][gc,cpu       ] GC(76) User=0.00s Sys=0.00s Real=0.00s
[1.663s][info][gc,start     ] GC(77) Pause Young (Allocation Failure)
[1.663s][info][gc,heap      ] GC(77) DefNew: 140196K->419K(157248K)
[1.663s][info][gc,heap      ] GC(77) Tenured: 3005K->3034K(349568K)
[1.663s][info][gc,metaspace ] GC(77) Metaspace: 7415K->7415K(1056768K)
[1.663s][info][gc           ] GC(77) Pause Young (Allocation Failure) 139M->3M(494M) 0.274ms
[1.663s][info][gc,cpu       ] GC(77) User=0.01s Sys=0.00s Real=0.00s
[1.679s][info][gc,start     ] GC(78) Pause Young (Allocation Failure)
[1.679s][info][gc,heap      ] GC(78) DefNew: 140195K->428K(157248K)
[1.679s][info][gc,heap      ] GC(78) Tenured: 3034K->3054K(349568K)
[1.679s][info][gc,metaspace ] GC(78) Metaspace: 7415K->7415K(1056768K)
[1.679s][info][gc           ] GC(78) Pause Young (Allocation Failure) 139M->3M(494M) 0.315ms
[1.679s][info][gc,cpu       ] GC(78) User=0.00s Sys=0.00s Real=0.00s
[1.696s][info][gc,start     ] GC(79) Pause Young (Allocation Failure)
[1.696s][info][gc,heap      ] GC(79) DefNew: 140204K->427K(157248K)
[1.696s][info][gc,heap      ] GC(79) Tenured: 3054K->3083K(349568K)
[1.696s][info][gc,metaspace ] GC(79) Metaspace: 7415K->7415K(1056768K)
[1.697s][info][gc           ] GC(79) Pause Young (Allocation Failure) 139M->3M(494M) 0.322ms
[1.697s][info][gc,cpu       ] GC(79) User=0.00s Sys=0.00s Real=0.00s
[1.712s][info][gc,start     ] GC(80) Pause Young (Allocation Failure)
[1.712s][info][gc,heap      ] GC(80) DefNew: 140203K->425K(157248K)
[1.712s][info][gc,heap      ] GC(80) Tenured: 3083K->3112K(349568K)
[1.712s][info][gc,metaspace ] GC(80) Metaspace: 7415K->7415K(1056768K)
[1.712s][info][gc           ] GC(80) Pause Young (Allocation Failure) 139M->3M(494M) 0.319ms
[1.712s][info][gc,cpu       ] GC(80) User=0.00s Sys=0.00s Real=0.00s
[1.728s][info][gc,start     ] GC(81) Pause Young (Allocation Failure)
[1.728s][info][gc,heap      ] GC(81) DefNew: 140201K->424K(157248K)
[1.728s][info][gc,heap      ] GC(81) Tenured: 3112K->3142K(349568K)
[1.728s][info][gc,metaspace ] GC(81) Metaspace: 7415K->7415K(1056768K)
[1.728s][info][gc           ] GC(81) Pause Young (Allocation Failure) 139M->3M(494M) 0.302ms
[1.728s][info][gc,cpu       ] GC(81) User=0.00s Sys=0.00s Real=0.00s
[1.744s][info][gc,start     ] GC(82) Pause Young (Allocation Failure)
[1.745s][info][gc,heap      ] GC(82) DefNew: 140200K->420K(157248K)
[1.745s][info][gc,heap      ] GC(82) Tenured: 3142K->3171K(349568K)
[1.745s][info][gc,metaspace ] GC(82) Metaspace: 7415K->7415K(1056768K)
[1.745s][info][gc           ] GC(82) Pause Young (Allocation Failure) 139M->3M(494M) 0.555ms
[1.745s][info][gc,cpu       ] GC(82) User=0.00s Sys=0.00s Real=0.00s
[1.761s][info][gc,start     ] GC(83) Pause Young (Allocation Failure)
[1.762s][info][gc,heap      ] GC(83) DefNew: 140196K->419K(157248K)
[1.762s][info][gc,heap      ] GC(83) Tenured: 3171K->3200K(349568K)
[1.762s][info][gc,metaspace ] GC(83) Metaspace: 7415K->7415K(1056768K)
[1.762s][info][gc           ] GC(83) Pause Young (Allocation Failure) 140M->3M(494M) 0.298ms
[1.762s][info][gc,cpu       ] GC(83) User=0.00s Sys=0.00s Real=0.00s
[1.778s][info][gc,start     ] GC(84) Pause Young (Allocation Failure)
[1.778s][info][gc,heap      ] GC(84) DefNew: 140195K->428K(157248K)
[1.778s][info][gc,heap      ] GC(84) Tenured: 3200K->3220K(349568K)
[1.778s][info][gc,metaspace ] GC(84) Metaspace: 7415K->7415K(1056768K)
[1.778s][info][gc           ] GC(84) Pause Young (Allocation Failure) 140M->3M(494M) 0.289ms
[1.778s][info][gc,cpu       ] GC(84) User=0.00s Sys=0.00s Real=0.00s
[1.795s][info][gc,start     ] GC(85) Pause Young (Allocation Failure)
[1.795s][info][gc,heap      ] GC(85) DefNew: 140204K->427K(157248K)
[1.795s][info][gc,heap      ] GC(85) Tenured: 3220K->3249K(349568K)
[1.795s][info][gc,metaspace ] GC(85) Metaspace: 7415K->7415K(1056768K)
[1.795s][info][gc           ] GC(85) Pause Young (Allocation Failure) 140M->3M(494M) 0.298ms
[1.795s][info][gc,cpu       ] GC(85) User=0.00s Sys=0.00s Real=0.00s
[1.812s][info][gc,start     ] GC(86) Pause Young (Allocation Failure)
[1.812s][info][gc,heap      ] GC(86) DefNew: 140203K->426K(157248K)
[1.812s][info][gc,heap      ] GC(86) Tenured: 3249K->3279K(349568K)
[1.812s][info][gc,metaspace ] GC(86) Metaspace: 7415K->7415K(1056768K)
[1.812s][info][gc           ] GC(86) Pause Young (Allocation Failure) 140M->3M(494M) 0.375ms
[1.812s][info][gc,cpu       ] GC(86) User=0.00s Sys=0.00s Real=0.00s
[1.829s][info][gc,start     ] GC(87) Pause Young (Allocation Failure)
[1.830s][info][gc,heap      ] GC(87) DefNew: 140202K->425K(157248K)
[1.830s][info][gc,heap      ] GC(87) Tenured: 3279K->3308K(349568K)
[1.830s][info][gc,metaspace ] GC(87) Metaspace: 7415K->7415K(1056768K)
[1.830s][info][gc           ] GC(87) Pause Young (Allocation Failure) 140M->3M(494M) 0.315ms
[1.830s][info][gc,cpu       ] GC(87) User=0.00s Sys=0.00s Real=0.00s
[1.845s][info][gc,start     ] GC(88) Pause Young (Allocation Failure)
[1.845s][info][gc,heap      ] GC(88) DefNew: 140201K->423K(157248K)
[1.845s][info][gc,heap      ] GC(88) Tenured: 3308K->3337K(349568K)
[1.845s][info][gc,metaspace ] GC(88) Metaspace: 7415K->7415K(1056768K)
[1.845s][info][gc           ] GC(88) Pause Young (Allocation Failure) 140M->3M(494M) 0.301ms
[1.845s][info][gc,cpu       ] GC(88) User=0.00s Sys=0.00s Real=0.00s
[1.859s][info][gc,start     ] GC(89) Pause Young (Allocation Failure)
[1.859s][info][gc,heap      ] GC(89) DefNew: 140199K->420K(157248K)
[1.859s][info][gc,heap      ] GC(89) Tenured: 3337K->3367K(349568K)
[1.859s][info][gc,metaspace ] GC(89) Metaspace: 7415K->7415K(1056768K)
[1.859s][info][gc           ] GC(89) Pause Young (Allocation Failure) 140M->3M(494M) 0.276ms
[1.859s][info][gc,cpu       ] GC(89) User=0.00s Sys=0.00s Real=0.00s
[1.875s][info][gc,start     ] GC(90) Pause Young (Allocation Failure)
[1.876s][info][gc,heap      ] GC(90) DefNew: 140196K->419K(157248K)
[1.876s][info][gc,heap      ] GC(90) Tenured: 3367K->3396K(349568K)
[1.876s][info][gc,metaspace ] GC(90) Metaspace: 7415K->7415K(1056768K)
[1.876s][info][gc           ] GC(90) Pause Young (Allocation Failure) 140M->3M(494M) 0.323ms
[1.876s][info][gc,cpu       ] GC(90) User=0.00s Sys=0.00s Real=0.00s
[1.891s][info][gc,start     ] GC(91) Pause Young (Allocation Failure)
[1.891s][info][gc,heap      ] GC(91) DefNew: 140195K->428K(157248K)
[1.891s][info][gc,heap      ] GC(91) Tenured: 3396K->3415K(349568K)
[1.891s][info][gc,metaspace ] GC(91) Metaspace: 7415K->7415K(1056768K)
[1.891s][info][gc           ] GC(91) Pause Young (Allocation Failure) 140M->3M(494M) 0.285ms
[1.891s][info][gc,cpu       ] GC(91) User=0.00s Sys=0.00s Real=0.00s
[1.906s][info][gc,start     ] GC(92) Pause Young (Allocation Failure)
[1.906s][info][gc,heap      ] GC(92) DefNew: 140204K->427K(157248K)
[1.906s][info][gc,heap      ] GC(92) Tenured: 3415K->3445K(349568K)
[1.906s][info][gc,metaspace ] GC(92) Metaspace: 7415K->7415K(1056768K)
[1.906s][info][gc           ] GC(92) Pause Young (Allocation Failure) 140M->3M(494M) 0.270ms
[1.906s][info][gc,cpu       ] GC(92) User=0.00s Sys=0.00s Real=0.00s
[1.922s][info][gc,start     ] GC(93) Pause Young (Allocation Failure)
[1.922s][info][gc,heap      ] GC(93) DefNew: 140203K->426K(157248K)
[1.922s][info][gc,heap      ] GC(93) Tenured: 3445K->3474K(349568K)
[1.922s][info][gc,metaspace ] GC(93) Metaspace: 7415K->7415K(1056768K)
[1.922s][info][gc           ] GC(93) Pause Young (Allocation Failure) 140M->3M(494M) 0.273ms
[1.922s][info][gc,cpu       ] GC(93) User=0.00s Sys=0.00s Real=0.00s
[1.939s][info][gc,start     ] GC(94) Pause Young (Allocation Failure)
[1.939s][info][gc,heap      ] GC(94) DefNew: 140202K->424K(157248K)
[1.939s][info][gc,heap      ] GC(94) Tenured: 3474K->3504K(349568K)
[1.939s][info][gc,metaspace ] GC(94) Metaspace: 7415K->7415K(1056768K)
[1.939s][info][gc           ] GC(94) Pause Young (Allocation Failure) 140M->3M(494M) 0.313ms
[1.939s][info][gc,cpu       ] GC(94) User=0.00s Sys=0.00s Real=0.00s
[1.956s][info][gc,start     ] GC(95) Pause Young (Allocation Failure)
[1.956s][info][gc,heap      ] GC(95) DefNew: 140200K->421K(157248K)
[1.956s][info][gc,heap      ] GC(95) Tenured: 3504K->3533K(349568K)
[1.956s][info][gc,metaspace ] GC(95) Metaspace: 7415K->7415K(1056768K)
[1.956s][info][gc           ] GC(95) Pause Young (Allocation Failure) 140M->3M(494M) 0.333ms
[1.956s][info][gc,cpu       ] GC(95) User=0.00s Sys=0.00s Real=0.00s
[1.972s][info][gc,start     ] GC(96) Pause Young (Allocation Failure)
[1.973s][info][gc,heap      ] GC(96) DefNew: 140197K->419K(157248K)
[1.973s][info][gc,heap      ] GC(96) Tenured: 3533K->3562K(349568K)
[1.973s][info][gc,metaspace ] GC(96) Metaspace: 7415K->7415K(1056768K)
[1.973s][info][gc           ] GC(96) Pause Young (Allocation Failure) 140M->3M(494M) 0.313ms
[1.973s][info][gc,cpu       ] GC(96) User=0.00s Sys=0.00s Real=0.00s
[1.989s][info][gc,start     ] GC(97) Pause Young (Allocation Failure)
[1.989s][info][gc,heap      ] GC(97) DefNew: 140195K->428K(157248K)
[1.989s][info][gc,heap      ] GC(97) Tenured: 3562K->3582K(349568K)
[1.989s][info][gc,metaspace ] GC(97) Metaspace: 7415K->7415K(1056768K)
[1.989s][info][gc           ] GC(97) Pause Young (Allocation Failure) 140M->3M(494M) 0.338ms
[1.989s][info][gc,cpu       ] GC(97) User=0.00s Sys=0.00s Real=0.00s
[2.006s][info][gc,start     ] GC(98) Pause Young (Allocation Failure)
[2.006s][info][gc,heap      ] GC(98) DefNew: 140204K->427K(157248K)
[2.006s][info][gc,heap      ] GC(98) Tenured: 3582K->3611K(349568K)
[2.006s][info][gc,metaspace ] GC(98) Metaspace: 7415K->7415K(1056768K)
[2.006s][info][gc           ] GC(98) Pause Young (Allocation Failure) 140M->3M(494M) 0.316ms
[2.006s][info][gc,cpu       ] GC(98) User=0.00s Sys=0.00s Real=0.00s
[2.023s][info][gc,start     ] GC(99) Pause Young (Allocation Failure)
[2.024s][info][gc,heap      ] GC(99) DefNew: 140203K->426K(157248K)
[2.024s][info][gc,heap      ] GC(99) Tenured: 3611K->3640K(349568K)
[2.024s][info][gc,metaspace ] GC(99) Metaspace: 7415K->7415K(1056768K)
[2.024s][info][gc           ] GC(99) Pause Young (Allocation Failure) 140M->3M(494M) 0.395ms
[2.024s][info][gc,cpu       ] GC(99) User=0.00s Sys=0.00s Real=0.00s
[2.043s][info][gc,start     ] GC(100) Pause Young (Allocation Failure)
[2.043s][info][gc,heap      ] GC(100) DefNew: 140202K->425K(157248K)
[2.043s][info][gc,heap      ] GC(100) Tenured: 3640K->3670K(349568K)
[2.043s][info][gc,metaspace ] GC(100) Metaspace: 7415K->7415K(1056768K)
[2.043s][info][gc           ] GC(100) Pause Young (Allocation Failure) 140M->3M(494M) 0.376ms
[2.043s][info][gc,cpu       ] GC(100) User=0.00s Sys=0.00s Real=0.00s
[2.061s][info][gc,start     ] GC(101) Pause Young (Allocation Failure)
[2.062s][info][gc,heap      ] GC(101) DefNew: 140201K->423K(157248K)
[2.062s][info][gc,heap      ] GC(101) Tenured: 3670K->3699K(349568K)
[2.062s][info][gc,metaspace ] GC(101) Metaspace: 7415K->7415K(1056768K)
[2.062s][info][gc           ] GC(101) Pause Young (Allocation Failure) 140M->4M(494M) 0.517ms
[2.062s][info][gc,cpu       ] GC(101) User=0.00s Sys=0.00s Real=0.00s
[2.080s][info][gc,start     ] GC(102) Pause Young (Allocation Failure)
[2.080s][info][gc,heap      ] GC(102) DefNew: 140199K->420K(157248K)
[2.080s][info][gc,heap      ] GC(102) Tenured: 3699K->3728K(349568K)
[2.080s][info][gc,metaspace ] GC(102) Metaspace: 7415K->7415K(1056768K)
[2.080s][info][gc           ] GC(102) Pause Young (Allocation Failure) 140M->4M(494M) 0.342ms
[2.080s][info][gc,cpu       ] GC(102) User=0.00s Sys=0.00s Real=0.00s
[2.097s][info][gc,start     ] GC(103) Pause Young (Allocation Failure)
[2.098s][info][gc,heap      ] GC(103) DefNew: 140196K->419K(157248K)
[2.098s][info][gc,heap      ] GC(103) Tenured: 3728K->3758K(349568K)
[2.098s][info][gc,metaspace ] GC(103) Metaspace: 7415K->7415K(1056768K)
[2.098s][info][gc           ] GC(103) Pause Young (Allocation Failure) 140M->4M(494M) 0.331ms
[2.098s][info][gc,cpu       ] GC(103) User=0.00s Sys=0.00s Real=0.00s
[2.116s][info][gc,start     ] GC(104) Pause Young (Allocation Failure)
[2.117s][info][gc,heap      ] GC(104) DefNew: 140195K->428K(157248K)
[2.117s][info][gc,heap      ] GC(104) Tenured: 3758K->3777K(349568K)
[2.117s][info][gc,metaspace ] GC(104) Metaspace: 7415K->7415K(1056768K)
[2.117s][info][gc           ] GC(104) Pause Young (Allocation Failure) 140M->4M(494M) 0.318ms
[2.117s][info][gc,cpu       ] GC(104) User=0.00s Sys=0.00s Real=0.00s
[2.136s][info][gc,start     ] GC(105) Pause Young (Allocation Failure)
[2.136s][info][gc,heap      ] GC(105) DefNew: 140204K->427K(157248K)
[2.136s][info][gc,heap      ] GC(105) Tenured: 3777K->3807K(349568K)
[2.136s][info][gc,metaspace ] GC(105) Metaspace: 7415K->7415K(1056768K)
[2.136s][info][gc           ] GC(105) Pause Young (Allocation Failure) 140M->4M(494M) 0.313ms
[2.136s][info][gc,cpu       ] GC(105) User=0.00s Sys=0.00s Real=0.00s
[2.153s][info][gc,start     ] GC(106) Pause Young (Allocation Failure)
[2.153s][info][gc,heap      ] GC(106) DefNew: 140203K->426K(157248K)
[2.153s][info][gc,heap      ] GC(106) Tenured: 3807K->3836K(349568K)
[2.153s][info][gc,metaspace ] GC(106) Metaspace: 7415K->7415K(1056768K)
[2.153s][info][gc           ] GC(106) Pause Young (Allocation Failure) 140M->4M(494M) 0.368ms
[2.154s][info][gc,cpu       ] GC(106) User=0.00s Sys=0.00s Real=0.00s
[2.172s][info][gc,start     ] GC(107) Pause Young (Allocation Failure)
[2.172s][info][gc,heap      ] GC(107) DefNew: 140202K->424K(157248K)
[2.172s][info][gc,heap      ] GC(107) Tenured: 3836K->3865K(349568K)
[2.172s][info][gc,metaspace ] GC(107) Metaspace: 7415K->7415K(1056768K)
[2.172s][info][gc           ] GC(107) Pause Young (Allocation Failure) 140M->4M(494M) 0.366ms
[2.172s][info][gc,cpu       ] GC(107) User=0.00s Sys=0.00s Real=0.00s
[2.189s][info][gc,start     ] GC(108) Pause Young (Allocation Failure)
[2.189s][info][gc,heap      ] GC(108) DefNew: 140200K->422K(157248K)
[2.189s][info][gc,heap      ] GC(108) Tenured: 3865K->3895K(349568K)
[2.189s][info][gc,metaspace ] GC(108) Metaspace: 7415K->7415K(1056768K)
[2.189s][info][gc           ] GC(108) Pause Young (Allocation Failure) 140M->4M(494M) 0.333ms
[2.189s][info][gc,cpu       ] GC(108) User=0.00s Sys=0.00s Real=0.00s
[2.205s][info][gc,start     ] GC(109) Pause Young (Allocation Failure)
[2.205s][info][gc,heap      ] GC(109) DefNew: 140198K->419K(157248K)
[2.205s][info][gc,heap      ] GC(109) Tenured: 3895K->3924K(349568K)
[2.205s][info][gc,metaspace ] GC(109) Metaspace: 7415K->7415K(1056768K)
[2.205s][info][gc           ] GC(109) Pause Young (Allocation Failure) 140M->4M(494M) 0.320ms
[2.206s][info][gc,cpu       ] GC(109) User=0.00s Sys=0.00s Real=0.00s
[2.222s][info][gc,start     ] GC(110) Pause Young (Allocation Failure)
[2.222s][info][gc,heap      ] GC(110) DefNew: 140195K->419K(157248K)
[2.222s][info][gc,heap      ] GC(110) Tenured: 3924K->3953K(349568K)
[2.222s][info][gc,metaspace ] GC(110) Metaspace: 7415K->7415K(1056768K)
[2.222s][info][gc           ] GC(110) Pause Young (Allocation Failure) 140M->4M(494M) 0.310ms
[2.222s][info][gc,cpu       ] GC(110) User=0.00s Sys=0.00s Real=0.00s
[2.241s][info][gc,start     ] GC(111) Pause Young (Allocation Failure)
[2.241s][info][gc,heap      ] GC(111) DefNew: 140195K->427K(157248K)
[2.241s][info][gc,heap      ] GC(111) Tenured: 3953K->3973K(349568K)
[2.241s][info][gc,metaspace ] GC(111) Metaspace: 7415K->7415K(1056768K)
[2.241s][info][gc           ] GC(111) Pause Young (Allocation Failure) 140M->4M(494M) 0.346ms
[2.241s][info][gc,cpu       ] GC(111) User=0.00s Sys=0.00s Real=0.00s
[2.257s][info][gc,start     ] GC(112) Pause Young (Allocation Failure)
[2.258s][info][gc,heap      ] GC(112) DefNew: 140203K->426K(157248K)
[2.258s][info][gc,heap      ] GC(112) Tenured: 3973K->4002K(349568K)
[2.258s][info][gc,metaspace ] GC(112) Metaspace: 7415K->7415K(1056768K)
[2.258s][info][gc           ] GC(112) Pause Young (Allocation Failure) 140M->4M(494M) 0.324ms
[2.258s][info][gc,cpu       ] GC(112) User=0.00s Sys=0.00s Real=0.00s
[2.276s][info][gc,start     ] GC(113) Pause Young (Allocation Failure)
[2.276s][info][gc,heap      ] GC(113) DefNew: 140202K->425K(157248K)
[2.276s][info][gc,heap      ] GC(113) Tenured: 4002K->4032K(349568K)
[2.276s][info][gc,metaspace ] GC(113) Metaspace: 7415K->7415K(1056768K)
[2.276s][info][gc           ] GC(113) Pause Young (Allocation Failure) 140M->4M(494M) 0.344ms
[2.276s][info][gc,cpu       ] GC(113) User=0.00s Sys=0.00s Real=0.00s
[2.292s][info][gc,start     ] GC(114) Pause Young (Allocation Failure)
[2.292s][info][gc,heap      ] GC(114) DefNew: 140201K->423K(157248K)
[2.292s][info][gc,heap      ] GC(114) Tenured: 4032K->4061K(349568K)
[2.292s][info][gc,metaspace ] GC(114) Metaspace: 7415K->7415K(1056768K)
[2.292s][info][gc           ] GC(114) Pause Young (Allocation Failure) 140M->4M(494M) 0.315ms
[2.292s][info][gc,cpu       ] GC(114) User=0.00s Sys=0.00s Real=0.00s
[2.308s][info][gc,start     ] GC(115) Pause Young (Allocation Failure)
[2.308s][info][gc,heap      ] GC(115) DefNew: 140199K->420K(157248K)
[2.308s][info][gc,heap      ] GC(115) Tenured: 4061K->4090K(349568K)
[2.308s][info][gc,metaspace ] GC(115) Metaspace: 7415K->7415K(1056768K)
[2.308s][info][gc           ] GC(115) Pause Young (Allocation Failure) 140M->4M(494M) 0.311ms
[2.308s][info][gc,cpu       ] GC(115) User=0.00s Sys=0.00s Real=0.00s
[2.324s][info][gc,start     ] GC(116) Pause Young (Allocation Failure)
[2.325s][info][gc,heap      ] GC(116) DefNew: 140196K->419K(157248K)
[2.325s][info][gc,heap      ] GC(116) Tenured: 4090K->4120K(349568K)
[2.325s][info][gc,metaspace ] GC(116) Metaspace: 7415K->7415K(1056768K)
[2.325s][info][gc           ] GC(116) Pause Young (Allocation Failure) 140M->4M(494M) 0.345ms
[2.325s][info][gc,cpu       ] GC(116) User=0.00s Sys=0.00s Real=0.00s
[2.342s][info][gc,start     ] GC(117) Pause Young (Allocation Failure)
[2.342s][info][gc,heap      ] GC(117) DefNew: 140195K->428K(157248K)
[2.342s][info][gc,heap      ] GC(117) Tenured: 4120K->4139K(349568K)
[2.342s][info][gc,metaspace ] GC(117) Metaspace: 7415K->7415K(1056768K)
[2.342s][info][gc           ] GC(117) Pause Young (Allocation Failure) 140M->4M(494M) 0.295ms
[2.342s][info][gc,cpu       ] GC(117) User=0.00s Sys=0.00s Real=0.00s
[2.361s][info][gc,start     ] GC(118) Pause Young (Allocation Failure)
[2.361s][info][gc,heap      ] GC(118) DefNew: 140204K->427K(157248K)
[2.361s][info][gc,heap      ] GC(118) Tenured: 4139K->4169K(349568K)
[2.361s][info][gc,metaspace ] GC(118) Metaspace: 7415K->7415K(1056768K)
[2.361s][info][gc           ] GC(118) Pause Young (Allocation Failure) 140M->4M(494M) 0.307ms
[2.361s][info][gc,cpu       ] GC(118) User=0.00s Sys=0.00s Real=0.00s
[2.377s][info][gc,start     ] GC(119) Pause Young (Allocation Failure)
[2.377s][info][gc,heap      ] GC(119) DefNew: 140203K->426K(157248K)
[2.377s][info][gc,heap      ] GC(119) Tenured: 4169K->4198K(349568K)
[2.377s][info][gc,metaspace ] GC(119) Metaspace: 7415K->7415K(1056768K)
[2.377s][info][gc           ] GC(119) Pause Young (Allocation Failure) 140M->4M(494M) 0.309ms
[2.377s][info][gc,cpu       ] GC(119) User=0.00s Sys=0.00s Real=0.00s
[2.396s][info][gc,start     ] GC(120) Pause Young (Allocation Failure)
[2.396s][info][gc,heap      ] GC(120) DefNew: 140202K->425K(157248K)
[2.396s][info][gc,heap      ] GC(120) Tenured: 4198K->4227K(349568K)
[2.396s][info][gc,metaspace ] GC(120) Metaspace: 7415K->7415K(1056768K)
[2.396s][info][gc           ] GC(120) Pause Young (Allocation Failure) 141M->4M(494M) 0.323ms
[2.396s][info][gc,cpu       ] GC(120) User=0.00s Sys=0.00s Real=0.00s
[2.414s][info][gc,start     ] GC(121) Pause Young (Allocation Failure)
[2.415s][info][gc,heap      ] GC(121) DefNew: 140201K->422K(157248K)
[2.415s][info][gc,heap      ] GC(121) Tenured: 4227K->4257K(349568K)
[2.415s][info][gc,metaspace ] GC(121) Metaspace: 7415K->7415K(1056768K)
[2.415s][info][gc           ] GC(121) Pause Young (Allocation Failure) 141M->4M(494M) 0.547ms
[2.415s][info][gc,cpu       ] GC(121) User=0.00s Sys=0.00s Real=0.00s
[2.433s][info][gc,start     ] GC(122) Pause Young (Allocation Failure)
[2.433s][info][gc,heap      ] GC(122) DefNew: 140198K->420K(157248K)
[2.433s][info][gc,heap      ] GC(122) Tenured: 4257K->4286K(349568K)
[2.433s][info][gc,metaspace ] GC(122) Metaspace: 7415K->7415K(1056768K)
[2.433s][info][gc           ] GC(122) Pause Young (Allocation Failure) 141M->4M(494M) 0.326ms
[2.433s][info][gc,cpu       ] GC(122) User=0.00s Sys=0.00s Real=0.00s
[2.450s][info][gc,start     ] GC(123) Pause Young (Allocation Failure)
[2.450s][info][gc,heap      ] GC(123) DefNew: 140196K->419K(157248K)
[2.450s][info][gc,heap      ] GC(123) Tenured: 4286K->4315K(349568K)
[2.450s][info][gc,metaspace ] GC(123) Metaspace: 7415K->7415K(1056768K)
[2.450s][info][gc           ] GC(123) Pause Young (Allocation Failure) 141M->4M(494M) 0.317ms
[2.450s][info][gc,cpu       ] GC(123) User=0.00s Sys=0.00s Real=0.00s
[2.467s][info][gc,start     ] GC(124) Pause Young (Allocation Failure)
[2.468s][info][gc,heap      ] GC(124) DefNew: 140195K->428K(157248K)
[2.468s][info][gc,heap      ] GC(124) Tenured: 4315K->4335K(349568K)
[2.468s][info][gc,metaspace ] GC(124) Metaspace: 7415K->7415K(1056768K)
[2.468s][info][gc           ] GC(124) Pause Young (Allocation Failure) 141M->4M(494M) 0.367ms
[2.468s][info][gc,cpu       ] GC(124) User=0.00s Sys=0.00s Real=0.00s
[2.487s][info][gc,start     ] GC(125) Pause Young (Allocation Failure)
[2.487s][info][gc,heap      ] GC(125) DefNew: 140204K->427K(157248K)
[2.487s][info][gc,heap      ] GC(125) Tenured: 4335K->4364K(349568K)
[2.487s][info][gc,metaspace ] GC(125) Metaspace: 7415K->7415K(1056768K)
[2.487s][info][gc           ] GC(125) Pause Young (Allocation Failure) 141M->4M(494M) 0.351ms
[2.487s][info][gc,cpu       ] GC(125) User=0.00s Sys=0.00s Real=0.00s
[2.506s][info][gc,start     ] GC(126) Pause Young (Allocation Failure)
[2.506s][info][gc,heap      ] GC(126) DefNew: 140203K->425K(157248K)
[2.506s][info][gc,heap      ] GC(126) Tenured: 4364K->4394K(349568K)
[2.506s][info][gc,metaspace ] GC(126) Metaspace: 7415K->7415K(1056768K)
[2.506s][info][gc           ] GC(126) Pause Young (Allocation Failure) 141M->4M(494M) 0.363ms
[2.507s][info][gc,cpu       ] GC(126) User=0.00s Sys=0.00s Real=0.00s
[2.522s][info][gc,start     ] GC(127) Pause Young (Allocation Failure)
[2.522s][info][gc,heap      ] GC(127) DefNew: 140201K->424K(157248K)
[2.522s][info][gc,heap      ] GC(127) Tenured: 4394K->4423K(349568K)
[2.522s][info][gc,metaspace ] GC(127) Metaspace: 7415K->7415K(1056768K)
[2.522s][info][gc           ] GC(127) Pause Young (Allocation Failure) 141M->4M(494M) 0.324ms
[2.522s][info][gc,cpu       ] GC(127) User=0.00s Sys=0.00s Real=0.00s
[2.536s][info][gc,start     ] GC(128) Pause Young (Allocation Failure)
[2.536s][info][gc,heap      ] GC(128) DefNew: 140200K->420K(157248K)
[2.536s][info][gc,heap      ] GC(128) Tenured: 4423K->4452K(349568K)
[2.536s][info][gc,metaspace ] GC(128) Metaspace: 7415K->7415K(1056768K)
[2.536s][info][gc           ] GC(128) Pause Young (Allocation Failure) 141M->4M(494M) 0.334ms
[2.536s][info][gc,cpu       ] GC(128) User=0.00s Sys=0.00s Real=0.00s
[2.554s][info][gc,start     ] GC(129) Pause Young (Allocation Failure)
[2.554s][info][gc,heap      ] GC(129) DefNew: 140196K->419K(157248K)
[2.554s][info][gc,heap      ] GC(129) Tenured: 4452K->4482K(349568K)
[2.554s][info][gc,metaspace ] GC(129) Metaspace: 7415K->7415K(1056768K)
[2.554s][info][gc           ] GC(129) Pause Young (Allocation Failure) 141M->4M(494M) 0.327ms
[2.554s][info][gc,cpu       ] GC(129) User=0.01s Sys=0.00s Real=0.00s
[2.578s][info][gc,start     ] GC(130) Pause Young (Allocation Failure)
[2.579s][info][gc,heap      ] GC(130) DefNew: 140195K->428K(157248K)
[2.579s][info][gc,heap      ] GC(130) Tenured: 4482K->4501K(349568K)
[2.579s][info][gc,metaspace ] GC(130) Metaspace: 7415K->7415K(1056768K)
[2.579s][info][gc           ] GC(130) Pause Young (Allocation Failure) 141M->4M(494M) 0.387ms
[2.579s][info][gc,cpu       ] GC(130) User=0.00s Sys=0.00s Real=0.01s
[2.598s][info][gc,start     ] GC(131) Pause Young (Allocation Failure)
[2.598s][info][gc,heap      ] GC(131) DefNew: 140204K->427K(157248K)
[2.598s][info][gc,heap      ] GC(131) Tenured: 4501K->4531K(349568K)
[2.598s][info][gc,metaspace ] GC(131) Metaspace: 7415K->7415K(1056768K)
[2.598s][info][gc           ] GC(131) Pause Young (Allocation Failure) 141M->4M(494M) 0.423ms
[2.598s][info][gc,cpu       ] GC(131) User=0.00s Sys=0.00s Real=0.00s
[2.624s][info][gc,start     ] GC(132) Pause Young (Allocation Failure)
[2.624s][info][gc,heap      ] GC(132) DefNew: 140203K->426K(157248K)
[2.624s][info][gc,heap      ] GC(132) Tenured: 4531K->4560K(349568K)
[2.624s][info][gc,metaspace ] GC(132) Metaspace: 7415K->7415K(1056768K)
[2.624s][info][gc           ] GC(132) Pause Young (Allocation Failure) 141M->4M(494M) 0.321ms
[2.624s][info][gc,cpu       ] GC(132) User=0.00s Sys=0.00s Real=0.00s
[2.641s][info][gc,start     ] GC(133) Pause Young (Allocation Failure)
[2.641s][info][gc,heap      ] GC(133) DefNew: 140202K->425K(157248K)
[2.641s][info][gc,heap      ] GC(133) Tenured: 4560K->4589K(349568K)
[2.641s][info][gc,metaspace ] GC(133) Metaspace: 7415K->7415K(1056768K)
[2.641s][info][gc           ] GC(133) Pause Young (Allocation Failure) 141M->4M(494M) 0.336ms
[2.641s][info][gc,cpu       ] GC(133) User=0.00s Sys=0.00s Real=0.00s
[2.661s][info][gc,start     ] GC(134) Pause Young (Allocation Failure)
[2.662s][info][gc,heap      ] GC(134) DefNew: 140201K->423K(157248K)
[2.662s][info][gc,heap      ] GC(134) Tenured: 4589K->4619K(349568K)
[2.662s][info][gc,metaspace ] GC(134) Metaspace: 7415K->7415K(1056768K)
[2.662s][info][gc           ] GC(134) Pause Young (Allocation Failure) 141M->4M(494M) 0.577ms
[2.662s][info][gc,cpu       ] GC(134) User=0.01s Sys=0.00s Real=0.00s
[2.679s][info][gc,start     ] GC(135) Pause Young (Allocation Failure)
[2.680s][info][gc,heap      ] GC(135) DefNew: 140199K->420K(157248K)
[2.680s][info][gc,heap      ] GC(135) Tenured: 4619K->4648K(349568K)
[2.680s][info][gc,metaspace ] GC(135) Metaspace: 7415K->7415K(1056768K)
[2.680s][info][gc           ] GC(135) Pause Young (Allocation Failure) 141M->4M(494M) 0.320ms
[2.680s][info][gc,cpu       ] GC(135) User=0.00s Sys=0.00s Real=0.00s
[2.697s][info][gc,start     ] GC(136) Pause Young (Allocation Failure)
[2.697s][info][gc,heap      ] GC(136) DefNew: 140196K->419K(157248K)
[2.697s][info][gc,heap      ] GC(136) Tenured: 4648K->4677K(349568K)
[2.697s][info][gc,metaspace ] GC(136) Metaspace: 7415K->7415K(1056768K)
[2.697s][info][gc           ] GC(136) Pause Young (Allocation Failure) 141M->4M(494M) 0.299ms
[2.697s][info][gc,cpu       ] GC(136) User=0.00s Sys=0.00s Real=0.00s
[2.715s][info][gc,start     ] GC(137) Pause Young (Allocation Failure)
[2.715s][info][gc,heap      ] GC(137) DefNew: 140195K->428K(157248K)
[2.715s][info][gc,heap      ] GC(137) Tenured: 4677K->4697K(349568K)
[2.715s][info][gc,metaspace ] GC(137) Metaspace: 7415K->7415K(1056768K)
[2.715s][info][gc           ] GC(137) Pause Young (Allocation Failure) 141M->5M(494M) 0.317ms
[2.715s][info][gc,cpu       ] GC(137) User=0.00s Sys=0.00s Real=0.00s
[2.735s][info][gc,start     ] GC(138) Pause Young (Allocation Failure)
[2.736s][info][gc,heap      ] GC(138) DefNew: 140204K->427K(157248K)
[2.736s][info][gc,heap      ] GC(138) Tenured: 4697K->4726K(349568K)
[2.736s][info][gc,metaspace ] GC(138) Metaspace: 7415K->7415K(1056768K)
[2.736s][info][gc           ] GC(138) Pause Young (Allocation Failure) 141M->5M(494M) 0.361ms
[2.736s][info][gc,cpu       ] GC(138) User=0.00s Sys=0.00s Real=0.00s
[2.752s][info][gc,start     ] GC(139) Pause Young (Allocation Failure)
[2.752s][info][gc,heap      ] GC(139) DefNew: 140203K->426K(157248K)
[2.752s][info][gc,heap      ] GC(139) Tenured: 4726K->4756K(349568K)
[2.752s][info][gc,metaspace ] GC(139) Metaspace: 7415K->7415K(1056768K)
[2.752s][info][gc           ] GC(139) Pause Young (Allocation Failure) 141M->5M(494M) 0.320ms
[2.752s][info][gc,cpu       ] GC(139) User=0.00s Sys=0.00s Real=0.00s
[2.768s][info][gc,start     ] GC(140) Pause Young (Allocation Failure)
[2.768s][info][gc,heap      ] GC(140) DefNew: 140202K->424K(157248K)
[2.768s][info][gc,heap      ] GC(140) Tenured: 4756K->4785K(349568K)
[2.768s][info][gc,metaspace ] GC(140) Metaspace: 7415K->7415K(1056768K)
[2.769s][info][gc           ] GC(140) Pause Young (Allocation Failure) 141M->5M(494M) 0.344ms
[2.769s][info][gc,cpu       ] GC(140) User=0.00s Sys=0.00s Real=0.01s
[2.784s][info][gc,start     ] GC(141) Pause Young (Allocation Failure)
[2.785s][info][gc,heap      ] GC(141) DefNew: 140200K->421K(157248K)
[2.785s][info][gc,heap      ] GC(141) Tenured: 4785K->4814K(349568K)
[2.785s][info][gc,metaspace ] GC(141) Metaspace: 7415K->7415K(1056768K)
[2.785s][info][gc           ] GC(141) Pause Young (Allocation Failure) 141M->5M(494M) 0.696ms
[2.785s][info][gc,cpu       ] GC(141) User=0.00s Sys=0.00s Real=0.00s
[2.799s][info][gc,start     ] GC(142) Pause Young (Allocation Failure)
[2.800s][info][gc,heap      ] GC(142) DefNew: 140197K->419K(157248K)
[2.800s][info][gc,heap      ] GC(142) Tenured: 4814K->4844K(349568K)
[2.800s][info][gc,metaspace ] GC(142) Metaspace: 7415K->7415K(1056768K)
[2.800s][info][gc           ] GC(142) Pause Young (Allocation Failure) 141M->5M(494M) 0.276ms
[2.800s][info][gc,cpu       ] GC(142) User=0.00s Sys=0.00s Real=0.00s
[2.818s][info][gc,start     ] GC(143) Pause Young (Allocation Failure)
[2.818s][info][gc,heap      ] GC(143) DefNew: 140195K->428K(157248K)
[2.818s][info][gc,heap      ] GC(143) Tenured: 4844K->4863K(349568K)
[2.818s][info][gc,metaspace ] GC(143) Metaspace: 7415K->7415K(1056768K)
[2.818s][info][gc           ] GC(143) Pause Young (Allocation Failure) 141M->5M(494M) 0.255ms
[2.818s][info][gc,cpu       ] GC(143) User=0.00s Sys=0.00s Real=0.00s
[2.835s][info][gc,start     ] GC(144) Pause Young (Allocation Failure)
[2.835s][info][gc,heap      ] GC(144) DefNew: 140204K->427K(157248K)
[2.835s][info][gc,heap      ] GC(144) Tenured: 4863K->4892K(349568K)
[2.835s][info][gc,metaspace ] GC(144) Metaspace: 7415K->7415K(1056768K)
[2.835s][info][gc           ] GC(144) Pause Young (Allocation Failure) 141M->5M(494M) 0.533ms
[2.835s][info][gc,cpu       ] GC(144) User=0.00s Sys=0.00s Real=0.00s
[2.855s][info][gc,start     ] GC(145) Pause Young (Allocation Failure)
[2.855s][info][gc,heap      ] GC(145) DefNew: 140203K->426K(157248K)
[2.855s][info][gc,heap      ] GC(145) Tenured: 4892K->4922K(349568K)
[2.855s][info][gc,metaspace ] GC(145) Metaspace: 7415K->7415K(1056768K)
[2.855s][info][gc           ] GC(145) Pause Young (Allocation Failure) 141M->5M(494M) 0.346ms
[2.855s][info][gc,cpu       ] GC(145) User=0.00s Sys=0.00s Real=0.00s
[2.873s][info][gc,start     ] GC(146) Pause Young (Allocation Failure)
[2.874s][info][gc,heap      ] GC(146) DefNew: 140202K->425K(157248K)
[2.874s][info][gc,heap      ] GC(146) Tenured: 4922K->4951K(349568K)
[2.874s][info][gc,metaspace ] GC(146) Metaspace: 7415K->7415K(1056768K)
[2.874s][info][gc           ] GC(146) Pause Young (Allocation Failure) 141M->5M(494M) 0.304ms
[2.874s][info][gc,cpu       ] GC(146) User=0.00s Sys=0.00s Real=0.00s
[2.890s][info][gc,start     ] GC(147) Pause Young (Allocation Failure)
[2.890s][info][gc,heap      ] GC(147) DefNew: 140201K->423K(157248K)
[2.890s][info][gc,heap      ] GC(147) Tenured: 4951K->4980K(349568K)
[2.890s][info][gc,metaspace ] GC(147) Metaspace: 7415K->7415K(1056768K)
[2.890s][info][gc           ] GC(147) Pause Young (Allocation Failure) 141M->5M(494M) 0.275ms
[2.890s][info][gc,cpu       ] GC(147) User=0.00s Sys=0.00s Real=0.00s
[2.906s][info][gc,start     ] GC(148) Pause Young (Allocation Failure)
[2.906s][info][gc,heap      ] GC(148) DefNew: 140199K->420K(157248K)
[2.906s][info][gc,heap      ] GC(148) Tenured: 4980K->5010K(349568K)
[2.906s][info][gc,metaspace ] GC(148) Metaspace: 7415K->7415K(1056768K)
[2.906s][info][gc           ] GC(148) Pause Young (Allocation Failure) 141M->5M(494M) 0.317ms
[2.906s][info][gc,cpu       ] GC(148) User=0.00s Sys=0.00s Real=0.00s
[2.927s][info][gc,start     ] GC(149) Pause Young (Allocation Failure)
[2.927s][info][gc,heap      ] GC(149) DefNew: 140196K->419K(157248K)
[2.927s][info][gc,heap      ] GC(149) Tenured: 5010K->5039K(349568K)
[2.927s][info][gc,metaspace ] GC(149) Metaspace: 7415K->7415K(1056768K)
[2.927s][info][gc           ] GC(149) Pause Young (Allocation Failure) 141M->5M(494M) 0.339ms
[2.927s][info][gc,cpu       ] GC(149) User=0.01s Sys=0.00s Real=0.00s
[2.943s][info][gc,start     ] GC(150) Pause Young (Allocation Failure)
[2.943s][info][gc,heap      ] GC(150) DefNew: 140195K->428K(157248K)
[2.943s][info][gc,heap      ] GC(150) Tenured: 5039K->5059K(349568K)
[2.943s][info][gc,metaspace ] GC(150) Metaspace: 7415K->7415K(1056768K)
[2.943s][info][gc           ] GC(150) Pause Young (Allocation Failure) 141M->5M(494M) 0.289ms
[2.943s][info][gc,cpu       ] GC(150) User=0.00s Sys=0.00s Real=0.00s
[2.958s][info][gc,start     ] GC(151) Pause Young (Allocation Failure)
[2.959s][info][gc,heap      ] GC(151) DefNew: 140204K->427K(157248K)
[2.959s][info][gc,heap      ] GC(151) Tenured: 5059K->5088K(349568K)
[2.959s][info][gc,metaspace ] GC(151) Metaspace: 7415K->7415K(1056768K)
[2.959s][info][gc           ] GC(151) Pause Young (Allocation Failure) 141M->5M(494M) 0.336ms
[2.959s][info][gc,cpu       ] GC(151) User=0.00s Sys=0.00s Real=0.01s
[2.975s][info][gc,start     ] GC(152) Pause Young (Allocation Failure)
[2.975s][info][gc,heap      ] GC(152) DefNew: 140203K->426K(157248K)
[2.975s][info][gc,heap      ] GC(152) Tenured: 5088K->5117K(349568K)
[2.975s][info][gc,metaspace ] GC(152) Metaspace: 7415K->7415K(1056768K)
[2.975s][info][gc           ] GC(152) Pause Young (Allocation Failure) 141M->5M(494M) 0.359ms
[2.975s][info][gc,cpu       ] GC(152) User=0.00s Sys=0.00s Real=0.00s
[2.995s][info][gc,start     ] GC(153) Pause Young (Allocation Failure)
[2.995s][info][gc,heap      ] GC(153) DefNew: 140202K->424K(157248K)
[2.995s][info][gc,heap      ] GC(153) Tenured: 5117K->5147K(349568K)
[2.995s][info][gc,metaspace ] GC(153) Metaspace: 7415K->7415K(1056768K)
[2.995s][info][gc           ] GC(153) Pause Young (Allocation Failure) 141M->5M(494M) 0.351ms
[2.995s][info][gc,cpu       ] GC(153) User=0.00s Sys=0.00s Real=0.00s
[3.014s][info][gc,start     ] GC(154) Pause Young (Allocation Failure)
[3.015s][info][gc,heap      ] GC(154) DefNew: 140200K->422K(157248K)
[3.015s][info][gc,heap      ] GC(154) Tenured: 5147K->5176K(349568K)
[3.015s][info][gc,metaspace ] GC(154) Metaspace: 7415K->7415K(1056768K)
[3.015s][info][gc           ] GC(154) Pause Young (Allocation Failure) 141M->5M(494M) 0.520ms
[3.015s][info][gc,cpu       ] GC(154) User=0.00s Sys=0.00s Real=0.00s
[3.032s][info][gc,start     ] GC(155) Pause Young (Allocation Failure)
[3.032s][info][gc,heap      ] GC(155) DefNew: 140198K->419K(157248K)
[3.032s][info][gc,heap      ] GC(155) Tenured: 5176K->5205K(349568K)
[3.032s][info][gc,metaspace ] GC(155) Metaspace: 7415K->7415K(1056768K)
[3.032s][info][gc           ] GC(155) Pause Young (Allocation Failure) 141M->5M(494M) 0.351ms
[3.032s][info][gc,cpu       ] GC(155) User=0.00s Sys=0.00s Real=0.00s
[3.051s][info][gc,start     ] GC(156) Pause Young (Allocation Failure)
[3.052s][info][gc,heap      ] GC(156) DefNew: 140195K->419K(157248K)
[3.052s][info][gc,heap      ] GC(156) Tenured: 5205K->5235K(349568K)
[3.052s][info][gc,metaspace ] GC(156) Metaspace: 7415K->7415K(1056768K)
[3.052s][info][gc           ] GC(156) Pause Young (Allocation Failure) 141M->5M(494M) 0.321ms
[3.052s][info][gc,cpu       ] GC(156) User=0.00s Sys=0.00s Real=0.00s
[3.076s][info][gc,start     ] GC(157) Pause Young (Allocation Failure)
[3.077s][info][gc,heap      ] GC(157) DefNew: 140195K->494K(157248K)
[3.077s][info][gc,heap      ] GC(157) Tenured: 5235K->5254K(349568K)
[3.077s][info][gc,metaspace ] GC(157) Metaspace: 7736K->7736K(1056768K)
[3.077s][info][gc           ] GC(157) Pause Young (Allocation Failure) 142M->5M(494M) 1.137ms
[3.077s][info][gc,cpu       ] GC(157) User=0.00s Sys=0.00s Real=0.00s
[3.100s][info][gc,start     ] GC(158) Pause Young (Allocation Failure)
[3.101s][info][gc,heap      ] GC(158) DefNew: 140270K->555K(157248K)
[3.101s][info][gc,heap      ] GC(158) Tenured: 5254K->5284K(349568K)
[3.101s][info][gc,metaspace ] GC(158) Metaspace: 8020K->8020K(1056768K)
[3.101s][info][gc           ] GC(158) Pause Young (Allocation Failure) 142M->5M(494M) 0.724ms
[3.101s][info][gc,cpu       ] GC(158) User=0.00s Sys=0.00s Real=0.00s
[3.122s][info][gc,start     ] GC(159) Pause Young (Allocation Failure)
[3.123s][info][gc,heap      ] GC(159) DefNew: 140331K->595K(157248K)
[3.123s][info][gc,heap      ] GC(159) Tenured: 5284K->5313K(349568K)
[3.123s][info][gc,metaspace ] GC(159) Metaspace: 8732K->8732K(1056768K)
[3.123s][info][gc           ] GC(159) Pause Young (Allocation Failure) 142M->5M(494M) 1.355ms
[3.123s][info][gc,cpu       ] GC(159) User=0.01s Sys=0.00s Real=0.00s
[3.146s][info][gc,start     ] GC(160) Pause Young (Allocation Failure)
[3.148s][info][gc,heap      ] GC(160) DefNew: 140371K->662K(157248K)
[3.148s][info][gc,heap      ] GC(160) Tenured: 5313K->5342K(349568K)
[3.148s][info][gc,metaspace ] GC(160) Metaspace: 9378K->9378K(1058816K)
[3.148s][info][gc           ] GC(160) Pause Young (Allocation Failure) 142M->5M(494M) 1.739ms
[3.148s][info][gc,cpu       ] GC(160) User=0.01s Sys=0.00s Real=0.00s
[3.173s][info][gc,start     ] GC(161) Pause Young (Allocation Failure)
[3.174s][info][gc,heap      ] GC(161) DefNew: 140438K->712K(157248K)
[3.174s][info][gc,heap      ] GC(161) Tenured: 5342K->5372K(349568K)
[3.174s][info][gc,metaspace ] GC(161) Metaspace: 9610K->9610K(1058816K)
[3.174s][info][gc           ] GC(161) Pause Young (Allocation Failure) 142M->5M(494M) 1.146ms
[3.174s][info][gc,cpu       ] GC(161) User=0.00s Sys=0.00s Real=0.00s
[3.195s][info][gc,start     ] GC(162) Pause Young (Allocation Failure)
[3.197s][info][gc,heap      ] GC(162) DefNew: 140488K->797K(157248K)
[3.197s][info][gc,heap      ] GC(162) Tenured: 5372K->5401K(349568K)
[3.197s][info][gc,metaspace ] GC(162) Metaspace: 9756K->9756K(1058816K)
[3.197s][info][gc           ] GC(162) Pause Young (Allocation Failure) 142M->6M(494M) 1.433ms
[3.197s][info][gc,cpu       ] GC(162) User=0.00s Sys=0.00s Real=0.00s
[3.222s][info][gc,start     ] GC(163) Pause Young (Allocation Failure)
[3.225s][info][gc,heap      ] GC(163) DefNew: 140573K->875K(157248K)
[3.225s][info][gc,heap      ] GC(163) Tenured: 5401K->5421K(349568K)
[3.225s][info][gc,metaspace ] GC(163) Metaspace: 9898K->9898K(1058816K)
[3.225s][info][gc           ] GC(163) Pause Young (Allocation Failure) 142M->6M(494M) 2.727ms
[3.225s][info][gc,cpu       ] GC(163) User=0.01s Sys=0.00s Real=0.00s
[3.252s][info][gc,start     ] GC(164) Pause Young (Allocation Failure)
[3.255s][info][gc,heap      ] GC(164) DefNew: 140651K->974K(157248K)
[3.255s][info][gc,heap      ] GC(164) Tenured: 5421K->5450K(349568K)
[3.255s][info][gc,metaspace ] GC(164) Metaspace: 10236K->10236K(1058816K)
[3.255s][info][gc           ] GC(164) Pause Young (Allocation Failure) 142M->6M(494M) 2.628ms
[3.255s][info][gc,cpu       ] GC(164) User=0.00s Sys=0.00s Real=0.00s
[3.282s][info][gc,start     ] GC(165) Pause Young (Allocation Failure)
[3.285s][info][gc,heap      ] GC(165) DefNew: 140750K->1075K(157248K)
[3.285s][info][gc,heap      ] GC(165) Tenured: 5450K->5479K(349568K)
[3.285s][info][gc,metaspace ] GC(165) Metaspace: 10606K->10606K(1058816K)
[3.285s][info][gc           ] GC(165) Pause Young (Allocation Failure) 142M->6M(494M) 2.913ms
[3.285s][info][gc,cpu       ] GC(165) User=0.00s Sys=0.00s Real=0.00s
[3.306s][info][gc,start     ] GC(166) Pause Young (Allocation Failure)
[3.308s][info][gc,heap      ] GC(166) DefNew: 140850K->1144K(157248K)
[3.308s][info][gc,heap      ] GC(166) Tenured: 5479K->5509K(349568K)
[3.308s][info][gc,metaspace ] GC(166) Metaspace: 10828K->10828K(1058816K)
[3.308s][info][gc           ] GC(166) Pause Young (Allocation Failure) 142M->6M(494M) 1.834ms
[3.308s][info][gc,cpu       ] GC(166) User=0.01s Sys=0.00s Real=0.00s
[3.330s][info][gc,start     ] GC(167) Pause Young (Allocation Failure)
[3.334s][info][gc,heap      ] GC(167) DefNew: 140920K->1211K(157248K)
[3.334s][info][gc,heap      ] GC(167) Tenured: 5509K->5538K(349568K)
[3.334s][info][gc,metaspace ] GC(167) Metaspace: 11380K->11380K(1060864K)
[3.334s][info][gc           ] GC(167) Pause Young (Allocation Failure) 142M->6M(494M) 3.797ms
[3.334s][info][gc,cpu       ] GC(167) User=0.00s Sys=0.00s Real=0.00s
[3.360s][info][gc,start     ] GC(168) Pause Young (Allocation Failure)
[3.362s][info][gc,heap      ] GC(168) DefNew: 140987K->1288K(157248K)
[3.362s][info][gc,heap      ] GC(168) Tenured: 5538K->5567K(349568K)
[3.362s][info][gc,metaspace ] GC(168) Metaspace: 11726K->11726K(1060864K)
[3.362s][info][gc           ] GC(168) Pause Young (Allocation Failure) 143M->6M(494M) 2.190ms
[3.362s][info][gc,cpu       ] GC(168) User=0.01s Sys=0.00s Real=0.00s
[3.388s][info][gc,start     ] GC(169) Pause Young (Allocation Failure)
[3.390s][info][gc,heap      ] GC(169) DefNew: 141064K->1334K(157248K)
[3.390s][info][gc,heap      ] GC(169) Tenured: 5567K->5597K(349568K)
[3.390s][info][gc,metaspace ] GC(169) Metaspace: 12169K->12169K(1060864K)
[3.390s][info][gc           ] GC(169) Pause Young (Allocation Failure) 143M->6M(494M) 2.172ms
[3.390s][info][gc,cpu       ] GC(169) User=0.00s Sys=0.00s Real=0.01s
[3.410s][info][gc,start     ] GC(170) Pause Young (Allocation Failure)
[3.413s][info][gc,heap      ] GC(170) DefNew: 141110K->1402K(157248K)
[3.413s][info][gc,heap      ] GC(170) Tenured: 5597K->5616K(349568K)
[3.413s][info][gc,metaspace ] GC(170) Metaspace: 12282K->12282K(1060864K)
[3.413s][info][gc           ] GC(170) Pause Young (Allocation Failure) 143M->6M(494M) 2.200ms
[3.413s][info][gc,cpu       ] GC(170) User=0.01s Sys=0.00s Real=0.00s
[3.445s][info][gc,start     ] GC(171) Pause Young (Allocation Failure)
[3.449s][info][gc,heap      ] GC(171) DefNew: 141178K->1487K(157248K)
[3.450s][info][gc,heap      ] GC(171) Tenured: 5616K->5646K(349568K)
[3.450s][info][gc,metaspace ] GC(171) Metaspace: 12618K->12618K(1060864K)
[3.450s][info][gc           ] GC(171) Pause Young (Allocation Failure) 143M->6M(494M) 4.483ms
[3.450s][info][gc,cpu       ] GC(171) User=0.01s Sys=0.00s Real=0.01s
[3.476s][info][gc,start     ] GC(172) Pause Young (Allocation Failure)
[3.479s][info][gc,heap      ] GC(172) DefNew: 141263K->1511K(157248K)
[3.479s][info][gc,heap      ] GC(172) Tenured: 5646K->5733K(349568K)
[3.479s][info][gc,metaspace ] GC(172) Metaspace: 12873K->12873K(1060864K)
[3.479s][info][gc           ] GC(172) Pause Young (Allocation Failure) 143M->7M(494M) 3.660ms
[3.479s][info][gc,cpu       ] GC(172) User=0.01s Sys=0.00s Real=0.01s
[3.503s][info][gc,start     ] GC(173) Pause Young (Allocation Failure)
[3.505s][info][gc,heap      ] GC(173) DefNew: 141287K->1560K(157248K)
[3.505s][info][gc,heap      ] GC(173) Tenured: 5733K->5831K(349568K)
[3.505s][info][gc,metaspace ] GC(173) Metaspace: 13021K->13021K(1060864K)
[3.505s][info][gc           ] GC(173) Pause Young (Allocation Failure) 143M->7M(494M) 2.738ms
[3.505s][info][gc,cpu       ] GC(173) User=0.00s Sys=0.00s Real=0.00s
[3.529s][info][gc,start     ] GC(174) Pause Young (Allocation Failure)
[3.534s][info][gc,heap      ] GC(174) DefNew: 141336K->1568K(157248K)
[3.534s][info][gc,heap      ] GC(174) Tenured: 5831K->5902K(349568K)
[3.534s][info][gc,metaspace ] GC(174) Metaspace: 13108K->13108K(1060864K)
[3.534s][info][gc           ] GC(174) Pause Young (Allocation Failure) 143M->7M(494M) 4.417ms
[3.534s][info][gc,cpu       ] GC(174) User=0.01s Sys=0.00s Real=0.00s
[3.559s][info][gc,start     ] GC(175) Pause Young (Allocation Failure)
[3.561s][info][gc,heap      ] GC(175) DefNew: 141344K->1501K(157248K)
[3.561s][info][gc,heap      ] GC(175) Tenured: 5902K->5999K(349568K)
[3.561s][info][gc,metaspace ] GC(175) Metaspace: 13128K->13128K(1060864K)
[3.561s][info][gc           ] GC(175) Pause Young (Allocation Failure) 143M->7M(494M) 2.485ms
[3.561s][info][gc,cpu       ] GC(175) User=0.00s Sys=0.00s Real=0.00s
[3.579s][info][gc,start     ] GC(176) Pause Young (Allocation Failure)
[3.581s][info][gc,heap      ] GC(176) DefNew: 141277K->1457K(157248K)
[3.581s][info][gc,heap      ] GC(176) Tenured: 5999K->6072K(349568K)
[3.581s][info][gc,metaspace ] GC(176) Metaspace: 13128K->13128K(1060864K)
[3.581s][info][gc           ] GC(176) Pause Young (Allocation Failure) 143M->7M(494M) 2.301ms
[3.581s][info][gc,cpu       ] GC(176) User=0.01s Sys=0.00s Real=0.00s
[3.597s][info][gc,start     ] GC(177) Pause Young (Allocation Failure)
[3.600s][info][gc,heap      ] GC(177) DefNew: 141233K->1401K(157248K)
[3.600s][info][gc,heap      ] GC(177) Tenured: 6072K->6180K(349568K)
[3.600s][info][gc,metaspace ] GC(177) Metaspace: 13152K->13152K(1060864K)
[3.600s][info][gc           ] GC(177) Pause Young (Allocation Failure) 143M->7M(494M) 2.311ms
[3.600s][info][gc,cpu       ] GC(177) User=0.00s Sys=0.00s Real=0.01s
[3.616s][info][gc,start     ] GC(178) Pause Young (Allocation Failure)
[3.619s][info][gc,heap      ] GC(178) DefNew: 141177K->1329K(157248K)
[3.619s][info][gc,heap      ] GC(178) Tenured: 6180K->6279K(349568K)
[3.619s][info][gc,metaspace ] GC(178) Metaspace: 13152K->13152K(1060864K)
[3.619s][info][gc           ] GC(178) Pause Young (Allocation Failure) 143M->7M(494M) 3.073ms
[3.619s][info][gc,cpu       ] GC(178) User=0.01s Sys=0.00s Real=0.01s
[3.634s][info][gc,start     ] GC(179) Pause Young (Allocation Failure)
[3.636s][info][gc,heap      ] GC(179) DefNew: 141105K->1227K(157248K)
[3.636s][info][gc,heap      ] GC(179) Tenured: 6279K->6408K(349568K)
[3.636s][info][gc,metaspace ] GC(179) Metaspace: 13152K->13152K(1060864K)
[3.636s][info][gc           ] GC(179) Pause Young (Allocation Failure) 143M->7M(494M) 2.616ms
[3.636s][info][gc,cpu       ] GC(179) User=0.00s Sys=0.00s Real=0.00s
[3.659s][info][gc,start     ] GC(180) Pause Young (Allocation Failure)
[3.661s][info][gc,heap      ] GC(180) DefNew: 141003K->1136K(157248K)
[3.661s][info][gc,heap      ] GC(180) Tenured: 6408K->6527K(349568K)
[3.661s][info][gc,metaspace ] GC(180) Metaspace: 13152K->13152K(1060864K)
[3.661s][info][gc           ] GC(180) Pause Young (Allocation Failure) 143M->7M(494M) 1.908ms
[3.661s][info][gc,cpu       ] GC(180) User=0.00s Sys=0.00s Real=0.00s
[3.678s][info][gc,start     ] GC(181) Pause Young (Allocation Failure)
[3.680s][info][gc,heap      ] GC(181) DefNew: 140912K->1046K(157248K)
[3.680s][info][gc,heap      ] GC(181) Tenured: 6527K->6645K(349568K)
[3.680s][info][gc,metaspace ] GC(181) Metaspace: 13152K->13152K(1060864K)
[3.680s][info][gc           ] GC(181) Pause Young (Allocation Failure) 143M->7M(494M) 1.879ms
[3.680s][info][gc,cpu       ] GC(181) User=0.00s Sys=0.00s Real=0.01s
[3.700s][info][gc,start     ] GC(182) Pause Young (Allocation Failure)
[3.702s][info][gc,heap      ] GC(182) DefNew: 140822K->983K(157248K)
[3.702s][info][gc,heap      ] GC(182) Tenured: 6645K->6736K(349568K)
[3.702s][info][gc,metaspace ] GC(182) Metaspace: 13154K->13154K(1060864K)
[3.702s][info][gc           ] GC(182) Pause Young (Allocation Failure) 144M->7M(494M) 1.550ms
[3.702s][info][gc,cpu       ] GC(182) User=0.00s Sys=0.00s Real=0.00s
[3.725s][info][gc,start     ] GC(183) Pause Young (Allocation Failure)
[3.728s][info][gc,heap      ] GC(183) DefNew: 140759K->904K(157248K)
[3.728s][info][gc,heap      ] GC(183) Tenured: 6736K->6843K(349568K)
[3.728s][info][gc,metaspace ] GC(183) Metaspace: 13154K->13154K(1060864K)
[3.728s][info][gc           ] GC(183) Pause Young (Allocation Failure) 144M->7M(494M) 2.604ms
[3.728s][info][gc,cpu       ] GC(183) User=0.01s Sys=0.00s Real=0.00s
[3.750s][info][gc,start     ] GC(184) Pause Young (Allocation Failure)
[3.753s][info][gc,heap      ] GC(184) DefNew: 140680K->856K(157248K)
[3.753s][info][gc,heap      ] GC(184) Tenured: 6843K->6919K(349568K)
[3.753s][info][gc,metaspace ] GC(184) Metaspace: 13154K->13154K(1060864K)
[3.753s][info][gc           ] GC(184) Pause Young (Allocation Failure) 144M->7M(494M) 2.481ms
[3.753s][info][gc,cpu       ] GC(184) User=0.01s Sys=0.00s Real=0.00s
[3.773s][info][gc,start     ] GC(185) Pause Young (Allocation Failure)
[3.774s][info][gc,heap      ] GC(185) DefNew: 140632K->792K(157248K)
[3.774s][info][gc,heap      ] GC(185) Tenured: 6919K->7010K(349568K)
[3.774s][info][gc,metaspace ] GC(185) Metaspace: 13154K->13154K(1060864K)
[3.774s][info][gc           ] GC(185) Pause Young (Allocation Failure) 144M->7M(494M) 1.348ms
[3.774s][info][gc,cpu       ] GC(185) User=0.00s Sys=0.00s Real=0.00s
[3.796s][info][gc,start     ] GC(186) Pause Young (Allocation Failure)
[3.799s][info][gc,heap      ] GC(186) DefNew: 140568K->711K(157248K)
[3.799s][info][gc,heap      ] GC(186) Tenured: 7010K->7118K(349568K)
[3.799s][info][gc,metaspace ] GC(186) Metaspace: 13154K->13154K(1060864K)
[3.799s][info][gc           ] GC(186) Pause Young (Allocation Failure) 144M->7M(494M) 2.308ms
[3.799s][info][gc,cpu       ] GC(186) User=0.00s Sys=0.00s Real=0.01s
[3.827s][info][gc,start     ] GC(187) Pause Young (Allocation Failure)
[3.828s][info][gc,heap      ] GC(187) DefNew: 140487K->619K(157248K)
[3.828s][info][gc,heap      ] GC(187) Tenured: 7118K->7239K(349568K)
[3.828s][info][gc,metaspace ] GC(187) Metaspace: 13154K->13154K(1060864K)
[3.828s][info][gc           ] GC(187) Pause Young (Allocation Failure) 144M->7M(494M) 1.444ms
[3.828s][info][gc,cpu       ] GC(187) User=0.00s Sys=0.00s Real=0.00s
[3.854s][info][gc,start     ] GC(188) Pause Young (Allocation Failure)
[3.855s][info][gc,heap      ] GC(188) DefNew: 140395K->513K(157248K)
[3.855s][info][gc,heap      ] GC(188) Tenured: 7239K->7373K(349568K)
[3.855s][info][gc,metaspace ] GC(188) Metaspace: 13154K->13154K(1060864K)
[3.855s][info][gc           ] GC(188) Pause Young (Allocation Failure) 144M->7M(494M) 1.137ms
[3.855s][info][gc,cpu       ] GC(188) User=0.00s Sys=0.00s Real=0.00s
[3.879s][info][gc,start     ] GC(189) Pause Young (Allocation Failure)
[3.879s][info][gc,heap      ] GC(189) DefNew: 140289K->452K(157248K)
[3.879s][info][gc,heap      ] GC(189) Tenured: 7373K->7463K(349568K)
[3.879s][info][gc,metaspace ] GC(189) Metaspace: 13154K->13154K(1060864K)
[3.880s][info][gc           ] GC(189) Pause Young (Allocation Failure) 144M->7M(494M) 0.802ms
[3.880s][info][gc,cpu       ] GC(189) User=0.00s Sys=0.00s Real=0.00s
[3.901s][info][gc,start     ] GC(190) Pause Young (Allocation Failure)
[3.902s][info][gc,heap      ] GC(190) DefNew: 140228K->449K(157248K)
[3.902s][info][gc,heap      ] GC(190) Tenured: 7463K->7494K(349568K)
[3.902s][info][gc,metaspace ] GC(190) Metaspace: 13154K->13154K(1060864K)
[3.902s][info][gc           ] GC(190) Pause Young (Allocation Failure) 144M->7M(494M) 1.273ms
[3.902s][info][gc,cpu       ] GC(190) User=0.00s Sys=0.00s Real=0.00s
[3.929s][info][gc,start     ] GC(191) Pause Young (Allocation Failure)
[3.930s][info][gc,heap      ] GC(191) DefNew: 140225K->447K(157248K)
[3.930s][info][gc,heap      ] GC(191) Tenured: 7494K->7523K(349568K)
[3.930s][info][gc,metaspace ] GC(191) Metaspace: 13154K->13154K(1060864K)
[3.930s][info][gc           ] GC(191) Pause Young (Allocation Failure) 144M->7M(494M) 0.531ms
[3.930s][info][gc,cpu       ] GC(191) User=0.00s Sys=0.00s Real=0.00s
[3.955s][info][gc,start     ] GC(192) Pause Young (Allocation Failure)
[3.955s][info][gc,heap      ] GC(192) DefNew: 140223K->420K(157248K)
[3.955s][info][gc,heap      ] GC(192) Tenured: 7523K->7576K(349568K)
[3.955s][info][gc,metaspace ] GC(192) Metaspace: 13154K->13154K(1060864K)
[3.955s][info][gc           ] GC(192) Pause Young (Allocation Failure) 144M->7M(494M) 0.496ms
[3.955s][info][gc,cpu       ] GC(192) User=0.00s Sys=0.00s Real=0.00s
[3.977s][info][gc,start     ] GC(193) Pause Young (Allocation Failure)
[3.977s][info][gc,heap      ] GC(193) DefNew: 140196K->419K(157248K)
[3.977s][info][gc,heap      ] GC(193) Tenured: 7576K->7606K(349568K)
[3.977s][info][gc,metaspace ] GC(193) Metaspace: 13154K->13154K(1060864K)
[3.977s][info][gc           ] GC(193) Pause Young (Allocation Failure) 144M->7M(494M) 0.416ms
[3.977s][info][gc,cpu       ] GC(193) User=0.00s Sys=0.00s Real=0.00s
[3.994s][info][gc,start     ] GC(194) Pause Young (Allocation Failure)
[3.995s][info][gc,heap      ] GC(194) DefNew: 140195K->428K(157248K)
[3.995s][info][gc,heap      ] GC(194) Tenured: 7606K->7625K(349568K)
[3.995s][info][gc,metaspace ] GC(194) Metaspace: 13154K->13154K(1060864K)
[3.995s][info][gc           ] GC(194) Pause Young (Allocation Failure) 144M->7M(494M) 0.392ms
[3.995s][info][gc,cpu       ] GC(194) User=0.00s Sys=0.00s Real=0.00s
[4.022s][info][gc,start     ] GC(195) Pause Young (Allocation Failure)
[4.023s][info][gc,heap      ] GC(195) DefNew: 140204K->427K(157248K)
[4.023s][info][gc,heap      ] GC(195) Tenured: 7625K->7655K(349568K)
[4.023s][info][gc,metaspace ] GC(195) Metaspace: 13154K->13154K(1060864K)
[4.023s][info][gc           ] GC(195) Pause Young (Allocation Failure) 144M->7M(494M) 0.872ms
[4.023s][info][gc,cpu       ] GC(195) User=0.00s Sys=0.00s Real=0.00s
[4.049s][info][gc,start     ] GC(196) Pause Young (Allocation Failure)
[4.050s][info][gc,heap      ] GC(196) DefNew: 140203K->426K(157248K)
[4.050s][info][gc,heap      ] GC(196) Tenured: 7655K->7684K(349568K)
[4.050s][info][gc,metaspace ] GC(196) Metaspace: 13154K->13154K(1060864K)
[4.050s][info][gc           ] GC(196) Pause Young (Allocation Failure) 144M->7M(494M) 1.592ms
[4.050s][info][gc,cpu       ] GC(196) User=0.00s Sys=0.00s Real=0.00s
[4.077s][info][gc,start     ] GC(197) Pause Young (Allocation Failure)
[4.078s][info][gc,heap      ] GC(197) DefNew: 140202K->424K(157248K)
[4.078s][info][gc,heap      ] GC(197) Tenured: 7684K->7713K(349568K)
[4.078s][info][gc,metaspace ] GC(197) Metaspace: 13154K->13154K(1060864K)
[4.078s][info][gc           ] GC(197) Pause Young (Allocation Failure) 144M->7M(494M) 0.429ms
[4.078s][info][gc,cpu       ] GC(197) User=0.00s Sys=0.00s Real=0.00s
[4.099s][info][gc,start     ] GC(198) Pause Young (Allocation Failure)
[4.099s][info][gc,heap      ] GC(198) DefNew: 140200K->422K(157248K)
[4.099s][info][gc,heap      ] GC(198) Tenured: 7713K->7743K(349568K)
[4.099s][info][gc,metaspace ] GC(198) Metaspace: 13154K->13154K(1060864K)
[4.099s][info][gc           ] GC(198) Pause Young (Allocation Failure) 144M->7M(494M) 0.551ms
[4.099s][info][gc,cpu       ] GC(198) User=0.00s Sys=0.00s Real=0.00s
[4.115s][info][gc,start     ] GC(199) Pause Young (Allocation Failure)
[4.116s][info][gc,heap      ] GC(199) DefNew: 140198K->419K(157248K)
[4.116s][info][gc,heap      ] GC(199) Tenured: 7743K->7772K(349568K)
[4.116s][info][gc,metaspace ] GC(199) Metaspace: 13154K->13154K(1060864K)
[4.116s][info][gc           ] GC(199) Pause Young (Allocation Failure) 144M->8M(494M) 0.391ms
[4.116s][info][gc,cpu       ] GC(199) User=0.00s Sys=0.00s Real=0.00s
[4.132s][info][gc,start     ] GC(200) Pause Young (Allocation Failure)
[4.132s][info][gc,heap      ] GC(200) DefNew: 140195K->419K(157248K)
[4.132s][info][gc,heap      ] GC(200) Tenured: 7772K->7801K(349568K)
[4.132s][info][gc,metaspace ] GC(200) Metaspace: 13154K->13154K(1060864K)
[4.132s][info][gc           ] GC(200) Pause Young (Allocation Failure) 144M->8M(494M) 0.466ms
[4.132s][info][gc,cpu       ] GC(200) User=0.00s Sys=0.00s Real=0.00s
[4.148s][info][gc,start     ] GC(201) Pause Young (Allocation Failure)
[4.148s][info][gc,heap      ] GC(201) DefNew: 140195K->427K(157248K)
[4.148s][info][gc,heap      ] GC(201) Tenured: 7801K->7821K(349568K)
[4.148s][info][gc,metaspace ] GC(201) Metaspace: 13154K->13154K(1060864K)
[4.148s][info][gc           ] GC(201) Pause Young (Allocation Failure) 144M->8M(494M) 0.377ms
[4.148s][info][gc,cpu       ] GC(201) User=0.00s Sys=0.00s Real=0.00s
[4.164s][info][gc,start     ] GC(202) Pause Young (Allocation Failure)
[4.164s][info][gc,heap      ] GC(202) DefNew: 140203K->426K(157248K)
[4.164s][info][gc,heap      ] GC(202) Tenured: 7821K->7850K(349568K)
[4.164s][info][gc,metaspace ] GC(202) Metaspace: 13154K->13154K(1060864K)
[4.164s][info][gc           ] GC(202) Pause Young (Allocation Failure) 144M->8M(494M) 0.444ms
[4.164s][info][gc,cpu       ] GC(202) User=0.00s Sys=0.00s Real=0.00s
[4.183s][info][gc,start     ] GC(203) Pause Young (Allocation Failure)
[4.183s][info][gc,heap      ] GC(203) DefNew: 140202K->425K(157248K)
[4.183s][info][gc,heap      ] GC(203) Tenured: 7850K->7880K(349568K)
[4.183s][info][gc,metaspace ] GC(203) Metaspace: 13154K->13154K(1060864K)
[4.183s][info][gc           ] GC(203) Pause Young (Allocation Failure) 144M->8M(494M) 0.554ms
[4.184s][info][gc,cpu       ] GC(203) User=0.00s Sys=0.00s Real=0.00s
[4.201s][info][gc,start     ] GC(204) Pause Young (Allocation Failure)
[4.201s][info][gc,heap      ] GC(204) DefNew: 140201K->423K(157248K)
[4.201s][info][gc,heap      ] GC(204) Tenured: 7880K->7909K(349568K)
[4.201s][info][gc,metaspace ] GC(204) Metaspace: 13154K->13154K(1060864K)
[4.201s][info][gc           ] GC(204) Pause Young (Allocation Failure) 144M->8M(494M) 0.357ms
[4.201s][info][gc,cpu       ] GC(204) User=0.00s Sys=0.00s Real=0.00s
[4.217s][info][gc,start     ] GC(205) Pause Young (Allocation Failure)
[4.217s][info][gc,heap      ] GC(205) DefNew: 140199K->420K(157248K)
[4.217s][info][gc,heap      ] GC(205) Tenured: 7909K->7938K(349568K)
[4.217s][info][gc,metaspace ] GC(205) Metaspace: 13154K->13154K(1060864K)
[4.217s][info][gc           ] GC(205) Pause Young (Allocation Failure) 144M->8M(494M) 0.422ms
[4.218s][info][gc,cpu       ] GC(205) User=0.00s Sys=0.00s Real=0.00s
[4.234s][info][gc,start     ] GC(206) Pause Young (Allocation Failure)
[4.234s][info][gc,heap      ] GC(206) DefNew: 140196K->419K(157248K)
[4.234s][info][gc,heap      ] GC(206) Tenured: 7938K->7968K(349568K)
[4.234s][info][gc,metaspace ] GC(206) Metaspace: 13154K->13154K(1060864K)
[4.234s][info][gc           ] GC(206) Pause Young (Allocation Failure) 144M->8M(494M) 0.383ms
[4.234s][info][gc,cpu       ] GC(206) User=0.00s Sys=0.00s Real=0.00s
[4.249s][info][gc,start     ] GC(207) Pause Young (Allocation Failure)
[4.249s][info][gc,heap      ] GC(207) DefNew: 140195K->428K(157248K)
[4.249s][info][gc,heap      ] GC(207) Tenured: 7968K->7987K(349568K)
[4.249s][info][gc,metaspace ] GC(207) Metaspace: 13154K->13154K(1060864K)
[4.249s][info][gc           ] GC(207) Pause Young (Allocation Failure) 144M->8M(494M) 0.306ms
[4.249s][info][gc,cpu       ] GC(207) User=0.00s Sys=0.00s Real=0.00s
[4.265s][info][gc,start     ] GC(208) Pause Young (Allocation Failure)
[4.266s][info][gc,heap      ] GC(208) DefNew: 140204K->427K(157248K)
[4.266s][info][gc,heap      ] GC(208) Tenured: 7987K->8017K(349568K)
[4.266s][info][gc,metaspace ] GC(208) Metaspace: 13154K->13154K(1060864K)
[4.266s][info][gc           ] GC(208) Pause Young (Allocation Failure) 144M->8M(494M) 0.336ms
[4.266s][info][gc,cpu       ] GC(208) User=0.00s Sys=0.00s Real=0.00s
[4.282s][info][gc,start     ] GC(209) Pause Young (Allocation Failure)
[4.282s][info][gc,heap      ] GC(209) DefNew: 140203K->426K(157248K)
[4.282s][info][gc,heap      ] GC(209) Tenured: 8017K->8046K(349568K)
[4.282s][info][gc,metaspace ] GC(209) Metaspace: 13154K->13154K(1060864K)
[4.282s][info][gc           ] GC(209) Pause Young (Allocation Failure) 144M->8M(494M) 0.663ms
[4.282s][info][gc,cpu       ] GC(209) User=0.00s Sys=0.00s Real=0.00s
[4.299s][info][gc,start     ] GC(210) Pause Young (Allocation Failure)
[4.300s][info][gc,heap      ] GC(210) DefNew: 140202K->425K(157248K)
[4.300s][info][gc,heap      ] GC(210) Tenured: 8046K->8075K(349568K)
[4.300s][info][gc,metaspace ] GC(210) Metaspace: 13154K->13154K(1060864K)
[4.300s][info][gc           ] GC(210) Pause Young (Allocation Failure) 144M->8M(494M) 0.381ms
[4.300s][info][gc,cpu       ] GC(210) User=0.00s Sys=0.00s Real=0.00s
[4.316s][info][gc,start     ] GC(211) Pause Young (Allocation Failure)
[4.317s][info][gc,heap      ] GC(211) DefNew: 140201K->422K(157248K)
[4.317s][info][gc,heap      ] GC(211) Tenured: 8075K->8105K(349568K)
[4.317s][info][gc,metaspace ] GC(211) Metaspace: 13154K->13154K(1060864K)
[4.317s][info][gc           ] GC(211) Pause Young (Allocation Failure) 144M->8M(494M) 0.457ms
[4.317s][info][gc,cpu       ] GC(211) User=0.01s Sys=0.00s Real=0.00s
[4.334s][info][gc,start     ] GC(212) Pause Young (Allocation Failure)
[4.334s][info][gc,heap      ] GC(212) DefNew: 140198K->420K(157248K)
[4.334s][info][gc,heap      ] GC(212) Tenured: 8105K->8134K(349568K)
[4.334s][info][gc,metaspace ] GC(212) Metaspace: 13154K->13154K(1060864K)
[4.334s][info][gc           ] GC(212) Pause Young (Allocation Failure) 144M->8M(494M) 0.393ms
[4.334s][info][gc,cpu       ] GC(212) User=0.00s Sys=0.00s Real=0.00s
[4.350s][info][gc,start     ] GC(213) Pause Young (Allocation Failure)
[4.351s][info][gc,heap      ] GC(213) DefNew: 140196K->419K(157248K)
[4.351s][info][gc,heap      ] GC(213) Tenured: 8134K->8163K(349568K)
[4.351s][info][gc,metaspace ] GC(213) Metaspace: 13154K->13154K(1060864K)
[4.351s][info][gc           ] GC(213) Pause Young (Allocation Failure) 144M->8M(494M) 0.398ms
[4.351s][info][gc,cpu       ] GC(213) User=0.00s Sys=0.00s Real=0.00s
[4.367s][info][gc,start     ] GC(214) Pause Young (Allocation Failure)
[4.368s][info][gc,heap      ] GC(214) DefNew: 140195K->428K(157248K)
[4.368s][info][gc,heap      ] GC(214) Tenured: 8163K->8183K(349568K)
[4.368s][info][gc,metaspace ] GC(214) Metaspace: 13154K->13154K(1060864K)
[4.368s][info][gc           ] GC(214) Pause Young (Allocation Failure) 144M->8M(494M) 0.402ms
[4.368s][info][gc,cpu       ] GC(214) User=0.01s Sys=0.00s Real=0.00s
[4.384s][info][gc,start     ] GC(215) Pause Young (Allocation Failure)
[4.384s][info][gc,heap      ] GC(215) DefNew: 140204K->427K(157248K)
[4.384s][info][gc,heap      ] GC(215) Tenured: 8183K->8212K(349568K)
[4.384s][info][gc,metaspace ] GC(215) Metaspace: 13154K->13154K(1060864K)
[4.384s][info][gc           ] GC(215) Pause Young (Allocation Failure) 144M->8M(494M) 0.472ms
[4.384s][info][gc,cpu       ] GC(215) User=0.00s Sys=0.00s Real=0.00s
[4.399s][info][gc,start     ] GC(216) Pause Young (Allocation Failure)
[4.399s][info][gc,heap      ] GC(216) DefNew: 140203K->425K(157248K)
[4.399s][info][gc,heap      ] GC(216) Tenured: 8212K->8242K(349568K)
[4.399s][info][gc,metaspace ] GC(216) Metaspace: 13154K->13154K(1060864K)
[4.399s][info][gc           ] GC(216) Pause Young (Allocation Failure) 144M->8M(494M) 0.349ms
[4.399s][info][gc,cpu       ] GC(216) User=0.00s Sys=0.00s Real=0.00s
[4.414s][info][gc,start     ] GC(217) Pause Young (Allocation Failure)
[4.415s][info][gc,heap      ] GC(217) DefNew: 140201K->424K(157248K)
[4.415s][info][gc,heap      ] GC(217) Tenured: 8242K->8271K(349568K)
[4.415s][info][gc,metaspace ] GC(217) Metaspace: 13154K->13154K(1060864K)
[4.415s][info][gc           ] GC(217) Pause Young (Allocation Failure) 144M->8M(494M) 0.336ms
[4.415s][info][gc,cpu       ] GC(217) User=0.00s Sys=0.00s Real=0.00s
[4.429s][info][gc,start     ] GC(218) Pause Young (Allocation Failure)
[4.429s][info][gc,heap      ] GC(218) DefNew: 140200K->420K(157248K)
[4.429s][info][gc,heap      ] GC(218) Tenured: 8271K->8300K(349568K)
[4.429s][info][gc,metaspace ] GC(218) Metaspace: 13154K->13154K(1060864K)
[4.429s][info][gc           ] GC(218) Pause Young (Allocation Failure) 144M->8M(494M) 0.362ms
[4.429s][info][gc,cpu       ] GC(218) User=0.00s Sys=0.00s Real=0.00s
[4.444s][info][gc,start     ] GC(219) Pause Young (Allocation Failure)
[4.445s][info][gc,heap      ] GC(219) DefNew: 140196K->419K(157248K)
[4.445s][info][gc,heap      ] GC(219) Tenured: 8300K->8330K(349568K)
[4.445s][info][gc,metaspace ] GC(219) Metaspace: 13154K->13154K(1060864K)
[4.445s][info][gc           ] GC(219) Pause Young (Allocation Failure) 145M->8M(494M) 0.354ms
[4.445s][info][gc,cpu       ] GC(219) User=0.00s Sys=0.00s Real=0.00s
[4.460s][info][gc,start     ] GC(220) Pause Young (Allocation Failure)
[4.460s][info][gc,heap      ] GC(220) DefNew: 140195K->428K(157248K)
[4.460s][info][gc,heap      ] GC(220) Tenured: 8330K->8349K(349568K)
[4.460s][info][gc,metaspace ] GC(220) Metaspace: 13154K->13154K(1060864K)
[4.460s][info][gc           ] GC(220) Pause Young (Allocation Failure) 145M->8M(494M) 0.361ms
[4.460s][info][gc,cpu       ] GC(220) User=0.01s Sys=0.00s Real=0.00s
[4.477s][info][gc,start     ] GC(221) Pause Young (Allocation Failure)
[4.477s][info][gc,heap      ] GC(221) DefNew: 140204K->427K(157248K)
[4.477s][info][gc,heap      ] GC(221) Tenured: 8349K->8378K(349568K)
[4.477s][info][gc,metaspace ] GC(221) Metaspace: 13154K->13154K(1060864K)
[4.477s][info][gc           ] GC(221) Pause Young (Allocation Failure) 145M->8M(494M) 0.388ms
[4.477s][info][gc,cpu       ] GC(221) User=0.00s Sys=0.00s Real=0.00s
[4.493s][info][gc,start     ] GC(222) Pause Young (Allocation Failure)
[4.494s][info][gc,heap      ] GC(222) DefNew: 140203K->426K(157248K)
[4.494s][info][gc,heap      ] GC(222) Tenured: 8378K->8408K(349568K)
[4.494s][info][gc,metaspace ] GC(222) Metaspace: 13154K->13154K(1060864K)
[4.494s][info][gc           ] GC(222) Pause Young (Allocation Failure) 145M->8M(494M) 0.406ms
[4.494s][info][gc,cpu       ] GC(222) User=0.00s Sys=0.00s Real=0.00s
[4.514s][info][gc,start     ] GC(223) Pause Young (Allocation Failure)
[4.515s][info][gc,heap      ] GC(223) DefNew: 140202K->425K(157248K)
[4.515s][info][gc,heap      ] GC(223) Tenured: 8408K->8437K(349568K)
[4.515s][info][gc,metaspace ] GC(223) Metaspace: 13154K->13154K(1060864K)
[4.515s][info][gc           ] GC(223) Pause Young (Allocation Failure) 145M->8M(494M) 1.396ms
[4.515s][info][gc,cpu       ] GC(223) User=0.00s Sys=0.00s Real=0.00s
[4.536s][info][gc,start     ] GC(224) Pause Young (Allocation Failure)
[4.536s][info][gc,heap      ] GC(224) DefNew: 140201K->423K(157248K)
[4.536s][info][gc,heap      ] GC(224) Tenured: 8437K->8466K(349568K)
[4.536s][info][gc,metaspace ] GC(224) Metaspace: 13154K->13154K(1060864K)
[4.536s][info][gc           ] GC(224) Pause Young (Allocation Failure) 145M->8M(494M) 0.443ms
[4.536s][info][gc,cpu       ] GC(224) User=0.00s Sys=0.00s Real=0.00s
[4.551s][info][gc,start     ] GC(225) Pause Young (Allocation Failure)
[4.552s][info][gc,heap      ] GC(225) DefNew: 140199K->428K(157248K)
[4.552s][info][gc,heap      ] GC(225) Tenured: 8466K->8496K(349568K)
[4.552s][info][gc,metaspace ] GC(225) Metaspace: 13156K->13156K(1060864K)
[4.552s][info][gc           ] GC(225) Pause Young (Allocation Failure) 145M->8M(494M) 0.578ms
[4.552s][info][gc,cpu       ] GC(225) User=0.00s Sys=0.00s Real=0.00s
[4.569s][info][gc,start     ] GC(226) Pause Young (Allocation Failure)
[4.570s][info][gc,heap      ] GC(226) DefNew: 140204K->443K(157248K)
[4.570s][info][gc,heap      ] GC(226) Tenured: 8496K->8525K(349568K)
[4.570s][info][gc,metaspace ] GC(226) Metaspace: 13195K->13195K(1060864K)
[4.570s][info][gc           ] GC(226) Pause Young (Allocation Failure) 145M->8M(494M) 0.555ms
[4.570s][info][gc,cpu       ] GC(226) User=0.00s Sys=0.00s Real=0.00s
[4.587s][info][gc,start     ] GC(227) Pause Young (Allocation Failure)
[4.587s][info][gc,heap      ] GC(227) DefNew: 140219K->452K(157248K)
[4.587s][info][gc,heap      ] GC(227) Tenured: 8525K->8545K(349568K)
[4.587s][info][gc,metaspace ] GC(227) Metaspace: 13195K->13195K(1060864K)
[4.587s][info][gc           ] GC(227) Pause Young (Allocation Failure) 145M->8M(494M) 0.636ms
[4.587s][info][gc,cpu       ] GC(227) User=0.01s Sys=0.00s Real=0.00s
[4.602s][info][gc,start     ] GC(228) Pause Young (Allocation Failure)
[4.603s][info][gc,heap      ] GC(228) DefNew: 140228K->451K(157248K)
[4.603s][info][gc,heap      ] GC(228) Tenured: 8545K->8574K(349568K)
[4.603s][info][gc,metaspace ] GC(228) Metaspace: 13195K->13195K(1060864K)
[4.603s][info][gc           ] GC(228) Pause Young (Allocation Failure) 145M->8M(494M) 0.499ms
[4.603s][info][gc,cpu       ] GC(228) User=0.00s Sys=0.00s Real=0.00s
[4.618s][info][gc,start     ] GC(229) Pause Young (Allocation Failure)
[4.619s][info][gc,heap      ] GC(229) DefNew: 140227K->450K(157248K)
[4.619s][info][gc,heap      ] GC(229) Tenured: 8574K->8603K(349568K)
[4.619s][info][gc,metaspace ] GC(229) Metaspace: 13195K->13195K(1060864K)
[4.619s][info][gc           ] GC(229) Pause Young (Allocation Failure) 145M->8M(494M) 0.561ms
[4.619s][info][gc,cpu       ] GC(229) User=0.00s Sys=0.00s Real=0.01s
[4.634s][info][gc,start     ] GC(230) Pause Young (Allocation Failure)
[4.634s][info][gc,heap      ] GC(230) DefNew: 140226K->448K(157248K)
[4.635s][info][gc,heap      ] GC(230) Tenured: 8603K->8633K(349568K)
[4.635s][info][gc,metaspace ] GC(230) Metaspace: 13195K->13195K(1060864K)
[4.635s][info][gc           ] GC(230) Pause Young (Allocation Failure) 145M->8M(494M) 0.509ms
[4.635s][info][gc,cpu       ] GC(230) User=0.00s Sys=0.00s Real=0.00s
[4.653s][info][gc,start     ] GC(231) Pause Young (Allocation Failure)
[4.653s][info][gc,heap      ] GC(231) DefNew: 140224K->445K(157248K)
[4.653s][info][gc,heap      ] GC(231) Tenured: 8633K->8662K(349568K)
[4.653s][info][gc,metaspace ] GC(231) Metaspace: 13195K->13195K(1060864K)
[4.653s][info][gc           ] GC(231) Pause Young (Allocation Failure) 145M->8M(494M) 0.466ms
[4.653s][info][gc,cpu       ] GC(231) User=0.00s Sys=0.00s Real=0.00s
[4.670s][info][gc,start     ] GC(232) Pause Young (Allocation Failure)
[4.670s][info][gc,heap      ] GC(232) DefNew: 140221K->444K(157248K)
[4.670s][info][gc,heap      ] GC(232) Tenured: 8662K->8691K(349568K)
[4.670s][info][gc,metaspace ] GC(232) Metaspace: 13195K->13195K(1060864K)
[4.670s][info][gc           ] GC(232) Pause Young (Allocation Failure) 145M->8M(494M) 0.445ms
[4.670s][info][gc,cpu       ] GC(232) User=0.00s Sys=0.00s Real=0.00s
[4.688s][info][gc,start     ] GC(233) Pause Young (Allocation Failure)
[4.689s][info][gc,heap      ] GC(233) DefNew: 140220K->453K(157248K)
[4.689s][info][gc,heap      ] GC(233) Tenured: 8691K->8711K(349568K)
[4.689s][info][gc,metaspace ] GC(233) Metaspace: 13195K->13195K(1060864K)
[4.689s][info][gc           ] GC(233) Pause Young (Allocation Failure) 145M->8M(494M) 0.451ms
[4.689s][info][gc,cpu       ] GC(233) User=0.00s Sys=0.00s Real=0.01s
[4.706s][info][gc,start     ] GC(234) Pause Young (Allocation Failure)
[4.706s][info][gc,heap      ] GC(234) DefNew: 140229K->452K(157248K)
[4.706s][info][gc,heap      ] GC(234) Tenured: 8711K->8740K(349568K)
[4.706s][info][gc,metaspace ] GC(234) Metaspace: 13195K->13195K(1060864K)
[4.706s][info][gc           ] GC(234) Pause Young (Allocation Failure) 145M->8M(494M) 0.671ms
[4.706s][info][gc,cpu       ] GC(234) User=0.00s Sys=0.00s Real=0.00s
[4.725s][info][gc,start     ] GC(235) Pause Young (Allocation Failure)
[4.725s][info][gc,heap      ] GC(235) DefNew: 140228K->451K(157248K)
[4.725s][info][gc,heap      ] GC(235) Tenured: 8740K->8770K(349568K)
[4.725s][info][gc,metaspace ] GC(235) Metaspace: 13195K->13195K(1060864K)
[4.725s][info][gc           ] GC(235) Pause Young (Allocation Failure) 145M->9M(494M) 0.551ms
[4.725s][info][gc,cpu       ] GC(235) User=0.00s Sys=0.00s Real=0.00s
[4.743s][info][gc,start     ] GC(236) Pause Young (Allocation Failure)
[4.744s][info][gc,heap      ] GC(236) DefNew: 140227K->449K(157248K)
[4.744s][info][gc,heap      ] GC(236) Tenured: 8770K->8799K(349568K)
[4.744s][info][gc,metaspace ] GC(236) Metaspace: 13195K->13195K(1060864K)
[4.744s][info][gc           ] GC(236) Pause Young (Allocation Failure) 145M->9M(494M) 0.526ms
[4.744s][info][gc,cpu       ] GC(236) User=0.01s Sys=0.00s Real=0.00s
[4.760s][info][gc,start     ] GC(237) Pause Young (Allocation Failure)
[4.761s][info][gc,heap      ] GC(237) DefNew: 140225K->446K(157248K)
[4.761s][info][gc,heap      ] GC(237) Tenured: 8799K->8828K(349568K)
[4.761s][info][gc,metaspace ] GC(237) Metaspace: 13195K->13195K(1060864K)
[4.761s][info][gc           ] GC(237) Pause Young (Allocation Failure) 145M->9M(494M) 0.503ms
[4.761s][info][gc,cpu       ] GC(237) User=0.00s Sys=0.00s Real=0.00s
[4.776s][info][gc,start     ] GC(238) Pause Young (Allocation Failure)
[4.776s][info][gc,heap      ] GC(238) DefNew: 140222K->444K(157248K)
[4.776s][info][gc,heap      ] GC(238) Tenured: 8828K->8858K(349568K)
[4.776s][info][gc,metaspace ] GC(238) Metaspace: 13195K->13195K(1060864K)
[4.776s][info][gc           ] GC(238) Pause Young (Allocation Failure) 145M->9M(494M) 0.462ms
[4.776s][info][gc,cpu       ] GC(238) User=0.00s Sys=0.00s Real=0.00s
[4.792s][info][gc,start     ] GC(239) Pause Young (Allocation Failure)
[4.792s][info][gc,heap      ] GC(239) DefNew: 140220K->443K(157248K)
[4.792s][info][gc,heap      ] GC(239) Tenured: 8858K->8887K(349568K)
[4.792s][info][gc,metaspace ] GC(239) Metaspace: 13195K->13195K(1060864K)
[4.792s][info][gc           ] GC(239) Pause Young (Allocation Failure) 145M->9M(494M) 0.453ms
[4.792s][info][gc,cpu       ] GC(239) User=0.00s Sys=0.00s Real=0.00s
[4.808s][info][gc,start     ] GC(240) Pause Young (Allocation Failure)
[4.808s][info][gc,heap      ] GC(240) DefNew: 140219K->450K(157248K)
[4.808s][info][gc,heap      ] GC(240) Tenured: 8887K->8909K(349568K)
[4.808s][info][gc,metaspace ] GC(240) Metaspace: 13195K->13195K(1060864K)
[4.809s][info][gc           ] GC(240) Pause Young (Allocation Failure) 145M->9M(494M) 0.437ms
[4.809s][info][gc,cpu       ] GC(240) User=0.01s Sys=0.00s Real=0.01s
[4.824s][info][gc,start     ] GC(241) Pause Young (Allocation Failure)
[4.824s][info][gc,heap      ] GC(241) DefNew: 140226K->426K(157248K)
[4.824s][info][gc,heap      ] GC(241) Tenured: 8909K->8961K(349568K)
[4.824s][info][gc,metaspace ] GC(241) Metaspace: 13195K->13195K(1060864K)
[4.824s][info][gc           ] GC(241) Pause Young (Allocation Failure) 145M->9M(494M) 0.495ms
[4.824s][info][gc,cpu       ] GC(241) User=0.00s Sys=0.00s Real=0.00s
[4.841s][info][gc,start     ] GC(242) Pause Young (Allocation Failure)
[4.841s][info][gc,heap      ] GC(242) DefNew: 140202K->425K(157248K)
[4.841s][info][gc,heap      ] GC(242) Tenured: 8961K->8990K(349568K)
[4.841s][info][gc,metaspace ] GC(242) Metaspace: 13195K->13195K(1060864K)
[4.841s][info][gc           ] GC(242) Pause Young (Allocation Failure) 145M->9M(494M) 0.450ms
[4.841s][info][gc,cpu       ] GC(242) User=0.00s Sys=0.00s Real=0.00s
[4.860s][info][gc,start     ] GC(243) Pause Young (Allocation Failure)
[4.861s][info][gc,heap      ] GC(243) DefNew: 140201K->423K(157248K)
[4.861s][info][gc,heap      ] GC(243) Tenured: 8990K->9019K(349568K)
[4.861s][info][gc,metaspace ] GC(243) Metaspace: 13195K->13195K(1060864K)
[4.861s][info][gc           ] GC(243) Pause Young (Allocation Failure) 145M->9M(494M) 0.437ms
[4.861s][info][gc,cpu       ] GC(243) User=0.01s Sys=0.00s Real=0.00s
[4.877s][info][gc,start     ] GC(244) Pause Young (Allocation Failure)
[4.878s][info][gc,heap      ] GC(244) DefNew: 140199K->420K(157248K)
[4.878s][info][gc,heap      ] GC(244) Tenured: 9019K->9049K(349568K)
[4.878s][info][gc,metaspace ] GC(244) Metaspace: 13195K->13195K(1060864K)
[4.878s][info][gc           ] GC(244) Pause Young (Allocation Failure) 145M->9M(494M) 0.372ms
[4.878s][info][gc,cpu       ] GC(244) User=0.00s Sys=0.00s Real=0.00s
[4.896s][info][gc,start     ] GC(245) Pause Young (Allocation Failure)
[4.897s][info][gc,heap      ] GC(245) DefNew: 140196K->419K(157248K)
[4.897s][info][gc,heap      ] GC(245) Tenured: 9049K->9078K(349568K)
[4.897s][info][gc,metaspace ] GC(245) Metaspace: 13195K->13195K(1060864K)
[4.897s][info][gc           ] GC(245) Pause Young (Allocation Failure) 145M->9M(494M) 0.356ms
[4.897s][info][gc,cpu       ] GC(245) User=0.00s Sys=0.01s Real=0.00s
[4.916s][info][gc,start     ] GC(246) Pause Young (Allocation Failure)
[4.916s][info][gc,heap      ] GC(246) DefNew: 140195K->428K(157248K)
[4.916s][info][gc,heap      ] GC(246) Tenured: 9078K->9098K(349568K)
[4.916s][info][gc,metaspace ] GC(246) Metaspace: 13195K->13195K(1060864K)
[4.916s][info][gc           ] GC(246) Pause Young (Allocation Failure) 145M->9M(494M) 0.424ms
[4.916s][info][gc,cpu       ] GC(246) User=0.00s Sys=0.00s Real=0.00s
[4.934s][info][gc,start     ] GC(247) Pause Young (Allocation Failure)
[4.935s][info][gc,heap      ] GC(247) DefNew: 140204K->427K(157248K)
[4.935s][info][gc,heap      ] GC(247) Tenured: 9098K->9127K(349568K)
[4.935s][info][gc,metaspace ] GC(247) Metaspace: 13195K->13195K(1060864K)
[4.935s][info][gc           ] GC(247) Pause Young (Allocation Failure) 145M->9M(494M) 0.374ms
[4.935s][info][gc,cpu       ] GC(247) User=0.00s Sys=0.00s Real=0.00s
[4.951s][info][gc,start     ] GC(248) Pause Young (Allocation Failure)
[4.952s][info][gc,heap      ] GC(248) DefNew: 140203K->426K(157248K)
[4.952s][info][gc,heap      ] GC(248) Tenured: 9127K->9156K(349568K)
[4.952s][info][gc,metaspace ] GC(248) Metaspace: 13195K->13195K(1060864K)
[4.952s][info][gc           ] GC(248) Pause Young (Allocation Failure) 145M->9M(494M) 0.372ms
[4.952s][info][gc,cpu       ] GC(248) User=0.00s Sys=0.00s Real=0.00s
[4.968s][info][gc,start     ] GC(249) Pause Young (Allocation Failure)
[4.969s][info][gc,heap      ] GC(249) DefNew: 140202K->424K(157248K)
[4.969s][info][gc,heap      ] GC(249) Tenured: 9156K->9186K(349568K)
[4.969s][info][gc,metaspace ] GC(249) Metaspace: 13195K->13195K(1060864K)
[4.969s][info][gc           ] GC(249) Pause Young (Allocation Failure) 145M->9M(494M) 0.570ms
[4.969s][info][gc,cpu       ] GC(249) User=0.00s Sys=0.00s Real=0.01s
[4.987s][info][gc,start     ] GC(250) Pause Young (Allocation Failure)
[4.988s][info][gc,heap      ] GC(250) DefNew: 140200K->422K(157248K)
[4.988s][info][gc,heap      ] GC(250) Tenured: 9186K->9215K(349568K)
[4.988s][info][gc,metaspace ] GC(250) Metaspace: 13195K->13195K(1060864K)
[4.988s][info][gc           ] GC(250) Pause Young (Allocation Failure) 145M->9M(494M) 0.467ms
[4.988s][info][gc,cpu       ] GC(250) User=0.01s Sys=0.00s Real=0.00s
[5.005s][info][gc,start     ] GC(251) Pause Young (Allocation Failure)
[5.005s][info][gc,heap      ] GC(251) DefNew: 140198K->420K(157248K)
[5.005s][info][gc,heap      ] GC(251) Tenured: 9215K->9244K(349568K)
[5.005s][info][gc,metaspace ] GC(251) Metaspace: 13195K->13195K(1060864K)
[5.005s][info][gc           ] GC(251) Pause Young (Allocation Failure) 145M->9M(494M) 0.415ms
[5.005s][info][gc,cpu       ] GC(251) User=0.00s Sys=0.00s Real=0.00s
[5.025s][info][gc,start     ] GC(252) Pause Young (Allocation Failure)
[5.025s][info][gc,heap      ] GC(252) DefNew: 140196K->419K(157248K)
[5.025s][info][gc,heap      ] GC(252) Tenured: 9244K->9274K(349568K)
[5.025s][info][gc,metaspace ] GC(252) Metaspace: 13195K->13195K(1060864K)
[5.025s][info][gc           ] GC(252) Pause Young (Allocation Failure) 145M->9M(494M) 0.385ms
[5.025s][info][gc,cpu       ] GC(252) User=0.00s Sys=0.00s Real=0.00s
[5.044s][info][gc,start     ] GC(253) Pause Young (Allocation Failure)
[5.044s][info][gc,heap      ] GC(253) DefNew: 140195K->428K(157248K)
[5.044s][info][gc,heap      ] GC(253) Tenured: 9274K->9293K(349568K)
[5.044s][info][gc,metaspace ] GC(253) Metaspace: 13195K->13195K(1060864K)
[5.044s][info][gc           ] GC(253) Pause Young (Allocation Failure) 145M->9M(494M) 0.399ms
[5.044s][info][gc,cpu       ] GC(253) User=0.00s Sys=0.00s Real=0.00s
[5.060s][info][gc,start     ] GC(254) Pause Young (Allocation Failure)
[5.060s][info][gc,heap      ] GC(254) DefNew: 140204K->427K(157248K)
[5.060s][info][gc,heap      ] GC(254) Tenured: 9293K->9323K(349568K)
[5.060s][info][gc,metaspace ] GC(254) Metaspace: 13195K->13195K(1060864K)
[5.060s][info][gc           ] GC(254) Pause Young (Allocation Failure) 145M->9M(494M) 0.324ms
[5.060s][info][gc,cpu       ] GC(254) User=0.00s Sys=0.00s Real=0.00s
[5.076s][info][gc,start     ] GC(255) Pause Young (Allocation Failure)
[5.076s][info][gc,heap      ] GC(255) DefNew: 140203K->425K(157248K)
[5.076s][info][gc,heap      ] GC(255) Tenured: 9323K->9352K(349568K)
[5.076s][info][gc,metaspace ] GC(255) Metaspace: 13195K->13195K(1060864K)
[5.076s][info][gc           ] GC(255) Pause Young (Allocation Failure) 146M->9M(494M) 0.336ms
[5.076s][info][gc,cpu       ] GC(255) User=0.00s Sys=0.00s Real=0.00s
[5.097s][info][gc,start     ] GC(256) Pause Young (Allocation Failure)
[5.097s][info][gc,heap      ] GC(256) DefNew: 140201K->424K(157248K)
[5.097s][info][gc,heap      ] GC(256) Tenured: 9352K->9381K(349568K)
[5.097s][info][gc,metaspace ] GC(256) Metaspace: 13195K->13195K(1060864K)
[5.097s][info][gc           ] GC(256) Pause Young (Allocation Failure) 146M->9M(494M) 0.416ms
[5.097s][info][gc,cpu       ] GC(256) User=0.00s Sys=0.00s Real=0.00s
[5.118s][info][gc,start     ] GC(257) Pause Young (Allocation Failure)
[5.118s][info][gc,heap      ] GC(257) DefNew: 140200K->420K(157248K)
[5.118s][info][gc,heap      ] GC(257) Tenured: 9381K->9411K(349568K)
[5.118s][info][gc,metaspace ] GC(257) Metaspace: 13195K->13195K(1060864K)
[5.118s][info][gc           ] GC(257) Pause Young (Allocation Failure) 146M->9M(494M) 0.653ms
[5.118s][info][gc,cpu       ] GC(257) User=0.00s Sys=0.00s Real=0.00s
[5.136s][info][gc,start     ] GC(258) Pause Young (Allocation Failure)
[5.136s][info][gc,heap      ] GC(258) DefNew: 140196K->419K(157248K)
[5.136s][info][gc,heap      ] GC(258) Tenured: 9411K->9440K(349568K)
[5.136s][info][gc,metaspace ] GC(258) Metaspace: 13195K->13195K(1060864K)
[5.136s][info][gc           ] GC(258) Pause Young (Allocation Failure) 146M->9M(494M) 0.581ms
[5.136s][info][gc,cpu       ] GC(258) User=0.00s Sys=0.00s Real=0.00s
[5.153s][info][gc,start     ] GC(259) Pause Young (Allocation Failure)
[5.153s][info][gc,heap      ] GC(259) DefNew: 140195K->428K(157248K)
[5.153s][info][gc,heap      ] GC(259) Tenured: 9440K->9460K(349568K)
[5.153s][info][gc,metaspace ] GC(259) Metaspace: 13195K->13195K(1060864K)
[5.153s][info][gc           ] GC(259) Pause Young (Allocation Failure) 146M->9M(494M) 0.349ms
[5.153s][info][gc,cpu       ] GC(259) User=0.00s Sys=0.00s Real=0.00s
[5.169s][info][gc,start     ] GC(260) Pause Young (Allocation Failure)
[5.170s][info][gc,heap      ] GC(260) DefNew: 140204K->427K(157248K)
[5.170s][info][gc,heap      ] GC(260) Tenured: 9460K->9489K(349568K)
[5.170s][info][gc,metaspace ] GC(260) Metaspace: 13195K->13195K(1060864K)
[5.170s][info][gc           ] GC(260) Pause Young (Allocation Failure) 146M->9M(494M) 0.402ms
[5.170s][info][gc,cpu       ] GC(260) User=0.00s Sys=0.00s Real=0.00s
[5.186s][info][gc,start     ] GC(261) Pause Young (Allocation Failure)
[5.186s][info][gc,heap      ] GC(261) DefNew: 140203K->426K(157248K)
[5.186s][info][gc,heap      ] GC(261) Tenured: 9489K->9518K(349568K)
[5.186s][info][gc,metaspace ] GC(261) Metaspace: 13195K->13195K(1060864K)
[5.186s][info][gc           ] GC(261) Pause Young (Allocation Failure) 146M->9M(494M) 0.407ms
[5.186s][info][gc,cpu       ] GC(261) User=0.00s Sys=0.00s Real=0.00s
[5.203s][info][gc,start     ] GC(262) Pause Young (Allocation Failure)
[5.203s][info][gc,heap      ] GC(262) DefNew: 140202K->425K(157248K)
[5.203s][info][gc,heap      ] GC(262) Tenured: 9518K->9548K(349568K)
[5.203s][info][gc,metaspace ] GC(262) Metaspace: 13195K->13195K(1060864K)
[5.203s][info][gc           ] GC(262) Pause Young (Allocation Failure) 146M->9M(494M) 0.360ms
[5.203s][info][gc,cpu       ] GC(262) User=0.00s Sys=0.00s Real=0.00s
[5.219s][info][gc,start     ] GC(263) Pause Young (Allocation Failure)
[5.219s][info][gc,heap      ] GC(263) DefNew: 140201K->423K(157248K)
[5.219s][info][gc,heap      ] GC(263) Tenured: 9548K->9577K(349568K)
[5.219s][info][gc,metaspace ] GC(263) Metaspace: 13195K->13195K(1060864K)
[5.219s][info][gc           ] GC(263) Pause Young (Allocation Failure) 146M->9M(494M) 0.388ms
[5.219s][info][gc,cpu       ] GC(263) User=0.00s Sys=0.00s Real=0.00s
[5.233s][info][gc,start     ] GC(264) Pause Young (Allocation Failure)
[5.233s][info][gc,heap      ] GC(264) DefNew: 140199K->420K(157248K)
[5.233s][info][gc,heap      ] GC(264) Tenured: 9577K->9606K(349568K)
[5.233s][info][gc,metaspace ] GC(264) Metaspace: 13195K->13195K(1060864K)
[5.233s][info][gc           ] GC(264) Pause Young (Allocation Failure) 146M->9M(494M) 0.342ms
[5.233s][info][gc,cpu       ] GC(264) User=0.00s Sys=0.00s Real=0.00s
[5.250s][info][gc,start     ] GC(265) Pause Young (Allocation Failure)
[5.250s][info][gc,heap      ] GC(265) DefNew: 140196K->419K(157248K)
[5.250s][info][gc,heap      ] GC(265) Tenured: 9606K->9636K(349568K)
[5.250s][info][gc,metaspace ] GC(265) Metaspace: 13195K->13195K(1060864K)
[5.250s][info][gc           ] GC(265) Pause Young (Allocation Failure) 146M->9M(494M) 0.356ms
[5.250s][info][gc,cpu       ] GC(265) User=0.00s Sys=0.00s Real=0.00s
[5.269s][info][gc,start     ] GC(266) Pause Young (Allocation Failure)
[5.269s][info][gc,heap      ] GC(266) DefNew: 140195K->428K(157248K)
[5.269s][info][gc,heap      ] GC(266) Tenured: 9636K->9655K(349568K)
[5.269s][info][gc,metaspace ] GC(266) Metaspace: 13195K->13195K(1060864K)
[5.269s][info][gc           ] GC(266) Pause Young (Allocation Failure) 146M->9M(494M) 0.440ms
[5.269s][info][gc,cpu       ] GC(266) User=0.00s Sys=0.00s Real=0.00s
[5.287s][info][gc,start     ] GC(267) Pause Young (Allocation Failure)
[5.287s][info][gc,heap      ] GC(267) DefNew: 140204K->427K(157248K)
[5.287s][info][gc,heap      ] GC(267) Tenured: 9655K->9685K(349568K)
[5.287s][info][gc,metaspace ] GC(267) Metaspace: 13195K->13195K(1060864K)
[5.287s][info][gc           ] GC(267) Pause Young (Allocation Failure) 146M->9M(494M) 0.406ms
[5.287s][info][gc,cpu       ] GC(267) User=0.00s Sys=0.00s Real=0.00s
[5.305s][info][gc,start     ] GC(268) Pause Young (Allocation Failure)
[5.306s][info][gc,heap      ] GC(268) DefNew: 140203K->426K(157248K)
[5.306s][info][gc,heap      ] GC(268) Tenured: 9685K->9714K(349568K)
[5.306s][info][gc,metaspace ] GC(268) Metaspace: 13195K->13195K(1060864K)
[5.306s][info][gc           ] GC(268) Pause Young (Allocation Failure) 146M->9M(494M) 0.459ms
[5.306s][info][gc,cpu       ] GC(268) User=0.00s Sys=0.00s Real=0.00s
[5.323s][info][gc,start     ] GC(269) Pause Young (Allocation Failure)
[5.324s][info][gc,heap      ] GC(269) DefNew: 140202K->424K(157248K)
[5.324s][info][gc,heap      ] GC(269) Tenured: 9714K->9743K(349568K)
[5.324s][info][gc,metaspace ] GC(269) Metaspace: 13195K->13195K(1060864K)
[5.324s][info][gc           ] GC(269) Pause Young (Allocation Failure) 146M->9M(494M) 0.770ms
[5.324s][info][gc,cpu       ] GC(269) User=0.00s Sys=0.00s Real=0.00s
[5.342s][info][gc,start     ] GC(270) Pause Young (Allocation Failure)
[5.342s][info][gc,heap      ] GC(270) DefNew: 140200K->421K(157248K)
[5.342s][info][gc,heap      ] GC(270) Tenured: 9743K->9773K(349568K)
[5.342s][info][gc,metaspace ] GC(270) Metaspace: 13195K->13195K(1060864K)
[5.342s][info][gc           ] GC(270) Pause Young (Allocation Failure) 146M->9M(494M) 0.502ms
[5.342s][info][gc,cpu       ] GC(270) User=0.00s Sys=0.00s Real=0.00s
[5.361s][info][gc,start     ] GC(271) Pause Young (Allocation Failure)
[5.361s][info][gc,heap      ] GC(271) DefNew: 140197K->419K(157248K)
[5.361s][info][gc,heap      ] GC(271) Tenured: 9773K->9802K(349568K)
[5.361s][info][gc,metaspace ] GC(271) Metaspace: 13195K->13195K(1060864K)
[5.361s][info][gc           ] GC(271) Pause Young (Allocation Failure) 146M->9M(494M) 0.582ms
[5.361s][info][gc,cpu       ] GC(271) User=0.00s Sys=0.00s Real=0.00s
[5.380s][info][gc,start     ] GC(272) Pause Young (Allocation Failure)
[5.380s][info][gc,heap      ] GC(272) DefNew: 140195K->428K(157248K)
[5.380s][info][gc,heap      ] GC(272) Tenured: 9802K->9822K(349568K)
[5.380s][info][gc,metaspace ] GC(272) Metaspace: 13195K->13195K(1060864K)
[5.380s][info][gc           ] GC(272) Pause Young (Allocation Failure) 146M->10M(494M) 0.369ms
[5.380s][info][gc,cpu       ] GC(272) User=0.00s Sys=0.00s Real=0.00s
[5.396s][info][gc,start     ] GC(273) Pause Young (Allocation Failure)
[5.396s][info][gc,heap      ] GC(273) DefNew: 140204K->427K(157248K)
[5.396s][info][gc,heap      ] GC(273) Tenured: 9822K->9851K(349568K)
[5.396s][info][gc,metaspace ] GC(273) Metaspace: 13195K->13195K(1060864K)
[5.397s][info][gc           ] GC(273) Pause Young (Allocation Failure) 146M->10M(494M) 0.394ms
[5.397s][info][gc,cpu       ] GC(273) User=0.00s Sys=0.00s Real=0.00s
[5.412s][info][gc,start     ] GC(274) Pause Young (Allocation Failure)
[5.413s][info][gc,heap      ] GC(274) DefNew: 140203K->426K(157248K)
[5.413s][info][gc,heap      ] GC(274) Tenured: 9851K->9880K(349568K)
[5.413s][info][gc,metaspace ] GC(274) Metaspace: 13195K->13195K(1060864K)
[5.413s][info][gc           ] GC(274) Pause Young (Allocation Failure) 146M->10M(494M) 0.754ms
[5.413s][info][gc,cpu       ] GC(274) User=0.00s Sys=0.00s Real=0.00s
[5.428s][info][gc,start     ] GC(275) Pause Young (Allocation Failure)
[5.429s][info][gc,heap      ] GC(275) DefNew: 140202K->425K(157248K)
[5.429s][info][gc,heap      ] GC(275) Tenured: 9880K->9910K(349568K)
[5.429s][info][gc,metaspace ] GC(275) Metaspace: 13195K->13195K(1060864K)
[5.429s][info][gc           ] GC(275) Pause Young (Allocation Failure) 146M->10M(494M) 0.424ms
[5.429s][info][gc,cpu       ] GC(275) User=0.00s Sys=0.00s Real=0.01s
[5.444s][info][gc,start     ] GC(276) Pause Young (Allocation Failure)
[5.444s][info][gc,heap      ] GC(276) DefNew: 140201K->423K(157248K)
[5.444s][info][gc,heap      ] GC(276) Tenured: 9910K->9939K(349568K)
[5.444s][info][gc,metaspace ] GC(276) Metaspace: 13195K->13195K(1060864K)
[5.444s][info][gc           ] GC(276) Pause Young (Allocation Failure) 146M->10M(494M) 0.334ms
[5.444s][info][gc,cpu       ] GC(276) User=0.00s Sys=0.00s Real=0.00s
[5.457s][info][gc,start     ] GC(277) Pause Young (Allocation Failure)
[5.458s][info][gc,heap      ] GC(277) DefNew: 140199K->420K(157248K)
[5.458s][info][gc,heap      ] GC(277) Tenured: 9939K->9968K(349568K)
[5.458s][info][gc,metaspace ] GC(277) Metaspace: 13195K->13195K(1060864K)
[5.458s][info][gc           ] GC(277) Pause Young (Allocation Failure) 146M->10M(494M) 0.315ms
[5.458s][info][gc,cpu       ] GC(277) User=0.00s Sys=0.00s Real=0.00s
[5.473s][info][gc,start     ] GC(278) Pause Young (Allocation Failure)
[5.473s][info][gc,heap      ] GC(278) DefNew: 140196K->419K(157248K)
[5.473s][info][gc,heap      ] GC(278) Tenured: 9968K->9998K(349568K)
[5.473s][info][gc,metaspace ] GC(278) Metaspace: 13195K->13195K(1060864K)
[5.473s][info][gc           ] GC(278) Pause Young (Allocation Failure) 146M->10M(494M) 0.366ms
[5.473s][info][gc,cpu       ] GC(278) User=0.01s Sys=0.00s Real=0.00s
[5.489s][info][gc,start     ] GC(279) Pause Young (Allocation Failure)
[5.489s][info][gc,heap      ] GC(279) DefNew: 140195K->428K(157248K)
[5.489s][info][gc,heap      ] GC(279) Tenured: 9998K->10017K(349568K)
[5.489s][info][gc,metaspace ] GC(279) Metaspace: 13195K->13195K(1060864K)
[5.489s][info][gc           ] GC(279) Pause Young (Allocation Failure) 146M->10M(494M) 0.327ms
[5.489s][info][gc,cpu       ] GC(279) User=0.00s Sys=0.00s Real=0.00s
[5.505s][info][gc,start     ] GC(280) Pause Young (Allocation Failure)
[5.505s][info][gc,heap      ] GC(280) DefNew: 140204K->427K(157248K)
[5.505s][info][gc,heap      ] GC(280) Tenured: 10017K->10047K(349568K)
[5.505s][info][gc,metaspace ] GC(280) Metaspace: 13195K->13195K(1060864K)
[5.505s][info][gc           ] GC(280) Pause Young (Allocation Failure) 146M->10M(494M) 0.322ms
[5.505s][info][gc,cpu       ] GC(280) User=0.00s Sys=0.00s Real=0.00s
[5.521s][info][gc,start     ] GC(281) Pause Young (Allocation Failure)
[5.521s][info][gc,heap      ] GC(281) DefNew: 140203K->426K(157248K)
[5.521s][info][gc,heap      ] GC(281) Tenured: 10047K->10076K(349568K)
[5.521s][info][gc,metaspace ] GC(281) Metaspace: 13195K->13195K(1060864K)
[5.521s][info][gc           ] GC(281) Pause Young (Allocation Failure) 146M->10M(494M) 0.401ms
[5.521s][info][gc,cpu       ] GC(281) User=0.00s Sys=0.00s Real=0.00s
[5.538s][info][gc,start     ] GC(282) Pause Young (Allocation Failure)
[5.538s][info][gc,heap      ] GC(282) DefNew: 140202K->424K(157248K)
[5.538s][info][gc,heap      ] GC(282) Tenured: 10076K->10105K(349568K)
[5.538s][info][gc,metaspace ] GC(282) Metaspace: 13195K->13195K(1060864K)
[5.538s][info][gc           ] GC(282) Pause Young (Allocation Failure) 146M->10M(494M) 0.412ms
[5.538s][info][gc,cpu       ] GC(282) User=0.00s Sys=0.00s Real=0.00s
[5.556s][info][gc,start     ] GC(283) Pause Young (Allocation Failure)
[5.557s][info][gc,heap      ] GC(283) DefNew: 140200K->429K(157248K)
[5.557s][info][gc,heap      ] GC(283) Tenured: 10105K->10135K(349568K)
[5.557s][info][gc,metaspace ] GC(283) Metaspace: 13196K->13196K(1060864K)
[5.557s][info][gc           ] GC(283) Pause Young (Allocation Failure) 146M->10M(494M) 1.184ms
[5.557s][info][gc,cpu       ] GC(283) User=0.00s Sys=0.00s Real=0.00s
[5.574s][info][gc,start     ] GC(284) Pause Young (Allocation Failure)
[5.574s][info][gc,heap      ] GC(284) DefNew: 140205K->448K(157248K)
[5.574s][info][gc,heap      ] GC(284) Tenured: 10135K->10164K(349568K)
[5.574s][info][gc,metaspace ] GC(284) Metaspace: 13310K->13310K(1060864K)
[5.574s][info][gc           ] GC(284) Pause Young (Allocation Failure) 146M->10M(494M) 0.482ms
[5.574s][info][gc,cpu       ] GC(284) User=0.00s Sys=0.00s Real=0.00s
[5.591s][info][gc,start     ] GC(285) Pause Young (Allocation Failure)
[5.592s][info][gc,heap      ] GC(285) DefNew: 140224K->447K(157248K)
[5.592s][info][gc,heap      ] GC(285) Tenured: 10164K->10193K(349568K)
[5.592s][info][gc,metaspace ] GC(285) Metaspace: 13310K->13310K(1060864K)
[5.592s][info][gc           ] GC(285) Pause Young (Allocation Failure) 146M->10M(494M) 0.888ms
[5.592s][info][gc,cpu       ] GC(285) User=0.00s Sys=0.00s Real=0.00s
[5.610s][info][gc,start     ] GC(286) Pause Young (Allocation Failure)
[5.610s][info][gc,heap      ] GC(286) DefNew: 140223K->456K(157248K)
[5.610s][info][gc,heap      ] GC(286) Tenured: 10193K->10213K(349568K)
[5.610s][info][gc,metaspace ] GC(286) Metaspace: 13310K->13310K(1060864K)
[5.610s][info][gc           ] GC(286) Pause Young (Allocation Failure) 146M->10M(494M) 0.469ms
[5.611s][info][gc,cpu       ] GC(286) User=0.00s Sys=0.00s Real=0.00s
[5.630s][info][gc,start     ] GC(287) Pause Young (Allocation Failure)
[5.631s][info][gc,heap      ] GC(287) DefNew: 140232K->454K(157248K)
[5.631s][info][gc,heap      ] GC(287) Tenured: 10213K->10242K(349568K)
[5.631s][info][gc,metaspace ] GC(287) Metaspace: 13310K->13310K(1060864K)
[5.631s][info][gc           ] GC(287) Pause Young (Allocation Failure) 146M->10M(494M) 0.719ms
[5.631s][info][gc,cpu       ] GC(287) User=0.00s Sys=0.00s Real=0.00s
[5.653s][info][gc,start     ] GC(288) Pause Young (Allocation Failure)
[5.653s][info][gc,heap      ] GC(288) DefNew: 140230K->453K(157248K)
[5.653s][info][gc,heap      ] GC(288) Tenured: 10242K->10271K(349568K)
[5.653s][info][gc,metaspace ] GC(288) Metaspace: 13310K->13310K(1060864K)
[5.654s][info][gc           ] GC(288) Pause Young (Allocation Failure) 146M->10M(494M) 0.952ms
[5.654s][info][gc,cpu       ] GC(288) User=0.00s Sys=0.00s Real=0.00s
[5.670s][info][gc,start     ] GC(289) Pause Young (Allocation Failure)
[5.671s][info][gc,heap      ] GC(289) DefNew: 140229K->451K(157248K)
[5.671s][info][gc,heap      ] GC(289) Tenured: 10271K->10301K(349568K)
[5.671s][info][gc,metaspace ] GC(289) Metaspace: 13310K->13310K(1060864K)
[5.671s][info][gc           ] GC(289) Pause Young (Allocation Failure) 146M->10M(494M) 0.528ms
[5.671s][info][gc,cpu       ] GC(289) User=0.00s Sys=0.00s Real=0.00s
[5.685s][info][gc,start     ] GC(290) Pause Young (Allocation Failure)
[5.685s][info][gc,heap      ] GC(290) DefNew: 140227K->448K(157248K)
[5.685s][info][gc,heap      ] GC(290) Tenured: 10301K->10330K(349568K)
[5.685s][info][gc,metaspace ] GC(290) Metaspace: 13310K->13310K(1060864K)
[5.685s][info][gc           ] GC(290) Pause Young (Allocation Failure) 147M->10M(494M) 0.417ms
[5.685s][info][gc,cpu       ] GC(290) User=0.00s Sys=0.00s Real=0.00s
[5.701s][info][gc,start     ] GC(291) Pause Young (Allocation Failure)
[5.701s][info][gc,heap      ] GC(291) DefNew: 140224K->447K(157248K)
[5.701s][info][gc,heap      ] GC(291) Tenured: 10330K->10360K(349568K)
[5.701s][info][gc,metaspace ] GC(291) Metaspace: 13310K->13310K(1060864K)
[5.701s][info][gc           ] GC(291) Pause Young (Allocation Failure) 147M->10M(494M) 0.521ms
[5.701s][info][gc,cpu       ] GC(291) User=0.00s Sys=0.00s Real=0.00s
[5.717s][info][gc,start     ] GC(292) Pause Young (Allocation Failure)
[5.717s][info][gc,heap      ] GC(292) DefNew: 140223K->456K(157248K)
[5.717s][info][gc,heap      ] GC(292) Tenured: 10360K->10379K(349568K)
[5.717s][info][gc,metaspace ] GC(292) Metaspace: 13310K->13310K(1060864K)
[5.717s][info][gc           ] GC(292) Pause Young (Allocation Failure) 147M->10M(494M) 0.455ms
[5.717s][info][gc,cpu       ] GC(292) User=0.00s Sys=0.00s Real=0.00s
[5.733s][info][gc,start     ] GC(293) Pause Young (Allocation Failure)
[5.734s][info][gc,heap      ] GC(293) DefNew: 140232K->455K(157248K)
[5.734s][info][gc,heap      ] GC(293) Tenured: 10379K->10408K(349568K)
[5.734s][info][gc,metaspace ] GC(293) Metaspace: 13310K->13310K(1060864K)
[5.734s][info][gc           ] GC(293) Pause Young (Allocation Failure) 147M->10M(494M) 0.513ms
[5.734s][info][gc,cpu       ] GC(293) User=0.00s Sys=0.00s Real=0.00s
[5.754s][info][gc,start     ] GC(294) Pause Young (Allocation Failure)
[5.754s][info][gc,heap      ] GC(294) DefNew: 140231K->454K(157248K)
[5.754s][info][gc,heap      ] GC(294) Tenured: 10408K->10438K(349568K)
[5.754s][info][gc,metaspace ] GC(294) Metaspace: 13310K->13310K(1060864K)
[5.754s][info][gc           ] GC(294) Pause Young (Allocation Failure) 147M->10M(494M) 0.605ms
[5.754s][info][gc,cpu       ] GC(294) User=0.00s Sys=0.00s Real=0.00s
[5.773s][info][gc,start     ] GC(295) Pause Young (Allocation Failure)
[5.773s][info][gc,heap      ] GC(295) DefNew: 140230K->452K(157248K)
[5.773s][info][gc,heap      ] GC(295) Tenured: 10438K->10467K(349568K)
[5.773s][info][gc,metaspace ] GC(295) Metaspace: 13310K->13310K(1060864K)
[5.773s][info][gc           ] GC(295) Pause Young (Allocation Failure) 147M->10M(494M) 0.726ms
[5.773s][info][gc,cpu       ] GC(295) User=0.00s Sys=0.00s Real=0.00s
[5.810s][info][gc,start     ] GC(296) Pause Young (Allocation Failure)
[5.811s][info][gc,heap      ] GC(296) DefNew: 140228K->449K(157248K)
[5.811s][info][gc,heap      ] GC(296) Tenured: 10467K->10496K(349568K)
[5.811s][info][gc,metaspace ] GC(296) Metaspace: 13310K->13310K(1060864K)
[5.811s][info][gc           ] GC(296) Pause Young (Allocation Failure) 147M->10M(494M) 0.786ms
[5.811s][info][gc,cpu       ] GC(296) User=0.00s Sys=0.00s Real=0.00s
[5.847s][info][gc,start     ] GC(297) Pause Young (Allocation Failure)
[5.848s][info][gc,heap      ] GC(297) DefNew: 140225K->448K(157248K)
[5.848s][info][gc,heap      ] GC(297) Tenured: 10496K->10526K(349568K)
[5.848s][info][gc,metaspace ] GC(297) Metaspace: 13310K->13310K(1060864K)
[5.848s][info][gc           ] GC(297) Pause Young (Allocation Failure) 147M->10M(494M) 0.726ms
[5.848s][info][gc,cpu       ] GC(297) User=0.00s Sys=0.00s Real=0.00s
[5.882s][info][gc,start     ] GC(298) Pause Young (Allocation Failure)
[5.882s][info][gc,heap      ] GC(298) DefNew: 140224K->457K(157248K)
[5.882s][info][gc,heap      ] GC(298) Tenured: 10526K->10545K(349568K)
[5.882s][info][gc,metaspace ] GC(298) Metaspace: 13310K->13310K(1060864K)
[5.882s][info][gc           ] GC(298) Pause Young (Allocation Failure) 147M->10M(494M) 0.460ms
[5.882s][info][gc,cpu       ] GC(298) User=0.00s Sys=0.00s Real=0.00s
[5.898s][info][gc,start     ] GC(299) Pause Young (Allocation Failure)
[5.898s][info][gc,heap      ] GC(299) DefNew: 140233K->427K(157248K)
[5.898s][info][gc,heap      ] GC(299) Tenured: 10545K->10603K(349568K)
[5.899s][info][gc,metaspace ] GC(299) Metaspace: 13310K->13310K(1060864K)
[5.899s][info][gc           ] GC(299) Pause Young (Allocation Failure) 147M->10M(494M) 0.458ms
[5.899s][info][gc,cpu       ] GC(299) User=0.00s Sys=0.00s Real=0.00s
[5.914s][info][gc,start     ] GC(300) Pause Young (Allocation Failure)
[5.915s][info][gc,heap      ] GC(300) DefNew: 140203K->426K(157248K)
[5.915s][info][gc,heap      ] GC(300) Tenured: 10603K->10633K(349568K)
[5.915s][info][gc,metaspace ] GC(300) Metaspace: 13310K->13310K(1060864K)
[5.915s][info][gc           ] GC(300) Pause Young (Allocation Failure) 147M->10M(494M) 0.398ms
[5.915s][info][gc,cpu       ] GC(300) User=0.00s Sys=0.00s Real=0.00s
[5.930s][info][gc,start     ] GC(301) Pause Young (Allocation Failure)
[5.930s][info][gc,heap      ] GC(301) DefNew: 140202K->425K(157248K)
[5.931s][info][gc,heap      ] GC(301) Tenured: 10633K->10662K(349568K)
[5.931s][info][gc,metaspace ] GC(301) Metaspace: 13310K->13310K(1060864K)
[5.931s][info][gc           ] GC(301) Pause Young (Allocation Failure) 147M->10M(494M) 0.416ms
[5.931s][info][gc,cpu       ] GC(301) User=0.00s Sys=0.00s Real=0.00s
[5.945s][info][gc,start     ] GC(302) Pause Young (Allocation Failure)
[5.946s][info][gc,heap      ] GC(302) DefNew: 140201K->423K(157248K)
[5.946s][info][gc,heap      ] GC(302) Tenured: 10662K->10691K(349568K)
[5.946s][info][gc,metaspace ] GC(302) Metaspace: 13310K->13310K(1060864K)
[5.946s][info][gc           ] GC(302) Pause Young (Allocation Failure) 147M->10M(494M) 0.379ms
[5.946s][info][gc,cpu       ] GC(302) User=0.00s Sys=0.00s Real=0.00s
[5.961s][info][gc,start     ] GC(303) Pause Young (Allocation Failure)
[5.961s][info][gc,heap      ] GC(303) DefNew: 140199K->420K(157248K)
[5.961s][info][gc,heap      ] GC(303) Tenured: 10691K->10721K(349568K)
[5.961s][info][gc,metaspace ] GC(303) Metaspace: 13310K->13310K(1060864K)
[5.961s][info][gc           ] GC(303) Pause Young (Allocation Failure) 147M->10M(494M) 0.396ms
[5.961s][info][gc,cpu       ] GC(303) User=0.00s Sys=0.00s Real=0.00s
[5.978s][info][gc,start     ] GC(304) Pause Young (Allocation Failure)
[5.978s][info][gc,heap      ] GC(304) DefNew: 140196K->419K(157248K)
[5.978s][info][gc,heap      ] GC(304) Tenured: 10721K->10750K(349568K)
[5.978s][info][gc,metaspace ] GC(304) Metaspace: 13310K->13310K(1060864K)
[5.978s][info][gc           ] GC(304) Pause Young (Allocation Failure) 147M->10M(494M) 0.408ms
[5.978s][info][gc,cpu       ] GC(304) User=0.00s Sys=0.00s Real=0.00s
[5.996s][info][gc,start     ] GC(305) Pause Young (Allocation Failure)
[5.996s][info][gc,heap      ] GC(305) DefNew: 140195K->428K(157248K)
[5.996s][info][gc,heap      ] GC(305) Tenured: 10750K->10770K(349568K)
[5.996s][info][gc,metaspace ] GC(305) Metaspace: 13310K->13310K(1060864K)
[5.996s][info][gc           ] GC(305) Pause Young (Allocation Failure) 147M->10M(494M) 0.391ms
[5.996s][info][gc,cpu       ] GC(305) User=0.00s Sys=0.00s Real=0.00s
[6.012s][info][gc,start     ] GC(306) Pause Young (Allocation Failure)
[6.012s][info][gc,heap      ] GC(306) DefNew: 140204K->427K(157248K)
[6.012s][info][gc,heap      ] GC(306) Tenured: 10770K->10799K(349568K)
[6.012s][info][gc,metaspace ] GC(306) Metaspace: 13310K->13310K(1060864K)
[6.012s][info][gc           ] GC(306) Pause Young (Allocation Failure) 147M->10M(494M) 0.378ms
[6.013s][info][gc,cpu       ] GC(306) User=0.00s Sys=0.00s Real=0.00s
[6.029s][info][gc,start     ] GC(307) Pause Young (Allocation Failure)
[6.029s][info][gc,heap      ] GC(307) DefNew: 140203K->426K(157248K)
[6.029s][info][gc,heap      ] GC(307) Tenured: 10799K->10828K(349568K)
[6.029s][info][gc,metaspace ] GC(307) Metaspace: 13310K->13310K(1060864K)
[6.029s][info][gc           ] GC(307) Pause Young (Allocation Failure) 147M->10M(494M) 0.416ms
[6.029s][info][gc,cpu       ] GC(307) User=0.00s Sys=0.00s Real=0.00s
[6.045s][info][gc,start     ] GC(308) Pause Young (Allocation Failure)
[6.045s][info][gc,heap      ] GC(308) DefNew: 140202K->424K(157248K)
[6.045s][info][gc,heap      ] GC(308) Tenured: 10828K->10858K(349568K)
[6.045s][info][gc,metaspace ] GC(308) Metaspace: 13310K->13310K(1060864K)
[6.045s][info][gc           ] GC(308) Pause Young (Allocation Failure) 147M->11M(494M) 0.405ms
[6.045s][info][gc,cpu       ] GC(308) User=0.01s Sys=0.00s Real=0.00s
[6.061s][info][gc,start     ] GC(309) Pause Young (Allocation Failure)
[6.062s][info][gc,heap      ] GC(309) DefNew: 140200K->421K(157248K)
[6.062s][info][gc,heap      ] GC(309) Tenured: 10858K->10887K(349568K)
[6.062s][info][gc,metaspace ] GC(309) Metaspace: 13310K->13310K(1060864K)
[6.062s][info][gc           ] GC(309) Pause Young (Allocation Failure) 147M->11M(494M) 0.482ms
[6.062s][info][gc,cpu       ] GC(309) User=0.00s Sys=0.00s Real=0.00s
[6.079s][info][gc,start     ] GC(310) Pause Young (Allocation Failure)
[6.079s][info][gc,heap      ] GC(310) DefNew: 140197K->419K(157248K)
[6.079s][info][gc,heap      ] GC(310) Tenured: 10887K->10916K(349568K)
[6.079s][info][gc,metaspace ] GC(310) Metaspace: 13310K->13310K(1060864K)
[6.079s][info][gc           ] GC(310) Pause Young (Allocation Failure) 147M->11M(494M) 0.436ms
[6.079s][info][gc,cpu       ] GC(310) User=0.00s Sys=0.00s Real=0.00s
[6.098s][info][gc,start     ] GC(311) Pause Young (Allocation Failure)
[6.099s][info][gc,heap      ] GC(311) DefNew: 140195K->428K(157248K)
[6.099s][info][gc,heap      ] GC(311) Tenured: 10916K->10936K(349568K)
[6.099s][info][gc,metaspace ] GC(311) Metaspace: 13310K->13310K(1060864K)
[6.099s][info][gc           ] GC(311) Pause Young (Allocation Failure) 147M->11M(494M) 0.384ms
[6.099s][info][gc,cpu       ] GC(311) User=0.00s Sys=0.00s Real=0.01s
[6.117s][info][gc,start     ] GC(312) Pause Young (Allocation Failure)
[6.117s][info][gc,heap      ] GC(312) DefNew: 140204K->427K(157248K)
[6.117s][info][gc,heap      ] GC(312) Tenured: 10936K->10965K(349568K)
[6.117s][info][gc,metaspace ] GC(312) Metaspace: 13310K->13310K(1060864K)
[6.117s][info][gc           ] GC(312) Pause Young (Allocation Failure) 147M->11M(494M) 0.373ms
[6.117s][info][gc,cpu       ] GC(312) User=0.00s Sys=0.01s Real=0.00s
[6.132s][info][gc,start     ] GC(313) Pause Young (Allocation Failure)
[6.132s][info][gc,heap      ] GC(313) DefNew: 140203K->426K(157248K)
[6.132s][info][gc,heap      ] GC(313) Tenured: 10965K->10995K(349568K)
[6.132s][info][gc,metaspace ] GC(313) Metaspace: 13310K->13310K(1060864K)
[6.133s][info][gc           ] GC(313) Pause Young (Allocation Failure) 147M->11M(494M) 0.392ms
[6.133s][info][gc,cpu       ] GC(313) User=0.00s Sys=0.00s Real=0.00s
[6.149s][info][gc,start     ] GC(314) Pause Young (Allocation Failure)
[6.150s][info][gc,heap      ] GC(314) DefNew: 140202K->425K(157248K)
[6.150s][info][gc,heap      ] GC(314) Tenured: 10995K->11024K(349568K)
[6.150s][info][gc,metaspace ] GC(314) Metaspace: 13310K->13310K(1060864K)
[6.150s][info][gc           ] GC(314) Pause Young (Allocation Failure) 147M->11M(494M) 0.448ms
[6.150s][info][gc,cpu       ] GC(314) User=0.00s Sys=0.00s Real=0.00s
[6.168s][info][gc,start     ] GC(315) Pause Young (Allocation Failure)
[6.168s][info][gc,heap      ] GC(315) DefNew: 140201K->423K(157248K)
[6.168s][info][gc,heap      ] GC(315) Tenured: 11024K->11053K(349568K)
[6.168s][info][gc,metaspace ] GC(315) Metaspace: 13310K->13310K(1060864K)
[6.168s][info][gc           ] GC(315) Pause Young (Allocation Failure) 147M->11M(494M) 0.459ms
[6.168s][info][gc,cpu       ] GC(315) User=0.00s Sys=0.00s Real=0.00s
[6.187s][info][gc,start     ] GC(316) Pause Young (Allocation Failure)
[6.187s][info][gc,heap      ] GC(316) DefNew: 140199K->420K(157248K)
[6.187s][info][gc,heap      ] GC(316) Tenured: 11053K->11083K(349568K)
[6.187s][info][gc,metaspace ] GC(316) Metaspace: 13310K->13310K(1060864K)
[6.187s][info][gc           ] GC(316) Pause Young (Allocation Failure) 147M->11M(494M) 0.420ms
[6.187s][info][gc,cpu       ] GC(316) User=0.00s Sys=0.00s Real=0.00s
[6.206s][info][gc,start     ] GC(317) Pause Young (Allocation Failure)
[6.207s][info][gc,heap      ] GC(317) DefNew: 140196K->419K(157248K)
[6.207s][info][gc,heap      ] GC(317) Tenured: 11083K->11112K(349568K)
[6.207s][info][gc,metaspace ] GC(317) Metaspace: 13310K->13310K(1060864K)
[6.207s][info][gc           ] GC(317) Pause Young (Allocation Failure) 147M->11M(494M) 0.357ms
[6.207s][info][gc,cpu       ] GC(317) User=0.00s Sys=0.00s Real=0.00s
[6.224s][info][gc,start     ] GC(318) Pause Young (Allocation Failure)
[6.224s][info][gc,heap      ] GC(318) DefNew: 140195K->428K(157248K)
[6.224s][info][gc,heap      ] GC(318) Tenured: 11112K->11131K(349568K)
[6.224s][info][gc,metaspace ] GC(318) Metaspace: 13310K->13310K(1060864K)
[6.224s][info][gc           ] GC(318) Pause Young (Allocation Failure) 147M->11M(494M) 0.391ms
[6.224s][info][gc,cpu       ] GC(318) User=0.00s Sys=0.00s Real=0.00s
[6.241s][info][gc,start     ] GC(319) Pause Young (Allocation Failure)
[6.242s][info][gc,heap      ] GC(319) DefNew: 140204K->427K(157248K)
[6.242s][info][gc,heap      ] GC(319) Tenured: 11131K->11161K(349568K)
[6.242s][info][gc,metaspace ] GC(319) Metaspace: 13310K->13310K(1060864K)
[6.242s][info][gc           ] GC(319) Pause Young (Allocation Failure) 147M->11M(494M) 0.394ms
[6.242s][info][gc,cpu       ] GC(319) User=0.00s Sys=0.00s Real=0.00s
[6.258s][info][gc,start     ] GC(320) Pause Young (Allocation Failure)
[6.259s][info][gc,heap      ] GC(320) DefNew: 140203K->426K(157248K)
[6.259s][info][gc,heap      ] GC(320) Tenured: 11161K->11190K(349568K)
[6.259s][info][gc,metaspace ] GC(320) Metaspace: 13310K->13310K(1060864K)
[6.259s][info][gc           ] GC(320) Pause Young (Allocation Failure) 147M->11M(494M) 0.448ms
[6.259s][info][gc,cpu       ] GC(320) User=0.00s Sys=0.00s Real=0.01s
[6.278s][info][gc,start     ] GC(321) Pause Young (Allocation Failure)
[6.278s][info][gc,heap      ] GC(321) DefNew: 140202K->424K(157248K)
[6.278s][info][gc,heap      ] GC(321) Tenured: 11190K->11219K(349568K)
[6.279s][info][gc,metaspace ] GC(321) Metaspace: 13310K->13310K(1060864K)
[6.279s][info][gc           ] GC(321) Pause Young (Allocation Failure) 147M->11M(494M) 0.454ms
[6.279s][info][gc,cpu       ] GC(321) User=0.00s Sys=0.00s Real=0.00s
[6.295s][info][gc,start     ] GC(322) Pause Young (Allocation Failure)
[6.295s][info][gc,heap      ] GC(322) DefNew: 140200K->422K(157248K)
[6.295s][info][gc,heap      ] GC(322) Tenured: 11219K->11249K(349568K)
[6.295s][info][gc,metaspace ] GC(322) Metaspace: 13310K->13310K(1060864K)
[6.295s][info][gc           ] GC(322) Pause Young (Allocation Failure) 147M->11M(494M) 0.403ms
[6.295s][info][gc,cpu       ] GC(322) User=0.00s Sys=0.00s Real=0.00s
[6.310s][info][gc,start     ] GC(323) Pause Young (Allocation Failure)
[6.310s][info][gc,heap      ] GC(323) DefNew: 140198K->419K(157248K)
[6.310s][info][gc,heap      ] GC(323) Tenured: 11249K->11278K(349568K)
[6.310s][info][gc,metaspace ] GC(323) Metaspace: 13310K->13310K(1060864K)
[6.310s][info][gc           ] GC(323) Pause Young (Allocation Failure) 147M->11M(494M) 0.360ms
[6.310s][info][gc,cpu       ] GC(323) User=0.00s Sys=0.00s Real=0.00s
[6.327s][info][gc,start     ] GC(324) Pause Young (Allocation Failure)
[6.328s][info][gc,heap      ] GC(324) DefNew: 140195K->419K(157248K)
[6.328s][info][gc,heap      ] GC(324) Tenured: 11278K->11308K(349568K)
[6.328s][info][gc,metaspace ] GC(324) Metaspace: 13310K->13310K(1060864K)
[6.328s][info][gc           ] GC(324) Pause Young (Allocation Failure) 147M->11M(494M) 0.384ms
[6.328s][info][gc,cpu       ] GC(324) User=0.00s Sys=0.00s Real=0.00s
[6.346s][info][gc,start     ] GC(325) Pause Young (Allocation Failure)
[6.346s][info][gc,heap      ] GC(325) DefNew: 140195K->427K(157248K)
[6.346s][info][gc,heap      ] GC(325) Tenured: 11308K->11327K(349568K)
[6.346s][info][gc,metaspace ] GC(325) Metaspace: 13310K->13310K(1060864K)
[6.346s][info][gc           ] GC(325) Pause Young (Allocation Failure) 147M->11M(494M) 0.384ms
[6.346s][info][gc,cpu       ] GC(325) User=0.00s Sys=0.00s Real=0.00s
[6.365s][info][gc,start     ] GC(326) Pause Young (Allocation Failure)
[6.365s][info][gc,heap      ] GC(326) DefNew: 140203K->426K(157248K)
[6.365s][info][gc,heap      ] GC(326) Tenured: 11327K->11356K(349568K)
[6.365s][info][gc,metaspace ] GC(326) Metaspace: 13310K->13310K(1060864K)
[6.365s][info][gc           ] GC(326) Pause Young (Allocation Failure) 147M->11M(494M) 0.434ms
[6.365s][info][gc,cpu       ] GC(326) User=0.00s Sys=0.00s Real=0.00s
[6.386s][info][gc,start     ] GC(327) Pause Young (Allocation Failure)
[6.386s][info][gc,heap      ] GC(327) DefNew: 140202K->425K(157248K)
[6.386s][info][gc,heap      ] GC(327) Tenured: 11356K->11386K(349568K)
[6.386s][info][gc,metaspace ] GC(327) Metaspace: 13310K->13310K(1060864K)
[6.386s][info][gc           ] GC(327) Pause Young (Allocation Failure) 148M->11M(494M) 0.479ms
[6.386s][info][gc,cpu       ] GC(327) User=0.00s Sys=0.00s Real=0.00s
[6.404s][info][gc,start     ] GC(328) Pause Young (Allocation Failure)
[6.404s][info][gc,heap      ] GC(328) DefNew: 140201K->423K(157248K)
[6.404s][info][gc,heap      ] GC(328) Tenured: 11386K->11415K(349568K)
[6.404s][info][gc,metaspace ] GC(328) Metaspace: 13310K->13310K(1060864K)
[6.404s][info][gc           ] GC(328) Pause Young (Allocation Failure) 148M->11M(494M) 0.412ms
[6.404s][info][gc,cpu       ] GC(328) User=0.00s Sys=0.00s Real=0.00s
[6.419s][info][gc,start     ] GC(329) Pause Young (Allocation Failure)
[6.420s][info][gc,heap      ] GC(329) DefNew: 140199K->420K(157248K)
[6.420s][info][gc,heap      ] GC(329) Tenured: 11415K->11444K(349568K)
[6.420s][info][gc,metaspace ] GC(329) Metaspace: 13310K->13310K(1060864K)
[6.420s][info][gc           ] GC(329) Pause Young (Allocation Failure) 148M->11M(494M) 0.372ms
[6.420s][info][gc,cpu       ] GC(329) User=0.00s Sys=0.00s Real=0.00s
[6.437s][info][gc,start     ] GC(330) Pause Young (Allocation Failure)
[6.437s][info][gc,heap      ] GC(330) DefNew: 140196K->419K(157248K)
[6.437s][info][gc,heap      ] GC(330) Tenured: 11444K->11474K(349568K)
[6.437s][info][gc,metaspace ] GC(330) Metaspace: 13310K->13310K(1060864K)
[6.437s][info][gc           ] GC(330) Pause Young (Allocation Failure) 148M->11M(494M) 0.394ms
[6.437s][info][gc,cpu       ] GC(330) User=0.00s Sys=0.00s Real=0.00s
[6.454s][info][gc,start     ] GC(331) Pause Young (Allocation Failure)
[6.454s][info][gc,heap      ] GC(331) DefNew: 140195K->428K(157248K)
[6.454s][info][gc,heap      ] GC(331) Tenured: 11474K->11493K(349568K)
[6.454s][info][gc,metaspace ] GC(331) Metaspace: 13310K->13310K(1060864K)
[6.454s][info][gc           ] GC(331) Pause Young (Allocation Failure) 148M->11M(494M) 0.388ms
[6.454s][info][gc,cpu       ] GC(331) User=0.00s Sys=0.00s Real=0.00s
[6.473s][info][gc,start     ] GC(332) Pause Young (Allocation Failure)
[6.474s][info][gc,heap      ] GC(332) DefNew: 140204K->427K(157248K)
[6.474s][info][gc,heap      ] GC(332) Tenured: 11493K->11523K(349568K)
[6.474s][info][gc,metaspace ] GC(332) Metaspace: 13310K->13310K(1060864K)
[6.474s][info][gc           ] GC(332) Pause Young (Allocation Failure) 148M->11M(494M) 0.432ms
[6.474s][info][gc,cpu       ] GC(332) User=0.00s Sys=0.00s Real=0.00s
[6.494s][info][gc,start     ] GC(333) Pause Young (Allocation Failure)
[6.494s][info][gc,heap      ] GC(333) DefNew: 140203K->426K(157248K)
[6.494s][info][gc,heap      ] GC(333) Tenured: 11523K->11552K(349568K)
[6.494s][info][gc,metaspace ] GC(333) Metaspace: 13310K->13310K(1060864K)
[6.495s][info][gc           ] GC(333) Pause Young (Allocation Failure) 148M->11M(494M) 0.412ms
[6.495s][info][gc,cpu       ] GC(333) User=0.00s Sys=0.00s Real=0.00s
[6.513s][info][gc,start     ] GC(334) Pause Young (Allocation Failure)
[6.514s][info][gc,heap      ] GC(334) DefNew: 140202K->425K(157248K)
[6.514s][info][gc,heap      ] GC(334) Tenured: 11552K->11581K(349568K)
[6.514s][info][gc,metaspace ] GC(334) Metaspace: 13310K->13310K(1060864K)
[6.514s][info][gc           ] GC(334) Pause Young (Allocation Failure) 148M->11M(494M) 0.502ms
[6.514s][info][gc,cpu       ] GC(334) User=0.00s Sys=0.00s Real=0.00s
[6.531s][info][gc,start     ] GC(335) Pause Young (Allocation Failure)
[6.532s][info][gc,heap      ] GC(335) DefNew: 140201K->422K(157248K)
[6.532s][info][gc,heap      ] GC(335) Tenured: 11581K->11611K(349568K)
[6.532s][info][gc,metaspace ] GC(335) Metaspace: 13310K->13310K(1060864K)
[6.532s][info][gc           ] GC(335) Pause Young (Allocation Failure) 148M->11M(494M) 0.439ms
[6.532s][info][gc,cpu       ] GC(335) User=0.00s Sys=0.00s Real=0.00s
[6.549s][info][gc,start     ] GC(336) Pause Young (Allocation Failure)
[6.549s][info][gc,heap      ] GC(336) DefNew: 140198K->420K(157248K)
[6.549s][info][gc,heap      ] GC(336) Tenured: 11611K->11640K(349568K)
[6.549s][info][gc,metaspace ] GC(336) Metaspace: 13310K->13310K(1060864K)
[6.549s][info][gc           ] GC(336) Pause Young (Allocation Failure) 148M->11M(494M) 0.394ms
[6.549s][info][gc,cpu       ] GC(336) User=0.00s Sys=0.00s Real=0.01s
[6.566s][info][gc,start     ] GC(337) Pause Young (Allocation Failure)
[6.567s][info][gc,heap      ] GC(337) DefNew: 140196K->419K(157248K)
[6.567s][info][gc,heap      ] GC(337) Tenured: 11640K->11669K(349568K)
[6.567s][info][gc,metaspace ] GC(337) Metaspace: 13319K->13319K(1060864K)
[6.567s][info][gc           ] GC(337) Pause Young (Allocation Failure) 148M->11M(494M) 0.973ms
[6.567s][info][gc,cpu       ] GC(337) User=0.00s Sys=0.00s Real=0.00s
[6.602s][info][gc,start     ] GC(338) Pause Young (Allocation Failure)
[6.603s][info][gc,heap      ] GC(338) DefNew: 140195K->428K(157248K)
[6.603s][info][gc,heap      ] GC(338) Tenured: 11669K->11689K(349568K)
[6.603s][info][gc,metaspace ] GC(338) Metaspace: 13319K->13319K(1060864K)
[6.603s][info][gc           ] GC(338) Pause Young (Allocation Failure) 148M->11M(494M) 0.737ms
[6.603s][info][gc,cpu       ] GC(338) User=0.01s Sys=0.00s Real=0.00s
[6.631s][info][gc,start     ] GC(339) Pause Young (Allocation Failure)
[6.631s][info][gc,heap      ] GC(339) DefNew: 140201K->427K(157248K)
[6.631s][info][gc,heap      ] GC(339) Tenured: 11689K->11718K(349568K)
[6.631s][info][gc,metaspace ] GC(339) Metaspace: 13319K->13319K(1060864K)
[6.631s][info][gc           ] GC(339) Pause Young (Allocation Failure) 148M->11M(494M) 0.376ms
[6.631s][info][gc,cpu       ] GC(339) User=0.00s Sys=0.00s Real=0.00s
[6.649s][info][gc,start     ] GC(340) Pause Young (Allocation Failure)
[6.649s][info][gc,heap      ] GC(340) DefNew: 140203K->425K(157248K)
[6.649s][info][gc,heap      ] GC(340) Tenured: 11718K->11748K(349568K)
[6.649s][info][gc,metaspace ] GC(340) Metaspace: 13319K->13319K(1060864K)
[6.649s][info][gc           ] GC(340) Pause Young (Allocation Failure) 148M->11M(494M) 0.462ms
[6.649s][info][gc,cpu       ] GC(340) User=0.00s Sys=0.00s Real=0.01s
[6.666s][info][gc,start     ] GC(341) Pause Young (Allocation Failure)
[6.666s][info][gc,heap      ] GC(341) DefNew: 140201K->424K(157248K)
[6.666s][info][gc,heap      ] GC(341) Tenured: 11748K->11777K(349568K)
[6.666s][info][gc,metaspace ] GC(341) Metaspace: 13319K->13319K(1060864K)
[6.666s][info][gc           ] GC(341) Pause Young (Allocation Failure) 148M->11M(494M) 0.450ms
[6.666s][info][gc,cpu       ] GC(341) User=0.00s Sys=0.00s Real=0.00s
[6.682s][info][gc,start     ] GC(342) Pause Young (Allocation Failure)
[6.682s][info][gc,heap      ] GC(342) DefNew: 140200K->420K(157248K)
[6.682s][info][gc,heap      ] GC(342) Tenured: 11777K->11806K(349568K)
[6.682s][info][gc,metaspace ] GC(342) Metaspace: 13319K->13319K(1060864K)
[6.682s][info][gc           ] GC(342) Pause Young (Allocation Failure) 148M->11M(494M) 0.393ms
[6.682s][info][gc,cpu       ] GC(342) User=0.00s Sys=0.00s Real=0.00s
[6.699s][info][gc,start     ] GC(343) Pause Young (Allocation Failure)
[6.700s][info][gc,heap      ] GC(343) DefNew: 140196K->419K(157248K)
[6.700s][info][gc,heap      ] GC(343) Tenured: 11806K->11836K(349568K)
[6.700s][info][gc,metaspace ] GC(343) Metaspace: 13319K->13319K(1060864K)
[6.700s][info][gc           ] GC(343) Pause Young (Allocation Failure) 148M->11M(494M) 0.407ms
[6.700s][info][gc,cpu       ] GC(343) User=0.00s Sys=0.00s Real=0.00s
[6.716s][info][gc,start     ] GC(344) Pause Young (Allocation Failure)
[6.716s][info][gc,heap      ] GC(344) DefNew: 140195K->428K(157248K)
[6.716s][info][gc,heap      ] GC(344) Tenured: 11836K->11855K(349568K)
[6.716s][info][gc,metaspace ] GC(344) Metaspace: 13319K->13319K(1060864K)
[6.716s][info][gc           ] GC(344) Pause Young (Allocation Failure) 148M->11M(494M) 0.385ms
[6.716s][info][gc,cpu       ] GC(344) User=0.00s Sys=0.00s Real=0.00s
[6.734s][info][gc,start     ] GC(345) Pause Young (Allocation Failure)
[6.735s][info][gc,heap      ] GC(345) DefNew: 140204K->427K(157248K)
[6.735s][info][gc,heap      ] GC(345) Tenured: 11855K->11885K(349568K)
[6.735s][info][gc,metaspace ] GC(345) Metaspace: 13319K->13319K(1060864K)
[6.735s][info][gc           ] GC(345) Pause Young (Allocation Failure) 148M->12M(494M) 0.405ms
[6.735s][info][gc,cpu       ] GC(345) User=0.00s Sys=0.00s Real=0.00s
[6.753s][info][gc,start     ] GC(346) Pause Young (Allocation Failure)
[6.753s][info][gc,heap      ] GC(346) DefNew: 140203K->426K(157248K)
[6.753s][info][gc,heap      ] GC(346) Tenured: 11885K->11914K(349568K)
[6.753s][info][gc,metaspace ] GC(346) Metaspace: 13319K->13319K(1060864K)
[6.753s][info][gc           ] GC(346) Pause Young (Allocation Failure) 148M->12M(494M) 0.451ms
[6.753s][info][gc,cpu       ] GC(346) User=0.00s Sys=0.00s Real=0.00s
[6.769s][info][gc,start     ] GC(347) Pause Young (Allocation Failure)
[6.770s][info][gc,heap      ] GC(347) DefNew: 140202K->425K(157248K)
[6.770s][info][gc,heap      ] GC(347) Tenured: 11914K->11943K(349568K)
[6.770s][info][gc,metaspace ] GC(347) Metaspace: 13319K->13319K(1060864K)
[6.770s][info][gc           ] GC(347) Pause Young (Allocation Failure) 148M->12M(494M) 0.378ms
[6.770s][info][gc,cpu       ] GC(347) User=0.00s Sys=0.00s Real=0.00s
[6.785s][info][gc,start     ] GC(348) Pause Young (Allocation Failure)
[6.785s][info][gc,heap      ] GC(348) DefNew: 140201K->423K(157248K)
[6.786s][info][gc,heap      ] GC(348) Tenured: 11943K->11973K(349568K)
[6.786s][info][gc,metaspace ] GC(348) Metaspace: 13319K->13319K(1060864K)
[6.786s][info][gc           ] GC(348) Pause Young (Allocation Failure) 148M->12M(494M) 0.449ms
[6.786s][info][gc,cpu       ] GC(348) User=0.00s Sys=0.00s Real=0.00s
[6.801s][info][gc,start     ] GC(349) Pause Young (Allocation Failure)
[6.801s][info][gc,heap      ] GC(349) DefNew: 140199K->420K(157248K)
[6.801s][info][gc,heap      ] GC(349) Tenured: 11973K->12002K(349568K)
[6.801s][info][gc,metaspace ] GC(349) Metaspace: 13319K->13319K(1060864K)
[6.801s][info][gc           ] GC(349) Pause Young (Allocation Failure) 148M->12M(494M) 0.382ms
[6.801s][info][gc,cpu       ] GC(349) User=0.00s Sys=0.00s Real=0.00s
[6.818s][info][gc,start     ] GC(350) Pause Young (Allocation Failure)
[6.819s][info][gc,heap      ] GC(350) DefNew: 140196K->419K(157248K)
[6.819s][info][gc,heap      ] GC(350) Tenured: 12002K->12031K(349568K)
[6.819s][info][gc,metaspace ] GC(350) Metaspace: 13319K->13319K(1060864K)
[6.819s][info][gc           ] GC(350) Pause Young (Allocation Failure) 148M->12M(494M) 0.396ms
[6.819s][info][gc,cpu       ] GC(350) User=0.00s Sys=0.00s Real=0.01s
[6.835s][info][gc,start     ] GC(351) Pause Young (Allocation Failure)
[6.836s][info][gc,heap      ] GC(351) DefNew: 140195K->428K(157248K)
[6.836s][info][gc,heap      ] GC(351) Tenured: 12031K->12051K(349568K)
[6.836s][info][gc,metaspace ] GC(351) Metaspace: 13319K->13319K(1060864K)
[6.836s][info][gc           ] GC(351) Pause Young (Allocation Failure) 148M->12M(494M) 0.361ms
[6.836s][info][gc,cpu       ] GC(351) User=0.00s Sys=0.00s Real=0.00s
[6.852s][info][gc,start     ] GC(352) Pause Young (Allocation Failure)
[6.853s][info][gc,heap      ] GC(352) DefNew: 140204K->427K(157248K)
[6.853s][info][gc,heap      ] GC(352) Tenured: 12051K->12080K(349568K)
[6.853s][info][gc,metaspace ] GC(352) Metaspace: 13319K->13319K(1060864K)
[6.853s][info][gc           ] GC(352) Pause Young (Allocation Failure) 148M->12M(494M) 0.497ms
[6.853s][info][gc,cpu       ] GC(352) User=0.00s Sys=0.00s Real=0.00s
[6.869s][info][gc,start     ] GC(353) Pause Young (Allocation Failure)
[6.870s][info][gc,heap      ] GC(353) DefNew: 140203K->425K(157248K)
[6.870s][info][gc,heap      ] GC(353) Tenured: 12080K->12110K(349568K)
[6.870s][info][gc,metaspace ] GC(353) Metaspace: 13319K->13319K(1060864K)
[6.870s][info][gc           ] GC(353) Pause Young (Allocation Failure) 148M->12M(494M) 0.367ms
[6.870s][info][gc,cpu       ] GC(353) User=0.00s Sys=0.00s Real=0.00s
[6.887s][info][gc,start     ] GC(354) Pause Young (Allocation Failure)
[6.887s][info][gc,heap      ] GC(354) DefNew: 140201K->424K(157248K)
[6.887s][info][gc,heap      ] GC(354) Tenured: 12110K->12139K(349568K)
[6.887s][info][gc,metaspace ] GC(354) Metaspace: 13319K->13319K(1060864K)
[6.887s][info][gc           ] GC(354) Pause Young (Allocation Failure) 148M->12M(494M) 0.420ms
[6.887s][info][gc,cpu       ] GC(354) User=0.00s Sys=0.00s Real=0.00s
[6.902s][info][gc,start     ] GC(355) Pause Young (Allocation Failure)
[6.902s][info][gc,heap      ] GC(355) DefNew: 140200K->420K(157248K)
[6.902s][info][gc,heap      ] GC(355) Tenured: 12139K->12168K(349568K)
[6.902s][info][gc,metaspace ] GC(355) Metaspace: 13319K->13319K(1060864K)
[6.902s][info][gc           ] GC(355) Pause Young (Allocation Failure) 148M->12M(494M) 0.348ms
[6.902s][info][gc,cpu       ] GC(355) User=0.00s Sys=0.00s Real=0.00s
[6.919s][info][gc,start     ] GC(356) Pause Young (Allocation Failure)
[6.919s][info][gc,heap      ] GC(356) DefNew: 140196K->419K(157248K)
[6.919s][info][gc,heap      ] GC(356) Tenured: 12168K->12198K(349568K)
[6.919s][info][gc,metaspace ] GC(356) Metaspace: 13319K->13319K(1060864K)
[6.919s][info][gc           ] GC(356) Pause Young (Allocation Failure) 148M->12M(494M) 0.422ms
[6.919s][info][gc,cpu       ] GC(356) User=0.00s Sys=0.00s Real=0.00s
[6.935s][info][gc,start     ] GC(357) Pause Young (Allocation Failure)
[6.935s][info][gc,heap      ] GC(357) DefNew: 140195K->428K(157248K)
[6.935s][info][gc,heap      ] GC(357) Tenured: 12198K->12217K(349568K)
[6.935s][info][gc,metaspace ] GC(357) Metaspace: 13319K->13319K(1060864K)
[6.935s][info][gc           ] GC(357) Pause Young (Allocation Failure) 148M->12M(494M) 0.379ms
[6.935s][info][gc,cpu       ] GC(357) User=0.00s Sys=0.00s Real=0.00s
[6.951s][info][gc,start     ] GC(358) Pause Young (Allocation Failure)
[6.951s][info][gc,heap      ] GC(358) DefNew: 140204K->427K(157248K)
[6.951s][info][gc,heap      ] GC(358) Tenured: 12217K->12247K(349568K)
[6.951s][info][gc,metaspace ] GC(358) Metaspace: 13319K->13319K(1060864K)
[6.952s][info][gc           ] GC(358) Pause Young (Allocation Failure) 148M->12M(494M) 0.402ms
[6.952s][info][gc,cpu       ] GC(358) User=0.00s Sys=0.00s Real=0.00s
[6.967s][info][gc,start     ] GC(359) Pause Young (Allocation Failure)
[6.968s][info][gc,heap      ] GC(359) DefNew: 140203K->426K(157248K)
[6.968s][info][gc,heap      ] GC(359) Tenured: 12247K->12276K(349568K)
[6.968s][info][gc,metaspace ] GC(359) Metaspace: 13319K->13319K(1060864K)
[6.968s][info][gc           ] GC(359) Pause Young (Allocation Failure) 148M->12M(494M) 0.448ms
[6.968s][info][gc,cpu       ] GC(359) User=0.00s Sys=0.00s Real=0.00s
[6.985s][info][gc,start     ] GC(360) Pause Young (Allocation Failure)
[6.986s][info][gc,heap      ] GC(360) DefNew: 140202K->425K(157248K)
[6.986s][info][gc,heap      ] GC(360) Tenured: 12276K->12305K(349568K)
[6.986s][info][gc,metaspace ] GC(360) Metaspace: 13319K->13319K(1060864K)
[6.986s][info][gc           ] GC(360) Pause Young (Allocation Failure) 148M->12M(494M) 0.443ms
[6.986s][info][gc,cpu       ] GC(360) User=0.00s Sys=0.00s Real=0.00s
[7.005s][info][gc,start     ] GC(361) Pause Young (Allocation Failure)
[7.006s][info][gc,heap      ] GC(361) DefNew: 140201K->423K(157248K)
[7.006s][info][gc,heap      ] GC(361) Tenured: 12305K->12335K(349568K)
[7.006s][info][gc,metaspace ] GC(361) Metaspace: 13319K->13319K(1060864K)
[7.006s][info][gc           ] GC(361) Pause Young (Allocation Failure) 148M->12M(494M) 0.482ms
[7.006s][info][gc,cpu       ] GC(361) User=0.00s Sys=0.00s Real=0.00s
[7.021s][info][gc,start     ] GC(362) Pause Young (Allocation Failure)
[7.022s][info][gc,heap      ] GC(362) DefNew: 140199K->420K(157248K)
[7.022s][info][gc,heap      ] GC(362) Tenured: 12335K->12364K(349568K)
[7.022s][info][gc,metaspace ] GC(362) Metaspace: 13319K->13319K(1060864K)
[7.022s][info][gc           ] GC(362) Pause Young (Allocation Failure) 148M->12M(494M) 0.408ms
[7.022s][info][gc,cpu       ] GC(362) User=0.00s Sys=0.00s Real=0.00s
[7.038s][info][gc,start     ] GC(363) Pause Young (Allocation Failure)
[7.039s][info][gc,heap      ] GC(363) DefNew: 140196K->419K(157248K)
[7.039s][info][gc,heap      ] GC(363) Tenured: 12364K->12393K(349568K)
[7.039s][info][gc,metaspace ] GC(363) Metaspace: 13319K->13319K(1060864K)
[7.039s][info][gc           ] GC(363) Pause Young (Allocation Failure) 148M->12M(494M) 0.349ms
[7.039s][info][gc,cpu       ] GC(363) User=0.00s Sys=0.00s Real=0.00s
[7.055s][info][gc,start     ] GC(364) Pause Young (Allocation Failure)
[7.056s][info][gc,heap      ] GC(364) DefNew: 140195K->428K(157248K)
[7.056s][info][gc,heap      ] GC(364) Tenured: 12393K->12413K(349568K)
[7.056s][info][gc,metaspace ] GC(364) Metaspace: 13319K->13319K(1060864K)
[7.056s][info][gc           ] GC(364) Pause Young (Allocation Failure) 149M->12M(494M) 0.473ms
[7.056s][info][gc,cpu       ] GC(364) User=0.00s Sys=0.00s Real=0.00s
[7.073s][info][gc,start     ] GC(365) Pause Young (Allocation Failure)
[7.073s][info][gc,heap      ] GC(365) DefNew: 140204K->427K(157248K)
[7.073s][info][gc,heap      ] GC(365) Tenured: 12413K->12442K(349568K)
[7.073s][info][gc,metaspace ] GC(365) Metaspace: 13319K->13319K(1060864K)
[7.073s][info][gc           ] GC(365) Pause Young (Allocation Failure) 149M->12M(494M) 0.424ms
[7.073s][info][gc,cpu       ] GC(365) User=0.00s Sys=0.00s Real=0.00s
[7.090s][info][gc,start     ] GC(366) Pause Young (Allocation Failure)
[7.090s][info][gc,heap      ] GC(366) DefNew: 140203K->426K(157248K)
[7.090s][info][gc,heap      ] GC(366) Tenured: 12442K->12472K(349568K)
[7.090s][info][gc,metaspace ] GC(366) Metaspace: 13319K->13319K(1060864K)
[7.090s][info][gc           ] GC(366) Pause Young (Allocation Failure) 149M->12M(494M) 0.435ms
[7.090s][info][gc,cpu       ] GC(366) User=0.00s Sys=0.00s Real=0.00s
[7.107s][info][gc,start     ] GC(367) Pause Young (Allocation Failure)
[7.107s][info][gc,heap      ] GC(367) DefNew: 140202K->424K(157248K)
[7.107s][info][gc,heap      ] GC(367) Tenured: 12472K->12501K(349568K)
[7.107s][info][gc,metaspace ] GC(367) Metaspace: 13319K->13319K(1060864K)
[7.107s][info][gc           ] GC(367) Pause Young (Allocation Failure) 149M->12M(494M) 0.429ms
[7.107s][info][gc,cpu       ] GC(367) User=0.00s Sys=0.00s Real=0.00s
[7.124s][info][gc,start     ] GC(368) Pause Young (Allocation Failure)
[7.124s][info][gc,heap      ] GC(368) DefNew: 140200K->421K(157248K)
[7.124s][info][gc,heap      ] GC(368) Tenured: 12501K->12530K(349568K)
[7.124s][info][gc,metaspace ] GC(368) Metaspace: 13319K->13319K(1060864K)
[7.124s][info][gc           ] GC(368) Pause Young (Allocation Failure) 149M->12M(494M) 0.432ms
[7.124s][info][gc,cpu       ] GC(368) User=0.00s Sys=0.00s Real=0.00s
[7.139s][info][gc,start     ] GC(369) Pause Young (Allocation Failure)
[7.139s][info][gc,heap      ] GC(369) DefNew: 140197K->419K(157248K)
[7.139s][info][gc,heap      ] GC(369) Tenured: 12530K->12560K(349568K)
[7.139s][info][gc,metaspace ] GC(369) Metaspace: 13319K->13319K(1060864K)
[7.139s][info][gc           ] GC(369) Pause Young (Allocation Failure) 149M->12M(494M) 0.389ms
[7.139s][info][gc,cpu       ] GC(369) User=0.00s Sys=0.00s Real=0.00s
[7.155s][info][gc,start     ] GC(370) Pause Young (Allocation Failure)
[7.155s][info][gc,heap      ] GC(370) DefNew: 140195K->428K(157248K)
[7.155s][info][gc,heap      ] GC(370) Tenured: 12560K->12579K(349568K)
[7.155s][info][gc,metaspace ] GC(370) Metaspace: 13319K->13319K(1060864K)
[7.155s][info][gc           ] GC(370) Pause Young (Allocation Failure) 149M->12M(494M) 0.376ms
[7.155s][info][gc,cpu       ] GC(370) User=0.00s Sys=0.00s Real=0.00s
[7.173s][info][gc,start     ] GC(371) Pause Young (Allocation Failure)
[7.173s][info][gc,heap      ] GC(371) DefNew: 140204K->427K(157248K)
[7.173s][info][gc,heap      ] GC(371) Tenured: 12579K->12608K(349568K)
[7.173s][info][gc,metaspace ] GC(371) Metaspace: 13319K->13319K(1060864K)
[7.173s][info][gc           ] GC(371) Pause Young (Allocation Failure) 149M->12M(494M) 0.400ms
[7.173s][info][gc,cpu       ] GC(371) User=0.00s Sys=0.00s Real=0.00s
[7.189s][info][gc,start     ] GC(372) Pause Young (Allocation Failure)
[7.189s][info][gc,heap      ] GC(372) DefNew: 140203K->426K(157248K)
[7.189s][info][gc,heap      ] GC(372) Tenured: 12608K->12638K(349568K)
[7.189s][info][gc,metaspace ] GC(372) Metaspace: 13319K->13319K(1060864K)
[7.189s][info][gc           ] GC(372) Pause Young (Allocation Failure) 149M->12M(494M) 0.409ms
[7.189s][info][gc,cpu       ] GC(372) User=0.00s Sys=0.00s Real=0.00s
[7.205s][info][gc,start     ] GC(373) Pause Young (Allocation Failure)
[7.206s][info][gc,heap      ] GC(373) DefNew: 140202K->425K(157248K)
[7.206s][info][gc,heap      ] GC(373) Tenured: 12638K->12667K(349568K)
[7.206s][info][gc,metaspace ] GC(373) Metaspace: 13319K->13319K(1060864K)
[7.206s][info][gc           ] GC(373) Pause Young (Allocation Failure) 149M->12M(494M) 0.502ms
[7.206s][info][gc,cpu       ] GC(373) User=0.00s Sys=0.00s Real=0.00s
[7.225s][info][gc,start     ] GC(374) Pause Young (Allocation Failure)
[7.225s][info][gc,heap      ] GC(374) DefNew: 140201K->423K(157248K)
[7.225s][info][gc,heap      ] GC(374) Tenured: 12667K->12697K(349568K)
[7.225s][info][gc,metaspace ] GC(374) Metaspace: 13319K->13319K(1060864K)
[7.225s][info][gc           ] GC(374) Pause Young (Allocation Failure) 149M->12M(494M) 0.356ms
[7.225s][info][gc,cpu       ] GC(374) User=0.00s Sys=0.00s Real=0.00s
[7.241s][info][gc,start     ] GC(375) Pause Young (Allocation Failure)
[7.241s][info][gc,heap      ] GC(375) DefNew: 140199K->420K(157248K)
[7.241s][info][gc,heap      ] GC(375) Tenured: 12697K->12726K(349568K)
[7.241s][info][gc,metaspace ] GC(375) Metaspace: 13319K->13319K(1060864K)
[7.241s][info][gc           ] GC(375) Pause Young (Allocation Failure) 149M->12M(494M) 0.398ms
[7.241s][info][gc,cpu       ] GC(375) User=0.00s Sys=0.00s Real=0.00s
[7.258s][info][gc,start     ] GC(376) Pause Young (Allocation Failure)
[7.258s][info][gc,heap      ] GC(376) DefNew: 140196K->419K(157248K)
[7.258s][info][gc,heap      ] GC(376) Tenured: 12726K->12755K(349568K)
[7.258s][info][gc,metaspace ] GC(376) Metaspace: 13319K->13319K(1060864K)
[7.258s][info][gc           ] GC(376) Pause Young (Allocation Failure) 149M->12M(494M) 0.392ms
[7.258s][info][gc,cpu       ] GC(376) User=0.00s Sys=0.00s Real=0.00s
[7.275s][info][gc,start     ] GC(377) Pause Young (Allocation Failure)
[7.276s][info][gc,heap      ] GC(377) DefNew: 140195K->428K(157248K)
[7.276s][info][gc,heap      ] GC(377) Tenured: 12755K->12775K(349568K)
[7.276s][info][gc,metaspace ] GC(377) Metaspace: 13319K->13319K(1060864K)
[7.276s][info][gc           ] GC(377) Pause Young (Allocation Failure) 149M->12M(494M) 0.419ms
[7.276s][info][gc,cpu       ] GC(377) User=0.00s Sys=0.00s Real=0.00s
[7.292s][info][gc,start     ] GC(378) Pause Young (Allocation Failure)
[7.293s][info][gc,heap      ] GC(378) DefNew: 140204K->427K(157248K)
[7.293s][info][gc,heap      ] GC(378) Tenured: 12775K->12804K(349568K)
[7.293s][info][gc,metaspace ] GC(378) Metaspace: 13319K->13319K(1060864K)
[7.293s][info][gc           ] GC(378) Pause Young (Allocation Failure) 149M->12M(494M) 0.410ms
[7.293s][info][gc,cpu       ] GC(378) User=0.00s Sys=0.00s Real=0.00s
[7.310s][info][gc,start     ] GC(379) Pause Young (Allocation Failure)
[7.311s][info][gc,heap      ] GC(379) DefNew: 140203K->426K(157248K)
[7.311s][info][gc,heap      ] GC(379) Tenured: 12804K->12833K(349568K)
[7.311s][info][gc,metaspace ] GC(379) Metaspace: 13319K->13319K(1060864K)
[7.311s][info][gc           ] GC(379) Pause Young (Allocation Failure) 149M->12M(494M) 0.442ms
[7.311s][info][gc,cpu       ] GC(379) User=0.00s Sys=0.00s Real=0.00s
[7.332s][info][gc,start     ] GC(380) Pause Young (Allocation Failure)
[7.332s][info][gc,heap      ] GC(380) DefNew: 140202K->424K(157248K)
[7.332s][info][gc,heap      ] GC(380) Tenured: 12833K->12863K(349568K)
[7.332s][info][gc,metaspace ] GC(380) Metaspace: 13319K->13319K(1060864K)
[7.332s][info][gc           ] GC(380) Pause Young (Allocation Failure) 149M->12M(494M) 0.477ms
[7.332s][info][gc,cpu       ] GC(380) User=0.00s Sys=0.00s Real=0.00s
[7.351s][info][gc,start     ] GC(381) Pause Young (Allocation Failure)
[7.351s][info][gc,heap      ] GC(381) DefNew: 140200K->422K(157248K)
[7.351s][info][gc,heap      ] GC(381) Tenured: 12863K->12892K(349568K)
[7.351s][info][gc,metaspace ] GC(381) Metaspace: 13319K->13319K(1060864K)
[7.351s][info][gc           ] GC(381) Pause Young (Allocation Failure) 149M->13M(494M) 0.457ms
[7.351s][info][gc,cpu       ] GC(381) User=0.00s Sys=0.00s Real=0.00s
[7.368s][info][gc,start     ] GC(382) Pause Young (Allocation Failure)
[7.368s][info][gc,heap      ] GC(382) DefNew: 140198K->420K(157248K)
[7.368s][info][gc,heap      ] GC(382) Tenured: 12892K->12921K(349568K)
[7.368s][info][gc,metaspace ] GC(382) Metaspace: 13319K->13319K(1060864K)
[7.368s][info][gc           ] GC(382) Pause Young (Allocation Failure) 149M->13M(494M) 0.401ms
[7.368s][info][gc,cpu       ] GC(382) User=0.00s Sys=0.00s Real=0.00s
[7.386s][info][gc,start     ] GC(383) Pause Young (Allocation Failure)
[7.386s][info][gc,heap      ] GC(383) DefNew: 140196K->419K(157248K)
[7.386s][info][gc,heap      ] GC(383) Tenured: 12921K->12951K(349568K)
[7.386s][info][gc,metaspace ] GC(383) Metaspace: 13319K->13319K(1060864K)
[7.386s][info][gc           ] GC(383) Pause Young (Allocation Failure) 149M->13M(494M) 0.408ms
[7.386s][info][gc,cpu       ] GC(383) User=0.00s Sys=0.00s Real=0.00s
[7.405s][info][gc,start     ] GC(384) Pause Young (Allocation Failure)
[7.405s][info][gc,heap      ] GC(384) DefNew: 140195K->428K(157248K)
[7.405s][info][gc,heap      ] GC(384) Tenured: 12951K->12970K(349568K)
[7.406s][info][gc,metaspace ] GC(384) Metaspace: 13319K->13319K(1060864K)
[7.406s][info][gc           ] GC(384) Pause Young (Allocation Failure) 149M->13M(494M) 0.450ms
[7.406s][info][gc,cpu       ] GC(384) User=0.00s Sys=0.00s Real=0.00s
[7.423s][info][gc,start     ] GC(385) Pause Young (Allocation Failure)
[7.423s][info][gc,heap      ] GC(385) DefNew: 140204K->427K(157248K)
[7.423s][info][gc,heap      ] GC(385) Tenured: 12970K->13000K(349568K)
[7.423s][info][gc,metaspace ] GC(385) Metaspace: 13319K->13319K(1060864K)
[7.423s][info][gc           ] GC(385) Pause Young (Allocation Failure) 149M->13M(494M) 0.438ms
[7.423s][info][gc,cpu       ] GC(385) User=0.00s Sys=0.00s Real=0.00s
[7.443s][info][gc,start     ] GC(386) Pause Young (Allocation Failure)
[7.443s][info][gc,heap      ] GC(386) DefNew: 140203K->425K(157248K)
[7.443s][info][gc,heap      ] GC(386) Tenured: 13000K->13029K(349568K)
[7.443s][info][gc,metaspace ] GC(386) Metaspace: 13319K->13319K(1060864K)
[7.443s][info][gc           ] GC(386) Pause Young (Allocation Failure) 149M->13M(494M) 0.468ms
[7.443s][info][gc,cpu       ] GC(386) User=0.00s Sys=0.00s Real=0.00s
[7.462s][info][gc,start     ] GC(387) Pause Young (Allocation Failure)
[7.463s][info][gc,heap      ] GC(387) DefNew: 140201K->424K(157248K)
[7.463s][info][gc,heap      ] GC(387) Tenured: 13029K->13058K(349568K)
[7.463s][info][gc,metaspace ] GC(387) Metaspace: 13319K->13319K(1060864K)
[7.463s][info][gc           ] GC(387) Pause Young (Allocation Failure) 149M->13M(494M) 0.438ms
[7.463s][info][gc,cpu       ] GC(387) User=0.00s Sys=0.00s Real=0.00s
[7.480s][info][gc,start     ] GC(388) Pause Young (Allocation Failure)
[7.480s][info][gc,heap      ] GC(388) DefNew: 140200K->420K(157248K)
[7.480s][info][gc,heap      ] GC(388) Tenured: 13058K->13088K(349568K)
[7.480s][info][gc,metaspace ] GC(388) Metaspace: 13319K->13319K(1060864K)
[7.480s][info][gc           ] GC(388) Pause Young (Allocation Failure) 149M->13M(494M) 0.447ms
[7.480s][info][gc,cpu       ] GC(388) User=0.00s Sys=0.00s Real=0.00s
[7.499s][info][gc,start     ] GC(389) Pause Young (Allocation Failure)
[7.499s][info][gc,heap      ] GC(389) DefNew: 140196K->419K(157248K)
[7.499s][info][gc,heap      ] GC(389) Tenured: 13088K->13117K(349568K)
[7.499s][info][gc,metaspace ] GC(389) Metaspace: 13319K->13319K(1060864K)
[7.499s][info][gc           ] GC(389) Pause Young (Allocation Failure) 149M->13M(494M) 0.416ms
[7.499s][info][gc,cpu       ] GC(389) User=0.00s Sys=0.00s Real=0.00s
[7.518s][info][gc,start     ] GC(390) Pause Young (Allocation Failure)
[7.518s][info][gc,heap      ] GC(390) DefNew: 140195K->428K(157248K)
[7.518s][info][gc,heap      ] GC(390) Tenured: 13117K->13137K(349568K)
[7.518s][info][gc,metaspace ] GC(390) Metaspace: 13319K->13319K(1060864K)
[7.518s][info][gc           ] GC(390) Pause Young (Allocation Failure) 149M->13M(494M) 0.603ms
[7.518s][info][gc,cpu       ] GC(390) User=0.00s Sys=0.00s Real=0.00s
[7.538s][info][gc,start     ] GC(391) Pause Young (Allocation Failure)
[7.538s][info][gc,heap      ] GC(391) DefNew: 140204K->427K(157248K)
[7.538s][info][gc,heap      ] GC(391) Tenured: 13137K->13166K(349568K)
[7.538s][info][gc,metaspace ] GC(391) Metaspace: 13319K->13319K(1060864K)
[7.538s][info][gc           ] GC(391) Pause Young (Allocation Failure) 149M->13M(494M) 0.419ms
[7.538s][info][gc,cpu       ] GC(391) User=0.00s Sys=0.00s Real=0.00s
[7.554s][info][gc,start     ] GC(392) Pause Young (Allocation Failure)
[7.554s][info][gc,heap      ] GC(392) DefNew: 140203K->426K(157248K)
[7.554s][info][gc,heap      ] GC(392) Tenured: 13166K->13195K(349568K)
[7.554s][info][gc,metaspace ] GC(392) Metaspace: 13319K->13319K(1060864K)
[7.554s][info][gc           ] GC(392) Pause Young (Allocation Failure) 149M->13M(494M) 0.416ms
[7.554s][info][gc,cpu       ] GC(392) User=0.00s Sys=0.00s Real=0.00s
[7.578s][info][gc,start     ] GC(393) Pause Young (Allocation Failure)
[7.578s][info][gc,heap      ] GC(393) DefNew: 140202K->428K(157248K)
[7.578s][info][gc,heap      ] GC(393) Tenured: 13195K->13225K(349568K)
[7.578s][info][gc,metaspace ] GC(393) Metaspace: 13336K->13336K(1060864K)
[7.578s][info][gc           ] GC(393) Pause Young (Allocation Failure) 149M->13M(494M) 0.786ms
[7.578s][info][gc,cpu       ] GC(393) User=0.00s Sys=0.00s Real=0.00s
[7.616s][info][gc,start     ] GC(394) Pause Young (Allocation Failure)
[7.617s][info][gc,heap      ] GC(394) DefNew: 140204K->426K(157248K)
[7.617s][info][gc,heap      ] GC(394) Tenured: 13225K->13254K(349568K)
[7.617s][info][gc,metaspace ] GC(394) Metaspace: 13336K->13336K(1060864K)
[7.617s][info][gc           ] GC(394) Pause Young (Allocation Failure) 149M->13M(494M) 0.462ms
[7.617s][info][gc,cpu       ] GC(394) User=0.00s Sys=0.00s Real=0.00s
[7.634s][info][gc,start     ] GC(395) Pause Young (Allocation Failure)
[7.635s][info][gc,heap      ] GC(395) DefNew: 140202K->423K(157248K)
[7.635s][info][gc,heap      ] GC(395) Tenured: 13254K->13283K(349568K)
[7.635s][info][gc,metaspace ] GC(395) Metaspace: 13336K->13336K(1060864K)
[7.635s][info][gc           ] GC(395) Pause Young (Allocation Failure) 149M->13M(494M) 0.475ms
[7.635s][info][gc,cpu       ] GC(395) User=0.00s Sys=0.00s Real=0.00s
[7.655s][info][gc,start     ] GC(396) Pause Young (Allocation Failure)
[7.655s][info][gc,heap      ] GC(396) DefNew: 140199K->422K(157248K)
[7.655s][info][gc,heap      ] GC(396) Tenured: 13283K->13313K(349568K)
[7.655s][info][gc,metaspace ] GC(396) Metaspace: 13336K->13336K(1060864K)
[7.655s][info][gc           ] GC(396) Pause Young (Allocation Failure) 149M->13M(494M) 0.477ms
[7.655s][info][gc,cpu       ] GC(396) User=0.00s Sys=0.00s Real=0.00s
[7.674s][info][gc,start     ] GC(397) Pause Young (Allocation Failure)
[7.675s][info][gc,heap      ] GC(397) DefNew: 140198K->431K(157248K)
[7.675s][info][gc,heap      ] GC(397) Tenured: 13313K->13332K(349568K)
[7.675s][info][gc,metaspace ] GC(397) Metaspace: 13336K->13336K(1060864K)
[7.675s][info][gc           ] GC(397) Pause Young (Allocation Failure) 149M->13M(494M) 0.462ms
[7.675s][info][gc,cpu       ] GC(397) User=0.00s Sys=0.00s Real=0.00s
[7.692s][info][gc,start     ] GC(398) Pause Young (Allocation Failure)
[7.692s][info][gc,heap      ] GC(398) DefNew: 140207K->430K(157248K)
[7.692s][info][gc,heap      ] GC(398) Tenured: 13332K->13362K(349568K)
[7.692s][info][gc,metaspace ] GC(398) Metaspace: 13336K->13336K(1060864K)
[7.692s][info][gc           ] GC(398) Pause Young (Allocation Failure) 149M->13M(494M) 0.588ms
[7.692s][info][gc,cpu       ] GC(398) User=0.00s Sys=0.00s Real=0.00s
[7.713s][info][gc,start     ] GC(399) Pause Young (Allocation Failure)
[7.713s][info][gc,heap      ] GC(399) DefNew: 140206K->429K(157248K)
[7.713s][info][gc,heap      ] GC(399) Tenured: 13362K->13391K(349568K)
[7.713s][info][gc,metaspace ] GC(399) Metaspace: 13336K->13336K(1060864K)
[7.713s][info][gc           ] GC(399) Pause Young (Allocation Failure) 149M->13M(494M) 0.467ms
[7.713s][info][gc,cpu       ] GC(399) User=0.00s Sys=0.00s Real=0.00s
[7.731s][info][gc,start     ] GC(400) Pause Young (Allocation Failure)
[7.732s][info][gc,heap      ] GC(400) DefNew: 140205K->427K(157248K)
[7.732s][info][gc,heap      ] GC(400) Tenured: 13391K->13420K(349568K)
[7.732s][info][gc,metaspace ] GC(400) Metaspace: 13336K->13336K(1060864K)
[7.732s][info][gc           ] GC(400) Pause Young (Allocation Failure) 149M->13M(494M) 0.495ms
[7.732s][info][gc,cpu       ] GC(400) User=0.00s Sys=0.00s Real=0.00s
[7.750s][info][gc,start     ] GC(401) Pause Young (Allocation Failure)
[7.750s][info][gc,heap      ] GC(401) DefNew: 140203K->423K(157248K)
[7.750s][info][gc,heap      ] GC(401) Tenured: 13420K->13450K(349568K)
[7.750s][info][gc,metaspace ] GC(401) Metaspace: 13336K->13336K(1060864K)
[7.750s][info][gc           ] GC(401) Pause Young (Allocation Failure) 150M->13M(494M) 0.405ms
[7.750s][info][gc,cpu       ] GC(401) User=0.00s Sys=0.00s Real=0.00s
[7.768s][info][gc,start     ] GC(402) Pause Young (Allocation Failure)
[7.768s][info][gc,heap      ] GC(402) DefNew: 140199K->423K(157248K)
[7.768s][info][gc,heap      ] GC(402) Tenured: 13450K->13479K(349568K)
[7.768s][info][gc,metaspace ] GC(402) Metaspace: 13336K->13336K(1060864K)
[7.768s][info][gc           ] GC(402) Pause Young (Allocation Failure) 150M->13M(494M) 0.421ms
[7.768s][info][gc,cpu       ] GC(402) User=0.00s Sys=0.00s Real=0.00s
[7.787s][info][gc,start     ] GC(403) Pause Young (Allocation Failure)
[7.787s][info][gc,heap      ] GC(403) DefNew: 140199K->431K(157248K)
[7.787s][info][gc,heap      ] GC(403) Tenured: 13479K->13499K(349568K)
[7.787s][info][gc,metaspace ] GC(403) Metaspace: 13336K->13336K(1060864K)
[7.787s][info][gc           ] GC(403) Pause Young (Allocation Failure) 150M->13M(494M) 0.449ms
[7.787s][info][gc,cpu       ] GC(403) User=0.00s Sys=0.00s Real=0.00s
[7.807s][info][gc,start     ] GC(404) Pause Young (Allocation Failure)
[7.808s][info][gc,heap      ] GC(404) DefNew: 140207K->431K(157248K)
[7.808s][info][gc,heap      ] GC(404) Tenured: 13499K->13528K(349568K)
[7.808s][info][gc,metaspace ] GC(404) Metaspace: 13336K->13336K(1060864K)
[7.808s][info][gc           ] GC(404) Pause Young (Allocation Failure) 150M->13M(494M) 0.471ms
[7.808s][info][gc,cpu       ] GC(404) User=0.00s Sys=0.00s Real=0.00s
[7.825s][info][gc,start     ] GC(405) Pause Young (Allocation Failure)
[7.825s][info][gc,heap      ] GC(405) DefNew: 140207K->429K(157248K)
[7.825s][info][gc,heap      ] GC(405) Tenured: 13528K->13557K(349568K)
[7.825s][info][gc,metaspace ] GC(405) Metaspace: 13336K->13336K(1060864K)
[7.825s][info][gc           ] GC(405) Pause Young (Allocation Failure) 150M->13M(494M) 0.464ms
[7.825s][info][gc,cpu       ] GC(405) User=0.00s Sys=0.00s Real=0.00s
[7.843s][info][gc,start     ] GC(406) Pause Young (Allocation Failure)
[7.843s][info][gc,heap      ] GC(406) DefNew: 140205K->428K(157248K)
[7.843s][info][gc,heap      ] GC(406) Tenured: 13557K->13587K(349568K)
[7.843s][info][gc,metaspace ] GC(406) Metaspace: 13336K->13336K(1060864K)
[7.843s][info][gc           ] GC(406) Pause Young (Allocation Failure) 150M->13M(494M) 0.456ms
[7.843s][info][gc,cpu       ] GC(406) User=0.00s Sys=0.00s Real=0.00s
[7.861s][info][gc,start     ] GC(407) Pause Young (Allocation Failure)
[7.861s][info][gc,heap      ] GC(407) DefNew: 140204K->426K(157248K)
[7.861s][info][gc,heap      ] GC(407) Tenured: 13587K->13616K(349568K)
[7.861s][info][gc,metaspace ] GC(407) Metaspace: 13336K->13336K(1060864K)
[7.861s][info][gc           ] GC(407) Pause Young (Allocation Failure) 150M->13M(494M) 0.778ms
[7.862s][info][gc,cpu       ] GC(407) User=0.00s Sys=0.00s Real=0.00s
[7.878s][info][gc,start     ] GC(408) Pause Young (Allocation Failure)
[7.879s][info][gc,heap      ] GC(408) DefNew: 140202K->420K(157248K)
[7.879s][info][gc,heap      ] GC(408) Tenured: 13616K->13649K(349568K)
[7.879s][info][gc,metaspace ] GC(408) Metaspace: 13336K->13336K(1060864K)
[7.879s][info][gc           ] GC(408) Pause Young (Allocation Failure) 150M->13M(494M) 0.380ms
[7.879s][info][gc,cpu       ] GC(408) User=0.00s Sys=0.00s Real=0.01s
[7.895s][info][gc,start     ] GC(409) Pause Young (Allocation Failure)
[7.896s][info][gc,heap      ] GC(409) DefNew: 140196K->419K(157248K)
[7.896s][info][gc,heap      ] GC(409) Tenured: 13649K->13678K(349568K)
[7.896s][info][gc,metaspace ] GC(409) Metaspace: 13336K->13336K(1060864K)
[7.896s][info][gc           ] GC(409) Pause Young (Allocation Failure) 150M->13M(494M) 0.384ms
[7.896s][info][gc,cpu       ] GC(409) User=0.00s Sys=0.00s Real=0.00s
[7.912s][info][gc,start     ] GC(410) Pause Young (Allocation Failure)
[7.912s][info][gc,heap      ] GC(410) DefNew: 140195K->428K(157248K)
[7.913s][info][gc,heap      ] GC(410) Tenured: 13678K->13697K(349568K)
[7.913s][info][gc,metaspace ] GC(410) Metaspace: 13336K->13336K(1060864K)
[7.913s][info][gc           ] GC(410) Pause Young (Allocation Failure) 150M->13M(494M) 0.495ms
[7.913s][info][gc,cpu       ] GC(410) User=0.00s Sys=0.00s Real=0.00s
[7.930s][info][gc,start     ] GC(411) Pause Young (Allocation Failure)
[7.930s][info][gc,heap      ] GC(411) DefNew: 140204K->427K(157248K)
[7.930s][info][gc,heap      ] GC(411) Tenured: 13697K->13727K(349568K)
[7.930s][info][gc,metaspace ] GC(411) Metaspace: 13336K->13336K(1060864K)
[7.930s][info][gc           ] GC(411) Pause Young (Allocation Failure) 150M->13M(494M) 0.413ms
[7.930s][info][gc,cpu       ] GC(411) User=0.00s Sys=0.00s Real=0.00s
[7.946s][info][gc,start     ] GC(412) Pause Young (Allocation Failure)
[7.946s][info][gc,heap      ] GC(412) DefNew: 140203K->426K(157248K)
[7.946s][info][gc,heap      ] GC(412) Tenured: 13727K->13756K(349568K)
[7.946s][info][gc,metaspace ] GC(412) Metaspace: 13336K->13336K(1060864K)
[7.946s][info][gc           ] GC(412) Pause Young (Allocation Failure) 150M->13M(494M) 0.420ms
[7.946s][info][gc,cpu       ] GC(412) User=0.00s Sys=0.00s Real=0.00s
[7.962s][info][gc,start     ] GC(413) Pause Young (Allocation Failure)
[7.963s][info][gc,heap      ] GC(413) DefNew: 140202K->424K(157248K)
[7.963s][info][gc,heap      ] GC(413) Tenured: 13756K->13786K(349568K)
[7.963s][info][gc,metaspace ] GC(413) Metaspace: 13336K->13336K(1060864K)
[7.963s][info][gc           ] GC(413) Pause Young (Allocation Failure) 150M->13M(494M) 0.418ms
[7.963s][info][gc,cpu       ] GC(413) User=0.00s Sys=0.00s Real=0.00s
[7.978s][info][gc,start     ] GC(414) Pause Young (Allocation Failure)
[7.979s][info][gc,heap      ] GC(414) DefNew: 140200K->421K(157248K)
[7.979s][info][gc,heap      ] GC(414) Tenured: 13786K->13815K(349568K)
[7.979s][info][gc,metaspace ] GC(414) Metaspace: 13336K->13336K(1060864K)
[7.979s][info][gc           ] GC(414) Pause Young (Allocation Failure) 150M->13M(494M) 0.383ms
[7.979s][info][gc,cpu       ] GC(414) User=0.00s Sys=0.00s Real=0.01s
[7.995s][info][gc,start     ] GC(415) Pause Young (Allocation Failure)
[7.995s][info][gc,heap      ] GC(415) DefNew: 140197K->419K(157248K)
[7.995s][info][gc,heap      ] GC(415) Tenured: 13815K->13844K(349568K)
[7.995s][info][gc,metaspace ] GC(415) Metaspace: 13336K->13336K(1060864K)
[7.995s][info][gc           ] GC(415) Pause Young (Allocation Failure) 150M->13M(494M) 0.436ms
[7.995s][info][gc,cpu       ] GC(415) User=0.00s Sys=0.00s Real=0.00s
[8.013s][info][gc,start     ] GC(416) Pause Young (Allocation Failure)
[8.013s][info][gc,heap      ] GC(416) DefNew: 140195K->428K(157248K)
[8.013s][info][gc,heap      ] GC(416) Tenured: 13844K->13864K(349568K)
[8.013s][info][gc,metaspace ] GC(416) Metaspace: 13336K->13336K(1060864K)
[8.013s][info][gc           ] GC(416) Pause Young (Allocation Failure) 150M->13M(494M) 0.384ms
[8.013s][info][gc,cpu       ] GC(416) User=0.00s Sys=0.00s Real=0.00s
[8.031s][info][gc,start     ] GC(417) Pause Young (Allocation Failure)
[8.031s][info][gc,heap      ] GC(417) DefNew: 140204K->427K(157248K)
[8.031s][info][gc,heap      ] GC(417) Tenured: 13864K->13893K(349568K)
[8.031s][info][gc,metaspace ] GC(417) Metaspace: 13336K->13336K(1060864K)
[8.031s][info][gc           ] GC(417) Pause Young (Allocation Failure) 150M->13M(494M) 0.404ms
[8.031s][info][gc,cpu       ] GC(417) User=0.00s Sys=0.00s Real=0.00s
[8.050s][info][gc,start     ] GC(418) Pause Young (Allocation Failure)
[8.050s][info][gc,heap      ] GC(418) DefNew: 140203K->426K(157248K)
[8.050s][info][gc,heap      ] GC(418) Tenured: 13893K->13922K(349568K)
[8.050s][info][gc,metaspace ] GC(418) Metaspace: 13336K->13336K(1060864K)
[8.050s][info][gc           ] GC(418) Pause Young (Allocation Failure) 150M->14M(494M) 0.396ms
[8.050s][info][gc,cpu       ] GC(418) User=0.00s Sys=0.00s Real=0.00s
[8.068s][info][gc,start     ] GC(419) Pause Young (Allocation Failure)
[8.068s][info][gc,heap      ] GC(419) DefNew: 140202K->425K(157248K)
[8.068s][info][gc,heap      ] GC(419) Tenured: 13922K->13952K(349568K)
[8.068s][info][gc,metaspace ] GC(419) Metaspace: 13336K->13336K(1060864K)
[8.068s][info][gc           ] GC(419) Pause Young (Allocation Failure) 150M->14M(494M) 0.431ms
[8.068s][info][gc,cpu       ] GC(419) User=0.00s Sys=0.00s Real=0.00s
[8.086s][info][gc,start     ] GC(420) Pause Young (Allocation Failure)
[8.086s][info][gc,heap      ] GC(420) DefNew: 140201K->423K(157248K)
[8.086s][info][gc,heap      ] GC(420) Tenured: 13952K->13981K(349568K)
[8.086s][info][gc,metaspace ] GC(420) Metaspace: 13336K->13336K(1060864K)
[8.086s][info][gc           ] GC(420) Pause Young (Allocation Failure) 150M->14M(494M) 0.443ms
[8.086s][info][gc,cpu       ] GC(420) User=0.00s Sys=0.00s Real=0.00s
[8.103s][info][gc,start     ] GC(421) Pause Young (Allocation Failure)
[8.103s][info][gc,heap      ] GC(421) DefNew: 140199K->420K(157248K)
[8.103s][info][gc,heap      ] GC(421) Tenured: 13981K->14010K(349568K)
[8.103s][info][gc,metaspace ] GC(421) Metaspace: 13336K->13336K(1060864K)
[8.103s][info][gc           ] GC(421) Pause Young (Allocation Failure) 150M->14M(494M) 0.423ms
[8.103s][info][gc,cpu       ] GC(421) User=0.00s Sys=0.00s Real=0.00s
[8.122s][info][gc,start     ] GC(422) Pause Young (Allocation Failure)
[8.123s][info][gc,heap      ] GC(422) DefNew: 140196K->419K(157248K)
[8.123s][info][gc,heap      ] GC(422) Tenured: 14010K->14040K(349568K)
[8.123s][info][gc,metaspace ] GC(422) Metaspace: 13336K->13336K(1060864K)
[8.123s][info][gc           ] GC(422) Pause Young (Allocation Failure) 150M->14M(494M) 0.484ms
[8.123s][info][gc,cpu       ] GC(422) User=0.00s Sys=0.00s Real=0.00s
[8.140s][info][gc,start     ] GC(423) Pause Young (Allocation Failure)
[8.140s][info][gc,heap      ] GC(423) DefNew: 140195K->428K(157248K)
[8.140s][info][gc,heap      ] GC(423) Tenured: 14040K->14059K(349568K)
[8.140s][info][gc,metaspace ] GC(423) Metaspace: 13336K->13336K(1060864K)
[8.140s][info][gc           ] GC(423) Pause Young (Allocation Failure) 150M->14M(494M) 0.500ms
[8.140s][info][gc,cpu       ] GC(423) User=0.00s Sys=0.00s Real=0.00s
[8.157s][info][gc,start     ] GC(424) Pause Young (Allocation Failure)
[8.158s][info][gc,heap      ] GC(424) DefNew: 140204K->427K(157248K)
[8.158s][info][gc,heap      ] GC(424) Tenured: 14059K->14089K(349568K)
[8.158s][info][gc,metaspace ] GC(424) Metaspace: 13336K->13336K(1060864K)
[8.158s][info][gc           ] GC(424) Pause Young (Allocation Failure) 150M->14M(494M) 0.411ms
[8.158s][info][gc,cpu       ] GC(424) User=0.00s Sys=0.00s Real=0.00s
[8.174s][info][gc,start     ] GC(425) Pause Young (Allocation Failure)
[8.175s][info][gc,heap      ] GC(425) DefNew: 140203K->426K(157248K)
[8.175s][info][gc,heap      ] GC(425) Tenured: 14089K->14118K(349568K)
[8.175s][info][gc,metaspace ] GC(425) Metaspace: 13336K->13336K(1060864K)
[8.175s][info][gc           ] GC(425) Pause Young (Allocation Failure) 150M->14M(494M) 0.412ms
[8.175s][info][gc,cpu       ] GC(425) User=0.00s Sys=0.00s Real=0.00s
[8.191s][info][gc,start     ] GC(426) Pause Young (Allocation Failure)
[8.191s][info][gc,heap      ] GC(426) DefNew: 140202K->424K(157248K)
[8.191s][info][gc,heap      ] GC(426) Tenured: 14118K->14147K(349568K)
[8.191s][info][gc,metaspace ] GC(426) Metaspace: 13336K->13336K(1060864K)
[8.191s][info][gc           ] GC(426) Pause Young (Allocation Failure) 150M->14M(494M) 0.454ms
[8.192s][info][gc,cpu       ] GC(426) User=0.00s Sys=0.00s Real=0.00s
[8.211s][info][gc,start     ] GC(427) Pause Young (Allocation Failure)
[8.212s][info][gc,heap      ] GC(427) DefNew: 140200K->422K(157248K)
[8.212s][info][gc,heap      ] GC(427) Tenured: 14147K->14177K(349568K)
[8.212s][info][gc,metaspace ] GC(427) Metaspace: 13336K->13336K(1060864K)
[8.212s][info][gc           ] GC(427) Pause Young (Allocation Failure) 150M->14M(494M) 0.552ms
[8.212s][info][gc,cpu       ] GC(427) User=0.00s Sys=0.00s Real=0.00s
[8.228s][info][gc,start     ] GC(428) Pause Young (Allocation Failure)
[8.228s][info][gc,heap      ] GC(428) DefNew: 140198K->419K(157248K)
[8.228s][info][gc,heap      ] GC(428) Tenured: 14177K->14206K(349568K)
[8.228s][info][gc,metaspace ] GC(428) Metaspace: 13336K->13336K(1060864K)
[8.228s][info][gc           ] GC(428) Pause Young (Allocation Failure) 150M->14M(494M) 0.406ms
[8.228s][info][gc,cpu       ] GC(428) User=0.01s Sys=0.00s Real=0.00s
[8.247s][info][gc,start     ] GC(429) Pause Young (Allocation Failure)
[8.247s][info][gc,heap      ] GC(429) DefNew: 140195K->419K(157248K)
[8.247s][info][gc,heap      ] GC(429) Tenured: 14206K->14235K(349568K)
[8.247s][info][gc,metaspace ] GC(429) Metaspace: 13336K->13336K(1060864K)
[8.247s][info][gc           ] GC(429) Pause Young (Allocation Failure) 150M->14M(494M) 0.516ms
[8.247s][info][gc,cpu       ] GC(429) User=0.00s Sys=0.00s Real=0.00s
[8.267s][info][gc,start     ] GC(430) Pause Young (Allocation Failure)
[8.267s][info][gc,heap      ] GC(430) DefNew: 140195K->428K(157248K)
[8.267s][info][gc,heap      ] GC(430) Tenured: 14235K->14255K(349568K)
[8.267s][info][gc,metaspace ] GC(430) Metaspace: 13336K->13336K(1060864K)
[8.268s][info][gc           ] GC(430) Pause Young (Allocation Failure) 150M->14M(494M) 0.456ms
[8.268s][info][gc,cpu       ] GC(430) User=0.00s Sys=0.00s Real=0.00s
[8.285s][info][gc,start     ] GC(431) Pause Young (Allocation Failure)
[8.285s][info][gc,heap      ] GC(431) DefNew: 140204K->426K(157248K)
[8.285s][info][gc,heap      ] GC(431) Tenured: 14255K->14284K(349568K)
[8.285s][info][gc,metaspace ] GC(431) Metaspace: 13336K->13336K(1060864K)
[8.285s][info][gc           ] GC(431) Pause Young (Allocation Failure) 150M->14M(494M) 0.436ms
[8.285s][info][gc,cpu       ] GC(431) User=0.00s Sys=0.00s Real=0.00s
[8.302s][info][gc,start     ] GC(432) Pause Young (Allocation Failure)
[8.302s][info][gc,heap      ] GC(432) DefNew: 140202K->425K(157248K)
[8.302s][info][gc,heap      ] GC(432) Tenured: 14284K->14314K(349568K)
[8.302s][info][gc,metaspace ] GC(432) Metaspace: 13336K->13336K(1060864K)
[8.302s][info][gc           ] GC(432) Pause Young (Allocation Failure) 150M->14M(494M) 0.420ms
[8.302s][info][gc,cpu       ] GC(432) User=0.00s Sys=0.00s Real=0.00s
[8.319s][info][gc,start     ] GC(433) Pause Young (Allocation Failure)
[8.319s][info][gc,heap      ] GC(433) DefNew: 140201K->423K(157248K)
[8.319s][info][gc,heap      ] GC(433) Tenured: 14314K->14343K(349568K)
[8.319s][info][gc,metaspace ] GC(433) Metaspace: 13336K->13336K(1060864K)
[8.319s][info][gc           ] GC(433) Pause Young (Allocation Failure) 150M->14M(494M) 0.485ms
[8.319s][info][gc,cpu       ] GC(433) User=0.00s Sys=0.00s Real=0.00s
[8.335s][info][gc,start     ] GC(434) Pause Young (Allocation Failure)
[8.335s][info][gc,heap      ] GC(434) DefNew: 140199K->420K(157248K)
[8.335s][info][gc,heap      ] GC(434) Tenured: 14343K->14372K(349568K)
[8.335s][info][gc,metaspace ] GC(434) Metaspace: 13336K->13336K(1060864K)
[8.335s][info][gc           ] GC(434) Pause Young (Allocation Failure) 150M->14M(494M) 0.449ms
[8.335s][info][gc,cpu       ] GC(434) User=0.00s Sys=0.00s Real=0.00s
[8.352s][info][gc,start     ] GC(435) Pause Young (Allocation Failure)
[8.352s][info][gc,heap      ] GC(435) DefNew: 140196K->419K(157248K)
[8.352s][info][gc,heap      ] GC(435) Tenured: 14372K->14402K(349568K)
[8.352s][info][gc,metaspace ] GC(435) Metaspace: 13336K->13336K(1060864K)
[8.352s][info][gc           ] GC(435) Pause Young (Allocation Failure) 150M->14M(494M) 0.402ms
[8.352s][info][gc,cpu       ] GC(435) User=0.00s Sys=0.00s Real=0.00s
[8.369s][info][gc,start     ] GC(436) Pause Young (Allocation Failure)
[8.392s][info][gc,heap      ] GC(436) DefNew: 140195K->428K(157248K)
[8.392s][info][gc,heap      ] GC(436) Tenured: 14402K->14421K(349568K)
[8.392s][info][gc,metaspace ] GC(436) Metaspace: 13336K->13336K(1060864K)
[8.392s][info][gc           ] GC(436) Pause Young (Allocation Failure) 150M->14M(494M) 22.259ms
[8.392s][info][gc,cpu       ] GC(436) User=0.00s Sys=0.00s Real=0.02s
[8.411s][info][gc,start     ] GC(437) Pause Young (Allocation Failure)
[8.411s][info][gc,heap      ] GC(437) DefNew: 140204K->427K(157248K)
[8.411s][info][gc,heap      ] GC(437) Tenured: 14421K->14451K(349568K)
[8.411s][info][gc,metaspace ] GC(437) Metaspace: 13336K->13336K(1060864K)
[8.411s][info][gc           ] GC(437) Pause Young (Allocation Failure) 151M->14M(494M) 0.406ms
[8.411s][info][gc,cpu       ] GC(437) User=0.00s Sys=0.00s Real=0.00s
[8.428s][info][gc,start     ] GC(438) Pause Young (Allocation Failure)
[8.428s][info][gc,heap      ] GC(438) DefNew: 140203K->426K(157248K)
[8.428s][info][gc,heap      ] GC(438) Tenured: 14451K->14480K(349568K)
[8.428s][info][gc,metaspace ] GC(438) Metaspace: 13336K->13336K(1060864K)
[8.428s][info][gc           ] GC(438) Pause Young (Allocation Failure) 151M->14M(494M) 0.427ms
[8.428s][info][gc,cpu       ] GC(438) User=0.00s Sys=0.00s Real=0.00s
[8.444s][info][gc,start     ] GC(439) Pause Young (Allocation Failure)
[8.445s][info][gc,heap      ] GC(439) DefNew: 140202K->425K(157248K)
[8.445s][info][gc,heap      ] GC(439) Tenured: 14480K->14509K(349568K)
[8.445s][info][gc,metaspace ] GC(439) Metaspace: 13336K->13336K(1060864K)
[8.445s][info][gc           ] GC(439) Pause Young (Allocation Failure) 151M->14M(494M) 0.466ms
[8.445s][info][gc,cpu       ] GC(439) User=0.00s Sys=0.00s Real=0.00s
[8.460s][info][gc,start     ] GC(440) Pause Young (Allocation Failure)
[8.460s][info][gc,heap      ] GC(440) DefNew: 140201K->422K(157248K)
[8.460s][info][gc,heap      ] GC(440) Tenured: 14509K->14539K(349568K)
[8.460s][info][gc,metaspace ] GC(440) Metaspace: 13336K->13336K(1060864K)
[8.460s][info][gc           ] GC(440) Pause Young (Allocation Failure) 151M->14M(494M) 0.423ms
[8.460s][info][gc,cpu       ] GC(440) User=0.00s Sys=0.00s Real=0.00s
[8.475s][info][gc,start     ] GC(441) Pause Young (Allocation Failure)
[8.475s][info][gc,heap      ] GC(441) DefNew: 140198K->420K(157248K)
[8.475s][info][gc,heap      ] GC(441) Tenured: 14539K->14568K(349568K)
[8.475s][info][gc,metaspace ] GC(441) Metaspace: 13336K->13336K(1060864K)
[8.475s][info][gc           ] GC(441) Pause Young (Allocation Failure) 151M->14M(494M) 0.394ms
[8.475s][info][gc,cpu       ] GC(441) User=0.00s Sys=0.00s Real=0.00s
[8.493s][info][gc,start     ] GC(442) Pause Young (Allocation Failure)
[8.493s][info][gc,heap      ] GC(442) DefNew: 140196K->419K(157248K)
[8.493s][info][gc,heap      ] GC(442) Tenured: 14568K->14597K(349568K)
[8.493s][info][gc,metaspace ] GC(442) Metaspace: 13336K->13336K(1060864K)
[8.493s][info][gc           ] GC(442) Pause Young (Allocation Failure) 151M->14M(494M) 0.454ms
[8.493s][info][gc,cpu       ] GC(442) User=0.01s Sys=0.00s Real=0.00s
[8.511s][info][gc,start     ] GC(443) Pause Young (Allocation Failure)
[8.511s][info][gc,heap      ] GC(443) DefNew: 140195K->428K(157248K)
[8.511s][info][gc,heap      ] GC(443) Tenured: 14597K->14617K(349568K)
[8.511s][info][gc,metaspace ] GC(443) Metaspace: 13336K->13336K(1060864K)
[8.511s][info][gc           ] GC(443) Pause Young (Allocation Failure) 151M->14M(494M) 0.520ms
[8.511s][info][gc,cpu       ] GC(443) User=0.00s Sys=0.00s Real=0.00s
[8.529s][info][gc,start     ] GC(444) Pause Young (Allocation Failure)
[8.529s][info][gc,heap      ] GC(444) DefNew: 140204K->427K(157248K)
[8.529s][info][gc,heap      ] GC(444) Tenured: 14617K->14646K(349568K)
[8.529s][info][gc,metaspace ] GC(444) Metaspace: 13336K->13336K(1060864K)
[8.529s][info][gc           ] GC(444) Pause Young (Allocation Failure) 151M->14M(494M) 0.480ms
[8.529s][info][gc,cpu       ] GC(444) User=0.00s Sys=0.00s Real=0.01s
[8.546s][info][gc,start     ] GC(445) Pause Young (Allocation Failure)
[8.561s][info][gc,heap      ] GC(445) DefNew: 140203K->425K(157248K)
[8.561s][info][gc,heap      ] GC(445) Tenured: 14646K->14676K(349568K)
[8.561s][info][gc,metaspace ] GC(445) Metaspace: 13336K->13336K(1060864K)
[8.561s][info][gc           ] GC(445) Pause Young (Allocation Failure) 151M->14M(494M) 14.561ms
[8.561s][info][gc,cpu       ] GC(445) User=0.00s Sys=0.00s Real=0.02s
[8.584s][info][gc,start     ] GC(446) Pause Young (Allocation Failure)
[8.585s][info][gc,heap      ] GC(446) DefNew: 140201K->425K(157248K)
[8.585s][info][gc,heap      ] GC(446) Tenured: 14676K->14705K(349568K)
[8.585s][info][gc,metaspace ] GC(446) Metaspace: 13344K->13344K(1060864K)
[8.585s][info][gc           ] GC(446) Pause Young (Allocation Failure) 151M->14M(494M) 1.596ms
[8.585s][info][gc,cpu       ] GC(446) User=0.00s Sys=0.00s Real=0.00s
[8.610s][info][gc,start     ] GC(447) Pause Young (Allocation Failure)
[8.610s][info][gc,heap      ] GC(447) DefNew: 140201K->421K(157248K)
[8.610s][info][gc,heap      ] GC(447) Tenured: 14705K->14734K(349568K)
[8.610s][info][gc,metaspace ] GC(447) Metaspace: 13344K->13344K(1060864K)
[8.610s][info][gc           ] GC(447) Pause Young (Allocation Failure) 151M->14M(494M) 0.429ms
[8.610s][info][gc,cpu       ] GC(447) User=0.00s Sys=0.00s Real=0.00s
[8.626s][info][gc,start     ] GC(448) Pause Young (Allocation Failure)
[8.626s][info][gc,heap      ] GC(448) DefNew: 140197K->420K(157248K)
[8.626s][info][gc,heap      ] GC(448) Tenured: 14734K->14764K(349568K)
[8.626s][info][gc,metaspace ] GC(448) Metaspace: 13344K->13344K(1060864K)
[8.626s][info][gc           ] GC(448) Pause Young (Allocation Failure) 151M->14M(494M) 0.415ms
[8.626s][info][gc,cpu       ] GC(448) User=0.00s Sys=0.00s Real=0.00s
[8.642s][info][gc,start     ] GC(449) Pause Young (Allocation Failure)
[8.643s][info][gc,heap      ] GC(449) DefNew: 140196K->429K(157248K)
[8.643s][info][gc,heap      ] GC(449) Tenured: 14764K->14783K(349568K)
[8.643s][info][gc,metaspace ] GC(449) Metaspace: 13344K->13344K(1060864K)
[8.643s][info][gc           ] GC(449) Pause Young (Allocation Failure) 151M->14M(494M) 0.463ms
[8.643s][info][gc,cpu       ] GC(449) User=0.00s Sys=0.00s Real=0.00s
[8.662s][info][gc,start     ] GC(450) Pause Young (Allocation Failure)
[8.662s][info][gc,heap      ] GC(450) DefNew: 140205K->428K(157248K)
[8.662s][info][gc,heap      ] GC(450) Tenured: 14783K->14813K(349568K)
[8.662s][info][gc,metaspace ] GC(450) Metaspace: 13344K->13344K(1060864K)
[8.662s][info][gc           ] GC(450) Pause Young (Allocation Failure) 151M->14M(494M) 0.435ms
[8.662s][info][gc,cpu       ] GC(450) User=0.00s Sys=0.00s Real=0.00s
[8.678s][info][gc,start     ] GC(451) Pause Young (Allocation Failure)
[8.678s][info][gc,heap      ] GC(451) DefNew: 140204K->427K(157248K)
[8.678s][info][gc,heap      ] GC(451) Tenured: 14813K->14842K(349568K)
[8.678s][info][gc,metaspace ] GC(451) Metaspace: 13344K->13344K(1060864K)
[8.678s][info][gc           ] GC(451) Pause Young (Allocation Failure) 151M->14M(494M) 0.355ms
[8.678s][info][gc,cpu       ] GC(451) User=0.00s Sys=0.00s Real=0.00s
[8.694s][info][gc,start     ] GC(452) Pause Young (Allocation Failure)
[8.694s][info][gc,heap      ] GC(452) DefNew: 140203K->426K(157248K)
[8.694s][info][gc,heap      ] GC(452) Tenured: 14842K->14871K(349568K)
[8.694s][info][gc,metaspace ] GC(452) Metaspace: 13344K->13344K(1060864K)
[8.694s][info][gc           ] GC(452) Pause Young (Allocation Failure) 151M->14M(494M) 0.379ms
[8.694s][info][gc,cpu       ] GC(452) User=0.00s Sys=0.00s Real=0.00s
[8.711s][info][gc,start     ] GC(453) Pause Young (Allocation Failure)
[8.711s][info][gc,heap      ] GC(453) DefNew: 140202K->424K(157248K)
[8.711s][info][gc,heap      ] GC(453) Tenured: 14871K->14901K(349568K)
[8.711s][info][gc,metaspace ] GC(453) Metaspace: 13344K->13344K(1060864K)
[8.711s][info][gc           ] GC(453) Pause Young (Allocation Failure) 151M->14M(494M) 0.755ms
[8.711s][info][gc,cpu       ] GC(453) User=0.00s Sys=0.00s Real=0.00s
[8.726s][info][gc,start     ] GC(454) Pause Young (Allocation Failure)
[8.726s][info][gc,heap      ] GC(454) DefNew: 140200K->421K(157248K)
[8.726s][info][gc,heap      ] GC(454) Tenured: 14901K->14930K(349568K)
[8.726s][info][gc,metaspace ] GC(454) Metaspace: 13344K->13344K(1060864K)
[8.726s][info][gc           ] GC(454) Pause Young (Allocation Failure) 151M->14M(494M) 0.391ms
[8.726s][info][gc,cpu       ] GC(454) User=0.00s Sys=0.00s Real=0.00s
[8.742s][info][gc,start     ] GC(455) Pause Young (Allocation Failure)
[8.742s][info][gc,heap      ] GC(455) DefNew: 140197K->420K(157248K)
[8.742s][info][gc,heap      ] GC(455) Tenured: 14930K->14959K(349568K)
[8.742s][info][gc,metaspace ] GC(455) Metaspace: 13344K->13344K(1060864K)
[8.742s][info][gc           ] GC(455) Pause Young (Allocation Failure) 151M->15M(494M) 0.380ms
[8.742s][info][gc,cpu       ] GC(455) User=0.00s Sys=0.00s Real=0.00s
[8.759s][info][gc,start     ] GC(456) Pause Young (Allocation Failure)
[8.760s][info][gc,heap      ] GC(456) DefNew: 140196K->429K(157248K)
[8.760s][info][gc,heap      ] GC(456) Tenured: 14959K->14979K(349568K)
[8.760s][info][gc,metaspace ] GC(456) Metaspace: 13344K->13344K(1060864K)
[8.760s][info][gc           ] GC(456) Pause Young (Allocation Failure) 151M->15M(494M) 0.391ms
[8.760s][info][gc,cpu       ] GC(456) User=0.00s Sys=0.00s Real=0.00s
[8.776s][info][gc,start     ] GC(457) Pause Young (Allocation Failure)
[8.776s][info][gc,heap      ] GC(457) DefNew: 140205K->428K(157248K)
[8.776s][info][gc,heap      ] GC(457) Tenured: 14979K->15008K(349568K)
[8.776s][info][gc,metaspace ] GC(457) Metaspace: 13344K->13344K(1060864K)
[8.776s][info][gc           ] GC(457) Pause Young (Allocation Failure) 151M->15M(494M) 0.382ms
[8.776s][info][gc,cpu       ] GC(457) User=0.00s Sys=0.00s Real=0.00s
[8.792s][info][gc,start     ] GC(458) Pause Young (Allocation Failure)
[8.792s][info][gc,heap      ] GC(458) DefNew: 140204K->427K(157248K)
[8.792s][info][gc,heap      ] GC(458) Tenured: 15008K->15038K(349568K)
[8.792s][info][gc,metaspace ] GC(458) Metaspace: 13344K->13344K(1060864K)
[8.792s][info][gc           ] GC(458) Pause Young (Allocation Failure) 151M->15M(494M) 0.513ms
[8.792s][info][gc,cpu       ] GC(458) User=0.00s Sys=0.00s Real=0.00s
[8.808s][info][gc,start     ] GC(459) Pause Young (Allocation Failure)
[8.808s][info][gc,heap      ] GC(459) DefNew: 140203K->425K(157248K)
[8.808s][info][gc,heap      ] GC(459) Tenured: 15038K->15067K(349568K)
[8.808s][info][gc,metaspace ] GC(459) Metaspace: 13344K->13344K(1060864K)
[8.808s][info][gc           ] GC(459) Pause Young (Allocation Failure) 151M->15M(494M) 0.552ms
[8.808s][info][gc,cpu       ] GC(459) User=0.00s Sys=0.00s Real=0.00s
[8.823s][info][gc,start     ] GC(460) Pause Young (Allocation Failure)
[8.824s][info][gc,heap      ] GC(460) DefNew: 140201K->422K(157248K)
[8.824s][info][gc,heap      ] GC(460) Tenured: 15067K->15096K(349568K)
[8.824s][info][gc,metaspace ] GC(460) Metaspace: 13344K->13344K(1060864K)
[8.824s][info][gc           ] GC(460) Pause Young (Allocation Failure) 151M->15M(494M) 0.429ms
[8.824s][info][gc,cpu       ] GC(460) User=0.00s Sys=0.00s Real=0.00s
[8.837s][info][gc,start     ] GC(461) Pause Young (Allocation Failure)
[8.838s][info][gc,heap      ] GC(461) DefNew: 140198K->419K(157248K)
[8.838s][info][gc,heap      ] GC(461) Tenured: 15096K->15127K(349568K)
[8.838s][info][gc,metaspace ] GC(461) Metaspace: 13344K->13344K(1060864K)
[8.838s][info][gc           ] GC(461) Pause Young (Allocation Failure) 151M->15M(494M) 0.358ms
[8.838s][info][gc,cpu       ] GC(461) User=0.00s Sys=0.00s Real=0.00s
[8.853s][info][gc,start     ] GC(462) Pause Young (Allocation Failure)
[8.853s][info][gc,heap      ] GC(462) DefNew: 140195K->428K(157248K)
[8.853s][info][gc,heap      ] GC(462) Tenured: 15127K->15146K(349568K)
[8.853s][info][gc,metaspace ] GC(462) Metaspace: 13344K->13344K(1060864K)
[8.853s][info][gc           ] GC(462) Pause Young (Allocation Failure) 151M->15M(494M) 0.336ms
[8.853s][info][gc,cpu       ] GC(462) User=0.00s Sys=0.00s Real=0.00s
[8.869s][info][gc,start     ] GC(463) Pause Young (Allocation Failure)
[8.869s][info][gc,heap      ] GC(463) DefNew: 140204K->427K(157248K)
[8.869s][info][gc,heap      ] GC(463) Tenured: 15146K->15176K(349568K)
[8.869s][info][gc,metaspace ] GC(463) Metaspace: 13344K->13344K(1060864K)
[8.869s][info][gc           ] GC(463) Pause Young (Allocation Failure) 151M->15M(494M) 0.386ms
[8.869s][info][gc,cpu       ] GC(463) User=0.00s Sys=0.00s Real=0.00s
[8.884s][info][gc,start     ] GC(464) Pause Young (Allocation Failure)
[8.884s][info][gc,heap      ] GC(464) DefNew: 140203K->426K(157248K)
[8.884s][info][gc,heap      ] GC(464) Tenured: 15176K->15205K(349568K)
[8.884s][info][gc,metaspace ] GC(464) Metaspace: 13344K->13344K(1060864K)
[8.884s][info][gc           ] GC(464) Pause Young (Allocation Failure) 151M->15M(494M) 0.388ms
[8.885s][info][gc,cpu       ] GC(464) User=0.00s Sys=0.00s Real=0.00s
[8.900s][info][gc,start     ] GC(465) Pause Young (Allocation Failure)
[8.901s][info][gc,heap      ] GC(465) DefNew: 140202K->425K(157248K)
[8.901s][info][gc,heap      ] GC(465) Tenured: 15205K->15234K(349568K)
[8.901s][info][gc,metaspace ] GC(465) Metaspace: 13344K->13344K(1060864K)
[8.901s][info][gc           ] GC(465) Pause Young (Allocation Failure) 151M->15M(494M) 0.403ms
[8.901s][info][gc,cpu       ] GC(465) User=0.00s Sys=0.00s Real=0.00s
[8.917s][info][gc,start     ] GC(466) Pause Young (Allocation Failure)
[8.917s][info][gc,heap      ] GC(466) DefNew: 140201K->423K(157248K)
[8.917s][info][gc,heap      ] GC(466) Tenured: 15234K->15264K(349568K)
[8.917s][info][gc,metaspace ] GC(466) Metaspace: 13344K->13344K(1060864K)
[8.917s][info][gc           ] GC(466) Pause Young (Allocation Failure) 151M->15M(494M) 0.456ms
[8.917s][info][gc,cpu       ] GC(466) User=0.00s Sys=0.00s Real=0.00s
[8.935s][info][gc,start     ] GC(467) Pause Young (Allocation Failure)
[8.936s][info][gc,heap      ] GC(467) DefNew: 140199K->420K(157248K)
[8.936s][info][gc,heap      ] GC(467) Tenured: 15264K->15293K(349568K)
[8.936s][info][gc,metaspace ] GC(467) Metaspace: 13344K->13344K(1060864K)
[8.936s][info][gc           ] GC(467) Pause Young (Allocation Failure) 151M->15M(494M) 0.436ms
[8.936s][info][gc,cpu       ] GC(467) User=0.00s Sys=0.00s Real=0.00s
[8.956s][info][gc,start     ] GC(468) Pause Young (Allocation Failure)
[8.956s][info][gc,heap      ] GC(468) DefNew: 140196K->419K(157248K)
[8.956s][info][gc,heap      ] GC(468) Tenured: 15293K->15322K(349568K)
[8.956s][info][gc,metaspace ] GC(468) Metaspace: 13344K->13344K(1060864K)
[8.956s][info][gc           ] GC(468) Pause Young (Allocation Failure) 151M->15M(494M) 0.424ms
[8.956s][info][gc,cpu       ] GC(468) User=0.00s Sys=0.00s Real=0.00s
[8.973s][info][gc,start     ] GC(469) Pause Young (Allocation Failure)
[8.974s][info][gc,heap      ] GC(469) DefNew: 140195K->428K(157248K)
[8.974s][info][gc,heap      ] GC(469) Tenured: 15322K->15342K(349568K)
[8.974s][info][gc,metaspace ] GC(469) Metaspace: 13344K->13344K(1060864K)
[8.974s][info][gc           ] GC(469) Pause Young (Allocation Failure) 151M->15M(494M) 0.363ms
[8.974s][info][gc,cpu       ] GC(469) User=0.00s Sys=0.00s Real=0.00s
[8.990s][info][gc,start     ] GC(470) Pause Young (Allocation Failure)
[8.991s][info][gc,heap      ] GC(470) DefNew: 140204K->427K(157248K)
[8.991s][info][gc,heap      ] GC(470) Tenured: 15342K->15371K(349568K)
[8.991s][info][gc,metaspace ] GC(470) Metaspace: 13344K->13344K(1060864K)
[8.991s][info][gc           ] GC(470) Pause Young (Allocation Failure) 151M->15M(494M) 0.409ms
[8.991s][info][gc,cpu       ] GC(470) User=0.00s Sys=0.00s Real=0.00s
[9.008s][info][gc,start     ] GC(471) Pause Young (Allocation Failure)
[9.008s][info][gc,heap      ] GC(471) DefNew: 140203K->426K(157248K)
[9.008s][info][gc,heap      ] GC(471) Tenured: 15371K->15401K(349568K)
[9.008s][info][gc,metaspace ] GC(471) Metaspace: 13344K->13344K(1060864K)
[9.008s][info][gc           ] GC(471) Pause Young (Allocation Failure) 151M->15M(494M) 0.421ms
[9.008s][info][gc,cpu       ] GC(471) User=0.00s Sys=0.00s Real=0.00s
[9.025s][info][gc,start     ] GC(472) Pause Young (Allocation Failure)
[9.025s][info][gc,heap      ] GC(472) DefNew: 140202K->424K(157248K)
[9.025s][info][gc,heap      ] GC(472) Tenured: 15401K->15430K(349568K)
[9.025s][info][gc,metaspace ] GC(472) Metaspace: 13344K->13344K(1060864K)
[9.025s][info][gc           ] GC(472) Pause Young (Allocation Failure) 151M->15M(494M) 0.402ms
[9.025s][info][gc,cpu       ] GC(472) User=0.00s Sys=0.00s Real=0.00s
[9.041s][info][gc,start     ] GC(473) Pause Young (Allocation Failure)
[9.042s][info][gc,heap      ] GC(473) DefNew: 140200K->422K(157248K)
[9.042s][info][gc,heap      ] GC(473) Tenured: 15430K->15459K(349568K)
[9.042s][info][gc,metaspace ] GC(473) Metaspace: 13344K->13344K(1060864K)
[9.042s][info][gc           ] GC(473) Pause Young (Allocation Failure) 151M->15M(494M) 0.459ms
[9.042s][info][gc,cpu       ] GC(473) User=0.00s Sys=0.00s Real=0.00s
[9.058s][info][gc,start     ] GC(474) Pause Young (Allocation Failure)
[9.059s][info][gc,heap      ] GC(474) DefNew: 140198K->419K(157248K)
[9.059s][info][gc,heap      ] GC(474) Tenured: 15459K->15489K(349568K)
[9.059s][info][gc,metaspace ] GC(474) Metaspace: 13344K->13344K(1060864K)
[9.059s][info][gc           ] GC(474) Pause Young (Allocation Failure) 152M->15M(494M) 0.399ms
[9.059s][info][gc,cpu       ] GC(474) User=0.00s Sys=0.00s Real=0.01s
[9.077s][info][gc,start     ] GC(475) Pause Young (Allocation Failure)
[9.077s][info][gc,heap      ] GC(475) DefNew: 140195K->419K(157248K)
[9.077s][info][gc,heap      ] GC(475) Tenured: 15489K->15518K(349568K)
[9.077s][info][gc,metaspace ] GC(475) Metaspace: 13344K->13344K(1060864K)
[9.077s][info][gc           ] GC(475) Pause Young (Allocation Failure) 152M->15M(494M) 0.371ms
[9.077s][info][gc,cpu       ] GC(475) User=0.00s Sys=0.00s Real=0.00s
[9.097s][info][gc,start     ] GC(476) Pause Young (Allocation Failure)
[9.097s][info][gc,heap      ] GC(476) DefNew: 140195K->427K(157248K)
[9.097s][info][gc,heap      ] GC(476) Tenured: 15518K->15538K(349568K)
[9.097s][info][gc,metaspace ] GC(476) Metaspace: 13344K->13344K(1060864K)
[9.097s][info][gc           ] GC(476) Pause Young (Allocation Failure) 152M->15M(494M) 0.469ms
[9.097s][info][gc,cpu       ] GC(476) User=0.00s Sys=0.00s Real=0.00s
[9.116s][info][gc,start     ] GC(477) Pause Young (Allocation Failure)
[9.116s][info][gc,heap      ] GC(477) DefNew: 140203K->426K(157248K)
[9.116s][info][gc,heap      ] GC(477) Tenured: 15538K->15567K(349568K)
[9.116s][info][gc,metaspace ] GC(477) Metaspace: 13344K->13344K(1060864K)
[9.116s][info][gc           ] GC(477) Pause Young (Allocation Failure) 152M->15M(494M) 0.451ms
[9.116s][info][gc,cpu       ] GC(477) User=0.00s Sys=0.00s Real=0.00s
[9.133s][info][gc,start     ] GC(478) Pause Young (Allocation Failure)
[9.133s][info][gc,heap      ] GC(478) DefNew: 140202K->425K(157248K)
[9.133s][info][gc,heap      ] GC(478) Tenured: 15567K->15596K(349568K)
[9.134s][info][gc,metaspace ] GC(478) Metaspace: 13344K->13344K(1060864K)
[9.134s][info][gc           ] GC(478) Pause Young (Allocation Failure) 152M->15M(494M) 0.458ms
[9.134s][info][gc,cpu       ] GC(478) User=0.00s Sys=0.00s Real=0.00s
[9.152s][info][gc,start     ] GC(479) Pause Young (Allocation Failure)
[9.152s][info][gc,heap      ] GC(479) DefNew: 140201K->423K(157248K)
[9.152s][info][gc,heap      ] GC(479) Tenured: 15596K->15626K(349568K)
[9.152s][info][gc,metaspace ] GC(479) Metaspace: 13344K->13344K(1060864K)
[9.152s][info][gc           ] GC(479) Pause Young (Allocation Failure) 152M->15M(494M) 0.390ms
[9.152s][info][gc,cpu       ] GC(479) User=0.00s Sys=0.00s Real=0.00s
[9.167s][info][gc,start     ] GC(480) Pause Young (Allocation Failure)
[9.167s][info][gc,heap      ] GC(480) DefNew: 140199K->420K(157248K)
[9.167s][info][gc,heap      ] GC(480) Tenured: 15626K->15655K(349568K)
[9.167s][info][gc,metaspace ] GC(480) Metaspace: 13344K->13344K(1060864K)
[9.167s][info][gc           ] GC(480) Pause Young (Allocation Failure) 152M->15M(494M) 0.372ms
[9.167s][info][gc,cpu       ] GC(480) User=0.00s Sys=0.00s Real=0.00s
[9.184s][info][gc,start     ] GC(481) Pause Young (Allocation Failure)
[9.185s][info][gc,heap      ] GC(481) DefNew: 140196K->419K(157248K)
[9.185s][info][gc,heap      ] GC(481) Tenured: 15655K->15684K(349568K)
[9.185s][info][gc,metaspace ] GC(481) Metaspace: 13344K->13344K(1060864K)
[9.185s][info][gc           ] GC(481) Pause Young (Allocation Failure) 152M->15M(494M) 0.689ms
[9.185s][info][gc,cpu       ] GC(481) User=0.00s Sys=0.00s Real=0.00s
[9.202s][info][gc,start     ] GC(482) Pause Young (Allocation Failure)
[9.202s][info][gc,heap      ] GC(482) DefNew: 140195K->428K(157248K)
[9.202s][info][gc,heap      ] GC(482) Tenured: 15684K->15704K(349568K)
[9.202s][info][gc,metaspace ] GC(482) Metaspace: 13344K->13344K(1060864K)
[9.202s][info][gc           ] GC(482) Pause Young (Allocation Failure) 152M->15M(494M) 0.401ms
[9.202s][info][gc,cpu       ] GC(482) User=0.00s Sys=0.00s Real=0.00s
[9.219s][info][gc,start     ] GC(483) Pause Young (Allocation Failure)
[9.220s][info][gc,heap      ] GC(483) DefNew: 140204K->427K(157248K)
[9.220s][info][gc,heap      ] GC(483) Tenured: 15704K->15733K(349568K)
[9.220s][info][gc,metaspace ] GC(483) Metaspace: 13344K->13344K(1060864K)
[9.220s][info][gc           ] GC(483) Pause Young (Allocation Failure) 152M->15M(494M) 0.433ms
[9.220s][info][gc,cpu       ] GC(483) User=0.01s Sys=0.00s Real=0.00s
[9.239s][info][gc,start     ] GC(484) Pause Young (Allocation Failure)
[9.239s][info][gc,heap      ] GC(484) DefNew: 140203K->426K(157248K)
[9.239s][info][gc,heap      ] GC(484) Tenured: 15733K->15762K(349568K)
[9.239s][info][gc,metaspace ] GC(484) Metaspace: 13344K->13344K(1060864K)
[9.239s][info][gc           ] GC(484) Pause Young (Allocation Failure) 152M->15M(494M) 0.452ms
[9.239s][info][gc,cpu       ] GC(484) User=0.00s Sys=0.00s Real=0.00s
[9.255s][info][gc,start     ] GC(485) Pause Young (Allocation Failure)
[9.255s][info][gc,heap      ] GC(485) DefNew: 140202K->425K(157248K)
[9.255s][info][gc,heap      ] GC(485) Tenured: 15762K->15792K(349568K)
[9.255s][info][gc,metaspace ] GC(485) Metaspace: 13344K->13344K(1060864K)
[9.255s][info][gc           ] GC(485) Pause Young (Allocation Failure) 152M->15M(494M) 0.410ms
[9.255s][info][gc,cpu       ] GC(485) User=0.00s Sys=0.00s Real=0.00s
[9.272s][info][gc,start     ] GC(486) Pause Young (Allocation Failure)
[9.273s][info][gc,heap      ] GC(486) DefNew: 140201K->422K(157248K)
[9.273s][info][gc,heap      ] GC(486) Tenured: 15792K->15821K(349568K)
[9.273s][info][gc,metaspace ] GC(486) Metaspace: 13344K->13344K(1060864K)
[9.273s][info][gc           ] GC(486) Pause Young (Allocation Failure) 152M->15M(494M) 0.530ms
[9.273s][info][gc,cpu       ] GC(486) User=0.00s Sys=0.00s Real=0.00s
[9.289s][info][gc,start     ] GC(487) Pause Young (Allocation Failure)
[9.290s][info][gc,heap      ] GC(487) DefNew: 140198K->420K(157248K)
[9.290s][info][gc,heap      ] GC(487) Tenured: 15821K->15851K(349568K)
[9.290s][info][gc,metaspace ] GC(487) Metaspace: 13344K->13344K(1060864K)
[9.290s][info][gc           ] GC(487) Pause Young (Allocation Failure) 152M->15M(494M) 0.428ms
[9.290s][info][gc,cpu       ] GC(487) User=0.00s Sys=0.00s Real=0.00s
[9.309s][info][gc,start     ] GC(488) Pause Young (Allocation Failure)
[9.309s][info][gc,heap      ] GC(488) DefNew: 140196K->419K(157248K)
[9.309s][info][gc,heap      ] GC(488) Tenured: 15851K->15880K(349568K)
[9.309s][info][gc,metaspace ] GC(488) Metaspace: 13344K->13344K(1060864K)
[9.309s][info][gc           ] GC(488) Pause Young (Allocation Failure) 152M->15M(494M) 0.521ms
[9.309s][info][gc,cpu       ] GC(488) User=0.01s Sys=0.00s Real=0.01s
[9.327s][info][gc,start     ] GC(489) Pause Young (Allocation Failure)
[9.327s][info][gc,heap      ] GC(489) DefNew: 140195K->428K(157248K)
[9.327s][info][gc,heap      ] GC(489) Tenured: 15880K->15899K(349568K)
[9.327s][info][gc,metaspace ] GC(489) Metaspace: 13344K->13344K(1060864K)
[9.327s][info][gc           ] GC(489) Pause Young (Allocation Failure) 152M->15M(494M) 0.405ms
[9.327s][info][gc,cpu       ] GC(489) User=0.00s Sys=0.00s Real=0.00s
[9.345s][info][gc,start     ] GC(490) Pause Young (Allocation Failure)
[9.346s][info][gc,heap      ] GC(490) DefNew: 140204K->427K(157248K)
[9.346s][info][gc,heap      ] GC(490) Tenured: 15899K->15929K(349568K)
[9.346s][info][gc,metaspace ] GC(490) Metaspace: 13344K->13344K(1060864K)
[9.346s][info][gc           ] GC(490) Pause Young (Allocation Failure) 152M->15M(494M) 0.459ms
[9.346s][info][gc,cpu       ] GC(490) User=0.00s Sys=0.00s Real=0.00s
[9.365s][info][gc,start     ] GC(491) Pause Young (Allocation Failure)
[9.366s][info][gc,heap      ] GC(491) DefNew: 140203K->425K(157248K)
[9.366s][info][gc,heap      ] GC(491) Tenured: 15929K->15958K(349568K)
[9.366s][info][gc,metaspace ] GC(491) Metaspace: 13344K->13344K(1060864K)
[9.366s][info][gc           ] GC(491) Pause Young (Allocation Failure) 152M->16M(494M) 0.626ms
[9.366s][info][gc,cpu       ] GC(491) User=0.00s Sys=0.00s Real=0.00s
[9.385s][info][gc,start     ] GC(492) Pause Young (Allocation Failure)
[9.385s][info][gc,heap      ] GC(492) DefNew: 140201K->424K(157248K)
[9.385s][info][gc,heap      ] GC(492) Tenured: 15958K->15987K(349568K)
[9.385s][info][gc,metaspace ] GC(492) Metaspace: 13344K->13344K(1060864K)
[9.385s][info][gc           ] GC(492) Pause Young (Allocation Failure) 152M->16M(494M) 0.402ms
[9.385s][info][gc,cpu       ] GC(492) User=0.00s Sys=0.00s Real=0.00s
[9.400s][info][gc,start     ] GC(493) Pause Young (Allocation Failure)
[9.400s][info][gc,heap      ] GC(493) DefNew: 140200K->420K(157248K)
[9.400s][info][gc,heap      ] GC(493) Tenured: 15987K->16017K(349568K)
[9.400s][info][gc,metaspace ] GC(493) Metaspace: 13344K->13344K(1060864K)
[9.400s][info][gc           ] GC(493) Pause Young (Allocation Failure) 152M->16M(494M) 0.404ms
[9.400s][info][gc,cpu       ] GC(493) User=0.00s Sys=0.00s Real=0.00s
[9.417s][info][gc,start     ] GC(494) Pause Young (Allocation Failure)
[9.417s][info][gc,heap      ] GC(494) DefNew: 140196K->419K(157248K)
[9.417s][info][gc,heap      ] GC(494) Tenured: 16017K->16046K(349568K)
[9.417s][info][gc,metaspace ] GC(494) Metaspace: 13344K->13344K(1060864K)
[9.417s][info][gc           ] GC(494) Pause Young (Allocation Failure) 152M->16M(494M) 0.370ms
[9.417s][info][gc,cpu       ] GC(494) User=0.00s Sys=0.00s Real=0.00s
[9.434s][info][gc,start     ] GC(495) Pause Young (Allocation Failure)
[9.434s][info][gc,heap      ] GC(495) DefNew: 140195K->428K(157248K)
[9.434s][info][gc,heap      ] GC(495) Tenured: 16046K->16066K(349568K)
[9.434s][info][gc,metaspace ] GC(495) Metaspace: 13344K->13344K(1060864K)
[9.434s][info][gc           ] GC(495) Pause Young (Allocation Failure) 152M->16M(494M) 0.391ms
[9.434s][info][gc,cpu       ] GC(495) User=0.00s Sys=0.00s Real=0.00s
[9.450s][info][gc,start     ] GC(496) Pause Young (Allocation Failure)
[9.450s][info][gc,heap      ] GC(496) DefNew: 140204K->427K(157248K)
[9.450s][info][gc,heap      ] GC(496) Tenured: 16066K->16095K(349568K)
[9.450s][info][gc,metaspace ] GC(496) Metaspace: 13344K->13344K(1060864K)
[9.450s][info][gc           ] GC(496) Pause Young (Allocation Failure) 152M->16M(494M) 0.435ms
[9.450s][info][gc,cpu       ] GC(496) User=0.00s Sys=0.00s Real=0.00s
[9.468s][info][gc,start     ] GC(497) Pause Young (Allocation Failure)
[9.468s][info][gc,heap      ] GC(497) DefNew: 140203K->426K(157248K)
[9.468s][info][gc,heap      ] GC(497) Tenured: 16095K->16124K(349568K)
[9.468s][info][gc,metaspace ] GC(497) Metaspace: 13344K->13344K(1060864K)
[9.468s][info][gc           ] GC(497) Pause Young (Allocation Failure) 152M->16M(494M) 0.414ms
[9.468s][info][gc,cpu       ] GC(497) User=0.00s Sys=0.00s Real=0.00s
[9.487s][info][gc,start     ] GC(498) Pause Young (Allocation Failure)
[9.487s][info][gc,heap      ] GC(498) DefNew: 140202K->425K(157248K)
[9.487s][info][gc,heap      ] GC(498) Tenured: 16124K->16154K(349568K)
[9.487s][info][gc,metaspace ] GC(498) Metaspace: 13344K->13344K(1060864K)
[9.488s][info][gc           ] GC(498) Pause Young (Allocation Failure) 152M->16M(494M) 0.443ms
[9.488s][info][gc,cpu       ] GC(498) User=0.00s Sys=0.00s Real=0.00s
[9.506s][info][gc,start     ] GC(499) Pause Young (Allocation Failure)
[9.506s][info][gc,heap      ] GC(499) DefNew: 140201K->423K(157248K)
[9.506s][info][gc,heap      ] GC(499) Tenured: 16154K->16183K(349568K)
[9.506s][info][gc,metaspace ] GC(499) Metaspace: 13344K->13344K(1060864K)
[9.506s][info][gc           ] GC(499) Pause Young (Allocation Failure) 152M->16M(494M) 0.432ms
[9.506s][info][gc,cpu       ] GC(499) User=0.00s Sys=0.00s Real=0.00s
[9.522s][info][gc,start     ] GC(500) Pause Young (Allocation Failure)
[9.522s][info][gc,heap      ] GC(500) DefNew: 140199K->420K(157248K)
[9.522s][info][gc,heap      ] GC(500) Tenured: 16183K->16212K(349568K)
[9.522s][info][gc,metaspace ] GC(500) Metaspace: 13344K->13344K(1060864K)
[9.522s][info][gc           ] GC(500) Pause Young (Allocation Failure) 152M->16M(494M) 0.383ms
[9.523s][info][gc,cpu       ] GC(500) User=0.00s Sys=0.00s Real=0.00s
[9.542s][info][gc,start     ] GC(501) Pause Young (Allocation Failure)
[9.542s][info][gc,heap      ] GC(501) DefNew: 140196K->419K(157248K)
[9.542s][info][gc,heap      ] GC(501) Tenured: 16212K->16242K(349568K)
[9.542s][info][gc,metaspace ] GC(501) Metaspace: 13344K->13344K(1060864K)
[9.542s][info][gc           ] GC(501) Pause Young (Allocation Failure) 152M->16M(494M) 0.417ms
[9.542s][info][gc,cpu       ] GC(501) User=0.00s Sys=0.00s Real=0.00s
[9.559s][info][gc,start     ] GC(502) Pause Young (Allocation Failure)
[9.559s][info][gc,heap      ] GC(502) DefNew: 140195K->433K(157248K)
[9.559s][info][gc,heap      ] GC(502) Tenured: 16242K->16261K(349568K)
[9.559s][info][gc,metaspace ] GC(502) Metaspace: 13346K->13346K(1060864K)
[9.559s][info][gc           ] GC(502) Pause Young (Allocation Failure) 152M->16M(494M) 0.398ms
[9.559s][info][gc,cpu       ] GC(502) User=0.01s Sys=0.00s Real=0.00s
[9.588s][info][gc,start     ] GC(503) Pause Young (Allocation Failure)
[9.589s][info][gc,heap      ] GC(503) DefNew: 140209K->427K(157248K)
[9.589s][info][gc,heap      ] GC(503) Tenured: 16261K->16291K(349568K)
[9.589s][info][gc,metaspace ] GC(503) Metaspace: 13353K->13353K(1060864K)
[9.589s][info][gc           ] GC(503) Pause Young (Allocation Failure) 152M->16M(494M) 0.863ms
[9.589s][info][gc,cpu       ] GC(503) User=0.00s Sys=0.00s Real=0.00s
[9.627s][info][gc,start     ] GC(504) Pause Young (Allocation Failure)
[9.627s][info][gc,heap      ] GC(504) DefNew: 140203K->426K(157248K)
[9.627s][info][gc,heap      ] GC(504) Tenured: 16291K->16320K(349568K)
[9.627s][info][gc,metaspace ] GC(504) Metaspace: 13353K->13353K(1060864K)
[9.627s][info][gc           ] GC(504) Pause Young (Allocation Failure) 152M->16M(494M) 0.706ms
[9.627s][info][gc,cpu       ] GC(504) User=0.00s Sys=0.00s Real=0.00s
[9.648s][info][gc,start     ] GC(505) Pause Young (Allocation Failure)
[9.648s][info][gc,heap      ] GC(505) DefNew: 140202K->424K(157248K)
[9.648s][info][gc,heap      ] GC(505) Tenured: 16320K->16349K(349568K)
[9.648s][info][gc,metaspace ] GC(505) Metaspace: 13353K->13353K(1060864K)
[9.648s][info][gc           ] GC(505) Pause Young (Allocation Failure) 152M->16M(494M) 0.528ms
[9.648s][info][gc,cpu       ] GC(505) User=0.00s Sys=0.00s Real=0.00s
[9.665s][info][gc,start     ] GC(506) Pause Young (Allocation Failure)
[9.666s][info][gc,heap      ] GC(506) DefNew: 140200K->421K(157248K)
[9.666s][info][gc,heap      ] GC(506) Tenured: 16349K->16379K(349568K)
[9.666s][info][gc,metaspace ] GC(506) Metaspace: 13353K->13353K(1060864K)
[9.666s][info][gc           ] GC(506) Pause Young (Allocation Failure) 152M->16M(494M) 0.459ms
[9.666s][info][gc,cpu       ] GC(506) User=0.00s Sys=0.00s Real=0.00s
[9.686s][info][gc,start     ] GC(507) Pause Young (Allocation Failure)
[9.686s][info][gc,heap      ] GC(507) DefNew: 140197K->420K(157248K)
[9.686s][info][gc,heap      ] GC(507) Tenured: 16379K->16408K(349568K)
[9.686s][info][gc,metaspace ] GC(507) Metaspace: 13353K->13353K(1060864K)
[9.686s][info][gc           ] GC(507) Pause Young (Allocation Failure) 152M->16M(494M) 0.455ms
[9.686s][info][gc,cpu       ] GC(507) User=0.01s Sys=0.00s Real=0.00s
[9.706s][info][gc,start     ] GC(508) Pause Young (Allocation Failure)
[9.706s][info][gc,heap      ] GC(508) DefNew: 140196K->429K(157248K)
[9.706s][info][gc,heap      ] GC(508) Tenured: 16408K->16428K(349568K)
[9.706s][info][gc,metaspace ] GC(508) Metaspace: 13353K->13353K(1060864K)
[9.706s][info][gc           ] GC(508) Pause Young (Allocation Failure) 152M->16M(494M) 0.446ms
[9.706s][info][gc,cpu       ] GC(508) User=0.00s Sys=0.00s Real=0.00s
[9.724s][info][gc,start     ] GC(509) Pause Young (Allocation Failure)
[9.725s][info][gc,heap      ] GC(509) DefNew: 140205K->428K(157248K)
[9.725s][info][gc,heap      ] GC(509) Tenured: 16428K->16457K(349568K)
[9.725s][info][gc,metaspace ] GC(509) Metaspace: 13353K->13353K(1060864K)
[9.725s][info][gc           ] GC(509) Pause Young (Allocation Failure) 152M->16M(494M) 0.455ms
[9.725s][info][gc,cpu       ] GC(509) User=0.01s Sys=0.00s Real=0.00s
[9.743s][info][gc,start     ] GC(510) Pause Young (Allocation Failure)
[9.743s][info][gc,heap      ] GC(510) DefNew: 140204K->427K(157248K)
[9.743s][info][gc,heap      ] GC(510) Tenured: 16457K->16486K(349568K)
[9.743s][info][gc,metaspace ] GC(510) Metaspace: 13353K->13353K(1060864K)
[9.743s][info][gc           ] GC(510) Pause Young (Allocation Failure) 152M->16M(494M) 0.480ms
[9.743s][info][gc,cpu       ] GC(510) User=0.00s Sys=0.00s Real=0.00s
[9.763s][info][gc,start     ] GC(511) Pause Young (Allocation Failure)
[9.764s][info][gc,heap      ] GC(511) DefNew: 140203K->426K(157248K)
[9.764s][info][gc,heap      ] GC(511) Tenured: 16486K->16516K(349568K)
[9.764s][info][gc,metaspace ] GC(511) Metaspace: 13353K->13353K(1060864K)
[9.764s][info][gc           ] GC(511) Pause Young (Allocation Failure) 153M->16M(494M) 0.473ms
[9.764s][info][gc,cpu       ] GC(511) User=0.00s Sys=0.00s Real=0.00s
[9.782s][info][gc,start     ] GC(512) Pause Young (Allocation Failure)
[9.782s][info][gc,heap      ] GC(512) DefNew: 140202K->423K(157248K)
[9.782s][info][gc,heap      ] GC(512) Tenured: 16516K->16545K(349568K)
[9.782s][info][gc,metaspace ] GC(512) Metaspace: 13353K->13353K(1060864K)
[9.782s][info][gc           ] GC(512) Pause Young (Allocation Failure) 153M->16M(494M) 0.543ms
[9.782s][info][gc,cpu       ] GC(512) User=0.00s Sys=0.00s Real=0.00s
[9.797s][info][gc,start     ] GC(513) Pause Young (Allocation Failure)
[9.797s][info][gc,heap      ] GC(513) DefNew: 140199K->421K(157248K)
[9.797s][info][gc,heap      ] GC(513) Tenured: 16545K->16574K(349568K)
[9.797s][info][gc,metaspace ] GC(513) Metaspace: 13353K->13353K(1060864K)
[9.797s][info][gc           ] GC(513) Pause Young (Allocation Failure) 153M->16M(494M) 0.586ms
[9.797s][info][gc,cpu       ] GC(513) User=0.00s Sys=0.00s Real=0.00s
[9.814s][info][gc,start     ] GC(514) Pause Young (Allocation Failure)
[9.814s][info][gc,heap      ] GC(514) DefNew: 140197K->420K(157248K)
[9.814s][info][gc,heap      ] GC(514) Tenured: 16574K->16604K(349568K)
[9.814s][info][gc,metaspace ] GC(514) Metaspace: 13353K->13353K(1060864K)
[9.814s][info][gc           ] GC(514) Pause Young (Allocation Failure) 153M->16M(494M) 0.471ms
[9.814s][info][gc,cpu       ] GC(514) User=0.00s Sys=0.01s Real=0.00s
[9.831s][info][gc,start     ] GC(515) Pause Young (Allocation Failure)
[9.832s][info][gc,heap      ] GC(515) DefNew: 140196K->429K(157248K)
[9.832s][info][gc,heap      ] GC(515) Tenured: 16604K->16623K(349568K)
[9.832s][info][gc,metaspace ] GC(515) Metaspace: 13353K->13353K(1060864K)
[9.832s][info][gc           ] GC(515) Pause Young (Allocation Failure) 153M->16M(494M) 0.602ms
[9.832s][info][gc,cpu       ] GC(515) User=0.00s Sys=0.00s Real=0.00s
[9.849s][info][gc,start     ] GC(516) Pause Young (Allocation Failure)
[9.849s][info][gc,heap      ] GC(516) DefNew: 140205K->428K(157248K)
[9.849s][info][gc,heap      ] GC(516) Tenured: 16623K->16653K(349568K)
[9.849s][info][gc,metaspace ] GC(516) Metaspace: 13353K->13353K(1060864K)
[9.849s][info][gc           ] GC(516) Pause Young (Allocation Failure) 153M->16M(494M) 0.374ms
[9.849s][info][gc,cpu       ] GC(516) User=0.00s Sys=0.00s Real=0.01s
[9.867s][info][gc,start     ] GC(517) Pause Young (Allocation Failure)
[9.867s][info][gc,heap      ] GC(517) DefNew: 140204K->426K(157248K)
[9.867s][info][gc,heap      ] GC(517) Tenured: 16653K->16682K(349568K)
[9.867s][info][gc,metaspace ] GC(517) Metaspace: 13353K->13353K(1060864K)
[9.868s][info][gc           ] GC(517) Pause Young (Allocation Failure) 153M->16M(494M) 0.479ms
[9.868s][info][gc,cpu       ] GC(517) User=0.00s Sys=0.00s Real=0.00s
[9.886s][info][gc,start     ] GC(518) Pause Young (Allocation Failure)
[9.887s][info][gc,heap      ] GC(518) DefNew: 140202K->424K(157248K)
[9.887s][info][gc,heap      ] GC(518) Tenured: 16682K->16712K(349568K)
[9.887s][info][gc,metaspace ] GC(518) Metaspace: 13353K->13353K(1060864K)
[9.887s][info][gc           ] GC(518) Pause Young (Allocation Failure) 153M->16M(494M) 0.556ms
[9.887s][info][gc,cpu       ] GC(518) User=0.00s Sys=0.00s Real=0.00s
[9.906s][info][gc,start     ] GC(519) Pause Young (Allocation Failure)
[9.906s][info][gc,heap      ] GC(519) DefNew: 140200K->420K(157248K)
[9.906s][info][gc,heap      ] GC(519) Tenured: 16712K->16742K(349568K)
[9.906s][info][gc,metaspace ] GC(519) Metaspace: 13353K->13353K(1060864K)
[9.906s][info][gc           ] GC(519) Pause Young (Allocation Failure) 153M->16M(494M) 0.371ms
[9.906s][info][gc,cpu       ] GC(519) User=0.00s Sys=0.00s Real=0.00s
[9.925s][info][gc,start     ] GC(520) Pause Young (Allocation Failure)
[9.925s][info][gc,heap      ] GC(520) DefNew: 140196K->419K(157248K)
[9.925s][info][gc,heap      ] GC(520) Tenured: 16742K->16771K(349568K)
[9.925s][info][gc,metaspace ] GC(520) Metaspace: 13353K->13353K(1060864K)
[9.925s][info][gc           ] GC(520) Pause Young (Allocation Failure) 153M->16M(494M) 0.418ms
[9.925s][info][gc,cpu       ] GC(520) User=0.00s Sys=0.00s Real=0.00s
[9.943s][info][gc,start     ] GC(521) Pause Young (Allocation Failure)
[9.944s][info][gc,heap      ] GC(521) DefNew: 140195K->428K(157248K)
[9.944s][info][gc,heap      ] GC(521) Tenured: 16771K->16791K(349568K)
[9.944s][info][gc,metaspace ] GC(521) Metaspace: 13353K->13353K(1060864K)
[9.944s][info][gc           ] GC(521) Pause Young (Allocation Failure) 153M->16M(494M) 0.400ms
[9.944s][info][gc,cpu       ] GC(521) User=0.00s Sys=0.00s Real=0.00s
[9.962s][info][gc,start     ] GC(522) Pause Young (Allocation Failure)
[9.962s][info][gc,heap      ] GC(522) DefNew: 140204K->427K(157248K)
[9.962s][info][gc,heap      ] GC(522) Tenured: 16791K->16820K(349568K)
[9.962s][info][gc,metaspace ] GC(522) Metaspace: 13353K->13353K(1060864K)
[9.962s][info][gc           ] GC(522) Pause Young (Allocation Failure) 153M->16M(494M) 0.430ms
[9.963s][info][gc,cpu       ] GC(522) User=0.00s Sys=0.00s Real=0.00s
[9.979s][info][gc,start     ] GC(523) Pause Young (Allocation Failure)
[9.979s][info][gc,heap      ] GC(523) DefNew: 140203K->426K(157248K)
[9.979s][info][gc,heap      ] GC(523) Tenured: 16820K->16849K(349568K)
[9.979s][info][gc,metaspace ] GC(523) Metaspace: 13353K->13353K(1060864K)
[9.979s][info][gc           ] GC(523) Pause Young (Allocation Failure) 153M->16M(494M) 0.465ms
[9.979s][info][gc,cpu       ] GC(523) User=0.00s Sys=0.00s Real=0.00s
[9.998s][info][gc,start     ] GC(524) Pause Young (Allocation Failure)
[9.998s][info][gc,heap      ] GC(524) DefNew: 140202K->425K(157248K)
[9.998s][info][gc,heap      ] GC(524) Tenured: 16849K->16879K(349568K)
[9.998s][info][gc,metaspace ] GC(524) Metaspace: 13353K->13353K(1060864K)
[9.998s][info][gc           ] GC(524) Pause Young (Allocation Failure) 153M->16M(494M) 0.513ms
[9.998s][info][gc,cpu       ] GC(524) User=0.00s Sys=0.00s Real=0.00s
[10.017s][info][gc,start     ] GC(525) Pause Young (Allocation Failure)
[10.018s][info][gc,heap      ] GC(525) DefNew: 140201K->423K(157248K)
[10.018s][info][gc,heap      ] GC(525) Tenured: 16879K->16908K(349568K)
[10.018s][info][gc,metaspace ] GC(525) Metaspace: 13353K->13353K(1060864K)
[10.018s][info][gc           ] GC(525) Pause Young (Allocation Failure) 153M->16M(494M) 0.510ms
[10.018s][info][gc,cpu       ] GC(525) User=0.00s Sys=0.00s Real=0.00s
[10.034s][info][gc,start     ] GC(526) Pause Young (Allocation Failure)
[10.034s][info][gc,heap      ] GC(526) DefNew: 140199K->420K(157248K)
[10.034s][info][gc,heap      ] GC(526) Tenured: 16908K->16937K(349568K)
[10.034s][info][gc,metaspace ] GC(526) Metaspace: 13353K->13353K(1060864K)
[10.034s][info][gc           ] GC(526) Pause Young (Allocation Failure) 153M->16M(494M) 0.429ms
[10.034s][info][gc,cpu       ] GC(526) User=0.00s Sys=0.00s Real=0.00s
[10.051s][info][gc,start     ] GC(527) Pause Young (Allocation Failure)
[10.052s][info][gc,heap      ] GC(527) DefNew: 140196K->419K(157248K)
[10.052s][info][gc,heap      ] GC(527) Tenured: 16937K->16967K(349568K)
[10.052s][info][gc,metaspace ] GC(527) Metaspace: 13353K->13353K(1060864K)
[10.052s][info][gc           ] GC(527) Pause Young (Allocation Failure) 153M->16M(494M) 0.417ms
[10.052s][info][gc,cpu       ] GC(527) User=0.00s Sys=0.00s Real=0.00s
[10.069s][info][gc,start     ] GC(528) Pause Young (Allocation Failure)
[10.070s][info][gc,heap      ] GC(528) DefNew: 140195K->428K(157248K)
[10.070s][info][gc,heap      ] GC(528) Tenured: 16967K->16986K(349568K)
[10.070s][info][gc,metaspace ] GC(528) Metaspace: 13353K->13353K(1060864K)
[10.070s][info][gc           ] GC(528) Pause Young (Allocation Failure) 153M->17M(494M) 0.466ms
[10.070s][info][gc,cpu       ] GC(528) User=0.00s Sys=0.00s Real=0.00s
[10.090s][info][gc,start     ] GC(529) Pause Young (Allocation Failure)
[10.091s][info][gc,heap      ] GC(529) DefNew: 140204K->427K(157248K)
[10.091s][info][gc,heap      ] GC(529) Tenured: 16986K->17016K(349568K)
[10.091s][info][gc,metaspace ] GC(529) Metaspace: 13353K->13353K(1060864K)
[10.091s][info][gc           ] GC(529) Pause Young (Allocation Failure) 153M->17M(494M) 0.761ms
[10.091s][info][gc,cpu       ] GC(529) User=0.00s Sys=0.00s Real=0.00s
[10.110s][info][gc,start     ] GC(530) Pause Young (Allocation Failure)
[10.111s][info][gc,heap      ] GC(530) DefNew: 140203K->426K(157248K)
[10.111s][info][gc,heap      ] GC(530) Tenured: 17016K->17045K(349568K)
[10.111s][info][gc,metaspace ] GC(530) Metaspace: 13353K->13353K(1060864K)
[10.111s][info][gc           ] GC(530) Pause Young (Allocation Failure) 153M->17M(494M) 0.586ms
[10.111s][info][gc,cpu       ] GC(530) User=0.00s Sys=0.00s Real=0.00s
[10.127s][info][gc,start     ] GC(531) Pause Young (Allocation Failure)
[10.127s][info][gc,heap      ] GC(531) DefNew: 140202K->424K(157248K)
[10.127s][info][gc,heap      ] GC(531) Tenured: 17045K->17074K(349568K)
[10.127s][info][gc,metaspace ] GC(531) Metaspace: 13353K->13353K(1060864K)
[10.127s][info][gc           ] GC(531) Pause Young (Allocation Failure) 153M->17M(494M) 0.440ms
[10.127s][info][gc,cpu       ] GC(531) User=0.00s Sys=0.00s Real=0.00s
[10.144s][info][gc,start     ] GC(532) Pause Young (Allocation Failure)
[10.144s][info][gc,heap      ] GC(532) DefNew: 140200K->421K(157248K)
[10.144s][info][gc,heap      ] GC(532) Tenured: 17074K->17104K(349568K)
[10.144s][info][gc,metaspace ] GC(532) Metaspace: 13353K->13353K(1060864K)
[10.144s][info][gc           ] GC(532) Pause Young (Allocation Failure) 153M->17M(494M) 0.417ms
[10.144s][info][gc,cpu       ] GC(532) User=0.00s Sys=0.00s Real=0.00s
[10.158s][info][gc,start     ] GC(533) Pause Young (Allocation Failure)
[10.158s][info][gc,heap      ] GC(533) DefNew: 140197K->419K(157248K)
[10.158s][info][gc,heap      ] GC(533) Tenured: 17104K->17133K(349568K)
[10.158s][info][gc,metaspace ] GC(533) Metaspace: 13353K->13353K(1060864K)
[10.158s][info][gc           ] GC(533) Pause Young (Allocation Failure) 153M->17M(494M) 0.354ms
[10.158s][info][gc,cpu       ] GC(533) User=0.00s Sys=0.00s Real=0.00s
[10.175s][info][gc,start     ] GC(534) Pause Young (Allocation Failure)
[10.175s][info][gc,heap      ] GC(534) DefNew: 140195K->428K(157248K)
[10.175s][info][gc,heap      ] GC(534) Tenured: 17133K->17152K(349568K)
[10.175s][info][gc,metaspace ] GC(534) Metaspace: 13353K->13353K(1060864K)
[10.175s][info][gc           ] GC(534) Pause Young (Allocation Failure) 153M->17M(494M) 0.408ms
[10.175s][info][gc,cpu       ] GC(534) User=0.00s Sys=0.00s Real=0.00s
[10.194s][info][gc,start     ] GC(535) Pause Young (Allocation Failure)
[10.195s][info][gc,heap      ] GC(535) DefNew: 140204K->427K(157248K)
[10.195s][info][gc,heap      ] GC(535) Tenured: 17152K->17182K(349568K)
[10.195s][info][gc,metaspace ] GC(535) Metaspace: 13353K->13353K(1060864K)
[10.195s][info][gc           ] GC(535) Pause Young (Allocation Failure) 153M->17M(494M) 0.392ms
[10.195s][info][gc,cpu       ] GC(535) User=0.00s Sys=0.00s Real=0.00s
[10.215s][info][gc,start     ] GC(536) Pause Young (Allocation Failure)
[10.215s][info][gc,heap      ] GC(536) DefNew: 140203K->426K(157248K)
[10.215s][info][gc,heap      ] GC(536) Tenured: 17182K->17211K(349568K)
[10.215s][info][gc,metaspace ] GC(536) Metaspace: 13353K->13353K(1060864K)
[10.215s][info][gc           ] GC(536) Pause Young (Allocation Failure) 153M->17M(494M) 0.439ms
[10.215s][info][gc,cpu       ] GC(536) User=0.00s Sys=0.00s Real=0.00s
[10.234s][info][gc,start     ] GC(537) Pause Young (Allocation Failure)
[10.235s][info][gc,heap      ] GC(537) DefNew: 140202K->425K(157248K)
[10.235s][info][gc,heap      ] GC(537) Tenured: 17211K->17240K(349568K)
[10.235s][info][gc,metaspace ] GC(537) Metaspace: 13353K->13353K(1060864K)
[10.235s][info][gc           ] GC(537) Pause Young (Allocation Failure) 153M->17M(494M) 0.457ms
[10.235s][info][gc,cpu       ] GC(537) User=0.00s Sys=0.00s Real=0.00s
[10.254s][info][gc,start     ] GC(538) Pause Young (Allocation Failure)
[10.254s][info][gc,heap      ] GC(538) DefNew: 140201K->423K(157248K)
[10.254s][info][gc,heap      ] GC(538) Tenured: 17240K->17270K(349568K)
[10.254s][info][gc,metaspace ] GC(538) Metaspace: 13353K->13353K(1060864K)
[10.254s][info][gc           ] GC(538) Pause Young (Allocation Failure) 153M->17M(494M) 0.417ms
[10.254s][info][gc,cpu       ] GC(538) User=0.00s Sys=0.00s Real=0.00s
[10.270s][info][gc,start     ] GC(539) Pause Young (Allocation Failure)
[10.271s][info][gc,heap      ] GC(539) DefNew: 140199K->420K(157248K)
[10.271s][info][gc,heap      ] GC(539) Tenured: 17270K->17299K(349568K)
[10.271s][info][gc,metaspace ] GC(539) Metaspace: 13353K->13353K(1060864K)
[10.271s][info][gc           ] GC(539) Pause Young (Allocation Failure) 153M->17M(494M) 0.466ms
[10.271s][info][gc,cpu       ] GC(539) User=0.00s Sys=0.00s Real=0.00s
[10.288s][info][gc,start     ] GC(540) Pause Young (Allocation Failure)
[10.289s][info][gc,heap      ] GC(540) DefNew: 140196K->419K(157248K)
[10.289s][info][gc,heap      ] GC(540) Tenured: 17299K->17329K(349568K)
[10.289s][info][gc,metaspace ] GC(540) Metaspace: 13353K->13353K(1060864K)
[10.289s][info][gc           ] GC(540) Pause Young (Allocation Failure) 153M->17M(494M) 0.425ms
[10.289s][info][gc,cpu       ] GC(540) User=0.00s Sys=0.00s Real=0.01s
[10.306s][info][gc,start     ] GC(541) Pause Young (Allocation Failure)
[10.306s][info][gc,heap      ] GC(541) DefNew: 140195K->428K(157248K)
[10.306s][info][gc,heap      ] GC(541) Tenured: 17329K->17348K(349568K)
[10.306s][info][gc,metaspace ] GC(541) Metaspace: 13353K->13353K(1060864K)
[10.306s][info][gc           ] GC(541) Pause Young (Allocation Failure) 153M->17M(494M) 0.397ms
[10.306s][info][gc,cpu       ] GC(541) User=0.00s Sys=0.00s Real=0.00s
[10.326s][info][gc,start     ] GC(542) Pause Young (Allocation Failure)
[10.327s][info][gc,heap      ] GC(542) DefNew: 140204K->427K(157248K)
[10.327s][info][gc,heap      ] GC(542) Tenured: 17348K->17377K(349568K)
[10.327s][info][gc,metaspace ] GC(542) Metaspace: 13353K->13353K(1060864K)
[10.327s][info][gc           ] GC(542) Pause Young (Allocation Failure) 153M->17M(494M) 0.471ms
[10.327s][info][gc,cpu       ] GC(542) User=0.00s Sys=0.00s Real=0.00s
[10.346s][info][gc,start     ] GC(543) Pause Young (Allocation Failure)
[10.346s][info][gc,heap      ] GC(543) DefNew: 140203K->426K(157248K)
[10.346s][info][gc,heap      ] GC(543) Tenured: 17377K->17407K(349568K)
[10.346s][info][gc,metaspace ] GC(543) Metaspace: 13353K->13353K(1060864K)
[10.346s][info][gc           ] GC(543) Pause Young (Allocation Failure) 153M->17M(494M) 0.433ms
[10.346s][info][gc,cpu       ] GC(543) User=0.00s Sys=0.00s Real=0.00s
[10.364s][info][gc,start     ] GC(544) Pause Young (Allocation Failure)
[10.364s][info][gc,heap      ] GC(544) DefNew: 140202K->424K(157248K)
[10.364s][info][gc,heap      ] GC(544) Tenured: 17407K->17436K(349568K)
[10.364s][info][gc,metaspace ] GC(544) Metaspace: 13353K->13353K(1060864K)
[10.364s][info][gc           ] GC(544) Pause Young (Allocation Failure) 153M->17M(494M) 0.436ms
[10.365s][info][gc,cpu       ] GC(544) User=0.00s Sys=0.00s Real=0.00s
[10.384s][info][gc,start     ] GC(545) Pause Young (Allocation Failure)
[10.384s][info][gc,heap      ] GC(545) DefNew: 140200K->422K(157248K)
[10.384s][info][gc,heap      ] GC(545) Tenured: 17436K->17465K(349568K)
[10.384s][info][gc,metaspace ] GC(545) Metaspace: 13353K->13353K(1060864K)
[10.384s][info][gc           ] GC(545) Pause Young (Allocation Failure) 153M->17M(494M) 0.566ms
[10.384s][info][gc,cpu       ] GC(545) User=0.01s Sys=0.00s Real=0.00s
[10.401s][info][gc,start     ] GC(546) Pause Young (Allocation Failure)
[10.401s][info][gc,heap      ] GC(546) DefNew: 140198K->419K(157248K)
[10.401s][info][gc,heap      ] GC(546) Tenured: 17465K->17495K(349568K)
[10.401s][info][gc,metaspace ] GC(546) Metaspace: 13353K->13353K(1060864K)
[10.401s][info][gc           ] GC(546) Pause Young (Allocation Failure) 153M->17M(494M) 0.458ms
[10.401s][info][gc,cpu       ] GC(546) User=0.00s Sys=0.00s Real=0.00s
[10.419s][info][gc,start     ] GC(547) Pause Young (Allocation Failure)
[10.419s][info][gc,heap      ] GC(547) DefNew: 140195K->419K(157248K)
[10.419s][info][gc,heap      ] GC(547) Tenured: 17495K->17524K(349568K)
[10.419s][info][gc,metaspace ] GC(547) Metaspace: 13353K->13353K(1060864K)
[10.419s][info][gc           ] GC(547) Pause Young (Allocation Failure) 153M->17M(494M) 0.367ms
[10.419s][info][gc,cpu       ] GC(547) User=0.00s Sys=0.00s Real=0.00s
[10.436s][info][gc,start     ] GC(548) Pause Young (Allocation Failure)
[10.436s][info][gc,heap      ] GC(548) DefNew: 140195K->428K(157248K)
[10.436s][info][gc,heap      ] GC(548) Tenured: 17524K->17544K(349568K)
[10.436s][info][gc,metaspace ] GC(548) Metaspace: 13353K->13353K(1060864K)
[10.436s][info][gc           ] GC(548) Pause Young (Allocation Failure) 154M->17M(494M) 0.341ms
[10.436s][info][gc,cpu       ] GC(548) User=0.00s Sys=0.00s Real=0.00s
[10.453s][info][gc,start     ] GC(549) Pause Young (Allocation Failure)
[10.453s][info][gc,heap      ] GC(549) DefNew: 140204K->426K(157248K)
[10.453s][info][gc,heap      ] GC(549) Tenured: 17544K->17573K(349568K)
[10.453s][info][gc,metaspace ] GC(549) Metaspace: 13353K->13353K(1060864K)
[10.453s][info][gc           ] GC(549) Pause Young (Allocation Failure) 154M->17M(494M) 0.435ms
[10.453s][info][gc,cpu       ] GC(549) User=0.00s Sys=0.00s Real=0.00s
[10.470s][info][gc,start     ] GC(550) Pause Young (Allocation Failure)
[10.470s][info][gc,heap      ] GC(550) DefNew: 140202K->425K(157248K)
[10.470s][info][gc,heap      ] GC(550) Tenured: 17573K->17602K(349568K)
[10.470s][info][gc,metaspace ] GC(550) Metaspace: 13353K->13353K(1060864K)
[10.470s][info][gc           ] GC(550) Pause Young (Allocation Failure) 154M->17M(494M) 0.387ms
[10.470s][info][gc,cpu       ] GC(550) User=0.00s Sys=0.00s Real=0.00s
[10.486s][info][gc,start     ] GC(551) Pause Young (Allocation Failure)
[10.487s][info][gc,heap      ] GC(551) DefNew: 140201K->423K(157248K)
[10.487s][info][gc,heap      ] GC(551) Tenured: 17602K->17632K(349568K)
[10.487s][info][gc,metaspace ] GC(551) Metaspace: 13353K->13353K(1060864K)
[10.487s][info][gc           ] GC(551) Pause Young (Allocation Failure) 154M->17M(494M) 0.403ms
[10.487s][info][gc,cpu       ] GC(551) User=0.01s Sys=0.00s Real=0.00s
[10.501s][info][gc,start     ] GC(552) Pause Young (Allocation Failure)
[10.502s][info][gc,heap      ] GC(552) DefNew: 140199K->420K(157248K)
[10.502s][info][gc,heap      ] GC(552) Tenured: 17632K->17661K(349568K)
[10.502s][info][gc,metaspace ] GC(552) Metaspace: 13353K->13353K(1060864K)
[10.502s][info][gc           ] GC(552) Pause Young (Allocation Failure) 154M->17M(494M) 0.410ms
[10.502s][info][gc,cpu       ] GC(552) User=0.00s Sys=0.00s Real=0.00s
[10.518s][info][gc,start     ] GC(553) Pause Young (Allocation Failure)
[10.518s][info][gc,heap      ] GC(553) DefNew: 140196K->419K(157248K)
[10.518s][info][gc,heap      ] GC(553) Tenured: 17661K->17690K(349568K)
[10.518s][info][gc,metaspace ] GC(553) Metaspace: 13353K->13353K(1060864K)
[10.518s][info][gc           ] GC(553) Pause Young (Allocation Failure) 154M->17M(494M) 0.413ms
[10.518s][info][gc,cpu       ] GC(553) User=0.00s Sys=0.00s Real=0.00s
[10.537s][info][gc,start     ] GC(554) Pause Young (Allocation Failure)
[10.537s][info][gc,heap      ] GC(554) DefNew: 140195K->428K(157248K)
[10.537s][info][gc,heap      ] GC(554) Tenured: 17690K->17710K(349568K)
[10.537s][info][gc,metaspace ] GC(554) Metaspace: 13353K->13353K(1060864K)
[10.537s][info][gc           ] GC(554) Pause Young (Allocation Failure) 154M->17M(494M) 0.419ms
[10.537s][info][gc,cpu       ] GC(554) User=0.00s Sys=0.00s Real=0.00s
[10.555s][info][gc,start     ] GC(555) Pause Young (Allocation Failure)
[10.556s][info][gc,heap      ] GC(555) DefNew: 140204K->427K(157248K)
[10.556s][info][gc,heap      ] GC(555) Tenured: 17710K->17739K(349568K)
[10.556s][info][gc,metaspace ] GC(555) Metaspace: 13353K->13353K(1060864K)
[10.556s][info][gc           ] GC(555) Pause Young (Allocation Failure) 154M->17M(494M) 0.414ms
[10.556s][info][gc,cpu       ] GC(555) User=0.00s Sys=0.00s Real=0.00s
[10.574s][info][gc,start     ] GC(556) Pause Young (Allocation Failure)
[10.575s][info][gc,heap      ] GC(556) DefNew: 140203K->427K(157248K)
[10.575s][info][gc,heap      ] GC(556) Tenured: 17739K->17769K(349568K)
[10.575s][info][gc,metaspace ] GC(556) Metaspace: 13368K->13368K(1060864K)
[10.575s][info][gc           ] GC(556) Pause Young (Allocation Failure) 154M->17M(494M) 0.786ms
[10.575s][info][gc,cpu       ] GC(556) User=0.00s Sys=0.00s Real=0.00s
[10.612s][info][gc,start     ] GC(557) Pause Young (Allocation Failure)
[10.612s][info][gc,heap      ] GC(557) DefNew: 140203K->426K(157248K)
[10.612s][info][gc,heap      ] GC(557) Tenured: 17769K->17798K(349568K)
[10.612s][info][gc,metaspace ] GC(557) Metaspace: 13368K->13368K(1060864K)
[10.612s][info][gc           ] GC(557) Pause Young (Allocation Failure) 154M->17M(494M) 0.724ms
[10.612s][info][gc,cpu       ] GC(557) User=0.00s Sys=0.00s Real=0.00s
[10.636s][info][gc,start     ] GC(558) Pause Young (Allocation Failure)
[10.636s][info][gc,heap      ] GC(558) DefNew: 140202K->424K(157248K)
[10.636s][info][gc,heap      ] GC(558) Tenured: 17798K->17827K(349568K)
[10.636s][info][gc,metaspace ] GC(558) Metaspace: 13368K->13368K(1060864K)
[10.636s][info][gc           ] GC(558) Pause Young (Allocation Failure) 154M->17M(494M) 0.489ms
[10.636s][info][gc,cpu       ] GC(558) User=0.00s Sys=0.00s Real=0.00s
[10.652s][info][gc,start     ] GC(559) Pause Young (Allocation Failure)
[10.652s][info][gc,heap      ] GC(559) DefNew: 140200K->421K(157248K)
[10.652s][info][gc,heap      ] GC(559) Tenured: 17827K->17857K(349568K)
[10.652s][info][gc,metaspace ] GC(559) Metaspace: 13368K->13368K(1060864K)
[10.652s][info][gc           ] GC(559) Pause Young (Allocation Failure) 154M->17M(494M) 0.460ms
[10.652s][info][gc,cpu       ] GC(559) User=0.00s Sys=0.00s Real=0.00s
[10.670s][info][gc,start     ] GC(560) Pause Young (Allocation Failure)
[10.670s][info][gc,heap      ] GC(560) DefNew: 140197K->420K(157248K)
[10.670s][info][gc,heap      ] GC(560) Tenured: 17857K->17886K(349568K)
[10.670s][info][gc,metaspace ] GC(560) Metaspace: 13368K->13368K(1060864K)
[10.670s][info][gc           ] GC(560) Pause Young (Allocation Failure) 154M->17M(494M) 0.483ms
[10.670s][info][gc,cpu       ] GC(560) User=0.00s Sys=0.00s Real=0.00s
[10.687s][info][gc,start     ] GC(561) Pause Young (Allocation Failure)
[10.687s][info][gc,heap      ] GC(561) DefNew: 140196K->429K(157248K)
[10.687s][info][gc,heap      ] GC(561) Tenured: 17886K->17906K(349568K)
[10.687s][info][gc,metaspace ] GC(561) Metaspace: 13368K->13368K(1060864K)
[10.687s][info][gc           ] GC(561) Pause Young (Allocation Failure) 154M->17M(494M) 0.426ms
[10.687s][info][gc,cpu       ] GC(561) User=0.00s Sys=0.00s Real=0.00s
[10.703s][info][gc,start     ] GC(562) Pause Young (Allocation Failure)
[10.704s][info][gc,heap      ] GC(562) DefNew: 140205K->428K(157248K)
[10.704s][info][gc,heap      ] GC(562) Tenured: 17906K->17935K(349568K)
[10.704s][info][gc,metaspace ] GC(562) Metaspace: 13368K->13368K(1060864K)
[10.704s][info][gc           ] GC(562) Pause Young (Allocation Failure) 154M->17M(494M) 0.450ms
[10.704s][info][gc,cpu       ] GC(562) User=0.00s Sys=0.00s Real=0.00s
[10.720s][info][gc,start     ] GC(563) Pause Young (Allocation Failure)
[10.721s][info][gc,heap      ] GC(563) DefNew: 140204K->427K(157248K)
[10.721s][info][gc,heap      ] GC(563) Tenured: 17935K->17964K(349568K)
[10.721s][info][gc,metaspace ] GC(563) Metaspace: 13368K->13368K(1060864K)
[10.721s][info][gc           ] GC(563) Pause Young (Allocation Failure) 154M->17M(494M) 0.509ms
[10.721s][info][gc,cpu       ] GC(563) User=0.01s Sys=0.00s Real=0.00s
[10.739s][info][gc,start     ] GC(564) Pause Young (Allocation Failure)
[10.739s][info][gc,heap      ] GC(564) DefNew: 140203K->425K(157248K)
[10.739s][info][gc,heap      ] GC(564) Tenured: 17964K->17994K(349568K)
[10.739s][info][gc,metaspace ] GC(564) Metaspace: 13368K->13368K(1060864K)
[10.739s][info][gc           ] GC(564) Pause Young (Allocation Failure) 154M->17M(494M) 0.474ms
[10.739s][info][gc,cpu       ] GC(564) User=0.00s Sys=0.00s Real=0.00s
[10.755s][info][gc,start     ] GC(565) Pause Young (Allocation Failure)
[10.756s][info][gc,heap      ] GC(565) DefNew: 140201K->421K(157248K)
[10.756s][info][gc,heap      ] GC(565) Tenured: 17994K->18023K(349568K)
[10.756s][info][gc,metaspace ] GC(565) Metaspace: 13368K->13368K(1060864K)
[10.756s][info][gc           ] GC(565) Pause Young (Allocation Failure) 154M->18M(494M) 0.398ms
[10.756s][info][gc,cpu       ] GC(565) User=0.00s Sys=0.00s Real=0.00s
[10.775s][info][gc,start     ] GC(566) Pause Young (Allocation Failure)
[10.775s][info][gc,heap      ] GC(566) DefNew: 140197K->420K(157248K)
[10.775s][info][gc,heap      ] GC(566) Tenured: 18023K->18052K(349568K)
[10.775s][info][gc,metaspace ] GC(566) Metaspace: 13368K->13368K(1060864K)
[10.776s][info][gc           ] GC(566) Pause Young (Allocation Failure) 154M->18M(494M) 0.433ms
[10.776s][info][gc,cpu       ] GC(566) User=0.00s Sys=0.00s Real=0.00s
[10.793s][info][gc,start     ] GC(567) Pause Young (Allocation Failure)
[10.793s][info][gc,heap      ] GC(567) DefNew: 140196K->429K(157248K)
[10.794s][info][gc,heap      ] GC(567) Tenured: 18052K->18072K(349568K)
[10.794s][info][gc,metaspace ] GC(567) Metaspace: 13368K->13368K(1060864K)
[10.794s][info][gc           ] GC(567) Pause Young (Allocation Failure) 154M->18M(494M) 0.437ms
[10.794s][info][gc,cpu       ] GC(567) User=0.00s Sys=0.00s Real=0.00s
[10.812s][info][gc,start     ] GC(568) Pause Young (Allocation Failure)
[10.812s][info][gc,heap      ] GC(568) DefNew: 140205K->428K(157248K)
[10.812s][info][gc,heap      ] GC(568) Tenured: 18072K->18101K(349568K)
[10.812s][info][gc,metaspace ] GC(568) Metaspace: 13368K->13368K(1060864K)
[10.812s][info][gc           ] GC(568) Pause Young (Allocation Failure) 154M->18M(494M) 0.439ms
[10.812s][info][gc,cpu       ] GC(568) User=0.00s Sys=0.00s Real=0.00s
[10.831s][info][gc,start     ] GC(569) Pause Young (Allocation Failure)
[10.832s][info][gc,heap      ] GC(569) DefNew: 140204K->427K(157248K)
[10.832s][info][gc,heap      ] GC(569) Tenured: 18101K->18131K(349568K)
[10.832s][info][gc,metaspace ] GC(569) Metaspace: 13368K->13368K(1060864K)
[10.832s][info][gc           ] GC(569) Pause Young (Allocation Failure) 154M->18M(494M) 0.432ms
[10.832s][info][gc,cpu       ] GC(569) User=0.00s Sys=0.00s Real=0.00s
[10.850s][info][gc,start     ] GC(570) Pause Young (Allocation Failure)
[10.850s][info][gc,heap      ] GC(570) DefNew: 140203K->426K(157248K)
[10.850s][info][gc,heap      ] GC(570) Tenured: 18131K->18160K(349568K)
[10.850s][info][gc,metaspace ] GC(570) Metaspace: 13368K->13368K(1060864K)
[10.850s][info][gc           ] GC(570) Pause Young (Allocation Failure) 154M->18M(494M) 0.545ms
[10.850s][info][gc,cpu       ] GC(570) User=0.00s Sys=0.00s Real=0.00s
[10.870s][info][gc,start     ] GC(571) Pause Young (Allocation Failure)
[10.870s][info][gc,heap      ] GC(571) DefNew: 140202K->423K(157248K)
[10.870s][info][gc,heap      ] GC(571) Tenured: 18160K->18191K(349568K)
[10.870s][info][gc,metaspace ] GC(571) Metaspace: 13368K->13368K(1060864K)
[10.870s][info][gc           ] GC(571) Pause Young (Allocation Failure) 154M->18M(494M) 0.508ms
[10.870s][info][gc,cpu       ] GC(571) User=0.00s Sys=0.00s Real=0.00s
[10.887s][info][gc,start     ] GC(572) Pause Young (Allocation Failure)
[10.888s][info][gc,heap      ] GC(572) DefNew: 140199K->420K(157248K)
[10.888s][info][gc,heap      ] GC(572) Tenured: 18191K->18220K(349568K)
[10.888s][info][gc,metaspace ] GC(572) Metaspace: 13368K->13368K(1060864K)
[10.888s][info][gc           ] GC(572) Pause Young (Allocation Failure) 154M->18M(494M) 0.475ms
[10.888s][info][gc,cpu       ] GC(572) User=0.00s Sys=0.00s Real=0.00s
[10.905s][info][gc,start     ] GC(573) Pause Young (Allocation Failure)
[10.905s][info][gc,heap      ] GC(573) DefNew: 140196K->419K(157248K)
[10.905s][info][gc,heap      ] GC(573) Tenured: 18220K->18249K(349568K)
[10.905s][info][gc,metaspace ] GC(573) Metaspace: 13368K->13368K(1060864K)
[10.905s][info][gc           ] GC(573) Pause Young (Allocation Failure) 154M->18M(494M) 0.404ms
[10.905s][info][gc,cpu       ] GC(573) User=0.00s Sys=0.00s Real=0.00s
[10.921s][info][gc,start     ] GC(574) Pause Young (Allocation Failure)
[10.922s][info][gc,heap      ] GC(574) DefNew: 140195K->428K(157248K)
[10.922s][info][gc,heap      ] GC(574) Tenured: 18249K->18269K(349568K)
[10.922s][info][gc,metaspace ] GC(574) Metaspace: 13368K->13368K(1060864K)
[10.922s][info][gc           ] GC(574) Pause Young (Allocation Failure) 154M->18M(494M) 0.409ms
[10.922s][info][gc,cpu       ] GC(574) User=0.00s Sys=0.00s Real=0.00s
[10.938s][info][gc,start     ] GC(575) Pause Young (Allocation Failure)
[10.938s][info][gc,heap      ] GC(575) DefNew: 140204K->427K(157248K)
[10.938s][info][gc,heap      ] GC(575) Tenured: 18269K->18298K(349568K)
[10.938s][info][gc,metaspace ] GC(575) Metaspace: 13368K->13368K(1060864K)
[10.938s][info][gc           ] GC(575) Pause Young (Allocation Failure) 154M->18M(494M) 0.438ms
[10.938s][info][gc,cpu       ] GC(575) User=0.00s Sys=0.00s Real=0.00s
[10.956s][info][gc,start     ] GC(576) Pause Young (Allocation Failure)
[10.956s][info][gc,heap      ] GC(576) DefNew: 140203K->426K(157248K)
[10.956s][info][gc,heap      ] GC(576) Tenured: 18298K->18327K(349568K)
[10.956s][info][gc,metaspace ] GC(576) Metaspace: 13368K->13368K(1060864K)
[10.956s][info][gc           ] GC(576) Pause Young (Allocation Failure) 154M->18M(494M) 0.456ms
[10.956s][info][gc,cpu       ] GC(576) User=0.00s Sys=0.00s Real=0.00s
[10.974s][info][gc,start     ] GC(577) Pause Young (Allocation Failure)
[10.975s][info][gc,heap      ] GC(577) DefNew: 140202K->424K(157248K)
[10.975s][info][gc,heap      ] GC(577) Tenured: 18327K->18357K(349568K)
[10.975s][info][gc,metaspace ] GC(577) Metaspace: 13368K->13368K(1060864K)
[10.975s][info][gc           ] GC(577) Pause Young (Allocation Failure) 154M->18M(494M) 0.691ms
[10.975s][info][gc,cpu       ] GC(577) User=0.00s Sys=0.00s Real=0.00s
[10.994s][info][gc,start     ] GC(578) Pause Young (Allocation Failure)
[10.994s][info][gc,heap      ] GC(578) DefNew: 140200K->421K(157248K)
[10.994s][info][gc,heap      ] GC(578) Tenured: 18357K->18386K(349568K)
[10.994s][info][gc,metaspace ] GC(578) Metaspace: 13368K->13368K(1060864K)
[10.994s][info][gc           ] GC(578) Pause Young (Allocation Failure) 154M->18M(494M) 0.478ms
[10.994s][info][gc,cpu       ] GC(578) User=0.00s Sys=0.00s Real=0.00s
[11.010s][info][gc,start     ] GC(579) Pause Young (Allocation Failure)
[11.011s][info][gc,heap      ] GC(579) DefNew: 140197K->419K(157248K)
[11.011s][info][gc,heap      ] GC(579) Tenured: 18386K->18415K(349568K)
[11.011s][info][gc,metaspace ] GC(579) Metaspace: 13368K->13368K(1060864K)
[11.011s][info][gc           ] GC(579) Pause Young (Allocation Failure) 154M->18M(494M) 0.442ms
[11.011s][info][gc,cpu       ] GC(579) User=0.00s Sys=0.00s Real=0.00s
[11.029s][info][gc,start     ] GC(580) Pause Young (Allocation Failure)
[11.029s][info][gc,heap      ] GC(580) DefNew: 140195K->428K(157248K)
[11.029s][info][gc,heap      ] GC(580) Tenured: 18415K->18435K(349568K)
[11.029s][info][gc,metaspace ] GC(580) Metaspace: 13368K->13368K(1060864K)
[11.029s][info][gc           ] GC(580) Pause Young (Allocation Failure) 154M->18M(494M) 0.451ms
[11.029s][info][gc,cpu       ] GC(580) User=0.00s Sys=0.00s Real=0.00s
[11.048s][info][gc,start     ] GC(581) Pause Young (Allocation Failure)
[11.049s][info][gc,heap      ] GC(581) DefNew: 140204K->427K(157248K)
[11.049s][info][gc,heap      ] GC(581) Tenured: 18435K->18464K(349568K)
[11.049s][info][gc,metaspace ] GC(581) Metaspace: 13368K->13368K(1060864K)
[11.049s][info][gc           ] GC(581) Pause Young (Allocation Failure) 154M->18M(494M) 0.507ms
[11.049s][info][gc,cpu       ] GC(581) User=0.00s Sys=0.00s Real=0.00s
[11.067s][info][gc,start     ] GC(582) Pause Young (Allocation Failure)
[11.068s][info][gc,heap      ] GC(582) DefNew: 140203K->426K(157248K)
[11.068s][info][gc,heap      ] GC(582) Tenured: 18464K->18494K(349568K)
[11.068s][info][gc,metaspace ] GC(582) Metaspace: 13368K->13368K(1060864K)
[11.068s][info][gc           ] GC(582) Pause Young (Allocation Failure) 154M->18M(494M) 0.453ms
[11.068s][info][gc,cpu       ] GC(582) User=0.00s Sys=0.00s Real=0.00s
[11.088s][info][gc,start     ] GC(583) Pause Young (Allocation Failure)
[11.088s][info][gc,heap      ] GC(583) DefNew: 140202K->425K(157248K)
[11.088s][info][gc,heap      ] GC(583) Tenured: 18494K->18523K(349568K)
[11.088s][info][gc,metaspace ] GC(583) Metaspace: 13368K->13368K(1060864K)
[11.088s][info][gc           ] GC(583) Pause Young (Allocation Failure) 154M->18M(494M) 0.391ms
[11.088s][info][gc,cpu       ] GC(583) User=0.00s Sys=0.00s Real=0.00s
[11.105s][info][gc,start     ] GC(584) Pause Young (Allocation Failure)
[11.105s][info][gc,heap      ] GC(584) DefNew: 140201K->423K(157248K)
[11.105s][info][gc,heap      ] GC(584) Tenured: 18523K->18552K(349568K)
[11.105s][info][gc,metaspace ] GC(584) Metaspace: 13368K->13368K(1060864K)
[11.105s][info][gc           ] GC(584) Pause Young (Allocation Failure) 155M->18M(494M) 0.419ms
[11.105s][info][gc,cpu       ] GC(584) User=0.00s Sys=0.00s Real=0.00s
[11.120s][info][gc,start     ] GC(585) Pause Young (Allocation Failure)
[11.121s][info][gc,heap      ] GC(585) DefNew: 140199K->420K(157248K)
[11.121s][info][gc,heap      ] GC(585) Tenured: 18552K->18582K(349568K)
[11.121s][info][gc,metaspace ] GC(585) Metaspace: 13368K->13368K(1060864K)
[11.121s][info][gc           ] GC(585) Pause Young (Allocation Failure) 155M->18M(494M) 0.442ms
[11.121s][info][gc,cpu       ] GC(585) User=0.00s Sys=0.00s Real=0.00s
[11.138s][info][gc,start     ] GC(586) Pause Young (Allocation Failure)
[11.138s][info][gc,heap      ] GC(586) DefNew: 140196K->419K(157248K)
[11.138s][info][gc,heap      ] GC(586) Tenured: 18582K->18611K(349568K)
[11.138s][info][gc,metaspace ] GC(586) Metaspace: 13368K->13368K(1060864K)
[11.138s][info][gc           ] GC(586) Pause Young (Allocation Failure) 155M->18M(494M) 0.391ms
[11.138s][info][gc,cpu       ] GC(586) User=0.00s Sys=0.00s Real=0.00s
[11.154s][info][gc,start     ] GC(587) Pause Young (Allocation Failure)
[11.154s][info][gc,heap      ] GC(587) DefNew: 140195K->428K(157248K)
[11.154s][info][gc,heap      ] GC(587) Tenured: 18611K->18631K(349568K)
[11.154s][info][gc,metaspace ] GC(587) Metaspace: 13368K->13368K(1060864K)
[11.154s][info][gc           ] GC(587) Pause Young (Allocation Failure) 155M->18M(494M) 0.407ms
[11.154s][info][gc,cpu       ] GC(587) User=0.00s Sys=0.00s Real=0.00s
[11.172s][info][gc,start     ] GC(588) Pause Young (Allocation Failure)
[11.173s][info][gc,heap      ] GC(588) DefNew: 140204K->427K(157248K)
[11.173s][info][gc,heap      ] GC(588) Tenured: 18631K->18660K(349568K)
[11.173s][info][gc,metaspace ] GC(588) Metaspace: 13368K->13368K(1060864K)
[11.173s][info][gc           ] GC(588) Pause Young (Allocation Failure) 155M->18M(494M) 0.445ms
[11.173s][info][gc,cpu       ] GC(588) User=0.00s Sys=0.00s Real=0.00s
[11.192s][info][gc,start     ] GC(589) Pause Young (Allocation Failure)
[11.192s][info][gc,heap      ] GC(589) DefNew: 140203K->426K(157248K)
[11.192s][info][gc,heap      ] GC(589) Tenured: 18660K->18689K(349568K)
[11.192s][info][gc,metaspace ] GC(589) Metaspace: 13368K->13368K(1060864K)
[11.192s][info][gc           ] GC(589) Pause Young (Allocation Failure) 155M->18M(494M) 0.395ms
[11.192s][info][gc,cpu       ] GC(589) User=0.00s Sys=0.00s Real=0.00s
[11.210s][info][gc,start     ] GC(590) Pause Young (Allocation Failure)
[11.211s][info][gc,heap      ] GC(590) DefNew: 140202K->424K(157248K)
[11.211s][info][gc,heap      ] GC(590) Tenured: 18689K->18719K(349568K)
[11.211s][info][gc,metaspace ] GC(590) Metaspace: 13368K->13368K(1060864K)
[11.211s][info][gc           ] GC(590) Pause Young (Allocation Failure) 155M->18M(494M) 0.652ms
[11.211s][info][gc,cpu       ] GC(590) User=0.00s Sys=0.00s Real=0.00s
[11.228s][info][gc,start     ] GC(591) Pause Young (Allocation Failure)
[11.228s][info][gc,heap      ] GC(591) DefNew: 140200K->422K(157248K)
[11.228s][info][gc,heap      ] GC(591) Tenured: 18719K->18748K(349568K)
[11.228s][info][gc,metaspace ] GC(591) Metaspace: 13368K->13368K(1060864K)
[11.228s][info][gc           ] GC(591) Pause Young (Allocation Failure) 155M->18M(494M) 0.447ms
[11.228s][info][gc,cpu       ] GC(591) User=0.00s Sys=0.00s Real=0.00s
[11.245s][info][gc,start     ] GC(592) Pause Young (Allocation Failure)
[11.246s][info][gc,heap      ] GC(592) DefNew: 140198K->419K(157248K)
[11.246s][info][gc,heap      ] GC(592) Tenured: 18748K->18777K(349568K)
[11.246s][info][gc,metaspace ] GC(592) Metaspace: 13368K->13368K(1060864K)
[11.246s][info][gc           ] GC(592) Pause Young (Allocation Failure) 155M->18M(494M) 0.370ms
[11.246s][info][gc,cpu       ] GC(592) User=0.00s Sys=0.00s Real=0.00s
[11.263s][info][gc,start     ] GC(593) Pause Young (Allocation Failure)
[11.264s][info][gc,heap      ] GC(593) DefNew: 140195K->419K(157248K)
[11.264s][info][gc,heap      ] GC(593) Tenured: 18777K->18807K(349568K)
[11.264s][info][gc,metaspace ] GC(593) Metaspace: 13368K->13368K(1060864K)
[11.264s][info][gc           ] GC(593) Pause Young (Allocation Failure) 155M->18M(494M) 0.428ms
[11.264s][info][gc,cpu       ] GC(593) User=0.00s Sys=0.00s Real=0.00s
[11.281s][info][gc,start     ] GC(594) Pause Young (Allocation Failure)
[11.282s][info][gc,heap      ] GC(594) DefNew: 140195K->428K(157248K)
[11.282s][info][gc,heap      ] GC(594) Tenured: 18807K->18826K(349568K)
[11.282s][info][gc,metaspace ] GC(594) Metaspace: 13368K->13368K(1060864K)
[11.282s][info][gc           ] GC(594) Pause Young (Allocation Failure) 155M->18M(494M) 0.412ms
[11.282s][info][gc,cpu       ] GC(594) User=0.00s Sys=0.00s Real=0.00s
[11.298s][info][gc,start     ] GC(595) Pause Young (Allocation Failure)
[11.299s][info][gc,heap      ] GC(595) DefNew: 140204K->426K(157248K)
[11.299s][info][gc,heap      ] GC(595) Tenured: 18826K->18856K(349568K)
[11.299s][info][gc,metaspace ] GC(595) Metaspace: 13368K->13368K(1060864K)
[11.299s][info][gc           ] GC(595) Pause Young (Allocation Failure) 155M->18M(494M) 0.391ms
[11.299s][info][gc,cpu       ] GC(595) User=0.00s Sys=0.00s Real=0.01s
[11.316s][info][gc,start     ] GC(596) Pause Young (Allocation Failure)
[11.316s][info][gc,heap      ] GC(596) DefNew: 140202K->425K(157248K)
[11.316s][info][gc,heap      ] GC(596) Tenured: 18856K->18885K(349568K)
[11.316s][info][gc,metaspace ] GC(596) Metaspace: 13368K->13368K(1060864K)
[11.316s][info][gc           ] GC(596) Pause Young (Allocation Failure) 155M->18M(494M) 0.438ms
[11.316s][info][gc,cpu       ] GC(596) User=0.00s Sys=0.00s Real=0.00s
[11.332s][info][gc,start     ] GC(597) Pause Young (Allocation Failure)
[11.332s][info][gc,heap      ] GC(597) DefNew: 140201K->423K(157248K)
[11.332s][info][gc,heap      ] GC(597) Tenured: 18885K->18914K(349568K)
[11.332s][info][gc,metaspace ] GC(597) Metaspace: 13368K->13368K(1060864K)
[11.332s][info][gc           ] GC(597) Pause Young (Allocation Failure) 155M->18M(494M) 0.385ms
[11.332s][info][gc,cpu       ] GC(597) User=0.01s Sys=0.00s Real=0.00s
[11.347s][info][gc,start     ] GC(598) Pause Young (Allocation Failure)
[11.347s][info][gc,heap      ] GC(598) DefNew: 140199K->420K(157248K)
[11.347s][info][gc,heap      ] GC(598) Tenured: 18914K->18944K(349568K)
[11.347s][info][gc,metaspace ] GC(598) Metaspace: 13368K->13368K(1060864K)
[11.347s][info][gc           ] GC(598) Pause Young (Allocation Failure) 155M->18M(494M) 0.383ms
[11.347s][info][gc,cpu       ] GC(598) User=0.00s Sys=0.00s Real=0.00s
[11.364s][info][gc,start     ] GC(599) Pause Young (Allocation Failure)
[11.365s][info][gc,heap      ] GC(599) DefNew: 140196K->419K(157248K)
[11.365s][info][gc,heap      ] GC(599) Tenured: 18944K->18973K(349568K)
[11.365s][info][gc,metaspace ] GC(599) Metaspace: 13368K->13368K(1060864K)
[11.365s][info][gc           ] GC(599) Pause Young (Allocation Failure) 155M->18M(494M) 0.375ms
[11.365s][info][gc,cpu       ] GC(599) User=0.00s Sys=0.00s Real=0.00s
[11.383s][info][gc,start     ] GC(600) Pause Young (Allocation Failure)
[11.383s][info][gc,heap      ] GC(600) DefNew: 140195K->428K(157248K)
[11.383s][info][gc,heap      ] GC(600) Tenured: 18973K->18993K(349568K)
[11.383s][info][gc,metaspace ] GC(600) Metaspace: 13368K->13368K(1060864K)
[11.383s][info][gc           ] GC(600) Pause Young (Allocation Failure) 155M->18M(494M) 0.405ms
[11.383s][info][gc,cpu       ] GC(600) User=0.00s Sys=0.00s Real=0.00s
[11.401s][info][gc,start     ] GC(601) Pause Young (Allocation Failure)
[11.401s][info][gc,heap      ] GC(601) DefNew: 140204K->427K(157248K)
[11.401s][info][gc,heap      ] GC(601) Tenured: 18993K->19022K(349568K)
[11.401s][info][gc,metaspace ] GC(601) Metaspace: 13368K->13368K(1060864K)
[11.401s][info][gc           ] GC(601) Pause Young (Allocation Failure) 155M->18M(494M) 0.411ms
[11.401s][info][gc,cpu       ] GC(601) User=0.00s Sys=0.00s Real=0.00s
[11.421s][info][gc,start     ] GC(602) Pause Young (Allocation Failure)
[11.421s][info][gc,heap      ] GC(602) DefNew: 140203K->426K(157248K)
[11.421s][info][gc,heap      ] GC(602) Tenured: 19022K->19051K(349568K)
[11.421s][info][gc,metaspace ] GC(602) Metaspace: 13368K->13368K(1060864K)
[11.421s][info][gc           ] GC(602) Pause Young (Allocation Failure) 155M->19M(494M) 0.419ms
[11.421s][info][gc,cpu       ] GC(602) User=0.00s Sys=0.00s Real=0.00s
[11.440s][info][gc,start     ] GC(603) Pause Young (Allocation Failure)
[11.441s][info][gc,heap      ] GC(603) DefNew: 140202K->425K(157248K)
[11.441s][info][gc,heap      ] GC(603) Tenured: 19051K->19081K(349568K)
[11.441s][info][gc,metaspace ] GC(603) Metaspace: 13368K->13368K(1060864K)
[11.441s][info][gc           ] GC(603) Pause Young (Allocation Failure) 155M->19M(494M) 0.563ms
[11.441s][info][gc,cpu       ] GC(603) User=0.00s Sys=0.00s Real=0.00s
[11.459s][info][gc,start     ] GC(604) Pause Young (Allocation Failure)
[11.460s][info][gc,heap      ] GC(604) DefNew: 140201K->422K(157248K)
[11.460s][info][gc,heap      ] GC(604) Tenured: 19081K->19110K(349568K)
[11.460s][info][gc,metaspace ] GC(604) Metaspace: 13368K->13368K(1060864K)
[11.460s][info][gc           ] GC(604) Pause Young (Allocation Failure) 155M->19M(494M) 0.669ms
[11.460s][info][gc,cpu       ] GC(604) User=0.00s Sys=0.00s Real=0.00s
[11.477s][info][gc,start     ] GC(605) Pause Young (Allocation Failure)
[11.477s][info][gc,heap      ] GC(605) DefNew: 140198K->420K(157248K)
[11.477s][info][gc,heap      ] GC(605) Tenured: 19110K->19139K(349568K)
[11.477s][info][gc,metaspace ] GC(605) Metaspace: 13368K->13368K(1060864K)
[11.477s][info][gc           ] GC(605) Pause Young (Allocation Failure) 155M->19M(494M) 0.471ms
[11.477s][info][gc,cpu       ] GC(605) User=0.00s Sys=0.00s Real=0.00s
[11.495s][info][gc,start     ] GC(606) Pause Young (Allocation Failure)
[11.495s][info][gc,heap      ] GC(606) DefNew: 140196K->419K(157248K)
[11.496s][info][gc,heap      ] GC(606) Tenured: 19139K->19169K(349568K)
[11.496s][info][gc,metaspace ] GC(606) Metaspace: 13368K->13368K(1060864K)
[11.496s][info][gc           ] GC(606) Pause Young (Allocation Failure) 155M->19M(494M) 0.469ms
[11.496s][info][gc,cpu       ] GC(606) User=0.00s Sys=0.00s Real=0.00s
[11.513s][info][gc,start     ] GC(607) Pause Young (Allocation Failure)
[11.514s][info][gc,heap      ] GC(607) DefNew: 140195K->428K(157248K)
[11.514s][info][gc,heap      ] GC(607) Tenured: 19169K->19188K(349568K)
[11.514s][info][gc,metaspace ] GC(607) Metaspace: 13368K->13368K(1060864K)
[11.514s][info][gc           ] GC(607) Pause Young (Allocation Failure) 155M->19M(494M) 0.412ms
[11.514s][info][gc,cpu       ] GC(607) User=0.00s Sys=0.00s Real=0.00s
[11.530s][info][gc,start     ] GC(608) Pause Young (Allocation Failure)
[11.530s][info][gc,heap      ] GC(608) DefNew: 140204K->427K(157248K)
[11.530s][info][gc,heap      ] GC(608) Tenured: 19188K->19218K(349568K)
[11.530s][info][gc,metaspace ] GC(608) Metaspace: 13368K->13368K(1060864K)
[11.530s][info][gc           ] GC(608) Pause Young (Allocation Failure) 155M->19M(494M) 0.414ms
[11.530s][info][gc,cpu       ] GC(608) User=0.00s Sys=0.00s Real=0.00s
[11.546s][info][gc,start     ] GC(609) Pause Young (Allocation Failure)
[11.547s][info][gc,heap      ] GC(609) DefNew: 140203K->425K(157248K)
[11.547s][info][gc,heap      ] GC(609) Tenured: 19218K->19247K(349568K)
[11.547s][info][gc,metaspace ] GC(609) Metaspace: 13368K->13368K(1060864K)
[11.547s][info][gc           ] GC(609) Pause Young (Allocation Failure) 155M->19M(494M) 0.451ms
[11.547s][info][gc,cpu       ] GC(609) User=0.00s Sys=0.00s Real=0.00s
[11.564s][info][gc,start     ] GC(610) Pause Young (Allocation Failure)
[11.564s][info][gc,heap      ] GC(610) DefNew: 140201K->445K(157248K)
[11.564s][info][gc,heap      ] GC(610) Tenured: 19247K->19276K(349568K)
[11.564s][info][gc,metaspace ] GC(610) Metaspace: 13375K->13375K(1060864K)
[11.564s][info][gc           ] GC(610) Pause Young (Allocation Failure) 155M->19M(494M) 0.479ms
[11.564s][info][gc,cpu       ] GC(610) User=0.00s Sys=0.00s Real=0.00s
[11.591s][info][gc,start     ] GC(611) Pause Young (Allocation Failure)
[11.591s][info][gc,heap      ] GC(611) DefNew: 140221K->420K(157248K)
[11.591s][info][gc,heap      ] GC(611) Tenured: 19276K->19306K(349568K)
[11.591s][info][gc,metaspace ] GC(611) Metaspace: 13376K->13376K(1060864K)
[11.591s][info][gc           ] GC(611) Pause Young (Allocation Failure) 155M->19M(494M) 0.485ms
[11.591s][info][gc,cpu       ] GC(611) User=0.00s Sys=0.00s Real=0.00s
[11.620s][info][gc,start     ] GC(612) Pause Young (Allocation Failure)
[11.621s][info][gc,heap      ] GC(612) DefNew: 140196K->419K(157248K)
[11.621s][info][gc,heap      ] GC(612) Tenured: 19306K->19335K(349568K)
[11.621s][info][gc,metaspace ] GC(612) Metaspace: 13376K->13376K(1060864K)
[11.621s][info][gc           ] GC(612) Pause Young (Allocation Failure) 155M->19M(494M) 0.392ms
[11.621s][info][gc,cpu       ] GC(612) User=0.00s Sys=0.00s Real=0.00s
[11.637s][info][gc,start     ] GC(613) Pause Young (Allocation Failure)
[11.638s][info][gc,heap      ] GC(613) DefNew: 140195K->428K(157248K)
[11.638s][info][gc,heap      ] GC(613) Tenured: 19335K->19354K(349568K)
[11.638s][info][gc,metaspace ] GC(613) Metaspace: 13376K->13376K(1060864K)
[11.638s][info][gc           ] GC(613) Pause Young (Allocation Failure) 155M->19M(494M) 0.398ms
[11.638s][info][gc,cpu       ] GC(613) User=0.00s Sys=0.00s Real=0.00s
[11.655s][info][gc,start     ] GC(614) Pause Young (Allocation Failure)
[11.655s][info][gc,heap      ] GC(614) DefNew: 140204K->427K(157248K)
[11.655s][info][gc,heap      ] GC(614) Tenured: 19354K->19384K(349568K)
[11.655s][info][gc,metaspace ] GC(614) Metaspace: 13376K->13376K(1060864K)
[11.655s][info][gc           ] GC(614) Pause Young (Allocation Failure) 155M->19M(494M) 0.432ms
[11.655s][info][gc,cpu       ] GC(614) User=0.00s Sys=0.00s Real=0.00s
[11.674s][info][gc,start     ] GC(615) Pause Young (Allocation Failure)
[11.674s][info][gc,heap      ] GC(615) DefNew: 140203K->426K(157248K)
[11.674s][info][gc,heap      ] GC(615) Tenured: 19384K->19413K(349568K)
[11.674s][info][gc,metaspace ] GC(615) Metaspace: 13376K->13376K(1060864K)
[11.674s][info][gc           ] GC(615) Pause Young (Allocation Failure) 155M->19M(494M) 0.404ms
[11.674s][info][gc,cpu       ] GC(615) User=0.00s Sys=0.00s Real=0.00s
[11.693s][info][gc,start     ] GC(616) Pause Young (Allocation Failure)
[11.693s][info][gc,heap      ] GC(616) DefNew: 140202K->424K(157248K)
[11.693s][info][gc,heap      ] GC(616) Tenured: 19413K->19443K(349568K)
[11.693s][info][gc,metaspace ] GC(616) Metaspace: 13376K->13376K(1060864K)
[11.693s][info][gc           ] GC(616) Pause Young (Allocation Failure) 155M->19M(494M) 0.465ms
[11.693s][info][gc,cpu       ] GC(616) User=0.00s Sys=0.00s Real=0.00s
[11.711s][info][gc,start     ] GC(617) Pause Young (Allocation Failure)
[11.712s][info][gc,heap      ] GC(617) DefNew: 140200K->422K(157248K)
[11.712s][info][gc,heap      ] GC(617) Tenured: 19443K->19472K(349568K)
[11.712s][info][gc,metaspace ] GC(617) Metaspace: 13376K->13376K(1060864K)
[11.712s][info][gc           ] GC(617) Pause Young (Allocation Failure) 155M->19M(494M) 0.647ms
[11.712s][info][gc,cpu       ] GC(617) User=0.01s Sys=0.00s Real=0.00s
[11.728s][info][gc,start     ] GC(618) Pause Young (Allocation Failure)
[11.728s][info][gc,heap      ] GC(618) DefNew: 140198K->420K(157248K)
[11.728s][info][gc,heap      ] GC(618) Tenured: 19472K->19501K(349568K)
[11.728s][info][gc,metaspace ] GC(618) Metaspace: 13376K->13376K(1060864K)
[11.728s][info][gc           ] GC(618) Pause Young (Allocation Failure) 155M->19M(494M) 0.343ms
[11.729s][info][gc,cpu       ] GC(618) User=0.00s Sys=0.00s Real=0.00s
[11.745s][info][gc,start     ] GC(619) Pause Young (Allocation Failure)
[11.745s][info][gc,heap      ] GC(619) DefNew: 140196K->419K(157248K)
[11.745s][info][gc,heap      ] GC(619) Tenured: 19501K->19531K(349568K)
[11.745s][info][gc,metaspace ] GC(619) Metaspace: 13376K->13376K(1060864K)
[11.745s][info][gc           ] GC(619) Pause Young (Allocation Failure) 155M->19M(494M) 0.372ms
[11.745s][info][gc,cpu       ] GC(619) User=0.00s Sys=0.00s Real=0.00s
[11.761s][info][gc,start     ] GC(620) Pause Young (Allocation Failure)
[11.762s][info][gc,heap      ] GC(620) DefNew: 140195K->428K(157248K)
[11.762s][info][gc,heap      ] GC(620) Tenured: 19531K->19550K(349568K)
[11.762s][info][gc,metaspace ] GC(620) Metaspace: 13376K->13376K(1060864K)
[11.762s][info][gc           ] GC(620) Pause Young (Allocation Failure) 155M->19M(494M) 0.545ms
[11.762s][info][gc,cpu       ] GC(620) User=0.00s Sys=0.00s Real=0.00s
[11.779s][info][gc,start     ] GC(621) Pause Young (Allocation Failure)
[11.780s][info][gc,heap      ] GC(621) DefNew: 140204K->427K(157248K)
[11.780s][info][gc,heap      ] GC(621) Tenured: 19550K->19579K(349568K)
[11.780s][info][gc,metaspace ] GC(621) Metaspace: 13376K->13376K(1060864K)
[11.780s][info][gc           ] GC(621) Pause Young (Allocation Failure) 156M->19M(494M) 0.440ms
[11.780s][info][gc,cpu       ] GC(621) User=0.00s Sys=0.00s Real=0.00s
[11.797s][info][gc,start     ] GC(622) Pause Young (Allocation Failure)
[11.797s][info][gc,heap      ] GC(622) DefNew: 140203K->425K(157248K)
[11.797s][info][gc,heap      ] GC(622) Tenured: 19579K->19609K(349568K)
[11.797s][info][gc,metaspace ] GC(622) Metaspace: 13376K->13376K(1060864K)
[11.797s][info][gc           ] GC(622) Pause Young (Allocation Failure) 156M->19M(494M) 0.477ms
[11.797s][info][gc,cpu       ] GC(622) User=0.00s Sys=0.00s Real=0.00s
[11.816s][info][gc,start     ] GC(623) Pause Young (Allocation Failure)
[11.817s][info][gc,heap      ] GC(623) DefNew: 140201K->424K(157248K)
[11.817s][info][gc,heap      ] GC(623) Tenured: 19609K->19638K(349568K)
[11.817s][info][gc,metaspace ] GC(623) Metaspace: 13376K->13376K(1060864K)
[11.817s][info][gc           ] GC(623) Pause Young (Allocation Failure) 156M->19M(494M) 0.448ms
[11.817s][info][gc,cpu       ] GC(623) User=0.00s Sys=0.00s Real=0.00s
[11.834s][info][gc,start     ] GC(624) Pause Young (Allocation Failure)
[11.834s][info][gc,heap      ] GC(624) DefNew: 140200K->420K(157248K)
[11.834s][info][gc,heap      ] GC(624) Tenured: 19638K->19667K(349568K)
[11.834s][info][gc,metaspace ] GC(624) Metaspace: 13376K->13376K(1060864K)
[11.834s][info][gc           ] GC(624) Pause Young (Allocation Failure) 156M->19M(494M) 0.342ms
[11.834s][info][gc,cpu       ] GC(624) User=0.00s Sys=0.00s Real=0.00s
[11.852s][info][gc,start     ] GC(625) Pause Young (Allocation Failure)
[11.853s][info][gc,heap      ] GC(625) DefNew: 140196K->419K(157248K)
[11.853s][info][gc,heap      ] GC(625) Tenured: 19667K->19697K(349568K)
[11.853s][info][gc,metaspace ] GC(625) Metaspace: 13376K->13376K(1060864K)
[11.853s][info][gc           ] GC(625) Pause Young (Allocation Failure) 156M->19M(494M) 0.408ms
[11.853s][info][gc,cpu       ] GC(625) User=0.00s Sys=0.00s Real=0.00s
[11.870s][info][gc,start     ] GC(626) Pause Young (Allocation Failure)
[11.870s][info][gc,heap      ] GC(626) DefNew: 140195K->428K(157248K)
[11.870s][info][gc,heap      ] GC(626) Tenured: 19697K->19717K(349568K)
[11.870s][info][gc,metaspace ] GC(626) Metaspace: 13376K->13376K(1060864K)
[11.871s][info][gc           ] GC(626) Pause Young (Allocation Failure) 156M->19M(494M) 0.421ms
[11.871s][info][gc,cpu       ] GC(626) User=0.00s Sys=0.00s Real=0.00s
[11.886s][info][gc,start     ] GC(627) Pause Young (Allocation Failure)
[11.887s][info][gc,heap      ] GC(627) DefNew: 140204K->427K(157248K)
[11.887s][info][gc,heap      ] GC(627) Tenured: 19717K->19746K(349568K)
[11.887s][info][gc,metaspace ] GC(627) Metaspace: 13376K->13376K(1060864K)
[11.887s][info][gc           ] GC(627) Pause Young (Allocation Failure) 156M->19M(494M) 0.408ms
[11.887s][info][gc,cpu       ] GC(627) User=0.00s Sys=0.00s Real=0.00s
[11.903s][info][gc,start     ] GC(628) Pause Young (Allocation Failure)
[11.904s][info][gc,heap      ] GC(628) DefNew: 140203K->426K(157248K)
[11.904s][info][gc,heap      ] GC(628) Tenured: 19746K->19775K(349568K)
[11.904s][info][gc,metaspace ] GC(628) Metaspace: 13376K->13376K(1060864K)
[11.904s][info][gc           ] GC(628) Pause Young (Allocation Failure) 156M->19M(494M) 0.408ms
[11.904s][info][gc,cpu       ] GC(628) User=0.00s Sys=0.00s Real=0.00s
[11.920s][info][gc,start     ] GC(629) Pause Young (Allocation Failure)
[11.920s][info][gc,heap      ] GC(629) DefNew: 140202K->425K(157248K)
[11.921s][info][gc,heap      ] GC(629) Tenured: 19775K->19805K(349568K)
[11.921s][info][gc,metaspace ] GC(629) Metaspace: 13376K->13376K(1060864K)
[11.921s][info][gc           ] GC(629) Pause Young (Allocation Failure) 156M->19M(494M) 0.434ms
[11.921s][info][gc,cpu       ] GC(629) User=0.00s Sys=0.00s Real=0.00s
[11.937s][info][gc,start     ] GC(630) Pause Young (Allocation Failure)
[11.937s][info][gc,heap      ] GC(630) DefNew: 140201K->422K(157248K)
[11.938s][info][gc,heap      ] GC(630) Tenured: 19805K->19834K(349568K)
[11.938s][info][gc,metaspace ] GC(630) Metaspace: 13376K->13376K(1060864K)
[11.938s][info][gc           ] GC(630) Pause Young (Allocation Failure) 156M->19M(494M) 0.437ms
[11.938s][info][gc,cpu       ] GC(630) User=0.00s Sys=0.00s Real=0.00s
[11.953s][info][gc,start     ] GC(631) Pause Young (Allocation Failure)
[11.953s][info][gc,heap      ] GC(631) DefNew: 140198K->420K(157248K)
[11.954s][info][gc,heap      ] GC(631) Tenured: 19834K->19863K(349568K)
[11.954s][info][gc,metaspace ] GC(631) Metaspace: 13376K->13376K(1060864K)
[11.954s][info][gc           ] GC(631) Pause Young (Allocation Failure) 156M->19M(494M) 0.367ms
[11.954s][info][gc,cpu       ] GC(631) User=0.00s Sys=0.00s Real=0.00s
[11.971s][info][gc,start     ] GC(632) Pause Young (Allocation Failure)
[11.971s][info][gc,heap      ] GC(632) DefNew: 140196K->419K(157248K)
[11.971s][info][gc,heap      ] GC(632) Tenured: 19863K->19893K(349568K)
[11.971s][info][gc,metaspace ] GC(632) Metaspace: 13376K->13376K(1060864K)
[11.971s][info][gc           ] GC(632) Pause Young (Allocation Failure) 156M->19M(494M) 0.423ms
[11.971s][info][gc,cpu       ] GC(632) User=0.00s Sys=0.00s Real=0.00s
[11.988s][info][gc,start     ] GC(633) Pause Young (Allocation Failure)
[11.989s][info][gc,heap      ] GC(633) DefNew: 140195K->428K(157248K)
[11.989s][info][gc,heap      ] GC(633) Tenured: 19893K->19912K(349568K)
[11.989s][info][gc,metaspace ] GC(633) Metaspace: 13376K->13376K(1060864K)
[11.989s][info][gc           ] GC(633) Pause Young (Allocation Failure) 156M->19M(494M) 0.422ms
[11.989s][info][gc,cpu       ] GC(633) User=0.00s Sys=0.00s Real=0.01s
[12.005s][info][gc,start     ] GC(634) Pause Young (Allocation Failure)
[12.006s][info][gc,heap      ] GC(634) DefNew: 140204K->427K(157248K)
[12.006s][info][gc,heap      ] GC(634) Tenured: 19912K->19941K(349568K)
[12.006s][info][gc,metaspace ] GC(634) Metaspace: 13376K->13376K(1060864K)
[12.006s][info][gc           ] GC(634) Pause Young (Allocation Failure) 156M->19M(494M) 0.421ms
[12.006s][info][gc,cpu       ] GC(634) User=0.00s Sys=0.00s Real=0.00s
[12.021s][info][gc,start     ] GC(635) Pause Young (Allocation Failure)
[12.022s][info][gc,heap      ] GC(635) DefNew: 140203K->425K(157248K)
[12.022s][info][gc,heap      ] GC(635) Tenured: 19941K->19971K(349568K)
[12.022s][info][gc,metaspace ] GC(635) Metaspace: 13376K->13376K(1060864K)
[12.022s][info][gc           ] GC(635) Pause Young (Allocation Failure) 156M->19M(494M) 0.402ms
[12.022s][info][gc,cpu       ] GC(635) User=0.00s Sys=0.00s Real=0.00s
[12.037s][info][gc,start     ] GC(636) Pause Young (Allocation Failure)
[12.037s][info][gc,heap      ] GC(636) DefNew: 140201K->424K(157248K)
[12.037s][info][gc,heap      ] GC(636) Tenured: 19971K->20000K(349568K)
[12.037s][info][gc,metaspace ] GC(636) Metaspace: 13376K->13376K(1060864K)
[12.037s][info][gc           ] GC(636) Pause Young (Allocation Failure) 156M->19M(494M) 0.391ms
[12.037s][info][gc,cpu       ] GC(636) User=0.00s Sys=0.00s Real=0.00s
[12.052s][info][gc,start     ] GC(637) Pause Young (Allocation Failure)
[12.052s][info][gc,heap      ] GC(637) DefNew: 140200K->420K(157248K)
[12.052s][info][gc,heap      ] GC(637) Tenured: 20000K->20030K(349568K)
[12.052s][info][gc,metaspace ] GC(637) Metaspace: 13376K->13376K(1060864K)
[12.052s][info][gc           ] GC(637) Pause Young (Allocation Failure) 156M->19M(494M) 0.408ms
[12.052s][info][gc,cpu       ] GC(637) User=0.00s Sys=0.00s Real=0.00s
[12.071s][info][gc,start     ] GC(638) Pause Young (Allocation Failure)
[12.071s][info][gc,heap      ] GC(638) DefNew: 140196K->419K(157248K)
[12.071s][info][gc,heap      ] GC(638) Tenured: 20030K->20059K(349568K)
[12.071s][info][gc,metaspace ] GC(638) Metaspace: 13376K->13376K(1060864K)
[12.071s][info][gc           ] GC(638) Pause Young (Allocation Failure) 156M->19M(494M) 0.404ms
[12.071s][info][gc,cpu       ] GC(638) User=0.00s Sys=0.00s Real=0.00s
[12.087s][info][gc,start     ] GC(639) Pause Young (Allocation Failure)
[12.087s][info][gc,heap      ] GC(639) DefNew: 140195K->428K(157248K)
[12.087s][info][gc,heap      ] GC(639) Tenured: 20059K->20078K(349568K)
[12.087s][info][gc,metaspace ] GC(639) Metaspace: 13376K->13376K(1060864K)
[12.087s][info][gc           ] GC(639) Pause Young (Allocation Failure) 156M->20M(494M) 0.371ms
[12.087s][info][gc,cpu       ] GC(639) User=0.01s Sys=0.00s Real=0.00s
[12.106s][info][gc,start     ] GC(640) Pause Young (Allocation Failure)
[12.107s][info][gc,heap      ] GC(640) DefNew: 140204K->427K(157248K)
[12.107s][info][gc,heap      ] GC(640) Tenured: 20078K->20108K(349568K)
[12.107s][info][gc,metaspace ] GC(640) Metaspace: 13376K->13376K(1060864K)
[12.107s][info][gc           ] GC(640) Pause Young (Allocation Failure) 156M->20M(494M) 0.585ms
[12.107s][info][gc,cpu       ] GC(640) User=0.00s Sys=0.00s Real=0.00s
[12.125s][info][gc,start     ] GC(641) Pause Young (Allocation Failure)
[12.125s][info][gc,heap      ] GC(641) DefNew: 140203K->426K(157248K)
[12.125s][info][gc,heap      ] GC(641) Tenured: 20108K->20137K(349568K)
[12.125s][info][gc,metaspace ] GC(641) Metaspace: 13376K->13376K(1060864K)
[12.125s][info][gc           ] GC(641) Pause Young (Allocation Failure) 156M->20M(494M) 0.456ms
[12.125s][info][gc,cpu       ] GC(641) User=0.00s Sys=0.00s Real=0.00s
[12.142s][info][gc,start     ] GC(642) Pause Young (Allocation Failure)
[12.142s][info][gc,heap      ] GC(642) DefNew: 140202K->425K(157248K)
[12.142s][info][gc,heap      ] GC(642) Tenured: 20137K->20166K(349568K)
[12.142s][info][gc,metaspace ] GC(642) Metaspace: 13376K->13376K(1060864K)
[12.142s][info][gc           ] GC(642) Pause Young (Allocation Failure) 156M->20M(494M) 0.407ms
[12.142s][info][gc,cpu       ] GC(642) User=0.00s Sys=0.00s Real=0.00s
[12.158s][info][gc,start     ] GC(643) Pause Young (Allocation Failure)
[12.158s][info][gc,heap      ] GC(643) DefNew: 140201K->423K(157248K)
[12.159s][info][gc,heap      ] GC(643) Tenured: 20166K->20196K(349568K)
[12.159s][info][gc,metaspace ] GC(643) Metaspace: 13376K->13376K(1060864K)
[12.159s][info][gc           ] GC(643) Pause Young (Allocation Failure) 156M->20M(494M) 0.495ms
[12.159s][info][gc,cpu       ] GC(643) User=0.00s Sys=0.00s Real=0.00s
[12.176s][info][gc,start     ] GC(644) Pause Young (Allocation Failure)
[12.177s][info][gc,heap      ] GC(644) DefNew: 140199K->420K(157248K)
[12.177s][info][gc,heap      ] GC(644) Tenured: 20196K->20225K(349568K)
[12.177s][info][gc,metaspace ] GC(644) Metaspace: 13376K->13376K(1060864K)
[12.177s][info][gc           ] GC(644) Pause Young (Allocation Failure) 156M->20M(494M) 0.457ms
[12.177s][info][gc,cpu       ] GC(644) User=0.00s Sys=0.00s Real=0.00s
[12.195s][info][gc,start     ] GC(645) Pause Young (Allocation Failure)
[12.196s][info][gc,heap      ] GC(645) DefNew: 140196K->419K(157248K)
[12.196s][info][gc,heap      ] GC(645) Tenured: 20225K->20254K(349568K)
[12.196s][info][gc,metaspace ] GC(645) Metaspace: 13376K->13376K(1060864K)
[12.196s][info][gc           ] GC(645) Pause Young (Allocation Failure) 156M->20M(494M) 0.457ms
[12.196s][info][gc,cpu       ] GC(645) User=0.00s Sys=0.00s Real=0.00s
[12.215s][info][gc,start     ] GC(646) Pause Young (Allocation Failure)
[12.215s][info][gc,heap      ] GC(646) DefNew: 140195K->428K(157248K)
[12.215s][info][gc,heap      ] GC(646) Tenured: 20254K->20274K(349568K)
[12.215s][info][gc,metaspace ] GC(646) Metaspace: 13376K->13376K(1060864K)
[12.215s][info][gc           ] GC(646) Pause Young (Allocation Failure) 156M->20M(494M) 0.396ms
[12.215s][info][gc,cpu       ] GC(646) User=0.00s Sys=0.00s Real=0.00s
[12.232s][info][gc,start     ] GC(647) Pause Young (Allocation Failure)
[12.232s][info][gc,heap      ] GC(647) DefNew: 140204K->427K(157248K)
[12.232s][info][gc,heap      ] GC(647) Tenured: 20274K->20303K(349568K)
[12.232s][info][gc,metaspace ] GC(647) Metaspace: 13376K->13376K(1060864K)
[12.232s][info][gc           ] GC(647) Pause Young (Allocation Failure) 156M->20M(494M) 0.575ms
[12.232s][info][gc,cpu       ] GC(647) User=0.00s Sys=0.00s Real=0.00s
[12.251s][info][gc,start     ] GC(648) Pause Young (Allocation Failure)
[12.252s][info][gc,heap      ] GC(648) DefNew: 140203K->426K(157248K)
[12.252s][info][gc,heap      ] GC(648) Tenured: 20303K->20333K(349568K)
[12.252s][info][gc,metaspace ] GC(648) Metaspace: 13376K->13376K(1060864K)
[12.252s][info][gc           ] GC(648) Pause Young (Allocation Failure) 156M->20M(494M) 0.493ms
[12.252s][info][gc,cpu       ] GC(648) User=0.00s Sys=0.00s Real=0.00s
[12.270s][info][gc,start     ] GC(649) Pause Young (Allocation Failure)
[12.271s][info][gc,heap      ] GC(649) DefNew: 140202K->424K(157248K)
[12.271s][info][gc,heap      ] GC(649) Tenured: 20333K->20362K(349568K)
[12.271s][info][gc,metaspace ] GC(649) Metaspace: 13376K->13376K(1060864K)
[12.271s][info][gc           ] GC(649) Pause Young (Allocation Failure) 156M->20M(494M) 0.499ms
[12.271s][info][gc,cpu       ] GC(649) User=0.00s Sys=0.00s Real=0.00s
[12.290s][info][gc,start     ] GC(650) Pause Young (Allocation Failure)
[12.291s][info][gc,heap      ] GC(650) DefNew: 140200K->421K(157248K)
[12.291s][info][gc,heap      ] GC(650) Tenured: 20362K->20391K(349568K)
[12.291s][info][gc,metaspace ] GC(650) Metaspace: 13376K->13376K(1060864K)
[12.291s][info][gc           ] GC(650) Pause Young (Allocation Failure) 156M->20M(494M) 0.442ms
[12.291s][info][gc,cpu       ] GC(650) User=0.00s Sys=0.00s Real=0.00s
[12.309s][info][gc,start     ] GC(651) Pause Young (Allocation Failure)
[12.309s][info][gc,heap      ] GC(651) DefNew: 140197K->419K(157248K)
[12.309s][info][gc,heap      ] GC(651) Tenured: 20391K->20421K(349568K)
[12.309s][info][gc,metaspace ] GC(651) Metaspace: 13376K->13376K(1060864K)
[12.309s][info][gc           ] GC(651) Pause Young (Allocation Failure) 156M->20M(494M) 0.445ms
[12.309s][info][gc,cpu       ] GC(651) User=0.00s Sys=0.00s Real=0.01s
[12.329s][info][gc,start     ] GC(652) Pause Young (Allocation Failure)
[12.330s][info][gc,heap      ] GC(652) DefNew: 140195K->428K(157248K)
[12.330s][info][gc,heap      ] GC(652) Tenured: 20421K->20440K(349568K)
[12.330s][info][gc,metaspace ] GC(652) Metaspace: 13376K->13376K(1060864K)
[12.330s][info][gc           ] GC(652) Pause Young (Allocation Failure) 156M->20M(494M) 0.461ms
[12.330s][info][gc,cpu       ] GC(652) User=0.00s Sys=0.00s Real=0.00s
[12.347s][info][gc,start     ] GC(653) Pause Young (Allocation Failure)
[12.347s][info][gc,heap      ] GC(653) DefNew: 140204K->427K(157248K)
[12.347s][info][gc,heap      ] GC(653) Tenured: 20440K->20470K(349568K)
[12.347s][info][gc,metaspace ] GC(653) Metaspace: 13376K->13376K(1060864K)
[12.347s][info][gc           ] GC(653) Pause Young (Allocation Failure) 156M->20M(494M) 0.386ms
[12.347s][info][gc,cpu       ] GC(653) User=0.00s Sys=0.00s Real=0.00s
[12.364s][info][gc,start     ] GC(654) Pause Young (Allocation Failure)
[12.365s][info][gc,heap      ] GC(654) DefNew: 140203K->426K(157248K)
[12.365s][info][gc,heap      ] GC(654) Tenured: 20470K->20499K(349568K)
[12.365s][info][gc,metaspace ] GC(654) Metaspace: 13376K->13376K(1060864K)
[12.365s][info][gc           ] GC(654) Pause Young (Allocation Failure) 156M->20M(494M) 0.617ms
[12.365s][info][gc,cpu       ] GC(654) User=0.01s Sys=0.00s Real=0.00s
[12.382s][info][gc,start     ] GC(655) Pause Young (Allocation Failure)
[12.383s][info][gc,heap      ] GC(655) DefNew: 140202K->425K(157248K)
[12.383s][info][gc,heap      ] GC(655) Tenured: 20499K->20528K(349568K)
[12.383s][info][gc,metaspace ] GC(655) Metaspace: 13376K->13376K(1060864K)
[12.383s][info][gc           ] GC(655) Pause Young (Allocation Failure) 156M->20M(494M) 0.423ms
[12.383s][info][gc,cpu       ] GC(655) User=0.00s Sys=0.00s Real=0.00s
[12.399s][info][gc,start     ] GC(656) Pause Young (Allocation Failure)
[12.399s][info][gc,heap      ] GC(656) DefNew: 140201K->423K(157248K)
[12.399s][info][gc,heap      ] GC(656) Tenured: 20528K->20558K(349568K)
[12.399s][info][gc,metaspace ] GC(656) Metaspace: 13376K->13376K(1060864K)
[12.399s][info][gc           ] GC(656) Pause Young (Allocation Failure) 156M->20M(494M) 0.422ms
[12.399s][info][gc,cpu       ] GC(656) User=0.00s Sys=0.00s Real=0.00s
[12.416s][info][gc,start     ] GC(657) Pause Young (Allocation Failure)
[12.416s][info][gc,heap      ] GC(657) DefNew: 140199K->420K(157248K)
[12.416s][info][gc,heap      ] GC(657) Tenured: 20558K->20587K(349568K)
[12.416s][info][gc,metaspace ] GC(657) Metaspace: 13376K->13376K(1060864K)
[12.416s][info][gc           ] GC(657) Pause Young (Allocation Failure) 156M->20M(494M) 0.413ms
[12.416s][info][gc,cpu       ] GC(657) User=0.00s Sys=0.00s Real=0.00s
[12.432s][info][gc,start     ] GC(658) Pause Young (Allocation Failure)
[12.432s][info][gc,heap      ] GC(658) DefNew: 140196K->419K(157248K)
[12.432s][info][gc,heap      ] GC(658) Tenured: 20587K->20616K(349568K)
[12.432s][info][gc,metaspace ] GC(658) Metaspace: 13376K->13376K(1060864K)
[12.432s][info][gc           ] GC(658) Pause Young (Allocation Failure) 157M->20M(494M) 0.373ms
[12.432s][info][gc,cpu       ] GC(658) User=0.00s Sys=0.00s Real=0.00s
[12.450s][info][gc,start     ] GC(659) Pause Young (Allocation Failure)
[12.450s][info][gc,heap      ] GC(659) DefNew: 140195K->428K(157248K)
[12.450s][info][gc,heap      ] GC(659) Tenured: 20616K->20636K(349568K)
[12.450s][info][gc,metaspace ] GC(659) Metaspace: 13376K->13376K(1060864K)
[12.450s][info][gc           ] GC(659) Pause Young (Allocation Failure) 157M->20M(494M) 0.405ms
[12.450s][info][gc,cpu       ] GC(659) User=0.00s Sys=0.00s Real=0.00s
[12.467s][info][gc,start     ] GC(660) Pause Young (Allocation Failure)
[12.468s][info][gc,heap      ] GC(660) DefNew: 140204K->427K(157248K)
[12.468s][info][gc,heap      ] GC(660) Tenured: 20636K->20665K(349568K)
[12.468s][info][gc,metaspace ] GC(660) Metaspace: 13376K->13376K(1060864K)
[12.468s][info][gc           ] GC(660) Pause Young (Allocation Failure) 157M->20M(494M) 0.405ms
[12.468s][info][gc,cpu       ] GC(660) User=0.01s Sys=0.00s Real=0.00s
[12.486s][info][gc,start     ] GC(661) Pause Young (Allocation Failure)
[12.486s][info][gc,heap      ] GC(661) DefNew: 140203K->426K(157248K)
[12.486s][info][gc,heap      ] GC(661) Tenured: 20665K->20695K(349568K)
[12.486s][info][gc,metaspace ] GC(661) Metaspace: 13376K->13376K(1060864K)
[12.486s][info][gc           ] GC(661) Pause Young (Allocation Failure) 157M->20M(494M) 0.452ms
[12.486s][info][gc,cpu       ] GC(661) User=0.00s Sys=0.00s Real=0.00s
[12.506s][info][gc,start     ] GC(662) Pause Young (Allocation Failure)
[12.507s][info][gc,heap      ] GC(662) DefNew: 140202K->424K(157248K)
[12.507s][info][gc,heap      ] GC(662) Tenured: 20695K->20724K(349568K)
[12.507s][info][gc,metaspace ] GC(662) Metaspace: 13376K->13376K(1060864K)
[12.507s][info][gc           ] GC(662) Pause Young (Allocation Failure) 157M->20M(494M) 0.638ms
[12.507s][info][gc,cpu       ] GC(662) User=0.00s Sys=0.00s Real=0.00s
[12.524s][info][gc,start     ] GC(663) Pause Young (Allocation Failure)
[12.524s][info][gc,heap      ] GC(663) DefNew: 140200K->422K(157248K)
[12.524s][info][gc,heap      ] GC(663) Tenured: 20724K->20753K(349568K)
[12.524s][info][gc,metaspace ] GC(663) Metaspace: 13376K->13376K(1060864K)
[12.524s][info][gc           ] GC(663) Pause Young (Allocation Failure) 157M->20M(494M) 0.484ms
[12.524s][info][gc,cpu       ] GC(663) User=0.00s Sys=0.00s Real=0.00s
[12.542s][info][gc,start     ] GC(664) Pause Young (Allocation Failure)
[12.543s][info][gc,heap      ] GC(664) DefNew: 140198K->420K(157248K)
[12.543s][info][gc,heap      ] GC(664) Tenured: 20753K->20783K(349568K)
[12.543s][info][gc,metaspace ] GC(664) Metaspace: 13376K->13376K(1060864K)
[12.543s][info][gc           ] GC(664) Pause Young (Allocation Failure) 157M->20M(494M) 0.477ms
[12.543s][info][gc,cpu       ] GC(664) User=0.00s Sys=0.00s Real=0.00s
[12.562s][info][gc,start     ] GC(665) Pause Young (Allocation Failure)
[12.562s][info][gc,heap      ] GC(665) DefNew: 140196K->422K(157248K)
[12.563s][info][gc,heap      ] GC(665) Tenured: 20783K->20812K(349568K)
[12.563s][info][gc,metaspace ] GC(665) Metaspace: 13376K->13376K(1060864K)
[12.563s][info][gc           ] GC(665) Pause Young (Allocation Failure) 157M->20M(494M) 0.530ms
[12.563s][info][gc,cpu       ] GC(665) User=0.00s Sys=0.00s Real=0.00s
[12.590s][info][gc,start     ] GC(666) Pause Young (Allocation Failure)
[12.591s][info][gc,heap      ] GC(666) DefNew: 140198K->428K(157248K)
[12.591s][info][gc,heap      ] GC(666) Tenured: 20812K->20832K(349568K)
[12.591s][info][gc,metaspace ] GC(666) Metaspace: 13382K->13382K(1060864K)
[12.591s][info][gc           ] GC(666) Pause Young (Allocation Failure) 157M->20M(494M) 0.791ms
[12.591s][info][gc,cpu       ] GC(666) User=0.00s Sys=0.00s Real=0.00s
[12.626s][info][gc,start     ] GC(667) Pause Young (Allocation Failure)
[12.627s][info][gc,heap      ] GC(667) DefNew: 140204K->427K(157248K)
[12.627s][info][gc,heap      ] GC(667) Tenured: 20832K->20861K(349568K)
[12.627s][info][gc,metaspace ] GC(667) Metaspace: 13382K->13382K(1060864K)
[12.627s][info][gc           ] GC(667) Pause Young (Allocation Failure) 157M->20M(494M) 0.783ms
[12.627s][info][gc,cpu       ] GC(667) User=0.00s Sys=0.00s Real=0.00s
[12.647s][info][gc,start     ] GC(668) Pause Young (Allocation Failure)
[12.647s][info][gc,heap      ] GC(668) DefNew: 140203K->425K(157248K)
[12.647s][info][gc,heap      ] GC(668) Tenured: 20861K->20890K(349568K)
[12.647s][info][gc,metaspace ] GC(668) Metaspace: 13382K->13382K(1060864K)
[12.647s][info][gc           ] GC(668) Pause Young (Allocation Failure) 157M->20M(494M) 0.467ms
[12.647s][info][gc,cpu       ] GC(668) User=0.00s Sys=0.00s Real=0.00s
[12.663s][info][gc,start     ] GC(669) Pause Young (Allocation Failure)
[12.663s][info][gc,heap      ] GC(669) DefNew: 140201K->424K(157248K)
[12.663s][info][gc,heap      ] GC(669) Tenured: 20890K->20920K(349568K)
[12.663s][info][gc,metaspace ] GC(669) Metaspace: 13382K->13382K(1060864K)
[12.663s][info][gc           ] GC(669) Pause Young (Allocation Failure) 157M->20M(494M) 0.436ms
[12.663s][info][gc,cpu       ] GC(669) User=0.00s Sys=0.00s Real=0.00s
[12.677s][info][gc,start     ] GC(670) Pause Young (Allocation Failure)
[12.678s][info][gc,heap      ] GC(670) DefNew: 140200K->420K(157248K)
[12.678s][info][gc,heap      ] GC(670) Tenured: 20920K->20949K(349568K)
[12.678s][info][gc,metaspace ] GC(670) Metaspace: 13382K->13382K(1060864K)
[12.678s][info][gc           ] GC(670) Pause Young (Allocation Failure) 157M->20M(494M) 0.377ms
[12.678s][info][gc,cpu       ] GC(670) User=0.00s Sys=0.00s Real=0.00s
[12.696s][info][gc,start     ] GC(671) Pause Young (Allocation Failure)
[12.697s][info][gc,heap      ] GC(671) DefNew: 140196K->419K(157248K)
[12.697s][info][gc,heap      ] GC(671) Tenured: 20949K->20978K(349568K)
[12.697s][info][gc,metaspace ] GC(671) Metaspace: 13382K->13382K(1060864K)
[12.697s][info][gc           ] GC(671) Pause Young (Allocation Failure) 157M->20M(494M) 0.416ms
[12.697s][info][gc,cpu       ] GC(671) User=0.00s Sys=0.00s Real=0.00s
[12.717s][info][gc,start     ] GC(672) Pause Young (Allocation Failure)
[12.717s][info][gc,heap      ] GC(672) DefNew: 140195K->428K(157248K)
[12.717s][info][gc,heap      ] GC(672) Tenured: 20978K->20998K(349568K)
[12.717s][info][gc,metaspace ] GC(672) Metaspace: 13382K->13382K(1060864K)
[12.717s][info][gc           ] GC(672) Pause Young (Allocation Failure) 157M->20M(494M) 0.398ms
[12.717s][info][gc,cpu       ] GC(672) User=0.00s Sys=0.00s Real=0.00s
[12.735s][info][gc,start     ] GC(673) Pause Young (Allocation Failure)
[12.736s][info][gc,heap      ] GC(673) DefNew: 140204K->427K(157248K)
[12.736s][info][gc,heap      ] GC(673) Tenured: 20998K->21027K(349568K)
[12.736s][info][gc,metaspace ] GC(673) Metaspace: 13382K->13382K(1060864K)
[12.736s][info][gc           ] GC(673) Pause Young (Allocation Failure) 157M->20M(494M) 0.472ms
[12.736s][info][gc,cpu       ] GC(673) User=0.00s Sys=0.00s Real=0.00s
[12.754s][info][gc,start     ] GC(674) Pause Young (Allocation Failure)
[12.755s][info][gc,heap      ] GC(674) DefNew: 140203K->426K(157248K)
[12.755s][info][gc,heap      ] GC(674) Tenured: 21027K->21057K(349568K)
[12.755s][info][gc,metaspace ] GC(674) Metaspace: 13382K->13382K(1060864K)
[12.755s][info][gc           ] GC(674) Pause Young (Allocation Failure) 157M->20M(494M) 0.464ms
[12.755s][info][gc,cpu       ] GC(674) User=0.00s Sys=0.00s Real=0.00s
[12.773s][info][gc,start     ] GC(675) Pause Young (Allocation Failure)
[12.773s][info][gc,heap      ] GC(675) DefNew: 140202K->425K(157248K)
[12.773s][info][gc,heap      ] GC(675) Tenured: 21057K->21086K(349568K)
[12.773s][info][gc,metaspace ] GC(675) Metaspace: 13382K->13382K(1060864K)
[12.773s][info][gc           ] GC(675) Pause Young (Allocation Failure) 157M->21M(494M) 0.452ms
[12.773s][info][gc,cpu       ] GC(675) User=0.00s Sys=0.00s Real=0.00s
[12.791s][info][gc,start     ] GC(676) Pause Young (Allocation Failure)
[12.792s][info][gc,heap      ] GC(676) DefNew: 140201K->423K(157248K)
[12.792s][info][gc,heap      ] GC(676) Tenured: 21086K->21115K(349568K)
[12.792s][info][gc,metaspace ] GC(676) Metaspace: 13382K->13382K(1060864K)
[12.792s][info][gc           ] GC(676) Pause Young (Allocation Failure) 157M->21M(494M) 0.445ms
[12.792s][info][gc,cpu       ] GC(676) User=0.00s Sys=0.00s Real=0.00s
[12.808s][info][gc,start     ] GC(677) Pause Young (Allocation Failure)
[12.808s][info][gc,heap      ] GC(677) DefNew: 140199K->420K(157248K)
[12.808s][info][gc,heap      ] GC(677) Tenured: 21115K->21145K(349568K)
[12.808s][info][gc,metaspace ] GC(677) Metaspace: 13382K->13382K(1060864K)
[12.808s][info][gc           ] GC(677) Pause Young (Allocation Failure) 157M->21M(494M) 0.377ms
[12.808s][info][gc,cpu       ] GC(677) User=0.00s Sys=0.00s Real=0.00s
[12.825s][info][gc,start     ] GC(678) Pause Young (Allocation Failure)
[12.825s][info][gc,heap      ] GC(678) DefNew: 140196K->419K(157248K)
[12.825s][info][gc,heap      ] GC(678) Tenured: 21145K->21174K(349568K)
[12.825s][info][gc,metaspace ] GC(678) Metaspace: 13382K->13382K(1060864K)
[12.825s][info][gc           ] GC(678) Pause Young (Allocation Failure) 157M->21M(494M) 0.366ms
[12.825s][info][gc,cpu       ] GC(678) User=0.00s Sys=0.00s Real=0.00s
[12.842s][info][gc,start     ] GC(679) Pause Young (Allocation Failure)
[12.842s][info][gc,heap      ] GC(679) DefNew: 140195K->428K(157248K)
[12.842s][info][gc,heap      ] GC(679) Tenured: 21174K->21193K(349568K)
[12.842s][info][gc,metaspace ] GC(679) Metaspace: 13382K->13382K(1060864K)
[12.842s][info][gc           ] GC(679) Pause Young (Allocation Failure) 157M->21M(494M) 0.389ms
[12.842s][info][gc,cpu       ] GC(679) User=0.00s Sys=0.00s Real=0.00s
[12.858s][info][gc,start     ] GC(680) Pause Young (Allocation Failure)
[12.859s][info][gc,heap      ] GC(680) DefNew: 140204K->427K(157248K)
[12.859s][info][gc,heap      ] GC(680) Tenured: 21193K->21223K(349568K)
[12.859s][info][gc,metaspace ] GC(680) Metaspace: 13382K->13382K(1060864K)
[12.859s][info][gc           ] GC(680) Pause Young (Allocation Failure) 157M->21M(494M) 0.379ms
[12.859s][info][gc,cpu       ] GC(680) User=0.00s Sys=0.00s Real=0.00s
[12.878s][info][gc,start     ] GC(681) Pause Young (Allocation Failure)
[12.878s][info][gc,heap      ] GC(681) DefNew: 140203K->425K(157248K)
[12.878s][info][gc,heap      ] GC(681) Tenured: 21223K->21252K(349568K)
[12.878s][info][gc,metaspace ] GC(681) Metaspace: 13382K->13382K(1060864K)
[12.878s][info][gc           ] GC(681) Pause Young (Allocation Failure) 157M->21M(494M) 0.664ms
[12.878s][info][gc,cpu       ] GC(681) User=0.00s Sys=0.00s Real=0.00s
[12.896s][info][gc,start     ] GC(682) Pause Young (Allocation Failure)
[12.897s][info][gc,heap      ] GC(682) DefNew: 140201K->424K(157248K)
[12.897s][info][gc,heap      ] GC(682) Tenured: 21252K->21282K(349568K)
[12.897s][info][gc,metaspace ] GC(682) Metaspace: 13382K->13382K(1060864K)
[12.897s][info][gc           ] GC(682) Pause Young (Allocation Failure) 157M->21M(494M) 0.421ms
[12.897s][info][gc,cpu       ] GC(682) User=0.00s Sys=0.00s Real=0.00s
[12.911s][info][gc,start     ] GC(683) Pause Young (Allocation Failure)
[12.912s][info][gc,heap      ] GC(683) DefNew: 140200K->420K(157248K)
[12.912s][info][gc,heap      ] GC(683) Tenured: 21282K->21311K(349568K)
[12.912s][info][gc,metaspace ] GC(683) Metaspace: 13382K->13382K(1060864K)
[12.912s][info][gc           ] GC(683) Pause Young (Allocation Failure) 157M->21M(494M) 0.532ms
[12.912s][info][gc,cpu       ] GC(683) User=0.00s Sys=0.00s Real=0.00s
[12.929s][info][gc,start     ] GC(684) Pause Young (Allocation Failure)
[12.929s][info][gc,heap      ] GC(684) DefNew: 140196K->419K(157248K)
[12.930s][info][gc,heap      ] GC(684) Tenured: 21311K->21340K(349568K)
[12.930s][info][gc,metaspace ] GC(684) Metaspace: 13382K->13382K(1060864K)
[12.930s][info][gc           ] GC(684) Pause Young (Allocation Failure) 157M->21M(494M) 0.392ms
[12.930s][info][gc,cpu       ] GC(684) User=0.00s Sys=0.00s Real=0.00s
[12.947s][info][gc,start     ] GC(685) Pause Young (Allocation Failure)
[12.947s][info][gc,heap      ] GC(685) DefNew: 140195K->428K(157248K)
[12.947s][info][gc,heap      ] GC(685) Tenured: 21340K->21360K(349568K)
[12.947s][info][gc,metaspace ] GC(685) Metaspace: 13382K->13382K(1060864K)
[12.947s][info][gc           ] GC(685) Pause Young (Allocation Failure) 157M->21M(494M) 0.399ms
[12.947s][info][gc,cpu       ] GC(685) User=0.00s Sys=0.00s Real=0.00s
[12.967s][info][gc,start     ] GC(686) Pause Young (Allocation Failure)
[12.967s][info][gc,heap      ] GC(686) DefNew: 140204K->427K(157248K)
[12.967s][info][gc,heap      ] GC(686) Tenured: 21360K->21389K(349568K)
[12.967s][info][gc,metaspace ] GC(686) Metaspace: 13382K->13382K(1060864K)
[12.967s][info][gc           ] GC(686) Pause Young (Allocation Failure) 157M->21M(494M) 0.432ms
[12.967s][info][gc,cpu       ] GC(686) User=0.00s Sys=0.00s Real=0.00s
[12.987s][info][gc,start     ] GC(687) Pause Young (Allocation Failure)
[12.987s][info][gc,heap      ] GC(687) DefNew: 140203K->426K(157248K)
[12.987s][info][gc,heap      ] GC(687) Tenured: 21389K->21419K(349568K)
[12.987s][info][gc,metaspace ] GC(687) Metaspace: 13382K->13382K(1060864K)
[12.987s][info][gc           ] GC(687) Pause Young (Allocation Failure) 157M->21M(494M) 0.542ms
[12.988s][info][gc,cpu       ] GC(687) User=0.00s Sys=0.00s Real=0.00s
[13.005s][info][gc,start     ] GC(688) Pause Young (Allocation Failure)
[13.006s][info][gc,heap      ] GC(688) DefNew: 140202K->425K(157248K)
[13.006s][info][gc,heap      ] GC(688) Tenured: 21419K->21448K(349568K)
[13.006s][info][gc,metaspace ] GC(688) Metaspace: 13382K->13382K(1060864K)
[13.006s][info][gc           ] GC(688) Pause Young (Allocation Failure) 157M->21M(494M) 0.469ms
[13.006s][info][gc,cpu       ] GC(688) User=0.00s Sys=0.00s Real=0.00s
[13.023s][info][gc,start     ] GC(689) Pause Young (Allocation Failure)
[13.023s][info][gc,heap      ] GC(689) DefNew: 140201K->423K(157248K)
[13.023s][info][gc,heap      ] GC(689) Tenured: 21448K->21477K(349568K)
[13.023s][info][gc,metaspace ] GC(689) Metaspace: 13382K->13382K(1060864K)
[13.023s][info][gc           ] GC(689) Pause Young (Allocation Failure) 157M->21M(494M) 0.429ms
[13.023s][info][gc,cpu       ] GC(689) User=0.00s Sys=0.00s Real=0.00s
[13.039s][info][gc,start     ] GC(690) Pause Young (Allocation Failure)
[13.039s][info][gc,heap      ] GC(690) DefNew: 140199K->420K(157248K)
[13.039s][info][gc,heap      ] GC(690) Tenured: 21477K->21507K(349568K)
[13.039s][info][gc,metaspace ] GC(690) Metaspace: 13382K->13382K(1060864K)
[13.039s][info][gc           ] GC(690) Pause Young (Allocation Failure) 157M->21M(494M) 0.387ms
[13.039s][info][gc,cpu       ] GC(690) User=0.00s Sys=0.00s Real=0.01s
[13.056s][info][gc,start     ] GC(691) Pause Young (Allocation Failure)
[13.056s][info][gc,heap      ] GC(691) DefNew: 140196K->419K(157248K)
[13.056s][info][gc,heap      ] GC(691) Tenured: 21507K->21536K(349568K)
[13.056s][info][gc,metaspace ] GC(691) Metaspace: 13382K->13382K(1060864K)
[13.056s][info][gc           ] GC(691) Pause Young (Allocation Failure) 157M->21M(494M) 0.390ms
[13.056s][info][gc,cpu       ] GC(691) User=0.00s Sys=0.00s Real=0.00s
[13.073s][info][gc,start     ] GC(692) Pause Young (Allocation Failure)
[13.073s][info][gc,heap      ] GC(692) DefNew: 140195K->428K(157248K)
[13.073s][info][gc,heap      ] GC(692) Tenured: 21536K->21555K(349568K)
[13.073s][info][gc,metaspace ] GC(692) Metaspace: 13382K->13382K(1060864K)
[13.073s][info][gc           ] GC(692) Pause Young (Allocation Failure) 157M->21M(494M) 0.374ms
[13.073s][info][gc,cpu       ] GC(692) User=0.00s Sys=0.00s Real=0.00s
[13.089s][info][gc,start     ] GC(693) Pause Young (Allocation Failure)
[13.090s][info][gc,heap      ] GC(693) DefNew: 140204K->427K(157248K)
[13.090s][info][gc,heap      ] GC(693) Tenured: 21555K->21585K(349568K)
[13.090s][info][gc,metaspace ] GC(693) Metaspace: 13382K->13382K(1060864K)
[13.090s][info][gc           ] GC(693) Pause Young (Allocation Failure) 157M->21M(494M) 0.441ms
[13.090s][info][gc,cpu       ] GC(693) User=0.00s Sys=0.00s Real=0.00s
[13.108s][info][gc,start     ] GC(694) Pause Young (Allocation Failure)
[13.108s][info][gc,heap      ] GC(694) DefNew: 140203K->426K(157248K)
[13.108s][info][gc,heap      ] GC(694) Tenured: 21585K->21614K(349568K)
[13.108s][info][gc,metaspace ] GC(694) Metaspace: 13382K->13382K(1060864K)
[13.108s][info][gc           ] GC(694) Pause Young (Allocation Failure) 157M->21M(494M) 0.393ms
[13.108s][info][gc,cpu       ] GC(694) User=0.00s Sys=0.00s Real=0.00s
[13.124s][info][gc,start     ] GC(695) Pause Young (Allocation Failure)
[13.124s][info][gc,heap      ] GC(695) DefNew: 140202K->424K(157248K)
[13.124s][info][gc,heap      ] GC(695) Tenured: 21614K->21644K(349568K)
[13.124s][info][gc,metaspace ] GC(695) Metaspace: 13382K->13382K(1060864K)
[13.124s][info][gc           ] GC(695) Pause Young (Allocation Failure) 158M->21M(494M) 0.433ms
[13.124s][info][gc,cpu       ] GC(695) User=0.00s Sys=0.00s Real=0.00s
[13.141s][info][gc,start     ] GC(696) Pause Young (Allocation Failure)
[13.142s][info][gc,heap      ] GC(696) DefNew: 140200K->421K(157248K)
[13.142s][info][gc,heap      ] GC(696) Tenured: 21644K->21673K(349568K)
[13.142s][info][gc,metaspace ] GC(696) Metaspace: 13382K->13382K(1060864K)
[13.142s][info][gc           ] GC(696) Pause Young (Allocation Failure) 158M->21M(494M) 0.605ms
[13.142s][info][gc,cpu       ] GC(696) User=0.00s Sys=0.00s Real=0.00s
[13.159s][info][gc,start     ] GC(697) Pause Young (Allocation Failure)
[13.159s][info][gc,heap      ] GC(697) DefNew: 140197K->419K(157248K)
[13.159s][info][gc,heap      ] GC(697) Tenured: 21673K->21702K(349568K)
[13.159s][info][gc,metaspace ] GC(697) Metaspace: 13382K->13382K(1060864K)
[13.159s][info][gc           ] GC(697) Pause Young (Allocation Failure) 158M->21M(494M) 0.366ms
[13.159s][info][gc,cpu       ] GC(697) User=0.00s Sys=0.00s Real=0.00s
[13.177s][info][gc,start     ] GC(698) Pause Young (Allocation Failure)
[13.178s][info][gc,heap      ] GC(698) DefNew: 140195K->428K(157248K)
[13.178s][info][gc,heap      ] GC(698) Tenured: 21702K->21722K(349568K)
[13.178s][info][gc,metaspace ] GC(698) Metaspace: 13382K->13382K(1060864K)
[13.178s][info][gc           ] GC(698) Pause Young (Allocation Failure) 158M->21M(494M) 0.428ms
[13.178s][info][gc,cpu       ] GC(698) User=0.00s Sys=0.00s Real=0.00s
[13.196s][info][gc,start     ] GC(699) Pause Young (Allocation Failure)
[13.197s][info][gc,heap      ] GC(699) DefNew: 140204K->427K(157248K)
[13.197s][info][gc,heap      ] GC(699) Tenured: 21722K->21751K(349568K)
[13.197s][info][gc,metaspace ] GC(699) Metaspace: 13382K->13382K(1060864K)
[13.197s][info][gc           ] GC(699) Pause Young (Allocation Failure) 158M->21M(494M) 0.431ms
[13.197s][info][gc,cpu       ] GC(699) User=0.00s Sys=0.00s Real=0.00s
[13.217s][info][gc,start     ] GC(700) Pause Young (Allocation Failure)
[13.217s][info][gc,heap      ] GC(700) DefNew: 140203K->426K(157248K)
[13.217s][info][gc,heap      ] GC(700) Tenured: 21751K->21780K(349568K)
[13.217s][info][gc,metaspace ] GC(700) Metaspace: 13382K->13382K(1060864K)
[13.218s][info][gc           ] GC(700) Pause Young (Allocation Failure) 158M->21M(494M) 0.447ms
[13.218s][info][gc,cpu       ] GC(700) User=0.00s Sys=0.00s Real=0.00s
[13.234s][info][gc,start     ] GC(701) Pause Young (Allocation Failure)
[13.234s][info][gc,heap      ] GC(701) DefNew: 140202K->425K(157248K)
[13.234s][info][gc,heap      ] GC(701) Tenured: 21780K->21810K(349568K)
[13.234s][info][gc,metaspace ] GC(701) Metaspace: 13382K->13382K(1060864K)
[13.234s][info][gc           ] GC(701) Pause Young (Allocation Failure) 158M->21M(494M) 0.678ms
[13.234s][info][gc,cpu       ] GC(701) User=0.00s Sys=0.00s Real=0.00s
[13.252s][info][gc,start     ] GC(702) Pause Young (Allocation Failure)
[13.252s][info][gc,heap      ] GC(702) DefNew: 140201K->423K(157248K)
[13.252s][info][gc,heap      ] GC(702) Tenured: 21810K->21839K(349568K)
[13.252s][info][gc,metaspace ] GC(702) Metaspace: 13382K->13382K(1060864K)
[13.252s][info][gc           ] GC(702) Pause Young (Allocation Failure) 158M->21M(494M) 0.422ms
[13.252s][info][gc,cpu       ] GC(702) User=0.00s Sys=0.00s Real=0.00s
[13.267s][info][gc,start     ] GC(703) Pause Young (Allocation Failure)
[13.267s][info][gc,heap      ] GC(703) DefNew: 140199K->420K(157248K)
[13.267s][info][gc,heap      ] GC(703) Tenured: 21839K->21868K(349568K)
[13.267s][info][gc,metaspace ] GC(703) Metaspace: 13382K->13382K(1060864K)
[13.267s][info][gc           ] GC(703) Pause Young (Allocation Failure) 158M->21M(494M) 0.374ms
[13.267s][info][gc,cpu       ] GC(703) User=0.00s Sys=0.00s Real=0.00s
[13.286s][info][gc,start     ] GC(704) Pause Young (Allocation Failure)
[13.287s][info][gc,heap      ] GC(704) DefNew: 140196K->419K(157248K)
[13.287s][info][gc,heap      ] GC(704) Tenured: 21868K->21898K(349568K)
[13.287s][info][gc,metaspace ] GC(704) Metaspace: 13382K->13382K(1060864K)
[13.287s][info][gc           ] GC(704) Pause Young (Allocation Failure) 158M->21M(494M) 0.453ms
[13.287s][info][gc,cpu       ] GC(704) User=0.00s Sys=0.00s Real=0.00s
[13.303s][info][gc,start     ] GC(705) Pause Young (Allocation Failure)
[13.303s][info][gc,heap      ] GC(705) DefNew: 140195K->428K(157248K)
[13.303s][info][gc,heap      ] GC(705) Tenured: 21898K->21917K(349568K)
[13.303s][info][gc,metaspace ] GC(705) Metaspace: 13382K->13382K(1060864K)
[13.303s][info][gc           ] GC(705) Pause Young (Allocation Failure) 158M->21M(494M) 0.395ms
[13.303s][info][gc,cpu       ] GC(705) User=0.00s Sys=0.00s Real=0.00s
[13.319s][info][gc,start     ] GC(706) Pause Young (Allocation Failure)
[13.319s][info][gc,heap      ] GC(706) DefNew: 140204K->427K(157248K)
[13.319s][info][gc,heap      ] GC(706) Tenured: 21917K->21947K(349568K)
[13.319s][info][gc,metaspace ] GC(706) Metaspace: 13382K->13382K(1060864K)
[13.319s][info][gc           ] GC(706) Pause Young (Allocation Failure) 158M->21M(494M) 0.421ms
[13.319s][info][gc,cpu       ] GC(706) User=0.00s Sys=0.00s Real=0.00s
[13.336s][info][gc,start     ] GC(707) Pause Young (Allocation Failure)
[13.336s][info][gc,heap      ] GC(707) DefNew: 140203K->426K(157248K)
[13.336s][info][gc,heap      ] GC(707) Tenured: 21947K->21976K(349568K)
[13.336s][info][gc,metaspace ] GC(707) Metaspace: 13382K->13382K(1060864K)
[13.336s][info][gc           ] GC(707) Pause Young (Allocation Failure) 158M->21M(494M) 0.452ms
[13.336s][info][gc,cpu       ] GC(707) User=0.00s Sys=0.00s Real=0.00s
[13.355s][info][gc,start     ] GC(708) Pause Young (Allocation Failure)
[13.355s][info][gc,heap      ] GC(708) DefNew: 140202K->424K(157248K)
[13.355s][info][gc,heap      ] GC(708) Tenured: 21976K->22005K(349568K)
[13.355s][info][gc,metaspace ] GC(708) Metaspace: 13382K->13382K(1060864K)
[13.355s][info][gc           ] GC(708) Pause Young (Allocation Failure) 158M->21M(494M) 0.494ms
[13.355s][info][gc,cpu       ] GC(708) User=0.00s Sys=0.00s Real=0.00s
[13.373s][info][gc,start     ] GC(709) Pause Young (Allocation Failure)
[13.374s][info][gc,heap      ] GC(709) DefNew: 140200K->422K(157248K)
[13.374s][info][gc,heap      ] GC(709) Tenured: 22005K->22035K(349568K)
[13.374s][info][gc,metaspace ] GC(709) Metaspace: 13382K->13382K(1060864K)
[13.374s][info][gc           ] GC(709) Pause Young (Allocation Failure) 158M->21M(494M) 0.439ms
[13.374s][info][gc,cpu       ] GC(709) User=0.00s Sys=0.00s Real=0.00s
[13.389s][info][gc,start     ] GC(710) Pause Young (Allocation Failure)
[13.390s][info][gc,heap      ] GC(710) DefNew: 140198K->420K(157248K)
[13.390s][info][gc,heap      ] GC(710) Tenured: 22035K->22064K(349568K)
[13.390s][info][gc,metaspace ] GC(710) Metaspace: 13382K->13382K(1060864K)
[13.390s][info][gc           ] GC(710) Pause Young (Allocation Failure) 158M->21M(494M) 0.406ms
[13.390s][info][gc,cpu       ] GC(710) User=0.00s Sys=0.00s Real=0.00s
[13.406s][info][gc,start     ] GC(711) Pause Young (Allocation Failure)
[13.406s][info][gc,heap      ] GC(711) DefNew: 140196K->419K(157248K)
[13.406s][info][gc,heap      ] GC(711) Tenured: 22064K->22093K(349568K)
[13.406s][info][gc,metaspace ] GC(711) Metaspace: 13382K->13382K(1060864K)
[13.406s][info][gc           ] GC(711) Pause Young (Allocation Failure) 158M->21M(494M) 0.452ms
[13.406s][info][gc,cpu       ] GC(711) User=0.00s Sys=0.00s Real=0.00s
[13.423s][info][gc,start     ] GC(712) Pause Young (Allocation Failure)
[13.424s][info][gc,heap      ] GC(712) DefNew: 140195K->428K(157248K)
[13.424s][info][gc,heap      ] GC(712) Tenured: 22093K->22113K(349568K)
[13.424s][info][gc,metaspace ] GC(712) Metaspace: 13382K->13382K(1060864K)
[13.424s][info][gc           ] GC(712) Pause Young (Allocation Failure) 158M->22M(494M) 0.392ms
[13.424s][info][gc,cpu       ] GC(712) User=0.00s Sys=0.00s Real=0.00s
[13.440s][info][gc,start     ] GC(713) Pause Young (Allocation Failure)
[13.441s][info][gc,heap      ] GC(713) DefNew: 140204K->427K(157248K)
[13.441s][info][gc,heap      ] GC(713) Tenured: 22113K->22142K(349568K)
[13.441s][info][gc,metaspace ] GC(713) Metaspace: 13382K->13382K(1060864K)
[13.441s][info][gc           ] GC(713) Pause Young (Allocation Failure) 158M->22M(494M) 0.410ms
[13.441s][info][gc,cpu       ] GC(713) User=0.00s Sys=0.00s Real=0.00s
[13.457s][info][gc,start     ] GC(714) Pause Young (Allocation Failure)
[13.458s][info][gc,heap      ] GC(714) DefNew: 140203K->425K(157248K)
[13.458s][info][gc,heap      ] GC(714) Tenured: 22142K->22172K(349568K)
[13.458s][info][gc,metaspace ] GC(714) Metaspace: 13382K->13382K(1060864K)
[13.458s][info][gc           ] GC(714) Pause Young (Allocation Failure) 158M->22M(494M) 0.425ms
[13.458s][info][gc,cpu       ] GC(714) User=0.00s Sys=0.00s Real=0.00s
[13.474s][info][gc,start     ] GC(715) Pause Young (Allocation Failure)
[13.475s][info][gc,heap      ] GC(715) DefNew: 140201K->424K(157248K)
[13.475s][info][gc,heap      ] GC(715) Tenured: 22172K->22201K(349568K)
[13.475s][info][gc,metaspace ] GC(715) Metaspace: 13382K->13382K(1060864K)
[13.475s][info][gc           ] GC(715) Pause Young (Allocation Failure) 158M->22M(494M) 0.516ms
[13.475s][info][gc,cpu       ] GC(715) User=0.01s Sys=0.00s Real=0.00s
[13.492s][info][gc,start     ] GC(716) Pause Young (Allocation Failure)
[13.493s][info][gc,heap      ] GC(716) DefNew: 140200K->420K(157248K)
[13.493s][info][gc,heap      ] GC(716) Tenured: 22201K->22230K(349568K)
[13.493s][info][gc,metaspace ] GC(716) Metaspace: 13382K->13382K(1060864K)
[13.493s][info][gc           ] GC(716) Pause Young (Allocation Failure) 158M->22M(494M) 0.406ms
[13.493s][info][gc,cpu       ] GC(716) User=0.00s Sys=0.00s Real=0.00s
[13.512s][info][gc,start     ] GC(717) Pause Young (Allocation Failure)
[13.512s][info][gc,heap      ] GC(717) DefNew: 140196K->419K(157248K)
[13.512s][info][gc,heap      ] GC(717) Tenured: 22230K->22260K(349568K)
[13.512s][info][gc,metaspace ] GC(717) Metaspace: 13382K->13382K(1060864K)
[13.512s][info][gc           ] GC(717) Pause Young (Allocation Failure) 158M->22M(494M) 0.385ms
[13.512s][info][gc,cpu       ] GC(717) User=0.00s Sys=0.00s Real=0.00s
[13.531s][info][gc,start     ] GC(718) Pause Young (Allocation Failure)
[13.531s][info][gc,heap      ] GC(718) DefNew: 140195K->428K(157248K)
[13.531s][info][gc,heap      ] GC(718) Tenured: 22260K->22279K(349568K)
[13.531s][info][gc,metaspace ] GC(718) Metaspace: 13382K->13382K(1060864K)
[13.531s][info][gc           ] GC(718) Pause Young (Allocation Failure) 158M->22M(494M) 0.419ms
[13.531s][info][gc,cpu       ] GC(718) User=0.00s Sys=0.00s Real=0.00s
[13.550s][info][gc,start     ] GC(719) Pause Young (Allocation Failure)
[13.550s][info][gc,heap      ] GC(719) DefNew: 140204K->427K(157248K)
[13.550s][info][gc,heap      ] GC(719) Tenured: 22279K->22309K(349568K)
[13.550s][info][gc,metaspace ] GC(719) Metaspace: 13382K->13382K(1060864K)
[13.550s][info][gc           ] GC(719) Pause Young (Allocation Failure) 158M->22M(494M) 0.403ms
[13.550s][info][gc,cpu       ] GC(719) User=0.00s Sys=0.00s Real=0.00s
[13.568s][info][gc,start     ] GC(720) Pause Young (Allocation Failure)
[13.569s][info][gc,heap      ] GC(720) DefNew: 140203K->435K(157248K)
[13.569s][info][gc,heap      ] GC(720) Tenured: 22309K->22338K(349568K)
[13.569s][info][gc,metaspace ] GC(720) Metaspace: 13386K->13386K(1060864K)
[13.569s][info][gc           ] GC(720) Pause Young (Allocation Failure) 158M->22M(494M) 0.759ms
[13.569s][info][gc,cpu       ] GC(720) User=0.00s Sys=0.00s Real=0.00s
[13.592s][info][gc,start     ] GC(721) Pause Young (Allocation Failure)
[13.592s][info][gc,heap      ] GC(721) DefNew: 140211K->425K(157248K)
[13.592s][info][gc,heap      ] GC(721) Tenured: 22338K->22367K(349568K)
[13.592s][info][gc,metaspace ] GC(721) Metaspace: 13390K->13390K(1060864K)
[13.592s][info][gc           ] GC(721) Pause Young (Allocation Failure) 158M->22M(494M) 0.744ms
[13.592s][info][gc,cpu       ] GC(721) User=0.00s Sys=0.00s Real=0.00s
[13.626s][info][gc,start     ] GC(722) Pause Young (Allocation Failure)
[13.626s][info][gc,heap      ] GC(722) DefNew: 140201K->422K(157248K)
[13.626s][info][gc,heap      ] GC(722) Tenured: 22367K->22397K(349568K)
[13.626s][info][gc,metaspace ] GC(722) Metaspace: 13390K->13390K(1060864K)
[13.626s][info][gc           ] GC(722) Pause Young (Allocation Failure) 158M->22M(494M) 0.861ms
[13.627s][info][gc,cpu       ] GC(722) User=0.00s Sys=0.00s Real=0.00s
[13.645s][info][gc,start     ] GC(723) Pause Young (Allocation Failure)
[13.646s][info][gc,heap      ] GC(723) DefNew: 140198K->420K(157248K)
[13.646s][info][gc,heap      ] GC(723) Tenured: 22397K->22426K(349568K)
[13.646s][info][gc,metaspace ] GC(723) Metaspace: 13390K->13390K(1060864K)
[13.646s][info][gc           ] GC(723) Pause Young (Allocation Failure) 158M->22M(494M) 0.561ms
[13.646s][info][gc,cpu       ] GC(723) User=0.00s Sys=0.00s Real=0.00s
[13.663s][info][gc,start     ] GC(724) Pause Young (Allocation Failure)
[13.663s][info][gc,heap      ] GC(724) DefNew: 140196K->419K(157248K)
[13.663s][info][gc,heap      ] GC(724) Tenured: 22426K->22455K(349568K)
[13.663s][info][gc,metaspace ] GC(724) Metaspace: 13390K->13390K(1060864K)
[13.663s][info][gc           ] GC(724) Pause Young (Allocation Failure) 158M->22M(494M) 0.431ms
[13.663s][info][gc,cpu       ] GC(724) User=0.00s Sys=0.00s Real=0.00s
[13.679s][info][gc,start     ] GC(725) Pause Young (Allocation Failure)
[13.680s][info][gc,heap      ] GC(725) DefNew: 140195K->428K(157248K)
[13.680s][info][gc,heap      ] GC(725) Tenured: 22455K->22475K(349568K)
[13.680s][info][gc,metaspace ] GC(725) Metaspace: 13390K->13390K(1060864K)
[13.680s][info][gc           ] GC(725) Pause Young (Allocation Failure) 158M->22M(494M) 0.431ms
[13.680s][info][gc,cpu       ] GC(725) User=0.00s Sys=0.00s Real=0.00s
[13.696s][info][gc,start     ] GC(726) Pause Young (Allocation Failure)
[13.697s][info][gc,heap      ] GC(726) DefNew: 140204K->427K(157248K)
[13.697s][info][gc,heap      ] GC(726) Tenured: 22475K->22504K(349568K)
[13.697s][info][gc,metaspace ] GC(726) Metaspace: 13390K->13390K(1060864K)
[13.697s][info][gc           ] GC(726) Pause Young (Allocation Failure) 158M->22M(494M) 0.385ms
[13.697s][info][gc,cpu       ] GC(726) User=0.00s Sys=0.00s Real=0.00s
[13.715s][info][gc,start     ] GC(727) Pause Young (Allocation Failure)
[13.716s][info][gc,heap      ] GC(727) DefNew: 140203K->425K(157248K)
[13.716s][info][gc,heap      ] GC(727) Tenured: 22504K->22534K(349568K)
[13.716s][info][gc,metaspace ] GC(727) Metaspace: 13390K->13390K(1060864K)
[13.716s][info][gc           ] GC(727) Pause Young (Allocation Failure) 158M->22M(494M) 0.466ms
[13.716s][info][gc,cpu       ] GC(727) User=0.00s Sys=0.00s Real=0.00s
[13.734s][info][gc,start     ] GC(728) Pause Young (Allocation Failure)
[13.734s][info][gc,heap      ] GC(728) DefNew: 140201K->424K(157248K)
[13.734s][info][gc,heap      ] GC(728) Tenured: 22534K->22563K(349568K)
[13.734s][info][gc,metaspace ] GC(728) Metaspace: 13390K->13390K(1060864K)
[13.734s][info][gc           ] GC(728) Pause Young (Allocation Failure) 158M->22M(494M) 0.460ms
[13.734s][info][gc,cpu       ] GC(728) User=0.01s Sys=0.00s Real=0.00s
[13.750s][info][gc,start     ] GC(729) Pause Young (Allocation Failure)
[13.750s][info][gc,heap      ] GC(729) DefNew: 140200K->420K(157248K)
[13.750s][info][gc,heap      ] GC(729) Tenured: 22563K->22592K(349568K)
[13.750s][info][gc,metaspace ] GC(729) Metaspace: 13390K->13390K(1060864K)
[13.750s][info][gc           ] GC(729) Pause Young (Allocation Failure) 158M->22M(494M) 0.394ms
[13.750s][info][gc,cpu       ] GC(729) User=0.00s Sys=0.00s Real=0.00s
[13.769s][info][gc,start     ] GC(730) Pause Young (Allocation Failure)
[13.769s][info][gc,heap      ] GC(730) DefNew: 140196K->419K(157248K)
[13.769s][info][gc,heap      ] GC(730) Tenured: 22592K->22622K(349568K)
[13.769s][info][gc,metaspace ] GC(730) Metaspace: 13390K->13390K(1060864K)
[13.769s][info][gc           ] GC(730) Pause Young (Allocation Failure) 158M->22M(494M) 0.445ms
[13.769s][info][gc,cpu       ] GC(730) User=0.00s Sys=0.00s Real=0.01s
[13.788s][info][gc,start     ] GC(731) Pause Young (Allocation Failure)
[13.789s][info][gc,heap      ] GC(731) DefNew: 140195K->428K(157248K)
[13.789s][info][gc,heap      ] GC(731) Tenured: 22622K->22641K(349568K)
[13.789s][info][gc,metaspace ] GC(731) Metaspace: 13390K->13390K(1060864K)
[13.789s][info][gc           ] GC(731) Pause Young (Allocation Failure) 159M->22M(494M) 0.437ms
[13.789s][info][gc,cpu       ] GC(731) User=0.00s Sys=0.00s Real=0.00s
[13.807s][info][gc,start     ] GC(732) Pause Young (Allocation Failure)
[13.807s][info][gc,heap      ] GC(732) DefNew: 140204K->427K(157248K)
[13.807s][info][gc,heap      ] GC(732) Tenured: 22641K->22671K(349568K)
[13.807s][info][gc,metaspace ] GC(732) Metaspace: 13390K->13390K(1060864K)
[13.807s][info][gc           ] GC(732) Pause Young (Allocation Failure) 159M->22M(494M) 0.444ms
[13.807s][info][gc,cpu       ] GC(732) User=0.00s Sys=0.00s Real=0.00s
[13.828s][info][gc,start     ] GC(733) Pause Young (Allocation Failure)
[13.828s][info][gc,heap      ] GC(733) DefNew: 140203K->426K(157248K)
[13.828s][info][gc,heap      ] GC(733) Tenured: 22671K->22700K(349568K)
[13.828s][info][gc,metaspace ] GC(733) Metaspace: 13390K->13390K(1060864K)
[13.828s][info][gc           ] GC(733) Pause Young (Allocation Failure) 159M->22M(494M) 0.480ms
[13.828s][info][gc,cpu       ] GC(733) User=0.00s Sys=0.00s Real=0.00s
[13.845s][info][gc,start     ] GC(734) Pause Young (Allocation Failure)
[13.846s][info][gc,heap      ] GC(734) DefNew: 140202K->425K(157248K)
[13.846s][info][gc,heap      ] GC(734) Tenured: 22700K->22729K(349568K)
[13.846s][info][gc,metaspace ] GC(734) Metaspace: 13390K->13390K(1060864K)
[13.846s][info][gc           ] GC(734) Pause Young (Allocation Failure) 159M->22M(494M) 0.414ms
[13.846s][info][gc,cpu       ] GC(734) User=0.00s Sys=0.00s Real=0.00s
[13.862s][info][gc,start     ] GC(735) Pause Young (Allocation Failure)
[13.862s][info][gc,heap      ] GC(735) DefNew: 140201K->423K(157248K)
[13.862s][info][gc,heap      ] GC(735) Tenured: 22729K->22759K(349568K)
[13.862s][info][gc,metaspace ] GC(735) Metaspace: 13390K->13390K(1060864K)
[13.862s][info][gc           ] GC(735) Pause Young (Allocation Failure) 159M->22M(494M) 0.458ms
[13.862s][info][gc,cpu       ] GC(735) User=0.00s Sys=0.00s Real=0.00s
[13.878s][info][gc,start     ] GC(736) Pause Young (Allocation Failure)
[13.878s][info][gc,heap      ] GC(736) DefNew: 140199K->420K(157248K)
[13.878s][info][gc,heap      ] GC(736) Tenured: 22759K->22788K(349568K)
[13.878s][info][gc,metaspace ] GC(736) Metaspace: 13390K->13390K(1060864K)
[13.878s][info][gc           ] GC(736) Pause Young (Allocation Failure) 159M->22M(494M) 0.379ms
[13.878s][info][gc,cpu       ] GC(736) User=0.00s Sys=0.00s Real=0.00s
[13.895s][info][gc,start     ] GC(737) Pause Young (Allocation Failure)
[13.895s][info][gc,heap      ] GC(737) DefNew: 140196K->419K(157248K)
[13.895s][info][gc,heap      ] GC(737) Tenured: 22788K->22817K(349568K)
[13.895s][info][gc,metaspace ] GC(737) Metaspace: 13390K->13390K(1060864K)
[13.895s][info][gc           ] GC(737) Pause Young (Allocation Failure) 159M->22M(494M) 0.386ms
[13.895s][info][gc,cpu       ] GC(737) User=0.00s Sys=0.00s Real=0.00s
[13.911s][info][gc,start     ] GC(738) Pause Young (Allocation Failure)
[13.912s][info][gc,heap      ] GC(738) DefNew: 140195K->428K(157248K)
[13.912s][info][gc,heap      ] GC(738) Tenured: 22817K->22837K(349568K)
[13.912s][info][gc,metaspace ] GC(738) Metaspace: 13390K->13390K(1060864K)
[13.912s][info][gc           ] GC(738) Pause Young (Allocation Failure) 159M->22M(494M) 0.376ms
[13.912s][info][gc,cpu       ] GC(738) User=0.00s Sys=0.00s Real=0.00s
[13.928s][info][gc,start     ] GC(739) Pause Young (Allocation Failure)
[13.929s][info][gc,heap      ] GC(739) DefNew: 140204K->427K(157248K)
[13.929s][info][gc,heap      ] GC(739) Tenured: 22837K->22866K(349568K)
[13.929s][info][gc,metaspace ] GC(739) Metaspace: 13390K->13390K(1060864K)
[13.929s][info][gc           ] GC(739) Pause Young (Allocation Failure) 159M->22M(494M) 0.429ms
[13.929s][info][gc,cpu       ] GC(739) User=0.00s Sys=0.00s Real=0.00s
[13.947s][info][gc,start     ] GC(740) Pause Young (Allocation Failure)
[13.948s][info][gc,heap      ] GC(740) DefNew: 140203K->425K(157248K)
[13.948s][info][gc,heap      ] GC(740) Tenured: 22866K->22896K(349568K)
[13.948s][info][gc,metaspace ] GC(740) Metaspace: 13390K->13390K(1060864K)
[13.948s][info][gc           ] GC(740) Pause Young (Allocation Failure) 159M->22M(494M) 0.457ms
[13.948s][info][gc,cpu       ] GC(740) User=0.00s Sys=0.00s Real=0.00s
[13.965s][info][gc,start     ] GC(741) Pause Young (Allocation Failure)
[13.965s][info][gc,heap      ] GC(741) DefNew: 140201K->424K(157248K)
[13.965s][info][gc,heap      ] GC(741) Tenured: 22896K->22925K(349568K)
[13.965s][info][gc,metaspace ] GC(741) Metaspace: 13390K->13390K(1060864K)
[13.965s][info][gc           ] GC(741) Pause Young (Allocation Failure) 159M->22M(494M) 0.414ms
[13.965s][info][gc,cpu       ] GC(741) User=0.00s Sys=0.00s Real=0.00s
[13.982s][info][gc,start     ] GC(742) Pause Young (Allocation Failure)
[13.982s][info][gc,heap      ] GC(742) DefNew: 140200K->420K(157248K)
[13.982s][info][gc,heap      ] GC(742) Tenured: 22925K->22954K(349568K)
[13.982s][info][gc,metaspace ] GC(742) Metaspace: 13390K->13390K(1060864K)
[13.982s][info][gc           ] GC(742) Pause Young (Allocation Failure) 159M->22M(494M) 0.409ms
[13.982s][info][gc,cpu       ] GC(742) User=0.00s Sys=0.00s Real=0.00s
[14.000s][info][gc,start     ] GC(743) Pause Young (Allocation Failure)
[14.000s][info][gc,heap      ] GC(743) DefNew: 140196K->419K(157248K)
[14.000s][info][gc,heap      ] GC(743) Tenured: 22954K->22984K(349568K)
[14.000s][info][gc,metaspace ] GC(743) Metaspace: 13390K->13390K(1060864K)
[14.000s][info][gc           ] GC(743) Pause Young (Allocation Failure) 159M->22M(494M) 0.360ms
[14.000s][info][gc,cpu       ] GC(743) User=0.00s Sys=0.00s Real=0.00s
[14.019s][info][gc,start     ] GC(744) Pause Young (Allocation Failure)
[14.019s][info][gc,heap      ] GC(744) DefNew: 140195K->428K(157248K)
[14.019s][info][gc,heap      ] GC(744) Tenured: 22984K->23003K(349568K)
[14.019s][info][gc,metaspace ] GC(744) Metaspace: 13390K->13390K(1060864K)
[14.019s][info][gc           ] GC(744) Pause Young (Allocation Failure) 159M->22M(494M) 0.387ms
[14.019s][info][gc,cpu       ] GC(744) User=0.00s Sys=0.00s Real=0.01s
[14.038s][info][gc,start     ] GC(745) Pause Young (Allocation Failure)
[14.039s][info][gc,heap      ] GC(745) DefNew: 140204K->427K(157248K)
[14.039s][info][gc,heap      ] GC(745) Tenured: 23003K->23033K(349568K)
[14.039s][info][gc,metaspace ] GC(745) Metaspace: 13390K->13390K(1060864K)
[14.039s][info][gc           ] GC(745) Pause Young (Allocation Failure) 159M->22M(494M) 0.475ms
[14.039s][info][gc,cpu       ] GC(745) User=0.00s Sys=0.00s Real=0.00s
[14.055s][info][gc,start     ] GC(746) Pause Young (Allocation Failure)
[14.055s][info][gc,heap      ] GC(746) DefNew: 140203K->426K(157248K)
[14.055s][info][gc,heap      ] GC(746) Tenured: 23033K->23062K(349568K)
[14.055s][info][gc,metaspace ] GC(746) Metaspace: 13390K->13390K(1060864K)
[14.055s][info][gc           ] GC(746) Pause Young (Allocation Failure) 159M->22M(494M) 0.383ms
[14.055s][info][gc,cpu       ] GC(746) User=0.00s Sys=0.00s Real=0.00s
[14.072s][info][gc,start     ] GC(747) Pause Young (Allocation Failure)
[14.073s][info][gc,heap      ] GC(747) DefNew: 140202K->425K(157248K)
[14.073s][info][gc,heap      ] GC(747) Tenured: 23062K->23091K(349568K)
[14.073s][info][gc,metaspace ] GC(747) Metaspace: 13390K->13390K(1060864K)
[14.073s][info][gc           ] GC(747) Pause Young (Allocation Failure) 159M->22M(494M) 0.486ms
[14.073s][info][gc,cpu       ] GC(747) User=0.00s Sys=0.00s Real=0.00s
[14.090s][info][gc,start     ] GC(748) Pause Young (Allocation Failure)
[14.091s][info][gc,heap      ] GC(748) DefNew: 140201K->423K(157248K)
[14.091s][info][gc,heap      ] GC(748) Tenured: 23091K->23121K(349568K)
[14.091s][info][gc,metaspace ] GC(748) Metaspace: 13390K->13390K(1060864K)
[14.091s][info][gc           ] GC(748) Pause Young (Allocation Failure) 159M->22M(494M) 0.431ms
[14.091s][info][gc,cpu       ] GC(748) User=0.00s Sys=0.00s Real=0.00s
[14.106s][info][gc,start     ] GC(749) Pause Young (Allocation Failure)
[14.106s][info][gc,heap      ] GC(749) DefNew: 140199K->420K(157248K)
[14.106s][info][gc,heap      ] GC(749) Tenured: 23121K->23150K(349568K)
[14.106s][info][gc,metaspace ] GC(749) Metaspace: 13390K->13390K(1060864K)
[14.106s][info][gc           ] GC(749) Pause Young (Allocation Failure) 159M->23M(494M) 0.349ms
[14.106s][info][gc,cpu       ] GC(749) User=0.00s Sys=0.00s Real=0.00s
[14.123s][info][gc,start     ] GC(750) Pause Young (Allocation Failure)
[14.123s][info][gc,heap      ] GC(750) DefNew: 140196K->419K(157248K)
[14.123s][info][gc,heap      ] GC(750) Tenured: 23150K->23179K(349568K)
[14.123s][info][gc,metaspace ] GC(750) Metaspace: 13390K->13390K(1060864K)
[14.123s][info][gc           ] GC(750) Pause Young (Allocation Failure) 159M->23M(494M) 0.377ms
[14.123s][info][gc,cpu       ] GC(750) User=0.00s Sys=0.00s Real=0.00s
[14.139s][info][gc,start     ] GC(751) Pause Young (Allocation Failure)
[14.139s][info][gc,heap      ] GC(751) DefNew: 140195K->428K(157248K)
[14.139s][info][gc,heap      ] GC(751) Tenured: 23179K->23199K(349568K)
[14.139s][info][gc,metaspace ] GC(751) Metaspace: 13390K->13390K(1060864K)
[14.139s][info][gc           ] GC(751) Pause Young (Allocation Failure) 159M->23M(494M) 0.389ms
[14.139s][info][gc,cpu       ] GC(751) User=0.00s Sys=0.00s Real=0.00s
[14.155s][info][gc,start     ] GC(752) Pause Young (Allocation Failure)
[14.155s][info][gc,heap      ] GC(752) DefNew: 140204K->427K(157248K)
[14.156s][info][gc,heap      ] GC(752) Tenured: 23199K->23228K(349568K)
[14.156s][info][gc,metaspace ] GC(752) Metaspace: 13390K->13390K(1060864K)
[14.156s][info][gc           ] GC(752) Pause Young (Allocation Failure) 159M->23M(494M) 0.415ms
[14.156s][info][gc,cpu       ] GC(752) User=0.00s Sys=0.01s Real=0.00s
[14.172s][info][gc,start     ] GC(753) Pause Young (Allocation Failure)
[14.172s][info][gc,heap      ] GC(753) DefNew: 140203K->426K(157248K)
[14.172s][info][gc,heap      ] GC(753) Tenured: 23228K->23258K(349568K)
[14.172s][info][gc,metaspace ] GC(753) Metaspace: 13390K->13390K(1060864K)
[14.172s][info][gc           ] GC(753) Pause Young (Allocation Failure) 159M->23M(494M) 0.449ms
[14.172s][info][gc,cpu       ] GC(753) User=0.00s Sys=0.00s Real=0.00s
[14.191s][info][gc,start     ] GC(754) Pause Young (Allocation Failure)
[14.191s][info][gc,heap      ] GC(754) DefNew: 140202K->424K(157248K)
[14.191s][info][gc,heap      ] GC(754) Tenured: 23258K->23287K(349568K)
[14.191s][info][gc,metaspace ] GC(754) Metaspace: 13390K->13390K(1060864K)
[14.191s][info][gc           ] GC(754) Pause Young (Allocation Failure) 159M->23M(494M) 0.442ms
[14.191s][info][gc,cpu       ] GC(754) User=0.00s Sys=0.00s Real=0.00s
[14.211s][info][gc,start     ] GC(755) Pause Young (Allocation Failure)
[14.211s][info][gc,heap      ] GC(755) DefNew: 140200K->421K(157248K)
[14.211s][info][gc,heap      ] GC(755) Tenured: 23287K->23316K(349568K)
[14.211s][info][gc,metaspace ] GC(755) Metaspace: 13390K->13390K(1060864K)
[14.211s][info][gc           ] GC(755) Pause Young (Allocation Failure) 159M->23M(494M) 0.485ms
[14.211s][info][gc,cpu       ] GC(755) User=0.00s Sys=0.00s Real=0.00s
[14.228s][info][gc,start     ] GC(756) Pause Young (Allocation Failure)
[14.228s][info][gc,heap      ] GC(756) DefNew: 140197K->419K(157248K)
[14.228s][info][gc,heap      ] GC(756) Tenured: 23316K->23346K(349568K)
[14.228s][info][gc,metaspace ] GC(756) Metaspace: 13390K->13390K(1060864K)
[14.228s][info][gc           ] GC(756) Pause Young (Allocation Failure) 159M->23M(494M) 0.409ms
[14.228s][info][gc,cpu       ] GC(756) User=0.00s Sys=0.00s Real=0.00s
[14.245s][info][gc,start     ] GC(757) Pause Young (Allocation Failure)
[14.245s][info][gc,heap      ] GC(757) DefNew: 140195K->428K(157248K)
[14.245s][info][gc,heap      ] GC(757) Tenured: 23346K->23365K(349568K)
[14.245s][info][gc,metaspace ] GC(757) Metaspace: 13390K->13390K(1060864K)
[14.245s][info][gc           ] GC(757) Pause Young (Allocation Failure) 159M->23M(494M) 0.411ms
[14.245s][info][gc,cpu       ] GC(757) User=0.00s Sys=0.00s Real=0.00s
[14.264s][info][gc,start     ] GC(758) Pause Young (Allocation Failure)
[14.264s][info][gc,heap      ] GC(758) DefNew: 140204K->427K(157248K)
[14.264s][info][gc,heap      ] GC(758) Tenured: 23365K->23395K(349568K)
[14.264s][info][gc,metaspace ] GC(758) Metaspace: 13390K->13390K(1060864K)
[14.264s][info][gc           ] GC(758) Pause Young (Allocation Failure) 159M->23M(494M) 0.391ms
[14.264s][info][gc,cpu       ] GC(758) User=0.00s Sys=0.00s Real=0.00s
[14.281s][info][gc,start     ] GC(759) Pause Young (Allocation Failure)
[14.282s][info][gc,heap      ] GC(759) DefNew: 140203K->426K(157248K)
[14.282s][info][gc,heap      ] GC(759) Tenured: 23395K->23424K(349568K)
[14.282s][info][gc,metaspace ] GC(759) Metaspace: 13390K->13390K(1060864K)
[14.282s][info][gc           ] GC(759) Pause Young (Allocation Failure) 159M->23M(494M) 0.447ms
[14.282s][info][gc,cpu       ] GC(759) User=0.00s Sys=0.00s Real=0.00s
[14.298s][info][gc,start     ] GC(760) Pause Young (Allocation Failure)
[14.299s][info][gc,heap      ] GC(760) DefNew: 140202K->425K(157248K)
[14.299s][info][gc,heap      ] GC(760) Tenured: 23424K->23453K(349568K)
[14.299s][info][gc,metaspace ] GC(760) Metaspace: 13390K->13390K(1060864K)
[14.299s][info][gc           ] GC(760) Pause Young (Allocation Failure) 159M->23M(494M) 0.607ms
[14.299s][info][gc,cpu       ] GC(760) User=0.00s Sys=0.00s Real=0.01s
[14.317s][info][gc,start     ] GC(761) Pause Young (Allocation Failure)
[14.318s][info][gc,heap      ] GC(761) DefNew: 140201K->423K(157248K)
[14.318s][info][gc,heap      ] GC(761) Tenured: 23453K->23483K(349568K)
[14.318s][info][gc,metaspace ] GC(761) Metaspace: 13390K->13390K(1060864K)
[14.318s][info][gc           ] GC(761) Pause Young (Allocation Failure) 159M->23M(494M) 0.502ms
[14.318s][info][gc,cpu       ] GC(761) User=0.00s Sys=0.00s Real=0.00s
[14.333s][info][gc,start     ] GC(762) Pause Young (Allocation Failure)
[14.334s][info][gc,heap      ] GC(762) DefNew: 140199K->420K(157248K)
[14.334s][info][gc,heap      ] GC(762) Tenured: 23483K->23512K(349568K)
[14.334s][info][gc,metaspace ] GC(762) Metaspace: 13390K->13390K(1060864K)
[14.334s][info][gc           ] GC(762) Pause Young (Allocation Failure) 159M->23M(494M) 0.409ms
[14.334s][info][gc,cpu       ] GC(762) User=0.00s Sys=0.00s Real=0.00s
[14.349s][info][gc,start     ] GC(763) Pause Young (Allocation Failure)
[14.349s][info][gc,heap      ] GC(763) DefNew: 140196K->419K(157248K)
[14.349s][info][gc,heap      ] GC(763) Tenured: 23512K->23541K(349568K)
[14.349s][info][gc,metaspace ] GC(763) Metaspace: 13390K->13390K(1060864K)
[14.349s][info][gc           ] GC(763) Pause Young (Allocation Failure) 159M->23M(494M) 0.341ms
[14.349s][info][gc,cpu       ] GC(763) User=0.00s Sys=0.00s Real=0.00s
[14.365s][info][gc,start     ] GC(764) Pause Young (Allocation Failure)
[14.366s][info][gc,heap      ] GC(764) DefNew: 140195K->428K(157248K)
[14.366s][info][gc,heap      ] GC(764) Tenured: 23541K->23561K(349568K)
[14.366s][info][gc,metaspace ] GC(764) Metaspace: 13390K->13390K(1060864K)
[14.366s][info][gc           ] GC(764) Pause Young (Allocation Failure) 159M->23M(494M) 0.386ms
[14.366s][info][gc,cpu       ] GC(764) User=0.00s Sys=0.00s Real=0.00s
[14.381s][info][gc,start     ] GC(765) Pause Young (Allocation Failure)
[14.382s][info][gc,heap      ] GC(765) DefNew: 140204K->427K(157248K)
[14.382s][info][gc,heap      ] GC(765) Tenured: 23561K->23590K(349568K)
[14.382s][info][gc,metaspace ] GC(765) Metaspace: 13390K->13390K(1060864K)
[14.382s][info][gc           ] GC(765) Pause Young (Allocation Failure) 159M->23M(494M) 0.390ms
[14.382s][info][gc,cpu       ] GC(765) User=0.00s Sys=0.00s Real=0.00s
[14.398s][info][gc,start     ] GC(766) Pause Young (Allocation Failure)
[14.398s][info][gc,heap      ] GC(766) DefNew: 140203K->426K(157248K)
[14.398s][info][gc,heap      ] GC(766) Tenured: 23590K->23620K(349568K)
[14.398s][info][gc,metaspace ] GC(766) Metaspace: 13390K->13390K(1060864K)
[14.398s][info][gc           ] GC(766) Pause Young (Allocation Failure) 159M->23M(494M) 0.457ms
[14.398s][info][gc,cpu       ] GC(766) User=0.00s Sys=0.00s Real=0.00s
[14.416s][info][gc,start     ] GC(767) Pause Young (Allocation Failure)
[14.416s][info][gc,heap      ] GC(767) DefNew: 140202K->424K(157248K)
[14.416s][info][gc,heap      ] GC(767) Tenured: 23620K->23649K(349568K)
[14.416s][info][gc,metaspace ] GC(767) Metaspace: 13390K->13390K(1060864K)
[14.416s][info][gc           ] GC(767) Pause Young (Allocation Failure) 159M->23M(494M) 0.420ms
[14.416s][info][gc,cpu       ] GC(767) User=0.00s Sys=0.00s Real=0.00s
[14.436s][info][gc,start     ] GC(768) Pause Young (Allocation Failure)
[14.437s][info][gc,heap      ] GC(768) DefNew: 140200K->422K(157248K)
[14.437s][info][gc,heap      ] GC(768) Tenured: 23649K->23678K(349568K)
[14.437s][info][gc,metaspace ] GC(768) Metaspace: 13390K->13390K(1060864K)
[14.437s][info][gc           ] GC(768) Pause Young (Allocation Failure) 160M->23M(494M) 0.421ms
[14.437s][info][gc,cpu       ] GC(768) User=0.00s Sys=0.00s Real=0.00s
[14.454s][info][gc,start     ] GC(769) Pause Young (Allocation Failure)
[14.454s][info][gc,heap      ] GC(769) DefNew: 140198K->420K(157248K)
[14.454s][info][gc,heap      ] GC(769) Tenured: 23678K->23708K(349568K)
[14.454s][info][gc,metaspace ] GC(769) Metaspace: 13390K->13390K(1060864K)
[14.454s][info][gc           ] GC(769) Pause Young (Allocation Failure) 160M->23M(494M) 0.443ms
[14.454s][info][gc,cpu       ] GC(769) User=0.00s Sys=0.00s Real=0.00s
[14.471s][info][gc,start     ] GC(770) Pause Young (Allocation Failure)
[14.471s][info][gc,heap      ] GC(770) DefNew: 140196K->419K(157248K)
[14.471s][info][gc,heap      ] GC(770) Tenured: 23708K->23737K(349568K)
[14.471s][info][gc,metaspace ] GC(770) Metaspace: 13390K->13390K(1060864K)
[14.471s][info][gc           ] GC(770) Pause Young (Allocation Failure) 160M->23M(494M) 0.412ms
[14.471s][info][gc,cpu       ] GC(770) User=0.00s Sys=0.00s Real=0.00s
[14.487s][info][gc,start     ] GC(771) Pause Young (Allocation Failure)
[14.488s][info][gc,heap      ] GC(771) DefNew: 140195K->428K(157248K)
[14.488s][info][gc,heap      ] GC(771) Tenured: 23737K->23756K(349568K)
[14.488s][info][gc,metaspace ] GC(771) Metaspace: 13390K->13390K(1060864K)
[14.488s][info][gc           ] GC(771) Pause Young (Allocation Failure) 160M->23M(494M) 0.365ms
[14.488s][info][gc,cpu       ] GC(771) User=0.00s Sys=0.00s Real=0.00s
[14.504s][info][gc,start     ] GC(772) Pause Young (Allocation Failure)
[14.504s][info][gc,heap      ] GC(772) DefNew: 140204K->427K(157248K)
[14.504s][info][gc,heap      ] GC(772) Tenured: 23756K->23786K(349568K)
[14.504s][info][gc,metaspace ] GC(772) Metaspace: 13390K->13390K(1060864K)
[14.504s][info][gc           ] GC(772) Pause Young (Allocation Failure) 160M->23M(494M) 0.587ms
[14.504s][info][gc,cpu       ] GC(772) User=0.00s Sys=0.00s Real=0.00s
[14.521s][info][gc,start     ] GC(773) Pause Young (Allocation Failure)
[14.521s][info][gc,heap      ] GC(773) DefNew: 140203K->425K(157248K)
[14.521s][info][gc,heap      ] GC(773) Tenured: 23786K->23815K(349568K)
[14.521s][info][gc,metaspace ] GC(773) Metaspace: 13390K->13390K(1060864K)
[14.521s][info][gc           ] GC(773) Pause Young (Allocation Failure) 160M->23M(494M) 0.381ms
[14.521s][info][gc,cpu       ] GC(773) User=0.00s Sys=0.00s Real=0.00s
[14.538s][info][gc,start     ] GC(774) Pause Young (Allocation Failure)
[14.538s][info][gc,heap      ] GC(774) DefNew: 140201K->424K(157248K)
[14.538s][info][gc,heap      ] GC(774) Tenured: 23815K->23845K(349568K)
[14.538s][info][gc,metaspace ] GC(774) Metaspace: 13390K->13390K(1060864K)
[14.538s][info][gc           ] GC(774) Pause Young (Allocation Failure) 160M->23M(494M) 0.410ms
[14.538s][info][gc,cpu       ] GC(774) User=0.00s Sys=0.00s Real=0.00s
[14.553s][info][gc,start     ] GC(775) Pause Young (Allocation Failure)
[14.553s][info][gc,heap      ] GC(775) DefNew: 140200K->420K(157248K)
[14.553s][info][gc,heap      ] GC(775) Tenured: 23845K->23874K(349568K)
[14.553s][info][gc,metaspace ] GC(775) Metaspace: 13390K->13390K(1060864K)
[14.553s][info][gc           ] GC(775) Pause Young (Allocation Failure) 160M->23M(494M) 0.381ms
[14.553s][info][gc,cpu       ] GC(775) User=0.00s Sys=0.00s Real=0.00s
[14.571s][info][gc,start     ] GC(776) Pause Young (Allocation Failure)
[14.572s][info][gc,heap      ] GC(776) DefNew: 140196K->422K(157248K)
[14.572s][info][gc,heap      ] GC(776) Tenured: 23874K->23903K(349568K)
[14.572s][info][gc,metaspace ] GC(776) Metaspace: 13391K->13391K(1060864K)
[14.572s][info][gc           ] GC(776) Pause Young (Allocation Failure) 160M->23M(494M) 0.505ms
[14.572s][info][gc,cpu       ] GC(776) User=0.00s Sys=0.00s Real=0.00s
[14.599s][info][gc,start     ] GC(777) Pause Young (Allocation Failure)
[14.600s][info][gc,heap      ] GC(777) DefNew: 140198K->428K(157248K)
[14.600s][info][gc,heap      ] GC(777) Tenured: 23903K->23923K(349568K)
[14.600s][info][gc,metaspace ] GC(777) Metaspace: 13402K->13402K(1060864K)
[14.600s][info][gc           ] GC(777) Pause Young (Allocation Failure) 160M->23M(494M) 1.002ms
[14.600s][info][gc,cpu       ] GC(777) User=0.00s Sys=0.00s Real=0.00s
[14.620s][info][gc,start     ] GC(778) Pause Young (Allocation Failure)
[14.621s][info][gc,heap      ] GC(778) DefNew: 140204K->427K(157248K)
[14.621s][info][gc,heap      ] GC(778) Tenured: 23923K->23952K(349568K)
[14.621s][info][gc,metaspace ] GC(778) Metaspace: 13402K->13402K(1060864K)
[14.621s][info][gc           ] GC(778) Pause Young (Allocation Failure) 160M->23M(494M) 0.539ms
[14.621s][info][gc,cpu       ] GC(778) User=0.00s Sys=0.00s Real=0.00s
[14.636s][info][gc,start     ] GC(779) Pause Young (Allocation Failure)
[14.637s][info][gc,heap      ] GC(779) DefNew: 140203K->426K(157248K)
[14.637s][info][gc,heap      ] GC(779) Tenured: 23952K->23981K(349568K)
[14.637s][info][gc,metaspace ] GC(779) Metaspace: 13402K->13402K(1060864K)
[14.637s][info][gc           ] GC(779) Pause Young (Allocation Failure) 160M->23M(494M) 0.433ms
[14.637s][info][gc,cpu       ] GC(779) User=0.00s Sys=0.00s Real=0.00s
[14.654s][info][gc,start     ] GC(780) Pause Young (Allocation Failure)
[14.654s][info][gc,heap      ] GC(780) DefNew: 140202K->424K(157248K)
[14.654s][info][gc,heap      ] GC(780) Tenured: 23981K->24011K(349568K)
[14.654s][info][gc,metaspace ] GC(780) Metaspace: 13402K->13402K(1060864K)
[14.654s][info][gc           ] GC(780) Pause Young (Allocation Failure) 160M->23M(494M) 0.475ms
[14.654s][info][gc,cpu       ] GC(780) User=0.00s Sys=0.00s Real=0.00s
[14.671s][info][gc,start     ] GC(781) Pause Young (Allocation Failure)
[14.671s][info][gc,heap      ] GC(781) DefNew: 140200K->422K(157248K)
[14.671s][info][gc,heap      ] GC(781) Tenured: 24011K->24040K(349568K)
[14.671s][info][gc,metaspace ] GC(781) Metaspace: 13402K->13402K(1060864K)
[14.671s][info][gc           ] GC(781) Pause Young (Allocation Failure) 160M->23M(494M) 0.447ms
[14.671s][info][gc,cpu       ] GC(781) User=0.00s Sys=0.00s Real=0.00s
[14.687s][info][gc,start     ] GC(782) Pause Young (Allocation Failure)
[14.688s][info][gc,heap      ] GC(782) DefNew: 140198K->420K(157248K)
[14.688s][info][gc,heap      ] GC(782) Tenured: 24040K->24069K(349568K)
[14.688s][info][gc,metaspace ] GC(782) Metaspace: 13402K->13402K(1060864K)
[14.688s][info][gc           ] GC(782) Pause Young (Allocation Failure) 160M->23M(494M) 0.460ms
[14.688s][info][gc,cpu       ] GC(782) User=0.00s Sys=0.00s Real=0.00s
[14.707s][info][gc,start     ] GC(783) Pause Young (Allocation Failure)
[14.707s][info][gc,heap      ] GC(783) DefNew: 140196K->419K(157248K)
[14.707s][info][gc,heap      ] GC(783) Tenured: 24069K->24099K(349568K)
[14.707s][info][gc,metaspace ] GC(783) Metaspace: 13402K->13402K(1060864K)
[14.707s][info][gc           ] GC(783) Pause Young (Allocation Failure) 160M->23M(494M) 0.515ms
[14.707s][info][gc,cpu       ] GC(783) User=0.00s Sys=0.00s Real=0.00s
[14.725s][info][gc,start     ] GC(784) Pause Young (Allocation Failure)
[14.725s][info][gc,heap      ] GC(784) DefNew: 140195K->428K(157248K)
[14.725s][info][gc,heap      ] GC(784) Tenured: 24099K->24118K(349568K)
[14.725s][info][gc,metaspace ] GC(784) Metaspace: 13402K->13402K(1060864K)
[14.725s][info][gc           ] GC(784) Pause Young (Allocation Failure) 160M->23M(494M) 0.465ms
[14.725s][info][gc,cpu       ] GC(784) User=0.00s Sys=0.00s Real=0.00s
[14.744s][info][gc,start     ] GC(785) Pause Young (Allocation Failure)
[14.744s][info][gc,heap      ] GC(785) DefNew: 140204K->427K(157248K)
[14.744s][info][gc,heap      ] GC(785) Tenured: 24118K->24148K(349568K)
[14.744s][info][gc,metaspace ] GC(785) Metaspace: 13402K->13402K(1060864K)
[14.744s][info][gc           ] GC(785) Pause Young (Allocation Failure) 160M->23M(494M) 0.400ms
[14.744s][info][gc,cpu       ] GC(785) User=0.00s Sys=0.00s Real=0.00s
[14.760s][info][gc,start     ] GC(786) Pause Young (Allocation Failure)
[14.760s][info][gc,heap      ] GC(786) DefNew: 140203K->425K(157248K)
[14.760s][info][gc,heap      ] GC(786) Tenured: 24148K->24177K(349568K)
[14.760s][info][gc,metaspace ] GC(786) Metaspace: 13402K->13402K(1060864K)
[14.760s][info][gc           ] GC(786) Pause Young (Allocation Failure) 160M->24M(494M) 0.435ms
[14.760s][info][gc,cpu       ] GC(786) User=0.00s Sys=0.00s Real=0.00s
[14.775s][info][gc,start     ] GC(787) Pause Young (Allocation Failure)
[14.776s][info][gc,heap      ] GC(787) DefNew: 140201K->424K(157248K)
[14.776s][info][gc,heap      ] GC(787) Tenured: 24177K->24206K(349568K)
[14.776s][info][gc,metaspace ] GC(787) Metaspace: 13402K->13402K(1060864K)
[14.776s][info][gc           ] GC(787) Pause Young (Allocation Failure) 160M->24M(494M) 0.484ms
[14.776s][info][gc,cpu       ] GC(787) User=0.00s Sys=0.00s Real=0.00s
[14.790s][info][gc,start     ] GC(788) Pause Young (Allocation Failure)
[14.791s][info][gc,heap      ] GC(788) DefNew: 140200K->420K(157248K)
[14.791s][info][gc,heap      ] GC(788) Tenured: 24206K->24236K(349568K)
[14.791s][info][gc,metaspace ] GC(788) Metaspace: 13402K->13402K(1060864K)
[14.791s][info][gc           ] GC(788) Pause Young (Allocation Failure) 160M->24M(494M) 0.481ms
[14.791s][info][gc,cpu       ] GC(788) User=0.00s Sys=0.00s Real=0.00s
[14.809s][info][gc,start     ] GC(789) Pause Young (Allocation Failure)
[14.810s][info][gc,heap      ] GC(789) DefNew: 140196K->419K(157248K)
[14.810s][info][gc,heap      ] GC(789) Tenured: 24236K->24265K(349568K)
[14.810s][info][gc,metaspace ] GC(789) Metaspace: 13402K->13402K(1060864K)
[14.810s][info][gc           ] GC(789) Pause Young (Allocation Failure) 160M->24M(494M) 0.455ms
[14.810s][info][gc,cpu       ] GC(789) User=0.01s Sys=0.01s Real=0.00s
[14.827s][info][gc,start     ] GC(790) Pause Young (Allocation Failure)
[14.828s][info][gc,heap      ] GC(790) DefNew: 140195K->428K(157248K)
[14.828s][info][gc,heap      ] GC(790) Tenured: 24265K->24285K(349568K)
[14.828s][info][gc,metaspace ] GC(790) Metaspace: 13402K->13402K(1060864K)
[14.828s][info][gc           ] GC(790) Pause Young (Allocation Failure) 160M->24M(494M) 0.388ms
[14.828s][info][gc,cpu       ] GC(790) User=0.00s Sys=0.00s Real=0.00s
[14.843s][info][gc,start     ] GC(791) Pause Young (Allocation Failure)
[14.844s][info][gc,heap      ] GC(791) DefNew: 140204K->427K(157248K)
[14.844s][info][gc,heap      ] GC(791) Tenured: 24285K->24314K(349568K)
[14.844s][info][gc,metaspace ] GC(791) Metaspace: 13402K->13402K(1060864K)
[14.844s][info][gc           ] GC(791) Pause Young (Allocation Failure) 160M->24M(494M) 0.358ms
[14.844s][info][gc,cpu       ] GC(791) User=0.00s Sys=0.00s Real=0.00s
[14.860s][info][gc,start     ] GC(792) Pause Young (Allocation Failure)
[14.860s][info][gc,heap      ] GC(792) DefNew: 140203K->426K(157248K)
[14.860s][info][gc,heap      ] GC(792) Tenured: 24314K->24344K(349568K)
[14.860s][info][gc,metaspace ] GC(792) Metaspace: 13402K->13402K(1060864K)
[14.860s][info][gc           ] GC(792) Pause Young (Allocation Failure) 160M->24M(494M) 0.409ms
[14.860s][info][gc,cpu       ] GC(792) User=0.00s Sys=0.00s Real=0.00s
[14.877s][info][gc,start     ] GC(793) Pause Young (Allocation Failure)
[14.877s][info][gc,heap      ] GC(793) DefNew: 140202K->424K(157248K)
[14.877s][info][gc,heap      ] GC(793) Tenured: 24344K->24373K(349568K)
[14.877s][info][gc,metaspace ] GC(793) Metaspace: 13402K->13402K(1060864K)
[14.877s][info][gc           ] GC(793) Pause Young (Allocation Failure) 160M->24M(494M) 0.401ms
[14.877s][info][gc,cpu       ] GC(793) User=0.00s Sys=0.00s Real=0.00s
[14.893s][info][gc,start     ] GC(794) Pause Young (Allocation Failure)
[14.894s][info][gc,heap      ] GC(794) DefNew: 140200K->422K(157248K)
[14.894s][info][gc,heap      ] GC(794) Tenured: 24373K->24402K(349568K)
[14.894s][info][gc,metaspace ] GC(794) Metaspace: 13402K->13402K(1060864K)
[14.894s][info][gc           ] GC(794) Pause Young (Allocation Failure) 160M->24M(494M) 0.406ms
[14.894s][info][gc,cpu       ] GC(794) User=0.00s Sys=0.00s Real=0.00s
[14.908s][info][gc,start     ] GC(795) Pause Young (Allocation Failure)
[14.909s][info][gc,heap      ] GC(795) DefNew: 140198K->420K(157248K)
[14.909s][info][gc,heap      ] GC(795) Tenured: 24402K->24432K(349568K)
[14.909s][info][gc,metaspace ] GC(795) Metaspace: 13402K->13402K(1060864K)
[14.909s][info][gc           ] GC(795) Pause Young (Allocation Failure) 160M->24M(494M) 0.394ms
[14.909s][info][gc,cpu       ] GC(795) User=0.00s Sys=0.00s Real=0.00s
[14.926s][info][gc,start     ] GC(796) Pause Young (Allocation Failure)
[14.926s][info][gc,heap      ] GC(796) DefNew: 140196K->419K(157248K)
[14.926s][info][gc,heap      ] GC(796) Tenured: 24432K->24461K(349568K)
[14.926s][info][gc,metaspace ] GC(796) Metaspace: 13402K->13402K(1060864K)
[14.926s][info][gc           ] GC(796) Pause Young (Allocation Failure) 160M->24M(494M) 0.351ms
[14.926s][info][gc,cpu       ] GC(796) User=0.01s Sys=0.00s Real=0.00s
[14.942s][info][gc,start     ] GC(797) Pause Young (Allocation Failure)
[14.942s][info][gc,heap      ] GC(797) DefNew: 140195K->428K(157248K)
[14.942s][info][gc,heap      ] GC(797) Tenured: 24461K->24481K(349568K)
[14.942s][info][gc,metaspace ] GC(797) Metaspace: 13402K->13402K(1060864K)
[14.943s][info][gc           ] GC(797) Pause Young (Allocation Failure) 160M->24M(494M) 0.354ms
[14.943s][info][gc,cpu       ] GC(797) User=0.00s Sys=0.00s Real=0.00s
[14.960s][info][gc,start     ] GC(798) Pause Young (Allocation Failure)
[14.960s][info][gc,heap      ] GC(798) DefNew: 140204K->427K(157248K)
[14.960s][info][gc,heap      ] GC(798) Tenured: 24481K->24510K(349568K)
[14.960s][info][gc,metaspace ] GC(798) Metaspace: 13402K->13402K(1060864K)
[14.960s][info][gc           ] GC(798) Pause Young (Allocation Failure) 160M->24M(494M) 0.425ms
[14.960s][info][gc,cpu       ] GC(798) User=0.00s Sys=0.00s Real=0.00s
[14.976s][info][gc,start     ] GC(799) Pause Young (Allocation Failure)
[14.977s][info][gc,heap      ] GC(799) DefNew: 140203K->425K(157248K)
[14.977s][info][gc,heap      ] GC(799) Tenured: 24510K->24539K(349568K)
[14.977s][info][gc,metaspace ] GC(799) Metaspace: 13402K->13402K(1060864K)
[14.977s][info][gc           ] GC(799) Pause Young (Allocation Failure) 160M->24M(494M) 0.382ms
[14.977s][info][gc,cpu       ] GC(799) User=0.00s Sys=0.00s Real=0.00s
[14.994s][info][gc,start     ] GC(800) Pause Young (Allocation Failure)
[14.994s][info][gc,heap      ] GC(800) DefNew: 140201K->424K(157248K)
[14.994s][info][gc,heap      ] GC(800) Tenured: 24539K->24569K(349568K)
[14.994s][info][gc,metaspace ] GC(800) Metaspace: 13402K->13402K(1060864K)
[14.994s][info][gc           ] GC(800) Pause Young (Allocation Failure) 160M->24M(494M) 0.405ms
[14.994s][info][gc,cpu       ] GC(800) User=0.00s Sys=0.00s Real=0.00s
[15.009s][info][gc,start     ] GC(801) Pause Young (Allocation Failure)
[15.009s][info][gc,heap      ] GC(801) DefNew: 140200K->420K(157248K)
[15.009s][info][gc,heap      ] GC(801) Tenured: 24569K->24598K(349568K)
[15.009s][info][gc,metaspace ] GC(801) Metaspace: 13402K->13402K(1060864K)
[15.009s][info][gc           ] GC(801) Pause Young (Allocation Failure) 160M->24M(494M) 0.387ms
[15.009s][info][gc,cpu       ] GC(801) User=0.00s Sys=0.00s Real=0.01s
[15.029s][info][gc,start     ] GC(802) Pause Young (Allocation Failure)
[15.029s][info][gc,heap      ] GC(802) DefNew: 140196K->419K(157248K)
[15.029s][info][gc,heap      ] GC(802) Tenured: 24598K->24627K(349568K)
[15.029s][info][gc,metaspace ] GC(802) Metaspace: 13402K->13402K(1060864K)
[15.029s][info][gc           ] GC(802) Pause Young (Allocation Failure) 160M->24M(494M) 0.427ms
[15.029s][info][gc,cpu       ] GC(802) User=0.01s Sys=0.00s Real=0.01s
[15.047s][info][gc,start     ] GC(803) Pause Young (Allocation Failure)
[15.047s][info][gc,heap      ] GC(803) DefNew: 140195K->428K(157248K)
[15.047s][info][gc,heap      ] GC(803) Tenured: 24627K->24647K(349568K)
[15.047s][info][gc,metaspace ] GC(803) Metaspace: 13402K->13402K(1060864K)
[15.047s][info][gc           ] GC(803) Pause Young (Allocation Failure) 160M->24M(494M) 0.423ms
[15.047s][info][gc,cpu       ] GC(803) User=0.00s Sys=0.00s Real=0.00s
[15.066s][info][gc,start     ] GC(804) Pause Young (Allocation Failure)
[15.067s][info][gc,heap      ] GC(804) DefNew: 140204K->427K(157248K)
[15.067s][info][gc,heap      ] GC(804) Tenured: 24647K->24676K(349568K)
[15.067s][info][gc,metaspace ] GC(804) Metaspace: 13402K->13402K(1060864K)
[15.067s][info][gc           ] GC(804) Pause Young (Allocation Failure) 160M->24M(494M) 0.449ms
[15.067s][info][gc,cpu       ] GC(804) User=0.00s Sys=0.00s Real=0.00s
[15.087s][info][gc,start     ] GC(805) Pause Young (Allocation Failure)
[15.087s][info][gc,heap      ] GC(805) DefNew: 140203K->426K(157248K)
[15.087s][info][gc,heap      ] GC(805) Tenured: 24676K->24706K(349568K)
[15.087s][info][gc,metaspace ] GC(805) Metaspace: 13402K->13402K(1060864K)
[15.087s][info][gc           ] GC(805) Pause Young (Allocation Failure) 161M->24M(494M) 0.442ms
[15.087s][info][gc,cpu       ] GC(805) User=0.00s Sys=0.00s Real=0.00s
[15.104s][info][gc,start     ] GC(806) Pause Young (Allocation Failure)
[15.105s][info][gc,heap      ] GC(806) DefNew: 140202K->425K(157248K)
[15.105s][info][gc,heap      ] GC(806) Tenured: 24706K->24735K(349568K)
[15.105s][info][gc,metaspace ] GC(806) Metaspace: 13402K->13402K(1060864K)
[15.105s][info][gc           ] GC(806) Pause Young (Allocation Failure) 161M->24M(494M) 0.408ms
[15.105s][info][gc,cpu       ] GC(806) User=0.00s Sys=0.00s Real=0.00s
[15.121s][info][gc,start     ] GC(807) Pause Young (Allocation Failure)
[15.122s][info][gc,heap      ] GC(807) DefNew: 140201K->423K(157248K)
[15.122s][info][gc,heap      ] GC(807) Tenured: 24735K->24764K(349568K)
[15.122s][info][gc,metaspace ] GC(807) Metaspace: 13402K->13402K(1060864K)
[15.122s][info][gc           ] GC(807) Pause Young (Allocation Failure) 161M->24M(494M) 0.564ms
[15.122s][info][gc,cpu       ] GC(807) User=0.00s Sys=0.00s Real=0.00s
[15.139s][info][gc,start     ] GC(808) Pause Young (Allocation Failure)
[15.140s][info][gc,heap      ] GC(808) DefNew: 140199K->420K(157248K)
[15.140s][info][gc,heap      ] GC(808) Tenured: 24764K->24794K(349568K)
[15.140s][info][gc,metaspace ] GC(808) Metaspace: 13402K->13402K(1060864K)
[15.140s][info][gc           ] GC(808) Pause Young (Allocation Failure) 161M->24M(494M) 0.612ms
[15.140s][info][gc,cpu       ] GC(808) User=0.00s Sys=0.00s Real=0.00s
[15.159s][info][gc,start     ] GC(809) Pause Young (Allocation Failure)
[15.159s][info][gc,heap      ] GC(809) DefNew: 140196K->419K(157248K)
[15.159s][info][gc,heap      ] GC(809) Tenured: 24794K->24823K(349568K)
[15.159s][info][gc,metaspace ] GC(809) Metaspace: 13402K->13402K(1060864K)
[15.159s][info][gc           ] GC(809) Pause Young (Allocation Failure) 161M->24M(494M) 0.451ms
[15.159s][info][gc,cpu       ] GC(809) User=0.00s Sys=0.00s Real=0.01s
[15.179s][info][gc,start     ] GC(810) Pause Young (Allocation Failure)
[15.180s][info][gc,heap      ] GC(810) DefNew: 140195K->428K(157248K)
[15.180s][info][gc,heap      ] GC(810) Tenured: 24823K->24843K(349568K)
[15.180s][info][gc,metaspace ] GC(810) Metaspace: 13402K->13402K(1060864K)
[15.180s][info][gc           ] GC(810) Pause Young (Allocation Failure) 161M->24M(494M) 0.439ms
[15.180s][info][gc,cpu       ] GC(810) User=0.00s Sys=0.00s Real=0.00s
[15.198s][info][gc,start     ] GC(811) Pause Young (Allocation Failure)
[15.198s][info][gc,heap      ] GC(811) DefNew: 140204K->427K(157248K)
[15.199s][info][gc,heap      ] GC(811) Tenured: 24843K->24872K(349568K)
[15.199s][info][gc,metaspace ] GC(811) Metaspace: 13402K->13402K(1060864K)
[15.199s][info][gc           ] GC(811) Pause Young (Allocation Failure) 161M->24M(494M) 0.398ms
[15.199s][info][gc,cpu       ] GC(811) User=0.00s Sys=0.00s Real=0.00s
[15.216s][info][gc,start     ] GC(812) Pause Young (Allocation Failure)
[15.216s][info][gc,heap      ] GC(812) DefNew: 140203K->425K(157248K)
[15.216s][info][gc,heap      ] GC(812) Tenured: 24872K->24901K(349568K)
[15.216s][info][gc,metaspace ] GC(812) Metaspace: 13402K->13402K(1060864K)
[15.216s][info][gc           ] GC(812) Pause Young (Allocation Failure) 161M->24M(494M) 0.430ms
[15.216s][info][gc,cpu       ] GC(812) User=0.00s Sys=0.00s Real=0.00s
[15.232s][info][gc,start     ] GC(813) Pause Young (Allocation Failure)
[15.232s][info][gc,heap      ] GC(813) DefNew: 140201K->424K(157248K)
[15.232s][info][gc,heap      ] GC(813) Tenured: 24901K->24931K(349568K)
[15.232s][info][gc,metaspace ] GC(813) Metaspace: 13402K->13402K(1060864K)
[15.232s][info][gc           ] GC(813) Pause Young (Allocation Failure) 161M->24M(494M) 0.479ms
[15.232s][info][gc,cpu       ] GC(813) User=0.00s Sys=0.00s Real=0.00s
[15.249s][info][gc,start     ] GC(814) Pause Young (Allocation Failure)
[15.250s][info][gc,heap      ] GC(814) DefNew: 140200K->420K(157248K)
[15.250s][info][gc,heap      ] GC(814) Tenured: 24931K->24960K(349568K)
[15.250s][info][gc,metaspace ] GC(814) Metaspace: 13402K->13402K(1060864K)
[15.250s][info][gc           ] GC(814) Pause Young (Allocation Failure) 161M->24M(494M) 0.397ms
[15.250s][info][gc,cpu       ] GC(814) User=0.00s Sys=0.00s Real=0.00s
[15.269s][info][gc,start     ] GC(815) Pause Young (Allocation Failure)
[15.269s][info][gc,heap      ] GC(815) DefNew: 140196K->419K(157248K)
[15.269s][info][gc,heap      ] GC(815) Tenured: 24960K->24989K(349568K)
[15.270s][info][gc,metaspace ] GC(815) Metaspace: 13402K->13402K(1060864K)
[15.270s][info][gc           ] GC(815) Pause Young (Allocation Failure) 161M->24M(494M) 0.434ms
[15.270s][info][gc,cpu       ] GC(815) User=0.01s Sys=0.00s Real=0.00s
[15.286s][info][gc,start     ] GC(816) Pause Young (Allocation Failure)
[15.286s][info][gc,heap      ] GC(816) DefNew: 140195K->428K(157248K)
[15.286s][info][gc,heap      ] GC(816) Tenured: 24989K->25009K(349568K)
[15.286s][info][gc,metaspace ] GC(816) Metaspace: 13402K->13402K(1060864K)
[15.286s][info][gc           ] GC(816) Pause Young (Allocation Failure) 161M->24M(494M) 0.419ms
[15.286s][info][gc,cpu       ] GC(816) User=0.00s Sys=0.00s Real=0.00s
[15.302s][info][gc,start     ] GC(817) Pause Young (Allocation Failure)
[15.303s][info][gc,heap      ] GC(817) DefNew: 140204K->427K(157248K)
[15.303s][info][gc,heap      ] GC(817) Tenured: 25009K->25038K(349568K)
[15.303s][info][gc,metaspace ] GC(817) Metaspace: 13402K->13402K(1060864K)
[15.303s][info][gc           ] GC(817) Pause Young (Allocation Failure) 161M->24M(494M) 0.377ms
[15.303s][info][gc,cpu       ] GC(817) User=0.00s Sys=0.00s Real=0.00s
[15.319s][info][gc,start     ] GC(818) Pause Young (Allocation Failure)
[15.319s][info][gc,heap      ] GC(818) DefNew: 140203K->426K(157248K)
[15.319s][info][gc,heap      ] GC(818) Tenured: 25038K->25068K(349568K)
[15.319s][info][gc,metaspace ] GC(818) Metaspace: 13402K->13402K(1060864K)
[15.319s][info][gc           ] GC(818) Pause Young (Allocation Failure) 161M->24M(494M) 0.430ms
[15.319s][info][gc,cpu       ] GC(818) User=0.00s Sys=0.00s Real=0.01s
[15.336s][info][gc,start     ] GC(819) Pause Young (Allocation Failure)
[15.336s][info][gc,heap      ] GC(819) DefNew: 140202K->425K(157248K)
[15.336s][info][gc,heap      ] GC(819) Tenured: 25068K->25097K(349568K)
[15.336s][info][gc,metaspace ] GC(819) Metaspace: 13402K->13402K(1060864K)
[15.336s][info][gc           ] GC(819) Pause Young (Allocation Failure) 161M->24M(494M) 0.421ms
[15.336s][info][gc,cpu       ] GC(819) User=0.00s Sys=0.00s Real=0.00s
[15.352s][info][gc,start     ] GC(820) Pause Young (Allocation Failure)
[15.352s][info][gc,heap      ] GC(820) DefNew: 140201K->423K(157248K)
[15.352s][info][gc,heap      ] GC(820) Tenured: 25097K->25126K(349568K)
[15.352s][info][gc,metaspace ] GC(820) Metaspace: 13402K->13402K(1060864K)
[15.352s][info][gc           ] GC(820) Pause Young (Allocation Failure) 161M->24M(494M) 0.398ms
[15.352s][info][gc,cpu       ] GC(820) User=0.00s Sys=0.00s Real=0.00s
[15.366s][info][gc,start     ] GC(821) Pause Young (Allocation Failure)
[15.367s][info][gc,heap      ] GC(821) DefNew: 140199K->420K(157248K)
[15.367s][info][gc,heap      ] GC(821) Tenured: 25126K->25156K(349568K)
[15.367s][info][gc,metaspace ] GC(821) Metaspace: 13402K->13402K(1060864K)
[15.367s][info][gc           ] GC(821) Pause Young (Allocation Failure) 161M->24M(494M) 0.394ms
[15.367s][info][gc,cpu       ] GC(821) User=0.00s Sys=0.00s Real=0.00s
[15.383s][info][gc,start     ] GC(822) Pause Young (Allocation Failure)
[15.383s][info][gc,heap      ] GC(822) DefNew: 140196K->419K(157248K)
[15.383s][info][gc,heap      ] GC(822) Tenured: 25156K->25185K(349568K)
[15.383s][info][gc,metaspace ] GC(822) Metaspace: 13402K->13402K(1060864K)
[15.383s][info][gc           ] GC(822) Pause Young (Allocation Failure) 161M->25M(494M) 0.434ms
[15.383s][info][gc,cpu       ] GC(822) User=0.00s Sys=0.00s Real=0.00s
[15.399s][info][gc,start     ] GC(823) Pause Young (Allocation Failure)
[15.399s][info][gc,heap      ] GC(823) DefNew: 140195K->428K(157248K)
[15.399s][info][gc,heap      ] GC(823) Tenured: 25185K->25204K(349568K)
[15.399s][info][gc,metaspace ] GC(823) Metaspace: 13402K->13402K(1060864K)
[15.399s][info][gc           ] GC(823) Pause Young (Allocation Failure) 161M->25M(494M) 0.377ms
[15.399s][info][gc,cpu       ] GC(823) User=0.00s Sys=0.00s Real=0.01s
[15.414s][info][gc,start     ] GC(824) Pause Young (Allocation Failure)
[15.414s][info][gc,heap      ] GC(824) DefNew: 140204K->427K(157248K)
[15.414s][info][gc,heap      ] GC(824) Tenured: 25204K->25234K(349568K)
[15.414s][info][gc,metaspace ] GC(824) Metaspace: 13402K->13402K(1060864K)
[15.414s][info][gc           ] GC(824) Pause Young (Allocation Failure) 161M->25M(494M) 0.387ms
[15.414s][info][gc,cpu       ] GC(824) User=0.00s Sys=0.00s Real=0.00s
[15.429s][info][gc,start     ] GC(825) Pause Young (Allocation Failure)
[15.429s][info][gc,heap      ] GC(825) DefNew: 140203K->426K(157248K)
[15.429s][info][gc,heap      ] GC(825) Tenured: 25234K->25263K(349568K)
[15.429s][info][gc,metaspace ] GC(825) Metaspace: 13402K->13402K(1060864K)
[15.429s][info][gc           ] GC(825) Pause Young (Allocation Failure) 161M->25M(494M) 0.356ms
[15.430s][info][gc,cpu       ] GC(825) User=0.00s Sys=0.00s Real=0.00s
[15.444s][info][gc,start     ] GC(826) Pause Young (Allocation Failure)
[15.444s][info][gc,heap      ] GC(826) DefNew: 140202K->424K(157248K)
[15.444s][info][gc,heap      ] GC(826) Tenured: 25263K->25292K(349568K)
[15.444s][info][gc,metaspace ] GC(826) Metaspace: 13402K->13402K(1060864K)
[15.444s][info][gc           ] GC(826) Pause Young (Allocation Failure) 161M->25M(494M) 0.382ms
[15.444s][info][gc,cpu       ] GC(826) User=0.00s Sys=0.00s Real=0.00s
[15.459s][info][gc,start     ] GC(827) Pause Young (Allocation Failure)
[15.459s][info][gc,heap      ] GC(827) DefNew: 140200K->421K(157248K)
[15.459s][info][gc,heap      ] GC(827) Tenured: 25292K->25322K(349568K)
[15.459s][info][gc,metaspace ] GC(827) Metaspace: 13402K->13402K(1060864K)
[15.459s][info][gc           ] GC(827) Pause Young (Allocation Failure) 161M->25M(494M) 0.364ms
[15.459s][info][gc,cpu       ] GC(827) User=0.00s Sys=0.00s Real=0.01s
[15.472s][info][gc,start     ] GC(828) Pause Young (Allocation Failure)
[15.473s][info][gc,heap      ] GC(828) DefNew: 140197K->419K(157248K)
[15.473s][info][gc,heap      ] GC(828) Tenured: 25322K->25351K(349568K)
[15.473s][info][gc,metaspace ] GC(828) Metaspace: 13402K->13402K(1060864K)
[15.473s][info][gc           ] GC(828) Pause Young (Allocation Failure) 161M->25M(494M) 0.362ms
[15.473s][info][gc,cpu       ] GC(828) User=0.00s Sys=0.00s Real=0.00s
[15.490s][info][gc,start     ] GC(829) Pause Young (Allocation Failure)
[15.490s][info][gc,heap      ] GC(829) DefNew: 140195K->428K(157248K)
[15.490s][info][gc,heap      ] GC(829) Tenured: 25351K->25371K(349568K)
[15.490s][info][gc,metaspace ] GC(829) Metaspace: 13402K->13402K(1060864K)
[15.490s][info][gc           ] GC(829) Pause Young (Allocation Failure) 161M->25M(494M) 0.410ms
[15.491s][info][gc,cpu       ] GC(829) User=0.00s Sys=0.00s Real=0.00s
[15.508s][info][gc,start     ] GC(830) Pause Young (Allocation Failure)
[15.508s][info][gc,heap      ] GC(830) DefNew: 140204K->427K(157248K)
[15.508s][info][gc,heap      ] GC(830) Tenured: 25371K->25400K(349568K)
[15.508s][info][gc,metaspace ] GC(830) Metaspace: 13402K->13402K(1060864K)
[15.508s][info][gc           ] GC(830) Pause Young (Allocation Failure) 161M->25M(494M) 0.410ms
[15.508s][info][gc,cpu       ] GC(830) User=0.00s Sys=0.00s Real=0.00s
[15.525s][info][gc,start     ] GC(831) Pause Young (Allocation Failure)
[15.525s][info][gc,heap      ] GC(831) DefNew: 140203K->426K(157248K)
[15.525s][info][gc,heap      ] GC(831) Tenured: 25400K->25429K(349568K)
[15.525s][info][gc,metaspace ] GC(831) Metaspace: 13402K->13402K(1060864K)
[15.525s][info][gc           ] GC(831) Pause Young (Allocation Failure) 161M->25M(494M) 0.462ms
[15.526s][info][gc,cpu       ] GC(831) User=0.00s Sys=0.00s Real=0.00s
[15.542s][info][gc,start     ] GC(832) Pause Young (Allocation Failure)
[15.543s][info][gc,heap      ] GC(832) DefNew: 140202K->425K(157248K)
[15.543s][info][gc,heap      ] GC(832) Tenured: 25429K->25459K(349568K)
[15.543s][info][gc,metaspace ] GC(832) Metaspace: 13402K->13402K(1060864K)
[15.543s][info][gc           ] GC(832) Pause Young (Allocation Failure) 161M->25M(494M) 0.420ms
[15.543s][info][gc,cpu       ] GC(832) User=0.00s Sys=0.00s Real=0.00s
[15.559s][info][gc,start     ] GC(833) Pause Young (Allocation Failure)
[15.559s][info][gc,heap      ] GC(833) DefNew: 140201K->423K(157248K)
[15.559s][info][gc,heap      ] GC(833) Tenured: 25459K->25488K(349568K)
[15.559s][info][gc,metaspace ] GC(833) Metaspace: 13402K->13402K(1060864K)
[15.559s][info][gc           ] GC(833) Pause Young (Allocation Failure) 161M->25M(494M) 0.441ms
[15.559s][info][gc,cpu       ] GC(833) User=0.00s Sys=0.00s Real=0.01s
[15.576s][info][gc,start     ] GC(834) Pause Young (Allocation Failure)
[15.577s][info][gc,heap      ] GC(834) DefNew: 140199K->430K(157248K)
[15.577s][info][gc,heap      ] GC(834) Tenured: 25488K->25517K(349568K)
[15.577s][info][gc,metaspace ] GC(834) Metaspace: 13416K->13416K(1062912K)
[15.577s][info][gc           ] GC(834) Pause Young (Allocation Failure) 161M->25M(494M) 0.551ms
[15.577s][info][gc,cpu       ] GC(834) User=0.00s Sys=0.00s Real=0.00s
[15.607s][info][gc,start     ] GC(835) Pause Young (Allocation Failure)
[15.608s][info][gc,heap      ] GC(835) DefNew: 140206K->421K(157248K)
[15.608s][info][gc,heap      ] GC(835) Tenured: 25517K->25547K(349568K)
[15.608s][info][gc,metaspace ] GC(835) Metaspace: 13417K->13417K(1062912K)
[15.608s][info][gc           ] GC(835) Pause Young (Allocation Failure) 161M->25M(494M) 1.101ms
[15.608s][info][gc,cpu       ] GC(835) User=0.00s Sys=0.00s Real=0.00s
[15.631s][info][gc,start     ] GC(836) Pause Young (Allocation Failure)
[15.632s][info][gc,heap      ] GC(836) DefNew: 140197K->430K(157248K)
[15.632s][info][gc,heap      ] GC(836) Tenured: 25547K->25566K(349568K)
[15.632s][info][gc,metaspace ] GC(836) Metaspace: 13417K->13417K(1062912K)
[15.632s][info][gc           ] GC(836) Pause Young (Allocation Failure) 161M->25M(494M) 0.468ms
[15.632s][info][gc,cpu       ] GC(836) User=0.00s Sys=0.00s Real=0.00s
[15.654s][info][gc,start     ] GC(837) Pause Young (Allocation Failure)
[15.654s][info][gc,heap      ] GC(837) DefNew: 140206K->429K(157248K)
[15.654s][info][gc,heap      ] GC(837) Tenured: 25566K->25596K(349568K)
[15.654s][info][gc,metaspace ] GC(837) Metaspace: 13417K->13417K(1062912K)
[15.654s][info][gc           ] GC(837) Pause Young (Allocation Failure) 161M->25M(494M) 0.492ms
[15.654s][info][gc,cpu       ] GC(837) User=0.00s Sys=0.00s Real=0.00s
[15.670s][info][gc,start     ] GC(838) Pause Young (Allocation Failure)
[15.670s][info][gc,heap      ] GC(838) DefNew: 140205K->428K(157248K)
[15.670s][info][gc,heap      ] GC(838) Tenured: 25596K->25625K(349568K)
[15.670s][info][gc,metaspace ] GC(838) Metaspace: 13417K->13417K(1062912K)
[15.670s][info][gc           ] GC(838) Pause Young (Allocation Failure) 161M->25M(494M) 0.407ms
[15.670s][info][gc,cpu       ] GC(838) User=0.00s Sys=0.00s Real=0.00s
[15.686s][info][gc,start     ] GC(839) Pause Young (Allocation Failure)
[15.687s][info][gc,heap      ] GC(839) DefNew: 140204K->426K(157248K)
[15.687s][info][gc,heap      ] GC(839) Tenured: 25625K->25654K(349568K)
[15.687s][info][gc,metaspace ] GC(839) Metaspace: 13417K->13417K(1062912K)
[15.687s][info][gc           ] GC(839) Pause Young (Allocation Failure) 161M->25M(494M) 0.457ms
[15.687s][info][gc,cpu       ] GC(839) User=0.00s Sys=0.00s Real=0.00s
[15.703s][info][gc,start     ] GC(840) Pause Young (Allocation Failure)
[15.703s][info][gc,heap      ] GC(840) DefNew: 140202K->423K(157248K)
[15.703s][info][gc,heap      ] GC(840) Tenured: 25654K->25684K(349568K)
[15.703s][info][gc,metaspace ] GC(840) Metaspace: 13417K->13417K(1062912K)
[15.703s][info][gc           ] GC(840) Pause Young (Allocation Failure) 161M->25M(494M) 0.444ms
[15.703s][info][gc,cpu       ] GC(840) User=0.00s Sys=0.00s Real=0.00s
[15.719s][info][gc,start     ] GC(841) Pause Young (Allocation Failure)
[15.720s][info][gc,heap      ] GC(841) DefNew: 140199K->421K(157248K)
[15.720s][info][gc,heap      ] GC(841) Tenured: 25684K->25713K(349568K)
[15.720s][info][gc,metaspace ] GC(841) Metaspace: 13417K->13417K(1062912K)
[15.720s][info][gc           ] GC(841) Pause Young (Allocation Failure) 161M->25M(494M) 0.738ms
[15.720s][info][gc,cpu       ] GC(841) User=0.00s Sys=0.00s Real=0.00s
[15.736s][info][gc,start     ] GC(842) Pause Young (Allocation Failure)
[15.737s][info][gc,heap      ] GC(842) DefNew: 140197K->421K(157248K)
[15.737s][info][gc,heap      ] GC(842) Tenured: 25713K->25742K(349568K)
[15.737s][info][gc,metaspace ] GC(842) Metaspace: 13417K->13417K(1062912K)
[15.737s][info][gc           ] GC(842) Pause Young (Allocation Failure) 162M->25M(494M) 0.419ms
[15.737s][info][gc,cpu       ] GC(842) User=0.00s Sys=0.00s Real=0.00s
[15.753s][info][gc,start     ] GC(843) Pause Young (Allocation Failure)
[15.753s][info][gc,heap      ] GC(843) DefNew: 140197K->429K(157248K)
[15.753s][info][gc,heap      ] GC(843) Tenured: 25742K->25762K(349568K)
[15.753s][info][gc,metaspace ] GC(843) Metaspace: 13417K->13417K(1062912K)
[15.753s][info][gc           ] GC(843) Pause Young (Allocation Failure) 162M->25M(494M) 0.411ms
[15.753s][info][gc,cpu       ] GC(843) User=0.00s Sys=0.00s Real=0.00s
[15.770s][info][gc,start     ] GC(844) Pause Young (Allocation Failure)
[15.770s][info][gc,heap      ] GC(844) DefNew: 140205K->428K(157248K)
[15.770s][info][gc,heap      ] GC(844) Tenured: 25762K->25791K(349568K)
[15.770s][info][gc,metaspace ] GC(844) Metaspace: 13417K->13417K(1062912K)
[15.770s][info][gc           ] GC(844) Pause Young (Allocation Failure) 162M->25M(494M) 0.808ms
[15.771s][info][gc,cpu       ] GC(844) User=0.00s Sys=0.00s Real=0.00s
[15.786s][info][gc,start     ] GC(845) Pause Young (Allocation Failure)
[15.786s][info][gc,heap      ] GC(845) DefNew: 140204K->427K(157248K)
[15.786s][info][gc,heap      ] GC(845) Tenured: 25791K->25821K(349568K)
[15.786s][info][gc,metaspace ] GC(845) Metaspace: 13417K->13417K(1062912K)
[15.786s][info][gc           ] GC(845) Pause Young (Allocation Failure) 162M->25M(494M) 0.436ms
[15.786s][info][gc,cpu       ] GC(845) User=0.00s Sys=0.00s Real=0.00s
[15.802s][info][gc,start     ] GC(846) Pause Young (Allocation Failure)
[15.802s][info][gc,heap      ] GC(846) DefNew: 140203K->425K(157248K)
[15.802s][info][gc,heap      ] GC(846) Tenured: 25821K->25850K(349568K)
[15.802s][info][gc,metaspace ] GC(846) Metaspace: 13417K->13417K(1062912K)
[15.802s][info][gc           ] GC(846) Pause Young (Allocation Failure) 162M->25M(494M) 0.589ms
[15.803s][info][gc,cpu       ] GC(846) User=0.00s Sys=0.00s Real=0.00s
[15.820s][info][gc,start     ] GC(847) Pause Young (Allocation Failure)
[15.820s][info][gc,heap      ] GC(847) DefNew: 140201K->422K(157248K)
[15.820s][info][gc,heap      ] GC(847) Tenured: 25850K->25879K(349568K)
[15.820s][info][gc,metaspace ] GC(847) Metaspace: 13417K->13417K(1062912K)
[15.820s][info][gc           ] GC(847) Pause Young (Allocation Failure) 162M->25M(494M) 0.455ms
[15.820s][info][gc,cpu       ] GC(847) User=0.00s Sys=0.00s Real=0.00s
[15.840s][info][gc,start     ] GC(848) Pause Young (Allocation Failure)
[15.840s][info][gc,heap      ] GC(848) DefNew: 140198K->421K(157248K)
[15.840s][info][gc,heap      ] GC(848) Tenured: 25879K->25909K(349568K)
[15.840s][info][gc,metaspace ] GC(848) Metaspace: 13417K->13417K(1062912K)
[15.840s][info][gc           ] GC(848) Pause Young (Allocation Failure) 162M->25M(494M) 0.432ms
[15.840s][info][gc,cpu       ] GC(848) User=0.00s Sys=0.00s Real=0.00s
[15.858s][info][gc,start     ] GC(849) Pause Young (Allocation Failure)
[15.859s][info][gc,heap      ] GC(849) DefNew: 140197K->428K(157248K)
[15.859s][info][gc,heap      ] GC(849) Tenured: 25909K->25930K(349568K)
[15.859s][info][gc,metaspace ] GC(849) Metaspace: 13417K->13417K(1062912K)
[15.859s][info][gc           ] GC(849) Pause Young (Allocation Failure) 162M->25M(494M) 0.508ms
[15.859s][info][gc,cpu       ] GC(849) User=0.00s Sys=0.00s Real=0.00s
[15.879s][info][gc,start     ] GC(850) Pause Young (Allocation Failure)
[15.880s][info][gc,heap      ] GC(850) DefNew: 140204K->427K(157248K)
[15.880s][info][gc,heap      ] GC(850) Tenured: 25930K->25960K(349568K)
[15.880s][info][gc,metaspace ] GC(850) Metaspace: 13417K->13417K(1062912K)
[15.880s][info][gc           ] GC(850) Pause Young (Allocation Failure) 162M->25M(494M) 0.538ms
[15.880s][info][gc,cpu       ] GC(850) User=0.00s Sys=0.00s Real=0.00s
[15.896s][info][gc,start     ] GC(851) Pause Young (Allocation Failure)
[15.897s][info][gc,heap      ] GC(851) DefNew: 140203K->426K(157248K)
[15.897s][info][gc,heap      ] GC(851) Tenured: 25960K->25989K(349568K)
[15.897s][info][gc,metaspace ] GC(851) Metaspace: 13417K->13417K(1062912K)
[15.897s][info][gc           ] GC(851) Pause Young (Allocation Failure) 162M->25M(494M) 0.505ms
[15.897s][info][gc,cpu       ] GC(851) User=0.00s Sys=0.00s Real=0.00s
[15.920s][info][gc,start     ] GC(852) Pause Young (Allocation Failure)
[15.921s][info][gc,heap      ] GC(852) DefNew: 140202K->424K(157248K)
[15.921s][info][gc,heap      ] GC(852) Tenured: 25989K->26018K(349568K)
[15.921s][info][gc,metaspace ] GC(852) Metaspace: 13417K->13417K(1062912K)
[15.921s][info][gc           ] GC(852) Pause Young (Allocation Failure) 162M->25M(494M) 0.442ms
[15.921s][info][gc,cpu       ] GC(852) User=0.00s Sys=0.00s Real=0.00s
[15.937s][info][gc,start     ] GC(853) Pause Young (Allocation Failure)
[15.938s][info][gc,heap      ] GC(853) DefNew: 140200K->422K(157248K)
[15.938s][info][gc,heap      ] GC(853) Tenured: 26018K->26048K(349568K)
[15.938s][info][gc,metaspace ] GC(853) Metaspace: 13417K->13417K(1062912K)
[15.938s][info][gc           ] GC(853) Pause Young (Allocation Failure) 162M->25M(494M) 0.483ms
[15.938s][info][gc,cpu       ] GC(853) User=0.00s Sys=0.00s Real=0.00s
[15.954s][info][gc,start     ] GC(854) Pause Young (Allocation Failure)
[15.955s][info][gc,heap      ] GC(854) DefNew: 140198K->420K(157248K)
[15.955s][info][gc,heap      ] GC(854) Tenured: 26048K->26077K(349568K)
[15.955s][info][gc,metaspace ] GC(854) Metaspace: 13417K->13417K(1062912K)
[15.955s][info][gc           ] GC(854) Pause Young (Allocation Failure) 162M->25M(494M) 0.641ms
[15.955s][info][gc,cpu       ] GC(854) User=0.00s Sys=0.00s Real=0.00s
[15.973s][info][gc,start     ] GC(855) Pause Young (Allocation Failure)
[15.973s][info][gc,heap      ] GC(855) DefNew: 140196K->419K(157248K)
[15.973s][info][gc,heap      ] GC(855) Tenured: 26077K->26106K(349568K)
[15.973s][info][gc,metaspace ] GC(855) Metaspace: 13417K->13417K(1062912K)
[15.973s][info][gc           ] GC(855) Pause Young (Allocation Failure) 162M->25M(494M) 0.390ms
[15.973s][info][gc,cpu       ] GC(855) User=0.00s Sys=0.00s Real=0.00s
[15.992s][info][gc,start     ] GC(856) Pause Young (Allocation Failure)
[15.993s][info][gc,heap      ] GC(856) DefNew: 140195K->428K(157248K)
[15.993s][info][gc,heap      ] GC(856) Tenured: 26106K->26126K(349568K)
[15.993s][info][gc,metaspace ] GC(856) Metaspace: 13417K->13417K(1062912K)
[15.993s][info][gc           ] GC(856) Pause Young (Allocation Failure) 162M->25M(494M) 0.425ms
[15.993s][info][gc,cpu       ] GC(856) User=0.00s Sys=0.00s Real=0.00s
[16.012s][info][gc,start     ] GC(857) Pause Young (Allocation Failure)
[16.012s][info][gc,heap      ] GC(857) DefNew: 140204K->427K(157248K)
[16.012s][info][gc,heap      ] GC(857) Tenured: 26126K->26155K(349568K)
[16.012s][info][gc,metaspace ] GC(857) Metaspace: 13417K->13417K(1062912K)
[16.012s][info][gc           ] GC(857) Pause Young (Allocation Failure) 162M->25M(494M) 0.395ms
[16.012s][info][gc,cpu       ] GC(857) User=0.00s Sys=0.00s Real=0.00s
[16.030s][info][gc,start     ] GC(858) Pause Young (Allocation Failure)
[16.031s][info][gc,heap      ] GC(858) DefNew: 140203K->425K(157248K)
[16.031s][info][gc,heap      ] GC(858) Tenured: 26155K->26185K(349568K)
[16.031s][info][gc,metaspace ] GC(858) Metaspace: 13417K->13417K(1062912K)
[16.031s][info][gc           ] GC(858) Pause Young (Allocation Failure) 162M->25M(494M) 0.450ms
[16.031s][info][gc,cpu       ] GC(858) User=0.00s Sys=0.00s Real=0.00s
[16.049s][info][gc,start     ] GC(859) Pause Young (Allocation Failure)
[16.049s][info][gc,heap      ] GC(859) DefNew: 140201K->424K(157248K)
[16.049s][info][gc,heap      ] GC(859) Tenured: 26185K->26214K(349568K)
[16.049s][info][gc,metaspace ] GC(859) Metaspace: 13417K->13417K(1062912K)
[16.049s][info][gc           ] GC(859) Pause Young (Allocation Failure) 162M->26M(494M) 0.440ms
[16.049s][info][gc,cpu       ] GC(859) User=0.00s Sys=0.00s Real=0.01s
[16.066s][info][gc,start     ] GC(860) Pause Young (Allocation Failure)
[16.066s][info][gc,heap      ] GC(860) DefNew: 140200K->420K(157248K)
[16.066s][info][gc,heap      ] GC(860) Tenured: 26214K->26243K(349568K)
[16.066s][info][gc,metaspace ] GC(860) Metaspace: 13417K->13417K(1062912K)
[16.066s][info][gc           ] GC(860) Pause Young (Allocation Failure) 162M->26M(494M) 0.400ms
[16.066s][info][gc,cpu       ] GC(860) User=0.00s Sys=0.00s Real=0.00s
[16.085s][info][gc,start     ] GC(861) Pause Young (Allocation Failure)
[16.085s][info][gc,heap      ] GC(861) DefNew: 140196K->419K(157248K)
[16.085s][info][gc,heap      ] GC(861) Tenured: 26243K->26273K(349568K)
[16.085s][info][gc,metaspace ] GC(861) Metaspace: 13417K->13417K(1062912K)
[16.085s][info][gc           ] GC(861) Pause Young (Allocation Failure) 162M->26M(494M) 0.402ms
[16.085s][info][gc,cpu       ] GC(861) User=0.00s Sys=0.00s Real=0.00s
[16.104s][info][gc,start     ] GC(862) Pause Young (Allocation Failure)
[16.104s][info][gc,heap      ] GC(862) DefNew: 140195K->428K(157248K)
[16.104s][info][gc,heap      ] GC(862) Tenured: 26273K->26292K(349568K)
[16.104s][info][gc,metaspace ] GC(862) Metaspace: 13417K->13417K(1062912K)
[16.105s][info][gc           ] GC(862) Pause Young (Allocation Failure) 162M->26M(494M) 0.613ms
[16.105s][info][gc,cpu       ] GC(862) User=0.00s Sys=0.00s Real=0.00s
[16.125s][info][gc,start     ] GC(863) Pause Young (Allocation Failure)
[16.126s][info][gc,heap      ] GC(863) DefNew: 140204K->427K(157248K)
[16.126s][info][gc,heap      ] GC(863) Tenured: 26292K->26321K(349568K)
[16.126s][info][gc,metaspace ] GC(863) Metaspace: 13417K->13417K(1062912K)
[16.126s][info][gc           ] GC(863) Pause Young (Allocation Failure) 162M->26M(494M) 0.484ms
[16.126s][info][gc,cpu       ] GC(863) User=0.00s Sys=0.00s Real=0.00s
[16.145s][info][gc,start     ] GC(864) Pause Young (Allocation Failure)
[16.145s][info][gc,heap      ] GC(864) DefNew: 140203K->426K(157248K)
[16.145s][info][gc,heap      ] GC(864) Tenured: 26321K->26351K(349568K)
[16.145s][info][gc,metaspace ] GC(864) Metaspace: 13417K->13417K(1062912K)
[16.145s][info][gc           ] GC(864) Pause Young (Allocation Failure) 162M->26M(494M) 0.519ms
[16.145s][info][gc,cpu       ] GC(864) User=0.00s Sys=0.00s Real=0.00s
[16.164s][info][gc,start     ] GC(865) Pause Young (Allocation Failure)
[16.165s][info][gc,heap      ] GC(865) DefNew: 140202K->425K(157248K)
[16.165s][info][gc,heap      ] GC(865) Tenured: 26351K->26380K(349568K)
[16.165s][info][gc,metaspace ] GC(865) Metaspace: 13417K->13417K(1062912K)
[16.165s][info][gc           ] GC(865) Pause Young (Allocation Failure) 162M->26M(494M) 0.496ms
[16.165s][info][gc,cpu       ] GC(865) User=0.00s Sys=0.00s Real=0.00s
[16.183s][info][gc,start     ] GC(866) Pause Young (Allocation Failure)
[16.184s][info][gc,heap      ] GC(866) DefNew: 140201K->423K(157248K)
[16.184s][info][gc,heap      ] GC(866) Tenured: 26380K->26410K(349568K)
[16.184s][info][gc,metaspace ] GC(866) Metaspace: 13417K->13417K(1062912K)
[16.184s][info][gc           ] GC(866) Pause Young (Allocation Failure) 162M->26M(494M) 0.664ms
[16.184s][info][gc,cpu       ] GC(866) User=0.00s Sys=0.00s Real=0.00s
[16.201s][info][gc,start     ] GC(867) Pause Young (Allocation Failure)
[16.201s][info][gc,heap      ] GC(867) DefNew: 140199K->420K(157248K)
[16.201s][info][gc,heap      ] GC(867) Tenured: 26410K->26439K(349568K)
[16.201s][info][gc,metaspace ] GC(867) Metaspace: 13417K->13417K(1062912K)
[16.201s][info][gc           ] GC(867) Pause Young (Allocation Failure) 162M->26M(494M) 0.406ms
[16.201s][info][gc,cpu       ] GC(867) User=0.00s Sys=0.00s Real=0.00s
[16.220s][info][gc,start     ] GC(868) Pause Young (Allocation Failure)
[16.220s][info][gc,heap      ] GC(868) DefNew: 140196K->419K(157248K)
[16.220s][info][gc,heap      ] GC(868) Tenured: 26439K->26468K(349568K)
[16.220s][info][gc,metaspace ] GC(868) Metaspace: 13417K->13417K(1062912K)
[16.220s][info][gc           ] GC(868) Pause Young (Allocation Failure) 162M->26M(494M) 0.392ms
[16.220s][info][gc,cpu       ] GC(868) User=0.00s Sys=0.00s Real=0.00s
[16.239s][info][gc,start     ] GC(869) Pause Young (Allocation Failure)
[16.240s][info][gc,heap      ] GC(869) DefNew: 140195K->428K(157248K)
[16.240s][info][gc,heap      ] GC(869) Tenured: 26468K->26488K(349568K)
[16.240s][info][gc,metaspace ] GC(869) Metaspace: 13417K->13417K(1062912K)
[16.240s][info][gc           ] GC(869) Pause Young (Allocation Failure) 162M->26M(494M) 0.425ms
[16.240s][info][gc,cpu       ] GC(869) User=0.00s Sys=0.00s Real=0.00s
[16.257s][info][gc,start     ] GC(870) Pause Young (Allocation Failure)
[16.258s][info][gc,heap      ] GC(870) DefNew: 140204K->427K(157248K)
[16.258s][info][gc,heap      ] GC(870) Tenured: 26488K->26517K(349568K)
[16.258s][info][gc,metaspace ] GC(870) Metaspace: 13417K->13417K(1062912K)
[16.258s][info][gc           ] GC(870) Pause Young (Allocation Failure) 162M->26M(494M) 0.439ms
[16.258s][info][gc,cpu       ] GC(870) User=0.00s Sys=0.00s Real=0.00s
[16.277s][info][gc,start     ] GC(871) Pause Young (Allocation Failure)
[16.277s][info][gc,heap      ] GC(871) DefNew: 140203K->425K(157248K)
[16.277s][info][gc,heap      ] GC(871) Tenured: 26517K->26546K(349568K)
[16.277s][info][gc,metaspace ] GC(871) Metaspace: 13417K->13417K(1062912K)
[16.277s][info][gc           ] GC(871) Pause Young (Allocation Failure) 162M->26M(494M) 0.373ms
[16.277s][info][gc,cpu       ] GC(871) User=0.00s Sys=0.00s Real=0.00s
[16.293s][info][gc,start     ] GC(872) Pause Young (Allocation Failure)
[16.294s][info][gc,heap      ] GC(872) DefNew: 140201K->424K(157248K)
[16.294s][info][gc,heap      ] GC(872) Tenured: 26546K->26576K(349568K)
[16.294s][info][gc,metaspace ] GC(872) Metaspace: 13417K->13417K(1062912K)
[16.294s][info][gc           ] GC(872) Pause Young (Allocation Failure) 162M->26M(494M) 0.453ms
[16.294s][info][gc,cpu       ] GC(872) User=0.00s Sys=0.00s Real=0.00s
[16.309s][info][gc,start     ] GC(873) Pause Young (Allocation Failure)
[16.309s][info][gc,heap      ] GC(873) DefNew: 140200K->420K(157248K)
[16.309s][info][gc,heap      ] GC(873) Tenured: 26576K->26605K(349568K)
[16.309s][info][gc,metaspace ] GC(873) Metaspace: 13417K->13417K(1062912K)
[16.309s][info][gc           ] GC(873) Pause Young (Allocation Failure) 162M->26M(494M) 0.439ms
[16.309s][info][gc,cpu       ] GC(873) User=0.00s Sys=0.00s Real=0.01s
[16.327s][info][gc,start     ] GC(874) Pause Young (Allocation Failure)
[16.327s][info][gc,heap      ] GC(874) DefNew: 140196K->419K(157248K)
[16.327s][info][gc,heap      ] GC(874) Tenured: 26605K->26634K(349568K)
[16.327s][info][gc,metaspace ] GC(874) Metaspace: 13417K->13417K(1062912K)
[16.327s][info][gc           ] GC(874) Pause Young (Allocation Failure) 162M->26M(494M) 0.382ms
[16.327s][info][gc,cpu       ] GC(874) User=0.00s Sys=0.00s Real=0.00s
[16.344s][info][gc,start     ] GC(875) Pause Young (Allocation Failure)
[16.344s][info][gc,heap      ] GC(875) DefNew: 140195K->428K(157248K)
[16.345s][info][gc,heap      ] GC(875) Tenured: 26634K->26654K(349568K)
[16.345s][info][gc,metaspace ] GC(875) Metaspace: 13417K->13417K(1062912K)
[16.345s][info][gc           ] GC(875) Pause Young (Allocation Failure) 162M->26M(494M) 0.394ms
[16.345s][info][gc,cpu       ] GC(875) User=0.00s Sys=0.00s Real=0.00s
[16.361s][info][gc,start     ] GC(876) Pause Young (Allocation Failure)
[16.362s][info][gc,heap      ] GC(876) DefNew: 140204K->427K(157248K)
[16.362s][info][gc,heap      ] GC(876) Tenured: 26654K->26683K(349568K)
[16.362s][info][gc,metaspace ] GC(876) Metaspace: 13417K->13417K(1062912K)
[16.362s][info][gc           ] GC(876) Pause Young (Allocation Failure) 162M->26M(494M) 0.424ms
[16.362s][info][gc,cpu       ] GC(876) User=0.00s Sys=0.00s Real=0.00s
[16.379s][info][gc,start     ] GC(877) Pause Young (Allocation Failure)
[16.379s][info][gc,heap      ] GC(877) DefNew: 140203K->426K(157248K)
[16.379s][info][gc,heap      ] GC(877) Tenured: 26683K->26713K(349568K)
[16.379s][info][gc,metaspace ] GC(877) Metaspace: 13417K->13417K(1062912K)
[16.379s][info][gc           ] GC(877) Pause Young (Allocation Failure) 162M->26M(494M) 0.432ms
[16.379s][info][gc,cpu       ] GC(877) User=0.00s Sys=0.00s Real=0.01s
[16.396s][info][gc,start     ] GC(878) Pause Young (Allocation Failure)
[16.396s][info][gc,heap      ] GC(878) DefNew: 140202K->425K(157248K)
[16.396s][info][gc,heap      ] GC(878) Tenured: 26713K->26742K(349568K)
[16.396s][info][gc,metaspace ] GC(878) Metaspace: 13417K->13417K(1062912K)
[16.396s][info][gc           ] GC(878) Pause Young (Allocation Failure) 163M->26M(494M) 0.508ms
[16.396s][info][gc,cpu       ] GC(878) User=0.00s Sys=0.00s Real=0.00s
[16.416s][info][gc,start     ] GC(879) Pause Young (Allocation Failure)
[16.417s][info][gc,heap      ] GC(879) DefNew: 140201K->423K(157248K)
[16.417s][info][gc,heap      ] GC(879) Tenured: 26742K->26771K(349568K)
[16.417s][info][gc,metaspace ] GC(879) Metaspace: 13417K->13417K(1062912K)
[16.417s][info][gc           ] GC(879) Pause Young (Allocation Failure) 163M->26M(494M) 0.725ms
[16.417s][info][gc,cpu       ] GC(879) User=0.00s Sys=0.00s Real=0.00s
[16.432s][info][gc,start     ] GC(880) Pause Young (Allocation Failure)
[16.432s][info][gc,heap      ] GC(880) DefNew: 140199K->420K(157248K)
[16.432s][info][gc,heap      ] GC(880) Tenured: 26771K->26801K(349568K)
[16.432s][info][gc,metaspace ] GC(880) Metaspace: 13417K->13417K(1062912K)
[16.432s][info][gc           ] GC(880) Pause Young (Allocation Failure) 163M->26M(494M) 0.373ms
[16.432s][info][gc,cpu       ] GC(880) User=0.00s Sys=0.00s Real=0.00s
[16.450s][info][gc,start     ] GC(881) Pause Young (Allocation Failure)
[16.450s][info][gc,heap      ] GC(881) DefNew: 140196K->419K(157248K)
[16.450s][info][gc,heap      ] GC(881) Tenured: 26801K->26830K(349568K)
[16.450s][info][gc,metaspace ] GC(881) Metaspace: 13417K->13417K(1062912K)
[16.450s][info][gc           ] GC(881) Pause Young (Allocation Failure) 163M->26M(494M) 0.414ms
[16.450s][info][gc,cpu       ] GC(881) User=0.00s Sys=0.00s Real=0.00s
[16.469s][info][gc,start     ] GC(882) Pause Young (Allocation Failure)
[16.469s][info][gc,heap      ] GC(882) DefNew: 140195K->428K(157248K)
[16.469s][info][gc,heap      ] GC(882) Tenured: 26830K->26850K(349568K)
[16.469s][info][gc,metaspace ] GC(882) Metaspace: 13417K->13417K(1062912K)
[16.469s][info][gc           ] GC(882) Pause Young (Allocation Failure) 163M->26M(494M) 0.387ms
[16.469s][info][gc,cpu       ] GC(882) User=0.01s Sys=0.00s Real=0.01s
[16.486s][info][gc,start     ] GC(883) Pause Young (Allocation Failure)
[16.487s][info][gc,heap      ] GC(883) DefNew: 140204K->427K(157248K)
[16.487s][info][gc,heap      ] GC(883) Tenured: 26850K->26879K(349568K)
[16.487s][info][gc,metaspace ] GC(883) Metaspace: 13417K->13417K(1062912K)
[16.487s][info][gc           ] GC(883) Pause Young (Allocation Failure) 163M->26M(494M) 0.421ms
[16.487s][info][gc,cpu       ] GC(883) User=0.00s Sys=0.00s Real=0.00s
[16.505s][info][gc,start     ] GC(884) Pause Young (Allocation Failure)
[16.505s][info][gc,heap      ] GC(884) DefNew: 140203K->426K(157248K)
[16.505s][info][gc,heap      ] GC(884) Tenured: 26879K->26908K(349568K)
[16.505s][info][gc,metaspace ] GC(884) Metaspace: 13417K->13417K(1062912K)
[16.506s][info][gc           ] GC(884) Pause Young (Allocation Failure) 163M->26M(494M) 0.422ms
[16.506s][info][gc,cpu       ] GC(884) User=0.00s Sys=0.00s Real=0.00s
[16.523s][info][gc,start     ] GC(885) Pause Young (Allocation Failure)
[16.524s][info][gc,heap      ] GC(885) DefNew: 140202K->424K(157248K)
[16.524s][info][gc,heap      ] GC(885) Tenured: 26908K->26938K(349568K)
[16.524s][info][gc,metaspace ] GC(885) Metaspace: 13417K->13417K(1062912K)
[16.524s][info][gc           ] GC(885) Pause Young (Allocation Failure) 163M->26M(494M) 0.522ms
[16.524s][info][gc,cpu       ] GC(885) User=0.00s Sys=0.00s Real=0.00s
[16.540s][info][gc,start     ] GC(886) Pause Young (Allocation Failure)
[16.541s][info][gc,heap      ] GC(886) DefNew: 140200K->422K(157248K)
[16.541s][info][gc,heap      ] GC(886) Tenured: 26938K->26967K(349568K)
[16.541s][info][gc,metaspace ] GC(886) Metaspace: 13417K->13417K(1062912K)
[16.541s][info][gc           ] GC(886) Pause Young (Allocation Failure) 163M->26M(494M) 0.573ms
[16.541s][info][gc,cpu       ] GC(886) User=0.00s Sys=0.00s Real=0.00s
[16.560s][info][gc,start     ] GC(887) Pause Young (Allocation Failure)
[16.561s][info][gc,heap      ] GC(887) DefNew: 140198K->419K(157248K)
[16.561s][info][gc,heap      ] GC(887) Tenured: 26967K->26996K(349568K)
[16.561s][info][gc,metaspace ] GC(887) Metaspace: 13417K->13417K(1062912K)
[16.561s][info][gc           ] GC(887) Pause Young (Allocation Failure) 163M->26M(494M) 0.457ms
[16.561s][info][gc,cpu       ] GC(887) User=0.00s Sys=0.00s Real=0.00s
[16.578s][info][gc,start     ] GC(888) Pause Young (Allocation Failure)
[16.579s][info][gc,heap      ] GC(888) DefNew: 140195K->429K(157248K)
[16.579s][info][gc,heap      ] GC(888) Tenured: 26996K->27016K(349568K)
[16.579s][info][gc,metaspace ] GC(888) Metaspace: 13428K->13428K(1062912K)
[16.579s][info][gc           ] GC(888) Pause Young (Allocation Failure) 163M->26M(494M) 0.393ms
[16.579s][info][gc,cpu       ] GC(888) User=0.00s Sys=0.00s Real=0.00s
[16.610s][info][gc,start     ] GC(889) Pause Young (Allocation Failure)
[16.610s][info][gc,heap      ] GC(889) DefNew: 140205K->429K(157248K)
[16.610s][info][gc,heap      ] GC(889) Tenured: 27016K->27045K(349568K)
[16.611s][info][gc,metaspace ] GC(889) Metaspace: 13428K->13428K(1062912K)
[16.611s][info][gc           ] GC(889) Pause Young (Allocation Failure) 163M->26M(494M) 0.649ms
[16.611s][info][gc,cpu       ] GC(889) User=0.00s Sys=0.00s Real=0.00s
[16.646s][info][gc,start     ] GC(890) Pause Young (Allocation Failure)
[16.647s][info][gc,heap      ] GC(890) DefNew: 140205K->427K(157248K)
[16.647s][info][gc,heap      ] GC(890) Tenured: 27045K->27075K(349568K)
[16.647s][info][gc,metaspace ] GC(890) Metaspace: 13428K->13428K(1062912K)
[16.647s][info][gc           ] GC(890) Pause Young (Allocation Failure) 163M->26M(494M) 0.750ms
[16.647s][info][gc,cpu       ] GC(890) User=0.00s Sys=0.00s Real=0.00s
[16.664s][info][gc,start     ] GC(891) Pause Young (Allocation Failure)
[16.664s][info][gc,heap      ] GC(891) DefNew: 140203K->426K(157248K)
[16.664s][info][gc,heap      ] GC(891) Tenured: 27075K->27104K(349568K)
[16.664s][info][gc,metaspace ] GC(891) Metaspace: 13428K->13428K(1062912K)
[16.664s][info][gc           ] GC(891) Pause Young (Allocation Failure) 163M->26M(494M) 0.450ms
[16.664s][info][gc,cpu       ] GC(891) User=0.00s Sys=0.00s Real=0.00s
[16.680s][info][gc,start     ] GC(892) Pause Young (Allocation Failure)
[16.680s][info][gc,heap      ] GC(892) DefNew: 140202K->424K(157248K)
[16.680s][info][gc,heap      ] GC(892) Tenured: 27104K->27133K(349568K)
[16.680s][info][gc,metaspace ] GC(892) Metaspace: 13428K->13428K(1062912K)
[16.680s][info][gc           ] GC(892) Pause Young (Allocation Failure) 163M->26M(494M) 0.597ms
[16.680s][info][gc,cpu       ] GC(892) User=0.00s Sys=0.00s Real=0.00s
[16.698s][info][gc,start     ] GC(893) Pause Young (Allocation Failure)
[16.698s][info][gc,heap      ] GC(893) DefNew: 140200K->421K(157248K)
[16.698s][info][gc,heap      ] GC(893) Tenured: 27133K->27163K(349568K)
[16.698s][info][gc,metaspace ] GC(893) Metaspace: 13428K->13428K(1062912K)
[16.698s][info][gc           ] GC(893) Pause Young (Allocation Failure) 163M->26M(494M) 0.447ms
[16.698s][info][gc,cpu       ] GC(893) User=0.00s Sys=0.00s Real=0.00s
[16.717s][info][gc,start     ] GC(894) Pause Young (Allocation Failure)
[16.717s][info][gc,heap      ] GC(894) DefNew: 140197K->420K(157248K)
[16.717s][info][gc,heap      ] GC(894) Tenured: 27163K->27192K(349568K)
[16.717s][info][gc,metaspace ] GC(894) Metaspace: 13428K->13428K(1062912K)
[16.717s][info][gc           ] GC(894) Pause Young (Allocation Failure) 163M->26M(494M) 0.430ms
[16.717s][info][gc,cpu       ] GC(894) User=0.00s Sys=0.00s Real=0.00s
[16.735s][info][gc,start     ] GC(895) Pause Young (Allocation Failure)
[16.736s][info][gc,heap      ] GC(895) DefNew: 140196K->429K(157248K)
[16.736s][info][gc,heap      ] GC(895) Tenured: 27192K->27212K(349568K)
[16.736s][info][gc,metaspace ] GC(895) Metaspace: 13428K->13428K(1062912K)
[16.736s][info][gc           ] GC(895) Pause Young (Allocation Failure) 163M->26M(494M) 0.384ms
[16.736s][info][gc,cpu       ] GC(895) User=0.00s Sys=0.00s Real=0.00s
[16.755s][info][gc,start     ] GC(896) Pause Young (Allocation Failure)
[16.755s][info][gc,heap      ] GC(896) DefNew: 140205K->428K(157248K)
[16.755s][info][gc,heap      ] GC(896) Tenured: 27212K->27241K(349568K)
[16.755s][info][gc,metaspace ] GC(896) Metaspace: 13428K->13428K(1062912K)
[16.755s][info][gc           ] GC(896) Pause Young (Allocation Failure) 163M->27M(494M) 0.455ms
[16.755s][info][gc,cpu       ] GC(896) User=0.00s Sys=0.00s Real=0.00s
[16.774s][info][gc,start     ] GC(897) Pause Young (Allocation Failure)
[16.775s][info][gc,heap      ] GC(897) DefNew: 140204K->427K(157248K)
[16.775s][info][gc,heap      ] GC(897) Tenured: 27241K->27270K(349568K)
[16.775s][info][gc,metaspace ] GC(897) Metaspace: 13428K->13428K(1062912K)
[16.775s][info][gc           ] GC(897) Pause Young (Allocation Failure) 163M->27M(494M) 0.461ms
[16.775s][info][gc,cpu       ] GC(897) User=0.00s Sys=0.00s Real=0.00s
[16.795s][info][gc,start     ] GC(898) Pause Young (Allocation Failure)
[16.796s][info][gc,heap      ] GC(898) DefNew: 140203K->426K(157248K)
[16.796s][info][gc,heap      ] GC(898) Tenured: 27270K->27300K(349568K)
[16.796s][info][gc,metaspace ] GC(898) Metaspace: 13428K->13428K(1062912K)
[16.796s][info][gc           ] GC(898) Pause Young (Allocation Failure) 163M->27M(494M) 0.505ms
[16.796s][info][gc,cpu       ] GC(898) User=0.00s Sys=0.00s Real=0.00s
[16.814s][info][gc,start     ] GC(899) Pause Young (Allocation Failure)
[16.815s][info][gc,heap      ] GC(899) DefNew: 140202K->423K(157248K)
[16.815s][info][gc,heap      ] GC(899) Tenured: 27300K->27329K(349568K)
[16.815s][info][gc,metaspace ] GC(899) Metaspace: 13428K->13428K(1062912K)
[16.815s][info][gc           ] GC(899) Pause Young (Allocation Failure) 163M->27M(494M) 0.503ms
[16.815s][info][gc,cpu       ] GC(899) User=0.00s Sys=0.00s Real=0.00s
[16.834s][info][gc,start     ] GC(900) Pause Young (Allocation Failure)
[16.834s][info][gc,heap      ] GC(900) DefNew: 140199K->421K(157248K)
[16.834s][info][gc,heap      ] GC(900) Tenured: 27329K->27358K(349568K)
[16.835s][info][gc,metaspace ] GC(900) Metaspace: 13428K->13428K(1062912K)
[16.835s][info][gc           ] GC(900) Pause Young (Allocation Failure) 163M->27M(494M) 0.410ms
[16.835s][info][gc,cpu       ] GC(900) User=0.00s Sys=0.00s Real=0.00s
[16.851s][info][gc,start     ] GC(901) Pause Young (Allocation Failure)
[16.851s][info][gc,heap      ] GC(901) DefNew: 140197K->420K(157248K)
[16.851s][info][gc,heap      ] GC(901) Tenured: 27358K->27388K(349568K)
[16.851s][info][gc,metaspace ] GC(901) Metaspace: 13428K->13428K(1062912K)
[16.851s][info][gc           ] GC(901) Pause Young (Allocation Failure) 163M->27M(494M) 0.390ms
[16.851s][info][gc,cpu       ] GC(901) User=0.00s Sys=0.00s Real=0.00s
[16.868s][info][gc,start     ] GC(902) Pause Young (Allocation Failure)
[16.868s][info][gc,heap      ] GC(902) DefNew: 140196K->429K(157248K)
[16.868s][info][gc,heap      ] GC(902) Tenured: 27388K->27407K(349568K)
[16.868s][info][gc,metaspace ] GC(902) Metaspace: 13428K->13428K(1062912K)
[16.868s][info][gc           ] GC(902) Pause Young (Allocation Failure) 163M->27M(494M) 0.387ms
[16.868s][info][gc,cpu       ] GC(902) User=0.00s Sys=0.00s Real=0.00s
[16.886s][info][gc,start     ] GC(903) Pause Young (Allocation Failure)
[16.886s][info][gc,heap      ] GC(903) DefNew: 140205K->427K(157248K)
[16.886s][info][gc,heap      ] GC(903) Tenured: 27407K->27438K(349568K)
[16.886s][info][gc,metaspace ] GC(903) Metaspace: 13428K->13428K(1062912K)
[16.886s][info][gc           ] GC(903) Pause Young (Allocation Failure) 163M->27M(494M) 0.460ms
[16.886s][info][gc,cpu       ] GC(903) User=0.00s Sys=0.00s Real=0.00s
[16.907s][info][gc,start     ] GC(904) Pause Young (Allocation Failure)
[16.907s][info][gc,heap      ] GC(904) DefNew: 140203K->425K(157248K)
[16.907s][info][gc,heap      ] GC(904) Tenured: 27438K->27467K(349568K)
[16.907s][info][gc,metaspace ] GC(904) Metaspace: 13428K->13428K(1062912K)
[16.907s][info][gc           ] GC(904) Pause Young (Allocation Failure) 163M->27M(494M) 0.435ms
[16.907s][info][gc,cpu       ] GC(904) User=0.00s Sys=0.00s Real=0.00s
[16.922s][info][gc,start     ] GC(905) Pause Young (Allocation Failure)
[16.923s][info][gc,heap      ] GC(905) DefNew: 140201K->424K(157248K)
[16.923s][info][gc,heap      ] GC(905) Tenured: 27467K->27496K(349568K)
[16.923s][info][gc,metaspace ] GC(905) Metaspace: 13428K->13428K(1062912K)
[16.923s][info][gc           ] GC(905) Pause Young (Allocation Failure) 163M->27M(494M) 0.383ms
[16.923s][info][gc,cpu       ] GC(905) User=0.00s Sys=0.00s Real=0.00s
[16.937s][info][gc,start     ] GC(906) Pause Young (Allocation Failure)
[16.937s][info][gc,heap      ] GC(906) DefNew: 140200K->420K(157248K)
[16.937s][info][gc,heap      ] GC(906) Tenured: 27496K->27526K(349568K)
[16.937s][info][gc,metaspace ] GC(906) Metaspace: 13428K->13428K(1062912K)
[16.937s][info][gc           ] GC(906) Pause Young (Allocation Failure) 163M->27M(494M) 0.370ms
[16.937s][info][gc,cpu       ] GC(906) User=0.00s Sys=0.00s Real=0.00s
[16.954s][info][gc,start     ] GC(907) Pause Young (Allocation Failure)
[16.955s][info][gc,heap      ] GC(907) DefNew: 140196K->419K(157248K)
[16.955s][info][gc,heap      ] GC(907) Tenured: 27526K->27555K(349568K)
[16.955s][info][gc,metaspace ] GC(907) Metaspace: 13428K->13428K(1062912K)
[16.955s][info][gc           ] GC(907) Pause Young (Allocation Failure) 163M->27M(494M) 0.401ms
[16.955s][info][gc,cpu       ] GC(907) User=0.00s Sys=0.00s Real=0.00s
[16.971s][info][gc,start     ] GC(908) Pause Young (Allocation Failure)
[16.972s][info][gc,heap      ] GC(908) DefNew: 140195K->428K(157248K)
[16.972s][info][gc,heap      ] GC(908) Tenured: 27555K->27575K(349568K)
[16.972s][info][gc,metaspace ] GC(908) Metaspace: 13428K->13428K(1062912K)
[16.972s][info][gc           ] GC(908) Pause Young (Allocation Failure) 163M->27M(494M) 0.427ms
[16.972s][info][gc,cpu       ] GC(908) User=0.00s Sys=0.00s Real=0.00s
[16.988s][info][gc,start     ] GC(909) Pause Young (Allocation Failure)
[16.989s][info][gc,heap      ] GC(909) DefNew: 140204K->427K(157248K)
[16.989s][info][gc,heap      ] GC(909) Tenured: 27575K->27604K(349568K)
[16.989s][info][gc,metaspace ] GC(909) Metaspace: 13428K->13428K(1062912K)
[16.989s][info][gc           ] GC(909) Pause Young (Allocation Failure) 163M->27M(494M) 0.386ms
[16.989s][info][gc,cpu       ] GC(909) User=0.00s Sys=0.00s Real=0.00s
[17.006s][info][gc,start     ] GC(910) Pause Young (Allocation Failure)
[17.006s][info][gc,heap      ] GC(910) DefNew: 140203K->426K(157248K)
[17.006s][info][gc,heap      ] GC(910) Tenured: 27604K->27633K(349568K)
[17.006s][info][gc,metaspace ] GC(910) Metaspace: 13428K->13428K(1062912K)
[17.006s][info][gc           ] GC(910) Pause Young (Allocation Failure) 163M->27M(494M) 0.428ms
[17.006s][info][gc,cpu       ] GC(910) User=0.00s Sys=0.00s Real=0.00s
[17.022s][info][gc,start     ] GC(911) Pause Young (Allocation Failure)
[17.023s][info][gc,heap      ] GC(911) DefNew: 140202K->425K(157248K)
[17.023s][info][gc,heap      ] GC(911) Tenured: 27633K->27663K(349568K)
[17.023s][info][gc,metaspace ] GC(911) Metaspace: 13428K->13428K(1062912K)
[17.023s][info][gc           ] GC(911) Pause Young (Allocation Failure) 163M->27M(494M) 0.407ms
[17.023s][info][gc,cpu       ] GC(911) User=0.00s Sys=0.00s Real=0.00s
[17.039s][info][gc,start     ] GC(912) Pause Young (Allocation Failure)
[17.039s][info][gc,heap      ] GC(912) DefNew: 140201K->423K(157248K)
[17.039s][info][gc,heap      ] GC(912) Tenured: 27663K->27692K(349568K)
[17.039s][info][gc,metaspace ] GC(912) Metaspace: 13428K->13428K(1062912K)
[17.039s][info][gc           ] GC(912) Pause Young (Allocation Failure) 163M->27M(494M) 0.396ms
[17.039s][info][gc,cpu       ] GC(912) User=0.00s Sys=0.00s Real=0.01s
[17.056s][info][gc,start     ] GC(913) Pause Young (Allocation Failure)
[17.057s][info][gc,heap      ] GC(913) DefNew: 140199K->420K(157248K)
[17.057s][info][gc,heap      ] GC(913) Tenured: 27692K->27721K(349568K)
[17.057s][info][gc,metaspace ] GC(913) Metaspace: 13428K->13428K(1062912K)
[17.057s][info][gc           ] GC(913) Pause Young (Allocation Failure) 163M->27M(494M) 0.498ms
[17.057s][info][gc,cpu       ] GC(913) User=0.00s Sys=0.00s Real=0.00s
[17.076s][info][gc,start     ] GC(914) Pause Young (Allocation Failure)
[17.076s][info][gc,heap      ] GC(914) DefNew: 140196K->419K(157248K)
[17.077s][info][gc,heap      ] GC(914) Tenured: 27721K->27751K(349568K)
[17.077s][info][gc,metaspace ] GC(914) Metaspace: 13428K->13428K(1062912K)
[17.077s][info][gc           ] GC(914) Pause Young (Allocation Failure) 163M->27M(494M) 0.415ms
[17.077s][info][gc,cpu       ] GC(914) User=0.00s Sys=0.00s Real=0.00s
[17.096s][info][gc,start     ] GC(915) Pause Young (Allocation Failure)
[17.096s][info][gc,heap      ] GC(915) DefNew: 140195K->428K(157248K)
[17.096s][info][gc,heap      ] GC(915) Tenured: 27751K->27770K(349568K)
[17.096s][info][gc,metaspace ] GC(915) Metaspace: 13428K->13428K(1062912K)
[17.096s][info][gc           ] GC(915) Pause Young (Allocation Failure) 164M->27M(494M) 0.461ms
[17.096s][info][gc,cpu       ] GC(915) User=0.00s Sys=0.00s Real=0.00s
[17.116s][info][gc,start     ] GC(916) Pause Young (Allocation Failure)
[17.117s][info][gc,heap      ] GC(916) DefNew: 140204K->427K(157248K)
[17.117s][info][gc,heap      ] GC(916) Tenured: 27770K->27800K(349568K)
[17.117s][info][gc,metaspace ] GC(916) Metaspace: 13428K->13428K(1062912K)
[17.117s][info][gc           ] GC(916) Pause Young (Allocation Failure) 164M->27M(494M) 0.387ms
[17.117s][info][gc,cpu       ] GC(916) User=0.00s Sys=0.00s Real=0.00s
[17.134s][info][gc,start     ] GC(917) Pause Young (Allocation Failure)
[17.134s][info][gc,heap      ] GC(917) DefNew: 140203K->425K(157248K)
[17.134s][info][gc,heap      ] GC(917) Tenured: 27800K->27829K(349568K)
[17.134s][info][gc,metaspace ] GC(917) Metaspace: 13428K->13428K(1062912K)
[17.134s][info][gc           ] GC(917) Pause Young (Allocation Failure) 164M->27M(494M) 0.444ms
[17.134s][info][gc,cpu       ] GC(917) User=0.00s Sys=0.00s Real=0.00s
[17.152s][info][gc,start     ] GC(918) Pause Young (Allocation Failure)
[17.152s][info][gc,heap      ] GC(918) DefNew: 140201K->424K(157248K)
[17.152s][info][gc,heap      ] GC(918) Tenured: 27829K->27858K(349568K)
[17.152s][info][gc,metaspace ] GC(918) Metaspace: 13428K->13428K(1062912K)
[17.152s][info][gc           ] GC(918) Pause Young (Allocation Failure) 164M->27M(494M) 0.572ms
[17.152s][info][gc,cpu       ] GC(918) User=0.00s Sys=0.00s Real=0.00s
[17.171s][info][gc,start     ] GC(919) Pause Young (Allocation Failure)
[17.172s][info][gc,heap      ] GC(919) DefNew: 140200K->420K(157248K)
[17.172s][info][gc,heap      ] GC(919) Tenured: 27858K->27888K(349568K)
[17.172s][info][gc,metaspace ] GC(919) Metaspace: 13428K->13428K(1062912K)
[17.172s][info][gc           ] GC(919) Pause Young (Allocation Failure) 164M->27M(494M) 0.450ms
[17.172s][info][gc,cpu       ] GC(919) User=0.00s Sys=0.00s Real=0.00s
[17.190s][info][gc,start     ] GC(920) Pause Young (Allocation Failure)
[17.190s][info][gc,heap      ] GC(920) DefNew: 140196K->419K(157248K)
[17.190s][info][gc,heap      ] GC(920) Tenured: 27888K->27917K(349568K)
[17.190s][info][gc,metaspace ] GC(920) Metaspace: 13428K->13428K(1062912K)
[17.190s][info][gc           ] GC(920) Pause Young (Allocation Failure) 164M->27M(494M) 0.435ms
[17.190s][info][gc,cpu       ] GC(920) User=0.00s Sys=0.00s Real=0.00s
[17.207s][info][gc,start     ] GC(921) Pause Young (Allocation Failure)
[17.207s][info][gc,heap      ] GC(921) DefNew: 140195K->428K(157248K)
[17.208s][info][gc,heap      ] GC(921) Tenured: 27917K->27937K(349568K)
[17.208s][info][gc,metaspace ] GC(921) Metaspace: 13428K->13428K(1062912K)
[17.208s][info][gc           ] GC(921) Pause Young (Allocation Failure) 164M->27M(494M) 0.419ms
[17.208s][info][gc,cpu       ] GC(921) User=0.00s Sys=0.00s Real=0.00s
[17.225s][info][gc,start     ] GC(922) Pause Young (Allocation Failure)
[17.226s][info][gc,heap      ] GC(922) DefNew: 140204K->427K(157248K)
[17.226s][info][gc,heap      ] GC(922) Tenured: 27937K->27966K(349568K)
[17.226s][info][gc,metaspace ] GC(922) Metaspace: 13428K->13428K(1062912K)
[17.226s][info][gc           ] GC(922) Pause Young (Allocation Failure) 164M->27M(494M) 0.492ms
[17.226s][info][gc,cpu       ] GC(922) User=0.00s Sys=0.00s Real=0.00s
[17.244s][info][gc,start     ] GC(923) Pause Young (Allocation Failure)
[17.245s][info][gc,heap      ] GC(923) DefNew: 140203K->426K(157248K)
[17.245s][info][gc,heap      ] GC(923) Tenured: 27966K->27995K(349568K)
[17.245s][info][gc,metaspace ] GC(923) Metaspace: 13428K->13428K(1062912K)
[17.245s][info][gc           ] GC(923) Pause Young (Allocation Failure) 164M->27M(494M) 0.524ms
[17.245s][info][gc,cpu       ] GC(923) User=0.00s Sys=0.00s Real=0.00s
[17.263s][info][gc,start     ] GC(924) Pause Young (Allocation Failure)
[17.264s][info][gc,heap      ] GC(924) DefNew: 140202K->425K(157248K)
[17.264s][info][gc,heap      ] GC(924) Tenured: 27995K->28025K(349568K)
[17.264s][info][gc,metaspace ] GC(924) Metaspace: 13428K->13428K(1062912K)
[17.264s][info][gc           ] GC(924) Pause Young (Allocation Failure) 164M->27M(494M) 0.479ms
[17.264s][info][gc,cpu       ] GC(924) User=0.00s Sys=0.00s Real=0.00s
[17.282s][info][gc,start     ] GC(925) Pause Young (Allocation Failure)
[17.282s][info][gc,heap      ] GC(925) DefNew: 140201K->423K(157248K)
[17.282s][info][gc,heap      ] GC(925) Tenured: 28025K->28054K(349568K)
[17.283s][info][gc,metaspace ] GC(925) Metaspace: 13428K->13428K(1062912K)
[17.283s][info][gc           ] GC(925) Pause Young (Allocation Failure) 164M->27M(494M) 0.679ms
[17.283s][info][gc,cpu       ] GC(925) User=0.00s Sys=0.00s Real=0.00s
[17.299s][info][gc,start     ] GC(926) Pause Young (Allocation Failure)
[17.299s][info][gc,heap      ] GC(926) DefNew: 140199K->420K(157248K)
[17.299s][info][gc,heap      ] GC(926) Tenured: 28054K->28083K(349568K)
[17.299s][info][gc,metaspace ] GC(926) Metaspace: 13428K->13428K(1062912K)
[17.299s][info][gc           ] GC(926) Pause Young (Allocation Failure) 164M->27M(494M) 0.385ms
[17.299s][info][gc,cpu       ] GC(926) User=0.00s Sys=0.00s Real=0.00s
[17.315s][info][gc,start     ] GC(927) Pause Young (Allocation Failure)
[17.315s][info][gc,heap      ] GC(927) DefNew: 140196K->419K(157248K)
[17.315s][info][gc,heap      ] GC(927) Tenured: 28083K->28113K(349568K)
[17.315s][info][gc,metaspace ] GC(927) Metaspace: 13428K->13428K(1062912K)
[17.315s][info][gc           ] GC(927) Pause Young (Allocation Failure) 164M->27M(494M) 0.342ms
[17.315s][info][gc,cpu       ] GC(927) User=0.00s Sys=0.00s Real=0.00s
[17.330s][info][gc,start     ] GC(928) Pause Young (Allocation Failure)
[17.331s][info][gc,heap      ] GC(928) DefNew: 140195K->428K(157248K)
[17.331s][info][gc,heap      ] GC(928) Tenured: 28113K->28132K(349568K)
[17.331s][info][gc,metaspace ] GC(928) Metaspace: 13428K->13428K(1062912K)
[17.331s][info][gc           ] GC(928) Pause Young (Allocation Failure) 164M->27M(494M) 0.389ms
[17.331s][info][gc,cpu       ] GC(928) User=0.00s Sys=0.00s Real=0.00s
[17.347s][info][gc,start     ] GC(929) Pause Young (Allocation Failure)
[17.347s][info][gc,heap      ] GC(929) DefNew: 140204K->427K(157248K)
[17.347s][info][gc,heap      ] GC(929) Tenured: 28132K->28161K(349568K)
[17.347s][info][gc,metaspace ] GC(929) Metaspace: 13428K->13428K(1062912K)
[17.347s][info][gc           ] GC(929) Pause Young (Allocation Failure) 164M->27M(494M) 0.447ms
[17.348s][info][gc,cpu       ] GC(929) User=0.00s Sys=0.00s Real=0.00s
[17.365s][info][gc,start     ] GC(930) Pause Young (Allocation Failure)
[17.365s][info][gc,heap      ] GC(930) DefNew: 140203K->426K(157248K)
[17.365s][info][gc,heap      ] GC(930) Tenured: 28161K->28191K(349568K)
[17.365s][info][gc,metaspace ] GC(930) Metaspace: 13428K->13428K(1062912K)
[17.365s][info][gc           ] GC(930) Pause Young (Allocation Failure) 164M->27M(494M) 0.429ms
[17.365s][info][gc,cpu       ] GC(930) User=0.01s Sys=0.00s Real=0.00s
[17.382s][info][gc,start     ] GC(931) Pause Young (Allocation Failure)
[17.383s][info][gc,heap      ] GC(931) DefNew: 140202K->424K(157248K)
[17.383s][info][gc,heap      ] GC(931) Tenured: 28191K->28220K(349568K)
[17.383s][info][gc,metaspace ] GC(931) Metaspace: 13428K->13428K(1062912K)
[17.383s][info][gc           ] GC(931) Pause Young (Allocation Failure) 164M->27M(494M) 0.534ms
[17.383s][info][gc,cpu       ] GC(931) User=0.00s Sys=0.00s Real=0.00s
[17.399s][info][gc,start     ] GC(932) Pause Young (Allocation Failure)
[17.400s][info][gc,heap      ] GC(932) DefNew: 140200K->422K(157248K)
[17.400s][info][gc,heap      ] GC(932) Tenured: 28220K->28250K(349568K)
[17.400s][info][gc,metaspace ] GC(932) Metaspace: 13428K->13428K(1062912K)
[17.400s][info][gc           ] GC(932) Pause Young (Allocation Failure) 164M->28M(494M) 0.431ms
[17.400s][info][gc,cpu       ] GC(932) User=0.00s Sys=0.00s Real=0.00s
[17.416s][info][gc,start     ] GC(933) Pause Young (Allocation Failure)
[17.416s][info][gc,heap      ] GC(933) DefNew: 140198K->419K(157248K)
[17.416s][info][gc,heap      ] GC(933) Tenured: 28250K->28279K(349568K)
[17.416s][info][gc,metaspace ] GC(933) Metaspace: 13428K->13428K(1062912K)
[17.416s][info][gc           ] GC(933) Pause Young (Allocation Failure) 164M->28M(494M) 0.443ms
[17.416s][info][gc,cpu       ] GC(933) User=0.00s Sys=0.00s Real=0.00s
[17.434s][info][gc,start     ] GC(934) Pause Young (Allocation Failure)
[17.435s][info][gc,heap      ] GC(934) DefNew: 140195K->428K(157248K)
[17.435s][info][gc,heap      ] GC(934) Tenured: 28279K->28298K(349568K)
[17.435s][info][gc,metaspace ] GC(934) Metaspace: 13428K->13428K(1062912K)
[17.435s][info][gc           ] GC(934) Pause Young (Allocation Failure) 164M->28M(494M) 0.398ms
[17.435s][info][gc,cpu       ] GC(934) User=0.00s Sys=0.00s Real=0.00s
[17.451s][info][gc,start     ] GC(935) Pause Young (Allocation Failure)
[17.451s][info][gc,heap      ] GC(935) DefNew: 140204K->427K(157248K)
[17.451s][info][gc,heap      ] GC(935) Tenured: 28298K->28328K(349568K)
[17.451s][info][gc,metaspace ] GC(935) Metaspace: 13428K->13428K(1062912K)
[17.451s][info][gc           ] GC(935) Pause Young (Allocation Failure) 164M->28M(494M) 0.416ms
[17.451s][info][gc,cpu       ] GC(935) User=0.00s Sys=0.00s Real=0.00s
[17.467s][info][gc,start     ] GC(936) Pause Young (Allocation Failure)
[17.468s][info][gc,heap      ] GC(936) DefNew: 140203K->426K(157248K)
[17.468s][info][gc,heap      ] GC(936) Tenured: 28328K->28357K(349568K)
[17.468s][info][gc,metaspace ] GC(936) Metaspace: 13428K->13428K(1062912K)
[17.468s][info][gc           ] GC(936) Pause Young (Allocation Failure) 164M->28M(494M) 0.415ms
[17.468s][info][gc,cpu       ] GC(936) User=0.00s Sys=0.00s Real=0.00s
[17.483s][info][gc,start     ] GC(937) Pause Young (Allocation Failure)
[17.484s][info][gc,heap      ] GC(937) DefNew: 140202K->425K(157248K)
[17.484s][info][gc,heap      ] GC(937) Tenured: 28357K->28386K(349568K)
[17.484s][info][gc,metaspace ] GC(937) Metaspace: 13428K->13428K(1062912K)
[17.484s][info][gc           ] GC(937) Pause Young (Allocation Failure) 164M->28M(494M) 0.452ms
[17.484s][info][gc,cpu       ] GC(937) User=0.00s Sys=0.00s Real=0.00s
[17.502s][info][gc,start     ] GC(938) Pause Young (Allocation Failure)
[17.502s][info][gc,heap      ] GC(938) DefNew: 140201K->423K(157248K)
[17.502s][info][gc,heap      ] GC(938) Tenured: 28386K->28416K(349568K)
[17.502s][info][gc,metaspace ] GC(938) Metaspace: 13428K->13428K(1062912K)
[17.502s][info][gc           ] GC(938) Pause Young (Allocation Failure) 164M->28M(494M) 0.460ms
[17.503s][info][gc,cpu       ] GC(938) User=0.00s Sys=0.00s Real=0.00s
[17.519s][info][gc,start     ] GC(939) Pause Young (Allocation Failure)
[17.519s][info][gc,heap      ] GC(939) DefNew: 140199K->420K(157248K)
[17.519s][info][gc,heap      ] GC(939) Tenured: 28416K->28445K(349568K)
[17.519s][info][gc,metaspace ] GC(939) Metaspace: 13428K->13428K(1062912K)
[17.519s][info][gc           ] GC(939) Pause Young (Allocation Failure) 164M->28M(494M) 0.415ms
[17.519s][info][gc,cpu       ] GC(939) User=0.01s Sys=0.00s Real=0.00s
[17.537s][info][gc,start     ] GC(940) Pause Young (Allocation Failure)
[17.537s][info][gc,heap      ] GC(940) DefNew: 140196K->419K(157248K)
[17.537s][info][gc,heap      ] GC(940) Tenured: 28445K->28474K(349568K)
[17.537s][info][gc,metaspace ] GC(940) Metaspace: 13428K->13428K(1062912K)
[17.537s][info][gc           ] GC(940) Pause Young (Allocation Failure) 164M->28M(494M) 0.410ms
[17.537s][info][gc,cpu       ] GC(940) User=0.00s Sys=0.00s Real=0.00s
[17.556s][info][gc,start     ] GC(941) Pause Young (Allocation Failure)
[17.557s][info][gc,heap      ] GC(941) DefNew: 140195K->428K(157248K)
[17.557s][info][gc,heap      ] GC(941) Tenured: 28474K->28494K(349568K)
[17.557s][info][gc,metaspace ] GC(941) Metaspace: 13428K->13428K(1062912K)
[17.557s][info][gc           ] GC(941) Pause Young (Allocation Failure) 164M->28M(494M) 0.381ms
[17.557s][info][gc,cpu       ] GC(941) User=0.00s Sys=0.00s Real=0.00s
[17.573s][info][gc,start     ] GC(942) Pause Young (Allocation Failure)
[17.573s][info][gc,heap      ] GC(942) DefNew: 140204K->427K(157248K)
[17.574s][info][gc,heap      ] GC(942) Tenured: 28494K->28523K(349568K)
[17.574s][info][gc,metaspace ] GC(942) Metaspace: 13428K->13428K(1062912K)
[17.574s][info][gc           ] GC(942) Pause Young (Allocation Failure) 164M->28M(494M) 0.388ms
[17.574s][info][gc,cpu       ] GC(942) User=0.00s Sys=0.00s Real=0.00s
[17.597s][info][gc,start     ] GC(943) Pause Young (Allocation Failure)
[17.598s][info][gc,heap      ] GC(943) DefNew: 140203K->429K(157248K)
[17.598s][info][gc,heap      ] GC(943) Tenured: 28523K->28553K(349568K)
[17.598s][info][gc,metaspace ] GC(943) Metaspace: 13448K->13448K(1062912K)
[17.598s][info][gc           ] GC(943) Pause Young (Allocation Failure) 164M->28M(494M) 0.813ms
[17.598s][info][gc,cpu       ] GC(943) User=0.00s Sys=0.00s Real=0.00s
[17.632s][info][gc,start     ] GC(944) Pause Young (Allocation Failure)
[17.633s][info][gc,heap      ] GC(944) DefNew: 140205K->428K(157248K)
[17.633s][info][gc,heap      ] GC(944) Tenured: 28553K->28582K(349568K)
[17.633s][info][gc,metaspace ] GC(944) Metaspace: 13448K->13448K(1062912K)
[17.633s][info][gc           ] GC(944) Pause Young (Allocation Failure) 164M->28M(494M) 1.025ms
[17.633s][info][gc,cpu       ] GC(944) User=0.00s Sys=0.01s Real=0.00s
[17.651s][info][gc,start     ] GC(945) Pause Young (Allocation Failure)
[17.651s][info][gc,heap      ] GC(945) DefNew: 140204K->425K(157248K)
[17.651s][info][gc,heap      ] GC(945) Tenured: 28582K->28611K(349568K)
[17.651s][info][gc,metaspace ] GC(945) Metaspace: 13448K->13448K(1062912K)
[17.651s][info][gc           ] GC(945) Pause Young (Allocation Failure) 164M->28M(494M) 0.481ms
[17.651s][info][gc,cpu       ] GC(945) User=0.00s Sys=0.00s Real=0.00s
[17.666s][info][gc,start     ] GC(946) Pause Young (Allocation Failure)
[17.666s][info][gc,heap      ] GC(946) DefNew: 140201K->423K(157248K)
[17.666s][info][gc,heap      ] GC(946) Tenured: 28611K->28641K(349568K)
[17.667s][info][gc,metaspace ] GC(946) Metaspace: 13448K->13448K(1062912K)
[17.667s][info][gc           ] GC(946) Pause Young (Allocation Failure) 164M->28M(494M) 0.502ms
[17.667s][info][gc,cpu       ] GC(946) User=0.00s Sys=0.00s Real=0.00s
[17.682s][info][gc,start     ] GC(947) Pause Young (Allocation Failure)
[17.683s][info][gc,heap      ] GC(947) DefNew: 140199K->422K(157248K)
[17.683s][info][gc,heap      ] GC(947) Tenured: 28641K->28670K(349568K)
[17.683s][info][gc,metaspace ] GC(947) Metaspace: 13448K->13448K(1062912K)
[17.683s][info][gc           ] GC(947) Pause Young (Allocation Failure) 164M->28M(494M) 0.418ms
[17.683s][info][gc,cpu       ] GC(947) User=0.00s Sys=0.00s Real=0.00s
[17.698s][info][gc,start     ] GC(948) Pause Young (Allocation Failure)
[17.699s][info][gc,heap      ] GC(948) DefNew: 140198K->431K(157248K)
[17.699s][info][gc,heap      ] GC(948) Tenured: 28670K->28690K(349568K)
[17.699s][info][gc,metaspace ] GC(948) Metaspace: 13448K->13448K(1062912K)
[17.699s][info][gc           ] GC(948) Pause Young (Allocation Failure) 164M->28M(494M) 0.413ms
[17.699s][info][gc,cpu       ] GC(948) User=0.00s Sys=0.00s Real=0.00s
[17.716s][info][gc,start     ] GC(949) Pause Young (Allocation Failure)
[17.717s][info][gc,heap      ] GC(949) DefNew: 140207K->430K(157248K)
[17.717s][info][gc,heap      ] GC(949) Tenured: 28690K->28719K(349568K)
[17.717s][info][gc,metaspace ] GC(949) Metaspace: 13448K->13448K(1062912K)
[17.717s][info][gc           ] GC(949) Pause Young (Allocation Failure) 164M->28M(494M) 0.452ms
[17.717s][info][gc,cpu       ] GC(949) User=0.00s Sys=0.00s Real=0.00s
[17.734s][info][gc,start     ] GC(950) Pause Young (Allocation Failure)
[17.734s][info][gc,heap      ] GC(950) DefNew: 140206K->429K(157248K)
[17.734s][info][gc,heap      ] GC(950) Tenured: 28719K->28748K(349568K)
[17.734s][info][gc,metaspace ] GC(950) Metaspace: 13448K->13448K(1062912K)
[17.734s][info][gc           ] GC(950) Pause Young (Allocation Failure) 164M->28M(494M) 0.477ms
[17.734s][info][gc,cpu       ] GC(950) User=0.00s Sys=0.00s Real=0.00s
[17.753s][info][gc,start     ] GC(951) Pause Young (Allocation Failure)
[17.754s][info][gc,heap      ] GC(951) DefNew: 140205K->427K(157248K)
[17.754s][info][gc,heap      ] GC(951) Tenured: 28748K->28778K(349568K)
[17.754s][info][gc,metaspace ] GC(951) Metaspace: 13448K->13448K(1062912K)
[17.754s][info][gc           ] GC(951) Pause Young (Allocation Failure) 164M->28M(494M) 0.587ms
[17.754s][info][gc,cpu       ] GC(951) User=0.00s Sys=0.00s Real=0.00s
[17.770s][info][gc,start     ] GC(952) Pause Young (Allocation Failure)
[17.771s][info][gc,heap      ] GC(952) DefNew: 140203K->423K(157248K)
[17.771s][info][gc,heap      ] GC(952) Tenured: 28778K->28807K(349568K)
[17.771s][info][gc,metaspace ] GC(952) Metaspace: 13448K->13448K(1062912K)
[17.771s][info][gc           ] GC(952) Pause Young (Allocation Failure) 165M->28M(494M) 0.431ms
[17.771s][info][gc,cpu       ] GC(952) User=0.00s Sys=0.00s Real=0.00s
[17.787s][info][gc,start     ] GC(953) Pause Young (Allocation Failure)
[17.787s][info][gc,heap      ] GC(953) DefNew: 140199K->422K(157248K)
[17.787s][info][gc,heap      ] GC(953) Tenured: 28807K->28836K(349568K)
[17.787s][info][gc,metaspace ] GC(953) Metaspace: 13448K->13448K(1062912K)
[17.787s][info][gc           ] GC(953) Pause Young (Allocation Failure) 165M->28M(494M) 0.493ms
[17.787s][info][gc,cpu       ] GC(953) User=0.00s Sys=0.00s Real=0.00s
[17.805s][info][gc,start     ] GC(954) Pause Young (Allocation Failure)
[17.805s][info][gc,heap      ] GC(954) DefNew: 140198K->431K(157248K)
[17.805s][info][gc,heap      ] GC(954) Tenured: 28836K->28856K(349568K)
[17.805s][info][gc,metaspace ] GC(954) Metaspace: 13448K->13448K(1062912K)
[17.805s][info][gc           ] GC(954) Pause Young (Allocation Failure) 165M->28M(494M) 0.402ms
[17.805s][info][gc,cpu       ] GC(954) User=0.00s Sys=0.00s Real=0.00s
[17.821s][info][gc,start     ] GC(955) Pause Young (Allocation Failure)
[17.822s][info][gc,heap      ] GC(955) DefNew: 140207K->430K(157248K)
[17.822s][info][gc,heap      ] GC(955) Tenured: 28856K->28885K(349568K)
[17.822s][info][gc,metaspace ] GC(955) Metaspace: 13448K->13448K(1062912K)
[17.822s][info][gc           ] GC(955) Pause Young (Allocation Failure) 165M->28M(494M) 0.432ms
[17.822s][info][gc,cpu       ] GC(955) User=0.00s Sys=0.00s Real=0.00s
[17.838s][info][gc,start     ] GC(956) Pause Young (Allocation Failure)
[17.839s][info][gc,heap      ] GC(956) DefNew: 140206K->429K(157248K)
[17.839s][info][gc,heap      ] GC(956) Tenured: 28885K->28915K(349568K)
[17.839s][info][gc,metaspace ] GC(956) Metaspace: 13448K->13448K(1062912K)
[17.839s][info][gc           ] GC(956) Pause Young (Allocation Failure) 165M->28M(494M) 0.461ms
[17.839s][info][gc,cpu       ] GC(956) User=0.00s Sys=0.00s Real=0.00s
[17.856s][info][gc,start     ] GC(957) Pause Young (Allocation Failure)
[17.856s][info][gc,heap      ] GC(957) DefNew: 140205K->428K(157248K)
[17.856s][info][gc,heap      ] GC(957) Tenured: 28915K->28944K(349568K)
[17.856s][info][gc,metaspace ] GC(957) Metaspace: 13448K->13448K(1062912K)
[17.856s][info][gc           ] GC(957) Pause Young (Allocation Failure) 165M->28M(494M) 0.453ms
[17.856s][info][gc,cpu       ] GC(957) User=0.00s Sys=0.00s Real=0.00s
[17.873s][info][gc,start     ] GC(958) Pause Young (Allocation Failure)
[17.873s][info][gc,heap      ] GC(958) DefNew: 140204K->423K(157248K)
[17.873s][info][gc,heap      ] GC(958) Tenured: 28944K->28977K(349568K)
[17.873s][info][gc,metaspace ] GC(958) Metaspace: 13448K->13448K(1062912K)
[17.873s][info][gc           ] GC(958) Pause Young (Allocation Failure) 165M->28M(494M) 0.399ms
[17.873s][info][gc,cpu       ] GC(958) User=0.00s Sys=0.00s Real=0.00s
[17.888s][info][gc,start     ] GC(959) Pause Young (Allocation Failure)
[17.888s][info][gc,heap      ] GC(959) DefNew: 140199K->420K(157248K)
[17.888s][info][gc,heap      ] GC(959) Tenured: 28977K->29006K(349568K)
[17.888s][info][gc,metaspace ] GC(959) Metaspace: 13448K->13448K(1062912K)
[17.888s][info][gc           ] GC(959) Pause Young (Allocation Failure) 165M->28M(494M) 0.398ms
[17.888s][info][gc,cpu       ] GC(959) User=0.00s Sys=0.00s Real=0.00s
[17.904s][info][gc,start     ] GC(960) Pause Young (Allocation Failure)
[17.905s][info][gc,heap      ] GC(960) DefNew: 140196K->419K(157248K)
[17.905s][info][gc,heap      ] GC(960) Tenured: 29006K->29035K(349568K)
[17.905s][info][gc,metaspace ] GC(960) Metaspace: 13448K->13448K(1062912K)
[17.905s][info][gc           ] GC(960) Pause Young (Allocation Failure) 165M->28M(494M) 0.427ms
[17.905s][info][gc,cpu       ] GC(960) User=0.00s Sys=0.00s Real=0.00s
[17.923s][info][gc,start     ] GC(961) Pause Young (Allocation Failure)
[17.924s][info][gc,heap      ] GC(961) DefNew: 140195K->428K(157248K)
[17.924s][info][gc,heap      ] GC(961) Tenured: 29035K->29055K(349568K)
[17.924s][info][gc,metaspace ] GC(961) Metaspace: 13448K->13448K(1062912K)
[17.924s][info][gc           ] GC(961) Pause Young (Allocation Failure) 165M->28M(494M) 0.431ms
[17.924s][info][gc,cpu       ] GC(961) User=0.00s Sys=0.00s Real=0.00s
[17.942s][info][gc,start     ] GC(962) Pause Young (Allocation Failure)
[17.943s][info][gc,heap      ] GC(962) DefNew: 140204K->427K(157248K)
[17.943s][info][gc,heap      ] GC(962) Tenured: 29055K->29084K(349568K)
[17.943s][info][gc,metaspace ] GC(962) Metaspace: 13448K->13448K(1062912K)
[17.943s][info][gc           ] GC(962) Pause Young (Allocation Failure) 165M->28M(494M) 0.436ms
[17.943s][info][gc,cpu       ] GC(962) User=0.00s Sys=0.00s Real=0.00s
[17.961s][info][gc,start     ] GC(963) Pause Young (Allocation Failure)
[17.961s][info][gc,heap      ] GC(963) DefNew: 140203K->425K(157248K)
[17.961s][info][gc,heap      ] GC(963) Tenured: 29084K->29114K(349568K)
[17.961s][info][gc,metaspace ] GC(963) Metaspace: 13448K->13448K(1062912K)
[17.961s][info][gc           ] GC(963) Pause Young (Allocation Failure) 165M->28M(494M) 0.441ms
[17.961s][info][gc,cpu       ] GC(963) User=0.00s Sys=0.00s Real=0.00s
[17.980s][info][gc,start     ] GC(964) Pause Young (Allocation Failure)
[17.980s][info][gc,heap      ] GC(964) DefNew: 140201K->424K(157248K)
[17.980s][info][gc,heap      ] GC(964) Tenured: 29114K->29143K(349568K)
[17.980s][info][gc,metaspace ] GC(964) Metaspace: 13448K->13448K(1062912K)
[17.980s][info][gc           ] GC(964) Pause Young (Allocation Failure) 165M->28M(494M) 0.439ms
[17.980s][info][gc,cpu       ] GC(964) User=0.00s Sys=0.00s Real=0.00s
[17.996s][info][gc,start     ] GC(965) Pause Young (Allocation Failure)
[17.996s][info][gc,heap      ] GC(965) DefNew: 140200K->420K(157248K)
[17.996s][info][gc,heap      ] GC(965) Tenured: 29143K->29172K(349568K)
[17.996s][info][gc,metaspace ] GC(965) Metaspace: 13448K->13448K(1062912K)
[17.996s][info][gc           ] GC(965) Pause Young (Allocation Failure) 165M->28M(494M) 0.338ms
[17.996s][info][gc,cpu       ] GC(965) User=0.00s Sys=0.00s Real=0.00s
[18.013s][info][gc,start     ] GC(966) Pause Young (Allocation Failure)
[18.014s][info][gc,heap      ] GC(966) DefNew: 140196K->419K(157248K)
[18.014s][info][gc,heap      ] GC(966) Tenured: 29172K->29202K(349568K)
[18.014s][info][gc,metaspace ] GC(966) Metaspace: 13448K->13448K(1062912K)
[18.014s][info][gc           ] GC(966) Pause Young (Allocation Failure) 165M->28M(494M) 0.415ms
[18.014s][info][gc,cpu       ] GC(966) User=0.00s Sys=0.00s Real=0.00s
[18.031s][info][gc,start     ] GC(967) Pause Young (Allocation Failure)
[18.031s][info][gc,heap      ] GC(967) DefNew: 140195K->428K(157248K)
[18.031s][info][gc,heap      ] GC(967) Tenured: 29202K->29221K(349568K)
[18.031s][info][gc,metaspace ] GC(967) Metaspace: 13448K->13448K(1062912K)
[18.031s][info][gc           ] GC(967) Pause Young (Allocation Failure) 165M->28M(494M) 0.402ms
[18.031s][info][gc,cpu       ] GC(967) User=0.00s Sys=0.00s Real=0.00s
[18.047s][info][gc,start     ] GC(968) Pause Young (Allocation Failure)
[18.048s][info][gc,heap      ] GC(968) DefNew: 140204K->427K(157248K)
[18.048s][info][gc,heap      ] GC(968) Tenured: 29221K->29250K(349568K)
[18.048s][info][gc,metaspace ] GC(968) Metaspace: 13448K->13448K(1062912K)
[18.048s][info][gc           ] GC(968) Pause Young (Allocation Failure) 165M->28M(494M) 0.407ms
[18.048s][info][gc,cpu       ] GC(968) User=0.00s Sys=0.00s Real=0.00s
[18.064s][info][gc,start     ] GC(969) Pause Young (Allocation Failure)
[18.065s][info][gc,heap      ] GC(969) DefNew: 140203K->426K(157248K)
[18.065s][info][gc,heap      ] GC(969) Tenured: 29250K->29280K(349568K)
[18.065s][info][gc,metaspace ] GC(969) Metaspace: 13448K->13448K(1062912K)
[18.065s][info][gc           ] GC(969) Pause Young (Allocation Failure) 165M->29M(494M) 0.402ms
[18.065s][info][gc,cpu       ] GC(969) User=0.00s Sys=0.00s Real=0.00s
[18.082s][info][gc,start     ] GC(970) Pause Young (Allocation Failure)
[18.082s][info][gc,heap      ] GC(970) DefNew: 140202K->425K(157248K)
[18.082s][info][gc,heap      ] GC(970) Tenured: 29280K->29309K(349568K)
[18.082s][info][gc,metaspace ] GC(970) Metaspace: 13448K->13448K(1062912K)
[18.082s][info][gc           ] GC(970) Pause Young (Allocation Failure) 165M->29M(494M) 0.427ms
[18.082s][info][gc,cpu       ] GC(970) User=0.00s Sys=0.00s Real=0.00s
[18.099s][info][gc,start     ] GC(971) Pause Young (Allocation Failure)
[18.099s][info][gc,heap      ] GC(971) DefNew: 140201K->423K(157248K)
[18.099s][info][gc,heap      ] GC(971) Tenured: 29309K->29338K(349568K)
[18.099s][info][gc,metaspace ] GC(971) Metaspace: 13448K->13448K(1062912K)
[18.099s][info][gc           ] GC(971) Pause Young (Allocation Failure) 165M->29M(494M) 0.420ms
[18.099s][info][gc,cpu       ] GC(971) User=0.00s Sys=0.00s Real=0.01s
[18.114s][info][gc,start     ] GC(972) Pause Young (Allocation Failure)
[18.114s][info][gc,heap      ] GC(972) DefNew: 140199K->420K(157248K)
[18.114s][info][gc,heap      ] GC(972) Tenured: 29338K->29368K(349568K)
[18.114s][info][gc,metaspace ] GC(972) Metaspace: 13448K->13448K(1062912K)
[18.114s][info][gc           ] GC(972) Pause Young (Allocation Failure) 165M->29M(494M) 0.358ms
[18.114s][info][gc,cpu       ] GC(972) User=0.00s Sys=0.00s Real=0.00s
[18.130s][info][gc,start     ] GC(973) Pause Young (Allocation Failure)
[18.130s][info][gc,heap      ] GC(973) DefNew: 140196K->419K(157248K)
[18.130s][info][gc,heap      ] GC(973) Tenured: 29368K->29397K(349568K)
[18.130s][info][gc,metaspace ] GC(973) Metaspace: 13448K->13448K(1062912K)
[18.130s][info][gc           ] GC(973) Pause Young (Allocation Failure) 165M->29M(494M) 0.398ms
[18.130s][info][gc,cpu       ] GC(973) User=0.00s Sys=0.00s Real=0.00s
[18.146s][info][gc,start     ] GC(974) Pause Young (Allocation Failure)
[18.146s][info][gc,heap      ] GC(974) DefNew: 140195K->428K(157248K)
[18.146s][info][gc,heap      ] GC(974) Tenured: 29397K->29417K(349568K)
[18.146s][info][gc,metaspace ] GC(974) Metaspace: 13448K->13448K(1062912K)
[18.146s][info][gc           ] GC(974) Pause Young (Allocation Failure) 165M->29M(494M) 0.376ms
[18.146s][info][gc,cpu       ] GC(974) User=0.00s Sys=0.00s Real=0.00s
[18.162s][info][gc,start     ] GC(975) Pause Young (Allocation Failure)
[18.162s][info][gc,heap      ] GC(975) DefNew: 140204K->427K(157248K)
[18.162s][info][gc,heap      ] GC(975) Tenured: 29417K->29446K(349568K)
[18.162s][info][gc,metaspace ] GC(975) Metaspace: 13448K->13448K(1062912K)
[18.162s][info][gc           ] GC(975) Pause Young (Allocation Failure) 165M->29M(494M) 0.440ms
[18.162s][info][gc,cpu       ] GC(975) User=0.00s Sys=0.00s Real=0.00s
[18.180s][info][gc,start     ] GC(976) Pause Young (Allocation Failure)
[18.180s][info][gc,heap      ] GC(976) DefNew: 140203K->426K(157248K)
[18.180s][info][gc,heap      ] GC(976) Tenured: 29446K->29475K(349568K)
[18.180s][info][gc,metaspace ] GC(976) Metaspace: 13448K->13448K(1062912K)
[18.180s][info][gc           ] GC(976) Pause Young (Allocation Failure) 165M->29M(494M) 0.513ms
[18.180s][info][gc,cpu       ] GC(976) User=0.00s Sys=0.00s Real=0.00s
[18.198s][info][gc,start     ] GC(977) Pause Young (Allocation Failure)
[18.199s][info][gc,heap      ] GC(977) DefNew: 140202K->424K(157248K)
[18.199s][info][gc,heap      ] GC(977) Tenured: 29475K->29505K(349568K)
[18.199s][info][gc,metaspace ] GC(977) Metaspace: 13448K->13448K(1062912K)
[18.199s][info][gc           ] GC(977) Pause Young (Allocation Failure) 165M->29M(494M) 0.404ms
[18.199s][info][gc,cpu       ] GC(977) User=0.00s Sys=0.00s Real=0.00s
[18.216s][info][gc,start     ] GC(978) Pause Young (Allocation Failure)
[18.216s][info][gc,heap      ] GC(978) DefNew: 140200K->422K(157248K)
[18.216s][info][gc,heap      ] GC(978) Tenured: 29505K->29534K(349568K)
[18.216s][info][gc,metaspace ] GC(978) Metaspace: 13448K->13448K(1062912K)
[18.216s][info][gc           ] GC(978) Pause Young (Allocation Failure) 165M->29M(494M) 0.432ms
[18.216s][info][gc,cpu       ] GC(978) User=0.00s Sys=0.00s Real=0.00s
[18.231s][info][gc,start     ] GC(979) Pause Young (Allocation Failure)
[18.231s][info][gc,heap      ] GC(979) DefNew: 140198K->419K(157248K)
[18.231s][info][gc,heap      ] GC(979) Tenured: 29534K->29563K(349568K)
[18.231s][info][gc,metaspace ] GC(979) Metaspace: 13448K->13448K(1062912K)
[18.231s][info][gc           ] GC(979) Pause Young (Allocation Failure) 165M->29M(494M) 0.392ms
[18.231s][info][gc,cpu       ] GC(979) User=0.00s Sys=0.00s Real=0.00s
[18.247s][info][gc,start     ] GC(980) Pause Young (Allocation Failure)
[18.248s][info][gc,heap      ] GC(980) DefNew: 140195K->428K(157248K)
[18.248s][info][gc,heap      ] GC(980) Tenured: 29563K->29583K(349568K)
[18.248s][info][gc,metaspace ] GC(980) Metaspace: 13448K->13448K(1062912K)
[18.248s][info][gc           ] GC(980) Pause Young (Allocation Failure) 165M->29M(494M) 0.404ms
[18.248s][info][gc,cpu       ] GC(980) User=0.00s Sys=0.00s Real=0.00s
[18.265s][info][gc,start     ] GC(981) Pause Young (Allocation Failure)
[18.265s][info][gc,heap      ] GC(981) DefNew: 140204K->427K(157248K)
[18.265s][info][gc,heap      ] GC(981) Tenured: 29583K->29612K(349568K)
[18.265s][info][gc,metaspace ] GC(981) Metaspace: 13448K->13448K(1062912K)
[18.265s][info][gc           ] GC(981) Pause Young (Allocation Failure) 165M->29M(494M) 0.394ms
[18.265s][info][gc,cpu       ] GC(981) User=0.00s Sys=0.00s Real=0.00s
[18.284s][info][gc,start     ] GC(982) Pause Young (Allocation Failure)
[18.284s][info][gc,heap      ] GC(982) DefNew: 140203K->426K(157248K)
[18.284s][info][gc,heap      ] GC(982) Tenured: 29612K->29642K(349568K)
[18.284s][info][gc,metaspace ] GC(982) Metaspace: 13448K->13448K(1062912K)
[18.284s][info][gc           ] GC(982) Pause Young (Allocation Failure) 165M->29M(494M) 0.484ms
[18.284s][info][gc,cpu       ] GC(982) User=0.00s Sys=0.00s Real=0.00s
[18.302s][info][gc,start     ] GC(983) Pause Young (Allocation Failure)
[18.302s][info][gc,heap      ] GC(983) DefNew: 140202K->425K(157248K)
[18.302s][info][gc,heap      ] GC(983) Tenured: 29642K->29671K(349568K)
[18.302s][info][gc,metaspace ] GC(983) Metaspace: 13448K->13448K(1062912K)
[18.302s][info][gc           ] GC(983) Pause Young (Allocation Failure) 165M->29M(494M) 0.438ms
[18.303s][info][gc,cpu       ] GC(983) User=0.00s Sys=0.00s Real=0.00s
[18.318s][info][gc,start     ] GC(984) Pause Young (Allocation Failure)
[18.319s][info][gc,heap      ] GC(984) DefNew: 140201K->423K(157248K)
[18.319s][info][gc,heap      ] GC(984) Tenured: 29671K->29700K(349568K)
[18.319s][info][gc,metaspace ] GC(984) Metaspace: 13448K->13448K(1062912K)
[18.319s][info][gc           ] GC(984) Pause Young (Allocation Failure) 165M->29M(494M) 0.399ms
[18.319s][info][gc,cpu       ] GC(984) User=0.00s Sys=0.00s Real=0.00s
[18.333s][info][gc,start     ] GC(985) Pause Young (Allocation Failure)
[18.333s][info][gc,heap      ] GC(985) DefNew: 140199K->420K(157248K)
[18.333s][info][gc,heap      ] GC(985) Tenured: 29700K->29730K(349568K)
[18.333s][info][gc,metaspace ] GC(985) Metaspace: 13448K->13448K(1062912K)
[18.333s][info][gc           ] GC(985) Pause Young (Allocation Failure) 165M->29M(494M) 0.414ms
[18.333s][info][gc,cpu       ] GC(985) User=0.00s Sys=0.00s Real=0.00s
[18.351s][info][gc,start     ] GC(986) Pause Young (Allocation Failure)
[18.352s][info][gc,heap      ] GC(986) DefNew: 140196K->419K(157248K)
[18.352s][info][gc,heap      ] GC(986) Tenured: 29730K->29759K(349568K)
[18.352s][info][gc,metaspace ] GC(986) Metaspace: 13448K->13448K(1062912K)
[18.352s][info][gc           ] GC(986) Pause Young (Allocation Failure) 165M->29M(494M) 0.435ms
[18.352s][info][gc,cpu       ] GC(986) User=0.00s Sys=0.00s Real=0.00s
[18.369s][info][gc,start     ] GC(987) Pause Young (Allocation Failure)
[18.370s][info][gc,heap      ] GC(987) DefNew: 140195K->428K(157248K)
[18.370s][info][gc,heap      ] GC(987) Tenured: 29759K->29779K(349568K)
[18.370s][info][gc,metaspace ] GC(987) Metaspace: 13448K->13448K(1062912K)
[18.370s][info][gc           ] GC(987) Pause Young (Allocation Failure) 165M->29M(494M) 0.429ms
[18.370s][info][gc,cpu       ] GC(987) User=0.00s Sys=0.00s Real=0.00s
[18.386s][info][gc,start     ] GC(988) Pause Young (Allocation Failure)
[18.387s][info][gc,heap      ] GC(988) DefNew: 140204K->427K(157248K)
[18.387s][info][gc,heap      ] GC(988) Tenured: 29779K->29808K(349568K)
[18.387s][info][gc,metaspace ] GC(988) Metaspace: 13448K->13448K(1062912K)
[18.387s][info][gc           ] GC(988) Pause Young (Allocation Failure) 165M->29M(494M) 0.381ms
[18.387s][info][gc,cpu       ] GC(988) User=0.00s Sys=0.00s Real=0.00s
[18.402s][info][gc,start     ] GC(989) Pause Young (Allocation Failure)
[18.403s][info][gc,heap      ] GC(989) DefNew: 140203K->426K(157248K)
[18.403s][info][gc,heap      ] GC(989) Tenured: 29808K->29837K(349568K)
[18.403s][info][gc,metaspace ] GC(989) Metaspace: 13448K->13448K(1062912K)
[18.403s][info][gc           ] GC(989) Pause Young (Allocation Failure) 166M->29M(494M) 0.415ms
[18.403s][info][gc,cpu       ] GC(989) User=0.00s Sys=0.00s Real=0.00s
[18.420s][info][gc,start     ] GC(990) Pause Young (Allocation Failure)
[18.420s][info][gc,heap      ] GC(990) DefNew: 140202K->424K(157248K)
[18.420s][info][gc,heap      ] GC(990) Tenured: 29837K->29867K(349568K)
[18.420s][info][gc,metaspace ] GC(990) Metaspace: 13448K->13448K(1062912K)
[18.420s][info][gc           ] GC(990) Pause Young (Allocation Failure) 166M->29M(494M) 0.441ms
[18.420s][info][gc,cpu       ] GC(990) User=0.00s Sys=0.00s Real=0.00s
[18.436s][info][gc,start     ] GC(991) Pause Young (Allocation Failure)
[18.437s][info][gc,heap      ] GC(991) DefNew: 140200K->422K(157248K)
[18.437s][info][gc,heap      ] GC(991) Tenured: 29867K->29896K(349568K)
[18.437s][info][gc,metaspace ] GC(991) Metaspace: 13448K->13448K(1062912K)
[18.437s][info][gc           ] GC(991) Pause Young (Allocation Failure) 166M->29M(494M) 0.430ms
[18.437s][info][gc,cpu       ] GC(991) User=0.00s Sys=0.00s Real=0.00s
[18.451s][info][gc,start     ] GC(992) Pause Young (Allocation Failure)
[18.452s][info][gc,heap      ] GC(992) DefNew: 140198K->420K(157248K)
[18.452s][info][gc,heap      ] GC(992) Tenured: 29896K->29925K(349568K)
[18.452s][info][gc,metaspace ] GC(992) Metaspace: 13448K->13448K(1062912K)
[18.452s][info][gc           ] GC(992) Pause Young (Allocation Failure) 166M->29M(494M) 0.400ms
[18.452s][info][gc,cpu       ] GC(992) User=0.00s Sys=0.00s Real=0.00s
[18.469s][info][gc,start     ] GC(993) Pause Young (Allocation Failure)
[18.470s][info][gc,heap      ] GC(993) DefNew: 140196K->419K(157248K)
[18.470s][info][gc,heap      ] GC(993) Tenured: 29925K->29955K(349568K)
[18.470s][info][gc,metaspace ] GC(993) Metaspace: 13448K->13448K(1062912K)
[18.470s][info][gc           ] GC(993) Pause Young (Allocation Failure) 166M->29M(494M) 0.361ms
[18.470s][info][gc,cpu       ] GC(993) User=0.00s Sys=0.00s Real=0.00s
[18.487s][info][gc,start     ] GC(994) Pause Young (Allocation Failure)
[18.487s][info][gc,heap      ] GC(994) DefNew: 140195K->428K(157248K)
[18.487s][info][gc,heap      ] GC(994) Tenured: 29955K->29974K(349568K)
[18.487s][info][gc,metaspace ] GC(994) Metaspace: 13448K->13448K(1062912K)
[18.487s][info][gc           ] GC(994) Pause Young (Allocation Failure) 166M->29M(494M) 0.383ms
[18.487s][info][gc,cpu       ] GC(994) User=0.00s Sys=0.00s Real=0.00s
[18.504s][info][gc,start     ] GC(995) Pause Young (Allocation Failure)
[18.504s][info][gc,heap      ] GC(995) DefNew: 140204K->427K(157248K)
[18.504s][info][gc,heap      ] GC(995) Tenured: 29974K->30004K(349568K)
[18.504s][info][gc,metaspace ] GC(995) Metaspace: 13448K->13448K(1062912K)
[18.504s][info][gc           ] GC(995) Pause Young (Allocation Failure) 166M->29M(494M) 0.456ms
[18.504s][info][gc,cpu       ] GC(995) User=0.00s Sys=0.00s Real=0.00s
[18.521s][info][gc,start     ] GC(996) Pause Young (Allocation Failure)
[18.521s][info][gc,heap      ] GC(996) DefNew: 140203K->425K(157248K)
[18.521s][info][gc,heap      ] GC(996) Tenured: 30004K->30033K(349568K)
[18.521s][info][gc,metaspace ] GC(996) Metaspace: 13448K->13448K(1062912K)
[18.522s][info][gc           ] GC(996) Pause Young (Allocation Failure) 166M->29M(494M) 0.455ms
[18.522s][info][gc,cpu       ] GC(996) User=0.00s Sys=0.00s Real=0.00s
[18.538s][info][gc,start     ] GC(997) Pause Young (Allocation Failure)
[18.539s][info][gc,heap      ] GC(997) DefNew: 140201K->424K(157248K)
[18.539s][info][gc,heap      ] GC(997) Tenured: 30033K->30062K(349568K)
[18.539s][info][gc,metaspace ] GC(997) Metaspace: 13448K->13448K(1062912K)
[18.539s][info][gc           ] GC(997) Pause Young (Allocation Failure) 166M->29M(494M) 0.631ms
[18.539s][info][gc,cpu       ] GC(997) User=0.00s Sys=0.00s Real=0.00s
[18.554s][info][gc,start     ] GC(998) Pause Young (Allocation Failure)
[18.555s][info][gc,heap      ] GC(998) DefNew: 140200K->420K(157248K)
[18.555s][info][gc,heap      ] GC(998) Tenured: 30062K->30092K(349568K)
[18.555s][info][gc,metaspace ] GC(998) Metaspace: 13448K->13448K(1062912K)
[18.555s][info][gc           ] GC(998) Pause Young (Allocation Failure) 166M->29M(494M) 0.421ms
[18.555s][info][gc,cpu       ] GC(998) User=0.01s Sys=0.00s Real=0.00s
[18.573s][info][gc,start     ] GC(999) Pause Young (Allocation Failure)
[18.573s][info][gc,heap      ] GC(999) DefNew: 140196K->419K(157248K)
[18.573s][info][gc,heap      ] GC(999) Tenured: 30092K->30121K(349568K)
[18.573s][info][gc,metaspace ] GC(999) Metaspace: 13448K->13448K(1062912K)
[18.573s][info][gc           ] GC(999) Pause Young (Allocation Failure) 166M->29M(494M) 0.327ms
[18.573s][info][gc,cpu       ] GC(999) User=0.00s Sys=0.00s Real=0.00s
[18.595s][info][gc,start     ] GC(1000) Pause Young (Allocation Failure)
[18.596s][info][gc,heap      ] GC(1000) DefNew: 140195K->430K(157248K)
[18.596s][info][gc,heap      ] GC(1000) Tenured: 30121K->30141K(349568K)
[18.596s][info][gc,metaspace ] GC(1000) Metaspace: 13468K->13468K(1062912K)
[18.596s][info][gc           ] GC(1000) Pause Young (Allocation Failure) 166M->29M(494M) 0.822ms
[18.596s][info][gc,cpu       ] GC(1000) User=0.00s Sys=0.00s Real=0.00s
[18.628s][info][gc,start     ] GC(1001) Pause Young (Allocation Failure)
[18.629s][info][gc,heap      ] GC(1001) DefNew: 140206K->429K(157248K)
[18.629s][info][gc,heap      ] GC(1001) Tenured: 30141K->30170K(349568K)
[18.629s][info][gc,metaspace ] GC(1001) Metaspace: 13468K->13468K(1062912K)
[18.629s][info][gc           ] GC(1001) Pause Young (Allocation Failure) 166M->29M(494M) 0.463ms
[18.629s][info][gc,cpu       ] GC(1001) User=0.00s Sys=0.00s Real=0.00s
[18.646s][info][gc,start     ] GC(1002) Pause Young (Allocation Failure)
[18.647s][info][gc,heap      ] GC(1002) DefNew: 140205K->428K(157248K)
[18.647s][info][gc,heap      ] GC(1002) Tenured: 30170K->30199K(349568K)
[18.647s][info][gc,metaspace ] GC(1002) Metaspace: 13468K->13468K(1062912K)
[18.647s][info][gc           ] GC(1002) Pause Young (Allocation Failure) 166M->29M(494M) 0.713ms
[18.647s][info][gc,cpu       ] GC(1002) User=0.00s Sys=0.00s Real=0.00s
[18.666s][info][gc,start     ] GC(1003) Pause Young (Allocation Failure)
[18.667s][info][gc,heap      ] GC(1003) DefNew: 140204K->427K(157248K)
[18.667s][info][gc,heap      ] GC(1003) Tenured: 30199K->30229K(349568K)
[18.667s][info][gc,metaspace ] GC(1003) Metaspace: 13468K->13468K(1062912K)
[18.667s][info][gc           ] GC(1003) Pause Young (Allocation Failure) 166M->29M(494M) 0.490ms
[18.667s][info][gc,cpu       ] GC(1003) User=0.00s Sys=0.00s Real=0.00s
[18.686s][info][gc,start     ] GC(1004) Pause Young (Allocation Failure)
[18.686s][info][gc,heap      ] GC(1004) DefNew: 140203K->425K(157248K)
[18.686s][info][gc,heap      ] GC(1004) Tenured: 30229K->30258K(349568K)
[18.686s][info][gc,metaspace ] GC(1004) Metaspace: 13468K->13468K(1062912K)
[18.686s][info][gc           ] GC(1004) Pause Young (Allocation Failure) 166M->29M(494M) 0.509ms
[18.686s][info][gc,cpu       ] GC(1004) User=0.00s Sys=0.00s Real=0.00s
[18.702s][info][gc,start     ] GC(1005) Pause Young (Allocation Failure)
[18.702s][info][gc,heap      ] GC(1005) DefNew: 140201K->422K(157248K)
[18.702s][info][gc,heap      ] GC(1005) Tenured: 30258K->30287K(349568K)
[18.702s][info][gc,metaspace ] GC(1005) Metaspace: 13468K->13468K(1062912K)
[18.702s][info][gc           ] GC(1005) Pause Young (Allocation Failure) 166M->29M(494M) 0.409ms
[18.702s][info][gc,cpu       ] GC(1005) User=0.00s Sys=0.00s Real=0.00s
[18.719s][info][gc,start     ] GC(1006) Pause Young (Allocation Failure)
[18.719s][info][gc,heap      ] GC(1006) DefNew: 140198K->421K(157248K)
[18.719s][info][gc,heap      ] GC(1006) Tenured: 30287K->30317K(349568K)
[18.719s][info][gc,metaspace ] GC(1006) Metaspace: 13468K->13468K(1062912K)
[18.719s][info][gc           ] GC(1006) Pause Young (Allocation Failure) 166M->30M(494M) 0.416ms
[18.719s][info][gc,cpu       ] GC(1006) User=0.00s Sys=0.00s Real=0.01s
[18.736s][info][gc,start     ] GC(1007) Pause Young (Allocation Failure)
[18.736s][info][gc,heap      ] GC(1007) DefNew: 140197K->430K(157248K)
[18.736s][info][gc,heap      ] GC(1007) Tenured: 30317K->30336K(349568K)
[18.736s][info][gc,metaspace ] GC(1007) Metaspace: 13468K->13468K(1062912K)
[18.736s][info][gc           ] GC(1007) Pause Young (Allocation Failure) 166M->30M(494M) 0.441ms
[18.736s][info][gc,cpu       ] GC(1007) User=0.00s Sys=0.00s Real=0.00s
[18.754s][info][gc,start     ] GC(1008) Pause Young (Allocation Failure)
[18.754s][info][gc,heap      ] GC(1008) DefNew: 140206K->429K(157248K)
[18.754s][info][gc,heap      ] GC(1008) Tenured: 30336K->30366K(349568K)
[18.754s][info][gc,metaspace ] GC(1008) Metaspace: 13468K->13468K(1062912K)
[18.754s][info][gc           ] GC(1008) Pause Young (Allocation Failure) 166M->30M(494M) 0.462ms
[18.754s][info][gc,cpu       ] GC(1008) User=0.00s Sys=0.00s Real=0.00s
[18.772s][info][gc,start     ] GC(1009) Pause Young (Allocation Failure)
[18.772s][info][gc,heap      ] GC(1009) DefNew: 140205K->428K(157248K)
[18.772s][info][gc,heap      ] GC(1009) Tenured: 30366K->30395K(349568K)
[18.772s][info][gc,metaspace ] GC(1009) Metaspace: 13468K->13468K(1062912K)
[18.772s][info][gc           ] GC(1009) Pause Young (Allocation Failure) 166M->30M(494M) 0.469ms
[18.772s][info][gc,cpu       ] GC(1009) User=0.00s Sys=0.00s Real=0.00s
[18.791s][info][gc,start     ] GC(1010) Pause Young (Allocation Failure)
[18.791s][info][gc,heap      ] GC(1010) DefNew: 140204K->426K(157248K)
[18.791s][info][gc,heap      ] GC(1010) Tenured: 30395K->30424K(349568K)
[18.791s][info][gc,metaspace ] GC(1010) Metaspace: 13468K->13468K(1062912K)
[18.791s][info][gc           ] GC(1010) Pause Young (Allocation Failure) 166M->30M(494M) 0.502ms
[18.791s][info][gc,cpu       ] GC(1010) User=0.00s Sys=0.00s Real=0.00s
[18.808s][info][gc,start     ] GC(1011) Pause Young (Allocation Failure)
[18.809s][info][gc,heap      ] GC(1011) DefNew: 140202K->422K(157248K)
[18.809s][info][gc,heap      ] GC(1011) Tenured: 30424K->30454K(349568K)
[18.809s][info][gc,metaspace ] GC(1011) Metaspace: 13468K->13468K(1062912K)
[18.809s][info][gc           ] GC(1011) Pause Young (Allocation Failure) 166M->30M(494M) 0.425ms
[18.809s][info][gc,cpu       ] GC(1011) User=0.00s Sys=0.00s Real=0.00s
[18.828s][info][gc,start     ] GC(1012) Pause Young (Allocation Failure)
[18.828s][info][gc,heap      ] GC(1012) DefNew: 140198K->422K(157248K)
[18.828s][info][gc,heap      ] GC(1012) Tenured: 30454K->30483K(349568K)
[18.828s][info][gc,metaspace ] GC(1012) Metaspace: 13468K->13468K(1062912K)
[18.828s][info][gc           ] GC(1012) Pause Young (Allocation Failure) 166M->30M(494M) 0.424ms
[18.828s][info][gc,cpu       ] GC(1012) User=0.00s Sys=0.00s Real=0.00s
[18.844s][info][gc,start     ] GC(1013) Pause Young (Allocation Failure)
[18.844s][info][gc,heap      ] GC(1013) DefNew: 140198K->431K(157248K)
[18.844s][info][gc,heap      ] GC(1013) Tenured: 30483K->30502K(349568K)
[18.844s][info][gc,metaspace ] GC(1013) Metaspace: 13468K->13468K(1062912K)
[18.845s][info][gc           ] GC(1013) Pause Young (Allocation Failure) 166M->30M(494M) 0.427ms
[18.845s][info][gc,cpu       ] GC(1013) User=0.00s Sys=0.00s Real=0.00s
[18.861s][info][gc,start     ] GC(1014) Pause Young (Allocation Failure)
[18.862s][info][gc,heap      ] GC(1014) DefNew: 140207K->430K(157248K)
[18.862s][info][gc,heap      ] GC(1014) Tenured: 30502K->30532K(349568K)
[18.862s][info][gc,metaspace ] GC(1014) Metaspace: 13468K->13468K(1062912K)
[18.862s][info][gc           ] GC(1014) Pause Young (Allocation Failure) 166M->30M(494M) 0.410ms
[18.862s][info][gc,cpu       ] GC(1014) User=0.00s Sys=0.00s Real=0.00s
[18.878s][info][gc,start     ] GC(1015) Pause Young (Allocation Failure)
[18.879s][info][gc,heap      ] GC(1015) DefNew: 140206K->426K(157248K)
[18.879s][info][gc,heap      ] GC(1015) Tenured: 30532K->30563K(349568K)
[18.879s][info][gc,metaspace ] GC(1015) Metaspace: 13468K->13468K(1062912K)
[18.879s][info][gc           ] GC(1015) Pause Young (Allocation Failure) 166M->30M(494M) 0.431ms
[18.879s][info][gc,cpu       ] GC(1015) User=0.00s Sys=0.00s Real=0.00s
[18.896s][info][gc,start     ] GC(1016) Pause Young (Allocation Failure)
[18.896s][info][gc,heap      ] GC(1016) DefNew: 140202K->425K(157248K)
[18.896s][info][gc,heap      ] GC(1016) Tenured: 30563K->30593K(349568K)
[18.896s][info][gc,metaspace ] GC(1016) Metaspace: 13468K->13468K(1062912K)
[18.896s][info][gc           ] GC(1016) Pause Young (Allocation Failure) 166M->30M(494M) 0.518ms
[18.896s][info][gc,cpu       ] GC(1016) User=0.00s Sys=0.00s Real=0.00s
[18.912s][info][gc,start     ] GC(1017) Pause Young (Allocation Failure)
[18.912s][info][gc,heap      ] GC(1017) DefNew: 140201K->423K(157248K)
[18.912s][info][gc,heap      ] GC(1017) Tenured: 30593K->30622K(349568K)
[18.912s][info][gc,metaspace ] GC(1017) Metaspace: 13468K->13468K(1062912K)
[18.912s][info][gc           ] GC(1017) Pause Young (Allocation Failure) 166M->30M(494M) 0.416ms
[18.912s][info][gc,cpu       ] GC(1017) User=0.00s Sys=0.00s Real=0.00s
[18.927s][info][gc,start     ] GC(1018) Pause Young (Allocation Failure)
[18.928s][info][gc,heap      ] GC(1018) DefNew: 140199K->420K(157248K)
[18.928s][info][gc,heap      ] GC(1018) Tenured: 30622K->30651K(349568K)
[18.928s][info][gc,metaspace ] GC(1018) Metaspace: 13468K->13468K(1062912K)
[18.928s][info][gc           ] GC(1018) Pause Young (Allocation Failure) 166M->30M(494M) 0.337ms
[18.928s][info][gc,cpu       ] GC(1018) User=0.00s Sys=0.00s Real=0.00s
[18.944s][info][gc,start     ] GC(1019) Pause Young (Allocation Failure)
[18.945s][info][gc,heap      ] GC(1019) DefNew: 140196K->419K(157248K)
[18.945s][info][gc,heap      ] GC(1019) Tenured: 30651K->30681K(349568K)
[18.945s][info][gc,metaspace ] GC(1019) Metaspace: 13468K->13468K(1062912K)
[18.945s][info][gc           ] GC(1019) Pause Young (Allocation Failure) 166M->30M(494M) 0.411ms
[18.945s][info][gc,cpu       ] GC(1019) User=0.00s Sys=0.00s Real=0.00s
[18.963s][info][gc,start     ] GC(1020) Pause Young (Allocation Failure)
[18.963s][info][gc,heap      ] GC(1020) DefNew: 140195K->428K(157248K)
[18.963s][info][gc,heap      ] GC(1020) Tenured: 30681K->30700K(349568K)
[18.963s][info][gc,metaspace ] GC(1020) Metaspace: 13468K->13468K(1062912K)
[18.963s][info][gc           ] GC(1020) Pause Young (Allocation Failure) 166M->30M(494M) 0.414ms
[18.963s][info][gc,cpu       ] GC(1020) User=0.00s Sys=0.00s Real=0.00s
[18.981s][info][gc,start     ] GC(1021) Pause Young (Allocation Failure)
[18.982s][info][gc,heap      ] GC(1021) DefNew: 140204K->427K(157248K)
[18.982s][info][gc,heap      ] GC(1021) Tenured: 30700K->30730K(349568K)
[18.982s][info][gc,metaspace ] GC(1021) Metaspace: 13468K->13468K(1062912K)
[18.982s][info][gc           ] GC(1021) Pause Young (Allocation Failure) 166M->30M(494M) 0.412ms
[18.982s][info][gc,cpu       ] GC(1021) User=0.00s Sys=0.00s Real=0.00s
[19.000s][info][gc,start     ] GC(1022) Pause Young (Allocation Failure)
[19.000s][info][gc,heap      ] GC(1022) DefNew: 140203K->426K(157248K)
[19.000s][info][gc,heap      ] GC(1022) Tenured: 30730K->30759K(349568K)
[19.000s][info][gc,metaspace ] GC(1022) Metaspace: 13468K->13468K(1062912K)
[19.000s][info][gc           ] GC(1022) Pause Young (Allocation Failure) 166M->30M(494M) 0.401ms
[19.000s][info][gc,cpu       ] GC(1022) User=0.00s Sys=0.00s Real=0.00s
[19.019s][info][gc,start     ] GC(1023) Pause Young (Allocation Failure)
[19.019s][info][gc,heap      ] GC(1023) DefNew: 140202K->424K(157248K)
[19.019s][info][gc,heap      ] GC(1023) Tenured: 30759K->30788K(349568K)
[19.019s][info][gc,metaspace ] GC(1023) Metaspace: 13468K->13468K(1062912K)
[19.020s][info][gc           ] GC(1023) Pause Young (Allocation Failure) 166M->30M(494M) 0.645ms
[19.020s][info][gc,cpu       ] GC(1023) User=0.00s Sys=0.00s Real=0.01s
[19.037s][info][gc,start     ] GC(1024) Pause Young (Allocation Failure)
[19.038s][info][gc,heap      ] GC(1024) DefNew: 140200K->421K(157248K)
[19.038s][info][gc,heap      ] GC(1024) Tenured: 30788K->30818K(349568K)
[19.038s][info][gc,metaspace ] GC(1024) Metaspace: 13468K->13468K(1062912K)
[19.038s][info][gc           ] GC(1024) Pause Young (Allocation Failure) 166M->30M(494M) 0.817ms
[19.038s][info][gc,cpu       ] GC(1024) User=0.00s Sys=0.00s Real=0.00s
[19.054s][info][gc,start     ] GC(1025) Pause Young (Allocation Failure)
[19.054s][info][gc,heap      ] GC(1025) DefNew: 140197K->419K(157248K)
[19.054s][info][gc,heap      ] GC(1025) Tenured: 30818K->30847K(349568K)
[19.055s][info][gc,metaspace ] GC(1025) Metaspace: 13468K->13468K(1062912K)
[19.055s][info][gc           ] GC(1025) Pause Young (Allocation Failure) 167M->30M(494M) 0.473ms
[19.055s][info][gc,cpu       ] GC(1025) User=0.00s Sys=0.01s Real=0.00s
[19.071s][info][gc,start     ] GC(1026) Pause Young (Allocation Failure)
[19.071s][info][gc,heap      ] GC(1026) DefNew: 140195K->428K(157248K)
[19.071s][info][gc,heap      ] GC(1026) Tenured: 30847K->30867K(349568K)
[19.071s][info][gc,metaspace ] GC(1026) Metaspace: 13468K->13468K(1062912K)
[19.071s][info][gc           ] GC(1026) Pause Young (Allocation Failure) 167M->30M(494M) 0.392ms
[19.071s][info][gc,cpu       ] GC(1026) User=0.00s Sys=0.00s Real=0.00s
[19.088s][info][gc,start     ] GC(1027) Pause Young (Allocation Failure)
[19.088s][info][gc,heap      ] GC(1027) DefNew: 140204K->427K(157248K)
[19.088s][info][gc,heap      ] GC(1027) Tenured: 30867K->30896K(349568K)
[19.088s][info][gc,metaspace ] GC(1027) Metaspace: 13468K->13468K(1062912K)
[19.088s][info][gc           ] GC(1027) Pause Young (Allocation Failure) 167M->30M(494M) 0.376ms
[19.088s][info][gc,cpu       ] GC(1027) User=0.00s Sys=0.00s Real=0.00s
[19.106s][info][gc,start     ] GC(1028) Pause Young (Allocation Failure)
[19.106s][info][gc,heap      ] GC(1028) DefNew: 140203K->426K(157248K)
[19.106s][info][gc,heap      ] GC(1028) Tenured: 30896K->30925K(349568K)
[19.106s][info][gc,metaspace ] GC(1028) Metaspace: 13468K->13468K(1062912K)
[19.106s][info][gc           ] GC(1028) Pause Young (Allocation Failure) 167M->30M(494M) 0.481ms
[19.106s][info][gc,cpu       ] GC(1028) User=0.00s Sys=0.00s Real=0.00s
[19.123s][info][gc,start     ] GC(1029) Pause Young (Allocation Failure)
[19.123s][info][gc,heap      ] GC(1029) DefNew: 140202K->425K(157248K)
[19.123s][info][gc,heap      ] GC(1029) Tenured: 30925K->30955K(349568K)
[19.123s][info][gc,metaspace ] GC(1029) Metaspace: 13468K->13468K(1062912K)
[19.123s][info][gc           ] GC(1029) Pause Young (Allocation Failure) 167M->30M(494M) 0.497ms
[19.123s][info][gc,cpu       ] GC(1029) User=0.00s Sys=0.00s Real=0.00s
[19.140s][info][gc,start     ] GC(1030) Pause Young (Allocation Failure)
[19.140s][info][gc,heap      ] GC(1030) DefNew: 140201K->423K(157248K)
[19.140s][info][gc,heap      ] GC(1030) Tenured: 30955K->30984K(349568K)
[19.140s][info][gc,metaspace ] GC(1030) Metaspace: 13468K->13468K(1062912K)
[19.140s][info][gc           ] GC(1030) Pause Young (Allocation Failure) 167M->30M(494M) 0.421ms
[19.140s][info][gc,cpu       ] GC(1030) User=0.00s Sys=0.00s Real=0.00s
[19.155s][info][gc,start     ] GC(1031) Pause Young (Allocation Failure)
[19.156s][info][gc,heap      ] GC(1031) DefNew: 140199K->420K(157248K)
[19.156s][info][gc,heap      ] GC(1031) Tenured: 30984K->31013K(349568K)
[19.156s][info][gc,metaspace ] GC(1031) Metaspace: 13468K->13468K(1062912K)
[19.156s][info][gc           ] GC(1031) Pause Young (Allocation Failure) 167M->30M(494M) 0.386ms
[19.156s][info][gc,cpu       ] GC(1031) User=0.00s Sys=0.00s Real=0.00s
[19.173s][info][gc,start     ] GC(1032) Pause Young (Allocation Failure)
[19.174s][info][gc,heap      ] GC(1032) DefNew: 140196K->419K(157248K)
[19.174s][info][gc,heap      ] GC(1032) Tenured: 31013K->31043K(349568K)
[19.174s][info][gc,metaspace ] GC(1032) Metaspace: 13468K->13468K(1062912K)
[19.174s][info][gc           ] GC(1032) Pause Young (Allocation Failure) 167M->30M(494M) 0.395ms
[19.174s][info][gc,cpu       ] GC(1032) User=0.00s Sys=0.00s Real=0.00s
[19.189s][info][gc,start     ] GC(1033) Pause Young (Allocation Failure)
[19.190s][info][gc,heap      ] GC(1033) DefNew: 140195K->428K(157248K)
[19.190s][info][gc,heap      ] GC(1033) Tenured: 31043K->31062K(349568K)
[19.190s][info][gc,metaspace ] GC(1033) Metaspace: 13468K->13468K(1062912K)
[19.190s][info][gc           ] GC(1033) Pause Young (Allocation Failure) 167M->30M(494M) 0.398ms
[19.190s][info][gc,cpu       ] GC(1033) User=0.00s Sys=0.00s Real=0.00s
[19.205s][info][gc,start     ] GC(1034) Pause Young (Allocation Failure)
[19.206s][info][gc,heap      ] GC(1034) DefNew: 140204K->427K(157248K)
[19.206s][info][gc,heap      ] GC(1034) Tenured: 31062K->31092K(349568K)
[19.206s][info][gc,metaspace ] GC(1034) Metaspace: 13468K->13468K(1062912K)
[19.206s][info][gc           ] GC(1034) Pause Young (Allocation Failure) 167M->30M(494M) 0.400ms
[19.206s][info][gc,cpu       ] GC(1034) User=0.00s Sys=0.00s Real=0.00s
[19.222s][info][gc,start     ] GC(1035) Pause Young (Allocation Failure)
[19.222s][info][gc,heap      ] GC(1035) DefNew: 140203K->426K(157248K)
[19.222s][info][gc,heap      ] GC(1035) Tenured: 31092K->31121K(349568K)
[19.222s][info][gc,metaspace ] GC(1035) Metaspace: 13468K->13468K(1062912K)
[19.222s][info][gc           ] GC(1035) Pause Young (Allocation Failure) 167M->30M(494M) 0.416ms
[19.222s][info][gc,cpu       ] GC(1035) User=0.00s Sys=0.00s Real=0.00s
[19.241s][info][gc,start     ] GC(1036) Pause Young (Allocation Failure)
[19.242s][info][gc,heap      ] GC(1036) DefNew: 140202K->424K(157248K)
[19.242s][info][gc,heap      ] GC(1036) Tenured: 31121K->31150K(349568K)
[19.242s][info][gc,metaspace ] GC(1036) Metaspace: 13468K->13468K(1062912K)
[19.242s][info][gc           ] GC(1036) Pause Young (Allocation Failure) 167M->30M(494M) 0.560ms
[19.242s][info][gc,cpu       ] GC(1036) User=0.00s Sys=0.00s Real=0.00s
[19.262s][info][gc,start     ] GC(1037) Pause Young (Allocation Failure)
[19.262s][info][gc,heap      ] GC(1037) DefNew: 140200K->422K(157248K)
[19.262s][info][gc,heap      ] GC(1037) Tenured: 31150K->31180K(349568K)
[19.262s][info][gc,metaspace ] GC(1037) Metaspace: 13468K->13468K(1062912K)
[19.262s][info][gc           ] GC(1037) Pause Young (Allocation Failure) 167M->30M(494M) 0.643ms
[19.262s][info][gc,cpu       ] GC(1037) User=0.00s Sys=0.00s Real=0.00s
[19.277s][info][gc,start     ] GC(1038) Pause Young (Allocation Failure)
[19.277s][info][gc,heap      ] GC(1038) DefNew: 140198K->420K(157248K)
[19.277s][info][gc,heap      ] GC(1038) Tenured: 31180K->31209K(349568K)
[19.277s][info][gc,metaspace ] GC(1038) Metaspace: 13468K->13468K(1062912K)
[19.277s][info][gc           ] GC(1038) Pause Young (Allocation Failure) 167M->30M(494M) 0.383ms
[19.278s][info][gc,cpu       ] GC(1038) User=0.00s Sys=0.00s Real=0.00s
[19.294s][info][gc,start     ] GC(1039) Pause Young (Allocation Failure)
[19.294s][info][gc,heap      ] GC(1039) DefNew: 140196K->419K(157248K)
[19.294s][info][gc,heap      ] GC(1039) Tenured: 31209K->31238K(349568K)
[19.294s][info][gc,metaspace ] GC(1039) Metaspace: 13468K->13468K(1062912K)
[19.294s][info][gc           ] GC(1039) Pause Young (Allocation Failure) 167M->30M(494M) 0.417ms
[19.294s][info][gc,cpu       ] GC(1039) User=0.00s Sys=0.00s Real=0.00s
[19.311s][info][gc,start     ] GC(1040) Pause Young (Allocation Failure)
[19.311s][info][gc,heap      ] GC(1040) DefNew: 140195K->428K(157248K)
[19.311s][info][gc,heap      ] GC(1040) Tenured: 31238K->31258K(349568K)
[19.311s][info][gc,metaspace ] GC(1040) Metaspace: 13468K->13468K(1062912K)
[19.311s][info][gc           ] GC(1040) Pause Young (Allocation Failure) 167M->30M(494M) 0.386ms
[19.311s][info][gc,cpu       ] GC(1040) User=0.00s Sys=0.00s Real=0.00s
[19.328s][info][gc,start     ] GC(1041) Pause Young (Allocation Failure)
[19.328s][info][gc,heap      ] GC(1041) DefNew: 140204K->427K(157248K)
[19.328s][info][gc,heap      ] GC(1041) Tenured: 31258K->31287K(349568K)
[19.328s][info][gc,metaspace ] GC(1041) Metaspace: 13468K->13468K(1062912K)
[19.328s][info][gc           ] GC(1041) Pause Young (Allocation Failure) 167M->30M(494M) 0.381ms
[19.328s][info][gc,cpu       ] GC(1041) User=0.00s Sys=0.00s Real=0.00s
[19.345s][info][gc,start     ] GC(1042) Pause Young (Allocation Failure)
[19.345s][info][gc,heap      ] GC(1042) DefNew: 140203K->425K(157248K)
[19.345s][info][gc,heap      ] GC(1042) Tenured: 31287K->31317K(349568K)
[19.345s][info][gc,metaspace ] GC(1042) Metaspace: 13468K->13468K(1062912K)
[19.345s][info][gc           ] GC(1042) Pause Young (Allocation Failure) 167M->30M(494M) 0.430ms
[19.345s][info][gc,cpu       ] GC(1042) User=0.00s Sys=0.00s Real=0.00s
[19.362s][info][gc,start     ] GC(1043) Pause Young (Allocation Failure)
[19.363s][info][gc,heap      ] GC(1043) DefNew: 140201K->424K(157248K)
[19.363s][info][gc,heap      ] GC(1043) Tenured: 31317K->31346K(349568K)
[19.363s][info][gc,metaspace ] GC(1043) Metaspace: 13468K->13468K(1062912K)
[19.363s][info][gc           ] GC(1043) Pause Young (Allocation Failure) 167M->31M(494M) 0.425ms
[19.363s][info][gc,cpu       ] GC(1043) User=0.01s Sys=0.00s Real=0.00s
[19.377s][info][gc,start     ] GC(1044) Pause Young (Allocation Failure)
[19.377s][info][gc,heap      ] GC(1044) DefNew: 140200K->420K(157248K)
[19.377s][info][gc,heap      ] GC(1044) Tenured: 31346K->31375K(349568K)
[19.377s][info][gc,metaspace ] GC(1044) Metaspace: 13468K->13468K(1062912K)
[19.377s][info][gc           ] GC(1044) Pause Young (Allocation Failure) 167M->31M(494M) 0.357ms
[19.377s][info][gc,cpu       ] GC(1044) User=0.00s Sys=0.00s Real=0.00s
[19.394s][info][gc,start     ] GC(1045) Pause Young (Allocation Failure)
[19.394s][info][gc,heap      ] GC(1045) DefNew: 140196K->419K(157248K)
[19.394s][info][gc,heap      ] GC(1045) Tenured: 31375K->31405K(349568K)
[19.395s][info][gc,metaspace ] GC(1045) Metaspace: 13468K->13468K(1062912K)
[19.395s][info][gc           ] GC(1045) Pause Young (Allocation Failure) 167M->31M(494M) 0.409ms
[19.395s][info][gc,cpu       ] GC(1045) User=0.00s Sys=0.00s Real=0.00s
[19.415s][info][gc,start     ] GC(1046) Pause Young (Allocation Failure)
[19.415s][info][gc,heap      ] GC(1046) DefNew: 140195K->428K(157248K)
[19.415s][info][gc,heap      ] GC(1046) Tenured: 31405K->31424K(349568K)
[19.415s][info][gc,metaspace ] GC(1046) Metaspace: 13468K->13468K(1062912K)
[19.415s][info][gc           ] GC(1046) Pause Young (Allocation Failure) 167M->31M(494M) 0.426ms
[19.415s][info][gc,cpu       ] GC(1046) User=0.00s Sys=0.00s Real=0.00s
[19.431s][info][gc,start     ] GC(1047) Pause Young (Allocation Failure)
[19.432s][info][gc,heap      ] GC(1047) DefNew: 140204K->427K(157248K)
[19.432s][info][gc,heap      ] GC(1047) Tenured: 31424K->31454K(349568K)
[19.432s][info][gc,metaspace ] GC(1047) Metaspace: 13468K->13468K(1062912K)
[19.432s][info][gc           ] GC(1047) Pause Young (Allocation Failure) 167M->31M(494M) 0.420ms
[19.432s][info][gc,cpu       ] GC(1047) User=0.00s Sys=0.00s Real=0.00s
[19.447s][info][gc,start     ] GC(1048) Pause Young (Allocation Failure)
[19.448s][info][gc,heap      ] GC(1048) DefNew: 140203K->426K(157248K)
[19.448s][info][gc,heap      ] GC(1048) Tenured: 31454K->31483K(349568K)
[19.448s][info][gc,metaspace ] GC(1048) Metaspace: 13468K->13468K(1062912K)
[19.448s][info][gc           ] GC(1048) Pause Young (Allocation Failure) 167M->31M(494M) 0.382ms
[19.448s][info][gc,cpu       ] GC(1048) User=0.00s Sys=0.00s Real=0.00s
[19.464s][info][gc,start     ] GC(1049) Pause Young (Allocation Failure)
[19.464s][info][gc,heap      ] GC(1049) DefNew: 140202K->425K(157248K)
[19.464s][info][gc,heap      ] GC(1049) Tenured: 31483K->31512K(349568K)
[19.464s][info][gc,metaspace ] GC(1049) Metaspace: 13468K->13468K(1062912K)
[19.464s][info][gc           ] GC(1049) Pause Young (Allocation Failure) 167M->31M(494M) 0.432ms
[19.464s][info][gc,cpu       ] GC(1049) User=0.00s Sys=0.00s Real=0.00s
[19.484s][info][gc,start     ] GC(1050) Pause Young (Allocation Failure)
[19.484s][info][gc,heap      ] GC(1050) DefNew: 140201K->423K(157248K)
[19.484s][info][gc,heap      ] GC(1050) Tenured: 31512K->31542K(349568K)
[19.484s][info][gc,metaspace ] GC(1050) Metaspace: 13468K->13468K(1062912K)
[19.484s][info][gc           ] GC(1050) Pause Young (Allocation Failure) 167M->31M(494M) 0.445ms
[19.484s][info][gc,cpu       ] GC(1050) User=0.00s Sys=0.00s Real=0.00s
[19.503s][info][gc,start     ] GC(1051) Pause Young (Allocation Failure)
[19.503s][info][gc,heap      ] GC(1051) DefNew: 140199K->420K(157248K)
[19.503s][info][gc,heap      ] GC(1051) Tenured: 31542K->31571K(349568K)
[19.503s][info][gc,metaspace ] GC(1051) Metaspace: 13468K->13468K(1062912K)
[19.503s][info][gc           ] GC(1051) Pause Young (Allocation Failure) 167M->31M(494M) 0.384ms
[19.503s][info][gc,cpu       ] GC(1051) User=0.00s Sys=0.00s Real=0.00s
[19.521s][info][gc,start     ] GC(1052) Pause Young (Allocation Failure)
[19.522s][info][gc,heap      ] GC(1052) DefNew: 140196K->419K(157248K)
[19.522s][info][gc,heap      ] GC(1052) Tenured: 31571K->31600K(349568K)
[19.522s][info][gc,metaspace ] GC(1052) Metaspace: 13468K->13468K(1062912K)
[19.522s][info][gc           ] GC(1052) Pause Young (Allocation Failure) 167M->31M(494M) 0.472ms
[19.522s][info][gc,cpu       ] GC(1052) User=0.00s Sys=0.00s Real=0.00s
[19.541s][info][gc,start     ] GC(1053) Pause Young (Allocation Failure)
[19.542s][info][gc,heap      ] GC(1053) DefNew: 140195K->428K(157248K)
[19.542s][info][gc,heap      ] GC(1053) Tenured: 31600K->31620K(349568K)
[19.542s][info][gc,metaspace ] GC(1053) Metaspace: 13468K->13468K(1062912K)
[19.542s][info][gc           ] GC(1053) Pause Young (Allocation Failure) 167M->31M(494M) 0.464ms
[19.542s][info][gc,cpu       ] GC(1053) User=0.01s Sys=0.00s Real=0.00s
[19.561s][info][gc,start     ] GC(1054) Pause Young (Allocation Failure)
[19.561s][info][gc,heap      ] GC(1054) DefNew: 140204K->427K(157248K)
[19.561s][info][gc,heap      ] GC(1054) Tenured: 31620K->31649K(349568K)
[19.561s][info][gc,metaspace ] GC(1054) Metaspace: 13468K->13468K(1062912K)
[19.561s][info][gc           ] GC(1054) Pause Young (Allocation Failure) 167M->31M(494M) 0.433ms
[19.561s][info][gc,cpu       ] GC(1054) User=0.00s Sys=0.00s Real=0.00s
[19.578s][info][gc,start     ] GC(1055) Pause Young (Allocation Failure)
[19.578s][info][gc,heap      ] GC(1055) DefNew: 140203K->429K(157248K)
[19.578s][info][gc,heap      ] GC(1055) Tenured: 31649K->31679K(349568K)
[19.579s][info][gc,metaspace ] GC(1055) Metaspace: 13472K->13472K(1062912K)
[19.579s][info][gc           ] GC(1055) Pause Young (Allocation Failure) 167M->31M(494M) 0.490ms
[19.579s][info][gc,cpu       ] GC(1055) User=0.00s Sys=0.00s Real=0.00s
[19.601s][info][gc,start     ] GC(1056) Pause Young (Allocation Failure)
[19.602s][info][gc,heap      ] GC(1056) DefNew: 140205K->427K(157248K)
[19.602s][info][gc,heap      ] GC(1056) Tenured: 31679K->31708K(349568K)
[19.602s][info][gc,metaspace ] GC(1056) Metaspace: 13489K->13489K(1062912K)
[19.602s][info][gc           ] GC(1056) Pause Young (Allocation Failure) 167M->31M(494M) 0.978ms
[19.602s][info][gc,cpu       ] GC(1056) User=0.00s Sys=0.00s Real=0.00s
[19.633s][info][gc,start     ] GC(1057) Pause Young (Allocation Failure)
[19.634s][info][gc,heap      ] GC(1057) DefNew: 140203K->423K(157248K)
[19.634s][info][gc,heap      ] GC(1057) Tenured: 31708K->31737K(349568K)
[19.634s][info][gc,metaspace ] GC(1057) Metaspace: 13489K->13489K(1062912K)
[19.634s][info][gc           ] GC(1057) Pause Young (Allocation Failure) 167M->31M(494M) 0.708ms
[19.634s][info][gc,cpu       ] GC(1057) User=0.00s Sys=0.00s Real=0.00s
[19.650s][info][gc,start     ] GC(1058) Pause Young (Allocation Failure)
[19.651s][info][gc,heap      ] GC(1058) DefNew: 140199K->423K(157248K)
[19.651s][info][gc,heap      ] GC(1058) Tenured: 31737K->31767K(349568K)
[19.651s][info][gc,metaspace ] GC(1058) Metaspace: 13489K->13489K(1062912K)
[19.651s][info][gc           ] GC(1058) Pause Young (Allocation Failure) 167M->31M(494M) 0.428ms
[19.651s][info][gc,cpu       ] GC(1058) User=0.00s Sys=0.00s Real=0.00s
[19.667s][info][gc,start     ] GC(1059) Pause Young (Allocation Failure)
[19.668s][info][gc,heap      ] GC(1059) DefNew: 140199K->432K(157248K)
[19.668s][info][gc,heap      ] GC(1059) Tenured: 31767K->31786K(349568K)
[19.668s][info][gc,metaspace ] GC(1059) Metaspace: 13489K->13489K(1062912K)
[19.668s][info][gc           ] GC(1059) Pause Young (Allocation Failure) 167M->31M(494M) 0.449ms
[19.668s][info][gc,cpu       ] GC(1059) User=0.00s Sys=0.00s Real=0.00s
[19.688s][info][gc,start     ] GC(1060) Pause Young (Allocation Failure)
[19.689s][info][gc,heap      ] GC(1060) DefNew: 140207K->431K(157248K)
[19.689s][info][gc,heap      ] GC(1060) Tenured: 31786K->31815K(349568K)
[19.689s][info][gc,metaspace ] GC(1060) Metaspace: 13489K->13489K(1062912K)
[19.689s][info][gc           ] GC(1060) Pause Young (Allocation Failure) 167M->31M(494M) 0.500ms
[19.689s][info][gc,cpu       ] GC(1060) User=0.00s Sys=0.00s Real=0.00s
[19.706s][info][gc,start     ] GC(1061) Pause Young (Allocation Failure)
[19.706s][info][gc,heap      ] GC(1061) DefNew: 140207K->429K(157248K)
[19.706s][info][gc,heap      ] GC(1061) Tenured: 31815K->31845K(349568K)
[19.706s][info][gc,metaspace ] GC(1061) Metaspace: 13489K->13489K(1062912K)
[19.706s][info][gc           ] GC(1061) Pause Young (Allocation Failure) 167M->31M(494M) 0.484ms
[19.706s][info][gc,cpu       ] GC(1061) User=0.00s Sys=0.00s Real=0.00s
[19.723s][info][gc,start     ] GC(1062) Pause Young (Allocation Failure)
[19.723s][info][gc,heap      ] GC(1062) DefNew: 140205K->428K(157248K)
[19.723s][info][gc,heap      ] GC(1062) Tenured: 31845K->31874K(349568K)
[19.723s][info][gc,metaspace ] GC(1062) Metaspace: 13489K->13489K(1062912K)
[19.724s][info][gc           ] GC(1062) Pause Young (Allocation Failure) 168M->31M(494M) 0.477ms
[19.724s][info][gc,cpu       ] GC(1062) User=0.00s Sys=0.00s Real=0.00s
[19.743s][info][gc,start     ] GC(1063) Pause Young (Allocation Failure)
[19.744s][info][gc,heap      ] GC(1063) DefNew: 140204K->426K(157248K)
[19.744s][info][gc,heap      ] GC(1063) Tenured: 31874K->31903K(349568K)
[19.744s][info][gc,metaspace ] GC(1063) Metaspace: 13489K->13489K(1062912K)
[19.744s][info][gc           ] GC(1063) Pause Young (Allocation Failure) 168M->31M(494M) 0.462ms
[19.744s][info][gc,cpu       ] GC(1063) User=0.00s Sys=0.00s Real=0.00s
[19.759s][info][gc,start     ] GC(1064) Pause Young (Allocation Failure)
[19.759s][info][gc,heap      ] GC(1064) DefNew: 140202K->423K(157248K)
[19.760s][info][gc,heap      ] GC(1064) Tenured: 31903K->31933K(349568K)
[19.760s][info][gc,metaspace ] GC(1064) Metaspace: 13489K->13489K(1062912K)
[19.760s][info][gc           ] GC(1064) Pause Young (Allocation Failure) 168M->31M(494M) 0.463ms
[19.760s][info][gc,cpu       ] GC(1064) User=0.00s Sys=0.00s Real=0.01s
[19.775s][info][gc,start     ] GC(1065) Pause Young (Allocation Failure)
[19.776s][info][gc,heap      ] GC(1065) DefNew: 140199K->422K(157248K)
[19.776s][info][gc,heap      ] GC(1065) Tenured: 31933K->31962K(349568K)
[19.776s][info][gc,metaspace ] GC(1065) Metaspace: 13489K->13489K(1062912K)
[19.776s][info][gc           ] GC(1065) Pause Young (Allocation Failure) 168M->31M(494M) 0.418ms
[19.776s][info][gc,cpu       ] GC(1065) User=0.00s Sys=0.00s Real=0.00s
[19.791s][info][gc,start     ] GC(1066) Pause Young (Allocation Failure)
[19.791s][info][gc,heap      ] GC(1066) DefNew: 140198K->431K(157248K)
[19.791s][info][gc,heap      ] GC(1066) Tenured: 31962K->31982K(349568K)
[19.791s][info][gc,metaspace ] GC(1066) Metaspace: 13489K->13489K(1062912K)
[19.792s][info][gc           ] GC(1066) Pause Young (Allocation Failure) 168M->31M(494M) 0.394ms
[19.792s][info][gc,cpu       ] GC(1066) User=0.00s Sys=0.00s Real=0.00s
[19.807s][info][gc,start     ] GC(1067) Pause Young (Allocation Failure)
[19.807s][info][gc,heap      ] GC(1067) DefNew: 140207K->430K(157248K)
[19.807s][info][gc,heap      ] GC(1067) Tenured: 31982K->32011K(349568K)
[19.807s][info][gc,metaspace ] GC(1067) Metaspace: 13489K->13489K(1062912K)
[19.807s][info][gc           ] GC(1067) Pause Young (Allocation Failure) 168M->31M(494M) 0.440ms
[19.807s][info][gc,cpu       ] GC(1067) User=0.01s Sys=0.00s Real=0.00s
[19.823s][info][gc,start     ] GC(1068) Pause Young (Allocation Failure)
[19.824s][info][gc,heap      ] GC(1068) DefNew: 140206K->429K(157248K)
[19.824s][info][gc,heap      ] GC(1068) Tenured: 32011K->32040K(349568K)
[19.824s][info][gc,metaspace ] GC(1068) Metaspace: 13489K->13489K(1062912K)
[19.824s][info][gc           ] GC(1068) Pause Young (Allocation Failure) 168M->31M(494M) 0.513ms
[19.824s][info][gc,cpu       ] GC(1068) User=0.00s Sys=0.00s Real=0.00s
[19.842s][info][gc,start     ] GC(1069) Pause Young (Allocation Failure)
[19.843s][info][gc,heap      ] GC(1069) DefNew: 140205K->427K(157248K)
[19.843s][info][gc,heap      ] GC(1069) Tenured: 32040K->32070K(349568K)
[19.843s][info][gc,metaspace ] GC(1069) Metaspace: 13489K->13489K(1062912K)
[19.843s][info][gc           ] GC(1069) Pause Young (Allocation Failure) 168M->31M(494M) 0.524ms
[19.843s][info][gc,cpu       ] GC(1069) User=0.00s Sys=0.00s Real=0.00s
[19.859s][info][gc,start     ] GC(1070) Pause Young (Allocation Failure)
[19.859s][info][gc,heap      ] GC(1070) DefNew: 140203K->421K(157248K)
[19.859s][info][gc,heap      ] GC(1070) Tenured: 32070K->32101K(349568K)
[19.859s][info][gc,metaspace ] GC(1070) Metaspace: 13489K->13489K(1062912K)
[19.859s][info][gc           ] GC(1070) Pause Young (Allocation Failure) 168M->31M(494M) 0.475ms
[19.859s][info][gc,cpu       ] GC(1070) User=0.00s Sys=0.00s Real=0.01s
[19.878s][info][gc,start     ] GC(1071) Pause Young (Allocation Failure)
[19.879s][info][gc,heap      ] GC(1071) DefNew: 140197K->419K(157248K)
[19.879s][info][gc,heap      ] GC(1071) Tenured: 32101K->32132K(349568K)
[19.879s][info][gc,metaspace ] GC(1071) Metaspace: 13489K->13489K(1062912K)
[19.879s][info][gc           ] GC(1071) Pause Young (Allocation Failure) 168M->31M(494M) 0.543ms
[19.879s][info][gc,cpu       ] GC(1071) User=0.00s Sys=0.00s Real=0.00s
[19.896s][info][gc,start     ] GC(1072) Pause Young (Allocation Failure)
[19.896s][info][gc,heap      ] GC(1072) DefNew: 140195K->428K(157248K)
[19.896s][info][gc,heap      ] GC(1072) Tenured: 32132K->32152K(349568K)
[19.896s][info][gc,metaspace ] GC(1072) Metaspace: 13489K->13489K(1062912K)
[19.896s][info][gc           ] GC(1072) Pause Young (Allocation Failure) 168M->31M(494M) 0.402ms
[19.896s][info][gc,cpu       ] GC(1072) User=0.01s Sys=0.00s Real=0.00s
[19.912s][info][gc,start     ] GC(1073) Pause Young (Allocation Failure)
[19.913s][info][gc,heap      ] GC(1073) DefNew: 140204K->427K(157248K)
[19.913s][info][gc,heap      ] GC(1073) Tenured: 32152K->32181K(349568K)
[19.913s][info][gc,metaspace ] GC(1073) Metaspace: 13489K->13489K(1062912K)
[19.913s][info][gc           ] GC(1073) Pause Young (Allocation Failure) 168M->31M(494M) 0.401ms
[19.913s][info][gc,cpu       ] GC(1073) User=0.00s Sys=0.00s Real=0.00s
[19.929s][info][gc,start     ] GC(1074) Pause Young (Allocation Failure)
[19.929s][info][gc,heap      ] GC(1074) DefNew: 140203K->426K(157248K)
[19.929s][info][gc,heap      ] GC(1074) Tenured: 32181K->32210K(349568K)
[19.929s][info][gc,metaspace ] GC(1074) Metaspace: 13489K->13489K(1062912K)
[19.930s][info][gc           ] GC(1074) Pause Young (Allocation Failure) 168M->31M(494M) 0.421ms
[19.930s][info][gc,cpu       ] GC(1074) User=0.00s Sys=0.00s Real=0.01s
[19.946s][info][gc,start     ] GC(1075) Pause Young (Allocation Failure)
[19.947s][info][gc,heap      ] GC(1075) DefNew: 140202K->425K(157248K)
[19.947s][info][gc,heap      ] GC(1075) Tenured: 32210K->32240K(349568K)
[19.947s][info][gc,metaspace ] GC(1075) Metaspace: 13489K->13489K(1062912K)
[19.947s][info][gc           ] GC(1075) Pause Young (Allocation Failure) 168M->31M(494M) 0.429ms
[19.947s][info][gc,cpu       ] GC(1075) User=0.00s Sys=0.00s Real=0.00s
[19.964s][info][gc,start     ] GC(1076) Pause Young (Allocation Failure)
[19.964s][info][gc,heap      ] GC(1076) DefNew: 140201K->423K(157248K)
[19.964s][info][gc,heap      ] GC(1076) Tenured: 32240K->32269K(349568K)
[19.964s][info][gc,metaspace ] GC(1076) Metaspace: 13489K->13489K(1062912K)
[19.964s][info][gc           ] GC(1076) Pause Young (Allocation Failure) 168M->31M(494M) 0.427ms
[19.964s][info][gc,cpu       ] GC(1076) User=0.00s Sys=0.00s Real=0.00s
[19.980s][info][gc,start     ] GC(1077) Pause Young (Allocation Failure)
[19.980s][info][gc,heap      ] GC(1077) DefNew: 140199K->420K(157248K)
[19.980s][info][gc,heap      ] GC(1077) Tenured: 32269K->32298K(349568K)
[19.980s][info][gc,metaspace ] GC(1077) Metaspace: 13489K->13489K(1062912K)
[19.980s][info][gc           ] GC(1077) Pause Young (Allocation Failure) 168M->31M(494M) 0.372ms
[19.980s][info][gc,cpu       ] GC(1077) User=0.00s Sys=0.00s Real=0.00s
[19.997s][info][gc,start     ] GC(1078) Pause Young (Allocation Failure)
[19.997s][info][gc,heap      ] GC(1078) DefNew: 140196K->419K(157248K)
[19.997s][info][gc,heap      ] GC(1078) Tenured: 32298K->32328K(349568K)
[19.997s][info][gc,metaspace ] GC(1078) Metaspace: 13489K->13489K(1062912K)
[19.997s][info][gc           ] GC(1078) Pause Young (Allocation Failure) 168M->31M(494M) 0.427ms
[19.997s][info][gc,cpu       ] GC(1078) User=0.00s Sys=0.00s Real=0.00s
[20.015s][info][gc,start     ] GC(1079) Pause Young (Allocation Failure)
[20.016s][info][gc,heap      ] GC(1079) DefNew: 140195K->428K(157248K)
[20.016s][info][gc,heap      ] GC(1079) Tenured: 32328K->32347K(349568K)
[20.016s][info][gc,metaspace ] GC(1079) Metaspace: 13489K->13489K(1062912K)
[20.016s][info][gc           ] GC(1079) Pause Young (Allocation Failure) 168M->32M(494M) 0.385ms
[20.016s][info][gc,cpu       ] GC(1079) User=0.00s Sys=0.00s Real=0.00s
[20.032s][info][gc,start     ] GC(1080) Pause Young (Allocation Failure)
[20.032s][info][gc,heap      ] GC(1080) DefNew: 140204K->427K(157248K)
[20.032s][info][gc,heap      ] GC(1080) Tenured: 32347K->32377K(349568K)
[20.032s][info][gc,metaspace ] GC(1080) Metaspace: 13489K->13489K(1062912K)
[20.032s][info][gc           ] GC(1080) Pause Young (Allocation Failure) 168M->32M(494M) 0.392ms
[20.032s][info][gc,cpu       ] GC(1080) User=0.00s Sys=0.00s Real=0.00s
[20.049s][info][gc,start     ] GC(1081) Pause Young (Allocation Failure)
[20.050s][info][gc,heap      ] GC(1081) DefNew: 140203K->426K(157248K)
[20.050s][info][gc,heap      ] GC(1081) Tenured: 32377K->32406K(349568K)
[20.050s][info][gc,metaspace ] GC(1081) Metaspace: 13489K->13489K(1062912K)
[20.050s][info][gc           ] GC(1081) Pause Young (Allocation Failure) 168M->32M(494M) 0.406ms
[20.050s][info][gc,cpu       ] GC(1081) User=0.00s Sys=0.00s Real=0.00s
[20.066s][info][gc,start     ] GC(1082) Pause Young (Allocation Failure)
[20.066s][info][gc,heap      ] GC(1082) DefNew: 140202K->424K(157248K)
[20.066s][info][gc,heap      ] GC(1082) Tenured: 32406K->32435K(349568K)
[20.066s][info][gc,metaspace ] GC(1082) Metaspace: 13489K->13489K(1062912K)
[20.066s][info][gc           ] GC(1082) Pause Young (Allocation Failure) 168M->32M(494M) 0.440ms
[20.066s][info][gc,cpu       ] GC(1082) User=0.00s Sys=0.00s Real=0.00s
[20.084s][info][gc,start     ] GC(1083) Pause Young (Allocation Failure)
[20.084s][info][gc,heap      ] GC(1083) DefNew: 140200K->421K(157248K)
[20.084s][info][gc,heap      ] GC(1083) Tenured: 32435K->32465K(349568K)
[20.084s][info][gc,metaspace ] GC(1083) Metaspace: 13489K->13489K(1062912K)
[20.084s][info][gc           ] GC(1083) Pause Young (Allocation Failure) 168M->32M(494M) 0.530ms
[20.084s][info][gc,cpu       ] GC(1083) User=0.00s Sys=0.00s Real=0.00s
[20.101s][info][gc,start     ] GC(1084) Pause Young (Allocation Failure)
[20.102s][info][gc,heap      ] GC(1084) DefNew: 140197K->419K(157248K)
[20.102s][info][gc,heap      ] GC(1084) Tenured: 32465K->32494K(349568K)
[20.102s][info][gc,metaspace ] GC(1084) Metaspace: 13489K->13489K(1062912K)
[20.102s][info][gc           ] GC(1084) Pause Young (Allocation Failure) 168M->32M(494M) 0.466ms
[20.102s][info][gc,cpu       ] GC(1084) User=0.00s Sys=0.00s Real=0.00s
[20.120s][info][gc,start     ] GC(1085) Pause Young (Allocation Failure)
[20.120s][info][gc,heap      ] GC(1085) DefNew: 140195K->428K(157248K)
[20.120s][info][gc,heap      ] GC(1085) Tenured: 32494K->32513K(349568K)
[20.120s][info][gc,metaspace ] GC(1085) Metaspace: 13489K->13489K(1062912K)
[20.120s][info][gc           ] GC(1085) Pause Young (Allocation Failure) 168M->32M(494M) 0.383ms
[20.120s][info][gc,cpu       ] GC(1085) User=0.00s Sys=0.00s Real=0.00s
[20.137s][info][gc,start     ] GC(1086) Pause Young (Allocation Failure)
[20.137s][info][gc,heap      ] GC(1086) DefNew: 140204K->427K(157248K)
[20.137s][info][gc,heap      ] GC(1086) Tenured: 32513K->32543K(349568K)
[20.137s][info][gc,metaspace ] GC(1086) Metaspace: 13489K->13489K(1062912K)
[20.137s][info][gc           ] GC(1086) Pause Young (Allocation Failure) 168M->32M(494M) 0.405ms
[20.137s][info][gc,cpu       ] GC(1086) User=0.00s Sys=0.00s Real=0.00s
[20.155s][info][gc,start     ] GC(1087) Pause Young (Allocation Failure)
[20.155s][info][gc,heap      ] GC(1087) DefNew: 140203K->426K(157248K)
[20.155s][info][gc,heap      ] GC(1087) Tenured: 32543K->32572K(349568K)
[20.155s][info][gc,metaspace ] GC(1087) Metaspace: 13489K->13489K(1062912K)
[20.155s][info][gc           ] GC(1087) Pause Young (Allocation Failure) 168M->32M(494M) 0.484ms
[20.155s][info][gc,cpu       ] GC(1087) User=0.00s Sys=0.00s Real=0.00s
[20.174s][info][gc,start     ] GC(1088) Pause Young (Allocation Failure)
[20.175s][info][gc,heap      ] GC(1088) DefNew: 140202K->425K(157248K)
[20.175s][info][gc,heap      ] GC(1088) Tenured: 32572K->32601K(349568K)
[20.175s][info][gc,metaspace ] GC(1088) Metaspace: 13489K->13489K(1062912K)
[20.175s][info][gc           ] GC(1088) Pause Young (Allocation Failure) 168M->32M(494M) 0.424ms
[20.175s][info][gc,cpu       ] GC(1088) User=0.00s Sys=0.00s Real=0.00s
[20.192s][info][gc,start     ] GC(1089) Pause Young (Allocation Failure)
[20.192s][info][gc,heap      ] GC(1089) DefNew: 140201K->423K(157248K)
[20.193s][info][gc,heap      ] GC(1089) Tenured: 32601K->32631K(349568K)
[20.193s][info][gc,metaspace ] GC(1089) Metaspace: 13489K->13489K(1062912K)
[20.193s][info][gc           ] GC(1089) Pause Young (Allocation Failure) 168M->32M(494M) 0.483ms
[20.193s][info][gc,cpu       ] GC(1089) User=0.00s Sys=0.00s Real=0.00s
[20.208s][info][gc,start     ] GC(1090) Pause Young (Allocation Failure)
[20.209s][info][gc,heap      ] GC(1090) DefNew: 140199K->420K(157248K)
[20.209s][info][gc,heap      ] GC(1090) Tenured: 32631K->32660K(349568K)
[20.209s][info][gc,metaspace ] GC(1090) Metaspace: 13489K->13489K(1062912K)
[20.209s][info][gc           ] GC(1090) Pause Young (Allocation Failure) 168M->32M(494M) 0.409ms
[20.209s][info][gc,cpu       ] GC(1090) User=0.00s Sys=0.00s Real=0.00s
[20.226s][info][gc,start     ] GC(1091) Pause Young (Allocation Failure)
[20.227s][info][gc,heap      ] GC(1091) DefNew: 140196K->419K(157248K)
[20.227s][info][gc,heap      ] GC(1091) Tenured: 32660K->32690K(349568K)
[20.227s][info][gc,metaspace ] GC(1091) Metaspace: 13489K->13489K(1062912K)
[20.227s][info][gc           ] GC(1091) Pause Young (Allocation Failure) 168M->32M(494M) 0.379ms
[20.227s][info][gc,cpu       ] GC(1091) User=0.00s Sys=0.00s Real=0.00s
[20.245s][info][gc,start     ] GC(1092) Pause Young (Allocation Failure)
[20.245s][info][gc,heap      ] GC(1092) DefNew: 140195K->428K(157248K)
[20.245s][info][gc,heap      ] GC(1092) Tenured: 32690K->32709K(349568K)
[20.245s][info][gc,metaspace ] GC(1092) Metaspace: 13489K->13489K(1062912K)
[20.245s][info][gc           ] GC(1092) Pause Young (Allocation Failure) 168M->32M(494M) 0.402ms
[20.245s][info][gc,cpu       ] GC(1092) User=0.00s Sys=0.00s Real=0.00s
[20.262s][info][gc,start     ] GC(1093) Pause Young (Allocation Failure)
[20.263s][info][gc,heap      ] GC(1093) DefNew: 140204K->427K(157248K)
[20.263s][info][gc,heap      ] GC(1093) Tenured: 32709K->32738K(349568K)
[20.263s][info][gc,metaspace ] GC(1093) Metaspace: 13489K->13489K(1062912K)
[20.263s][info][gc           ] GC(1093) Pause Young (Allocation Failure) 168M->32M(494M) 0.425ms
[20.263s][info][gc,cpu       ] GC(1093) User=0.00s Sys=0.00s Real=0.00s
[20.280s][info][gc,start     ] GC(1094) Pause Young (Allocation Failure)
[20.280s][info][gc,heap      ] GC(1094) DefNew: 140203K->426K(157248K)
[20.280s][info][gc,heap      ] GC(1094) Tenured: 32738K->32768K(349568K)
[20.280s][info][gc,metaspace ] GC(1094) Metaspace: 13489K->13489K(1062912K)
[20.280s][info][gc           ] GC(1094) Pause Young (Allocation Failure) 168M->32M(494M) 0.437ms
[20.280s][info][gc,cpu       ] GC(1094) User=0.00s Sys=0.00s Real=0.00s
[20.300s][info][gc,start     ] GC(1095) Pause Young (Allocation Failure)
[20.300s][info][gc,heap      ] GC(1095) DefNew: 140202K->424K(157248K)
[20.300s][info][gc,heap      ] GC(1095) Tenured: 32768K->32797K(349568K)
[20.300s][info][gc,metaspace ] GC(1095) Metaspace: 13489K->13489K(1062912K)
[20.301s][info][gc           ] GC(1095) Pause Young (Allocation Failure) 168M->32M(494M) 0.436ms
[20.301s][info][gc,cpu       ] GC(1095) User=0.00s Sys=0.00s Real=0.00s
[20.318s][info][gc,start     ] GC(1096) Pause Young (Allocation Failure)
[20.318s][info][gc,heap      ] GC(1096) DefNew: 140200K->422K(157248K)
[20.318s][info][gc,heap      ] GC(1096) Tenured: 32797K->32826K(349568K)
[20.319s][info][gc,metaspace ] GC(1096) Metaspace: 13489K->13489K(1062912K)
[20.319s][info][gc           ] GC(1096) Pause Young (Allocation Failure) 168M->32M(494M) 0.470ms
[20.319s][info][gc,cpu       ] GC(1096) User=0.00s Sys=0.00s Real=0.00s
[20.334s][info][gc,start     ] GC(1097) Pause Young (Allocation Failure)
[20.335s][info][gc,heap      ] GC(1097) DefNew: 140198K->419K(157248K)
[20.335s][info][gc,heap      ] GC(1097) Tenured: 32826K->32856K(349568K)
[20.335s][info][gc,metaspace ] GC(1097) Metaspace: 13489K->13489K(1062912K)
[20.335s][info][gc           ] GC(1097) Pause Young (Allocation Failure) 168M->32M(494M) 0.373ms
[20.335s][info][gc,cpu       ] GC(1097) User=0.00s Sys=0.00s Real=0.00s
[20.352s][info][gc,start     ] GC(1098) Pause Young (Allocation Failure)
[20.352s][info][gc,heap      ] GC(1098) DefNew: 140195K->419K(157248K)
[20.352s][info][gc,heap      ] GC(1098) Tenured: 32856K->32885K(349568K)
[20.352s][info][gc,metaspace ] GC(1098) Metaspace: 13489K->13489K(1062912K)
[20.352s][info][gc           ] GC(1098) Pause Young (Allocation Failure) 168M->32M(494M) 0.383ms
[20.352s][info][gc,cpu       ] GC(1098) User=0.00s Sys=0.00s Real=0.00s
[20.369s][info][gc,start     ] GC(1099) Pause Young (Allocation Failure)
[20.369s][info][gc,heap      ] GC(1099) DefNew: 140195K->428K(157248K)
[20.369s][info][gc,heap      ] GC(1099) Tenured: 32885K->32905K(349568K)
[20.369s][info][gc,metaspace ] GC(1099) Metaspace: 13489K->13489K(1062912K)
[20.369s][info][gc           ] GC(1099) Pause Young (Allocation Failure) 169M->32M(494M) 0.401ms
[20.369s][info][gc,cpu       ] GC(1099) User=0.00s Sys=0.00s Real=0.01s
[20.385s][info][gc,start     ] GC(1100) Pause Young (Allocation Failure)
[20.386s][info][gc,heap      ] GC(1100) DefNew: 140204K->426K(157248K)
[20.386s][info][gc,heap      ] GC(1100) Tenured: 32905K->32934K(349568K)
[20.386s][info][gc,metaspace ] GC(1100) Metaspace: 13489K->13489K(1062912K)
[20.386s][info][gc           ] GC(1100) Pause Young (Allocation Failure) 169M->32M(494M) 0.412ms
[20.386s][info][gc,cpu       ] GC(1100) User=0.00s Sys=0.00s Real=0.00s
[20.402s][info][gc,start     ] GC(1101) Pause Young (Allocation Failure)
[20.402s][info][gc,heap      ] GC(1101) DefNew: 140202K->425K(157248K)
[20.402s][info][gc,heap      ] GC(1101) Tenured: 32934K->32963K(349568K)
[20.402s][info][gc,metaspace ] GC(1101) Metaspace: 13489K->13489K(1062912K)
[20.402s][info][gc           ] GC(1101) Pause Young (Allocation Failure) 169M->32M(494M) 0.424ms
[20.402s][info][gc,cpu       ] GC(1101) User=0.00s Sys=0.00s Real=0.00s
[20.418s][info][gc,start     ] GC(1102) Pause Young (Allocation Failure)
[20.418s][info][gc,heap      ] GC(1102) DefNew: 140201K->423K(157248K)
[20.418s][info][gc,heap      ] GC(1102) Tenured: 32963K->32993K(349568K)
[20.418s][info][gc,metaspace ] GC(1102) Metaspace: 13489K->13489K(1062912K)
[20.418s][info][gc           ] GC(1102) Pause Young (Allocation Failure) 169M->32M(494M) 0.465ms
[20.418s][info][gc,cpu       ] GC(1102) User=0.00s Sys=0.00s Real=0.00s
[20.435s][info][gc,start     ] GC(1103) Pause Young (Allocation Failure)
[20.435s][info][gc,heap      ] GC(1103) DefNew: 140199K->420K(157248K)
[20.435s][info][gc,heap      ] GC(1103) Tenured: 32993K->33022K(349568K)
[20.435s][info][gc,metaspace ] GC(1103) Metaspace: 13489K->13489K(1062912K)
[20.435s][info][gc           ] GC(1103) Pause Young (Allocation Failure) 169M->32M(494M) 0.392ms
[20.435s][info][gc,cpu       ] GC(1103) User=0.00s Sys=0.00s Real=0.00s
[20.453s][info][gc,start     ] GC(1104) Pause Young (Allocation Failure)
[20.453s][info][gc,heap      ] GC(1104) DefNew: 140196K->419K(157248K)
[20.453s][info][gc,heap      ] GC(1104) Tenured: 33022K->33051K(349568K)
[20.453s][info][gc,metaspace ] GC(1104) Metaspace: 13489K->13489K(1062912K)
[20.453s][info][gc           ] GC(1104) Pause Young (Allocation Failure) 169M->32M(494M) 0.425ms
[20.453s][info][gc,cpu       ] GC(1104) User=0.00s Sys=0.00s Real=0.00s
[20.472s][info][gc,start     ] GC(1105) Pause Young (Allocation Failure)
[20.473s][info][gc,heap      ] GC(1105) DefNew: 140195K->428K(157248K)
[20.473s][info][gc,heap      ] GC(1105) Tenured: 33051K->33071K(349568K)
[20.473s][info][gc,metaspace ] GC(1105) Metaspace: 13489K->13489K(1062912K)
[20.473s][info][gc           ] GC(1105) Pause Young (Allocation Failure) 169M->32M(494M) 0.405ms
[20.473s][info][gc,cpu       ] GC(1105) User=0.00s Sys=0.00s Real=0.00s
[20.491s][info][gc,start     ] GC(1106) Pause Young (Allocation Failure)
[20.492s][info][gc,heap      ] GC(1106) DefNew: 140204K->427K(157248K)
[20.492s][info][gc,heap      ] GC(1106) Tenured: 33071K->33100K(349568K)
[20.492s][info][gc,metaspace ] GC(1106) Metaspace: 13489K->13489K(1062912K)
[20.492s][info][gc           ] GC(1106) Pause Young (Allocation Failure) 169M->32M(494M) 0.484ms
[20.492s][info][gc,cpu       ] GC(1106) User=0.00s Sys=0.00s Real=0.00s
[20.510s][info][gc,start     ] GC(1107) Pause Young (Allocation Failure)
[20.510s][info][gc,heap      ] GC(1107) DefNew: 140203K->426K(157248K)
[20.510s][info][gc,heap      ] GC(1107) Tenured: 33100K->33130K(349568K)
[20.510s][info][gc,metaspace ] GC(1107) Metaspace: 13489K->13489K(1062912K)
[20.510s][info][gc           ] GC(1107) Pause Young (Allocation Failure) 169M->32M(494M) 0.540ms
[20.511s][info][gc,cpu       ] GC(1107) User=0.00s Sys=0.00s Real=0.00s
[20.529s][info][gc,start     ] GC(1108) Pause Young (Allocation Failure)
[20.530s][info][gc,heap      ] GC(1108) DefNew: 140202K->425K(157248K)
[20.530s][info][gc,heap      ] GC(1108) Tenured: 33130K->33159K(349568K)
[20.530s][info][gc,metaspace ] GC(1108) Metaspace: 13489K->13489K(1062912K)
[20.530s][info][gc           ] GC(1108) Pause Young (Allocation Failure) 169M->32M(494M) 0.535ms
[20.530s][info][gc,cpu       ] GC(1108) User=0.00s Sys=0.00s Real=0.00s
[20.548s][info][gc,start     ] GC(1109) Pause Young (Allocation Failure)
[20.548s][info][gc,heap      ] GC(1109) DefNew: 140201K->422K(157248K)
[20.548s][info][gc,heap      ] GC(1109) Tenured: 33159K->33188K(349568K)
[20.548s][info][gc,metaspace ] GC(1109) Metaspace: 13489K->13489K(1062912K)
[20.548s][info][gc           ] GC(1109) Pause Young (Allocation Failure) 169M->32M(494M) 0.484ms
[20.548s][info][gc,cpu       ] GC(1109) User=0.00s Sys=0.00s Real=0.00s
[20.565s][info][gc,start     ] GC(1110) Pause Young (Allocation Failure)
[20.565s][info][gc,heap      ] GC(1110) DefNew: 140198K->420K(157248K)
[20.565s][info][gc,heap      ] GC(1110) Tenured: 33188K->33218K(349568K)
[20.565s][info][gc,metaspace ] GC(1110) Metaspace: 13489K->13489K(1062912K)
[20.565s][info][gc           ] GC(1110) Pause Young (Allocation Failure) 169M->32M(494M) 0.491ms
[20.565s][info][gc,cpu       ] GC(1110) User=0.00s Sys=0.00s Real=0.00s
[20.583s][info][gc,start     ] GC(1111) Pause Young (Allocation Failure)
[20.583s][info][gc,heap      ] GC(1111) DefNew: 140196K->420K(157248K)
[20.583s][info][gc,heap      ] GC(1111) Tenured: 33218K->33247K(349568K)
[20.583s][info][gc,metaspace ] GC(1111) Metaspace: 13500K->13500K(1062912K)
[20.583s][info][gc           ] GC(1111) Pause Young (Allocation Failure) 169M->32M(494M) 0.390ms
[20.583s][info][gc,cpu       ] GC(1111) User=0.00s Sys=0.00s Real=0.00s
[20.615s][info][gc,start     ] GC(1112) Pause Young (Allocation Failure)
[20.616s][info][gc,heap      ] GC(1112) DefNew: 140196K->429K(157248K)
[20.616s][info][gc,heap      ] GC(1112) Tenured: 33247K->33267K(349568K)
[20.616s][info][gc,metaspace ] GC(1112) Metaspace: 13503K->13503K(1062912K)
[20.616s][info][gc           ] GC(1112) Pause Young (Allocation Failure) 169M->32M(494M) 0.931ms
[20.616s][info][gc,cpu       ] GC(1112) User=0.00s Sys=0.00s Real=0.00s
[20.644s][info][gc,start     ] GC(1113) Pause Young (Allocation Failure)
[20.644s][info][gc,heap      ] GC(1113) DefNew: 140205K->428K(157248K)
[20.644s][info][gc,heap      ] GC(1113) Tenured: 33267K->33296K(349568K)
[20.644s][info][gc,metaspace ] GC(1113) Metaspace: 13503K->13503K(1062912K)
[20.644s][info][gc           ] GC(1113) Pause Young (Allocation Failure) 169M->32M(494M) 0.536ms
[20.644s][info][gc,cpu       ] GC(1113) User=0.00s Sys=0.00s Real=0.00s
[20.666s][info][gc,start     ] GC(1114) Pause Young (Allocation Failure)
[20.667s][info][gc,heap      ] GC(1114) DefNew: 140204K->427K(157248K)
[20.667s][info][gc,heap      ] GC(1114) Tenured: 33296K->33325K(349568K)
[20.667s][info][gc,metaspace ] GC(1114) Metaspace: 13503K->13503K(1062912K)
[20.667s][info][gc           ] GC(1114) Pause Young (Allocation Failure) 169M->32M(494M) 0.518ms
[20.667s][info][gc,cpu       ] GC(1114) User=0.00s Sys=0.00s Real=0.00s
[20.683s][info][gc,start     ] GC(1115) Pause Young (Allocation Failure)
[20.683s][info][gc,heap      ] GC(1115) DefNew: 140203K->425K(157248K)
[20.683s][info][gc,heap      ] GC(1115) Tenured: 33325K->33355K(349568K)
[20.683s][info][gc,metaspace ] GC(1115) Metaspace: 13503K->13503K(1062912K)
[20.683s][info][gc           ] GC(1115) Pause Young (Allocation Failure) 169M->32M(494M) 0.449ms
[20.683s][info][gc,cpu       ] GC(1115) User=0.00s Sys=0.00s Real=0.00s
[20.697s][info][gc,start     ] GC(1116) Pause Young (Allocation Failure)
[20.698s][info][gc,heap      ] GC(1116) DefNew: 140201K->421K(157248K)
[20.698s][info][gc,heap      ] GC(1116) Tenured: 33355K->33384K(349568K)
[20.698s][info][gc,metaspace ] GC(1116) Metaspace: 13503K->13503K(1062912K)
[20.698s][info][gc           ] GC(1116) Pause Young (Allocation Failure) 169M->33M(494M) 0.433ms
[20.698s][info][gc,cpu       ] GC(1116) User=0.00s Sys=0.00s Real=0.00s
[20.715s][info][gc,start     ] GC(1117) Pause Young (Allocation Failure)
[20.715s][info][gc,heap      ] GC(1117) DefNew: 140197K->420K(157248K)
[20.715s][info][gc,heap      ] GC(1117) Tenured: 33384K->33413K(349568K)
[20.715s][info][gc,metaspace ] GC(1117) Metaspace: 13503K->13503K(1062912K)
[20.715s][info][gc           ] GC(1117) Pause Young (Allocation Failure) 169M->33M(494M) 0.482ms
[20.715s][info][gc,cpu       ] GC(1117) User=0.00s Sys=0.00s Real=0.00s
[20.733s][info][gc,start     ] GC(1118) Pause Young (Allocation Failure)
[20.733s][info][gc,heap      ] GC(1118) DefNew: 140196K->429K(157248K)
[20.733s][info][gc,heap      ] GC(1118) Tenured: 33413K->33433K(349568K)
[20.733s][info][gc,metaspace ] GC(1118) Metaspace: 13503K->13503K(1062912K)
[20.733s][info][gc           ] GC(1118) Pause Young (Allocation Failure) 169M->33M(494M) 0.461ms
[20.733s][info][gc,cpu       ] GC(1118) User=0.00s Sys=0.00s Real=0.00s
[20.750s][info][gc,start     ] GC(1119) Pause Young (Allocation Failure)
[20.750s][info][gc,heap      ] GC(1119) DefNew: 140205K->428K(157248K)
[20.750s][info][gc,heap      ] GC(1119) Tenured: 33433K->33462K(349568K)
[20.750s][info][gc,metaspace ] GC(1119) Metaspace: 13503K->13503K(1062912K)
[20.750s][info][gc           ] GC(1119) Pause Young (Allocation Failure) 169M->33M(494M) 0.521ms
[20.750s][info][gc,cpu       ] GC(1119) User=0.00s Sys=0.00s Real=0.00s
[20.766s][info][gc,start     ] GC(1120) Pause Young (Allocation Failure)
[20.767s][info][gc,heap      ] GC(1120) DefNew: 140204K->427K(157248K)
[20.767s][info][gc,heap      ] GC(1120) Tenured: 33462K->33492K(349568K)
[20.767s][info][gc,metaspace ] GC(1120) Metaspace: 13503K->13503K(1062912K)
[20.767s][info][gc           ] GC(1120) Pause Young (Allocation Failure) 169M->33M(494M) 0.464ms
[20.767s][info][gc,cpu       ] GC(1120) User=0.00s Sys=0.00s Real=0.00s
[20.783s][info][gc,start     ] GC(1121) Pause Young (Allocation Failure)
[20.783s][info][gc,heap      ] GC(1121) DefNew: 140203K->426K(157248K)
[20.783s][info][gc,heap      ] GC(1121) Tenured: 33492K->33521K(349568K)
[20.783s][info][gc,metaspace ] GC(1121) Metaspace: 13503K->13503K(1062912K)
[20.783s][info][gc           ] GC(1121) Pause Young (Allocation Failure) 169M->33M(494M) 0.477ms
[20.783s][info][gc,cpu       ] GC(1121) User=0.00s Sys=0.00s Real=0.00s
[20.799s][info][gc,start     ] GC(1122) Pause Young (Allocation Failure)
[20.800s][info][gc,heap      ] GC(1122) DefNew: 140202K->424K(157248K)
[20.800s][info][gc,heap      ] GC(1122) Tenured: 33521K->33550K(349568K)
[20.800s][info][gc,metaspace ] GC(1122) Metaspace: 13503K->13503K(1062912K)
[20.800s][info][gc           ] GC(1122) Pause Young (Allocation Failure) 169M->33M(494M) 0.576ms
[20.800s][info][gc,cpu       ] GC(1122) User=0.00s Sys=0.00s Real=0.00s
[20.815s][info][gc,start     ] GC(1123) Pause Young (Allocation Failure)
[20.815s][info][gc,heap      ] GC(1123) DefNew: 140200K->421K(157248K)
[20.815s][info][gc,heap      ] GC(1123) Tenured: 33550K->33580K(349568K)
[20.815s][info][gc,metaspace ] GC(1123) Metaspace: 13503K->13503K(1062912K)
[20.815s][info][gc           ] GC(1123) Pause Young (Allocation Failure) 169M->33M(494M) 0.380ms
[20.815s][info][gc,cpu       ] GC(1123) User=0.00s Sys=0.00s Real=0.00s
[20.831s][info][gc,start     ] GC(1124) Pause Young (Allocation Failure)
[20.831s][info][gc,heap      ] GC(1124) DefNew: 140197K->420K(157248K)
[20.831s][info][gc,heap      ] GC(1124) Tenured: 33580K->33609K(349568K)
[20.831s][info][gc,metaspace ] GC(1124) Metaspace: 13503K->13503K(1062912K)
[20.831s][info][gc           ] GC(1124) Pause Young (Allocation Failure) 169M->33M(494M) 0.421ms
[20.831s][info][gc,cpu       ] GC(1124) User=0.00s Sys=0.00s Real=0.00s
[20.848s][info][gc,start     ] GC(1125) Pause Young (Allocation Failure)
[20.849s][info][gc,heap      ] GC(1125) DefNew: 140196K->429K(157248K)
[20.849s][info][gc,heap      ] GC(1125) Tenured: 33609K->33629K(349568K)
[20.849s][info][gc,metaspace ] GC(1125) Metaspace: 13503K->13503K(1062912K)
[20.849s][info][gc           ] GC(1125) Pause Young (Allocation Failure) 169M->33M(494M) 0.510ms
[20.849s][info][gc,cpu       ] GC(1125) User=0.00s Sys=0.00s Real=0.00s
[20.868s][info][gc,start     ] GC(1126) Pause Young (Allocation Failure)
[20.869s][info][gc,heap      ] GC(1126) DefNew: 140205K->427K(157248K)
[20.869s][info][gc,heap      ] GC(1126) Tenured: 33629K->33659K(349568K)
[20.869s][info][gc,metaspace ] GC(1126) Metaspace: 13503K->13503K(1062912K)
[20.869s][info][gc           ] GC(1126) Pause Young (Allocation Failure) 169M->33M(494M) 0.562ms
[20.869s][info][gc,cpu       ] GC(1126) User=0.00s Sys=0.00s Real=0.00s
[20.888s][info][gc,start     ] GC(1127) Pause Young (Allocation Failure)
[20.889s][info][gc,heap      ] GC(1127) DefNew: 140203K->426K(157248K)
[20.889s][info][gc,heap      ] GC(1127) Tenured: 33659K->33688K(349568K)
[20.889s][info][gc,metaspace ] GC(1127) Metaspace: 13503K->13503K(1062912K)
[20.889s][info][gc           ] GC(1127) Pause Young (Allocation Failure) 169M->33M(494M) 0.453ms
[20.889s][info][gc,cpu       ] GC(1127) User=0.00s Sys=0.00s Real=0.00s
[20.905s][info][gc,start     ] GC(1128) Pause Young (Allocation Failure)
[20.905s][info][gc,heap      ] GC(1128) DefNew: 140202K->424K(157248K)
[20.905s][info][gc,heap      ] GC(1128) Tenured: 33688K->33718K(349568K)
[20.905s][info][gc,metaspace ] GC(1128) Metaspace: 13503K->13503K(1062912K)
[20.905s][info][gc           ] GC(1128) Pause Young (Allocation Failure) 169M->33M(494M) 0.482ms
[20.905s][info][gc,cpu       ] GC(1128) User=0.00s Sys=0.00s Real=0.00s
[20.924s][info][gc,start     ] GC(1129) Pause Young (Allocation Failure)
[20.924s][info][gc,heap      ] GC(1129) DefNew: 140200K->421K(157248K)
[20.924s][info][gc,heap      ] GC(1129) Tenured: 33718K->33747K(349568K)
[20.924s][info][gc,metaspace ] GC(1129) Metaspace: 13503K->13503K(1062912K)
[20.924s][info][gc           ] GC(1129) Pause Young (Allocation Failure) 169M->33M(494M) 0.648ms
[20.924s][info][gc,cpu       ] GC(1129) User=0.00s Sys=0.00s Real=0.00s
[20.942s][info][gc,start     ] GC(1130) Pause Young (Allocation Failure)
[20.942s][info][gc,heap      ] GC(1130) DefNew: 140197K->419K(157248K)
[20.942s][info][gc,heap      ] GC(1130) Tenured: 33747K->33776K(349568K)
[20.942s][info][gc,metaspace ] GC(1130) Metaspace: 13503K->13503K(1062912K)
[20.942s][info][gc           ] GC(1130) Pause Young (Allocation Failure) 169M->33M(494M) 0.423ms
[20.942s][info][gc,cpu       ] GC(1130) User=0.00s Sys=0.00s Real=0.00s
[20.962s][info][gc,start     ] GC(1131) Pause Young (Allocation Failure)
[20.963s][info][gc,heap      ] GC(1131) DefNew: 140195K->428K(157248K)
[20.963s][info][gc,heap      ] GC(1131) Tenured: 33776K->33796K(349568K)
[20.963s][info][gc,metaspace ] GC(1131) Metaspace: 13503K->13503K(1062912K)
[20.963s][info][gc           ] GC(1131) Pause Young (Allocation Failure) 169M->33M(494M) 0.387ms
[20.963s][info][gc,cpu       ] GC(1131) User=0.00s Sys=0.00s Real=0.00s
[20.981s][info][gc,start     ] GC(1132) Pause Young (Allocation Failure)
[20.981s][info][gc,heap      ] GC(1132) DefNew: 140204K->427K(157248K)
[20.982s][info][gc,heap      ] GC(1132) Tenured: 33796K->33825K(349568K)
[20.982s][info][gc,metaspace ] GC(1132) Metaspace: 13503K->13503K(1062912K)
[20.982s][info][gc           ] GC(1132) Pause Young (Allocation Failure) 169M->33M(494M) 0.442ms
[20.982s][info][gc,cpu       ] GC(1132) User=0.00s Sys=0.00s Real=0.00s
[21.000s][info][gc,start     ] GC(1133) Pause Young (Allocation Failure)
[21.000s][info][gc,heap      ] GC(1133) DefNew: 140203K->426K(157248K)
[21.000s][info][gc,heap      ] GC(1133) Tenured: 33825K->33855K(349568K)
[21.000s][info][gc,metaspace ] GC(1133) Metaspace: 13503K->13503K(1062912K)
[21.000s][info][gc           ] GC(1133) Pause Young (Allocation Failure) 169M->33M(494M) 0.494ms
[21.000s][info][gc,cpu       ] GC(1133) User=0.00s Sys=0.00s Real=0.00s
[21.020s][info][gc,start     ] GC(1134) Pause Young (Allocation Failure)
[21.020s][info][gc,heap      ] GC(1134) DefNew: 140202K->425K(157248K)
[21.020s][info][gc,heap      ] GC(1134) Tenured: 33855K->33884K(349568K)
[21.020s][info][gc,metaspace ] GC(1134) Metaspace: 13503K->13503K(1062912K)
[21.020s][info][gc           ] GC(1134) Pause Young (Allocation Failure) 169M->33M(494M) 0.501ms
[21.020s][info][gc,cpu       ] GC(1134) User=0.00s Sys=0.00s Real=0.00s
[21.039s][info][gc,start     ] GC(1135) Pause Young (Allocation Failure)
[21.040s][info][gc,heap      ] GC(1135) DefNew: 140201K->423K(157248K)
[21.040s][info][gc,heap      ] GC(1135) Tenured: 33884K->33913K(349568K)
[21.040s][info][gc,metaspace ] GC(1135) Metaspace: 13503K->13503K(1062912K)
[21.040s][info][gc           ] GC(1135) Pause Young (Allocation Failure) 170M->33M(494M) 0.685ms
[21.040s][info][gc,cpu       ] GC(1135) User=0.00s Sys=0.00s Real=0.01s
[21.057s][info][gc,start     ] GC(1136) Pause Young (Allocation Failure)
[21.057s][info][gc,heap      ] GC(1136) DefNew: 140199K->420K(157248K)
[21.057s][info][gc,heap      ] GC(1136) Tenured: 33913K->33943K(349568K)
[21.057s][info][gc,metaspace ] GC(1136) Metaspace: 13503K->13503K(1062912K)
[21.057s][info][gc           ] GC(1136) Pause Young (Allocation Failure) 170M->33M(494M) 0.390ms
[21.058s][info][gc,cpu       ] GC(1136) User=0.00s Sys=0.00s Real=0.00s
[21.075s][info][gc,start     ] GC(1137) Pause Young (Allocation Failure)
[21.076s][info][gc,heap      ] GC(1137) DefNew: 140196K->419K(157248K)
[21.076s][info][gc,heap      ] GC(1137) Tenured: 33943K->33972K(349568K)
[21.076s][info][gc,metaspace ] GC(1137) Metaspace: 13503K->13503K(1062912K)
[21.076s][info][gc           ] GC(1137) Pause Young (Allocation Failure) 170M->33M(494M) 0.380ms
[21.076s][info][gc,cpu       ] GC(1137) User=0.00s Sys=0.00s Real=0.00s
[21.094s][info][gc,start     ] GC(1138) Pause Young (Allocation Failure)
[21.095s][info][gc,heap      ] GC(1138) DefNew: 140195K->428K(157248K)
[21.095s][info][gc,heap      ] GC(1138) Tenured: 33972K->33992K(349568K)
[21.095s][info][gc,metaspace ] GC(1138) Metaspace: 13503K->13503K(1062912K)
[21.095s][info][gc           ] GC(1138) Pause Young (Allocation Failure) 170M->33M(494M) 0.405ms
[21.095s][info][gc,cpu       ] GC(1138) User=0.00s Sys=0.00s Real=0.00s
[21.112s][info][gc,start     ] GC(1139) Pause Young (Allocation Failure)
[21.113s][info][gc,heap      ] GC(1139) DefNew: 140204K->427K(157248K)
[21.113s][info][gc,heap      ] GC(1139) Tenured: 33992K->34021K(349568K)
[21.113s][info][gc,metaspace ] GC(1139) Metaspace: 13503K->13503K(1062912K)
[21.113s][info][gc           ] GC(1139) Pause Young (Allocation Failure) 170M->33M(494M) 0.461ms
[21.113s][info][gc,cpu       ] GC(1139) User=0.00s Sys=0.00s Real=0.00s
[21.131s][info][gc,start     ] GC(1140) Pause Young (Allocation Failure)
[21.131s][info][gc,heap      ] GC(1140) DefNew: 140203K->426K(157248K)
[21.131s][info][gc,heap      ] GC(1140) Tenured: 34021K->34050K(349568K)
[21.132s][info][gc,metaspace ] GC(1140) Metaspace: 13503K->13503K(1062912K)
[21.132s][info][gc           ] GC(1140) Pause Young (Allocation Failure) 170M->33M(494M) 0.426ms
[21.132s][info][gc,cpu       ] GC(1140) User=0.00s Sys=0.00s Real=0.00s
[21.148s][info][gc,start     ] GC(1141) Pause Young (Allocation Failure)
[21.148s][info][gc,heap      ] GC(1141) DefNew: 140202K->424K(157248K)
[21.148s][info][gc,heap      ] GC(1141) Tenured: 34050K->34080K(349568K)
[21.148s][info][gc,metaspace ] GC(1141) Metaspace: 13503K->13503K(1062912K)
[21.148s][info][gc           ] GC(1141) Pause Young (Allocation Failure) 170M->33M(494M) 0.442ms
[21.148s][info][gc,cpu       ] GC(1141) User=0.00s Sys=0.00s Real=0.00s
[21.165s][info][gc,start     ] GC(1142) Pause Young (Allocation Failure)
[21.165s][info][gc,heap      ] GC(1142) DefNew: 140200K->422K(157248K)
[21.165s][info][gc,heap      ] GC(1142) Tenured: 34080K->34109K(349568K)
[21.165s][info][gc,metaspace ] GC(1142) Metaspace: 13503K->13503K(1062912K)
[21.165s][info][gc           ] GC(1142) Pause Young (Allocation Failure) 170M->33M(494M) 0.425ms
[21.165s][info][gc,cpu       ] GC(1142) User=0.00s Sys=0.00s Real=0.00s
[21.181s][info][gc,start     ] GC(1143) Pause Young (Allocation Failure)
[21.182s][info][gc,heap      ] GC(1143) DefNew: 140198K->419K(157248K)
[21.182s][info][gc,heap      ] GC(1143) Tenured: 34109K->34138K(349568K)
[21.182s][info][gc,metaspace ] GC(1143) Metaspace: 13503K->13503K(1062912K)
[21.182s][info][gc           ] GC(1143) Pause Young (Allocation Failure) 170M->33M(494M) 0.375ms
[21.182s][info][gc,cpu       ] GC(1143) User=0.00s Sys=0.00s Real=0.00s
[21.199s][info][gc,start     ] GC(1144) Pause Young (Allocation Failure)
[21.199s][info][gc,heap      ] GC(1144) DefNew: 140195K->419K(157248K)
[21.199s][info][gc,heap      ] GC(1144) Tenured: 34138K->34168K(349568K)
[21.199s][info][gc,metaspace ] GC(1144) Metaspace: 13503K->13503K(1062912K)
[21.199s][info][gc           ] GC(1144) Pause Young (Allocation Failure) 170M->33M(494M) 0.578ms
[21.199s][info][gc,cpu       ] GC(1144) User=0.00s Sys=0.00s Real=0.01s
[21.218s][info][gc,start     ] GC(1145) Pause Young (Allocation Failure)
[21.219s][info][gc,heap      ] GC(1145) DefNew: 140195K->428K(157248K)
[21.219s][info][gc,heap      ] GC(1145) Tenured: 34168K->34187K(349568K)
[21.219s][info][gc,metaspace ] GC(1145) Metaspace: 13503K->13503K(1062912K)
[21.219s][info][gc           ] GC(1145) Pause Young (Allocation Failure) 170M->33M(494M) 0.619ms
[21.219s][info][gc,cpu       ] GC(1145) User=0.00s Sys=0.00s Real=0.00s
[21.236s][info][gc,start     ] GC(1146) Pause Young (Allocation Failure)
[21.236s][info][gc,heap      ] GC(1146) DefNew: 140204K->426K(157248K)
[21.236s][info][gc,heap      ] GC(1146) Tenured: 34187K->34217K(349568K)
[21.236s][info][gc,metaspace ] GC(1146) Metaspace: 13503K->13503K(1062912K)
[21.236s][info][gc           ] GC(1146) Pause Young (Allocation Failure) 170M->33M(494M) 0.409ms
[21.236s][info][gc,cpu       ] GC(1146) User=0.00s Sys=0.00s Real=0.00s
[21.251s][info][gc,start     ] GC(1147) Pause Young (Allocation Failure)
[21.251s][info][gc,heap      ] GC(1147) DefNew: 140202K->425K(157248K)
[21.251s][info][gc,heap      ] GC(1147) Tenured: 34217K->34246K(349568K)
[21.251s][info][gc,metaspace ] GC(1147) Metaspace: 13503K->13503K(1062912K)
[21.251s][info][gc           ] GC(1147) Pause Young (Allocation Failure) 170M->33M(494M) 0.394ms
[21.251s][info][gc,cpu       ] GC(1147) User=0.00s Sys=0.00s Real=0.00s
[21.267s][info][gc,start     ] GC(1148) Pause Young (Allocation Failure)
[21.267s][info][gc,heap      ] GC(1148) DefNew: 140201K->423K(157248K)
[21.267s][info][gc,heap      ] GC(1148) Tenured: 34246K->34275K(349568K)
[21.267s][info][gc,metaspace ] GC(1148) Metaspace: 13503K->13503K(1062912K)
[21.267s][info][gc           ] GC(1148) Pause Young (Allocation Failure) 170M->33M(494M) 0.413ms
[21.267s][info][gc,cpu       ] GC(1148) User=0.01s Sys=0.00s Real=0.00s
[21.281s][info][gc,start     ] GC(1149) Pause Young (Allocation Failure)
[21.281s][info][gc,heap      ] GC(1149) DefNew: 140199K->420K(157248K)
[21.281s][info][gc,heap      ] GC(1149) Tenured: 34275K->34305K(349568K)
[21.281s][info][gc,metaspace ] GC(1149) Metaspace: 13503K->13503K(1062912K)
[21.281s][info][gc           ] GC(1149) Pause Young (Allocation Failure) 170M->33M(494M) 0.393ms
[21.281s][info][gc,cpu       ] GC(1149) User=0.00s Sys=0.00s Real=0.00s
[21.296s][info][gc,start     ] GC(1150) Pause Young (Allocation Failure)
[21.297s][info][gc,heap      ] GC(1150) DefNew: 140196K->419K(157248K)
[21.297s][info][gc,heap      ] GC(1150) Tenured: 34305K->34334K(349568K)
[21.297s][info][gc,metaspace ] GC(1150) Metaspace: 13503K->13503K(1062912K)
[21.297s][info][gc           ] GC(1150) Pause Young (Allocation Failure) 170M->33M(494M) 0.424ms
[21.297s][info][gc,cpu       ] GC(1150) User=0.00s Sys=0.00s Real=0.00s
[21.313s][info][gc,start     ] GC(1151) Pause Young (Allocation Failure)
[21.313s][info][gc,heap      ] GC(1151) DefNew: 140195K->428K(157248K)
[21.313s][info][gc,heap      ] GC(1151) Tenured: 34334K->34353K(349568K)
[21.313s][info][gc,metaspace ] GC(1151) Metaspace: 13503K->13503K(1062912K)
[21.313s][info][gc           ] GC(1151) Pause Young (Allocation Failure) 170M->33M(494M) 0.431ms
[21.313s][info][gc,cpu       ] GC(1151) User=0.00s Sys=0.00s Real=0.00s
[21.332s][info][gc,start     ] GC(1152) Pause Young (Allocation Failure)
[21.332s][info][gc,heap      ] GC(1152) DefNew: 140204K->427K(157248K)
[21.332s][info][gc,heap      ] GC(1152) Tenured: 34353K->34383K(349568K)
[21.332s][info][gc,metaspace ] GC(1152) Metaspace: 13503K->13503K(1062912K)
[21.332s][info][gc           ] GC(1152) Pause Young (Allocation Failure) 170M->33M(494M) 0.409ms
[21.332s][info][gc,cpu       ] GC(1152) User=0.00s Sys=0.00s Real=0.00s
[21.349s][info][gc,start     ] GC(1153) Pause Young (Allocation Failure)
[21.349s][info][gc,heap      ] GC(1153) DefNew: 140203K->426K(157248K)
[21.349s][info][gc,heap      ] GC(1153) Tenured: 34383K->34412K(349568K)
[21.349s][info][gc,metaspace ] GC(1153) Metaspace: 13503K->13503K(1062912K)
[21.349s][info][gc           ] GC(1153) Pause Young (Allocation Failure) 170M->34M(494M) 0.498ms
[21.349s][info][gc,cpu       ] GC(1153) User=0.00s Sys=0.00s Real=0.01s
[21.368s][info][gc,start     ] GC(1154) Pause Young (Allocation Failure)
[21.369s][info][gc,heap      ] GC(1154) DefNew: 140202K->425K(157248K)
[21.369s][info][gc,heap      ] GC(1154) Tenured: 34412K->34441K(349568K)
[21.369s][info][gc,metaspace ] GC(1154) Metaspace: 13503K->13503K(1062912K)
[21.369s][info][gc           ] GC(1154) Pause Young (Allocation Failure) 170M->34M(494M) 0.545ms
[21.369s][info][gc,cpu       ] GC(1154) User=0.00s Sys=0.00s Real=0.00s
[21.387s][info][gc,start     ] GC(1155) Pause Young (Allocation Failure)
[21.388s][info][gc,heap      ] GC(1155) DefNew: 140201K->422K(157248K)
[21.388s][info][gc,heap      ] GC(1155) Tenured: 34441K->34471K(349568K)
[21.388s][info][gc,metaspace ] GC(1155) Metaspace: 13503K->13503K(1062912K)
[21.388s][info][gc           ] GC(1155) Pause Young (Allocation Failure) 170M->34M(494M) 0.651ms
[21.388s][info][gc,cpu       ] GC(1155) User=0.00s Sys=0.00s Real=0.00s
[21.405s][info][gc,start     ] GC(1156) Pause Young (Allocation Failure)
[21.405s][info][gc,heap      ] GC(1156) DefNew: 140198K->420K(157248K)
[21.405s][info][gc,heap      ] GC(1156) Tenured: 34471K->34500K(349568K)
[21.405s][info][gc,metaspace ] GC(1156) Metaspace: 13503K->13503K(1062912K)
[21.405s][info][gc           ] GC(1156) Pause Young (Allocation Failure) 170M->34M(494M) 0.422ms
[21.405s][info][gc,cpu       ] GC(1156) User=0.00s Sys=0.00s Real=0.00s
[21.421s][info][gc,start     ] GC(1157) Pause Young (Allocation Failure)
[21.422s][info][gc,heap      ] GC(1157) DefNew: 140196K->419K(157248K)
[21.422s][info][gc,heap      ] GC(1157) Tenured: 34500K->34530K(349568K)
[21.422s][info][gc,metaspace ] GC(1157) Metaspace: 13503K->13503K(1062912K)
[21.422s][info][gc           ] GC(1157) Pause Young (Allocation Failure) 170M->34M(494M) 0.415ms
[21.422s][info][gc,cpu       ] GC(1157) User=0.00s Sys=0.00s Real=0.00s
[21.438s][info][gc,start     ] GC(1158) Pause Young (Allocation Failure)
[21.438s][info][gc,heap      ] GC(1158) DefNew: 140195K->428K(157248K)
[21.438s][info][gc,heap      ] GC(1158) Tenured: 34530K->34549K(349568K)
[21.438s][info][gc,metaspace ] GC(1158) Metaspace: 13503K->13503K(1062912K)
[21.438s][info][gc           ] GC(1158) Pause Young (Allocation Failure) 170M->34M(494M) 0.364ms
[21.438s][info][gc,cpu       ] GC(1158) User=0.00s Sys=0.00s Real=0.00s
[21.454s][info][gc,start     ] GC(1159) Pause Young (Allocation Failure)
[21.454s][info][gc,heap      ] GC(1159) DefNew: 140204K->427K(157248K)
[21.454s][info][gc,heap      ] GC(1159) Tenured: 34549K->34578K(349568K)
[21.454s][info][gc,metaspace ] GC(1159) Metaspace: 13503K->13503K(1062912K)
[21.454s][info][gc           ] GC(1159) Pause Young (Allocation Failure) 170M->34M(494M) 0.394ms
[21.454s][info][gc,cpu       ] GC(1159) User=0.00s Sys=0.00s Real=0.00s
[21.471s][info][gc,start     ] GC(1160) Pause Young (Allocation Failure)
[21.471s][info][gc,heap      ] GC(1160) DefNew: 140203K->425K(157248K)
[21.471s][info][gc,heap      ] GC(1160) Tenured: 34578K->34608K(349568K)
[21.471s][info][gc,metaspace ] GC(1160) Metaspace: 13503K->13503K(1062912K)
[21.471s][info][gc           ] GC(1160) Pause Young (Allocation Failure) 170M->34M(494M) 0.455ms
[21.471s][info][gc,cpu       ] GC(1160) User=0.00s Sys=0.00s Real=0.00s
[21.490s][info][gc,start     ] GC(1161) Pause Young (Allocation Failure)
[21.490s][info][gc,heap      ] GC(1161) DefNew: 140201K->424K(157248K)
[21.490s][info][gc,heap      ] GC(1161) Tenured: 34608K->34637K(349568K)
[21.490s][info][gc,metaspace ] GC(1161) Metaspace: 13503K->13503K(1062912K)
[21.490s][info][gc           ] GC(1161) Pause Young (Allocation Failure) 170M->34M(494M) 0.449ms
[21.490s][info][gc,cpu       ] GC(1161) User=0.00s Sys=0.00s Real=0.00s
[21.505s][info][gc,start     ] GC(1162) Pause Young (Allocation Failure)
[21.505s][info][gc,heap      ] GC(1162) DefNew: 140200K->420K(157248K)
[21.505s][info][gc,heap      ] GC(1162) Tenured: 34637K->34666K(349568K)
[21.505s][info][gc,metaspace ] GC(1162) Metaspace: 13503K->13503K(1062912K)
[21.505s][info][gc           ] GC(1162) Pause Young (Allocation Failure) 170M->34M(494M) 0.356ms
[21.505s][info][gc,cpu       ] GC(1162) User=0.00s Sys=0.00s Real=0.00s
[21.521s][info][gc,start     ] GC(1163) Pause Young (Allocation Failure)
[21.521s][info][gc,heap      ] GC(1163) DefNew: 140196K->419K(157248K)
[21.521s][info][gc,heap      ] GC(1163) Tenured: 34666K->34696K(349568K)
[21.521s][info][gc,metaspace ] GC(1163) Metaspace: 13503K->13503K(1062912K)
[21.521s][info][gc           ] GC(1163) Pause Young (Allocation Failure) 170M->34M(494M) 0.406ms
[21.521s][info][gc,cpu       ] GC(1163) User=0.00s Sys=0.00s Real=0.00s
[21.539s][info][gc,start     ] GC(1164) Pause Young (Allocation Failure)
[21.539s][info][gc,heap      ] GC(1164) DefNew: 140195K->428K(157248K)
[21.539s][info][gc,heap      ] GC(1164) Tenured: 34696K->34715K(349568K)
[21.539s][info][gc,metaspace ] GC(1164) Metaspace: 13503K->13503K(1062912K)
[21.539s][info][gc           ] GC(1164) Pause Young (Allocation Failure) 170M->34M(494M) 0.431ms
[21.539s][info][gc,cpu       ] GC(1164) User=0.00s Sys=0.00s Real=0.01s
[21.557s][info][gc,start     ] GC(1165) Pause Young (Allocation Failure)
[21.558s][info][gc,heap      ] GC(1165) DefNew: 140204K->427K(157248K)
[21.558s][info][gc,heap      ] GC(1165) Tenured: 34715K->34745K(349568K)
[21.558s][info][gc,metaspace ] GC(1165) Metaspace: 13503K->13503K(1062912K)
[21.558s][info][gc           ] GC(1165) Pause Young (Allocation Failure) 170M->34M(494M) 0.447ms
[21.558s][info][gc,cpu       ] GC(1165) User=0.00s Sys=0.00s Real=0.00s
[21.576s][info][gc,start     ] GC(1166) Pause Young (Allocation Failure)
[21.576s][info][gc,heap      ] GC(1166) DefNew: 140203K->426K(157248K)
[21.576s][info][gc,heap      ] GC(1166) Tenured: 34745K->34774K(349568K)
[21.576s][info][gc,metaspace ] GC(1166) Metaspace: 13503K->13503K(1062912K)
[21.576s][info][gc           ] GC(1166) Pause Young (Allocation Failure) 170M->34M(494M) 0.395ms
[21.577s][info][gc,cpu       ] GC(1166) User=0.00s Sys=0.00s Real=0.00s
[21.600s][info][gc,start     ] GC(1167) Pause Young (Allocation Failure)
[21.601s][info][gc,heap      ] GC(1167) DefNew: 140202K->426K(157248K)
[21.601s][info][gc,heap      ] GC(1167) Tenured: 34774K->34803K(349568K)
[21.601s][info][gc,metaspace ] GC(1167) Metaspace: 13504K->13504K(1062912K)
[21.601s][info][gc           ] GC(1167) Pause Young (Allocation Failure) 170M->34M(494M) 0.940ms
[21.601s][info][gc,cpu       ] GC(1167) User=0.00s Sys=0.00s Real=0.00s
[21.633s][info][gc,start     ] GC(1168) Pause Young (Allocation Failure)
[21.633s][info][gc,heap      ] GC(1168) DefNew: 140202K->424K(157248K)
[21.633s][info][gc,heap      ] GC(1168) Tenured: 34803K->34833K(349568K)
[21.633s][info][gc,metaspace ] GC(1168) Metaspace: 13504K->13504K(1062912K)
[21.633s][info][gc           ] GC(1168) Pause Young (Allocation Failure) 170M->34M(494M) 0.422ms
[21.633s][info][gc,cpu       ] GC(1168) User=0.01s Sys=0.00s Real=0.00s
[21.648s][info][gc,start     ] GC(1169) Pause Young (Allocation Failure)
[21.649s][info][gc,heap      ] GC(1169) DefNew: 140200K->421K(157248K)
[21.649s][info][gc,heap      ] GC(1169) Tenured: 34833K->34862K(349568K)
[21.649s][info][gc,metaspace ] GC(1169) Metaspace: 13504K->13504K(1062912K)
[21.649s][info][gc           ] GC(1169) Pause Young (Allocation Failure) 170M->34M(494M) 0.463ms
[21.649s][info][gc,cpu       ] GC(1169) User=0.00s Sys=0.00s Real=0.00s
[21.666s][info][gc,start     ] GC(1170) Pause Young (Allocation Failure)
[21.666s][info][gc,heap      ] GC(1170) DefNew: 140197K->420K(157248K)
[21.666s][info][gc,heap      ] GC(1170) Tenured: 34862K->34891K(349568K)
[21.666s][info][gc,metaspace ] GC(1170) Metaspace: 13504K->13504K(1062912K)
[21.666s][info][gc           ] GC(1170) Pause Young (Allocation Failure) 170M->34M(494M) 0.388ms
[21.666s][info][gc,cpu       ] GC(1170) User=0.00s Sys=0.00s Real=0.00s
[21.683s][info][gc,start     ] GC(1171) Pause Young (Allocation Failure)
[21.683s][info][gc,heap      ] GC(1171) DefNew: 140196K->429K(157248K)
[21.683s][info][gc,heap      ] GC(1171) Tenured: 34891K->34911K(349568K)
[21.683s][info][gc,metaspace ] GC(1171) Metaspace: 13504K->13504K(1062912K)
[21.683s][info][gc           ] GC(1171) Pause Young (Allocation Failure) 170M->34M(494M) 0.435ms
[21.683s][info][gc,cpu       ] GC(1171) User=0.00s Sys=0.00s Real=0.00s
[21.702s][info][gc,start     ] GC(1172) Pause Young (Allocation Failure)
[21.702s][info][gc,heap      ] GC(1172) DefNew: 140205K->428K(157248K)
[21.702s][info][gc,heap      ] GC(1172) Tenured: 34911K->34940K(349568K)
[21.702s][info][gc,metaspace ] GC(1172) Metaspace: 13504K->13504K(1062912K)
[21.702s][info][gc           ] GC(1172) Pause Young (Allocation Failure) 171M->34M(494M) 0.429ms
[21.702s][info][gc,cpu       ] GC(1172) User=0.00s Sys=0.00s Real=0.00s
[21.720s][info][gc,start     ] GC(1173) Pause Young (Allocation Failure)
[21.720s][info][gc,heap      ] GC(1173) DefNew: 140204K->427K(157248K)
[21.720s][info][gc,heap      ] GC(1173) Tenured: 34940K->34970K(349568K)
[21.720s][info][gc,metaspace ] GC(1173) Metaspace: 13504K->13504K(1062912K)
[21.720s][info][gc           ] GC(1173) Pause Young (Allocation Failure) 171M->34M(494M) 0.407ms
[21.720s][info][gc,cpu       ] GC(1173) User=0.00s Sys=0.00s Real=0.00s
[21.736s][info][gc,start     ] GC(1174) Pause Young (Allocation Failure)
[21.737s][info][gc,heap      ] GC(1174) DefNew: 140203K->426K(157248K)
[21.737s][info][gc,heap      ] GC(1174) Tenured: 34970K->34999K(349568K)
[21.737s][info][gc,metaspace ] GC(1174) Metaspace: 13504K->13504K(1062912K)
[21.737s][info][gc           ] GC(1174) Pause Young (Allocation Failure) 171M->34M(494M) 0.474ms
[21.737s][info][gc,cpu       ] GC(1174) User=0.00s Sys=0.00s Real=0.00s
[21.755s][info][gc,start     ] GC(1175) Pause Young (Allocation Failure)
[21.756s][info][gc,heap      ] GC(1175) DefNew: 140202K->423K(157248K)
[21.756s][info][gc,heap      ] GC(1175) Tenured: 34999K->35028K(349568K)
[21.756s][info][gc,metaspace ] GC(1175) Metaspace: 13504K->13504K(1062912K)
[21.756s][info][gc           ] GC(1175) Pause Young (Allocation Failure) 171M->34M(494M) 0.490ms
[21.756s][info][gc,cpu       ] GC(1175) User=0.00s Sys=0.00s Real=0.00s
[21.772s][info][gc,start     ] GC(1176) Pause Young (Allocation Failure)
[21.773s][info][gc,heap      ] GC(1176) DefNew: 140199K->421K(157248K)
[21.773s][info][gc,heap      ] GC(1176) Tenured: 35028K->35058K(349568K)
[21.773s][info][gc,metaspace ] GC(1176) Metaspace: 13504K->13504K(1062912K)
[21.773s][info][gc           ] GC(1176) Pause Young (Allocation Failure) 171M->34M(494M) 0.449ms
[21.773s][info][gc,cpu       ] GC(1176) User=0.00s Sys=0.00s Real=0.00s
[21.792s][info][gc,start     ] GC(1177) Pause Young (Allocation Failure)
[21.792s][info][gc,heap      ] GC(1177) DefNew: 140197K->430K(157248K)
[21.792s][info][gc,heap      ] GC(1177) Tenured: 35058K->35077K(349568K)
[21.792s][info][gc,metaspace ] GC(1177) Metaspace: 13504K->13504K(1062912K)
[21.792s][info][gc           ] GC(1177) Pause Young (Allocation Failure) 171M->34M(494M) 0.491ms
[21.792s][info][gc,cpu       ] GC(1177) User=0.00s Sys=0.00s Real=0.00s
[21.809s][info][gc,start     ] GC(1178) Pause Young (Allocation Failure)
[21.810s][info][gc,heap      ] GC(1178) DefNew: 140206K->429K(157248K)
[21.810s][info][gc,heap      ] GC(1178) Tenured: 35077K->35107K(349568K)
[21.810s][info][gc,metaspace ] GC(1178) Metaspace: 13504K->13504K(1062912K)
[21.810s][info][gc           ] GC(1178) Pause Young (Allocation Failure) 171M->34M(494M) 0.458ms
[21.810s][info][gc,cpu       ] GC(1178) User=0.00s Sys=0.00s Real=0.00s
[21.830s][info][gc,start     ] GC(1179) Pause Young (Allocation Failure)
[21.830s][info][gc,heap      ] GC(1179) DefNew: 140205K->428K(157248K)
[21.830s][info][gc,heap      ] GC(1179) Tenured: 35107K->35136K(349568K)
[21.830s][info][gc,metaspace ] GC(1179) Metaspace: 13504K->13504K(1062912K)
[21.830s][info][gc           ] GC(1179) Pause Young (Allocation Failure) 171M->34M(494M) 0.490ms
[21.830s][info][gc,cpu       ] GC(1179) User=0.00s Sys=0.00s Real=0.00s
[21.850s][info][gc,start     ] GC(1180) Pause Young (Allocation Failure)
[21.850s][info][gc,heap      ] GC(1180) DefNew: 140204K->426K(157248K)
[21.850s][info][gc,heap      ] GC(1180) Tenured: 35136K->35165K(349568K)
[21.850s][info][gc,metaspace ] GC(1180) Metaspace: 13504K->13504K(1062912K)
[21.850s][info][gc           ] GC(1180) Pause Young (Allocation Failure) 171M->34M(494M) 0.528ms
[21.850s][info][gc,cpu       ] GC(1180) User=0.00s Sys=0.00s Real=0.00s
[21.868s][info][gc,start     ] GC(1181) Pause Young (Allocation Failure)
[21.868s][info][gc,heap      ] GC(1181) DefNew: 140202K->425K(157248K)
[21.868s][info][gc,heap      ] GC(1181) Tenured: 35165K->35195K(349568K)
[21.868s][info][gc,metaspace ] GC(1181) Metaspace: 13504K->13504K(1062912K)
[21.868s][info][gc           ] GC(1181) Pause Young (Allocation Failure) 171M->34M(494M) 0.478ms
[21.868s][info][gc,cpu       ] GC(1181) User=0.01s Sys=0.00s Real=0.00s
[21.886s][info][gc,start     ] GC(1182) Pause Young (Allocation Failure)
[21.886s][info][gc,heap      ] GC(1182) DefNew: 140201K->420K(157248K)
[21.886s][info][gc,heap      ] GC(1182) Tenured: 35195K->35225K(349568K)
[21.886s][info][gc,metaspace ] GC(1182) Metaspace: 13504K->13504K(1062912K)
[21.886s][info][gc           ] GC(1182) Pause Young (Allocation Failure) 171M->34M(494M) 0.448ms
[21.886s][info][gc,cpu       ] GC(1182) User=0.00s Sys=0.00s Real=0.00s
[21.904s][info][gc,start     ] GC(1183) Pause Young (Allocation Failure)
[21.904s][info][gc,heap      ] GC(1183) DefNew: 140196K->419K(157248K)
[21.904s][info][gc,heap      ] GC(1183) Tenured: 35225K->35255K(349568K)
[21.904s][info][gc,metaspace ] GC(1183) Metaspace: 13504K->13504K(1062912K)
[21.904s][info][gc           ] GC(1183) Pause Young (Allocation Failure) 171M->34M(494M) 0.399ms
[21.904s][info][gc,cpu       ] GC(1183) User=0.00s Sys=0.00s Real=0.00s
[21.924s][info][gc,start     ] GC(1184) Pause Young (Allocation Failure)
[21.924s][info][gc,heap      ] GC(1184) DefNew: 140195K->428K(157248K)
[21.924s][info][gc,heap      ] GC(1184) Tenured: 35255K->35274K(349568K)
[21.924s][info][gc,metaspace ] GC(1184) Metaspace: 13504K->13504K(1062912K)
[21.924s][info][gc           ] GC(1184) Pause Young (Allocation Failure) 171M->34M(494M) 0.368ms
[21.924s][info][gc,cpu       ] GC(1184) User=0.00s Sys=0.00s Real=0.00s
[21.942s][info][gc,start     ] GC(1185) Pause Young (Allocation Failure)
[21.943s][info][gc,heap      ] GC(1185) DefNew: 140204K->427K(157248K)
[21.943s][info][gc,heap      ] GC(1185) Tenured: 35274K->35304K(349568K)
[21.943s][info][gc,metaspace ] GC(1185) Metaspace: 13504K->13504K(1062912K)
[21.943s][info][gc           ] GC(1185) Pause Young (Allocation Failure) 171M->34M(494M) 0.391ms
[21.943s][info][gc,cpu       ] GC(1185) User=0.00s Sys=0.00s Real=0.00s
[21.961s][info][gc,start     ] GC(1186) Pause Young (Allocation Failure)
[21.962s][info][gc,heap      ] GC(1186) DefNew: 140203K->426K(157248K)
[21.962s][info][gc,heap      ] GC(1186) Tenured: 35304K->35333K(349568K)
[21.962s][info][gc,metaspace ] GC(1186) Metaspace: 13504K->13504K(1062912K)
[21.962s][info][gc           ] GC(1186) Pause Young (Allocation Failure) 171M->34M(494M) 0.423ms
[21.962s][info][gc,cpu       ] GC(1186) User=0.00s Sys=0.00s Real=0.00s
[21.980s][info][gc,start     ] GC(1187) Pause Young (Allocation Failure)
[21.980s][info][gc,heap      ] GC(1187) DefNew: 140202K->424K(157248K)
[21.980s][info][gc,heap      ] GC(1187) Tenured: 35333K->35362K(349568K)
[21.980s][info][gc,metaspace ] GC(1187) Metaspace: 13504K->13504K(1062912K)
[21.980s][info][gc           ] GC(1187) Pause Young (Allocation Failure) 171M->34M(494M) 0.491ms
[21.980s][info][gc,cpu       ] GC(1187) User=0.00s Sys=0.00s Real=0.00s
[21.999s][info][gc,start     ] GC(1188) Pause Young (Allocation Failure)
[21.999s][info][gc,heap      ] GC(1188) DefNew: 140200K->422K(157248K)
[21.999s][info][gc,heap      ] GC(1188) Tenured: 35362K->35392K(349568K)
[21.999s][info][gc,metaspace ] GC(1188) Metaspace: 13504K->13504K(1062912K)
[21.999s][info][gc           ] GC(1188) Pause Young (Allocation Failure) 171M->34M(494M) 0.716ms
[21.999s][info][gc,cpu       ] GC(1188) User=0.00s Sys=0.00s Real=0.01s
[22.017s][info][gc,start     ] GC(1189) Pause Young (Allocation Failure)
[22.018s][info][gc,heap      ] GC(1189) DefNew: 140198K->419K(157248K)
[22.018s][info][gc,heap      ] GC(1189) Tenured: 35392K->35421K(349568K)
[22.018s][info][gc,metaspace ] GC(1189) Metaspace: 13504K->13504K(1062912K)
[22.018s][info][gc           ] GC(1189) Pause Young (Allocation Failure) 171M->35M(494M) 0.471ms
[22.018s][info][gc,cpu       ] GC(1189) User=0.00s Sys=0.00s Real=0.00s
[22.036s][info][gc,start     ] GC(1190) Pause Young (Allocation Failure)
[22.037s][info][gc,heap      ] GC(1190) DefNew: 140195K->419K(157248K)
[22.037s][info][gc,heap      ] GC(1190) Tenured: 35421K->35450K(349568K)
[22.037s][info][gc,metaspace ] GC(1190) Metaspace: 13504K->13504K(1062912K)
[22.037s][info][gc           ] GC(1190) Pause Young (Allocation Failure) 171M->35M(494M) 0.583ms
[22.037s][info][gc,cpu       ] GC(1190) User=0.00s Sys=0.00s Real=0.00s
[22.056s][info][gc,start     ] GC(1191) Pause Young (Allocation Failure)
[22.056s][info][gc,heap      ] GC(1191) DefNew: 140195K->428K(157248K)
[22.056s][info][gc,heap      ] GC(1191) Tenured: 35450K->35470K(349568K)
[22.056s][info][gc,metaspace ] GC(1191) Metaspace: 13504K->13504K(1062912K)
[22.057s][info][gc           ] GC(1191) Pause Young (Allocation Failure) 171M->35M(494M) 0.481ms
[22.057s][info][gc,cpu       ] GC(1191) User=0.00s Sys=0.00s Real=0.00s
[22.076s][info][gc,start     ] GC(1192) Pause Young (Allocation Failure)
[22.077s][info][gc,heap      ] GC(1192) DefNew: 140204K->426K(157248K)
[22.077s][info][gc,heap      ] GC(1192) Tenured: 35470K->35499K(349568K)
[22.077s][info][gc,metaspace ] GC(1192) Metaspace: 13504K->13504K(1062912K)
[22.077s][info][gc           ] GC(1192) Pause Young (Allocation Failure) 171M->35M(494M) 0.410ms
[22.077s][info][gc,cpu       ] GC(1192) User=0.00s Sys=0.00s Real=0.00s
[22.094s][info][gc,start     ] GC(1193) Pause Young (Allocation Failure)
[22.095s][info][gc,heap      ] GC(1193) DefNew: 140202K->425K(157248K)
[22.095s][info][gc,heap      ] GC(1193) Tenured: 35499K->35529K(349568K)
[22.095s][info][gc,metaspace ] GC(1193) Metaspace: 13504K->13504K(1062912K)
[22.095s][info][gc           ] GC(1193) Pause Young (Allocation Failure) 171M->35M(494M) 0.576ms
[22.095s][info][gc,cpu       ] GC(1193) User=0.00s Sys=0.00s Real=0.00s
[22.113s][info][gc,start     ] GC(1194) Pause Young (Allocation Failure)
[22.114s][info][gc,heap      ] GC(1194) DefNew: 140201K->423K(157248K)
[22.114s][info][gc,heap      ] GC(1194) Tenured: 35529K->35558K(349568K)
[22.114s][info][gc,metaspace ] GC(1194) Metaspace: 13504K->13504K(1062912K)
[22.114s][info][gc           ] GC(1194) Pause Young (Allocation Failure) 171M->35M(494M) 0.587ms
[22.114s][info][gc,cpu       ] GC(1194) User=0.00s Sys=0.00s Real=0.00s
[22.129s][info][gc,start     ] GC(1195) Pause Young (Allocation Failure)
[22.130s][info][gc,heap      ] GC(1195) DefNew: 140199K->420K(157248K)
[22.130s][info][gc,heap      ] GC(1195) Tenured: 35558K->35587K(349568K)
[22.130s][info][gc,metaspace ] GC(1195) Metaspace: 13504K->13504K(1062912K)
[22.130s][info][gc           ] GC(1195) Pause Young (Allocation Failure) 171M->35M(494M) 0.391ms
[22.130s][info][gc,cpu       ] GC(1195) User=0.00s Sys=0.00s Real=0.00s
[22.144s][info][gc,start     ] GC(1196) Pause Young (Allocation Failure)
[22.145s][info][gc,heap      ] GC(1196) DefNew: 140196K->419K(157248K)
[22.145s][info][gc,heap      ] GC(1196) Tenured: 35587K->35617K(349568K)
[22.145s][info][gc,metaspace ] GC(1196) Metaspace: 13504K->13504K(1062912K)
[22.145s][info][gc           ] GC(1196) Pause Young (Allocation Failure) 171M->35M(494M) 0.390ms
[22.145s][info][gc,cpu       ] GC(1196) User=0.00s Sys=0.00s Real=0.00s
[22.162s][info][gc,start     ] GC(1197) Pause Young (Allocation Failure)
[22.162s][info][gc,heap      ] GC(1197) DefNew: 140195K->428K(157248K)
[22.162s][info][gc,heap      ] GC(1197) Tenured: 35617K->35636K(349568K)
[22.162s][info][gc,metaspace ] GC(1197) Metaspace: 13504K->13504K(1062912K)
[22.163s][info][gc           ] GC(1197) Pause Young (Allocation Failure) 171M->35M(494M) 0.433ms
[22.163s][info][gc,cpu       ] GC(1197) User=0.00s Sys=0.00s Real=0.00s
[22.180s][info][gc,start     ] GC(1198) Pause Young (Allocation Failure)
[22.180s][info][gc,heap      ] GC(1198) DefNew: 140204K->427K(157248K)
[22.180s][info][gc,heap      ] GC(1198) Tenured: 35636K->35666K(349568K)
[22.180s][info][gc,metaspace ] GC(1198) Metaspace: 13504K->13504K(1062912K)
[22.180s][info][gc           ] GC(1198) Pause Young (Allocation Failure) 171M->35M(494M) 0.450ms
[22.180s][info][gc,cpu       ] GC(1198) User=0.00s Sys=0.00s Real=0.00s
[22.199s][info][gc,start     ] GC(1199) Pause Young (Allocation Failure)
[22.200s][info][gc,heap      ] GC(1199) DefNew: 140203K->426K(157248K)
[22.200s][info][gc,heap      ] GC(1199) Tenured: 35666K->35695K(349568K)
[22.200s][info][gc,metaspace ] GC(1199) Metaspace: 13504K->13504K(1062912K)
[22.200s][info][gc           ] GC(1199) Pause Young (Allocation Failure) 171M->35M(494M) 0.464ms
[22.200s][info][gc,cpu       ] GC(1199) User=0.00s Sys=0.00s Real=0.00s
[22.216s][info][gc,start     ] GC(1200) Pause Young (Allocation Failure)
[22.217s][info][gc,heap      ] GC(1200) DefNew: 140202K->425K(157248K)
[22.217s][info][gc,heap      ] GC(1200) Tenured: 35695K->35724K(349568K)
[22.217s][info][gc,metaspace ] GC(1200) Metaspace: 13504K->13504K(1062912K)
[22.217s][info][gc           ] GC(1200) Pause Young (Allocation Failure) 171M->35M(494M) 0.438ms
[22.217s][info][gc,cpu       ] GC(1200) User=0.00s Sys=0.00s Real=0.00s
[22.234s][info][gc,start     ] GC(1201) Pause Young (Allocation Failure)
[22.235s][info][gc,heap      ] GC(1201) DefNew: 140201K->422K(157248K)
[22.235s][info][gc,heap      ] GC(1201) Tenured: 35724K->35754K(349568K)
[22.235s][info][gc,metaspace ] GC(1201) Metaspace: 13504K->13504K(1062912K)
[22.235s][info][gc           ] GC(1201) Pause Young (Allocation Failure) 171M->35M(494M) 0.479ms
[22.235s][info][gc,cpu       ] GC(1201) User=0.00s Sys=0.00s Real=0.00s
[22.250s][info][gc,start     ] GC(1202) Pause Young (Allocation Failure)
[22.250s][info][gc,heap      ] GC(1202) DefNew: 140198K->420K(157248K)
[22.250s][info][gc,heap      ] GC(1202) Tenured: 35754K->35783K(349568K)
[22.251s][info][gc,metaspace ] GC(1202) Metaspace: 13504K->13504K(1062912K)
[22.251s][info][gc           ] GC(1202) Pause Young (Allocation Failure) 171M->35M(494M) 0.398ms
[22.251s][info][gc,cpu       ] GC(1202) User=0.00s Sys=0.00s Real=0.00s
[22.268s][info][gc,start     ] GC(1203) Pause Young (Allocation Failure)
[22.269s][info][gc,heap      ] GC(1203) DefNew: 140196K->419K(157248K)
[22.269s][info][gc,heap      ] GC(1203) Tenured: 35783K->35812K(349568K)
[22.269s][info][gc,metaspace ] GC(1203) Metaspace: 13504K->13504K(1062912K)
[22.269s][info][gc           ] GC(1203) Pause Young (Allocation Failure) 171M->35M(494M) 0.550ms
[22.269s][info][gc,cpu       ] GC(1203) User=0.00s Sys=0.00s Real=0.00s
[22.289s][info][gc,start     ] GC(1204) Pause Young (Allocation Failure)
[22.289s][info][gc,heap      ] GC(1204) DefNew: 140195K->428K(157248K)
[22.289s][info][gc,heap      ] GC(1204) Tenured: 35812K->35832K(349568K)
[22.289s][info][gc,metaspace ] GC(1204) Metaspace: 13504K->13504K(1062912K)
[22.289s][info][gc           ] GC(1204) Pause Young (Allocation Failure) 171M->35M(494M) 0.494ms
[22.289s][info][gc,cpu       ] GC(1204) User=0.00s Sys=0.00s Real=0.01s
[22.307s][info][gc,start     ] GC(1205) Pause Young (Allocation Failure)
[22.308s][info][gc,heap      ] GC(1205) DefNew: 140204K->427K(157248K)
[22.308s][info][gc,heap      ] GC(1205) Tenured: 35832K->35861K(349568K)
[22.308s][info][gc,metaspace ] GC(1205) Metaspace: 13504K->13504K(1062912K)
[22.308s][info][gc           ] GC(1205) Pause Young (Allocation Failure) 171M->35M(494M) 0.469ms
[22.308s][info][gc,cpu       ] GC(1205) User=0.00s Sys=0.00s Real=0.00s
[22.326s][info][gc,start     ] GC(1206) Pause Young (Allocation Failure)
[22.327s][info][gc,heap      ] GC(1206) DefNew: 140203K->425K(157248K)
[22.327s][info][gc,heap      ] GC(1206) Tenured: 35861K->35891K(349568K)
[22.327s][info][gc,metaspace ] GC(1206) Metaspace: 13504K->13504K(1062912K)
[22.327s][info][gc           ] GC(1206) Pause Young (Allocation Failure) 171M->35M(494M) 0.468ms
[22.327s][info][gc,cpu       ] GC(1206) User=0.00s Sys=0.00s Real=0.00s
[22.345s][info][gc,start     ] GC(1207) Pause Young (Allocation Failure)
[22.345s][info][gc,heap      ] GC(1207) DefNew: 140201K->424K(157248K)
[22.345s][info][gc,heap      ] GC(1207) Tenured: 35891K->35920K(349568K)
[22.345s][info][gc,metaspace ] GC(1207) Metaspace: 13504K->13504K(1062912K)
[22.345s][info][gc           ] GC(1207) Pause Young (Allocation Failure) 171M->35M(494M) 0.669ms
[22.345s][info][gc,cpu       ] GC(1207) User=0.00s Sys=0.00s Real=0.00s
[22.362s][info][gc,start     ] GC(1208) Pause Young (Allocation Failure)
[22.363s][info][gc,heap      ] GC(1208) DefNew: 140200K->420K(157248K)
[22.363s][info][gc,heap      ] GC(1208) Tenured: 35920K->35949K(349568K)
[22.363s][info][gc,metaspace ] GC(1208) Metaspace: 13504K->13504K(1062912K)
[22.363s][info][gc           ] GC(1208) Pause Young (Allocation Failure) 171M->35M(494M) 0.469ms
[22.363s][info][gc,cpu       ] GC(1208) User=0.01s Sys=0.00s Real=0.00s
[22.381s][info][gc,start     ] GC(1209) Pause Young (Allocation Failure)
[22.382s][info][gc,heap      ] GC(1209) DefNew: 140196K->419K(157248K)
[22.382s][info][gc,heap      ] GC(1209) Tenured: 35949K->35979K(349568K)
[22.382s][info][gc,metaspace ] GC(1209) Metaspace: 13504K->13504K(1062912K)
[22.382s][info][gc           ] GC(1209) Pause Young (Allocation Failure) 172M->35M(494M) 0.495ms
[22.382s][info][gc,cpu       ] GC(1209) User=0.00s Sys=0.00s Real=0.00s
[22.400s][info][gc,start     ] GC(1210) Pause Young (Allocation Failure)
[22.401s][info][gc,heap      ] GC(1210) DefNew: 140195K->428K(157248K)
[22.401s][info][gc,heap      ] GC(1210) Tenured: 35979K->35998K(349568K)
[22.401s][info][gc,metaspace ] GC(1210) Metaspace: 13504K->13504K(1062912K)
[22.401s][info][gc           ] GC(1210) Pause Young (Allocation Failure) 172M->35M(494M) 0.363ms
[22.401s][info][gc,cpu       ] GC(1210) User=0.00s Sys=0.00s Real=0.00s
[22.417s][info][gc,start     ] GC(1211) Pause Young (Allocation Failure)
[22.418s][info][gc,heap      ] GC(1211) DefNew: 140204K->427K(157248K)
[22.418s][info][gc,heap      ] GC(1211) Tenured: 35998K->36028K(349568K)
[22.418s][info][gc,metaspace ] GC(1211) Metaspace: 13504K->13504K(1062912K)
[22.418s][info][gc           ] GC(1211) Pause Young (Allocation Failure) 172M->35M(494M) 0.704ms
[22.418s][info][gc,cpu       ] GC(1211) User=0.00s Sys=0.00s Real=0.00s
[22.434s][info][gc,start     ] GC(1212) Pause Young (Allocation Failure)
[22.435s][info][gc,heap      ] GC(1212) DefNew: 140203K->426K(157248K)
[22.435s][info][gc,heap      ] GC(1212) Tenured: 36028K->36057K(349568K)
[22.435s][info][gc,metaspace ] GC(1212) Metaspace: 13504K->13504K(1062912K)
[22.435s][info][gc           ] GC(1212) Pause Young (Allocation Failure) 172M->35M(494M) 0.394ms
[22.435s][info][gc,cpu       ] GC(1212) User=0.00s Sys=0.00s Real=0.00s
[22.452s][info][gc,start     ] GC(1213) Pause Young (Allocation Failure)
[22.452s][info][gc,heap      ] GC(1213) DefNew: 140202K->425K(157248K)
[22.452s][info][gc,heap      ] GC(1213) Tenured: 36057K->36086K(349568K)
[22.452s][info][gc,metaspace ] GC(1213) Metaspace: 13504K->13504K(1062912K)
[22.452s][info][gc           ] GC(1213) Pause Young (Allocation Failure) 172M->35M(494M) 0.458ms
[22.452s][info][gc,cpu       ] GC(1213) User=0.00s Sys=0.00s Real=0.00s
[22.469s][info][gc,start     ] GC(1214) Pause Young (Allocation Failure)
[22.470s][info][gc,heap      ] GC(1214) DefNew: 140201K->423K(157248K)
[22.470s][info][gc,heap      ] GC(1214) Tenured: 36086K->36116K(349568K)
[22.470s][info][gc,metaspace ] GC(1214) Metaspace: 13504K->13504K(1062912K)
[22.470s][info][gc           ] GC(1214) Pause Young (Allocation Failure) 172M->35M(494M) 0.445ms
[22.470s][info][gc,cpu       ] GC(1214) User=0.00s Sys=0.00s Real=0.01s
[22.484s][info][gc,start     ] GC(1215) Pause Young (Allocation Failure)
[22.484s][info][gc,heap      ] GC(1215) DefNew: 140199K->420K(157248K)
[22.484s][info][gc,heap      ] GC(1215) Tenured: 36116K->36145K(349568K)
[22.484s][info][gc,metaspace ] GC(1215) Metaspace: 13504K->13504K(1062912K)
[22.484s][info][gc           ] GC(1215) Pause Young (Allocation Failure) 172M->35M(494M) 0.383ms
[22.484s][info][gc,cpu       ] GC(1215) User=0.00s Sys=0.00s Real=0.00s
[22.500s][info][gc,start     ] GC(1216) Pause Young (Allocation Failure)
[22.501s][info][gc,heap      ] GC(1216) DefNew: 140196K->419K(157248K)
[22.501s][info][gc,heap      ] GC(1216) Tenured: 36145K->36174K(349568K)
[22.501s][info][gc,metaspace ] GC(1216) Metaspace: 13504K->13504K(1062912K)
[22.501s][info][gc           ] GC(1216) Pause Young (Allocation Failure) 172M->35M(494M) 0.433ms
[22.501s][info][gc,cpu       ] GC(1216) User=0.00s Sys=0.00s Real=0.00s
[22.519s][info][gc,start     ] GC(1217) Pause Young (Allocation Failure)
[22.520s][info][gc,heap      ] GC(1217) DefNew: 140195K->428K(157248K)
[22.520s][info][gc,heap      ] GC(1217) Tenured: 36174K->36194K(349568K)
[22.520s][info][gc,metaspace ] GC(1217) Metaspace: 13504K->13504K(1062912K)
[22.520s][info][gc           ] GC(1217) Pause Young (Allocation Failure) 172M->35M(494M) 0.425ms
[22.520s][info][gc,cpu       ] GC(1217) User=0.00s Sys=0.00s Real=0.00s
[22.538s][info][gc,start     ] GC(1218) Pause Young (Allocation Failure)
[22.539s][info][gc,heap      ] GC(1218) DefNew: 140204K->427K(157248K)
[22.539s][info][gc,heap      ] GC(1218) Tenured: 36194K->36223K(349568K)
[22.539s][info][gc,metaspace ] GC(1218) Metaspace: 13504K->13504K(1062912K)
[22.539s][info][gc           ] GC(1218) Pause Young (Allocation Failure) 172M->35M(494M) 0.421ms
[22.539s][info][gc,cpu       ] GC(1218) User=0.00s Sys=0.00s Real=0.00s
[22.556s][info][gc,start     ] GC(1219) Pause Young (Allocation Failure)
[22.557s][info][gc,heap      ] GC(1219) DefNew: 140203K->426K(157248K)
[22.557s][info][gc,heap      ] GC(1219) Tenured: 36223K->36253K(349568K)
[22.557s][info][gc,metaspace ] GC(1219) Metaspace: 13504K->13504K(1062912K)
[22.557s][info][gc           ] GC(1219) Pause Young (Allocation Failure) 172M->35M(494M) 0.404ms
[22.557s][info][gc,cpu       ] GC(1219) User=0.01s Sys=0.00s Real=0.00s
[22.574s][info][gc,start     ] GC(1220) Pause Young (Allocation Failure)
[22.575s][info][gc,heap      ] GC(1220) DefNew: 140202K->424K(157248K)
[22.575s][info][gc,heap      ] GC(1220) Tenured: 36253K->36282K(349568K)
[22.575s][info][gc,metaspace ] GC(1220) Metaspace: 13504K->13504K(1062912K)
[22.575s][info][gc           ] GC(1220) Pause Young (Allocation Failure) 172M->35M(494M) 0.474ms
[22.575s][info][gc,cpu       ] GC(1220) User=0.00s Sys=0.01s Real=0.00s
[22.594s][info][gc,start     ] GC(1221) Pause Young (Allocation Failure)
[22.595s][info][gc,heap      ] GC(1221) DefNew: 140200K->421K(157248K)
[22.595s][info][gc,heap      ] GC(1221) Tenured: 36282K->36311K(349568K)
[22.595s][info][gc,metaspace ] GC(1221) Metaspace: 13508K->13508K(1062912K)
[22.595s][info][gc           ] GC(1221) Pause Young (Allocation Failure) 172M->35M(494M) 1.057ms
[22.595s][info][gc,cpu       ] GC(1221) User=0.00s Sys=0.00s Real=0.00s
[22.630s][info][gc,start     ] GC(1222) Pause Young (Allocation Failure)
[22.631s][info][gc,heap      ] GC(1222) DefNew: 140197K->419K(157248K)
[22.631s][info][gc,heap      ] GC(1222) Tenured: 36311K->36341K(349568K)
[22.631s][info][gc,metaspace ] GC(1222) Metaspace: 13508K->13508K(1062912K)
[22.631s][info][gc           ] GC(1222) Pause Young (Allocation Failure) 172M->35M(494M) 0.890ms
[22.631s][info][gc,cpu       ] GC(1222) User=0.01s Sys=0.00s Real=0.00s
[22.658s][info][gc,start     ] GC(1223) Pause Young (Allocation Failure)
[22.658s][info][gc,heap      ] GC(1223) DefNew: 140195K->428K(157248K)
[22.658s][info][gc,heap      ] GC(1223) Tenured: 36341K->36360K(349568K)
[22.658s][info][gc,metaspace ] GC(1223) Metaspace: 13508K->13508K(1062912K)
[22.658s][info][gc           ] GC(1223) Pause Young (Allocation Failure) 172M->35M(494M) 0.437ms
[22.658s][info][gc,cpu       ] GC(1223) User=0.00s Sys=0.00s Real=0.00s
[22.675s][info][gc,start     ] GC(1224) Pause Young (Allocation Failure)
[22.676s][info][gc,heap      ] GC(1224) DefNew: 140204K->427K(157248K)
[22.676s][info][gc,heap      ] GC(1224) Tenured: 36360K->36389K(349568K)
[22.676s][info][gc,metaspace ] GC(1224) Metaspace: 13508K->13508K(1062912K)
[22.676s][info][gc           ] GC(1224) Pause Young (Allocation Failure) 172M->35M(494M) 0.518ms
[22.676s][info][gc,cpu       ] GC(1224) User=0.00s Sys=0.00s Real=0.00s
[22.695s][info][gc,start     ] GC(1225) Pause Young (Allocation Failure)
[22.695s][info][gc,heap      ] GC(1225) DefNew: 140203K->426K(157248K)
[22.695s][info][gc,heap      ] GC(1225) Tenured: 36389K->36419K(349568K)
[22.695s][info][gc,metaspace ] GC(1225) Metaspace: 13508K->13508K(1062912K)
[22.695s][info][gc           ] GC(1225) Pause Young (Allocation Failure) 172M->35M(494M) 0.483ms
[22.695s][info][gc,cpu       ] GC(1225) User=0.00s Sys=0.00s Real=0.00s
[22.714s][info][gc,start     ] GC(1226) Pause Young (Allocation Failure)
[22.715s][info][gc,heap      ] GC(1226) DefNew: 140202K->425K(157248K)
[22.715s][info][gc,heap      ] GC(1226) Tenured: 36419K->36448K(349568K)
[22.715s][info][gc,metaspace ] GC(1226) Metaspace: 13508K->13508K(1062912K)
[22.715s][info][gc           ] GC(1226) Pause Young (Allocation Failure) 172M->36M(494M) 0.460ms
[22.715s][info][gc,cpu       ] GC(1226) User=0.00s Sys=0.00s Real=0.00s
[22.732s][info][gc,start     ] GC(1227) Pause Young (Allocation Failure)
[22.733s][info][gc,heap      ] GC(1227) DefNew: 140201K->423K(157248K)
[22.733s][info][gc,heap      ] GC(1227) Tenured: 36448K->36477K(349568K)
[22.733s][info][gc,metaspace ] GC(1227) Metaspace: 13508K->13508K(1062912K)
[22.733s][info][gc           ] GC(1227) Pause Young (Allocation Failure) 172M->36M(494M) 0.454ms
[22.733s][info][gc,cpu       ] GC(1227) User=0.00s Sys=0.00s Real=0.00s
[22.749s][info][gc,start     ] GC(1228) Pause Young (Allocation Failure)
[22.750s][info][gc,heap      ] GC(1228) DefNew: 140199K->420K(157248K)
[22.750s][info][gc,heap      ] GC(1228) Tenured: 36477K->36507K(349568K)
[22.750s][info][gc,metaspace ] GC(1228) Metaspace: 13508K->13508K(1062912K)
[22.750s][info][gc           ] GC(1228) Pause Young (Allocation Failure) 172M->36M(494M) 0.408ms
[22.750s][info][gc,cpu       ] GC(1228) User=0.00s Sys=0.00s Real=0.01s
[22.768s][info][gc,start     ] GC(1229) Pause Young (Allocation Failure)
[22.768s][info][gc,heap      ] GC(1229) DefNew: 140196K->419K(157248K)
[22.768s][info][gc,heap      ] GC(1229) Tenured: 36507K->36536K(349568K)
[22.768s][info][gc,metaspace ] GC(1229) Metaspace: 13508K->13508K(1062912K)
[22.768s][info][gc           ] GC(1229) Pause Young (Allocation Failure) 172M->36M(494M) 0.477ms
[22.768s][info][gc,cpu       ] GC(1229) User=0.00s Sys=0.00s Real=0.00s
[22.787s][info][gc,start     ] GC(1230) Pause Young (Allocation Failure)
[22.787s][info][gc,heap      ] GC(1230) DefNew: 140195K->428K(157248K)
[22.787s][info][gc,heap      ] GC(1230) Tenured: 36536K->36556K(349568K)
[22.787s][info][gc,metaspace ] GC(1230) Metaspace: 13508K->13508K(1062912K)
[22.787s][info][gc           ] GC(1230) Pause Young (Allocation Failure) 172M->36M(494M) 0.389ms
[22.787s][info][gc,cpu       ] GC(1230) User=0.00s Sys=0.00s Real=0.00s
[22.806s][info][gc,start     ] GC(1231) Pause Young (Allocation Failure)
[22.807s][info][gc,heap      ] GC(1231) DefNew: 140204K->427K(157248K)
[22.807s][info][gc,heap      ] GC(1231) Tenured: 36556K->36585K(349568K)
[22.807s][info][gc,metaspace ] GC(1231) Metaspace: 13508K->13508K(1062912K)
[22.807s][info][gc           ] GC(1231) Pause Young (Allocation Failure) 172M->36M(494M) 0.442ms
[22.807s][info][gc,cpu       ] GC(1231) User=0.00s Sys=0.00s Real=0.00s
[22.827s][info][gc,start     ] GC(1232) Pause Young (Allocation Failure)
[22.827s][info][gc,heap      ] GC(1232) DefNew: 140203K->426K(157248K)
[22.827s][info][gc,heap      ] GC(1232) Tenured: 36585K->36614K(349568K)
[22.827s][info][gc,metaspace ] GC(1232) Metaspace: 13508K->13508K(1062912K)
[22.827s][info][gc           ] GC(1232) Pause Young (Allocation Failure) 172M->36M(494M) 0.442ms
[22.827s][info][gc,cpu       ] GC(1232) User=0.00s Sys=0.00s Real=0.00s
[22.846s][info][gc,start     ] GC(1233) Pause Young (Allocation Failure)
[22.846s][info][gc,heap      ] GC(1233) DefNew: 140202K->424K(157248K)
[22.846s][info][gc,heap      ] GC(1233) Tenured: 36614K->36644K(349568K)
[22.846s][info][gc,metaspace ] GC(1233) Metaspace: 13508K->13508K(1062912K)
[22.846s][info][gc           ] GC(1233) Pause Young (Allocation Failure) 172M->36M(494M) 0.434ms
[22.846s][info][gc,cpu       ] GC(1233) User=0.00s Sys=0.00s Real=0.00s
[22.862s][info][gc,start     ] GC(1234) Pause Young (Allocation Failure)
[22.863s][info][gc,heap      ] GC(1234) DefNew: 140200K->422K(157248K)
[22.863s][info][gc,heap      ] GC(1234) Tenured: 36644K->36673K(349568K)
[22.863s][info][gc,metaspace ] GC(1234) Metaspace: 13508K->13508K(1062912K)
[22.863s][info][gc           ] GC(1234) Pause Young (Allocation Failure) 172M->36M(494M) 0.445ms
[22.863s][info][gc,cpu       ] GC(1234) User=0.00s Sys=0.00s Real=0.00s
[22.878s][info][gc,start     ] GC(1235) Pause Young (Allocation Failure)
[22.879s][info][gc,heap      ] GC(1235) DefNew: 140198K->420K(157248K)
[22.879s][info][gc,heap      ] GC(1235) Tenured: 36673K->36702K(349568K)
[22.879s][info][gc,metaspace ] GC(1235) Metaspace: 13508K->13508K(1062912K)
[22.879s][info][gc           ] GC(1235) Pause Young (Allocation Failure) 172M->36M(494M) 0.378ms
[22.879s][info][gc,cpu       ] GC(1235) User=0.00s Sys=0.00s Real=0.00s
[22.895s][info][gc,start     ] GC(1236) Pause Young (Allocation Failure)
[22.896s][info][gc,heap      ] GC(1236) DefNew: 140196K->419K(157248K)
[22.896s][info][gc,heap      ] GC(1236) Tenured: 36702K->36732K(349568K)
[22.896s][info][gc,metaspace ] GC(1236) Metaspace: 13508K->13508K(1062912K)
[22.896s][info][gc           ] GC(1236) Pause Young (Allocation Failure) 172M->36M(494M) 0.590ms
[22.896s][info][gc,cpu       ] GC(1236) User=0.00s Sys=0.00s Real=0.00s
[22.913s][info][gc,start     ] GC(1237) Pause Young (Allocation Failure)
[22.913s][info][gc,heap      ] GC(1237) DefNew: 140195K->428K(157248K)
[22.913s][info][gc,heap      ] GC(1237) Tenured: 36732K->36751K(349568K)
[22.913s][info][gc,metaspace ] GC(1237) Metaspace: 13508K->13508K(1062912K)
[22.914s][info][gc           ] GC(1237) Pause Young (Allocation Failure) 172M->36M(494M) 0.474ms
[22.914s][info][gc,cpu       ] GC(1237) User=0.00s Sys=0.00s Real=0.00s
[22.931s][info][gc,start     ] GC(1238) Pause Young (Allocation Failure)
[22.931s][info][gc,heap      ] GC(1238) DefNew: 140204K->426K(157248K)
[22.931s][info][gc,heap      ] GC(1238) Tenured: 36751K->36781K(349568K)
[22.931s][info][gc,metaspace ] GC(1238) Metaspace: 13508K->13508K(1062912K)
[22.931s][info][gc           ] GC(1238) Pause Young (Allocation Failure) 172M->36M(494M) 0.459ms
[22.931s][info][gc,cpu       ] GC(1238) User=0.00s Sys=0.00s Real=0.00s
[22.948s][info][gc,start     ] GC(1239) Pause Young (Allocation Failure)
[22.949s][info][gc,heap      ] GC(1239) DefNew: 140202K->425K(157248K)
[22.949s][info][gc,heap      ] GC(1239) Tenured: 36781K->36810K(349568K)
[22.949s][info][gc,metaspace ] GC(1239) Metaspace: 13508K->13508K(1062912K)
[22.949s][info][gc           ] GC(1239) Pause Young (Allocation Failure) 172M->36M(494M) 0.467ms
[22.949s][info][gc,cpu       ] GC(1239) User=0.00s Sys=0.00s Real=0.00s
[22.967s][info][gc,start     ] GC(1240) Pause Young (Allocation Failure)
[22.967s][info][gc,heap      ] GC(1240) DefNew: 140201K->423K(157248K)
[22.967s][info][gc,heap      ] GC(1240) Tenured: 36810K->36839K(349568K)
[22.967s][info][gc,metaspace ] GC(1240) Metaspace: 13508K->13508K(1062912K)
[22.967s][info][gc           ] GC(1240) Pause Young (Allocation Failure) 172M->36M(494M) 0.449ms
[22.967s][info][gc,cpu       ] GC(1240) User=0.00s Sys=0.00s Real=0.00s
[22.984s][info][gc,start     ] GC(1241) Pause Young (Allocation Failure)
[22.984s][info][gc,heap      ] GC(1241) DefNew: 140199K->420K(157248K)
[22.984s][info][gc,heap      ] GC(1241) Tenured: 36839K->36869K(349568K)
[22.984s][info][gc,metaspace ] GC(1241) Metaspace: 13508K->13508K(1062912K)
[22.984s][info][gc           ] GC(1241) Pause Young (Allocation Failure) 172M->36M(494M) 0.463ms
[22.984s][info][gc,cpu       ] GC(1241) User=0.00s Sys=0.00s Real=0.00s
[23.003s][info][gc,start     ] GC(1242) Pause Young (Allocation Failure)
[23.003s][info][gc,heap      ] GC(1242) DefNew: 140196K->419K(157248K)
[23.003s][info][gc,heap      ] GC(1242) Tenured: 36869K->36898K(349568K)
[23.003s][info][gc,metaspace ] GC(1242) Metaspace: 13508K->13508K(1062912K)
[23.003s][info][gc           ] GC(1242) Pause Young (Allocation Failure) 172M->36M(494M) 0.415ms
[23.003s][info][gc,cpu       ] GC(1242) User=0.00s Sys=0.00s Real=0.00s
[23.021s][info][gc,start     ] GC(1243) Pause Young (Allocation Failure)
[23.021s][info][gc,heap      ] GC(1243) DefNew: 140195K->428K(157248K)
[23.021s][info][gc,heap      ] GC(1243) Tenured: 36898K->36918K(349568K)
[23.021s][info][gc,metaspace ] GC(1243) Metaspace: 13508K->13508K(1062912K)
[23.022s][info][gc           ] GC(1243) Pause Young (Allocation Failure) 172M->36M(494M) 0.461ms
[23.022s][info][gc,cpu       ] GC(1243) User=0.00s Sys=0.00s Real=0.00s
[23.040s][info][gc,start     ] GC(1244) Pause Young (Allocation Failure)
[23.040s][info][gc,heap      ] GC(1244) DefNew: 140204K->427K(157248K)
[23.040s][info][gc,heap      ] GC(1244) Tenured: 36918K->36947K(349568K)
[23.040s][info][gc,metaspace ] GC(1244) Metaspace: 13508K->13508K(1062912K)
[23.040s][info][gc           ] GC(1244) Pause Young (Allocation Failure) 172M->36M(494M) 0.458ms
[23.040s][info][gc,cpu       ] GC(1244) User=0.00s Sys=0.00s Real=0.00s
[23.059s][info][gc,start     ] GC(1245) Pause Young (Allocation Failure)
[23.059s][info][gc,heap      ] GC(1245) DefNew: 140203K->426K(157248K)
[23.059s][info][gc,heap      ] GC(1245) Tenured: 36947K->36976K(349568K)
[23.059s][info][gc,metaspace ] GC(1245) Metaspace: 13508K->13508K(1062912K)
[23.059s][info][gc           ] GC(1245) Pause Young (Allocation Failure) 172M->36M(494M) 0.417ms
[23.059s][info][gc,cpu       ] GC(1245) User=0.00s Sys=0.00s Real=0.00s
[23.078s][info][gc,start     ] GC(1246) Pause Young (Allocation Failure)
[23.079s][info][gc,heap      ] GC(1246) DefNew: 140202K->425K(157248K)
[23.079s][info][gc,heap      ] GC(1246) Tenured: 36976K->37006K(349568K)
[23.079s][info][gc,metaspace ] GC(1246) Metaspace: 13508K->13508K(1062912K)
[23.079s][info][gc           ] GC(1246) Pause Young (Allocation Failure) 173M->36M(494M) 0.496ms
[23.079s][info][gc,cpu       ] GC(1246) User=0.00s Sys=0.00s Real=0.00s
[23.097s][info][gc,start     ] GC(1247) Pause Young (Allocation Failure)
[23.098s][info][gc,heap      ] GC(1247) DefNew: 140201K->422K(157248K)
[23.098s][info][gc,heap      ] GC(1247) Tenured: 37006K->37035K(349568K)
[23.098s][info][gc,metaspace ] GC(1247) Metaspace: 13508K->13508K(1062912K)
[23.098s][info][gc           ] GC(1247) Pause Young (Allocation Failure) 173M->36M(494M) 0.529ms
[23.098s][info][gc,cpu       ] GC(1247) User=0.00s Sys=0.00s Real=0.00s
[23.114s][info][gc,start     ] GC(1248) Pause Young (Allocation Failure)
[23.115s][info][gc,heap      ] GC(1248) DefNew: 140198K->420K(157248K)
[23.115s][info][gc,heap      ] GC(1248) Tenured: 37035K->37064K(349568K)
[23.115s][info][gc,metaspace ] GC(1248) Metaspace: 13508K->13508K(1062912K)
[23.115s][info][gc           ] GC(1248) Pause Young (Allocation Failure) 173M->36M(494M) 0.370ms
[23.115s][info][gc,cpu       ] GC(1248) User=0.00s Sys=0.00s Real=0.00s
[23.131s][info][gc,start     ] GC(1249) Pause Young (Allocation Failure)
[23.131s][info][gc,heap      ] GC(1249) DefNew: 140196K->419K(157248K)
[23.131s][info][gc,heap      ] GC(1249) Tenured: 37064K->37094K(349568K)
[23.131s][info][gc,metaspace ] GC(1249) Metaspace: 13508K->13508K(1062912K)
[23.131s][info][gc           ] GC(1249) Pause Young (Allocation Failure) 173M->36M(494M) 0.397ms
[23.131s][info][gc,cpu       ] GC(1249) User=0.00s Sys=0.00s Real=0.00s
[23.149s][info][gc,start     ] GC(1250) Pause Young (Allocation Failure)
[23.149s][info][gc,heap      ] GC(1250) DefNew: 140195K->428K(157248K)
[23.149s][info][gc,heap      ] GC(1250) Tenured: 37094K->37113K(349568K)
[23.149s][info][gc,metaspace ] GC(1250) Metaspace: 13508K->13508K(1062912K)
[23.150s][info][gc           ] GC(1250) Pause Young (Allocation Failure) 173M->36M(494M) 0.409ms
[23.150s][info][gc,cpu       ] GC(1250) User=0.01s Sys=0.00s Real=0.01s
[23.168s][info][gc,start     ] GC(1251) Pause Young (Allocation Failure)
[23.169s][info][gc,heap      ] GC(1251) DefNew: 140204K->427K(157248K)
[23.169s][info][gc,heap      ] GC(1251) Tenured: 37113K->37143K(349568K)
[23.169s][info][gc,metaspace ] GC(1251) Metaspace: 13508K->13508K(1062912K)
[23.169s][info][gc           ] GC(1251) Pause Young (Allocation Failure) 173M->36M(494M) 0.545ms
[23.169s][info][gc,cpu       ] GC(1251) User=0.00s Sys=0.00s Real=0.00s
[23.188s][info][gc,start     ] GC(1252) Pause Young (Allocation Failure)
[23.189s][info][gc,heap      ] GC(1252) DefNew: 140203K->425K(157248K)
[23.189s][info][gc,heap      ] GC(1252) Tenured: 37143K->37172K(349568K)
[23.189s][info][gc,metaspace ] GC(1252) Metaspace: 13508K->13508K(1062912K)
[23.189s][info][gc           ] GC(1252) Pause Young (Allocation Failure) 173M->36M(494M) 0.478ms
[23.189s][info][gc,cpu       ] GC(1252) User=0.00s Sys=0.00s Real=0.00s
[23.207s][info][gc,start     ] GC(1253) Pause Young (Allocation Failure)
[23.207s][info][gc,heap      ] GC(1253) DefNew: 140201K->424K(157248K)
[23.207s][info][gc,heap      ] GC(1253) Tenured: 37172K->37201K(349568K)
[23.207s][info][gc,metaspace ] GC(1253) Metaspace: 13508K->13508K(1062912K)
[23.207s][info][gc           ] GC(1253) Pause Young (Allocation Failure) 173M->36M(494M) 0.460ms
[23.207s][info][gc,cpu       ] GC(1253) User=0.00s Sys=0.00s Real=0.00s
[23.223s][info][gc,start     ] GC(1254) Pause Young (Allocation Failure)
[23.224s][info][gc,heap      ] GC(1254) DefNew: 140200K->420K(157248K)
[23.224s][info][gc,heap      ] GC(1254) Tenured: 37201K->37231K(349568K)
[23.224s][info][gc,metaspace ] GC(1254) Metaspace: 13508K->13508K(1062912K)
[23.224s][info][gc           ] GC(1254) Pause Young (Allocation Failure) 173M->36M(494M) 0.399ms
[23.224s][info][gc,cpu       ] GC(1254) User=0.00s Sys=0.00s Real=0.00s
[23.244s][info][gc,start     ] GC(1255) Pause Young (Allocation Failure)
[23.245s][info][gc,heap      ] GC(1255) DefNew: 140196K->419K(157248K)
[23.245s][info][gc,heap      ] GC(1255) Tenured: 37231K->37260K(349568K)
[23.245s][info][gc,metaspace ] GC(1255) Metaspace: 13508K->13508K(1062912K)
[23.245s][info][gc           ] GC(1255) Pause Young (Allocation Failure) 173M->36M(494M) 0.510ms
[23.245s][info][gc,cpu       ] GC(1255) User=0.00s Sys=0.00s Real=0.00s
[23.264s][info][gc,start     ] GC(1256) Pause Young (Allocation Failure)
[23.264s][info][gc,heap      ] GC(1256) DefNew: 140195K->428K(157248K)
[23.264s][info][gc,heap      ] GC(1256) Tenured: 37260K->37280K(349568K)
[23.264s][info][gc,metaspace ] GC(1256) Metaspace: 13508K->13508K(1062912K)
[23.264s][info][gc           ] GC(1256) Pause Young (Allocation Failure) 173M->36M(494M) 0.483ms
[23.264s][info][gc,cpu       ] GC(1256) User=0.00s Sys=0.00s Real=0.00s
[23.282s][info][gc,start     ] GC(1257) Pause Young (Allocation Failure)
[23.282s][info][gc,heap      ] GC(1257) DefNew: 140204K->427K(157248K)
[23.282s][info][gc,heap      ] GC(1257) Tenured: 37280K->37309K(349568K)
[23.282s][info][gc,metaspace ] GC(1257) Metaspace: 13508K->13508K(1062912K)
[23.282s][info][gc           ] GC(1257) Pause Young (Allocation Failure) 173M->36M(494M) 0.435ms
[23.282s][info][gc,cpu       ] GC(1257) User=0.00s Sys=0.00s Real=0.00s
[23.300s][info][gc,start     ] GC(1258) Pause Young (Allocation Failure)
[23.301s][info][gc,heap      ] GC(1258) DefNew: 140203K->426K(157248K)
[23.301s][info][gc,heap      ] GC(1258) Tenured: 37309K->37338K(349568K)
[23.301s][info][gc,metaspace ] GC(1258) Metaspace: 13508K->13508K(1062912K)
[23.301s][info][gc           ] GC(1258) Pause Young (Allocation Failure) 173M->36M(494M) 0.406ms
[23.301s][info][gc,cpu       ] GC(1258) User=0.00s Sys=0.00s Real=0.00s
[23.317s][info][gc,start     ] GC(1259) Pause Young (Allocation Failure)
[23.318s][info][gc,heap      ] GC(1259) DefNew: 140202K->425K(157248K)
[23.318s][info][gc,heap      ] GC(1259) Tenured: 37338K->37368K(349568K)
[23.318s][info][gc,metaspace ] GC(1259) Metaspace: 13508K->13508K(1062912K)
[23.318s][info][gc           ] GC(1259) Pause Young (Allocation Failure) 173M->36M(494M) 0.435ms
[23.318s][info][gc,cpu       ] GC(1259) User=0.00s Sys=0.00s Real=0.00s
[23.334s][info][gc,start     ] GC(1260) Pause Young (Allocation Failure)
[23.335s][info][gc,heap      ] GC(1260) DefNew: 140201K->423K(157248K)
[23.335s][info][gc,heap      ] GC(1260) Tenured: 37368K->37397K(349568K)
[23.335s][info][gc,metaspace ] GC(1260) Metaspace: 13508K->13508K(1062912K)
[23.335s][info][gc           ] GC(1260) Pause Young (Allocation Failure) 173M->36M(494M) 0.429ms
[23.335s][info][gc,cpu       ] GC(1260) User=0.00s Sys=0.00s Real=0.00s
[23.351s][info][gc,start     ] GC(1261) Pause Young (Allocation Failure)
[23.352s][info][gc,heap      ] GC(1261) DefNew: 140199K->420K(157248K)
[23.352s][info][gc,heap      ] GC(1261) Tenured: 37397K->37426K(349568K)
[23.352s][info][gc,metaspace ] GC(1261) Metaspace: 13508K->13508K(1062912K)
[23.352s][info][gc           ] GC(1261) Pause Young (Allocation Failure) 173M->36M(494M) 0.431ms
[23.352s][info][gc,cpu       ] GC(1261) User=0.00s Sys=0.00s Real=0.00s
[23.369s][info][gc,start     ] GC(1262) Pause Young (Allocation Failure)
[23.369s][info][gc,heap      ] GC(1262) DefNew: 140196K->419K(157248K)
[23.369s][info][gc,heap      ] GC(1262) Tenured: 37426K->37456K(349568K)
[23.369s][info][gc,metaspace ] GC(1262) Metaspace: 13508K->13508K(1062912K)
[23.369s][info][gc           ] GC(1262) Pause Young (Allocation Failure) 173M->36M(494M) 0.419ms
[23.369s][info][gc,cpu       ] GC(1262) User=0.00s Sys=0.00s Real=0.01s
[23.389s][info][gc,start     ] GC(1263) Pause Young (Allocation Failure)
[23.389s][info][gc,heap      ] GC(1263) DefNew: 140195K->428K(157248K)
[23.389s][info][gc,heap      ] GC(1263) Tenured: 37456K->37475K(349568K)
[23.389s][info][gc,metaspace ] GC(1263) Metaspace: 13508K->13508K(1062912K)
[23.389s][info][gc           ] GC(1263) Pause Young (Allocation Failure) 173M->37M(494M) 0.378ms
[23.389s][info][gc,cpu       ] GC(1263) User=0.00s Sys=0.00s Real=0.01s
[23.408s][info][gc,start     ] GC(1264) Pause Young (Allocation Failure)
[23.408s][info][gc,heap      ] GC(1264) DefNew: 140204K->427K(157248K)
[23.408s][info][gc,heap      ] GC(1264) Tenured: 37475K->37505K(349568K)
[23.408s][info][gc,metaspace ] GC(1264) Metaspace: 13508K->13508K(1062912K)
[23.408s][info][gc           ] GC(1264) Pause Young (Allocation Failure) 173M->37M(494M) 0.426ms
[23.408s][info][gc,cpu       ] GC(1264) User=0.00s Sys=0.00s Real=0.00s
[23.426s][info][gc,start     ] GC(1265) Pause Young (Allocation Failure)
[23.427s][info][gc,heap      ] GC(1265) DefNew: 140203K->426K(157248K)
[23.427s][info][gc,heap      ] GC(1265) Tenured: 37505K->37534K(349568K)
[23.427s][info][gc,metaspace ] GC(1265) Metaspace: 13508K->13508K(1062912K)
[23.427s][info][gc           ] GC(1265) Pause Young (Allocation Failure) 173M->37M(494M) 0.519ms
[23.427s][info][gc,cpu       ] GC(1265) User=0.00s Sys=0.00s Real=0.00s
[23.446s][info][gc,start     ] GC(1266) Pause Young (Allocation Failure)
[23.446s][info][gc,heap      ] GC(1266) DefNew: 140202K->424K(157248K)
[23.446s][info][gc,heap      ] GC(1266) Tenured: 37534K->37563K(349568K)
[23.446s][info][gc,metaspace ] GC(1266) Metaspace: 13508K->13508K(1062912K)
[23.446s][info][gc           ] GC(1266) Pause Young (Allocation Failure) 173M->37M(494M) 0.501ms
[23.446s][info][gc,cpu       ] GC(1266) User=0.00s Sys=0.00s Real=0.00s
[23.462s][info][gc,start     ] GC(1267) Pause Young (Allocation Failure)
[23.463s][info][gc,heap      ] GC(1267) DefNew: 140200K->421K(157248K)
[23.463s][info][gc,heap      ] GC(1267) Tenured: 37563K->37593K(349568K)
[23.463s][info][gc,metaspace ] GC(1267) Metaspace: 13508K->13508K(1062912K)
[23.463s][info][gc           ] GC(1267) Pause Young (Allocation Failure) 173M->37M(494M) 0.414ms
[23.463s][info][gc,cpu       ] GC(1267) User=0.00s Sys=0.00s Real=0.00s
[23.479s][info][gc,start     ] GC(1268) Pause Young (Allocation Failure)
[23.479s][info][gc,heap      ] GC(1268) DefNew: 140197K->419K(157248K)
[23.479s][info][gc,heap      ] GC(1268) Tenured: 37593K->37622K(349568K)
[23.479s][info][gc,metaspace ] GC(1268) Metaspace: 13508K->13508K(1062912K)
[23.479s][info][gc           ] GC(1268) Pause Young (Allocation Failure) 173M->37M(494M) 0.435ms
[23.479s][info][gc,cpu       ] GC(1268) User=0.00s Sys=0.00s Real=0.01s
[23.495s][info][gc,start     ] GC(1269) Pause Young (Allocation Failure)
[23.496s][info][gc,heap      ] GC(1269) DefNew: 140195K->428K(157248K)
[23.496s][info][gc,heap      ] GC(1269) Tenured: 37622K->37642K(349568K)
[23.496s][info][gc,metaspace ] GC(1269) Metaspace: 13508K->13508K(1062912K)
[23.496s][info][gc           ] GC(1269) Pause Young (Allocation Failure) 173M->37M(494M) 0.411ms
[23.496s][info][gc,cpu       ] GC(1269) User=0.00s Sys=0.00s Real=0.00s
[23.512s][info][gc,start     ] GC(1270) Pause Young (Allocation Failure)
[23.512s][info][gc,heap      ] GC(1270) DefNew: 140204K->427K(157248K)
[23.512s][info][gc,heap      ] GC(1270) Tenured: 37642K->37671K(349568K)
[23.512s][info][gc,metaspace ] GC(1270) Metaspace: 13508K->13508K(1062912K)
[23.512s][info][gc           ] GC(1270) Pause Young (Allocation Failure) 173M->37M(494M) 0.416ms
[23.512s][info][gc,cpu       ] GC(1270) User=0.00s Sys=0.00s Real=0.00s
[23.528s][info][gc,start     ] GC(1271) Pause Young (Allocation Failure)
[23.529s][info][gc,heap      ] GC(1271) DefNew: 140203K->426K(157248K)
[23.529s][info][gc,heap      ] GC(1271) Tenured: 37671K->37700K(349568K)
[23.529s][info][gc,metaspace ] GC(1271) Metaspace: 13508K->13508K(1062912K)
[23.529s][info][gc           ] GC(1271) Pause Young (Allocation Failure) 173M->37M(494M) 0.663ms
[23.529s][info][gc,cpu       ] GC(1271) User=0.00s Sys=0.00s Real=0.00s
[23.547s][info][gc,start     ] GC(1272) Pause Young (Allocation Failure)
[23.547s][info][gc,heap      ] GC(1272) DefNew: 140202K->425K(157248K)
[23.547s][info][gc,heap      ] GC(1272) Tenured: 37700K->37730K(349568K)
[23.547s][info][gc,metaspace ] GC(1272) Metaspace: 13508K->13508K(1062912K)
[23.547s][info][gc           ] GC(1272) Pause Young (Allocation Failure) 173M->37M(494M) 0.481ms
[23.547s][info][gc,cpu       ] GC(1272) User=0.00s Sys=0.00s Real=0.00s
[23.565s][info][gc,start     ] GC(1273) Pause Young (Allocation Failure)
[23.566s][info][gc,heap      ] GC(1273) DefNew: 140201K->423K(157248K)
[23.566s][info][gc,heap      ] GC(1273) Tenured: 37730K->37759K(349568K)
[23.566s][info][gc,metaspace ] GC(1273) Metaspace: 13508K->13508K(1062912K)
[23.566s][info][gc           ] GC(1273) Pause Young (Allocation Failure) 173M->37M(494M) 0.660ms
[23.566s][info][gc,cpu       ] GC(1273) User=0.00s Sys=0.00s Real=0.00s
[23.584s][info][gc,start     ] GC(1274) Pause Young (Allocation Failure)
[23.584s][info][gc,heap      ] GC(1274) DefNew: 140199K->420K(157248K)
[23.584s][info][gc,heap      ] GC(1274) Tenured: 37759K->37788K(349568K)
[23.584s][info][gc,metaspace ] GC(1274) Metaspace: 13508K->13508K(1062912K)
[23.584s][info][gc           ] GC(1274) Pause Young (Allocation Failure) 173M->37M(494M) 0.389ms
[23.584s][info][gc,cpu       ] GC(1274) User=0.00s Sys=0.00s Real=0.00s
[23.607s][info][gc,start     ] GC(1275) Pause Young (Allocation Failure)
[23.608s][info][gc,heap      ] GC(1275) DefNew: 140196K->419K(157248K)
[23.608s][info][gc,heap      ] GC(1275) Tenured: 37788K->37818K(349568K)
[23.608s][info][gc,metaspace ] GC(1275) Metaspace: 13514K->13514K(1062912K)
[23.608s][info][gc           ] GC(1275) Pause Young (Allocation Failure) 173M->37M(494M) 0.950ms
[23.608s][info][gc,cpu       ] GC(1275) User=0.00s Sys=0.00s Real=0.00s
[23.637s][info][gc,start     ] GC(1276) Pause Young (Allocation Failure)
[23.637s][info][gc,heap      ] GC(1276) DefNew: 140195K->428K(157248K)
[23.637s][info][gc,heap      ] GC(1276) Tenured: 37818K->37837K(349568K)
[23.637s][info][gc,metaspace ] GC(1276) Metaspace: 13514K->13514K(1062912K)
[23.637s][info][gc           ] GC(1276) Pause Young (Allocation Failure) 173M->37M(494M) 0.402ms
[23.637s][info][gc,cpu       ] GC(1276) User=0.00s Sys=0.00s Real=0.00s
[23.654s][info][gc,start     ] GC(1277) Pause Young (Allocation Failure)
[23.654s][info][gc,heap      ] GC(1277) DefNew: 140204K->427K(157248K)
[23.654s][info][gc,heap      ] GC(1277) Tenured: 37837K->37867K(349568K)
[23.654s][info][gc,metaspace ] GC(1277) Metaspace: 13514K->13514K(1062912K)
[23.654s][info][gc           ] GC(1277) Pause Young (Allocation Failure) 173M->37M(494M) 0.424ms
[23.654s][info][gc,cpu       ] GC(1277) User=0.00s Sys=0.00s Real=0.00s
[23.671s][info][gc,start     ] GC(1278) Pause Young (Allocation Failure)
[23.671s][info][gc,heap      ] GC(1278) DefNew: 140203K->426K(157248K)
[23.671s][info][gc,heap      ] GC(1278) Tenured: 37867K->37896K(349568K)
[23.671s][info][gc,metaspace ] GC(1278) Metaspace: 13514K->13514K(1062912K)
[23.671s][info][gc           ] GC(1278) Pause Young (Allocation Failure) 173M->37M(494M) 0.451ms
[23.671s][info][gc,cpu       ] GC(1278) User=0.00s Sys=0.00s Real=0.00s
[23.691s][info][gc,start     ] GC(1279) Pause Young (Allocation Failure)
[23.692s][info][gc,heap      ] GC(1279) DefNew: 140202K->424K(157248K)
[23.692s][info][gc,heap      ] GC(1279) Tenured: 37896K->37925K(349568K)
[23.692s][info][gc,metaspace ] GC(1279) Metaspace: 13514K->13514K(1062912K)
[23.692s][info][gc           ] GC(1279) Pause Young (Allocation Failure) 173M->37M(494M) 0.524ms
[23.692s][info][gc,cpu       ] GC(1279) User=0.00s Sys=0.00s Real=0.00s
[23.710s][info][gc,start     ] GC(1280) Pause Young (Allocation Failure)
[23.711s][info][gc,heap      ] GC(1280) DefNew: 140200K->422K(157248K)
[23.711s][info][gc,heap      ] GC(1280) Tenured: 37925K->37955K(349568K)
[23.711s][info][gc,metaspace ] GC(1280) Metaspace: 13514K->13514K(1062912K)
[23.711s][info][gc           ] GC(1280) Pause Young (Allocation Failure) 173M->37M(494M) 0.736ms
[23.711s][info][gc,cpu       ] GC(1280) User=0.00s Sys=0.00s Real=0.00s
[23.728s][info][gc,start     ] GC(1281) Pause Young (Allocation Failure)
[23.728s][info][gc,heap      ] GC(1281) DefNew: 140198K->420K(157248K)
[23.728s][info][gc,heap      ] GC(1281) Tenured: 37955K->37984K(349568K)
[23.728s][info][gc,metaspace ] GC(1281) Metaspace: 13514K->13514K(1062912K)
[23.728s][info][gc           ] GC(1281) Pause Young (Allocation Failure) 173M->37M(494M) 0.487ms
[23.728s][info][gc,cpu       ] GC(1281) User=0.01s Sys=0.00s Real=0.00s
[23.745s][info][gc,start     ] GC(1282) Pause Young (Allocation Failure)
[23.746s][info][gc,heap      ] GC(1282) DefNew: 140196K->419K(157248K)
[23.746s][info][gc,heap      ] GC(1282) Tenured: 37984K->38013K(349568K)
[23.746s][info][gc,metaspace ] GC(1282) Metaspace: 13514K->13514K(1062912K)
[23.746s][info][gc           ] GC(1282) Pause Young (Allocation Failure) 174M->37M(494M) 0.423ms
[23.746s][info][gc,cpu       ] GC(1282) User=0.00s Sys=0.00s Real=0.00s
[23.763s][info][gc,start     ] GC(1283) Pause Young (Allocation Failure)
[23.763s][info][gc,heap      ] GC(1283) DefNew: 140195K->428K(157248K)
[23.763s][info][gc,heap      ] GC(1283) Tenured: 38013K->38033K(349568K)
[23.763s][info][gc,metaspace ] GC(1283) Metaspace: 13514K->13514K(1062912K)
[23.763s][info][gc           ] GC(1283) Pause Young (Allocation Failure) 174M->37M(494M) 0.413ms
[23.763s][info][gc,cpu       ] GC(1283) User=0.00s Sys=0.00s Real=0.00s
[23.780s][info][gc,start     ] GC(1284) Pause Young (Allocation Failure)
[23.780s][info][gc,heap      ] GC(1284) DefNew: 140204K->427K(157248K)
[23.780s][info][gc,heap      ] GC(1284) Tenured: 38033K->38062K(349568K)
[23.780s][info][gc,metaspace ] GC(1284) Metaspace: 13514K->13514K(1062912K)
[23.780s][info][gc           ] GC(1284) Pause Young (Allocation Failure) 174M->37M(494M) 0.451ms
[23.780s][info][gc,cpu       ] GC(1284) User=0.01s Sys=0.00s Real=0.00s
[23.796s][info][gc,start     ] GC(1285) Pause Young (Allocation Failure)
[23.797s][info][gc,heap      ] GC(1285) DefNew: 140203K->425K(157248K)
[23.797s][info][gc,heap      ] GC(1285) Tenured: 38062K->38091K(349568K)
[23.797s][info][gc,metaspace ] GC(1285) Metaspace: 13514K->13514K(1062912K)
[23.797s][info][gc           ] GC(1285) Pause Young (Allocation Failure) 174M->37M(494M) 0.421ms
[23.797s][info][gc,cpu       ] GC(1285) User=0.00s Sys=0.00s Real=0.00s
[23.813s][info][gc,start     ] GC(1286) Pause Young (Allocation Failure)
[23.814s][info][gc,heap      ] GC(1286) DefNew: 140201K->424K(157248K)
[23.814s][info][gc,heap      ] GC(1286) Tenured: 38091K->38121K(349568K)
[23.814s][info][gc,metaspace ] GC(1286) Metaspace: 13514K->13514K(1062912K)
[23.814s][info][gc           ] GC(1286) Pause Young (Allocation Failure) 174M->37M(494M) 0.628ms
[23.814s][info][gc,cpu       ] GC(1286) User=0.00s Sys=0.00s Real=0.00s
[23.830s][info][gc,start     ] GC(1287) Pause Young (Allocation Failure)
[23.830s][info][gc,heap      ] GC(1287) DefNew: 140200K->420K(157248K)
[23.830s][info][gc,heap      ] GC(1287) Tenured: 38121K->38150K(349568K)
[23.830s][info][gc,metaspace ] GC(1287) Metaspace: 13514K->13514K(1062912K)
[23.830s][info][gc           ] GC(1287) Pause Young (Allocation Failure) 174M->37M(494M) 0.435ms
[23.830s][info][gc,cpu       ] GC(1287) User=0.00s Sys=0.00s Real=0.00s
[23.848s][info][gc,start     ] GC(1288) Pause Young (Allocation Failure)
[23.848s][info][gc,heap      ] GC(1288) DefNew: 140196K->419K(157248K)
[23.848s][info][gc,heap      ] GC(1288) Tenured: 38150K->38180K(349568K)
[23.848s][info][gc,metaspace ] GC(1288) Metaspace: 13514K->13514K(1062912K)
[23.848s][info][gc           ] GC(1288) Pause Young (Allocation Failure) 174M->37M(494M) 0.453ms
[23.848s][info][gc,cpu       ] GC(1288) User=0.00s Sys=0.00s Real=0.00s
[23.866s][info][gc,start     ] GC(1289) Pause Young (Allocation Failure)
[23.867s][info][gc,heap      ] GC(1289) DefNew: 140195K->428K(157248K)
[23.867s][info][gc,heap      ] GC(1289) Tenured: 38180K->38199K(349568K)
[23.867s][info][gc,metaspace ] GC(1289) Metaspace: 13514K->13514K(1062912K)
[23.867s][info][gc           ] GC(1289) Pause Young (Allocation Failure) 174M->37M(494M) 0.381ms
[23.867s][info][gc,cpu       ] GC(1289) User=0.00s Sys=0.00s Real=0.00s
[23.886s][info][gc,start     ] GC(1290) Pause Young (Allocation Failure)
[23.886s][info][gc,heap      ] GC(1290) DefNew: 140204K->427K(157248K)
[23.886s][info][gc,heap      ] GC(1290) Tenured: 38199K->38229K(349568K)
[23.886s][info][gc,metaspace ] GC(1290) Metaspace: 13514K->13514K(1062912K)
[23.886s][info][gc           ] GC(1290) Pause Young (Allocation Failure) 174M->37M(494M) 0.468ms
[23.886s][info][gc,cpu       ] GC(1290) User=0.00s Sys=0.00s Real=0.00s
[23.906s][info][gc,start     ] GC(1291) Pause Young (Allocation Failure)
[23.907s][info][gc,heap      ] GC(1291) DefNew: 140203K->426K(157248K)
[23.907s][info][gc,heap      ] GC(1291) Tenured: 38229K->38258K(349568K)
[23.907s][info][gc,metaspace ] GC(1291) Metaspace: 13514K->13514K(1062912K)
[23.907s][info][gc           ] GC(1291) Pause Young (Allocation Failure) 174M->37M(494M) 0.559ms
[23.907s][info][gc,cpu       ] GC(1291) User=0.00s Sys=0.00s Real=0.00s
[23.926s][info][gc,start     ] GC(1292) Pause Young (Allocation Failure)
[23.927s][info][gc,heap      ] GC(1292) DefNew: 140202K->425K(157248K)
[23.927s][info][gc,heap      ] GC(1292) Tenured: 38258K->38287K(349568K)
[23.927s][info][gc,metaspace ] GC(1292) Metaspace: 13514K->13514K(1062912K)
[23.927s][info][gc           ] GC(1292) Pause Young (Allocation Failure) 174M->37M(494M) 0.494ms
[23.927s][info][gc,cpu       ] GC(1292) User=0.00s Sys=0.00s Real=0.00s
[23.943s][info][gc,start     ] GC(1293) Pause Young (Allocation Failure)
[23.944s][info][gc,heap      ] GC(1293) DefNew: 140201K->422K(157248K)
[23.944s][info][gc,heap      ] GC(1293) Tenured: 38287K->38317K(349568K)
[23.944s][info][gc,metaspace ] GC(1293) Metaspace: 13514K->13514K(1062912K)
[23.944s][info][gc           ] GC(1293) Pause Young (Allocation Failure) 174M->37M(494M) 0.483ms
[23.944s][info][gc,cpu       ] GC(1293) User=0.00s Sys=0.00s Real=0.00s
[23.959s][info][gc,start     ] GC(1294) Pause Young (Allocation Failure)
[23.959s][info][gc,heap      ] GC(1294) DefNew: 140198K->420K(157248K)
[23.959s][info][gc,heap      ] GC(1294) Tenured: 38317K->38346K(349568K)
[23.959s][info][gc,metaspace ] GC(1294) Metaspace: 13514K->13514K(1062912K)
[23.959s][info][gc           ] GC(1294) Pause Young (Allocation Failure) 174M->37M(494M) 0.405ms
[23.959s][info][gc,cpu       ] GC(1294) User=0.00s Sys=0.00s Real=0.00s
[23.976s][info][gc,start     ] GC(1295) Pause Young (Allocation Failure)
[23.976s][info][gc,heap      ] GC(1295) DefNew: 140196K->419K(157248K)
[23.976s][info][gc,heap      ] GC(1295) Tenured: 38346K->38375K(349568K)
[23.976s][info][gc,metaspace ] GC(1295) Metaspace: 13514K->13514K(1062912K)
[23.976s][info][gc           ] GC(1295) Pause Young (Allocation Failure) 174M->37M(494M) 0.397ms
[23.976s][info][gc,cpu       ] GC(1295) User=0.00s Sys=0.00s Real=0.00s
[23.993s][info][gc,start     ] GC(1296) Pause Young (Allocation Failure)
[23.993s][info][gc,heap      ] GC(1296) DefNew: 140195K->428K(157248K)
[23.993s][info][gc,heap      ] GC(1296) Tenured: 38375K->38395K(349568K)
[23.993s][info][gc,metaspace ] GC(1296) Metaspace: 13514K->13514K(1062912K)
[23.993s][info][gc           ] GC(1296) Pause Young (Allocation Failure) 174M->37M(494M) 0.501ms
[23.994s][info][gc,cpu       ] GC(1296) User=0.00s Sys=0.00s Real=0.00s
[24.009s][info][gc,start     ] GC(1297) Pause Young (Allocation Failure)
[24.009s][info][gc,heap      ] GC(1297) DefNew: 140204K->427K(157248K)
[24.009s][info][gc,heap      ] GC(1297) Tenured: 38395K->38424K(349568K)
[24.009s][info][gc,metaspace ] GC(1297) Metaspace: 13514K->13514K(1062912K)
[24.009s][info][gc           ] GC(1297) Pause Young (Allocation Failure) 174M->37M(494M) 0.414ms
[24.009s][info][gc,cpu       ] GC(1297) User=0.00s Sys=0.00s Real=0.00s
[24.026s][info][gc,start     ] GC(1298) Pause Young (Allocation Failure)
[24.027s][info][gc,heap      ] GC(1298) DefNew: 140203K->425K(157248K)
[24.027s][info][gc,heap      ] GC(1298) Tenured: 38424K->38454K(349568K)
[24.027s][info][gc,metaspace ] GC(1298) Metaspace: 13514K->13514K(1062912K)
[24.027s][info][gc           ] GC(1298) Pause Young (Allocation Failure) 174M->37M(494M) 0.460ms
[24.027s][info][gc,cpu       ] GC(1298) User=0.00s Sys=0.00s Real=0.00s
[24.045s][info][gc,start     ] GC(1299) Pause Young (Allocation Failure)
[24.045s][info][gc,heap      ] GC(1299) DefNew: 140201K->424K(157248K)
[24.046s][info][gc,heap      ] GC(1299) Tenured: 38454K->38483K(349568K)
[24.046s][info][gc,metaspace ] GC(1299) Metaspace: 13514K->13514K(1062912K)
[24.046s][info][gc           ] GC(1299) Pause Young (Allocation Failure) 174M->37M(494M) 0.657ms
[24.046s][info][gc,cpu       ] GC(1299) User=0.00s Sys=0.00s Real=0.00s
[24.061s][info][gc,start     ] GC(1300) Pause Young (Allocation Failure)
[24.062s][info][gc,heap      ] GC(1300) DefNew: 140200K->420K(157248K)
[24.062s][info][gc,heap      ] GC(1300) Tenured: 38483K->38512K(349568K)
[24.062s][info][gc,metaspace ] GC(1300) Metaspace: 13514K->13514K(1062912K)
[24.062s][info][gc           ] GC(1300) Pause Young (Allocation Failure) 174M->38M(494M) 0.442ms
[24.062s][info][gc,cpu       ] GC(1300) User=0.00s Sys=0.00s Real=0.00s
[24.079s][info][gc,start     ] GC(1301) Pause Young (Allocation Failure)
[24.079s][info][gc,heap      ] GC(1301) DefNew: 140196K->419K(157248K)
[24.079s][info][gc,heap      ] GC(1301) Tenured: 38512K->38542K(349568K)
[24.079s][info][gc,metaspace ] GC(1301) Metaspace: 13514K->13514K(1062912K)
[24.079s][info][gc           ] GC(1301) Pause Young (Allocation Failure) 174M->38M(494M) 0.366ms
[24.079s][info][gc,cpu       ] GC(1301) User=0.00s Sys=0.00s Real=0.00s
[24.096s][info][gc,start     ] GC(1302) Pause Young (Allocation Failure)
[24.097s][info][gc,heap      ] GC(1302) DefNew: 140195K->428K(157248K)
[24.097s][info][gc,heap      ] GC(1302) Tenured: 38542K->38561K(349568K)
[24.097s][info][gc,metaspace ] GC(1302) Metaspace: 13514K->13514K(1062912K)
[24.097s][info][gc           ] GC(1302) Pause Young (Allocation Failure) 174M->38M(494M) 0.467ms
[24.097s][info][gc,cpu       ] GC(1302) User=0.00s Sys=0.00s Real=0.00s
[24.115s][info][gc,start     ] GC(1303) Pause Young (Allocation Failure)
[24.115s][info][gc,heap      ] GC(1303) DefNew: 140204K->427K(157248K)
[24.115s][info][gc,heap      ] GC(1303) Tenured: 38561K->38591K(349568K)
[24.115s][info][gc,metaspace ] GC(1303) Metaspace: 13514K->13514K(1062912K)
[24.115s][info][gc           ] GC(1303) Pause Young (Allocation Failure) 174M->38M(494M) 0.437ms
[24.115s][info][gc,cpu       ] GC(1303) User=0.00s Sys=0.00s Real=0.00s
[24.132s][info][gc,start     ] GC(1304) Pause Young (Allocation Failure)
[24.132s][info][gc,heap      ] GC(1304) DefNew: 140203K->426K(157248K)
[24.132s][info][gc,heap      ] GC(1304) Tenured: 38591K->38620K(349568K)
[24.132s][info][gc,metaspace ] GC(1304) Metaspace: 13514K->13514K(1062912K)
[24.132s][info][gc           ] GC(1304) Pause Young (Allocation Failure) 174M->38M(494M) 0.516ms
[24.133s][info][gc,cpu       ] GC(1304) User=0.00s Sys=0.00s Real=0.00s
[24.148s][info][gc,start     ] GC(1305) Pause Young (Allocation Failure)
[24.149s][info][gc,heap      ] GC(1305) DefNew: 140202K->425K(157248K)
[24.149s][info][gc,heap      ] GC(1305) Tenured: 38620K->38649K(349568K)
[24.149s][info][gc,metaspace ] GC(1305) Metaspace: 13514K->13514K(1062912K)
[24.149s][info][gc           ] GC(1305) Pause Young (Allocation Failure) 174M->38M(494M) 0.416ms
[24.149s][info][gc,cpu       ] GC(1305) User=0.00s Sys=0.00s Real=0.00s
[24.165s][info][gc,start     ] GC(1306) Pause Young (Allocation Failure)
[24.166s][info][gc,heap      ] GC(1306) DefNew: 140201K->423K(157248K)
[24.166s][info][gc,heap      ] GC(1306) Tenured: 38649K->38679K(349568K)
[24.166s][info][gc,metaspace ] GC(1306) Metaspace: 13514K->13514K(1062912K)
[24.166s][info][gc           ] GC(1306) Pause Young (Allocation Failure) 174M->38M(494M) 0.521ms
[24.166s][info][gc,cpu       ] GC(1306) User=0.00s Sys=0.00s Real=0.00s
[24.183s][info][gc,start     ] GC(1307) Pause Young (Allocation Failure)
[24.184s][info][gc,heap      ] GC(1307) DefNew: 140199K->420K(157248K)
[24.184s][info][gc,heap      ] GC(1307) Tenured: 38679K->38708K(349568K)
[24.184s][info][gc,metaspace ] GC(1307) Metaspace: 13514K->13514K(1062912K)
[24.184s][info][gc           ] GC(1307) Pause Young (Allocation Failure) 174M->38M(494M) 0.465ms
[24.184s][info][gc,cpu       ] GC(1307) User=0.00s Sys=0.00s Real=0.00s
[24.201s][info][gc,start     ] GC(1308) Pause Young (Allocation Failure)
[24.201s][info][gc,heap      ] GC(1308) DefNew: 140196K->419K(157248K)
[24.201s][info][gc,heap      ] GC(1308) Tenured: 38708K->38737K(349568K)
[24.201s][info][gc,metaspace ] GC(1308) Metaspace: 13514K->13514K(1062912K)
[24.201s][info][gc           ] GC(1308) Pause Young (Allocation Failure) 174M->38M(494M) 0.422ms
[24.201s][info][gc,cpu       ] GC(1308) User=0.00s Sys=0.00s Real=0.00s
[24.217s][info][gc,start     ] GC(1309) Pause Young (Allocation Failure)
[24.217s][info][gc,heap      ] GC(1309) DefNew: 140195K->428K(157248K)
[24.217s][info][gc,heap      ] GC(1309) Tenured: 38737K->38757K(349568K)
[24.218s][info][gc,metaspace ] GC(1309) Metaspace: 13514K->13514K(1062912K)
[24.218s][info][gc           ] GC(1309) Pause Young (Allocation Failure) 174M->38M(494M) 0.382ms
[24.218s][info][gc,cpu       ] GC(1309) User=0.00s Sys=0.00s Real=0.00s
[24.235s][info][gc,start     ] GC(1310) Pause Young (Allocation Failure)
[24.235s][info][gc,heap      ] GC(1310) DefNew: 140204K->427K(157248K)
[24.235s][info][gc,heap      ] GC(1310) Tenured: 38757K->38786K(349568K)
[24.235s][info][gc,metaspace ] GC(1310) Metaspace: 13514K->13514K(1062912K)
[24.236s][info][gc           ] GC(1310) Pause Young (Allocation Failure) 174M->38M(494M) 0.448ms
[24.236s][info][gc,cpu       ] GC(1310) User=0.00s Sys=0.00s Real=0.00s
[24.251s][info][gc,start     ] GC(1311) Pause Young (Allocation Failure)
[24.251s][info][gc,heap      ] GC(1311) DefNew: 140203K->426K(157248K)
[24.251s][info][gc,heap      ] GC(1311) Tenured: 38786K->38816K(349568K)
[24.251s][info][gc,metaspace ] GC(1311) Metaspace: 13514K->13514K(1062912K)
[24.251s][info][gc           ] GC(1311) Pause Young (Allocation Failure) 174M->38M(494M) 0.413ms
[24.252s][info][gc,cpu       ] GC(1311) User=0.00s Sys=0.00s Real=0.00s
[24.267s][info][gc,start     ] GC(1312) Pause Young (Allocation Failure)
[24.267s][info][gc,heap      ] GC(1312) DefNew: 140202K->424K(157248K)
[24.267s][info][gc,heap      ] GC(1312) Tenured: 38816K->38845K(349568K)
[24.267s][info][gc,metaspace ] GC(1312) Metaspace: 13514K->13514K(1062912K)
[24.267s][info][gc           ] GC(1312) Pause Young (Allocation Failure) 174M->38M(494M) 0.400ms
[24.267s][info][gc,cpu       ] GC(1312) User=0.00s Sys=0.00s Real=0.00s
[24.283s][info][gc,start     ] GC(1313) Pause Young (Allocation Failure)
[24.283s][info][gc,heap      ] GC(1313) DefNew: 140200K->421K(157248K)
[24.283s][info][gc,heap      ] GC(1313) Tenured: 38845K->38874K(349568K)
[24.283s][info][gc,metaspace ] GC(1313) Metaspace: 13514K->13514K(1062912K)
[24.283s][info][gc           ] GC(1313) Pause Young (Allocation Failure) 174M->38M(494M) 0.637ms
[24.283s][info][gc,cpu       ] GC(1313) User=0.00s Sys=0.00s Real=0.00s
[24.301s][info][gc,start     ] GC(1314) Pause Young (Allocation Failure)
[24.301s][info][gc,heap      ] GC(1314) DefNew: 140197K->419K(157248K)
[24.301s][info][gc,heap      ] GC(1314) Tenured: 38874K->38904K(349568K)
[24.301s][info][gc,metaspace ] GC(1314) Metaspace: 13514K->13514K(1062912K)
[24.301s][info][gc           ] GC(1314) Pause Young (Allocation Failure) 174M->38M(494M) 0.442ms
[24.301s][info][gc,cpu       ] GC(1314) User=0.00s Sys=0.00s Real=0.00s
[24.321s][info][gc,start     ] GC(1315) Pause Young (Allocation Failure)
[24.322s][info][gc,heap      ] GC(1315) DefNew: 140195K->428K(157248K)
[24.322s][info][gc,heap      ] GC(1315) Tenured: 38904K->38923K(349568K)
[24.322s][info][gc,metaspace ] GC(1315) Metaspace: 13514K->13514K(1062912K)
[24.322s][info][gc           ] GC(1315) Pause Young (Allocation Failure) 174M->38M(494M) 0.472ms
[24.322s][info][gc,cpu       ] GC(1315) User=0.00s Sys=0.00s Real=0.00s
[24.342s][info][gc,start     ] GC(1316) Pause Young (Allocation Failure)
[24.342s][info][gc,heap      ] GC(1316) DefNew: 140204K->427K(157248K)
[24.342s][info][gc,heap      ] GC(1316) Tenured: 38923K->38952K(349568K)
[24.342s][info][gc,metaspace ] GC(1316) Metaspace: 13514K->13514K(1062912K)
[24.342s][info][gc           ] GC(1316) Pause Young (Allocation Failure) 174M->38M(494M) 0.459ms
[24.343s][info][gc,cpu       ] GC(1316) User=0.00s Sys=0.00s Real=0.00s
[24.361s][info][gc,start     ] GC(1317) Pause Young (Allocation Failure)
[24.361s][info][gc,heap      ] GC(1317) DefNew: 140203K->426K(157248K)
[24.361s][info][gc,heap      ] GC(1317) Tenured: 38952K->38982K(349568K)
[24.361s][info][gc,metaspace ] GC(1317) Metaspace: 13514K->13514K(1062912K)
[24.361s][info][gc           ] GC(1317) Pause Young (Allocation Failure) 174M->38M(494M) 0.490ms
[24.362s][info][gc,cpu       ] GC(1317) User=0.00s Sys=0.00s Real=0.00s
[24.381s][info][gc,start     ] GC(1318) Pause Young (Allocation Failure)
[24.381s][info][gc,heap      ] GC(1318) DefNew: 140202K->425K(157248K)
[24.382s][info][gc,heap      ] GC(1318) Tenured: 38982K->39011K(349568K)
[24.382s][info][gc,metaspace ] GC(1318) Metaspace: 13514K->13514K(1062912K)
[24.382s][info][gc           ] GC(1318) Pause Young (Allocation Failure) 174M->38M(494M) 0.503ms
[24.382s][info][gc,cpu       ] GC(1318) User=0.00s Sys=0.00s Real=0.00s
[24.400s][info][gc,start     ] GC(1319) Pause Young (Allocation Failure)
[24.401s][info][gc,heap      ] GC(1319) DefNew: 140201K->423K(157248K)
[24.401s][info][gc,heap      ] GC(1319) Tenured: 39011K->39040K(349568K)
[24.401s][info][gc,metaspace ] GC(1319) Metaspace: 13514K->13514K(1062912K)
[24.401s][info][gc           ] GC(1319) Pause Young (Allocation Failure) 175M->38M(494M) 0.573ms
[24.401s][info][gc,cpu       ] GC(1319) User=0.00s Sys=0.00s Real=0.00s
[24.418s][info][gc,start     ] GC(1320) Pause Young (Allocation Failure)
[24.418s][info][gc,heap      ] GC(1320) DefNew: 140199K->420K(157248K)
[24.418s][info][gc,heap      ] GC(1320) Tenured: 39040K->39070K(349568K)
[24.418s][info][gc,metaspace ] GC(1320) Metaspace: 13514K->13514K(1062912K)
[24.418s][info][gc           ] GC(1320) Pause Young (Allocation Failure) 175M->38M(494M) 0.370ms
[24.418s][info][gc,cpu       ] GC(1320) User=0.00s Sys=0.00s Real=0.00s
[24.436s][info][gc,start     ] GC(1321) Pause Young (Allocation Failure)
[24.437s][info][gc,heap      ] GC(1321) DefNew: 140196K->419K(157248K)
[24.437s][info][gc,heap      ] GC(1321) Tenured: 39070K->39099K(349568K)
[24.437s][info][gc,metaspace ] GC(1321) Metaspace: 13514K->13514K(1062912K)
[24.437s][info][gc           ] GC(1321) Pause Young (Allocation Failure) 175M->38M(494M) 0.415ms
[24.437s][info][gc,cpu       ] GC(1321) User=0.00s Sys=0.00s Real=0.00s
[24.454s][info][gc,start     ] GC(1322) Pause Young (Allocation Failure)
[24.454s][info][gc,heap      ] GC(1322) DefNew: 140195K->428K(157248K)
[24.454s][info][gc,heap      ] GC(1322) Tenured: 39099K->39119K(349568K)
[24.454s][info][gc,metaspace ] GC(1322) Metaspace: 13514K->13514K(1062912K)
[24.454s][info][gc           ] GC(1322) Pause Young (Allocation Failure) 175M->38M(494M) 0.418ms
[24.454s][info][gc,cpu       ] GC(1322) User=0.00s Sys=0.00s Real=0.00s
[24.472s][info][gc,start     ] GC(1323) Pause Young (Allocation Failure)
[24.472s][info][gc,heap      ] GC(1323) DefNew: 140204K->427K(157248K)
[24.472s][info][gc,heap      ] GC(1323) Tenured: 39119K->39148K(349568K)
[24.472s][info][gc,metaspace ] GC(1323) Metaspace: 13514K->13514K(1062912K)
[24.472s][info][gc           ] GC(1323) Pause Young (Allocation Failure) 175M->38M(494M) 0.392ms
[24.472s][info][gc,cpu       ] GC(1323) User=0.00s Sys=0.00s Real=0.00s
[24.492s][info][gc,start     ] GC(1324) Pause Young (Allocation Failure)
[24.493s][info][gc,heap      ] GC(1324) DefNew: 140203K->426K(157248K)
[24.493s][info][gc,heap      ] GC(1324) Tenured: 39148K->39177K(349568K)
[24.493s][info][gc,metaspace ] GC(1324) Metaspace: 13514K->13514K(1062912K)
[24.493s][info][gc           ] GC(1324) Pause Young (Allocation Failure) 175M->38M(494M) 0.521ms
[24.493s][info][gc,cpu       ] GC(1324) User=0.00s Sys=0.00s Real=0.00s
[24.513s][info][gc,start     ] GC(1325) Pause Young (Allocation Failure)
[24.513s][info][gc,heap      ] GC(1325) DefNew: 140202K->424K(157248K)
[24.513s][info][gc,heap      ] GC(1325) Tenured: 39177K->39207K(349568K)
[24.513s][info][gc,metaspace ] GC(1325) Metaspace: 13514K->13514K(1062912K)
[24.513s][info][gc           ] GC(1325) Pause Young (Allocation Failure) 175M->38M(494M) 0.451ms
[24.513s][info][gc,cpu       ] GC(1325) User=0.00s Sys=0.00s Real=0.00s
[24.532s][info][gc,start     ] GC(1326) Pause Young (Allocation Failure)
[24.532s][info][gc,heap      ] GC(1326) DefNew: 140200K->422K(157248K)
[24.532s][info][gc,heap      ] GC(1326) Tenured: 39207K->39236K(349568K)
[24.532s][info][gc,metaspace ] GC(1326) Metaspace: 13514K->13514K(1062912K)
[24.532s][info][gc           ] GC(1326) Pause Young (Allocation Failure) 175M->38M(494M) 0.808ms
[24.533s][info][gc,cpu       ] GC(1326) User=0.00s Sys=0.00s Real=0.00s
[24.550s][info][gc,start     ] GC(1327) Pause Young (Allocation Failure)
[24.550s][info][gc,heap      ] GC(1327) DefNew: 140198K->419K(157248K)
[24.550s][info][gc,heap      ] GC(1327) Tenured: 39236K->39265K(349568K)
[24.550s][info][gc,metaspace ] GC(1327) Metaspace: 13514K->13514K(1062912K)
[24.550s][info][gc           ] GC(1327) Pause Young (Allocation Failure) 175M->38M(494M) 0.436ms
[24.551s][info][gc,cpu       ] GC(1327) User=0.00s Sys=0.00s Real=0.00s
[24.566s][info][gc,start     ] GC(1328) Pause Young (Allocation Failure)
[24.567s][info][gc,heap      ] GC(1328) DefNew: 140195K->419K(157248K)
[24.567s][info][gc,heap      ] GC(1328) Tenured: 39265K->39295K(349568K)
[24.567s][info][gc,metaspace ] GC(1328) Metaspace: 13514K->13514K(1062912K)
[24.567s][info][gc           ] GC(1328) Pause Young (Allocation Failure) 175M->38M(494M) 0.425ms
[24.567s][info][gc,cpu       ] GC(1328) User=0.00s Sys=0.00s Real=0.00s
[24.584s][info][gc,start     ] GC(1329) Pause Young (Allocation Failure)
[24.584s][info][gc,heap      ] GC(1329) DefNew: 140195K->428K(157248K)
[24.584s][info][gc,heap      ] GC(1329) Tenured: 39295K->39314K(349568K)
[24.584s][info][gc,metaspace ] GC(1329) Metaspace: 13514K->13514K(1062912K)
[24.584s][info][gc           ] GC(1329) Pause Young (Allocation Failure) 175M->38M(494M) 0.421ms
[24.584s][info][gc,cpu       ] GC(1329) User=0.01s Sys=0.00s Real=0.00s
[24.611s][info][gc,start     ] GC(1330) Pause Young (Allocation Failure)
[24.612s][info][gc,heap      ] GC(1330) DefNew: 140204K->426K(157248K)
[24.612s][info][gc,heap      ] GC(1330) Tenured: 39314K->39344K(349568K)
[24.612s][info][gc,metaspace ] GC(1330) Metaspace: 13520K->13520K(1062912K)
[24.612s][info][gc           ] GC(1330) Pause Young (Allocation Failure) 175M->38M(494M) 0.999ms
[24.612s][info][gc,cpu       ] GC(1330) User=0.00s Sys=0.00s Real=0.00s
[24.648s][info][gc,start     ] GC(1331) Pause Young (Allocation Failure)
[24.648s][info][gc,heap      ] GC(1331) DefNew: 140202K->425K(157248K)
[24.648s][info][gc,heap      ] GC(1331) Tenured: 39344K->39373K(349568K)
[24.648s][info][gc,metaspace ] GC(1331) Metaspace: 13520K->13520K(1062912K)
[24.648s][info][gc           ] GC(1331) Pause Young (Allocation Failure) 175M->38M(494M) 0.791ms
[24.648s][info][gc,cpu       ] GC(1331) User=0.00s Sys=0.00s Real=0.00s
[24.665s][info][gc,start     ] GC(1332) Pause Young (Allocation Failure)
[24.665s][info][gc,heap      ] GC(1332) DefNew: 140201K->423K(157248K)
[24.665s][info][gc,heap      ] GC(1332) Tenured: 39373K->39402K(349568K)
[24.665s][info][gc,metaspace ] GC(1332) Metaspace: 13520K->13520K(1062912K)
[24.665s][info][gc           ] GC(1332) Pause Young (Allocation Failure) 175M->38M(494M) 0.454ms
[24.665s][info][gc,cpu       ] GC(1332) User=0.01s Sys=0.00s Real=0.00s
[24.681s][info][gc,start     ] GC(1333) Pause Young (Allocation Failure)
[24.681s][info][gc,heap      ] GC(1333) DefNew: 140199K->420K(157248K)
[24.681s][info][gc,heap      ] GC(1333) Tenured: 39402K->39432K(349568K)
[24.681s][info][gc,metaspace ] GC(1333) Metaspace: 13520K->13520K(1062912K)
[24.681s][info][gc           ] GC(1333) Pause Young (Allocation Failure) 175M->38M(494M) 0.462ms
[24.681s][info][gc,cpu       ] GC(1333) User=0.00s Sys=0.00s Real=0.00s
[24.700s][info][gc,start     ] GC(1334) Pause Young (Allocation Failure)
[24.701s][info][gc,heap      ] GC(1334) DefNew: 140196K->419K(157248K)
[24.701s][info][gc,heap      ] GC(1334) Tenured: 39432K->39461K(349568K)
[24.701s][info][gc,metaspace ] GC(1334) Metaspace: 13520K->13520K(1062912K)
[24.701s][info][gc           ] GC(1334) Pause Young (Allocation Failure) 175M->38M(494M) 0.468ms
[24.701s][info][gc,cpu       ] GC(1334) User=0.00s Sys=0.00s Real=0.00s
[24.719s][info][gc,start     ] GC(1335) Pause Young (Allocation Failure)
[24.719s][info][gc,heap      ] GC(1335) DefNew: 140195K->428K(157248K)
[24.720s][info][gc,heap      ] GC(1335) Tenured: 39461K->39481K(349568K)
[24.720s][info][gc,metaspace ] GC(1335) Metaspace: 13520K->13520K(1062912K)
[24.720s][info][gc           ] GC(1335) Pause Young (Allocation Failure) 175M->38M(494M) 0.785ms
[24.720s][info][gc,cpu       ] GC(1335) User=0.00s Sys=0.00s Real=0.01s
[24.740s][info][gc,start     ] GC(1336) Pause Young (Allocation Failure)
[24.740s][info][gc,heap      ] GC(1336) DefNew: 140204K->427K(157248K)
[24.740s][info][gc,heap      ] GC(1336) Tenured: 39481K->39510K(349568K)
[24.740s][info][gc,metaspace ] GC(1336) Metaspace: 13520K->13520K(1062912K)
[24.740s][info][gc           ] GC(1336) Pause Young (Allocation Failure) 175M->39M(494M) 0.463ms
[24.740s][info][gc,cpu       ] GC(1336) User=0.00s Sys=0.00s Real=0.00s
[24.759s][info][gc,start     ] GC(1337) Pause Young (Allocation Failure)
[24.759s][info][gc,heap      ] GC(1337) DefNew: 140203K->426K(157248K)
[24.759s][info][gc,heap      ] GC(1337) Tenured: 39510K->39539K(349568K)
[24.759s][info][gc,metaspace ] GC(1337) Metaspace: 13520K->13520K(1062912K)
[24.759s][info][gc           ] GC(1337) Pause Young (Allocation Failure) 175M->39M(494M) 0.457ms
[24.759s][info][gc,cpu       ] GC(1337) User=0.00s Sys=0.00s Real=0.00s
[24.780s][info][gc,start     ] GC(1338) Pause Young (Allocation Failure)
[24.781s][info][gc,heap      ] GC(1338) DefNew: 140202K->425K(157248K)
[24.781s][info][gc,heap      ] GC(1338) Tenured: 39539K->39569K(349568K)
[24.781s][info][gc,metaspace ] GC(1338) Metaspace: 13520K->13520K(1062912K)
[24.781s][info][gc           ] GC(1338) Pause Young (Allocation Failure) 175M->39M(494M) 0.733ms
[24.781s][info][gc,cpu       ] GC(1338) User=0.00s Sys=0.00s Real=0.00s
[24.800s][info][gc,start     ] GC(1339) Pause Young (Allocation Failure)
[24.801s][info][gc,heap      ] GC(1339) DefNew: 140201K->422K(157248K)
[24.801s][info][gc,heap      ] GC(1339) Tenured: 39569K->39598K(349568K)
[24.801s][info][gc,metaspace ] GC(1339) Metaspace: 13520K->13520K(1062912K)
[24.801s][info][gc           ] GC(1339) Pause Young (Allocation Failure) 175M->39M(494M) 0.525ms
[24.801s][info][gc,cpu       ] GC(1339) User=0.00s Sys=0.00s Real=0.00s
[24.816s][info][gc,start     ] GC(1340) Pause Young (Allocation Failure)
[24.817s][info][gc,heap      ] GC(1340) DefNew: 140198K->420K(157248K)
[24.817s][info][gc,heap      ] GC(1340) Tenured: 39598K->39627K(349568K)
[24.817s][info][gc,metaspace ] GC(1340) Metaspace: 13520K->13520K(1062912K)
[24.817s][info][gc           ] GC(1340) Pause Young (Allocation Failure) 175M->39M(494M) 0.359ms
[24.817s][info][gc,cpu       ] GC(1340) User=0.00s Sys=0.00s Real=0.00s
[24.836s][info][gc,start     ] GC(1341) Pause Young (Allocation Failure)
[24.836s][info][gc,heap      ] GC(1341) DefNew: 140196K->419K(157248K)
[24.836s][info][gc,heap      ] GC(1341) Tenured: 39627K->39657K(349568K)
[24.836s][info][gc,metaspace ] GC(1341) Metaspace: 13520K->13520K(1062912K)
[24.836s][info][gc           ] GC(1341) Pause Young (Allocation Failure) 175M->39M(494M) 0.431ms
[24.836s][info][gc,cpu       ] GC(1341) User=0.00s Sys=0.00s Real=0.00s
[24.855s][info][gc,start     ] GC(1342) Pause Young (Allocation Failure)
[24.855s][info][gc,heap      ] GC(1342) DefNew: 140195K->428K(157248K)
[24.855s][info][gc,heap      ] GC(1342) Tenured: 39657K->39676K(349568K)
[24.855s][info][gc,metaspace ] GC(1342) Metaspace: 13520K->13520K(1062912K)
[24.855s][info][gc           ] GC(1342) Pause Young (Allocation Failure) 175M->39M(494M) 0.424ms
[24.855s][info][gc,cpu       ] GC(1342) User=0.00s Sys=0.00s Real=0.00s
[24.874s][info][gc,start     ] GC(1343) Pause Young (Allocation Failure)
[24.874s][info][gc,heap      ] GC(1343) DefNew: 140204K->427K(157248K)
[24.874s][info][gc,heap      ] GC(1343) Tenured: 39676K->39706K(349568K)
[24.874s][info][gc,metaspace ] GC(1343) Metaspace: 13520K->13520K(1062912K)
[24.874s][info][gc           ] GC(1343) Pause Young (Allocation Failure) 175M->39M(494M) 0.409ms
[24.875s][info][gc,cpu       ] GC(1343) User=0.00s Sys=0.00s Real=0.00s
[24.892s][info][gc,start     ] GC(1344) Pause Young (Allocation Failure)
[24.893s][info][gc,heap      ] GC(1344) DefNew: 140203K->425K(157248K)
[24.893s][info][gc,heap      ] GC(1344) Tenured: 39706K->39735K(349568K)
[24.893s][info][gc,metaspace ] GC(1344) Metaspace: 13520K->13520K(1062912K)
[24.893s][info][gc           ] GC(1344) Pause Young (Allocation Failure) 175M->39M(494M) 0.438ms
[24.893s][info][gc,cpu       ] GC(1344) User=0.00s Sys=0.00s Real=0.00s
[24.911s][info][gc,start     ] GC(1345) Pause Young (Allocation Failure)
[24.912s][info][gc,heap      ] GC(1345) DefNew: 140201K->424K(157248K)
[24.912s][info][gc,heap      ] GC(1345) Tenured: 39735K->39764K(349568K)
[24.912s][info][gc,metaspace ] GC(1345) Metaspace: 13520K->13520K(1062912K)
[24.912s][info][gc           ] GC(1345) Pause Young (Allocation Failure) 175M->39M(494M) 0.680ms
[24.912s][info][gc,cpu       ] GC(1345) User=0.00s Sys=0.00s Real=0.00s
[24.928s][info][gc,start     ] GC(1346) Pause Young (Allocation Failure)
[24.928s][info][gc,heap      ] GC(1346) DefNew: 140200K->420K(157248K)
[24.928s][info][gc,heap      ] GC(1346) Tenured: 39764K->39794K(349568K)
[24.928s][info][gc,metaspace ] GC(1346) Metaspace: 13520K->13520K(1062912K)
[24.928s][info][gc           ] GC(1346) Pause Young (Allocation Failure) 175M->39M(494M) 0.371ms
[24.928s][info][gc,cpu       ] GC(1346) User=0.00s Sys=0.00s Real=0.00s
[24.945s][info][gc,start     ] GC(1347) Pause Young (Allocation Failure)
[24.945s][info][gc,heap      ] GC(1347) DefNew: 140196K->419K(157248K)
[24.945s][info][gc,heap      ] GC(1347) Tenured: 39794K->39823K(349568K)
[24.945s][info][gc,metaspace ] GC(1347) Metaspace: 13520K->13520K(1062912K)
[24.945s][info][gc           ] GC(1347) Pause Young (Allocation Failure) 175M->39M(494M) 0.656ms
[24.945s][info][gc,cpu       ] GC(1347) User=0.00s Sys=0.00s Real=0.00s
[24.963s][info][gc,start     ] GC(1348) Pause Young (Allocation Failure)
[24.964s][info][gc,heap      ] GC(1348) DefNew: 140195K->428K(157248K)
[24.964s][info][gc,heap      ] GC(1348) Tenured: 39823K->39843K(349568K)
[24.964s][info][gc,metaspace ] GC(1348) Metaspace: 13520K->13520K(1062912K)
[24.964s][info][gc           ] GC(1348) Pause Young (Allocation Failure) 175M->39M(494M) 0.431ms
[24.964s][info][gc,cpu       ] GC(1348) User=0.00s Sys=0.00s Real=0.00s
[24.981s][info][gc,start     ] GC(1349) Pause Young (Allocation Failure)
[24.981s][info][gc,heap      ] GC(1349) DefNew: 140204K->427K(157248K)
[24.981s][info][gc,heap      ] GC(1349) Tenured: 39843K->39872K(349568K)
[24.981s][info][gc,metaspace ] GC(1349) Metaspace: 13520K->13520K(1062912K)
[24.981s][info][gc           ] GC(1349) Pause Young (Allocation Failure) 175M->39M(494M) 0.453ms
[24.981s][info][gc,cpu       ] GC(1349) User=0.00s Sys=0.00s Real=0.00s
[25.000s][info][gc,start     ] GC(1350) Pause Young (Allocation Failure)
[25.001s][info][gc,heap      ] GC(1350) DefNew: 140203K->426K(157248K)
[25.001s][info][gc,heap      ] GC(1350) Tenured: 39872K->39901K(349568K)
[25.001s][info][gc,metaspace ] GC(1350) Metaspace: 13520K->13520K(1062912K)
[25.001s][info][gc           ] GC(1350) Pause Young (Allocation Failure) 175M->39M(494M) 0.482ms
[25.001s][info][gc,cpu       ] GC(1350) User=0.00s Sys=0.00s Real=0.00s
[25.019s][info][gc,start     ] GC(1351) Pause Young (Allocation Failure)
[25.020s][info][gc,heap      ] GC(1351) DefNew: 140202K->425K(157248K)
[25.020s][info][gc,heap      ] GC(1351) Tenured: 39901K->39931K(349568K)
[25.020s][info][gc,metaspace ] GC(1351) Metaspace: 13520K->13520K(1062912K)
[25.020s][info][gc           ] GC(1351) Pause Young (Allocation Failure) 175M->39M(494M) 0.483ms
[25.020s][info][gc,cpu       ] GC(1351) User=0.00s Sys=0.00s Real=0.01s
[25.038s][info][gc,start     ] GC(1352) Pause Young (Allocation Failure)
[25.039s][info][gc,heap      ] GC(1352) DefNew: 140201K->423K(157248K)
[25.039s][info][gc,heap      ] GC(1352) Tenured: 39931K->39960K(349568K)
[25.039s][info][gc,metaspace ] GC(1352) Metaspace: 13520K->13520K(1062912K)
[25.039s][info][gc           ] GC(1352) Pause Young (Allocation Failure) 175M->39M(494M) 0.701ms
[25.039s][info][gc,cpu       ] GC(1352) User=0.00s Sys=0.00s Real=0.00s
[25.056s][info][gc,start     ] GC(1353) Pause Young (Allocation Failure)
[25.057s][info][gc,heap      ] GC(1353) DefNew: 140199K->420K(157248K)
[25.057s][info][gc,heap      ] GC(1353) Tenured: 39960K->39989K(349568K)
[25.057s][info][gc,metaspace ] GC(1353) Metaspace: 13520K->13520K(1062912K)
[25.057s][info][gc           ] GC(1353) Pause Young (Allocation Failure) 175M->39M(494M) 0.434ms
[25.057s][info][gc,cpu       ] GC(1353) User=0.00s Sys=0.00s Real=0.00s
[25.075s][info][gc,start     ] GC(1354) Pause Young (Allocation Failure)
[25.075s][info][gc,heap      ] GC(1354) DefNew: 140196K->419K(157248K)
[25.075s][info][gc,heap      ] GC(1354) Tenured: 39989K->40019K(349568K)
[25.075s][info][gc,metaspace ] GC(1354) Metaspace: 13520K->13520K(1062912K)
[25.075s][info][gc           ] GC(1354) Pause Young (Allocation Failure) 175M->39M(494M) 0.425ms
[25.075s][info][gc,cpu       ] GC(1354) User=0.00s Sys=0.00s Real=0.00s
[25.093s][info][gc,start     ] GC(1355) Pause Young (Allocation Failure)
[25.094s][info][gc,heap      ] GC(1355) DefNew: 140195K->428K(157248K)
[25.094s][info][gc,heap      ] GC(1355) Tenured: 40019K->40038K(349568K)
[25.094s][info][gc,metaspace ] GC(1355) Metaspace: 13520K->13520K(1062912K)
[25.094s][info][gc           ] GC(1355) Pause Young (Allocation Failure) 175M->39M(494M) 0.447ms
[25.094s][info][gc,cpu       ] GC(1355) User=0.01s Sys=0.00s Real=0.00s
[25.112s][info][gc,start     ] GC(1356) Pause Young (Allocation Failure)
[25.113s][info][gc,heap      ] GC(1356) DefNew: 140204K->427K(157248K)
[25.113s][info][gc,heap      ] GC(1356) Tenured: 40038K->40068K(349568K)
[25.113s][info][gc,metaspace ] GC(1356) Metaspace: 13520K->13520K(1062912K)
[25.113s][info][gc           ] GC(1356) Pause Young (Allocation Failure) 176M->39M(494M) 0.466ms
[25.113s][info][gc,cpu       ] GC(1356) User=0.00s Sys=0.00s Real=0.00s
[25.131s][info][gc,start     ] GC(1357) Pause Young (Allocation Failure)
[25.132s][info][gc,heap      ] GC(1357) DefNew: 140203K->426K(157248K)
[25.132s][info][gc,heap      ] GC(1357) Tenured: 40068K->40097K(349568K)
[25.132s][info][gc,metaspace ] GC(1357) Metaspace: 13520K->13520K(1062912K)
[25.132s][info][gc           ] GC(1357) Pause Young (Allocation Failure) 176M->39M(494M) 0.532ms
[25.132s][info][gc,cpu       ] GC(1357) User=0.00s Sys=0.00s Real=0.00s
[25.148s][info][gc,start     ] GC(1358) Pause Young (Allocation Failure)
[25.149s][info][gc,heap      ] GC(1358) DefNew: 140202K->424K(157248K)
[25.149s][info][gc,heap      ] GC(1358) Tenured: 40097K->40126K(349568K)
[25.149s][info][gc,metaspace ] GC(1358) Metaspace: 13520K->13520K(1062912K)
[25.149s][info][gc           ] GC(1358) Pause Young (Allocation Failure) 176M->39M(494M) 0.627ms
[25.149s][info][gc,cpu       ] GC(1358) User=0.00s Sys=0.00s Real=0.00s
[25.165s][info][gc,start     ] GC(1359) Pause Young (Allocation Failure)
[25.165s][info][gc,heap      ] GC(1359) DefNew: 140200K->421K(157248K)
[25.165s][info][gc,heap      ] GC(1359) Tenured: 40126K->40156K(349568K)
[25.165s][info][gc,metaspace ] GC(1359) Metaspace: 13520K->13520K(1062912K)
[25.165s][info][gc           ] GC(1359) Pause Young (Allocation Failure) 176M->39M(494M) 0.431ms
[25.165s][info][gc,cpu       ] GC(1359) User=0.00s Sys=0.00s Real=0.00s
[25.181s][info][gc,start     ] GC(1360) Pause Young (Allocation Failure)
[25.181s][info][gc,heap      ] GC(1360) DefNew: 140197K->419K(157248K)
[25.182s][info][gc,heap      ] GC(1360) Tenured: 40156K->40185K(349568K)
[25.182s][info][gc,metaspace ] GC(1360) Metaspace: 13520K->13520K(1062912K)
[25.182s][info][gc           ] GC(1360) Pause Young (Allocation Failure) 176M->39M(494M) 0.410ms
[25.182s][info][gc,cpu       ] GC(1360) User=0.00s Sys=0.00s Real=0.00s
[25.199s][info][gc,start     ] GC(1361) Pause Young (Allocation Failure)
[25.199s][info][gc,heap      ] GC(1361) DefNew: 140195K->428K(157248K)
[25.199s][info][gc,heap      ] GC(1361) Tenured: 40185K->40204K(349568K)
[25.199s][info][gc,metaspace ] GC(1361) Metaspace: 13520K->13520K(1062912K)
[25.199s][info][gc           ] GC(1361) Pause Young (Allocation Failure) 176M->39M(494M) 0.521ms
[25.199s][info][gc,cpu       ] GC(1361) User=0.00s Sys=0.00s Real=0.00s
[25.220s][info][gc,start     ] GC(1362) Pause Young (Allocation Failure)
[25.220s][info][gc,heap      ] GC(1362) DefNew: 140204K->427K(157248K)
[25.221s][info][gc,heap      ] GC(1362) Tenured: 40204K->40234K(349568K)
[25.221s][info][gc,metaspace ] GC(1362) Metaspace: 13520K->13520K(1062912K)
[25.221s][info][gc           ] GC(1362) Pause Young (Allocation Failure) 176M->39M(494M) 0.439ms
[25.221s][info][gc,cpu       ] GC(1362) User=0.01s Sys=0.00s Real=0.00s
[25.238s][info][gc,start     ] GC(1363) Pause Young (Allocation Failure)
[25.238s][info][gc,heap      ] GC(1363) DefNew: 140203K->426K(157248K)
[25.238s][info][gc,heap      ] GC(1363) Tenured: 40234K->40263K(349568K)
[25.238s][info][gc,metaspace ] GC(1363) Metaspace: 13520K->13520K(1062912K)
[25.238s][info][gc           ] GC(1363) Pause Young (Allocation Failure) 176M->39M(494M) 0.441ms
[25.238s][info][gc,cpu       ] GC(1363) User=0.00s Sys=0.00s Real=0.00s
[25.254s][info][gc,start     ] GC(1364) Pause Young (Allocation Failure)
[25.254s][info][gc,heap      ] GC(1364) DefNew: 140202K->425K(157248K)
[25.254s][info][gc,heap      ] GC(1364) Tenured: 40263K->40292K(349568K)
[25.254s][info][gc,metaspace ] GC(1364) Metaspace: 13520K->13520K(1062912K)
[25.254s][info][gc           ] GC(1364) Pause Young (Allocation Failure) 176M->39M(494M) 0.417ms
[25.254s][info][gc,cpu       ] GC(1364) User=0.00s Sys=0.00s Real=0.00s
[25.270s][info][gc,start     ] GC(1365) Pause Young (Allocation Failure)
[25.270s][info][gc,heap      ] GC(1365) DefNew: 140201K->423K(157248K)
[25.271s][info][gc,heap      ] GC(1365) Tenured: 40292K->40322K(349568K)
[25.271s][info][gc,metaspace ] GC(1365) Metaspace: 13520K->13520K(1062912K)
[25.271s][info][gc           ] GC(1365) Pause Young (Allocation Failure) 176M->39M(494M) 0.469ms
[25.271s][info][gc,cpu       ] GC(1365) User=0.00s Sys=0.00s Real=0.00s
[25.285s][info][gc,start     ] GC(1366) Pause Young (Allocation Failure)
[25.285s][info][gc,heap      ] GC(1366) DefNew: 140199K->420K(157248K)
[25.285s][info][gc,heap      ] GC(1366) Tenured: 40322K->40351K(349568K)
[25.285s][info][gc,metaspace ] GC(1366) Metaspace: 13520K->13520K(1062912K)
[25.285s][info][gc           ] GC(1366) Pause Young (Allocation Failure) 176M->39M(494M) 0.437ms
[25.285s][info][gc,cpu       ] GC(1366) User=0.00s Sys=0.00s Real=0.00s
[25.303s][info][gc,start     ] GC(1367) Pause Young (Allocation Failure)
[25.303s][info][gc,heap      ] GC(1367) DefNew: 140196K->419K(157248K)
[25.303s][info][gc,heap      ] GC(1367) Tenured: 40351K->40381K(349568K)
[25.303s][info][gc,metaspace ] GC(1367) Metaspace: 13520K->13520K(1062912K)
[25.303s][info][gc           ] GC(1367) Pause Young (Allocation Failure) 176M->39M(494M) 0.449ms
[25.303s][info][gc,cpu       ] GC(1367) User=0.00s Sys=0.00s Real=0.00s
[25.321s][info][gc,start     ] GC(1368) Pause Young (Allocation Failure)
[25.321s][info][gc,heap      ] GC(1368) DefNew: 140195K->428K(157248K)
[25.321s][info][gc,heap      ] GC(1368) Tenured: 40381K->40400K(349568K)
[25.321s][info][gc,metaspace ] GC(1368) Metaspace: 13520K->13520K(1062912K)
[25.321s][info][gc           ] GC(1368) Pause Young (Allocation Failure) 176M->39M(494M) 0.427ms
[25.321s][info][gc,cpu       ] GC(1368) User=0.00s Sys=0.00s Real=0.00s
[25.339s][info][gc,start     ] GC(1369) Pause Young (Allocation Failure)
[25.339s][info][gc,heap      ] GC(1369) DefNew: 140204K->427K(157248K)
[25.339s][info][gc,heap      ] GC(1369) Tenured: 40400K->40429K(349568K)
[25.339s][info][gc,metaspace ] GC(1369) Metaspace: 13520K->13520K(1062912K)
[25.339s][info][gc           ] GC(1369) Pause Young (Allocation Failure) 176M->39M(494M) 0.555ms
[25.339s][info][gc,cpu       ] GC(1369) User=0.00s Sys=0.00s Real=0.01s
[25.358s][info][gc,start     ] GC(1370) Pause Young (Allocation Failure)
[25.359s][info][gc,heap      ] GC(1370) DefNew: 140203K->426K(157248K)
[25.359s][info][gc,heap      ] GC(1370) Tenured: 40429K->40459K(349568K)
[25.359s][info][gc,metaspace ] GC(1370) Metaspace: 13520K->13520K(1062912K)
[25.359s][info][gc           ] GC(1370) Pause Young (Allocation Failure) 176M->39M(494M) 0.520ms
[25.359s][info][gc,cpu       ] GC(1370) User=0.00s Sys=0.00s Real=0.00s
[25.377s][info][gc,start     ] GC(1371) Pause Young (Allocation Failure)
[25.378s][info][gc,heap      ] GC(1371) DefNew: 140202K->424K(157248K)
[25.378s][info][gc,heap      ] GC(1371) Tenured: 40459K->40488K(349568K)
[25.378s][info][gc,metaspace ] GC(1371) Metaspace: 13520K->13520K(1062912K)
[25.378s][info][gc           ] GC(1371) Pause Young (Allocation Failure) 176M->39M(494M) 0.474ms
[25.378s][info][gc,cpu       ] GC(1371) User=0.00s Sys=0.00s Real=0.00s
[25.395s][info][gc,start     ] GC(1372) Pause Young (Allocation Failure)
[25.395s][info][gc,heap      ] GC(1372) DefNew: 140200K->422K(157248K)
[25.395s][info][gc,heap      ] GC(1372) Tenured: 40488K->40517K(349568K)
[25.395s][info][gc,metaspace ] GC(1372) Metaspace: 13520K->13520K(1062912K)
[25.395s][info][gc           ] GC(1372) Pause Young (Allocation Failure) 176M->39M(494M) 0.429ms
[25.395s][info][gc,cpu       ] GC(1372) User=0.00s Sys=0.00s Real=0.00s
[25.410s][info][gc,start     ] GC(1373) Pause Young (Allocation Failure)
[25.411s][info][gc,heap      ] GC(1373) DefNew: 140198K->419K(157248K)
[25.411s][info][gc,heap      ] GC(1373) Tenured: 40517K->40547K(349568K)
[25.411s][info][gc,metaspace ] GC(1373) Metaspace: 13520K->13520K(1062912K)
[25.411s][info][gc           ] GC(1373) Pause Young (Allocation Failure) 176M->40M(494M) 0.414ms
[25.411s][info][gc,cpu       ] GC(1373) User=0.00s Sys=0.00s Real=0.00s
[25.428s][info][gc,start     ] GC(1374) Pause Young (Allocation Failure)
[25.428s][info][gc,heap      ] GC(1374) DefNew: 140195K->419K(157248K)
[25.428s][info][gc,heap      ] GC(1374) Tenured: 40547K->40576K(349568K)
[25.428s][info][gc,metaspace ] GC(1374) Metaspace: 13520K->13520K(1062912K)
[25.428s][info][gc           ] GC(1374) Pause Young (Allocation Failure) 176M->40M(494M) 0.447ms
[25.428s][info][gc,cpu       ] GC(1374) User=0.00s Sys=0.00s Real=0.00s
[25.445s][info][gc,start     ] GC(1375) Pause Young (Allocation Failure)
[25.445s][info][gc,heap      ] GC(1375) DefNew: 140195K->428K(157248K)
[25.445s][info][gc,heap      ] GC(1375) Tenured: 40576K->40596K(349568K)
[25.445s][info][gc,metaspace ] GC(1375) Metaspace: 13520K->13520K(1062912K)
[25.445s][info][gc           ] GC(1375) Pause Young (Allocation Failure) 176M->40M(494M) 0.423ms
[25.445s][info][gc,cpu       ] GC(1375) User=0.00s Sys=0.00s Real=0.00s
[25.460s][info][gc,start     ] GC(1376) Pause Young (Allocation Failure)
[25.460s][info][gc,heap      ] GC(1376) DefNew: 140204K->426K(157248K)
[25.460s][info][gc,heap      ] GC(1376) Tenured: 40596K->40625K(349568K)
[25.460s][info][gc,metaspace ] GC(1376) Metaspace: 13520K->13520K(1062912K)
[25.461s][info][gc           ] GC(1376) Pause Young (Allocation Failure) 176M->40M(494M) 0.417ms
[25.461s][info][gc,cpu       ] GC(1376) User=0.00s Sys=0.00s Real=0.00s
[25.477s][info][gc,start     ] GC(1377) Pause Young (Allocation Failure)
[25.477s][info][gc,heap      ] GC(1377) DefNew: 140202K->425K(157248K)
[25.477s][info][gc,heap      ] GC(1377) Tenured: 40625K->40654K(349568K)
[25.477s][info][gc,metaspace ] GC(1377) Metaspace: 13520K->13520K(1062912K)
[25.477s][info][gc           ] GC(1377) Pause Young (Allocation Failure) 176M->40M(494M) 0.465ms
[25.477s][info][gc,cpu       ] GC(1377) User=0.00s Sys=0.00s Real=0.00s
[25.497s][info][gc,start     ] GC(1378) Pause Young (Allocation Failure)
[25.497s][info][gc,heap      ] GC(1378) DefNew: 140201K->423K(157248K)
[25.497s][info][gc,heap      ] GC(1378) Tenured: 40654K->40684K(349568K)
[25.497s][info][gc,metaspace ] GC(1378) Metaspace: 13520K->13520K(1062912K)
[25.497s][info][gc           ] GC(1378) Pause Young (Allocation Failure) 176M->40M(494M) 0.455ms
[25.497s][info][gc,cpu       ] GC(1378) User=0.00s Sys=0.00s Real=0.00s
[25.513s][info][gc,start     ] GC(1379) Pause Young (Allocation Failure)
[25.514s][info][gc,heap      ] GC(1379) DefNew: 140199K->420K(157248K)
[25.514s][info][gc,heap      ] GC(1379) Tenured: 40684K->40713K(349568K)
[25.514s][info][gc,metaspace ] GC(1379) Metaspace: 13520K->13520K(1062912K)
[25.514s][info][gc           ] GC(1379) Pause Young (Allocation Failure) 176M->40M(494M) 0.396ms
[25.514s][info][gc,cpu       ] GC(1379) User=0.00s Sys=0.00s Real=0.00s
[25.531s][info][gc,start     ] GC(1380) Pause Young (Allocation Failure)
[25.531s][info][gc,heap      ] GC(1380) DefNew: 140196K->419K(157248K)
[25.531s][info][gc,heap      ] GC(1380) Tenured: 40713K->40742K(349568K)
[25.531s][info][gc,metaspace ] GC(1380) Metaspace: 13520K->13520K(1062912K)
[25.531s][info][gc           ] GC(1380) Pause Young (Allocation Failure) 176M->40M(494M) 0.426ms
[25.531s][info][gc,cpu       ] GC(1380) User=0.00s Sys=0.00s Real=0.00s
[25.549s][info][gc,start     ] GC(1381) Pause Young (Allocation Failure)
[25.550s][info][gc,heap      ] GC(1381) DefNew: 140195K->428K(157248K)
[25.550s][info][gc,heap      ] GC(1381) Tenured: 40742K->40762K(349568K)
[25.550s][info][gc,metaspace ] GC(1381) Metaspace: 13520K->13520K(1062912K)
[25.550s][info][gc           ] GC(1381) Pause Young (Allocation Failure) 176M->40M(494M) 0.433ms
[25.550s][info][gc,cpu       ] GC(1381) User=0.00s Sys=0.00s Real=0.00s
[25.567s][info][gc,start     ] GC(1382) Pause Young (Allocation Failure)
[25.567s][info][gc,heap      ] GC(1382) DefNew: 140204K->427K(157248K)
[25.567s][info][gc,heap      ] GC(1382) Tenured: 40762K->40791K(349568K)
[25.567s][info][gc,metaspace ] GC(1382) Metaspace: 13520K->13520K(1062912K)
[25.567s][info][gc           ] GC(1382) Pause Young (Allocation Failure) 176M->40M(494M) 0.472ms
[25.567s][info][gc,cpu       ] GC(1382) User=0.00s Sys=0.00s Real=0.00s
[25.584s][info][gc,start     ] GC(1383) Pause Young (Allocation Failure)
[25.585s][info][gc,heap      ] GC(1383) DefNew: 140203K->426K(157248K)
[25.585s][info][gc,heap      ] GC(1383) Tenured: 40791K->40821K(349568K)
[25.585s][info][gc,metaspace ] GC(1383) Metaspace: 13520K->13520K(1062912K)
[25.585s][info][gc           ] GC(1383) Pause Young (Allocation Failure) 176M->40M(494M) 0.426ms
[25.585s][info][gc,cpu       ] GC(1383) User=0.00s Sys=0.00s Real=0.00s
[25.610s][info][gc,start     ] GC(1384) Pause Young (Allocation Failure)
[25.611s][info][gc,heap      ] GC(1384) DefNew: 140202K->425K(157248K)
[25.611s][info][gc,heap      ] GC(1384) Tenured: 40821K->40850K(349568K)
[25.611s][info][gc,metaspace ] GC(1384) Metaspace: 13528K->13528K(1062912K)
[25.611s][info][gc           ] GC(1384) Pause Young (Allocation Failure) 176M->40M(494M) 0.605ms
[25.611s][info][gc,cpu       ] GC(1384) User=0.00s Sys=0.00s Real=0.00s
[25.641s][info][gc,start     ] GC(1385) Pause Young (Allocation Failure)
[25.642s][info][gc,heap      ] GC(1385) DefNew: 140201K->422K(157248K)
[25.642s][info][gc,heap      ] GC(1385) Tenured: 40850K->40879K(349568K)
[25.642s][info][gc,metaspace ] GC(1385) Metaspace: 13528K->13528K(1062912K)
[25.642s][info][gc           ] GC(1385) Pause Young (Allocation Failure) 176M->40M(494M) 0.957ms
[25.642s][info][gc,cpu       ] GC(1385) User=0.00s Sys=0.00s Real=0.00s
[25.666s][info][gc,start     ] GC(1386) Pause Young (Allocation Failure)
[25.666s][info][gc,heap      ] GC(1386) DefNew: 140198K->420K(157248K)
[25.666s][info][gc,heap      ] GC(1386) Tenured: 40879K->40909K(349568K)
[25.666s][info][gc,metaspace ] GC(1386) Metaspace: 13528K->13528K(1062912K)
[25.666s][info][gc           ] GC(1386) Pause Young (Allocation Failure) 176M->40M(494M) 0.439ms
[25.666s][info][gc,cpu       ] GC(1386) User=0.00s Sys=0.00s Real=0.00s
[25.681s][info][gc,start     ] GC(1387) Pause Young (Allocation Failure)
[25.682s][info][gc,heap      ] GC(1387) DefNew: 140196K->419K(157248K)
[25.682s][info][gc,heap      ] GC(1387) Tenured: 40909K->40938K(349568K)
[25.682s][info][gc,metaspace ] GC(1387) Metaspace: 13528K->13528K(1062912K)
[25.682s][info][gc           ] GC(1387) Pause Young (Allocation Failure) 176M->40M(494M) 0.379ms
[25.682s][info][gc,cpu       ] GC(1387) User=0.00s Sys=0.00s Real=0.00s
[25.696s][info][gc,start     ] GC(1388) Pause Young (Allocation Failure)
[25.697s][info][gc,heap      ] GC(1388) DefNew: 140195K->428K(157248K)
[25.697s][info][gc,heap      ] GC(1388) Tenured: 40938K->40958K(349568K)
[25.697s][info][gc,metaspace ] GC(1388) Metaspace: 13528K->13528K(1062912K)
[25.697s][info][gc           ] GC(1388) Pause Young (Allocation Failure) 176M->40M(494M) 0.398ms
[25.697s][info][gc,cpu       ] GC(1388) User=0.00s Sys=0.00s Real=0.00s
[25.711s][info][gc,start     ] GC(1389) Pause Young (Allocation Failure)
[25.712s][info][gc,heap      ] GC(1389) DefNew: 140204K->427K(157248K)
[25.712s][info][gc,heap      ] GC(1389) Tenured: 40958K->40987K(349568K)
[25.712s][info][gc,metaspace ] GC(1389) Metaspace: 13528K->13528K(1062912K)
[25.712s][info][gc           ] GC(1389) Pause Young (Allocation Failure) 176M->40M(494M) 0.409ms
[25.712s][info][gc,cpu       ] GC(1389) User=0.00s Sys=0.00s Real=0.00s
[25.727s][info][gc,start     ] GC(1390) Pause Young (Allocation Failure)
[25.727s][info][gc,heap      ] GC(1390) DefNew: 140203K->425K(157248K)
[25.727s][info][gc,heap      ] GC(1390) Tenured: 40987K->41016K(349568K)
[25.727s][info][gc,metaspace ] GC(1390) Metaspace: 13528K->13528K(1062912K)
[25.727s][info][gc           ] GC(1390) Pause Young (Allocation Failure) 176M->40M(494M) 0.372ms
[25.727s][info][gc,cpu       ] GC(1390) User=0.00s Sys=0.00s Real=0.00s
[25.741s][info][gc,start     ] GC(1391) Pause Young (Allocation Failure)
[25.742s][info][gc,heap      ] GC(1391) DefNew: 140201K->424K(157248K)
[25.742s][info][gc,heap      ] GC(1391) Tenured: 41016K->41046K(349568K)
[25.742s][info][gc,metaspace ] GC(1391) Metaspace: 13528K->13528K(1062912K)
[25.742s][info][gc           ] GC(1391) Pause Young (Allocation Failure) 176M->40M(494M) 0.410ms
[25.742s][info][gc,cpu       ] GC(1391) User=0.00s Sys=0.00s Real=0.00s
[25.756s][info][gc,start     ] GC(1392) Pause Young (Allocation Failure)
[25.756s][info][gc,heap      ] GC(1392) DefNew: 140200K->420K(157248K)
[25.757s][info][gc,heap      ] GC(1392) Tenured: 41046K->41075K(349568K)
[25.757s][info][gc,metaspace ] GC(1392) Metaspace: 13528K->13528K(1062912K)
[25.757s][info][gc           ] GC(1392) Pause Young (Allocation Failure) 176M->40M(494M) 0.757ms
[25.757s][info][gc,cpu       ] GC(1392) User=0.00s Sys=0.00s Real=0.00s
[25.773s][info][gc,start     ] GC(1393) Pause Young (Allocation Failure)
[25.773s][info][gc,heap      ] GC(1393) DefNew: 140196K->419K(157248K)
[25.773s][info][gc,heap      ] GC(1393) Tenured: 41075K->41104K(349568K)
[25.773s][info][gc,metaspace ] GC(1393) Metaspace: 13528K->13528K(1062912K)
[25.773s][info][gc           ] GC(1393) Pause Young (Allocation Failure) 177M->40M(494M) 0.446ms
[25.773s][info][gc,cpu       ] GC(1393) User=0.00s Sys=0.00s Real=0.00s
[25.789s][info][gc,start     ] GC(1394) Pause Young (Allocation Failure)
[25.790s][info][gc,heap      ] GC(1394) DefNew: 140195K->428K(157248K)
[25.790s][info][gc,heap      ] GC(1394) Tenured: 41104K->41124K(349568K)
[25.790s][info][gc,metaspace ] GC(1394) Metaspace: 13528K->13528K(1062912K)
[25.790s][info][gc           ] GC(1394) Pause Young (Allocation Failure) 177M->40M(494M) 0.467ms
[25.790s][info][gc,cpu       ] GC(1394) User=0.00s Sys=0.00s Real=0.00s
[25.806s][info][gc,start     ] GC(1395) Pause Young (Allocation Failure)
[25.807s][info][gc,heap      ] GC(1395) DefNew: 140204K->427K(157248K)
[25.807s][info][gc,heap      ] GC(1395) Tenured: 41124K->41153K(349568K)
[25.807s][info][gc,metaspace ] GC(1395) Metaspace: 13528K->13528K(1062912K)
[25.807s][info][gc           ] GC(1395) Pause Young (Allocation Failure) 177M->40M(494M) 0.439ms
[25.807s][info][gc,cpu       ] GC(1395) User=0.00s Sys=0.00s Real=0.00s
[25.823s][info][gc,start     ] GC(1396) Pause Young (Allocation Failure)
[25.823s][info][gc,heap      ] GC(1396) DefNew: 140203K->426K(157248K)
[25.823s][info][gc,heap      ] GC(1396) Tenured: 41153K->41183K(349568K)
[25.823s][info][gc,metaspace ] GC(1396) Metaspace: 13528K->13528K(1062912K)
[25.823s][info][gc           ] GC(1396) Pause Young (Allocation Failure) 177M->40M(494M) 0.381ms
[25.823s][info][gc,cpu       ] GC(1396) User=0.00s Sys=0.00s Real=0.00s
[25.841s][info][gc,start     ] GC(1397) Pause Young (Allocation Failure)
[25.841s][info][gc,heap      ] GC(1397) DefNew: 140202K->425K(157248K)
[25.841s][info][gc,heap      ] GC(1397) Tenured: 41183K->41212K(349568K)
[25.841s][info][gc,metaspace ] GC(1397) Metaspace: 13528K->13528K(1062912K)
[25.841s][info][gc           ] GC(1397) Pause Young (Allocation Failure) 177M->40M(494M) 0.500ms
[25.841s][info][gc,cpu       ] GC(1397) User=0.00s Sys=0.00s Real=0.00s
[25.859s][info][gc,start     ] GC(1398) Pause Young (Allocation Failure)
[25.860s][info][gc,heap      ] GC(1398) DefNew: 140201K->423K(157248K)
[25.860s][info][gc,heap      ] GC(1398) Tenured: 41212K->41241K(349568K)
[25.860s][info][gc,metaspace ] GC(1398) Metaspace: 13528K->13528K(1062912K)
[25.860s][info][gc           ] GC(1398) Pause Young (Allocation Failure) 177M->40M(494M) 0.439ms
[25.860s][info][gc,cpu       ] GC(1398) User=0.00s Sys=0.00s Real=0.00s
[25.874s][info][gc,start     ] GC(1399) Pause Young (Allocation Failure)
[25.875s][info][gc,heap      ] GC(1399) DefNew: 140199K->420K(157248K)
[25.875s][info][gc,heap      ] GC(1399) Tenured: 41241K->41271K(349568K)
[25.875s][info][gc,metaspace ] GC(1399) Metaspace: 13528K->13528K(1062912K)
[25.875s][info][gc           ] GC(1399) Pause Young (Allocation Failure) 177M->40M(494M) 0.406ms
[25.875s][info][gc,cpu       ] GC(1399) User=0.01s Sys=0.00s Real=0.00s
[25.890s][info][gc,start     ] GC(1400) Pause Young (Allocation Failure)
[25.891s][info][gc,heap      ] GC(1400) DefNew: 140196K->419K(157248K)
[25.891s][info][gc,heap      ] GC(1400) Tenured: 41271K->41300K(349568K)
[25.891s][info][gc,metaspace ] GC(1400) Metaspace: 13528K->13528K(1062912K)
[25.891s][info][gc           ] GC(1400) Pause Young (Allocation Failure) 177M->40M(494M) 0.375ms
[25.891s][info][gc,cpu       ] GC(1400) User=0.00s Sys=0.00s Real=0.00s
[25.905s][info][gc,start     ] GC(1401) Pause Young (Allocation Failure)
[25.906s][info][gc,heap      ] GC(1401) DefNew: 140195K->428K(157248K)
[25.906s][info][gc,heap      ] GC(1401) Tenured: 41300K->41320K(349568K)
[25.906s][info][gc,metaspace ] GC(1401) Metaspace: 13528K->13528K(1062912K)
[25.906s][info][gc           ] GC(1401) Pause Young (Allocation Failure) 177M->40M(494M) 0.372ms
[25.906s][info][gc,cpu       ] GC(1401) User=0.00s Sys=0.00s Real=0.00s
[25.922s][info][gc,start     ] GC(1402) Pause Young (Allocation Failure)
[25.923s][info][gc,heap      ] GC(1402) DefNew: 140204K->427K(157248K)
[25.923s][info][gc,heap      ] GC(1402) Tenured: 41320K->41349K(349568K)
[25.923s][info][gc,metaspace ] GC(1402) Metaspace: 13528K->13528K(1062912K)
[25.923s][info][gc           ] GC(1402) Pause Young (Allocation Failure) 177M->40M(494M) 0.472ms
[25.923s][info][gc,cpu       ] GC(1402) User=0.00s Sys=0.00s Real=0.00s
[25.940s][info][gc,start     ] GC(1403) Pause Young (Allocation Failure)
[25.941s][info][gc,heap      ] GC(1403) DefNew: 140203K->426K(157248K)
[25.941s][info][gc,heap      ] GC(1403) Tenured: 41349K->41378K(349568K)
[25.941s][info][gc,metaspace ] GC(1403) Metaspace: 13528K->13528K(1062912K)
[25.941s][info][gc           ] GC(1403) Pause Young (Allocation Failure) 177M->40M(494M) 0.463ms
[25.941s][info][gc,cpu       ] GC(1403) User=0.00s Sys=0.00s Real=0.00s
[25.958s][info][gc,start     ] GC(1404) Pause Young (Allocation Failure)
[25.959s][info][gc,heap      ] GC(1404) DefNew: 140202K->424K(157248K)
[25.959s][info][gc,heap      ] GC(1404) Tenured: 41378K->41408K(349568K)
[25.959s][info][gc,metaspace ] GC(1404) Metaspace: 13528K->13528K(1062912K)
[25.959s][info][gc           ] GC(1404) Pause Young (Allocation Failure) 177M->40M(494M) 0.484ms
[25.959s][info][gc,cpu       ] GC(1404) User=0.00s Sys=0.00s Real=0.00s
[25.980s][info][gc,start     ] GC(1405) Pause Young (Allocation Failure)
[25.980s][info][gc,heap      ] GC(1405) DefNew: 140200K->421K(157248K)
[25.980s][info][gc,heap      ] GC(1405) Tenured: 41408K->41437K(349568K)
[25.980s][info][gc,metaspace ] GC(1405) Metaspace: 13528K->13528K(1062912K)
[25.980s][info][gc           ] GC(1405) Pause Young (Allocation Failure) 177M->40M(494M) 0.493ms
[25.980s][info][gc,cpu       ] GC(1405) User=0.00s Sys=0.00s Real=0.00s
[25.997s][info][gc,start     ] GC(1406) Pause Young (Allocation Failure)
[25.997s][info][gc,heap      ] GC(1406) DefNew: 140197K->419K(157248K)
[25.997s][info][gc,heap      ] GC(1406) Tenured: 41437K->41466K(349568K)
[25.997s][info][gc,metaspace ] GC(1406) Metaspace: 13528K->13528K(1062912K)
[25.997s][info][gc           ] GC(1406) Pause Young (Allocation Failure) 177M->40M(494M) 0.448ms
[25.997s][info][gc,cpu       ] GC(1406) User=0.00s Sys=0.00s Real=0.00s
[26.016s][info][gc,start     ] GC(1407) Pause Young (Allocation Failure)
[26.017s][info][gc,heap      ] GC(1407) DefNew: 140195K->428K(157248K)
[26.017s][info][gc,heap      ] GC(1407) Tenured: 41466K->41486K(349568K)
[26.017s][info][gc,metaspace ] GC(1407) Metaspace: 13528K->13528K(1062912K)
[26.017s][info][gc           ] GC(1407) Pause Young (Allocation Failure) 177M->40M(494M) 0.561ms
[26.017s][info][gc,cpu       ] GC(1407) User=0.00s Sys=0.00s Real=0.00s
[26.033s][info][gc,start     ] GC(1408) Pause Young (Allocation Failure)
[26.034s][info][gc,heap      ] GC(1408) DefNew: 140204K->427K(157248K)
[26.034s][info][gc,heap      ] GC(1408) Tenured: 41486K->41515K(349568K)
[26.034s][info][gc,metaspace ] GC(1408) Metaspace: 13528K->13528K(1062912K)
[26.034s][info][gc           ] GC(1408) Pause Young (Allocation Failure) 177M->40M(494M) 0.493ms
[26.034s][info][gc,cpu       ] GC(1408) User=0.00s Sys=0.00s Real=0.00s
[26.052s][info][gc,start     ] GC(1409) Pause Young (Allocation Failure)
[26.053s][info][gc,heap      ] GC(1409) DefNew: 140203K->426K(157248K)
[26.053s][info][gc,heap      ] GC(1409) Tenured: 41515K->41544K(349568K)
[26.053s][info][gc,metaspace ] GC(1409) Metaspace: 13528K->13528K(1062912K)
[26.053s][info][gc           ] GC(1409) Pause Young (Allocation Failure) 177M->40M(494M) 0.418ms
[26.053s][info][gc,cpu       ] GC(1409) User=0.00s Sys=0.00s Real=0.00s
[26.070s][info][gc,start     ] GC(1410) Pause Young (Allocation Failure)
[26.070s][info][gc,heap      ] GC(1410) DefNew: 140202K->425K(157248K)
[26.070s][info][gc,heap      ] GC(1410) Tenured: 41544K->41574K(349568K)
[26.070s][info][gc,metaspace ] GC(1410) Metaspace: 13528K->13528K(1062912K)
[26.070s][info][gc           ] GC(1410) Pause Young (Allocation Failure) 177M->41M(494M) 0.525ms
[26.070s][info][gc,cpu       ] GC(1410) User=0.00s Sys=0.00s Real=0.00s
[26.089s][info][gc,start     ] GC(1411) Pause Young (Allocation Failure)
[26.089s][info][gc,heap      ] GC(1411) DefNew: 140201K->423K(157248K)
[26.089s][info][gc,heap      ] GC(1411) Tenured: 41574K->41603K(349568K)
[26.089s][info][gc,metaspace ] GC(1411) Metaspace: 13528K->13528K(1062912K)
[26.089s][info][gc           ] GC(1411) Pause Young (Allocation Failure) 177M->41M(494M) 0.463ms
[26.089s][info][gc,cpu       ] GC(1411) User=0.00s Sys=0.00s Real=0.00s
[26.105s][info][gc,start     ] GC(1412) Pause Young (Allocation Failure)
[26.105s][info][gc,heap      ] GC(1412) DefNew: 140199K->420K(157248K)
[26.105s][info][gc,heap      ] GC(1412) Tenured: 41603K->41633K(349568K)
[26.105s][info][gc,metaspace ] GC(1412) Metaspace: 13528K->13528K(1062912K)
[26.105s][info][gc           ] GC(1412) Pause Young (Allocation Failure) 177M->41M(494M) 0.428ms
[26.105s][info][gc,cpu       ] GC(1412) User=0.00s Sys=0.00s Real=0.00s
[26.123s][info][gc,start     ] GC(1413) Pause Young (Allocation Failure)
[26.123s][info][gc,heap      ] GC(1413) DefNew: 140196K->419K(157248K)
[26.123s][info][gc,heap      ] GC(1413) Tenured: 41633K->41662K(349568K)
[26.123s][info][gc,metaspace ] GC(1413) Metaspace: 13528K->13528K(1062912K)
[26.123s][info][gc           ] GC(1413) Pause Young (Allocation Failure) 177M->41M(494M) 0.404ms
[26.123s][info][gc,cpu       ] GC(1413) User=0.00s Sys=0.00s Real=0.00s
[26.139s][info][gc,start     ] GC(1414) Pause Young (Allocation Failure)
[26.139s][info][gc,heap      ] GC(1414) DefNew: 140195K->428K(157248K)
[26.139s][info][gc,heap      ] GC(1414) Tenured: 41662K->41681K(349568K)
[26.139s][info][gc,metaspace ] GC(1414) Metaspace: 13528K->13528K(1062912K)
[26.139s][info][gc           ] GC(1414) Pause Young (Allocation Failure) 177M->41M(494M) 0.405ms
[26.139s][info][gc,cpu       ] GC(1414) User=0.00s Sys=0.00s Real=0.00s
[26.155s][info][gc,start     ] GC(1415) Pause Young (Allocation Failure)
[26.155s][info][gc,heap      ] GC(1415) DefNew: 140204K->427K(157248K)
[26.155s][info][gc,heap      ] GC(1415) Tenured: 41681K->41711K(349568K)
[26.155s][info][gc,metaspace ] GC(1415) Metaspace: 13528K->13528K(1062912K)
[26.155s][info][gc           ] GC(1415) Pause Young (Allocation Failure) 177M->41M(494M) 0.429ms
[26.155s][info][gc,cpu       ] GC(1415) User=0.00s Sys=0.00s Real=0.00s
[26.172s][info][gc,start     ] GC(1416) Pause Young (Allocation Failure)
[26.172s][info][gc,heap      ] GC(1416) DefNew: 140203K->426K(157248K)
[26.172s][info][gc,heap      ] GC(1416) Tenured: 41711K->41740K(349568K)
[26.172s][info][gc,metaspace ] GC(1416) Metaspace: 13528K->13528K(1062912K)
[26.172s][info][gc           ] GC(1416) Pause Young (Allocation Failure) 177M->41M(494M) 0.425ms
[26.172s][info][gc,cpu       ] GC(1416) User=0.00s Sys=0.00s Real=0.00s
[26.188s][info][gc,start     ] GC(1417) Pause Young (Allocation Failure)
[26.189s][info][gc,heap      ] GC(1417) DefNew: 140202K->424K(157248K)
[26.189s][info][gc,heap      ] GC(1417) Tenured: 41740K->41769K(349568K)
[26.189s][info][gc,metaspace ] GC(1417) Metaspace: 13528K->13528K(1062912K)
[26.189s][info][gc           ] GC(1417) Pause Young (Allocation Failure) 177M->41M(494M) 0.435ms
[26.189s][info][gc,cpu       ] GC(1417) User=0.00s Sys=0.00s Real=0.00s
[26.206s][info][gc,start     ] GC(1418) Pause Young (Allocation Failure)
[26.206s][info][gc,heap      ] GC(1418) DefNew: 140200K->422K(157248K)
[26.206s][info][gc,heap      ] GC(1418) Tenured: 41769K->41799K(349568K)
[26.206s][info][gc,metaspace ] GC(1418) Metaspace: 13528K->13528K(1062912K)
[26.206s][info][gc           ] GC(1418) Pause Young (Allocation Failure) 177M->41M(494M) 0.435ms
[26.206s][info][gc,cpu       ] GC(1418) User=0.00s Sys=0.00s Real=0.00s
[26.222s][info][gc,start     ] GC(1419) Pause Young (Allocation Failure)
[26.222s][info][gc,heap      ] GC(1419) DefNew: 140198K->420K(157248K)
[26.222s][info][gc,heap      ] GC(1419) Tenured: 41799K->41828K(349568K)
[26.222s][info][gc,metaspace ] GC(1419) Metaspace: 13528K->13528K(1062912K)
[26.222s][info][gc           ] GC(1419) Pause Young (Allocation Failure) 177M->41M(494M) 0.404ms
[26.222s][info][gc,cpu       ] GC(1419) User=0.00s Sys=0.00s Real=0.00s
[26.239s][info][gc,start     ] GC(1420) Pause Young (Allocation Failure)
[26.240s][info][gc,heap      ] GC(1420) DefNew: 140196K->419K(157248K)
[26.240s][info][gc,heap      ] GC(1420) Tenured: 41828K->41857K(349568K)
[26.240s][info][gc,metaspace ] GC(1420) Metaspace: 13528K->13528K(1062912K)
[26.240s][info][gc           ] GC(1420) Pause Young (Allocation Failure) 177M->41M(494M) 0.525ms
[26.240s][info][gc,cpu       ] GC(1420) User=0.00s Sys=0.00s Real=0.01s
[26.260s][info][gc,start     ] GC(1421) Pause Young (Allocation Failure)
[26.260s][info][gc,heap      ] GC(1421) DefNew: 140195K->428K(157248K)
[26.260s][info][gc,heap      ] GC(1421) Tenured: 41857K->41877K(349568K)
[26.260s][info][gc,metaspace ] GC(1421) Metaspace: 13528K->13528K(1062912K)
[26.260s][info][gc           ] GC(1421) Pause Young (Allocation Failure) 177M->41M(494M) 0.469ms
[26.260s][info][gc,cpu       ] GC(1421) User=0.01s Sys=0.00s Real=0.00s
[26.278s][info][gc,start     ] GC(1422) Pause Young (Allocation Failure)
[26.279s][info][gc,heap      ] GC(1422) DefNew: 140204K->426K(157248K)
[26.279s][info][gc,heap      ] GC(1422) Tenured: 41877K->41906K(349568K)
[26.279s][info][gc,metaspace ] GC(1422) Metaspace: 13528K->13528K(1062912K)
[26.279s][info][gc           ] GC(1422) Pause Young (Allocation Failure) 177M->41M(494M) 0.373ms
[26.279s][info][gc,cpu       ] GC(1422) User=0.00s Sys=0.00s Real=0.00s
[26.294s][info][gc,start     ] GC(1423) Pause Young (Allocation Failure)
[26.294s][info][gc,heap      ] GC(1423) DefNew: 140202K->425K(157248K)
[26.294s][info][gc,heap      ] GC(1423) Tenured: 41906K->41936K(349568K)
[26.294s][info][gc,metaspace ] GC(1423) Metaspace: 13528K->13528K(1062912K)
[26.294s][info][gc           ] GC(1423) Pause Young (Allocation Failure) 177M->41M(494M) 0.487ms
[26.294s][info][gc,cpu       ] GC(1423) User=0.00s Sys=0.00s Real=0.00s
[26.312s][info][gc,start     ] GC(1424) Pause Young (Allocation Failure)
[26.312s][info][gc,heap      ] GC(1424) DefNew: 140201K->424K(157248K)
[26.312s][info][gc,heap      ] GC(1424) Tenured: 41936K->41965K(349568K)
[26.312s][info][gc,metaspace ] GC(1424) Metaspace: 13528K->13528K(1062912K)
[26.312s][info][gc           ] GC(1424) Pause Young (Allocation Failure) 177M->41M(494M) 0.425ms
[26.312s][info][gc,cpu       ] GC(1424) User=0.00s Sys=0.00s Real=0.00s
[26.327s][info][gc,start     ] GC(1425) Pause Young (Allocation Failure)
[26.328s][info][gc,heap      ] GC(1425) DefNew: 140200K->420K(157248K)
[26.328s][info][gc,heap      ] GC(1425) Tenured: 41965K->41994K(349568K)
[26.328s][info][gc,metaspace ] GC(1425) Metaspace: 13528K->13528K(1062912K)
[26.328s][info][gc           ] GC(1425) Pause Young (Allocation Failure) 177M->41M(494M) 0.460ms
[26.328s][info][gc,cpu       ] GC(1425) User=0.00s Sys=0.00s Real=0.00s
[26.348s][info][gc,start     ] GC(1426) Pause Young (Allocation Failure)
[26.348s][info][gc,heap      ] GC(1426) DefNew: 140196K->419K(157248K)
[26.348s][info][gc,heap      ] GC(1426) Tenured: 41994K->42024K(349568K)
[26.348s][info][gc,metaspace ] GC(1426) Metaspace: 13528K->13528K(1062912K)
[26.348s][info][gc           ] GC(1426) Pause Young (Allocation Failure) 177M->41M(494M) 0.444ms
[26.348s][info][gc,cpu       ] GC(1426) User=0.00s Sys=0.00s Real=0.00s
[26.366s][info][gc,start     ] GC(1427) Pause Young (Allocation Failure)
[26.366s][info][gc,heap      ] GC(1427) DefNew: 140195K->428K(157248K)
[26.366s][info][gc,heap      ] GC(1427) Tenured: 42024K->42043K(349568K)
[26.366s][info][gc,metaspace ] GC(1427) Metaspace: 13528K->13528K(1062912K)
[26.366s][info][gc           ] GC(1427) Pause Young (Allocation Failure) 177M->41M(494M) 0.398ms
[26.366s][info][gc,cpu       ] GC(1427) User=0.00s Sys=0.00s Real=0.00s
[26.385s][info][gc,start     ] GC(1428) Pause Young (Allocation Failure)
[26.385s][info][gc,heap      ] GC(1428) DefNew: 140204K->427K(157248K)
[26.385s][info][gc,heap      ] GC(1428) Tenured: 42043K->42073K(349568K)
[26.385s][info][gc,metaspace ] GC(1428) Metaspace: 13528K->13528K(1062912K)
[26.385s][info][gc           ] GC(1428) Pause Young (Allocation Failure) 177M->41M(494M) 0.453ms
[26.385s][info][gc,cpu       ] GC(1428) User=0.00s Sys=0.00s Real=0.00s
[26.404s][info][gc,start     ] GC(1429) Pause Young (Allocation Failure)
[26.405s][info][gc,heap      ] GC(1429) DefNew: 140203K->426K(157248K)
[26.405s][info][gc,heap      ] GC(1429) Tenured: 42073K->42102K(349568K)
[26.405s][info][gc,metaspace ] GC(1429) Metaspace: 13528K->13528K(1062912K)
[26.405s][info][gc           ] GC(1429) Pause Young (Allocation Failure) 178M->41M(494M) 0.450ms
[26.405s][info][gc,cpu       ] GC(1429) User=0.00s Sys=0.00s Real=0.00s
[26.421s][info][gc,start     ] GC(1430) Pause Young (Allocation Failure)
[26.421s][info][gc,heap      ] GC(1430) DefNew: 140202K->425K(157248K)
[26.421s][info][gc,heap      ] GC(1430) Tenured: 42102K->42131K(349568K)
[26.421s][info][gc,metaspace ] GC(1430) Metaspace: 13528K->13528K(1062912K)
[26.421s][info][gc           ] GC(1430) Pause Young (Allocation Failure) 178M->41M(494M) 0.428ms
[26.421s][info][gc,cpu       ] GC(1430) User=0.00s Sys=0.00s Real=0.00s
[26.438s][info][gc,start     ] GC(1431) Pause Young (Allocation Failure)
[26.438s][info][gc,heap      ] GC(1431) DefNew: 140201K->422K(157248K)
[26.438s][info][gc,heap      ] GC(1431) Tenured: 42131K->42161K(349568K)
[26.438s][info][gc,metaspace ] GC(1431) Metaspace: 13528K->13528K(1062912K)
[26.438s][info][gc           ] GC(1431) Pause Young (Allocation Failure) 178M->41M(494M) 0.436ms
[26.438s][info][gc,cpu       ] GC(1431) User=0.00s Sys=0.00s Real=0.00s
[26.454s][info][gc,start     ] GC(1432) Pause Young (Allocation Failure)
[26.455s][info][gc,heap      ] GC(1432) DefNew: 140198K->420K(157248K)
[26.455s][info][gc,heap      ] GC(1432) Tenured: 42161K->42190K(349568K)
[26.455s][info][gc,metaspace ] GC(1432) Metaspace: 13528K->13528K(1062912K)
[26.455s][info][gc           ] GC(1432) Pause Young (Allocation Failure) 178M->41M(494M) 0.373ms
[26.455s][info][gc,cpu       ] GC(1432) User=0.00s Sys=0.00s Real=0.00s
[26.472s][info][gc,start     ] GC(1433) Pause Young (Allocation Failure)
[26.472s][info][gc,heap      ] GC(1433) DefNew: 140196K->419K(157248K)
[26.472s][info][gc,heap      ] GC(1433) Tenured: 42190K->42219K(349568K)
[26.472s][info][gc,metaspace ] GC(1433) Metaspace: 13528K->13528K(1062912K)
[26.472s][info][gc           ] GC(1433) Pause Young (Allocation Failure) 178M->41M(494M) 0.406ms
[26.472s][info][gc,cpu       ] GC(1433) User=0.00s Sys=0.00s Real=0.00s
[26.488s][info][gc,start     ] GC(1434) Pause Young (Allocation Failure)
[26.488s][info][gc,heap      ] GC(1434) DefNew: 140195K->428K(157248K)
[26.488s][info][gc,heap      ] GC(1434) Tenured: 42219K->42239K(349568K)
[26.488s][info][gc,metaspace ] GC(1434) Metaspace: 13528K->13528K(1062912K)
[26.488s][info][gc           ] GC(1434) Pause Young (Allocation Failure) 178M->41M(494M) 0.376ms
[26.488s][info][gc,cpu       ] GC(1434) User=0.00s Sys=0.00s Real=0.00s
[26.505s][info][gc,start     ] GC(1435) Pause Young (Allocation Failure)
[26.506s][info][gc,heap      ] GC(1435) DefNew: 140204K->427K(157248K)
[26.506s][info][gc,heap      ] GC(1435) Tenured: 42239K->42268K(349568K)
[26.506s][info][gc,metaspace ] GC(1435) Metaspace: 13528K->13528K(1062912K)
[26.506s][info][gc           ] GC(1435) Pause Young (Allocation Failure) 178M->41M(494M) 0.400ms
[26.506s][info][gc,cpu       ] GC(1435) User=0.00s Sys=0.00s Real=0.00s
[26.523s][info][gc,start     ] GC(1436) Pause Young (Allocation Failure)
[26.523s][info][gc,heap      ] GC(1436) DefNew: 140203K->425K(157248K)
[26.523s][info][gc,heap      ] GC(1436) Tenured: 42268K->42298K(349568K)
[26.523s][info][gc,metaspace ] GC(1436) Metaspace: 13528K->13528K(1062912K)
[26.523s][info][gc           ] GC(1436) Pause Young (Allocation Failure) 178M->41M(494M) 0.459ms
[26.523s][info][gc,cpu       ] GC(1436) User=0.00s Sys=0.00s Real=0.00s
[26.542s][info][gc,start     ] GC(1437) Pause Young (Allocation Failure)
[26.542s][info][gc,heap      ] GC(1437) DefNew: 140201K->424K(157248K)
[26.542s][info][gc,heap      ] GC(1437) Tenured: 42298K->42327K(349568K)
[26.542s][info][gc,metaspace ] GC(1437) Metaspace: 13528K->13528K(1062912K)
[26.542s][info][gc           ] GC(1437) Pause Young (Allocation Failure) 178M->41M(494M) 0.641ms
[26.542s][info][gc,cpu       ] GC(1437) User=0.01s Sys=0.00s Real=0.00s
[26.558s][info][gc,start     ] GC(1438) Pause Young (Allocation Failure)
[26.559s][info][gc,heap      ] GC(1438) DefNew: 140200K->420K(157248K)
[26.559s][info][gc,heap      ] GC(1438) Tenured: 42327K->42356K(349568K)
[26.559s][info][gc,metaspace ] GC(1438) Metaspace: 13528K->13528K(1062912K)
[26.559s][info][gc           ] GC(1438) Pause Young (Allocation Failure) 178M->41M(494M) 0.388ms
[26.559s][info][gc,cpu       ] GC(1438) User=0.00s Sys=0.00s Real=0.00s
[26.577s][info][gc,start     ] GC(1439) Pause Young (Allocation Failure)
[26.578s][info][gc,heap      ] GC(1439) DefNew: 140196K->419K(157248K)
[26.578s][info][gc,heap      ] GC(1439) Tenured: 42356K->42386K(349568K)
[26.578s][info][gc,metaspace ] GC(1439) Metaspace: 13528K->13528K(1062912K)
[26.578s][info][gc           ] GC(1439) Pause Young (Allocation Failure) 178M->41M(494M) 0.453ms
[26.578s][info][gc,cpu       ] GC(1439) User=0.00s Sys=0.00s Real=0.00s
[26.597s][info][gc,start     ] GC(1440) Pause Young (Allocation Failure)
[26.597s][info][gc,heap      ] GC(1440) DefNew: 140195K->428K(157248K)
[26.597s][info][gc,heap      ] GC(1440) Tenured: 42386K->42405K(349568K)
[26.597s][info][gc,metaspace ] GC(1440) Metaspace: 13531K->13531K(1062912K)
[26.597s][info][gc           ] GC(1440) Pause Young (Allocation Failure) 178M->41M(494M) 0.349ms
[26.597s][info][gc,cpu       ] GC(1440) User=0.00s Sys=0.00s Real=0.00s
[26.627s][info][gc,start     ] GC(1441) Pause Young (Allocation Failure)
[26.628s][info][gc,heap      ] GC(1441) DefNew: 140204K->427K(157248K)
[26.628s][info][gc,heap      ] GC(1441) Tenured: 42405K->42435K(349568K)
[26.628s][info][gc,metaspace ] GC(1441) Metaspace: 13531K->13531K(1062912K)
[26.628s][info][gc           ] GC(1441) Pause Young (Allocation Failure) 178M->41M(494M) 1.028ms
[26.628s][info][gc,cpu       ] GC(1441) User=0.00s Sys=0.00s Real=0.00s
[26.660s][info][gc,start     ] GC(1442) Pause Young (Allocation Failure)
[26.660s][info][gc,heap      ] GC(1442) DefNew: 140203K->426K(157248K)
[26.660s][info][gc,heap      ] GC(1442) Tenured: 42435K->42464K(349568K)
[26.660s][info][gc,metaspace ] GC(1442) Metaspace: 13531K->13531K(1062912K)
[26.660s][info][gc           ] GC(1442) Pause Young (Allocation Failure) 178M->41M(494M) 0.486ms
[26.660s][info][gc,cpu       ] GC(1442) User=0.00s Sys=0.00s Real=0.00s
[26.676s][info][gc,start     ] GC(1443) Pause Young (Allocation Failure)
[26.677s][info][gc,heap      ] GC(1443) DefNew: 140202K->425K(157248K)
[26.677s][info][gc,heap      ] GC(1443) Tenured: 42464K->42493K(349568K)
[26.677s][info][gc,metaspace ] GC(1443) Metaspace: 13531K->13531K(1062912K)
[26.677s][info][gc           ] GC(1443) Pause Young (Allocation Failure) 178M->41M(494M) 0.476ms
[26.677s][info][gc,cpu       ] GC(1443) User=0.00s Sys=0.00s Real=0.00s
[26.694s][info][gc,start     ] GC(1444) Pause Young (Allocation Failure)
[26.694s][info][gc,heap      ] GC(1444) DefNew: 140201K->423K(157248K)
[26.694s][info][gc,heap      ] GC(1444) Tenured: 42493K->42523K(349568K)
[26.694s][info][gc,metaspace ] GC(1444) Metaspace: 13531K->13531K(1062912K)
[26.694s][info][gc           ] GC(1444) Pause Young (Allocation Failure) 178M->41M(494M) 0.454ms
[26.694s][info][gc,cpu       ] GC(1444) User=0.00s Sys=0.00s Real=0.00s
[26.709s][info][gc,start     ] GC(1445) Pause Young (Allocation Failure)
[26.709s][info][gc,heap      ] GC(1445) DefNew: 140199K->420K(157248K)
[26.709s][info][gc,heap      ] GC(1445) Tenured: 42523K->42552K(349568K)
[26.709s][info][gc,metaspace ] GC(1445) Metaspace: 13531K->13531K(1062912K)
[26.709s][info][gc           ] GC(1445) Pause Young (Allocation Failure) 178M->41M(494M) 0.379ms
[26.709s][info][gc,cpu       ] GC(1445) User=0.00s Sys=0.00s Real=0.01s
[26.727s][info][gc,start     ] GC(1446) Pause Young (Allocation Failure)
[26.728s][info][gc,heap      ] GC(1446) DefNew: 140196K->419K(157248K)
[26.728s][info][gc,heap      ] GC(1446) Tenured: 42552K->42581K(349568K)
[26.728s][info][gc,metaspace ] GC(1446) Metaspace: 13531K->13531K(1062912K)
[26.728s][info][gc           ] GC(1446) Pause Young (Allocation Failure) 178M->41M(494M) 0.411ms
[26.728s][info][gc,cpu       ] GC(1446) User=0.00s Sys=0.00s Real=0.00s
[26.748s][info][gc,start     ] GC(1447) Pause Young (Allocation Failure)
[26.748s][info][gc,heap      ] GC(1447) DefNew: 140195K->428K(157248K)
[26.748s][info][gc,heap      ] GC(1447) Tenured: 42581K->42601K(349568K)
[26.748s][info][gc,metaspace ] GC(1447) Metaspace: 13531K->13531K(1062912K)
[26.748s][info][gc           ] GC(1447) Pause Young (Allocation Failure) 178M->42M(494M) 0.529ms
[26.748s][info][gc,cpu       ] GC(1447) User=0.00s Sys=0.00s Real=0.00s
[26.766s][info][gc,start     ] GC(1448) Pause Young (Allocation Failure)
[26.766s][info][gc,heap      ] GC(1448) DefNew: 140204K->427K(157248K)
[26.766s][info][gc,heap      ] GC(1448) Tenured: 42601K->42630K(349568K)
[26.766s][info][gc,metaspace ] GC(1448) Metaspace: 13531K->13531K(1062912K)
[26.766s][info][gc           ] GC(1448) Pause Young (Allocation Failure) 178M->42M(494M) 0.490ms
[26.767s][info][gc,cpu       ] GC(1448) User=0.00s Sys=0.00s Real=0.00s
[26.788s][info][gc,start     ] GC(1449) Pause Young (Allocation Failure)
[26.788s][info][gc,heap      ] GC(1449) DefNew: 140203K->426K(157248K)
[26.789s][info][gc,heap      ] GC(1449) Tenured: 42630K->42660K(349568K)
[26.789s][info][gc,metaspace ] GC(1449) Metaspace: 13531K->13531K(1062912K)
[26.789s][info][gc           ] GC(1449) Pause Young (Allocation Failure) 178M->42M(494M) 0.482ms
[26.789s][info][gc,cpu       ] GC(1449) User=0.00s Sys=0.00s Real=0.00s
[26.807s][info][gc,start     ] GC(1450) Pause Young (Allocation Failure)
[26.808s][info][gc,heap      ] GC(1450) DefNew: 140202K->424K(157248K)
[26.808s][info][gc,heap      ] GC(1450) Tenured: 42660K->42689K(349568K)
[26.808s][info][gc,metaspace ] GC(1450) Metaspace: 13531K->13531K(1062912K)
[26.808s][info][gc           ] GC(1450) Pause Young (Allocation Failure) 178M->42M(494M) 0.866ms
[26.808s][info][gc,cpu       ] GC(1450) User=0.00s Sys=0.00s Real=0.00s
[26.824s][info][gc,start     ] GC(1451) Pause Young (Allocation Failure)
[26.825s][info][gc,heap      ] GC(1451) DefNew: 140200K->421K(157248K)
[26.825s][info][gc,heap      ] GC(1451) Tenured: 42689K->42718K(349568K)
[26.825s][info][gc,metaspace ] GC(1451) Metaspace: 13531K->13531K(1062912K)
[26.825s][info][gc           ] GC(1451) Pause Young (Allocation Failure) 178M->42M(494M) 0.455ms
[26.825s][info][gc,cpu       ] GC(1451) User=0.00s Sys=0.00s Real=0.00s
[26.840s][info][gc,start     ] GC(1452) Pause Young (Allocation Failure)
[26.841s][info][gc,heap      ] GC(1452) DefNew: 140197K->419K(157248K)
[26.841s][info][gc,heap      ] GC(1452) Tenured: 42718K->42748K(349568K)
[26.841s][info][gc,metaspace ] GC(1452) Metaspace: 13531K->13531K(1062912K)
[26.841s][info][gc           ] GC(1452) Pause Young (Allocation Failure) 178M->42M(494M) 0.421ms
[26.841s][info][gc,cpu       ] GC(1452) User=0.00s Sys=0.00s Real=0.00s
[26.860s][info][gc,start     ] GC(1453) Pause Young (Allocation Failure)
[26.861s][info][gc,heap      ] GC(1453) DefNew: 140195K->428K(157248K)
[26.861s][info][gc,heap      ] GC(1453) Tenured: 42748K->42767K(349568K)
[26.861s][info][gc,metaspace ] GC(1453) Metaspace: 13531K->13531K(1062912K)
[26.861s][info][gc           ] GC(1453) Pause Young (Allocation Failure) 178M->42M(494M) 0.494ms
[26.861s][info][gc,cpu       ] GC(1453) User=0.00s Sys=0.00s Real=0.00s
[26.878s][info][gc,start     ] GC(1454) Pause Young (Allocation Failure)
[26.879s][info][gc,heap      ] GC(1454) DefNew: 140204K->427K(157248K)
[26.879s][info][gc,heap      ] GC(1454) Tenured: 42767K->42796K(349568K)
[26.879s][info][gc,metaspace ] GC(1454) Metaspace: 13531K->13531K(1062912K)
[26.879s][info][gc           ] GC(1454) Pause Young (Allocation Failure) 178M->42M(494M) 0.482ms
[26.879s][info][gc,cpu       ] GC(1454) User=0.00s Sys=0.00s Real=0.00s
[26.896s][info][gc,start     ] GC(1455) Pause Young (Allocation Failure)
[26.896s][info][gc,heap      ] GC(1455) DefNew: 140203K->426K(157248K)
[26.896s][info][gc,heap      ] GC(1455) Tenured: 42796K->42826K(349568K)
[26.896s][info][gc,metaspace ] GC(1455) Metaspace: 13531K->13531K(1062912K)
[26.896s][info][gc           ] GC(1455) Pause Young (Allocation Failure) 178M->42M(494M) 0.429ms
[26.896s][info][gc,cpu       ] GC(1455) User=0.00s Sys=0.00s Real=0.00s
[26.913s][info][gc,start     ] GC(1456) Pause Young (Allocation Failure)
[26.914s][info][gc,heap      ] GC(1456) DefNew: 140202K->425K(157248K)
[26.914s][info][gc,heap      ] GC(1456) Tenured: 42826K->42855K(349568K)
[26.914s][info][gc,metaspace ] GC(1456) Metaspace: 13531K->13531K(1062912K)
[26.914s][info][gc           ] GC(1456) Pause Young (Allocation Failure) 178M->42M(494M) 0.402ms
[26.914s][info][gc,cpu       ] GC(1456) User=0.00s Sys=0.00s Real=0.00s
[26.930s][info][gc,start     ] GC(1457) Pause Young (Allocation Failure)
[26.930s][info][gc,heap      ] GC(1457) DefNew: 140201K->423K(157248K)
[26.931s][info][gc,heap      ] GC(1457) Tenured: 42855K->42885K(349568K)
[26.931s][info][gc,metaspace ] GC(1457) Metaspace: 13531K->13531K(1062912K)
[26.931s][info][gc           ] GC(1457) Pause Young (Allocation Failure) 178M->42M(494M) 0.468ms
[26.931s][info][gc,cpu       ] GC(1457) User=0.00s Sys=0.00s Real=0.00s
[26.947s][info][gc,start     ] GC(1458) Pause Young (Allocation Failure)
[26.948s][info][gc,heap      ] GC(1458) DefNew: 140199K->420K(157248K)
[26.948s][info][gc,heap      ] GC(1458) Tenured: 42885K->42914K(349568K)
[26.948s][info][gc,metaspace ] GC(1458) Metaspace: 13531K->13531K(1062912K)
[26.948s][info][gc           ] GC(1458) Pause Young (Allocation Failure) 178M->42M(494M) 0.417ms
[26.948s][info][gc,cpu       ] GC(1458) User=0.00s Sys=0.00s Real=0.00s
[26.966s][info][gc,start     ] GC(1459) Pause Young (Allocation Failure)
[26.966s][info][gc,heap      ] GC(1459) DefNew: 140196K->419K(157248K)
[26.966s][info][gc,heap      ] GC(1459) Tenured: 42914K->42943K(349568K)
[26.966s][info][gc,metaspace ] GC(1459) Metaspace: 13531K->13531K(1062912K)
[26.966s][info][gc           ] GC(1459) Pause Young (Allocation Failure) 178M->42M(494M) 0.425ms
[26.966s][info][gc,cpu       ] GC(1459) User=0.00s Sys=0.00s Real=0.00s
[26.985s][info][gc,start     ] GC(1460) Pause Young (Allocation Failure)
[26.986s][info][gc,heap      ] GC(1460) DefNew: 140195K->428K(157248K)
[26.986s][info][gc,heap      ] GC(1460) Tenured: 42943K->42963K(349568K)
[26.986s][info][gc,metaspace ] GC(1460) Metaspace: 13531K->13531K(1062912K)
[26.986s][info][gc           ] GC(1460) Pause Young (Allocation Failure) 178M->42M(494M) 0.408ms
[26.986s][info][gc,cpu       ] GC(1460) User=0.00s Sys=0.00s Real=0.00s
[27.004s][info][gc,start     ] GC(1461) Pause Young (Allocation Failure)
[27.005s][info][gc,heap      ] GC(1461) DefNew: 140204K->427K(157248K)
[27.005s][info][gc,heap      ] GC(1461) Tenured: 42963K->42992K(349568K)
[27.005s][info][gc,metaspace ] GC(1461) Metaspace: 13531K->13531K(1062912K)
[27.005s][info][gc           ] GC(1461) Pause Young (Allocation Failure) 178M->42M(494M) 0.468ms
[27.005s][info][gc,cpu       ] GC(1461) User=0.00s Sys=0.00s Real=0.00s
[27.023s][info][gc,start     ] GC(1462) Pause Young (Allocation Failure)
[27.024s][info][gc,heap      ] GC(1462) DefNew: 140203K->426K(157248K)
[27.024s][info][gc,heap      ] GC(1462) Tenured: 42992K->43021K(349568K)
[27.024s][info][gc,metaspace ] GC(1462) Metaspace: 13531K->13531K(1062912K)
[27.024s][info][gc           ] GC(1462) Pause Young (Allocation Failure) 178M->42M(494M) 0.487ms
[27.024s][info][gc,cpu       ] GC(1462) User=0.00s Sys=0.00s Real=0.00s
[27.046s][info][gc,start     ] GC(1463) Pause Young (Allocation Failure)
[27.046s][info][gc,heap      ] GC(1463) DefNew: 140202K->424K(157248K)
[27.046s][info][gc,heap      ] GC(1463) Tenured: 43021K->43051K(349568K)
[27.047s][info][gc,metaspace ] GC(1463) Metaspace: 13531K->13531K(1062912K)
[27.047s][info][gc           ] GC(1463) Pause Young (Allocation Failure) 178M->42M(494M) 0.489ms
[27.047s][info][gc,cpu       ] GC(1463) User=0.00s Sys=0.00s Real=0.00s
[27.065s][info][gc,start     ] GC(1464) Pause Young (Allocation Failure)
[27.065s][info][gc,heap      ] GC(1464) DefNew: 140200K->422K(157248K)
[27.065s][info][gc,heap      ] GC(1464) Tenured: 43051K->43080K(349568K)
[27.065s][info][gc,metaspace ] GC(1464) Metaspace: 13531K->13531K(1062912K)
[27.065s][info][gc           ] GC(1464) Pause Young (Allocation Failure) 178M->42M(494M) 0.439ms
[27.065s][info][gc,cpu       ] GC(1464) User=0.00s Sys=0.00s Real=0.00s
[27.083s][info][gc,start     ] GC(1465) Pause Young (Allocation Failure)
[27.084s][info][gc,heap      ] GC(1465) DefNew: 140198K->420K(157248K)
[27.084s][info][gc,heap      ] GC(1465) Tenured: 43080K->43109K(349568K)
[27.084s][info][gc,metaspace ] GC(1465) Metaspace: 13531K->13531K(1062912K)
[27.084s][info][gc           ] GC(1465) Pause Young (Allocation Failure) 178M->42M(494M) 0.501ms
[27.084s][info][gc,cpu       ] GC(1465) User=0.00s Sys=0.00s Real=0.00s
[27.102s][info][gc,start     ] GC(1466) Pause Young (Allocation Failure)
[27.103s][info][gc,heap      ] GC(1466) DefNew: 140196K->419K(157248K)
[27.103s][info][gc,heap      ] GC(1466) Tenured: 43109K->43139K(349568K)
[27.103s][info][gc,metaspace ] GC(1466) Metaspace: 13531K->13531K(1062912K)
[27.103s][info][gc           ] GC(1466) Pause Young (Allocation Failure) 179M->42M(494M) 0.472ms
[27.103s][info][gc,cpu       ] GC(1466) User=0.00s Sys=0.00s Real=0.00s
[27.122s][info][gc,start     ] GC(1467) Pause Young (Allocation Failure)
[27.122s][info][gc,heap      ] GC(1467) DefNew: 140195K->428K(157248K)
[27.122s][info][gc,heap      ] GC(1467) Tenured: 43139K->43158K(349568K)
[27.122s][info][gc,metaspace ] GC(1467) Metaspace: 13531K->13531K(1062912K)
[27.122s][info][gc           ] GC(1467) Pause Young (Allocation Failure) 179M->42M(494M) 0.468ms
[27.122s][info][gc,cpu       ] GC(1467) User=0.00s Sys=0.00s Real=0.00s
[27.140s][info][gc,start     ] GC(1468) Pause Young (Allocation Failure)
[27.140s][info][gc,heap      ] GC(1468) DefNew: 140204K->426K(157248K)
[27.140s][info][gc,heap      ] GC(1468) Tenured: 43158K->43188K(349568K)
[27.140s][info][gc,metaspace ] GC(1468) Metaspace: 13531K->13531K(1062912K)
[27.140s][info][gc           ] GC(1468) Pause Young (Allocation Failure) 179M->42M(494M) 0.442ms
[27.141s][info][gc,cpu       ] GC(1468) User=0.00s Sys=0.00s Real=0.00s
[27.158s][info][gc,start     ] GC(1469) Pause Young (Allocation Failure)
[27.159s][info][gc,heap      ] GC(1469) DefNew: 140202K->425K(157248K)
[27.159s][info][gc,heap      ] GC(1469) Tenured: 43188K->43217K(349568K)
[27.159s][info][gc,metaspace ] GC(1469) Metaspace: 13531K->13531K(1062912K)
[27.159s][info][gc           ] GC(1469) Pause Young (Allocation Failure) 179M->42M(494M) 0.428ms
[27.159s][info][gc,cpu       ] GC(1469) User=0.00s Sys=0.00s Real=0.00s
[27.177s][info][gc,start     ] GC(1470) Pause Young (Allocation Failure)
[27.178s][info][gc,heap      ] GC(1470) DefNew: 140201K->424K(157248K)
[27.178s][info][gc,heap      ] GC(1470) Tenured: 43217K->43246K(349568K)
[27.178s][info][gc,metaspace ] GC(1470) Metaspace: 13531K->13531K(1062912K)
[27.178s][info][gc           ] GC(1470) Pause Young (Allocation Failure) 179M->42M(494M) 0.451ms
[27.178s][info][gc,cpu       ] GC(1470) User=0.01s Sys=0.00s Real=0.00s
[27.194s][info][gc,start     ] GC(1471) Pause Young (Allocation Failure)
[27.194s][info][gc,heap      ] GC(1471) DefNew: 140200K->420K(157248K)
[27.194s][info][gc,heap      ] GC(1471) Tenured: 43246K->43276K(349568K)
[27.194s][info][gc,metaspace ] GC(1471) Metaspace: 13531K->13531K(1062912K)
[27.195s][info][gc           ] GC(1471) Pause Young (Allocation Failure) 179M->42M(494M) 0.417ms
[27.195s][info][gc,cpu       ] GC(1471) User=0.00s Sys=0.00s Real=0.00s
[27.212s][info][gc,start     ] GC(1472) Pause Young (Allocation Failure)
[27.213s][info][gc,heap      ] GC(1472) DefNew: 140196K->419K(157248K)
[27.213s][info][gc,heap      ] GC(1472) Tenured: 43276K->43305K(349568K)
[27.213s][info][gc,metaspace ] GC(1472) Metaspace: 13531K->13531K(1062912K)
[27.213s][info][gc           ] GC(1472) Pause Young (Allocation Failure) 179M->42M(494M) 0.431ms
[27.213s][info][gc,cpu       ] GC(1472) User=0.00s Sys=0.00s Real=0.00s
[27.230s][info][gc,start     ] GC(1473) Pause Young (Allocation Failure)
[27.230s][info][gc,heap      ] GC(1473) DefNew: 140195K->428K(157248K)
[27.230s][info][gc,heap      ] GC(1473) Tenured: 43305K->43325K(349568K)
[27.230s][info][gc,metaspace ] GC(1473) Metaspace: 13531K->13531K(1062912K)
[27.230s][info][gc           ] GC(1473) Pause Young (Allocation Failure) 179M->42M(494M) 0.380ms
[27.230s][info][gc,cpu       ] GC(1473) User=0.00s Sys=0.00s Real=0.00s
[27.247s][info][gc,start     ] GC(1474) Pause Young (Allocation Failure)
[27.248s][info][gc,heap      ] GC(1474) DefNew: 140204K->427K(157248K)
[27.248s][info][gc,heap      ] GC(1474) Tenured: 43325K->43354K(349568K)
[27.248s][info][gc,metaspace ] GC(1474) Metaspace: 13531K->13531K(1062912K)
[27.248s][info][gc           ] GC(1474) Pause Young (Allocation Failure) 179M->42M(494M) 0.426ms
[27.248s][info][gc,cpu       ] GC(1474) User=0.00s Sys=0.00s Real=0.00s
[27.265s][info][gc,start     ] GC(1475) Pause Young (Allocation Failure)
[27.266s][info][gc,heap      ] GC(1475) DefNew: 140203K->426K(157248K)
[27.266s][info][gc,heap      ] GC(1475) Tenured: 43354K->43383K(349568K)
[27.266s][info][gc,metaspace ] GC(1475) Metaspace: 13531K->13531K(1062912K)
[27.266s][info][gc           ] GC(1475) Pause Young (Allocation Failure) 179M->42M(494M) 0.581ms
[27.266s][info][gc,cpu       ] GC(1475) User=0.00s Sys=0.00s Real=0.00s
[27.285s][info][gc,start     ] GC(1476) Pause Young (Allocation Failure)
[27.286s][info][gc,heap      ] GC(1476) DefNew: 140202K->425K(157248K)
[27.286s][info][gc,heap      ] GC(1476) Tenured: 43383K->43413K(349568K)
[27.286s][info][gc,metaspace ] GC(1476) Metaspace: 13531K->13531K(1062912K)
[27.286s][info][gc           ] GC(1476) Pause Young (Allocation Failure) 179M->42M(494M) 0.507ms
[27.286s][info][gc,cpu       ] GC(1476) User=0.00s Sys=0.00s Real=0.00s
[27.308s][info][gc,start     ] GC(1477) Pause Young (Allocation Failure)
[27.308s][info][gc,heap      ] GC(1477) DefNew: 140201K->422K(157248K)
[27.308s][info][gc,heap      ] GC(1477) Tenured: 43413K->43442K(349568K)
[27.308s][info][gc,metaspace ] GC(1477) Metaspace: 13531K->13531K(1062912K)
[27.308s][info][gc           ] GC(1477) Pause Young (Allocation Failure) 179M->42M(494M) 0.491ms
[27.308s][info][gc,cpu       ] GC(1477) User=0.00s Sys=0.00s Real=0.00s
[27.323s][info][gc,start     ] GC(1478) Pause Young (Allocation Failure)
[27.324s][info][gc,heap      ] GC(1478) DefNew: 140198K->420K(157248K)
[27.324s][info][gc,heap      ] GC(1478) Tenured: 43442K->43471K(349568K)
[27.324s][info][gc,metaspace ] GC(1478) Metaspace: 13531K->13531K(1062912K)
[27.324s][info][gc           ] GC(1478) Pause Young (Allocation Failure) 179M->42M(494M) 0.406ms
[27.324s][info][gc,cpu       ] GC(1478) User=0.00s Sys=0.00s Real=0.00s
[27.340s][info][gc,start     ] GC(1479) Pause Young (Allocation Failure)
[27.340s][info][gc,heap      ] GC(1479) DefNew: 140196K->419K(157248K)
[27.340s][info][gc,heap      ] GC(1479) Tenured: 43471K->43501K(349568K)
[27.340s][info][gc,metaspace ] GC(1479) Metaspace: 13531K->13531K(1062912K)
[27.340s][info][gc           ] GC(1479) Pause Young (Allocation Failure) 179M->42M(494M) 0.417ms
[27.340s][info][gc,cpu       ] GC(1479) User=0.00s Sys=0.00s Real=0.00s
[27.356s][info][gc,start     ] GC(1480) Pause Young (Allocation Failure)
[27.356s][info][gc,heap      ] GC(1480) DefNew: 140195K->428K(157248K)
[27.356s][info][gc,heap      ] GC(1480) Tenured: 43501K->43520K(349568K)
[27.356s][info][gc,metaspace ] GC(1480) Metaspace: 13531K->13531K(1062912K)
[27.356s][info][gc           ] GC(1480) Pause Young (Allocation Failure) 179M->42M(494M) 0.382ms
[27.356s][info][gc,cpu       ] GC(1480) User=0.00s Sys=0.00s Real=0.00s
[27.372s][info][gc,start     ] GC(1481) Pause Young (Allocation Failure)
[27.373s][info][gc,heap      ] GC(1481) DefNew: 140204K->427K(157248K)
[27.373s][info][gc,heap      ] GC(1481) Tenured: 43520K->43550K(349568K)
[27.373s][info][gc,metaspace ] GC(1481) Metaspace: 13531K->13531K(1062912K)
[27.373s][info][gc           ] GC(1481) Pause Young (Allocation Failure) 179M->42M(494M) 0.455ms
[27.373s][info][gc,cpu       ] GC(1481) User=0.00s Sys=0.00s Real=0.00s
[27.392s][info][gc,start     ] GC(1482) Pause Young (Allocation Failure)
[27.392s][info][gc,heap      ] GC(1482) DefNew: 140203K->425K(157248K)
[27.392s][info][gc,heap      ] GC(1482) Tenured: 43550K->43579K(349568K)
[27.392s][info][gc,metaspace ] GC(1482) Metaspace: 13531K->13531K(1062912K)
[27.392s][info][gc           ] GC(1482) Pause Young (Allocation Failure) 179M->42M(494M) 0.513ms
[27.392s][info][gc,cpu       ] GC(1482) User=0.00s Sys=0.00s Real=0.00s
[27.411s][info][gc,start     ] GC(1483) Pause Young (Allocation Failure)
[27.412s][info][gc,heap      ] GC(1483) DefNew: 140201K->424K(157248K)
[27.412s][info][gc,heap      ] GC(1483) Tenured: 43579K->43608K(349568K)
[27.412s][info][gc,metaspace ] GC(1483) Metaspace: 13531K->13531K(1062912K)
[27.412s][info][gc           ] GC(1483) Pause Young (Allocation Failure) 179M->43M(494M) 0.461ms
[27.412s][info][gc,cpu       ] GC(1483) User=0.00s Sys=0.00s Real=0.00s
[27.428s][info][gc,start     ] GC(1484) Pause Young (Allocation Failure)
[27.428s][info][gc,heap      ] GC(1484) DefNew: 140200K->420K(157248K)
[27.428s][info][gc,heap      ] GC(1484) Tenured: 43608K->43638K(349568K)
[27.428s][info][gc,metaspace ] GC(1484) Metaspace: 13531K->13531K(1062912K)
[27.428s][info][gc           ] GC(1484) Pause Young (Allocation Failure) 179M->43M(494M) 0.422ms
[27.428s][info][gc,cpu       ] GC(1484) User=0.00s Sys=0.00s Real=0.00s
[27.445s][info][gc,start     ] GC(1485) Pause Young (Allocation Failure)
[27.446s][info][gc,heap      ] GC(1485) DefNew: 140196K->419K(157248K)
[27.446s][info][gc,heap      ] GC(1485) Tenured: 43638K->43667K(349568K)
[27.446s][info][gc,metaspace ] GC(1485) Metaspace: 13531K->13531K(1062912K)
[27.446s][info][gc           ] GC(1485) Pause Young (Allocation Failure) 179M->43M(494M) 0.450ms
[27.446s][info][gc,cpu       ] GC(1485) User=0.00s Sys=0.00s Real=0.00s
[27.463s][info][gc,start     ] GC(1486) Pause Young (Allocation Failure)
[27.463s][info][gc,heap      ] GC(1486) DefNew: 140195K->428K(157248K)
[27.463s][info][gc,heap      ] GC(1486) Tenured: 43667K->43687K(349568K)
[27.463s][info][gc,metaspace ] GC(1486) Metaspace: 13531K->13531K(1062912K)
[27.463s][info][gc           ] GC(1486) Pause Young (Allocation Failure) 179M->43M(494M) 0.431ms
[27.463s][info][gc,cpu       ] GC(1486) User=0.00s Sys=0.00s Real=0.00s
[27.479s][info][gc,start     ] GC(1487) Pause Young (Allocation Failure)
[27.480s][info][gc,heap      ] GC(1487) DefNew: 140204K->427K(157248K)
[27.480s][info][gc,heap      ] GC(1487) Tenured: 43687K->43716K(349568K)
[27.480s][info][gc,metaspace ] GC(1487) Metaspace: 13531K->13531K(1062912K)
[27.480s][info][gc           ] GC(1487) Pause Young (Allocation Failure) 179M->43M(494M) 0.426ms
[27.480s][info][gc,cpu       ] GC(1487) User=0.00s Sys=0.00s Real=0.00s
[27.496s][info][gc,start     ] GC(1488) Pause Young (Allocation Failure)
[27.497s][info][gc,heap      ] GC(1488) DefNew: 140203K->426K(157248K)
[27.497s][info][gc,heap      ] GC(1488) Tenured: 43716K->43745K(349568K)
[27.497s][info][gc,metaspace ] GC(1488) Metaspace: 13531K->13531K(1062912K)
[27.497s][info][gc           ] GC(1488) Pause Young (Allocation Failure) 179M->43M(494M) 0.412ms
[27.497s][info][gc,cpu       ] GC(1488) User=0.00s Sys=0.00s Real=0.00s
[27.515s][info][gc,start     ] GC(1489) Pause Young (Allocation Failure)
[27.515s][info][gc,heap      ] GC(1489) DefNew: 140202K->425K(157248K)
[27.515s][info][gc,heap      ] GC(1489) Tenured: 43745K->43775K(349568K)
[27.515s][info][gc,metaspace ] GC(1489) Metaspace: 13531K->13531K(1062912K)
[27.515s][info][gc           ] GC(1489) Pause Young (Allocation Failure) 179M->43M(494M) 0.431ms
[27.515s][info][gc,cpu       ] GC(1489) User=0.00s Sys=0.00s Real=0.00s
[27.532s][info][gc,start     ] GC(1490) Pause Young (Allocation Failure)
[27.532s][info][gc,heap      ] GC(1490) DefNew: 140201K->423K(157248K)
[27.532s][info][gc,heap      ] GC(1490) Tenured: 43775K->43804K(349568K)
[27.532s][info][gc,metaspace ] GC(1490) Metaspace: 13531K->13531K(1062912K)
[27.532s][info][gc           ] GC(1490) Pause Young (Allocation Failure) 179M->43M(494M) 0.420ms
[27.532s][info][gc,cpu       ] GC(1490) User=0.00s Sys=0.00s Real=0.00s
[27.547s][info][gc,start     ] GC(1491) Pause Young (Allocation Failure)
[27.547s][info][gc,heap      ] GC(1491) DefNew: 140199K->420K(157248K)
[27.547s][info][gc,heap      ] GC(1491) Tenured: 43804K->43833K(349568K)
[27.547s][info][gc,metaspace ] GC(1491) Metaspace: 13531K->13531K(1062912K)
[27.547s][info][gc           ] GC(1491) Pause Young (Allocation Failure) 179M->43M(494M) 0.433ms
[27.547s][info][gc,cpu       ] GC(1491) User=0.00s Sys=0.00s Real=0.00s
[27.563s][info][gc,start     ] GC(1492) Pause Young (Allocation Failure)
[27.563s][info][gc,heap      ] GC(1492) DefNew: 140196K->419K(157248K)
[27.563s][info][gc,heap      ] GC(1492) Tenured: 43833K->43863K(349568K)
[27.563s][info][gc,metaspace ] GC(1492) Metaspace: 13531K->13531K(1062912K)
[27.563s][info][gc           ] GC(1492) Pause Young (Allocation Failure) 179M->43M(494M) 0.374ms
[27.563s][info][gc,cpu       ] GC(1492) User=0.00s Sys=0.00s Real=0.00s
[27.579s][info][gc,start     ] GC(1493) Pause Young (Allocation Failure)
[27.579s][info][gc,heap      ] GC(1493) DefNew: 140195K->428K(157248K)
[27.579s][info][gc,heap      ] GC(1493) Tenured: 43863K->43882K(349568K)
[27.579s][info][gc,metaspace ] GC(1493) Metaspace: 13531K->13531K(1062912K)
[27.579s][info][gc           ] GC(1493) Pause Young (Allocation Failure) 179M->43M(494M) 0.381ms
[27.579s][info][gc,cpu       ] GC(1493) User=0.00s Sys=0.00s Real=0.00s
[27.595s][info][gc,start     ] GC(1494) Pause Young (Allocation Failure)
[27.595s][info][gc,heap      ] GC(1494) DefNew: 140204K->427K(157248K)
[27.595s][info][gc,heap      ] GC(1494) Tenured: 43882K->43912K(349568K)
[27.595s][info][gc,metaspace ] GC(1494) Metaspace: 13531K->13531K(1062912K)
[27.595s][info][gc           ] GC(1494) Pause Young (Allocation Failure) 179M->43M(494M) 0.543ms
[27.595s][info][gc,cpu       ] GC(1494) User=0.00s Sys=0.00s Real=0.00s
[27.619s][info][gc,start     ] GC(1495) Pause Young (Allocation Failure)
[27.620s][info][gc,heap      ] GC(1495) DefNew: 140203K->426K(157248K)
[27.620s][info][gc,heap      ] GC(1495) Tenured: 43912K->43941K(349568K)
[27.620s][info][gc,metaspace ] GC(1495) Metaspace: 13534K->13534K(1062912K)
[27.620s][info][gc           ] GC(1495) Pause Young (Allocation Failure) 179M->43M(494M) 1.068ms
[27.620s][info][gc,cpu       ] GC(1495) User=0.01s Sys=0.00s Real=0.01s
[27.648s][info][gc,start     ] GC(1496) Pause Young (Allocation Failure)
[27.648s][info][gc,heap      ] GC(1496) DefNew: 140202K->424K(157248K)
[27.648s][info][gc,heap      ] GC(1496) Tenured: 43941K->43970K(349568K)
[27.648s][info][gc,metaspace ] GC(1496) Metaspace: 13534K->13534K(1062912K)
[27.648s][info][gc           ] GC(1496) Pause Young (Allocation Failure) 179M->43M(494M) 0.400ms
[27.648s][info][gc,cpu       ] GC(1496) User=0.00s Sys=0.00s Real=0.00s
[27.666s][info][gc,start     ] GC(1497) Pause Young (Allocation Failure)
[27.666s][info][gc,heap      ] GC(1497) DefNew: 140200K->421K(157248K)
[27.666s][info][gc,heap      ] GC(1497) Tenured: 43970K->44000K(349568K)
[27.666s][info][gc,metaspace ] GC(1497) Metaspace: 13534K->13534K(1062912K)
[27.666s][info][gc           ] GC(1497) Pause Young (Allocation Failure) 179M->43M(494M) 0.513ms
[27.666s][info][gc,cpu       ] GC(1497) User=0.00s Sys=0.00s Real=0.00s
[27.682s][info][gc,start     ] GC(1498) Pause Young (Allocation Failure)
[27.683s][info][gc,heap      ] GC(1498) DefNew: 140197K->419K(157248K)
[27.683s][info][gc,heap      ] GC(1498) Tenured: 44000K->44029K(349568K)
[27.683s][info][gc,metaspace ] GC(1498) Metaspace: 13534K->13534K(1062912K)
[27.683s][info][gc           ] GC(1498) Pause Young (Allocation Failure) 179M->43M(494M) 0.407ms
[27.683s][info][gc,cpu       ] GC(1498) User=0.00s Sys=0.00s Real=0.00s
[27.700s][info][gc,start     ] GC(1499) Pause Young (Allocation Failure)
[27.701s][info][gc,heap      ] GC(1499) DefNew: 140195K->428K(157248K)
[27.701s][info][gc,heap      ] GC(1499) Tenured: 44029K->44048K(349568K)
[27.701s][info][gc,metaspace ] GC(1499) Metaspace: 13534K->13534K(1062912K)
[27.701s][info][gc           ] GC(1499) Pause Young (Allocation Failure) 179M->43M(494M) 0.573ms
[27.701s][info][gc,cpu       ] GC(1499) User=0.00s Sys=0.00s Real=0.00s
[27.718s][info][gc,start     ] GC(1500) Pause Young (Allocation Failure)
[27.719s][info][gc,heap      ] GC(1500) DefNew: 140204K->427K(157248K)
[27.719s][info][gc,heap      ] GC(1500) Tenured: 44048K->44078K(349568K)
[27.719s][info][gc,metaspace ] GC(1500) Metaspace: 13534K->13534K(1062912K)
[27.719s][info][gc           ] GC(1500) Pause Young (Allocation Failure) 179M->43M(494M) 0.439ms
[27.719s][info][gc,cpu       ] GC(1500) User=0.00s Sys=0.00s Real=0.00s
[27.735s][info][gc,start     ] GC(1501) Pause Young (Allocation Failure)
[27.736s][info][gc,heap      ] GC(1501) DefNew: 140203K->426K(157248K)
[27.736s][info][gc,heap      ] GC(1501) Tenured: 44078K->44107K(349568K)
[27.736s][info][gc,metaspace ] GC(1501) Metaspace: 13534K->13534K(1062912K)
[27.736s][info][gc           ] GC(1501) Pause Young (Allocation Failure) 179M->43M(494M) 0.588ms
[27.736s][info][gc,cpu       ] GC(1501) User=0.00s Sys=0.00s Real=0.00s
[27.753s][info][gc,start     ] GC(1502) Pause Young (Allocation Failure)
[27.753s][info][gc,heap      ] GC(1502) DefNew: 140202K->425K(157248K)
[27.753s][info][gc,heap      ] GC(1502) Tenured: 44107K->44137K(349568K)
[27.753s][info][gc,metaspace ] GC(1502) Metaspace: 13534K->13534K(1062912K)
[27.753s][info][gc           ] GC(1502) Pause Young (Allocation Failure) 179M->43M(494M) 0.454ms
[27.753s][info][gc,cpu       ] GC(1502) User=0.00s Sys=0.00s Real=0.00s
[27.769s][info][gc,start     ] GC(1503) Pause Young (Allocation Failure)
[27.769s][info][gc,heap      ] GC(1503) DefNew: 140201K->423K(157248K)
[27.769s][info][gc,heap      ] GC(1503) Tenured: 44137K->44166K(349568K)
[27.769s][info][gc,metaspace ] GC(1503) Metaspace: 13534K->13534K(1062912K)
[27.769s][info][gc           ] GC(1503) Pause Young (Allocation Failure) 180M->43M(494M) 0.416ms
[27.769s][info][gc,cpu       ] GC(1503) User=0.00s Sys=0.00s Real=0.00s
[27.784s][info][gc,start     ] GC(1504) Pause Young (Allocation Failure)
[27.784s][info][gc,heap      ] GC(1504) DefNew: 140199K->420K(157248K)
[27.784s][info][gc,heap      ] GC(1504) Tenured: 44166K->44195K(349568K)
[27.784s][info][gc,metaspace ] GC(1504) Metaspace: 13534K->13534K(1062912K)
[27.784s][info][gc           ] GC(1504) Pause Young (Allocation Failure) 180M->43M(494M) 0.392ms
[27.784s][info][gc,cpu       ] GC(1504) User=0.00s Sys=0.00s Real=0.00s
[27.801s][info][gc,start     ] GC(1505) Pause Young (Allocation Failure)
[27.802s][info][gc,heap      ] GC(1505) DefNew: 140196K->419K(157248K)
[27.802s][info][gc,heap      ] GC(1505) Tenured: 44195K->44225K(349568K)
[27.802s][info][gc,metaspace ] GC(1505) Metaspace: 13534K->13534K(1062912K)
[27.802s][info][gc           ] GC(1505) Pause Young (Allocation Failure) 180M->43M(494M) 0.376ms
[27.802s][info][gc,cpu       ] GC(1505) User=0.00s Sys=0.00s Real=0.00s
[27.818s][info][gc,start     ] GC(1506) Pause Young (Allocation Failure)
[27.818s][info][gc,heap      ] GC(1506) DefNew: 140195K->428K(157248K)
[27.818s][info][gc,heap      ] GC(1506) Tenured: 44225K->44244K(349568K)
[27.818s][info][gc,metaspace ] GC(1506) Metaspace: 13534K->13534K(1062912K)
[27.818s][info][gc           ] GC(1506) Pause Young (Allocation Failure) 180M->43M(494M) 0.419ms
[27.818s][info][gc,cpu       ] GC(1506) User=0.00s Sys=0.00s Real=0.00s
[27.836s][info][gc,start     ] GC(1507) Pause Young (Allocation Failure)
[27.837s][info][gc,heap      ] GC(1507) DefNew: 140204K->427K(157248K)
[27.837s][info][gc,heap      ] GC(1507) Tenured: 44244K->44273K(349568K)
[27.837s][info][gc,metaspace ] GC(1507) Metaspace: 13534K->13534K(1062912K)
[27.837s][info][gc           ] GC(1507) Pause Young (Allocation Failure) 180M->43M(494M) 0.422ms
[27.837s][info][gc,cpu       ] GC(1507) User=0.01s Sys=0.00s Real=0.00s
[27.855s][info][gc,start     ] GC(1508) Pause Young (Allocation Failure)
[27.855s][info][gc,heap      ] GC(1508) DefNew: 140203K->426K(157248K)
[27.855s][info][gc,heap      ] GC(1508) Tenured: 44273K->44303K(349568K)
[27.855s][info][gc,metaspace ] GC(1508) Metaspace: 13534K->13534K(1062912K)
[27.856s][info][gc           ] GC(1508) Pause Young (Allocation Failure) 180M->43M(494M) 0.815ms
[27.856s][info][gc,cpu       ] GC(1508) User=0.00s Sys=0.00s Real=0.00s
[27.873s][info][gc,start     ] GC(1509) Pause Young (Allocation Failure)
[27.873s][info][gc,heap      ] GC(1509) DefNew: 140202K->424K(157248K)
[27.873s][info][gc,heap      ] GC(1509) Tenured: 44303K->44332K(349568K)
[27.873s][info][gc,metaspace ] GC(1509) Metaspace: 13534K->13534K(1062912K)
[27.873s][info][gc           ] GC(1509) Pause Young (Allocation Failure) 180M->43M(494M) 0.434ms
[27.873s][info][gc,cpu       ] GC(1509) User=0.00s Sys=0.00s Real=0.00s
[27.890s][info][gc,start     ] GC(1510) Pause Young (Allocation Failure)
[27.890s][info][gc,heap      ] GC(1510) DefNew: 140200K->422K(157248K)
[27.890s][info][gc,heap      ] GC(1510) Tenured: 44332K->44361K(349568K)
[27.890s][info][gc,metaspace ] GC(1510) Metaspace: 13534K->13534K(1062912K)
[27.890s][info][gc           ] GC(1510) Pause Young (Allocation Failure) 180M->43M(494M) 0.461ms
[27.890s][info][gc,cpu       ] GC(1510) User=0.00s Sys=0.00s Real=0.00s
[27.906s][info][gc,start     ] GC(1511) Pause Young (Allocation Failure)
[27.907s][info][gc,heap      ] GC(1511) DefNew: 140198K->419K(157248K)
[27.907s][info][gc,heap      ] GC(1511) Tenured: 44361K->44391K(349568K)
[27.907s][info][gc,metaspace ] GC(1511) Metaspace: 13534K->13534K(1062912K)
[27.907s][info][gc           ] GC(1511) Pause Young (Allocation Failure) 180M->43M(494M) 0.412ms
[27.907s][info][gc,cpu       ] GC(1511) User=0.00s Sys=0.00s Real=0.00s
[27.924s][info][gc,start     ] GC(1512) Pause Young (Allocation Failure)
[27.924s][info][gc,heap      ] GC(1512) DefNew: 140195K->419K(157248K)
[27.924s][info][gc,heap      ] GC(1512) Tenured: 44391K->44420K(349568K)
[27.924s][info][gc,metaspace ] GC(1512) Metaspace: 13534K->13534K(1062912K)
[27.924s][info][gc           ] GC(1512) Pause Young (Allocation Failure) 180M->43M(494M) 0.424ms
[27.924s][info][gc,cpu       ] GC(1512) User=0.00s Sys=0.00s Real=0.00s
[27.941s][info][gc,start     ] GC(1513) Pause Young (Allocation Failure)
[27.942s][info][gc,heap      ] GC(1513) DefNew: 140195K->428K(157248K)
[27.942s][info][gc,heap      ] GC(1513) Tenured: 44420K->44440K(349568K)
[27.942s][info][gc,metaspace ] GC(1513) Metaspace: 13534K->13534K(1062912K)
[27.942s][info][gc           ] GC(1513) Pause Young (Allocation Failure) 180M->43M(494M) 0.467ms
[27.942s][info][gc,cpu       ] GC(1513) User=0.00s Sys=0.00s Real=0.00s
[27.958s][info][gc,start     ] GC(1514) Pause Young (Allocation Failure)
[27.959s][info][gc,heap      ] GC(1514) DefNew: 140204K->426K(157248K)
[27.959s][info][gc,heap      ] GC(1514) Tenured: 44440K->44469K(349568K)
[27.959s][info][gc,metaspace ] GC(1514) Metaspace: 13534K->13534K(1062912K)
[27.959s][info][gc           ] GC(1514) Pause Young (Allocation Failure) 180M->43M(494M) 0.407ms
[27.959s][info][gc,cpu       ] GC(1514) User=0.00s Sys=0.00s Real=0.00s
[27.974s][info][gc,start     ] GC(1515) Pause Young (Allocation Failure)
[27.975s][info][gc,heap      ] GC(1515) DefNew: 140202K->425K(157248K)
[27.975s][info][gc,heap      ] GC(1515) Tenured: 44469K->44498K(349568K)
[27.975s][info][gc,metaspace ] GC(1515) Metaspace: 13534K->13534K(1062912K)
[27.975s][info][gc           ] GC(1515) Pause Young (Allocation Failure) 180M->43M(494M) 0.425ms
[27.975s][info][gc,cpu       ] GC(1515) User=0.00s Sys=0.00s Real=0.00s
[27.991s][info][gc,start     ] GC(1516) Pause Young (Allocation Failure)
[27.991s][info][gc,heap      ] GC(1516) DefNew: 140201K->423K(157248K)
[27.991s][info][gc,heap      ] GC(1516) Tenured: 44498K->44528K(349568K)
[27.991s][info][gc,metaspace ] GC(1516) Metaspace: 13534K->13534K(1062912K)
[27.991s][info][gc           ] GC(1516) Pause Young (Allocation Failure) 180M->43M(494M) 0.465ms
[27.991s][info][gc,cpu       ] GC(1516) User=0.00s Sys=0.00s Real=0.00s
[28.007s][info][gc,start     ] GC(1517) Pause Young (Allocation Failure)
[28.008s][info][gc,heap      ] GC(1517) DefNew: 140199K->420K(157248K)
[28.008s][info][gc,heap      ] GC(1517) Tenured: 44528K->44557K(349568K)
[28.008s][info][gc,metaspace ] GC(1517) Metaspace: 13534K->13534K(1062912K)
[28.008s][info][gc           ] GC(1517) Pause Young (Allocation Failure) 180M->43M(494M) 0.421ms
[28.008s][info][gc,cpu       ] GC(1517) User=0.00s Sys=0.00s Real=0.00s
[28.026s][info][gc,start     ] GC(1518) Pause Young (Allocation Failure)
[28.026s][info][gc,heap      ] GC(1518) DefNew: 140196K->419K(157248K)
[28.026s][info][gc,heap      ] GC(1518) Tenured: 44557K->44586K(349568K)
[28.026s][info][gc,metaspace ] GC(1518) Metaspace: 13534K->13534K(1062912K)
[28.026s][info][gc           ] GC(1518) Pause Young (Allocation Failure) 180M->43M(494M) 0.438ms
[28.026s][info][gc,cpu       ] GC(1518) User=0.00s Sys=0.00s Real=0.00s
[28.043s][info][gc,start     ] GC(1519) Pause Young (Allocation Failure)
[28.044s][info][gc,heap      ] GC(1519) DefNew: 140195K->428K(157248K)
[28.044s][info][gc,heap      ] GC(1519) Tenured: 44586K->44606K(349568K)
[28.044s][info][gc,metaspace ] GC(1519) Metaspace: 13534K->13534K(1062912K)
[28.044s][info][gc           ] GC(1519) Pause Young (Allocation Failure) 180M->43M(494M) 0.419ms
[28.044s][info][gc,cpu       ] GC(1519) User=0.00s Sys=0.00s Real=0.00s
[28.063s][info][gc,start     ] GC(1520) Pause Young (Allocation Failure)
[28.063s][info][gc,heap      ] GC(1520) DefNew: 140204K->427K(157248K)
[28.063s][info][gc,heap      ] GC(1520) Tenured: 44606K->44635K(349568K)
[28.063s][info][gc,metaspace ] GC(1520) Metaspace: 13534K->13534K(1062912K)
[28.063s][info][gc           ] GC(1520) Pause Young (Allocation Failure) 180M->44M(494M) 0.399ms
[28.063s][info][gc,cpu       ] GC(1520) User=0.00s Sys=0.00s Real=0.00s
[28.078s][info][gc,start     ] GC(1521) Pause Young (Allocation Failure)
[28.079s][info][gc,heap      ] GC(1521) DefNew: 140203K->426K(157248K)
[28.079s][info][gc,heap      ] GC(1521) Tenured: 44635K->44665K(349568K)
[28.079s][info][gc,metaspace ] GC(1521) Metaspace: 13534K->13534K(1062912K)
[28.079s][info][gc           ] GC(1521) Pause Young (Allocation Failure) 180M->44M(494M) 0.393ms
[28.079s][info][gc,cpu       ] GC(1521) User=0.00s Sys=0.00s Real=0.00s
[28.096s][info][gc,start     ] GC(1522) Pause Young (Allocation Failure)
[28.096s][info][gc,heap      ] GC(1522) DefNew: 140202K->425K(157248K)
[28.096s][info][gc,heap      ] GC(1522) Tenured: 44665K->44694K(349568K)
[28.096s][info][gc,metaspace ] GC(1522) Metaspace: 13534K->13534K(1062912K)
[28.096s][info][gc           ] GC(1522) Pause Young (Allocation Failure) 180M->44M(494M) 0.482ms
[28.096s][info][gc,cpu       ] GC(1522) User=0.00s Sys=0.00s Real=0.00s
[28.116s][info][gc,start     ] GC(1523) Pause Young (Allocation Failure)
[28.117s][info][gc,heap      ] GC(1523) DefNew: 140201K->422K(157248K)
[28.117s][info][gc,heap      ] GC(1523) Tenured: 44694K->44723K(349568K)
[28.117s][info][gc,metaspace ] GC(1523) Metaspace: 13534K->13534K(1062912K)
[28.117s][info][gc           ] GC(1523) Pause Young (Allocation Failure) 180M->44M(494M) 0.629ms
[28.117s][info][gc,cpu       ] GC(1523) User=0.00s Sys=0.00s Real=0.00s
[28.136s][info][gc,start     ] GC(1524) Pause Young (Allocation Failure)
[28.136s][info][gc,heap      ] GC(1524) DefNew: 140198K->420K(157248K)
[28.136s][info][gc,heap      ] GC(1524) Tenured: 44723K->44753K(349568K)
[28.136s][info][gc,metaspace ] GC(1524) Metaspace: 13534K->13534K(1062912K)
[28.136s][info][gc           ] GC(1524) Pause Young (Allocation Failure) 180M->44M(494M) 0.480ms
[28.136s][info][gc,cpu       ] GC(1524) User=0.00s Sys=0.00s Real=0.00s
[28.155s][info][gc,start     ] GC(1525) Pause Young (Allocation Failure)
[28.156s][info][gc,heap      ] GC(1525) DefNew: 140196K->419K(157248K)
[28.156s][info][gc,heap      ] GC(1525) Tenured: 44753K->44782K(349568K)
[28.156s][info][gc,metaspace ] GC(1525) Metaspace: 13534K->13534K(1062912K)
[28.156s][info][gc           ] GC(1525) Pause Young (Allocation Failure) 180M->44M(494M) 0.481ms
[28.156s][info][gc,cpu       ] GC(1525) User=0.00s Sys=0.00s Real=0.00s
[28.175s][info][gc,start     ] GC(1526) Pause Young (Allocation Failure)
[28.176s][info][gc,heap      ] GC(1526) DefNew: 140195K->428K(157248K)
[28.176s][info][gc,heap      ] GC(1526) Tenured: 44782K->44802K(349568K)
[28.176s][info][gc,metaspace ] GC(1526) Metaspace: 13534K->13534K(1062912K)
[28.176s][info][gc           ] GC(1526) Pause Young (Allocation Failure) 180M->44M(494M) 0.429ms
[28.176s][info][gc,cpu       ] GC(1526) User=0.00s Sys=0.00s Real=0.00s
[28.195s][info][gc,start     ] GC(1527) Pause Young (Allocation Failure)
[28.195s][info][gc,heap      ] GC(1527) DefNew: 140204K->427K(157248K)
[28.195s][info][gc,heap      ] GC(1527) Tenured: 44802K->44831K(349568K)
[28.195s][info][gc,metaspace ] GC(1527) Metaspace: 13534K->13534K(1062912K)
[28.195s][info][gc           ] GC(1527) Pause Young (Allocation Failure) 180M->44M(494M) 0.432ms
[28.195s][info][gc,cpu       ] GC(1527) User=0.01s Sys=0.00s Real=0.00s
[28.213s][info][gc,start     ] GC(1528) Pause Young (Allocation Failure)
[28.213s][info][gc,heap      ] GC(1528) DefNew: 140203K->425K(157248K)
[28.213s][info][gc,heap      ] GC(1528) Tenured: 44831K->44860K(349568K)
[28.213s][info][gc,metaspace ] GC(1528) Metaspace: 13534K->13534K(1062912K)
[28.213s][info][gc           ] GC(1528) Pause Young (Allocation Failure) 180M->44M(494M) 0.385ms
[28.213s][info][gc,cpu       ] GC(1528) User=0.00s Sys=0.00s Real=0.00s
[28.229s][info][gc,start     ] GC(1529) Pause Young (Allocation Failure)
[28.229s][info][gc,heap      ] GC(1529) DefNew: 140201K->424K(157248K)
[28.229s][info][gc,heap      ] GC(1529) Tenured: 44860K->44890K(349568K)
[28.229s][info][gc,metaspace ] GC(1529) Metaspace: 13534K->13534K(1062912K)
[28.229s][info][gc           ] GC(1529) Pause Young (Allocation Failure) 180M->44M(494M) 0.456ms
[28.229s][info][gc,cpu       ] GC(1529) User=0.00s Sys=0.00s Real=0.01s
[28.246s][info][gc,start     ] GC(1530) Pause Young (Allocation Failure)
[28.246s][info][gc,heap      ] GC(1530) DefNew: 140200K->420K(157248K)
[28.246s][info][gc,heap      ] GC(1530) Tenured: 44890K->44919K(349568K)
[28.246s][info][gc,metaspace ] GC(1530) Metaspace: 13534K->13534K(1062912K)
[28.246s][info][gc           ] GC(1530) Pause Young (Allocation Failure) 180M->44M(494M) 0.378ms
[28.246s][info][gc,cpu       ] GC(1530) User=0.00s Sys=0.00s Real=0.00s
[28.264s][info][gc,start     ] GC(1531) Pause Young (Allocation Failure)
[28.264s][info][gc,heap      ] GC(1531) DefNew: 140196K->419K(157248K)
[28.264s][info][gc,heap      ] GC(1531) Tenured: 44919K->44948K(349568K)
[28.264s][info][gc,metaspace ] GC(1531) Metaspace: 13534K->13534K(1062912K)
[28.264s][info][gc           ] GC(1531) Pause Young (Allocation Failure) 180M->44M(494M) 0.423ms
[28.264s][info][gc,cpu       ] GC(1531) User=0.00s Sys=0.00s Real=0.00s
[28.282s][info][gc,start     ] GC(1532) Pause Young (Allocation Failure)
[28.282s][info][gc,heap      ] GC(1532) DefNew: 140195K->428K(157248K)
[28.282s][info][gc,heap      ] GC(1532) Tenured: 44948K->44968K(349568K)
[28.282s][info][gc,metaspace ] GC(1532) Metaspace: 13534K->13534K(1062912K)
[28.282s][info][gc           ] GC(1532) Pause Young (Allocation Failure) 180M->44M(494M) 0.443ms
[28.282s][info][gc,cpu       ] GC(1532) User=0.00s Sys=0.00s Real=0.00s
[28.300s][info][gc,start     ] GC(1533) Pause Young (Allocation Failure)
[28.301s][info][gc,heap      ] GC(1533) DefNew: 140204K->427K(157248K)
[28.301s][info][gc,heap      ] GC(1533) Tenured: 44968K->44997K(349568K)
[28.301s][info][gc,metaspace ] GC(1533) Metaspace: 13534K->13534K(1062912K)
[28.301s][info][gc           ] GC(1533) Pause Young (Allocation Failure) 180M->44M(494M) 0.430ms
[28.301s][info][gc,cpu       ] GC(1533) User=0.00s Sys=0.00s Real=0.00s
[28.318s][info][gc,start     ] GC(1534) Pause Young (Allocation Failure)
[28.318s][info][gc,heap      ] GC(1534) DefNew: 140203K->426K(157248K)
[28.318s][info][gc,heap      ] GC(1534) Tenured: 44997K->45027K(349568K)
[28.318s][info][gc,metaspace ] GC(1534) Metaspace: 13534K->13534K(1062912K)
[28.318s][info][gc           ] GC(1534) Pause Young (Allocation Failure) 180M->44M(494M) 0.468ms
[28.318s][info][gc,cpu       ] GC(1534) User=0.00s Sys=0.00s Real=0.00s
[28.334s][info][gc,start     ] GC(1535) Pause Young (Allocation Failure)
[28.335s][info][gc,heap      ] GC(1535) DefNew: 140202K->425K(157248K)
[28.335s][info][gc,heap      ] GC(1535) Tenured: 45027K->45056K(349568K)
[28.335s][info][gc,metaspace ] GC(1535) Metaspace: 13534K->13534K(1062912K)
[28.335s][info][gc           ] GC(1535) Pause Young (Allocation Failure) 180M->44M(494M) 0.440ms
[28.335s][info][gc,cpu       ] GC(1535) User=0.00s Sys=0.00s Real=0.00s
[28.351s][info][gc,start     ] GC(1536) Pause Young (Allocation Failure)
[28.352s][info][gc,heap      ] GC(1536) DefNew: 140201K->423K(157248K)
[28.352s][info][gc,heap      ] GC(1536) Tenured: 45056K->45085K(349568K)
[28.352s][info][gc,metaspace ] GC(1536) Metaspace: 13534K->13534K(1062912K)
[28.352s][info][gc           ] GC(1536) Pause Young (Allocation Failure) 180M->44M(494M) 0.487ms
[28.352s][info][gc,cpu       ] GC(1536) User=0.00s Sys=0.00s Real=0.00s
[28.368s][info][gc,start     ] GC(1537) Pause Young (Allocation Failure)
[28.368s][info][gc,heap      ] GC(1537) DefNew: 140199K->420K(157248K)
[28.368s][info][gc,heap      ] GC(1537) Tenured: 45085K->45115K(349568K)
[28.368s][info][gc,metaspace ] GC(1537) Metaspace: 13534K->13534K(1062912K)
[28.368s][info][gc           ] GC(1537) Pause Young (Allocation Failure) 180M->44M(494M) 0.458ms
[28.368s][info][gc,cpu       ] GC(1537) User=0.00s Sys=0.00s Real=0.00s
[28.386s][info][gc,start     ] GC(1538) Pause Young (Allocation Failure)
[28.387s][info][gc,heap      ] GC(1538) DefNew: 140196K->419K(157248K)
[28.387s][info][gc,heap      ] GC(1538) Tenured: 45115K->45144K(349568K)
[28.387s][info][gc,metaspace ] GC(1538) Metaspace: 13534K->13534K(1062912K)
[28.387s][info][gc           ] GC(1538) Pause Young (Allocation Failure) 180M->44M(494M) 0.447ms
[28.387s][info][gc,cpu       ] GC(1538) User=0.00s Sys=0.00s Real=0.00s
[28.404s][info][gc,start     ] GC(1539) Pause Young (Allocation Failure)
[28.405s][info][gc,heap      ] GC(1539) DefNew: 140195K->428K(157248K)
[28.405s][info][gc,heap      ] GC(1539) Tenured: 45144K->45164K(349568K)
[28.405s][info][gc,metaspace ] GC(1539) Metaspace: 13534K->13534K(1062912K)
[28.405s][info][gc           ] GC(1539) Pause Young (Allocation Failure) 180M->44M(494M) 0.460ms
[28.405s][info][gc,cpu       ] GC(1539) User=0.00s Sys=0.00s Real=0.00s
[28.421s][info][gc,start     ] GC(1540) Pause Young (Allocation Failure)
[28.421s][info][gc,heap      ] GC(1540) DefNew: 140204K->427K(157248K)
[28.421s][info][gc,heap      ] GC(1540) Tenured: 45164K->45193K(349568K)
[28.421s][info][gc,metaspace ] GC(1540) Metaspace: 13534K->13534K(1062912K)
[28.421s][info][gc           ] GC(1540) Pause Young (Allocation Failure) 181M->44M(494M) 0.434ms
[28.421s][info][gc,cpu       ] GC(1540) User=0.00s Sys=0.00s Real=0.00s
[28.438s][info][gc,start     ] GC(1541) Pause Young (Allocation Failure)
[28.438s][info][gc,heap      ] GC(1541) DefNew: 140203K->426K(157248K)
[28.438s][info][gc,heap      ] GC(1541) Tenured: 45193K->45222K(349568K)
[28.438s][info][gc,metaspace ] GC(1541) Metaspace: 13534K->13534K(1062912K)
[28.438s][info][gc           ] GC(1541) Pause Young (Allocation Failure) 181M->44M(494M) 0.436ms
[28.438s][info][gc,cpu       ] GC(1541) User=0.00s Sys=0.00s Real=0.00s
[28.457s][info][gc,start     ] GC(1542) Pause Young (Allocation Failure)
[28.458s][info][gc,heap      ] GC(1542) DefNew: 140202K->424K(157248K)
[28.458s][info][gc,heap      ] GC(1542) Tenured: 45222K->45252K(349568K)
[28.458s][info][gc,metaspace ] GC(1542) Metaspace: 13534K->13534K(1062912K)
[28.458s][info][gc           ] GC(1542) Pause Young (Allocation Failure) 181M->44M(494M) 0.674ms
[28.458s][info][gc,cpu       ] GC(1542) User=0.00s Sys=0.00s Real=0.00s
[28.475s][info][gc,start     ] GC(1543) Pause Young (Allocation Failure)
[28.476s][info][gc,heap      ] GC(1543) DefNew: 140200K->421K(157248K)
[28.476s][info][gc,heap      ] GC(1543) Tenured: 45252K->45281K(349568K)
[28.476s][info][gc,metaspace ] GC(1543) Metaspace: 13534K->13534K(1062912K)
[28.476s][info][gc           ] GC(1543) Pause Young (Allocation Failure) 181M->44M(494M) 0.703ms
[28.476s][info][gc,cpu       ] GC(1543) User=0.00s Sys=0.00s Real=0.00s
[28.493s][info][gc,start     ] GC(1544) Pause Young (Allocation Failure)
[28.493s][info][gc,heap      ] GC(1544) DefNew: 140197K->419K(157248K)
[28.493s][info][gc,heap      ] GC(1544) Tenured: 45281K->45310K(349568K)
[28.493s][info][gc,metaspace ] GC(1544) Metaspace: 13534K->13534K(1062912K)
[28.493s][info][gc           ] GC(1544) Pause Young (Allocation Failure) 181M->44M(494M) 0.508ms
[28.494s][info][gc,cpu       ] GC(1544) User=0.00s Sys=0.00s Real=0.00s
[28.513s][info][gc,start     ] GC(1545) Pause Young (Allocation Failure)
[28.513s][info][gc,heap      ] GC(1545) DefNew: 140195K->428K(157248K)
[28.513s][info][gc,heap      ] GC(1545) Tenured: 45310K->45330K(349568K)
[28.513s][info][gc,metaspace ] GC(1545) Metaspace: 13534K->13534K(1062912K)
[28.514s][info][gc           ] GC(1545) Pause Young (Allocation Failure) 181M->44M(494M) 0.463ms
[28.514s][info][gc,cpu       ] GC(1545) User=0.00s Sys=0.00s Real=0.00s
[28.532s][info][gc,start     ] GC(1546) Pause Young (Allocation Failure)
[28.532s][info][gc,heap      ] GC(1546) DefNew: 140204K->427K(157248K)
[28.532s][info][gc,heap      ] GC(1546) Tenured: 45330K->45359K(349568K)
[28.532s][info][gc,metaspace ] GC(1546) Metaspace: 13534K->13534K(1062912K)
[28.532s][info][gc           ] GC(1546) Pause Young (Allocation Failure) 181M->44M(494M) 0.466ms
[28.532s][info][gc,cpu       ] GC(1546) User=0.00s Sys=0.00s Real=0.00s
[28.550s][info][gc,start     ] GC(1547) Pause Young (Allocation Failure)
[28.550s][info][gc,heap      ] GC(1547) DefNew: 140203K->426K(157248K)
[28.550s][info][gc,heap      ] GC(1547) Tenured: 45359K->45389K(349568K)
[28.550s][info][gc,metaspace ] GC(1547) Metaspace: 13534K->13534K(1062912K)
[28.550s][info][gc           ] GC(1547) Pause Young (Allocation Failure) 181M->44M(494M) 0.457ms
[28.550s][info][gc,cpu       ] GC(1547) User=0.00s Sys=0.00s Real=0.00s
[28.566s][info][gc,start     ] GC(1548) Pause Young (Allocation Failure)
[28.566s][info][gc,heap      ] GC(1548) DefNew: 140202K->425K(157248K)
[28.566s][info][gc,heap      ] GC(1548) Tenured: 45389K->45418K(349568K)
[28.566s][info][gc,metaspace ] GC(1548) Metaspace: 13534K->13534K(1062912K)
[28.566s][info][gc           ] GC(1548) Pause Young (Allocation Failure) 181M->44M(494M) 0.494ms
[28.567s][info][gc,cpu       ] GC(1548) User=0.01s Sys=0.00s Real=0.00s
[28.586s][info][gc,start     ] GC(1549) Pause Young (Allocation Failure)
[28.586s][info][gc,heap      ] GC(1549) DefNew: 140201K->423K(157248K)
[28.586s][info][gc,heap      ] GC(1549) Tenured: 45418K->45447K(349568K)
[28.586s][info][gc,metaspace ] GC(1549) Metaspace: 13534K->13534K(1062912K)
[28.586s][info][gc           ] GC(1549) Pause Young (Allocation Failure) 181M->44M(494M) 0.498ms
[28.586s][info][gc,cpu       ] GC(1549) User=0.00s Sys=0.00s Real=0.00s
[28.602s][info][gc,start     ] GC(1550) Pause Young (Allocation Failure)
[28.603s][info][gc,heap      ] GC(1550) DefNew: 140199K->420K(157248K)
[28.603s][info][gc,heap      ] GC(1550) Tenured: 45447K->45477K(349568K)
[28.603s][info][gc,metaspace ] GC(1550) Metaspace: 13540K->13540K(1062912K)
[28.603s][info][gc           ] GC(1550) Pause Young (Allocation Failure) 181M->44M(494M) 0.378ms
[28.603s][info][gc,cpu       ] GC(1550) User=0.00s Sys=0.00s Real=0.00s
[28.633s][info][gc,start     ] GC(1551) Pause Young (Allocation Failure)
[28.634s][info][gc,heap      ] GC(1551) DefNew: 140196K->419K(157248K)
[28.634s][info][gc,heap      ] GC(1551) Tenured: 45477K->45506K(349568K)
[28.634s][info][gc,metaspace ] GC(1551) Metaspace: 13540K->13540K(1062912K)
[28.634s][info][gc           ] GC(1551) Pause Young (Allocation Failure) 181M->44M(494M) 0.761ms
[28.634s][info][gc,cpu       ] GC(1551) User=0.00s Sys=0.00s Real=0.00s
[28.658s][info][gc,start     ] GC(1552) Pause Young (Allocation Failure)
[28.659s][info][gc,heap      ] GC(1552) DefNew: 140195K->428K(157248K)
[28.659s][info][gc,heap      ] GC(1552) Tenured: 45506K->45525K(349568K)
[28.659s][info][gc,metaspace ] GC(1552) Metaspace: 13540K->13540K(1062912K)
[28.659s][info][gc           ] GC(1552) Pause Young (Allocation Failure) 181M->44M(494M) 0.479ms
[28.659s][info][gc,cpu       ] GC(1552) User=0.00s Sys=0.00s Real=0.00s
[28.674s][info][gc,start     ] GC(1553) Pause Young (Allocation Failure)
[28.675s][info][gc,heap      ] GC(1553) DefNew: 140204K->427K(157248K)
[28.675s][info][gc,heap      ] GC(1553) Tenured: 45525K->45555K(349568K)
[28.675s][info][gc,metaspace ] GC(1553) Metaspace: 13540K->13540K(1062912K)
[28.675s][info][gc           ] GC(1553) Pause Young (Allocation Failure) 181M->44M(494M) 0.426ms
[28.675s][info][gc,cpu       ] GC(1553) User=0.00s Sys=0.00s Real=0.00s
[28.691s][info][gc,start     ] GC(1554) Pause Young (Allocation Failure)
[28.692s][info][gc,heap      ] GC(1554) DefNew: 140203K->426K(157248K)
[28.692s][info][gc,heap      ] GC(1554) Tenured: 45555K->45584K(349568K)
[28.692s][info][gc,metaspace ] GC(1554) Metaspace: 13540K->13540K(1062912K)
[28.692s][info][gc           ] GC(1554) Pause Young (Allocation Failure) 181M->44M(494M) 0.513ms
[28.692s][info][gc,cpu       ] GC(1554) User=0.00s Sys=0.00s Real=0.00s
[28.709s][info][gc,start     ] GC(1555) Pause Young (Allocation Failure)
[28.709s][info][gc,heap      ] GC(1555) DefNew: 140202K->424K(157248K)
[28.709s][info][gc,heap      ] GC(1555) Tenured: 45584K->45613K(349568K)
[28.709s][info][gc,metaspace ] GC(1555) Metaspace: 13540K->13540K(1062912K)
[28.709s][info][gc           ] GC(1555) Pause Young (Allocation Failure) 181M->44M(494M) 0.467ms
[28.710s][info][gc,cpu       ] GC(1555) User=0.00s Sys=0.00s Real=0.01s
[28.727s][info][gc,start     ] GC(1556) Pause Young (Allocation Failure)
[28.727s][info][gc,heap      ] GC(1556) DefNew: 140200K->422K(157248K)
[28.727s][info][gc,heap      ] GC(1556) Tenured: 45613K->45643K(349568K)
[28.727s][info][gc,metaspace ] GC(1556) Metaspace: 13540K->13540K(1062912K)
[28.727s][info][gc           ] GC(1556) Pause Young (Allocation Failure) 181M->44M(494M) 0.452ms
[28.727s][info][gc,cpu       ] GC(1556) User=0.00s Sys=0.00s Real=0.00s
[28.742s][info][gc,start     ] GC(1557) Pause Young (Allocation Failure)
[28.742s][info][gc,heap      ] GC(1557) DefNew: 140198K->420K(157248K)
[28.742s][info][gc,heap      ] GC(1557) Tenured: 45643K->45672K(349568K)
[28.742s][info][gc,metaspace ] GC(1557) Metaspace: 13540K->13540K(1062912K)
[28.742s][info][gc           ] GC(1557) Pause Young (Allocation Failure) 181M->45M(494M) 0.418ms
[28.742s][info][gc,cpu       ] GC(1557) User=0.00s Sys=0.00s Real=0.00s
[28.758s][info][gc,start     ] GC(1558) Pause Young (Allocation Failure)
[28.759s][info][gc,heap      ] GC(1558) DefNew: 140196K->419K(157248K)
[28.759s][info][gc,heap      ] GC(1558) Tenured: 45672K->45702K(349568K)
[28.759s][info][gc,metaspace ] GC(1558) Metaspace: 13540K->13540K(1062912K)
[28.759s][info][gc           ] GC(1558) Pause Young (Allocation Failure) 181M->45M(494M) 0.440ms
[28.759s][info][gc,cpu       ] GC(1558) User=0.00s Sys=0.00s Real=0.00s
[28.776s][info][gc,start     ] GC(1559) Pause Young (Allocation Failure)
[28.777s][info][gc,heap      ] GC(1559) DefNew: 140195K->428K(157248K)
[28.777s][info][gc,heap      ] GC(1559) Tenured: 45702K->45721K(349568K)
[28.777s][info][gc,metaspace ] GC(1559) Metaspace: 13540K->13540K(1062912K)
[28.777s][info][gc           ] GC(1559) Pause Young (Allocation Failure) 181M->45M(494M) 0.503ms
[28.777s][info][gc,cpu       ] GC(1559) User=0.00s Sys=0.00s Real=0.00s
[28.793s][info][gc,start     ] GC(1560) Pause Young (Allocation Failure)
[28.794s][info][gc,heap      ] GC(1560) DefNew: 140204K->427K(157248K)
[28.794s][info][gc,heap      ] GC(1560) Tenured: 45721K->45750K(349568K)
[28.794s][info][gc,metaspace ] GC(1560) Metaspace: 13540K->13540K(1062912K)
[28.794s][info][gc           ] GC(1560) Pause Young (Allocation Failure) 181M->45M(494M) 0.461ms
[28.794s][info][gc,cpu       ] GC(1560) User=0.00s Sys=0.00s Real=0.00s
[28.809s][info][gc,start     ] GC(1561) Pause Young (Allocation Failure)
[28.810s][info][gc,heap      ] GC(1561) DefNew: 140203K->425K(157248K)
[28.810s][info][gc,heap      ] GC(1561) Tenured: 45750K->45780K(349568K)
[28.810s][info][gc,metaspace ] GC(1561) Metaspace: 13540K->13540K(1062912K)
[28.810s][info][gc           ] GC(1561) Pause Young (Allocation Failure) 181M->45M(494M) 0.436ms
[28.810s][info][gc,cpu       ] GC(1561) User=0.00s Sys=0.00s Real=0.01s
[28.826s][info][gc,start     ] GC(1562) Pause Young (Allocation Failure)
[28.826s][info][gc,heap      ] GC(1562) DefNew: 140201K->423K(157248K)
[28.826s][info][gc,heap      ] GC(1562) Tenured: 45780K->45809K(349568K)
[28.826s][info][gc,metaspace ] GC(1562) Metaspace: 13540K->13540K(1062912K)
[28.826s][info][gc           ] GC(1562) Pause Young (Allocation Failure) 181M->45M(494M) 0.511ms
[28.826s][info][gc,cpu       ] GC(1562) User=0.00s Sys=0.00s Real=0.00s
[28.845s][info][gc,start     ] GC(1563) Pause Young (Allocation Failure)
[28.845s][info][gc,heap      ] GC(1563) DefNew: 140199K->420K(157248K)
[28.845s][info][gc,heap      ] GC(1563) Tenured: 45809K->45838K(349568K)
[28.845s][info][gc,metaspace ] GC(1563) Metaspace: 13540K->13540K(1062912K)
[28.845s][info][gc           ] GC(1563) Pause Young (Allocation Failure) 181M->45M(494M) 0.384ms
[28.845s][info][gc,cpu       ] GC(1563) User=0.00s Sys=0.00s Real=0.00s
[28.863s][info][gc,start     ] GC(1564) Pause Young (Allocation Failure)
[28.864s][info][gc,heap      ] GC(1564) DefNew: 140196K->419K(157248K)
[28.864s][info][gc,heap      ] GC(1564) Tenured: 45838K->45868K(349568K)
[28.864s][info][gc,metaspace ] GC(1564) Metaspace: 13540K->13540K(1062912K)
[28.864s][info][gc           ] GC(1564) Pause Young (Allocation Failure) 181M->45M(494M) 0.434ms
[28.864s][info][gc,cpu       ] GC(1564) User=0.00s Sys=0.00s Real=0.00s
[28.882s][info][gc,start     ] GC(1565) Pause Young (Allocation Failure)
[28.882s][info][gc,heap      ] GC(1565) DefNew: 140195K->428K(157248K)
[28.882s][info][gc,heap      ] GC(1565) Tenured: 45868K->45887K(349568K)
[28.882s][info][gc,metaspace ] GC(1565) Metaspace: 13540K->13540K(1062912K)
[28.882s][info][gc           ] GC(1565) Pause Young (Allocation Failure) 181M->45M(494M) 0.460ms
[28.882s][info][gc,cpu       ] GC(1565) User=0.00s Sys=0.00s Real=0.00s
[28.902s][info][gc,start     ] GC(1566) Pause Young (Allocation Failure)
[28.902s][info][gc,heap      ] GC(1566) DefNew: 140204K->427K(157248K)
[28.903s][info][gc,heap      ] GC(1566) Tenured: 45887K->45917K(349568K)
[28.903s][info][gc,metaspace ] GC(1566) Metaspace: 13540K->13540K(1062912K)
[28.903s][info][gc           ] GC(1566) Pause Young (Allocation Failure) 181M->45M(494M) 0.455ms
[28.903s][info][gc,cpu       ] GC(1566) User=0.00s Sys=0.00s Real=0.00s
[28.921s][info][gc,start     ] GC(1567) Pause Young (Allocation Failure)
[28.921s][info][gc,heap      ] GC(1567) DefNew: 140203K->426K(157248K)
[28.921s][info][gc,heap      ] GC(1567) Tenured: 45917K->45946K(349568K)
[28.921s][info][gc,metaspace ] GC(1567) Metaspace: 13540K->13540K(1062912K)
[28.921s][info][gc           ] GC(1567) Pause Young (Allocation Failure) 181M->45M(494M) 0.467ms
[28.921s][info][gc,cpu       ] GC(1567) User=0.00s Sys=0.00s Real=0.00s
[28.940s][info][gc,start     ] GC(1568) Pause Young (Allocation Failure)
[28.940s][info][gc,heap      ] GC(1568) DefNew: 140202K->425K(157248K)
[28.940s][info][gc,heap      ] GC(1568) Tenured: 45946K->45975K(349568K)
[28.940s][info][gc,metaspace ] GC(1568) Metaspace: 13540K->13540K(1062912K)
[28.940s][info][gc           ] GC(1568) Pause Young (Allocation Failure) 181M->45M(494M) 0.590ms
[28.940s][info][gc,cpu       ] GC(1568) User=0.00s Sys=0.00s Real=0.00s
[28.957s][info][gc,start     ] GC(1569) Pause Young (Allocation Failure)
[28.957s][info][gc,heap      ] GC(1569) DefNew: 140201K->422K(157248K)
[28.957s][info][gc,heap      ] GC(1569) Tenured: 45975K->46005K(349568K)
[28.957s][info][gc,metaspace ] GC(1569) Metaspace: 13540K->13540K(1062912K)
[28.957s][info][gc           ] GC(1569) Pause Young (Allocation Failure) 181M->45M(494M) 0.414ms
[28.957s][info][gc,cpu       ] GC(1569) User=0.00s Sys=0.00s Real=0.00s
[28.972s][info][gc,start     ] GC(1570) Pause Young (Allocation Failure)
[28.972s][info][gc,heap      ] GC(1570) DefNew: 140198K->420K(157248K)
[28.972s][info][gc,heap      ] GC(1570) Tenured: 46005K->46034K(349568K)
[28.972s][info][gc,metaspace ] GC(1570) Metaspace: 13540K->13540K(1062912K)
[28.972s][info][gc           ] GC(1570) Pause Young (Allocation Failure) 181M->45M(494M) 0.402ms
[28.972s][info][gc,cpu       ] GC(1570) User=0.00s Sys=0.00s Real=0.00s
[28.989s][info][gc,start     ] GC(1571) Pause Young (Allocation Failure)
[28.990s][info][gc,heap      ] GC(1571) DefNew: 140196K->419K(157248K)
[28.990s][info][gc,heap      ] GC(1571) Tenured: 46034K->46063K(349568K)
[28.990s][info][gc,metaspace ] GC(1571) Metaspace: 13540K->13540K(1062912K)
[28.990s][info][gc           ] GC(1571) Pause Young (Allocation Failure) 181M->45M(494M) 0.411ms
[28.990s][info][gc,cpu       ] GC(1571) User=0.00s Sys=0.00s Real=0.00s
[29.006s][info][gc,start     ] GC(1572) Pause Young (Allocation Failure)
[29.007s][info][gc,heap      ] GC(1572) DefNew: 140195K->428K(157248K)
[29.007s][info][gc,heap      ] GC(1572) Tenured: 46063K->46083K(349568K)
[29.007s][info][gc,metaspace ] GC(1572) Metaspace: 13540K->13540K(1062912K)
[29.007s][info][gc           ] GC(1572) Pause Young (Allocation Failure) 181M->45M(494M) 0.403ms
[29.007s][info][gc,cpu       ] GC(1572) User=0.00s Sys=0.00s Real=0.00s
[29.023s][info][gc,start     ] GC(1573) Pause Young (Allocation Failure)
[29.023s][info][gc,heap      ] GC(1573) DefNew: 140204K->427K(157248K)
[29.023s][info][gc,heap      ] GC(1573) Tenured: 46083K->46112K(349568K)
[29.023s][info][gc,metaspace ] GC(1573) Metaspace: 13540K->13540K(1062912K)
[29.023s][info][gc           ] GC(1573) Pause Young (Allocation Failure) 181M->45M(494M) 0.439ms
[29.023s][info][gc,cpu       ] GC(1573) User=0.00s Sys=0.00s Real=0.00s
[29.039s][info][gc,start     ] GC(1574) Pause Young (Allocation Failure)
[29.039s][info][gc,heap      ] GC(1574) DefNew: 140203K->425K(157248K)
[29.039s][info][gc,heap      ] GC(1574) Tenured: 46112K->46142K(349568K)
[29.040s][info][gc,metaspace ] GC(1574) Metaspace: 13540K->13540K(1062912K)
[29.040s][info][gc           ] GC(1574) Pause Young (Allocation Failure) 181M->45M(494M) 0.477ms
[29.040s][info][gc,cpu       ] GC(1574) User=0.00s Sys=0.00s Real=0.01s
[29.057s][info][gc,start     ] GC(1575) Pause Young (Allocation Failure)
[29.057s][info][gc,heap      ] GC(1575) DefNew: 140201K->424K(157248K)
[29.057s][info][gc,heap      ] GC(1575) Tenured: 46142K->46171K(349568K)
[29.057s][info][gc,metaspace ] GC(1575) Metaspace: 13540K->13540K(1062912K)
[29.058s][info][gc           ] GC(1575) Pause Young (Allocation Failure) 181M->45M(494M) 0.463ms
[29.058s][info][gc,cpu       ] GC(1575) User=0.00s Sys=0.00s Real=0.00s
[29.075s][info][gc,start     ] GC(1576) Pause Young (Allocation Failure)
[29.075s][info][gc,heap      ] GC(1576) DefNew: 140200K->420K(157248K)
[29.075s][info][gc,heap      ] GC(1576) Tenured: 46171K->46200K(349568K)
[29.075s][info][gc,metaspace ] GC(1576) Metaspace: 13540K->13540K(1062912K)
[29.075s][info][gc           ] GC(1576) Pause Young (Allocation Failure) 182M->45M(494M) 0.417ms
[29.075s][info][gc,cpu       ] GC(1576) User=0.00s Sys=0.00s Real=0.00s
[29.095s][info][gc,start     ] GC(1577) Pause Young (Allocation Failure)
[29.095s][info][gc,heap      ] GC(1577) DefNew: 140196K->419K(157248K)
[29.095s][info][gc,heap      ] GC(1577) Tenured: 46200K->46230K(349568K)
[29.095s][info][gc,metaspace ] GC(1577) Metaspace: 13540K->13540K(1062912K)
[29.095s][info][gc           ] GC(1577) Pause Young (Allocation Failure) 182M->45M(494M) 0.385ms
[29.095s][info][gc,cpu       ] GC(1577) User=0.00s Sys=0.00s Real=0.00s
[29.113s][info][gc,start     ] GC(1578) Pause Young (Allocation Failure)
[29.114s][info][gc,heap      ] GC(1578) DefNew: 140195K->428K(157248K)
[29.114s][info][gc,heap      ] GC(1578) Tenured: 46230K->46249K(349568K)
[29.114s][info][gc,metaspace ] GC(1578) Metaspace: 13540K->13540K(1062912K)
[29.114s][info][gc           ] GC(1578) Pause Young (Allocation Failure) 182M->45M(494M) 0.444ms
[29.114s][info][gc,cpu       ] GC(1578) User=0.00s Sys=0.00s Real=0.00s
[29.132s][info][gc,start     ] GC(1579) Pause Young (Allocation Failure)
[29.133s][info][gc,heap      ] GC(1579) DefNew: 140204K->427K(157248K)
[29.133s][info][gc,heap      ] GC(1579) Tenured: 46249K->46279K(349568K)
[29.133s][info][gc,metaspace ] GC(1579) Metaspace: 13540K->13540K(1062912K)
[29.133s][info][gc           ] GC(1579) Pause Young (Allocation Failure) 182M->45M(494M) 0.457ms
[29.133s][info][gc,cpu       ] GC(1579) User=0.00s Sys=0.00s Real=0.00s
[29.153s][info][gc,start     ] GC(1580) Pause Young (Allocation Failure)
[29.153s][info][gc,heap      ] GC(1580) DefNew: 140203K->426K(157248K)
[29.153s][info][gc,heap      ] GC(1580) Tenured: 46279K->46308K(349568K)
[29.153s][info][gc,metaspace ] GC(1580) Metaspace: 13540K->13540K(1062912K)
[29.153s][info][gc           ] GC(1580) Pause Young (Allocation Failure) 182M->45M(494M) 0.489ms
[29.153s][info][gc,cpu       ] GC(1580) User=0.00s Sys=0.00s Real=0.00s
[29.171s][info][gc,start     ] GC(1581) Pause Young (Allocation Failure)
[29.171s][info][gc,heap      ] GC(1581) DefNew: 140202K->425K(157248K)
[29.171s][info][gc,heap      ] GC(1581) Tenured: 46308K->46337K(349568K)
[29.171s][info][gc,metaspace ] GC(1581) Metaspace: 13540K->13540K(1062912K)
[29.171s][info][gc           ] GC(1581) Pause Young (Allocation Failure) 182M->45M(494M) 0.435ms
[29.171s][info][gc,cpu       ] GC(1581) User=0.00s Sys=0.00s Real=0.00s
[29.189s][info][gc,start     ] GC(1582) Pause Young (Allocation Failure)
[29.189s][info][gc,heap      ] GC(1582) DefNew: 140201K->423K(157248K)
[29.189s][info][gc,heap      ] GC(1582) Tenured: 46337K->46367K(349568K)
[29.189s][info][gc,metaspace ] GC(1582) Metaspace: 13540K->13540K(1062912K)
[29.189s][info][gc           ] GC(1582) Pause Young (Allocation Failure) 182M->45M(494M) 0.735ms
[29.189s][info][gc,cpu       ] GC(1582) User=0.00s Sys=0.00s Real=0.00s
[29.205s][info][gc,start     ] GC(1583) Pause Young (Allocation Failure)
[29.205s][info][gc,heap      ] GC(1583) DefNew: 140199K->420K(157248K)
[29.206s][info][gc,heap      ] GC(1583) Tenured: 46367K->46396K(349568K)
[29.206s][info][gc,metaspace ] GC(1583) Metaspace: 13540K->13540K(1062912K)
[29.206s][info][gc           ] GC(1583) Pause Young (Allocation Failure) 182M->45M(494M) 0.342ms
[29.206s][info][gc,cpu       ] GC(1583) User=0.00s Sys=0.00s Real=0.00s
[29.222s][info][gc,start     ] GC(1584) Pause Young (Allocation Failure)
[29.223s][info][gc,heap      ] GC(1584) DefNew: 140196K->419K(157248K)
[29.223s][info][gc,heap      ] GC(1584) Tenured: 46396K->46425K(349568K)
[29.223s][info][gc,metaspace ] GC(1584) Metaspace: 13540K->13540K(1062912K)
[29.223s][info][gc           ] GC(1584) Pause Young (Allocation Failure) 182M->45M(494M) 0.409ms
[29.223s][info][gc,cpu       ] GC(1584) User=0.00s Sys=0.00s Real=0.00s
[29.239s][info][gc,start     ] GC(1585) Pause Young (Allocation Failure)
[29.240s][info][gc,heap      ] GC(1585) DefNew: 140195K->428K(157248K)
[29.240s][info][gc,heap      ] GC(1585) Tenured: 46425K->46445K(349568K)
[29.240s][info][gc,metaspace ] GC(1585) Metaspace: 13540K->13540K(1062912K)
[29.240s][info][gc           ] GC(1585) Pause Young (Allocation Failure) 182M->45M(494M) 0.400ms
[29.240s][info][gc,cpu       ] GC(1585) User=0.00s Sys=0.00s Real=0.00s
[29.256s][info][gc,start     ] GC(1586) Pause Young (Allocation Failure)
[29.256s][info][gc,heap      ] GC(1586) DefNew: 140204K->427K(157248K)
[29.256s][info][gc,heap      ] GC(1586) Tenured: 46445K->46474K(349568K)
[29.256s][info][gc,metaspace ] GC(1586) Metaspace: 13540K->13540K(1062912K)
[29.256s][info][gc           ] GC(1586) Pause Young (Allocation Failure) 182M->45M(494M) 0.591ms
[29.256s][info][gc,cpu       ] GC(1586) User=0.00s Sys=0.00s Real=0.00s
[29.274s][info][gc,start     ] GC(1587) Pause Young (Allocation Failure)
[29.274s][info][gc,heap      ] GC(1587) DefNew: 140203K->426K(157248K)
[29.274s][info][gc,heap      ] GC(1587) Tenured: 46474K->46504K(349568K)
[29.274s][info][gc,metaspace ] GC(1587) Metaspace: 13540K->13540K(1062912K)
[29.274s][info][gc           ] GC(1587) Pause Young (Allocation Failure) 182M->45M(494M) 0.454ms
[29.274s][info][gc,cpu       ] GC(1587) User=0.00s Sys=0.00s Real=0.00s
[29.293s][info][gc,start     ] GC(1588) Pause Young (Allocation Failure)
[29.293s][info][gc,heap      ] GC(1588) DefNew: 140202K->424K(157248K)
[29.293s][info][gc,heap      ] GC(1588) Tenured: 46504K->46533K(349568K)
[29.293s][info][gc,metaspace ] GC(1588) Metaspace: 13540K->13540K(1062912K)
[29.293s][info][gc           ] GC(1588) Pause Young (Allocation Failure) 182M->45M(494M) 0.510ms
[29.293s][info][gc,cpu       ] GC(1588) User=0.00s Sys=0.00s Real=0.00s
[29.312s][info][gc,start     ] GC(1589) Pause Young (Allocation Failure)
[29.312s][info][gc,heap      ] GC(1589) DefNew: 140200K->421K(157248K)
[29.312s][info][gc,heap      ] GC(1589) Tenured: 46533K->46562K(349568K)
[29.312s][info][gc,metaspace ] GC(1589) Metaspace: 13540K->13540K(1062912K)
[29.312s][info][gc           ] GC(1589) Pause Young (Allocation Failure) 182M->45M(494M) 0.514ms
[29.312s][info][gc,cpu       ] GC(1589) User=0.00s Sys=0.00s Real=0.00s
[29.330s][info][gc,start     ] GC(1590) Pause Young (Allocation Failure)
[29.330s][info][gc,heap      ] GC(1590) DefNew: 140197K->419K(157248K)
[29.330s][info][gc,heap      ] GC(1590) Tenured: 46562K->46592K(349568K)
[29.330s][info][gc,metaspace ] GC(1590) Metaspace: 13540K->13540K(1062912K)
[29.330s][info][gc           ] GC(1590) Pause Young (Allocation Failure) 182M->45M(494M) 0.393ms
[29.330s][info][gc,cpu       ] GC(1590) User=0.00s Sys=0.00s Real=0.00s
[29.348s][info][gc,start     ] GC(1591) Pause Young (Allocation Failure)
[29.348s][info][gc,heap      ] GC(1591) DefNew: 140195K->428K(157248K)
[29.348s][info][gc,heap      ] GC(1591) Tenured: 46592K->46611K(349568K)
[29.348s][info][gc,metaspace ] GC(1591) Metaspace: 13540K->13540K(1062912K)
[29.348s][info][gc           ] GC(1591) Pause Young (Allocation Failure) 182M->45M(494M) 0.414ms
[29.348s][info][gc,cpu       ] GC(1591) User=0.00s Sys=0.00s Real=0.00s
[29.365s][info][gc,start     ] GC(1592) Pause Young (Allocation Failure)
[29.365s][info][gc,heap      ] GC(1592) DefNew: 140204K->427K(157248K)
[29.365s][info][gc,heap      ] GC(1592) Tenured: 46611K->46641K(349568K)
[29.365s][info][gc,metaspace ] GC(1592) Metaspace: 13540K->13540K(1062912K)
[29.365s][info][gc           ] GC(1592) Pause Young (Allocation Failure) 182M->45M(494M) 0.397ms
[29.365s][info][gc,cpu       ] GC(1592) User=0.00s Sys=0.00s Real=0.00s
[29.382s][info][gc,start     ] GC(1593) Pause Young (Allocation Failure)
[29.382s][info][gc,heap      ] GC(1593) DefNew: 140203K->426K(157248K)
[29.382s][info][gc,heap      ] GC(1593) Tenured: 46641K->46670K(349568K)
[29.382s][info][gc,metaspace ] GC(1593) Metaspace: 13540K->13540K(1062912K)
[29.382s][info][gc           ] GC(1593) Pause Young (Allocation Failure) 182M->45M(494M) 0.477ms
[29.382s][info][gc,cpu       ] GC(1593) User=0.00s Sys=0.00s Real=0.00s
[29.400s][info][gc,start     ] GC(1594) Pause Young (Allocation Failure)
[29.401s][info][gc,heap      ] GC(1594) DefNew: 140202K->425K(157248K)
[29.401s][info][gc,heap      ] GC(1594) Tenured: 46670K->46699K(349568K)
[29.401s][info][gc,metaspace ] GC(1594) Metaspace: 13540K->13540K(1062912K)
[29.401s][info][gc           ] GC(1594) Pause Young (Allocation Failure) 182M->46M(494M) 0.476ms
[29.401s][info][gc,cpu       ] GC(1594) User=0.00s Sys=0.00s Real=0.00s
[29.420s][info][gc,start     ] GC(1595) Pause Young (Allocation Failure)
[29.421s][info][gc,heap      ] GC(1595) DefNew: 140201K->423K(157248K)
[29.421s][info][gc,heap      ] GC(1595) Tenured: 46699K->46729K(349568K)
[29.421s][info][gc,metaspace ] GC(1595) Metaspace: 13540K->13540K(1062912K)
[29.421s][info][gc           ] GC(1595) Pause Young (Allocation Failure) 182M->46M(494M) 0.493ms
[29.421s][info][gc,cpu       ] GC(1595) User=0.00s Sys=0.00s Real=0.00s
[29.440s][info][gc,start     ] GC(1596) Pause Young (Allocation Failure)
[29.440s][info][gc,heap      ] GC(1596) DefNew: 140199K->420K(157248K)
[29.440s][info][gc,heap      ] GC(1596) Tenured: 46729K->46758K(349568K)
[29.440s][info][gc,metaspace ] GC(1596) Metaspace: 13540K->13540K(1062912K)
[29.440s][info][gc           ] GC(1596) Pause Young (Allocation Failure) 182M->46M(494M) 0.439ms
[29.440s][info][gc,cpu       ] GC(1596) User=0.00s Sys=0.00s Real=0.00s
[29.458s][info][gc,start     ] GC(1597) Pause Young (Allocation Failure)
[29.458s][info][gc,heap      ] GC(1597) DefNew: 140196K->419K(157248K)
[29.458s][info][gc,heap      ] GC(1597) Tenured: 46758K->46787K(349568K)
[29.458s][info][gc,metaspace ] GC(1597) Metaspace: 13540K->13540K(1062912K)
[29.458s][info][gc           ] GC(1597) Pause Young (Allocation Failure) 182M->46M(494M) 0.440ms
[29.458s][info][gc,cpu       ] GC(1597) User=0.00s Sys=0.00s Real=0.00s
[29.476s][info][gc,start     ] GC(1598) Pause Young (Allocation Failure)
[29.477s][info][gc,heap      ] GC(1598) DefNew: 140195K->428K(157248K)
[29.477s][info][gc,heap      ] GC(1598) Tenured: 46787K->46807K(349568K)
[29.477s][info][gc,metaspace ] GC(1598) Metaspace: 13540K->13540K(1062912K)
[29.477s][info][gc           ] GC(1598) Pause Young (Allocation Failure) 182M->46M(494M) 0.421ms
[29.477s][info][gc,cpu       ] GC(1598) User=0.00s Sys=0.00s Real=0.00s
[29.495s][info][gc,start     ] GC(1599) Pause Young (Allocation Failure)
[29.495s][info][gc,heap      ] GC(1599) DefNew: 140204K->427K(157248K)
[29.495s][info][gc,heap      ] GC(1599) Tenured: 46807K->46836K(349568K)
[29.495s][info][gc,metaspace ] GC(1599) Metaspace: 13540K->13540K(1062912K)
[29.495s][info][gc           ] GC(1599) Pause Young (Allocation Failure) 182M->46M(494M) 0.432ms
[29.495s][info][gc,cpu       ] GC(1599) User=0.00s Sys=0.00s Real=0.00s
[29.512s][info][gc,start     ] GC(1600) Pause Young (Allocation Failure)
[29.512s][info][gc,heap      ] GC(1600) DefNew: 140203K->426K(157248K)
[29.512s][info][gc,heap      ] GC(1600) Tenured: 46836K->46866K(349568K)
[29.512s][info][gc,metaspace ] GC(1600) Metaspace: 13540K->13540K(1062912K)
[29.512s][info][gc           ] GC(1600) Pause Young (Allocation Failure) 182M->46M(494M) 0.355ms
[29.512s][info][gc,cpu       ] GC(1600) User=0.00s Sys=0.00s Real=0.00s
[29.529s][info][gc,start     ] GC(1601) Pause Young (Allocation Failure)
[29.530s][info][gc,heap      ] GC(1601) DefNew: 140202K->424K(157248K)
[29.530s][info][gc,heap      ] GC(1601) Tenured: 46866K->46895K(349568K)
[29.530s][info][gc,metaspace ] GC(1601) Metaspace: 13540K->13540K(1062912K)
[29.530s][info][gc           ] GC(1601) Pause Young (Allocation Failure) 182M->46M(494M) 0.450ms
[29.530s][info][gc,cpu       ] GC(1601) User=0.00s Sys=0.00s Real=0.01s
[29.548s][info][gc,start     ] GC(1602) Pause Young (Allocation Failure)
[29.548s][info][gc,heap      ] GC(1602) DefNew: 140200K->422K(157248K)
[29.548s][info][gc,heap      ] GC(1602) Tenured: 46895K->46924K(349568K)
[29.548s][info][gc,metaspace ] GC(1602) Metaspace: 13540K->13540K(1062912K)
[29.548s][info][gc           ] GC(1602) Pause Young (Allocation Failure) 182M->46M(494M) 0.606ms
[29.548s][info][gc,cpu       ] GC(1602) User=0.00s Sys=0.00s Real=0.00s
[29.563s][info][gc,start     ] GC(1603) Pause Young (Allocation Failure)
[29.564s][info][gc,heap      ] GC(1603) DefNew: 140198K->419K(157248K)
[29.564s][info][gc,heap      ] GC(1603) Tenured: 46924K->46954K(349568K)
[29.564s][info][gc,metaspace ] GC(1603) Metaspace: 13540K->13540K(1062912K)
[29.564s][info][gc           ] GC(1603) Pause Young (Allocation Failure) 182M->46M(494M) 0.413ms
[29.564s][info][gc,cpu       ] GC(1603) User=0.00s Sys=0.00s Real=0.00s
[29.582s][info][gc,start     ] GC(1604) Pause Young (Allocation Failure)
[29.582s][info][gc,heap      ] GC(1604) DefNew: 140195K->419K(157248K)
[29.582s][info][gc,heap      ] GC(1604) Tenured: 46954K->46983K(349568K)
[29.582s][info][gc,metaspace ] GC(1604) Metaspace: 13540K->13540K(1062912K)
[29.582s][info][gc           ] GC(1604) Pause Young (Allocation Failure) 182M->46M(494M) 0.425ms
[29.582s][info][gc,cpu       ] GC(1604) User=0.01s Sys=0.00s Real=0.00s
[29.599s][info][gc,start     ] GC(1605) Pause Young (Allocation Failure)
[29.599s][info][gc,heap      ] GC(1605) DefNew: 140195K->428K(157248K)
[29.599s][info][gc,heap      ] GC(1605) Tenured: 46983K->47002K(349568K)
[29.599s][info][gc,metaspace ] GC(1605) Metaspace: 13540K->13540K(1062912K)
[29.599s][info][gc           ] GC(1605) Pause Young (Allocation Failure) 182M->46M(494M) 0.404ms
[29.599s][info][gc,cpu       ] GC(1605) User=0.00s Sys=0.00s Real=0.00s
[29.625s][info][gc,start     ] GC(1606) Pause Young (Allocation Failure)
[29.626s][info][gc,heap      ] GC(1606) DefNew: 140204K->427K(157248K)
[29.626s][info][gc,heap      ] GC(1606) Tenured: 47002K->47032K(349568K)
[29.626s][info][gc,metaspace ] GC(1606) Metaspace: 13551K->13551K(1062912K)
[29.626s][info][gc           ] GC(1606) Pause Young (Allocation Failure) 182M->46M(494M) 1.351ms
[29.626s][info][gc,cpu       ] GC(1606) User=0.00s Sys=0.00s Real=0.00s
[29.659s][info][gc,start     ] GC(1607) Pause Young (Allocation Failure)
[29.660s][info][gc,heap      ] GC(1607) DefNew: 140203K->425K(157248K)
[29.660s][info][gc,heap      ] GC(1607) Tenured: 47032K->47061K(349568K)
[29.660s][info][gc,metaspace ] GC(1607) Metaspace: 13551K->13551K(1062912K)
[29.660s][info][gc           ] GC(1607) Pause Young (Allocation Failure) 182M->46M(494M) 0.522ms
[29.660s][info][gc,cpu       ] GC(1607) User=0.00s Sys=0.00s Real=0.01s
[29.678s][info][gc,start     ] GC(1608) Pause Young (Allocation Failure)
[29.678s][info][gc,heap      ] GC(1608) DefNew: 140201K->424K(157248K)
[29.678s][info][gc,heap      ] GC(1608) Tenured: 47061K->47091K(349568K)
[29.678s][info][gc,metaspace ] GC(1608) Metaspace: 13551K->13551K(1062912K)
[29.678s][info][gc           ] GC(1608) Pause Young (Allocation Failure) 182M->46M(494M) 0.501ms
[29.678s][info][gc,cpu       ] GC(1608) User=0.00s Sys=0.00s Real=0.00s
[29.694s][info][gc,start     ] GC(1609) Pause Young (Allocation Failure)
[29.695s][info][gc,heap      ] GC(1609) DefNew: 140200K->420K(157248K)
[29.695s][info][gc,heap      ] GC(1609) Tenured: 47091K->47120K(349568K)
[29.695s][info][gc,metaspace ] GC(1609) Metaspace: 13551K->13551K(1062912K)
[29.695s][info][gc           ] GC(1609) Pause Young (Allocation Failure) 182M->46M(494M) 0.511ms
[29.695s][info][gc,cpu       ] GC(1609) User=0.00s Sys=0.00s Real=0.00s
[29.713s][info][gc,start     ] GC(1610) Pause Young (Allocation Failure)
[29.714s][info][gc,heap      ] GC(1610) DefNew: 140196K->419K(157248K)
[29.714s][info][gc,heap      ] GC(1610) Tenured: 47120K->47149K(349568K)
[29.714s][info][gc,metaspace ] GC(1610) Metaspace: 13551K->13551K(1062912K)
[29.714s][info][gc           ] GC(1610) Pause Young (Allocation Failure) 182M->46M(494M) 0.436ms
[29.714s][info][gc,cpu       ] GC(1610) User=0.00s Sys=0.00s Real=0.00s
[29.732s][info][gc,start     ] GC(1611) Pause Young (Allocation Failure)
[29.732s][info][gc,heap      ] GC(1611) DefNew: 140195K->428K(157248K)
[29.732s][info][gc,heap      ] GC(1611) Tenured: 47149K->47169K(349568K)
[29.732s][info][gc,metaspace ] GC(1611) Metaspace: 13551K->13551K(1062912K)
[29.732s][info][gc           ] GC(1611) Pause Young (Allocation Failure) 182M->46M(494M) 0.417ms
[29.732s][info][gc,cpu       ] GC(1611) User=0.00s Sys=0.00s Real=0.00s
[29.750s][info][gc,start     ] GC(1612) Pause Young (Allocation Failure)
[29.750s][info][gc,heap      ] GC(1612) DefNew: 140204K->427K(157248K)
[29.750s][info][gc,heap      ] GC(1612) Tenured: 47169K->47198K(349568K)
[29.750s][info][gc,metaspace ] GC(1612) Metaspace: 13551K->13551K(1062912K)
[29.750s][info][gc           ] GC(1612) Pause Young (Allocation Failure) 182M->46M(494M) 0.421ms
[29.750s][info][gc,cpu       ] GC(1612) User=0.00s Sys=0.00s Real=0.00s
[29.769s][info][gc,start     ] GC(1613) Pause Young (Allocation Failure)
[29.770s][info][gc,heap      ] GC(1613) DefNew: 140203K->426K(157248K)
[29.770s][info][gc,heap      ] GC(1613) Tenured: 47198K->47227K(349568K)
[29.770s][info][gc,metaspace ] GC(1613) Metaspace: 13551K->13551K(1062912K)
[29.770s][info][gc           ] GC(1613) Pause Young (Allocation Failure) 183M->46M(494M) 0.446ms
[29.770s][info][gc,cpu       ] GC(1613) User=0.00s Sys=0.00s Real=0.01s
[29.789s][info][gc,start     ] GC(1614) Pause Young (Allocation Failure)
[29.790s][info][gc,heap      ] GC(1614) DefNew: 140202K->425K(157248K)
[29.790s][info][gc,heap      ] GC(1614) Tenured: 47227K->47257K(349568K)
[29.790s][info][gc,metaspace ] GC(1614) Metaspace: 13551K->13551K(1062912K)
[29.790s][info][gc           ] GC(1614) Pause Young (Allocation Failure) 183M->46M(494M) 0.434ms
[29.790s][info][gc,cpu       ] GC(1614) User=0.00s Sys=0.00s Real=0.01s
[29.806s][info][gc,start     ] GC(1615) Pause Young (Allocation Failure)
[29.807s][info][gc,heap      ] GC(1615) DefNew: 140201K->423K(157248K)
[29.807s][info][gc,heap      ] GC(1615) Tenured: 47257K->47286K(349568K)
[29.807s][info][gc,metaspace ] GC(1615) Metaspace: 13551K->13551K(1062912K)
[29.807s][info][gc           ] GC(1615) Pause Young (Allocation Failure) 183M->46M(494M) 0.418ms
[29.807s][info][gc,cpu       ] GC(1615) User=0.00s Sys=0.00s Real=0.00s
[29.822s][info][gc,start     ] GC(1616) Pause Young (Allocation Failure)
[29.822s][info][gc,heap      ] GC(1616) DefNew: 140199K->420K(157248K)
[29.822s][info][gc,heap      ] GC(1616) Tenured: 47286K->47315K(349568K)
[29.822s][info][gc,metaspace ] GC(1616) Metaspace: 13551K->13551K(1062912K)
[29.822s][info][gc           ] GC(1616) Pause Young (Allocation Failure) 183M->46M(494M) 0.406ms
[29.822s][info][gc,cpu       ] GC(1616) User=0.00s Sys=0.00s Real=0.00s
[29.839s][info][gc,start     ] GC(1617) Pause Young (Allocation Failure)
[29.839s][info][gc,heap      ] GC(1617) DefNew: 140196K->419K(157248K)
[29.839s][info][gc,heap      ] GC(1617) Tenured: 47315K->47345K(349568K)
[29.839s][info][gc,metaspace ] GC(1617) Metaspace: 13551K->13551K(1062912K)
[29.839s][info][gc           ] GC(1617) Pause Young (Allocation Failure) 183M->46M(494M) 0.381ms
[29.839s][info][gc,cpu       ] GC(1617) User=0.00s Sys=0.00s Real=0.00s
[29.856s][info][gc,start     ] GC(1618) Pause Young (Allocation Failure)
[29.857s][info][gc,heap      ] GC(1618) DefNew: 140195K->428K(157248K)
[29.857s][info][gc,heap      ] GC(1618) Tenured: 47345K->47364K(349568K)
[29.857s][info][gc,metaspace ] GC(1618) Metaspace: 13551K->13551K(1062912K)
[29.857s][info][gc           ] GC(1618) Pause Young (Allocation Failure) 183M->46M(494M) 0.649ms
[29.857s][info][gc,cpu       ] GC(1618) User=0.00s Sys=0.00s Real=0.00s
[29.874s][info][gc,start     ] GC(1619) Pause Young (Allocation Failure)
[29.874s][info][gc,heap      ] GC(1619) DefNew: 140204K->427K(157248K)
[29.874s][info][gc,heap      ] GC(1619) Tenured: 47364K->47394K(349568K)
[29.874s][info][gc,metaspace ] GC(1619) Metaspace: 13551K->13551K(1062912K)
[29.874s][info][gc           ] GC(1619) Pause Young (Allocation Failure) 183M->46M(494M) 0.495ms
[29.874s][info][gc,cpu       ] GC(1619) User=0.00s Sys=0.00s Real=0.00s
[29.890s][info][gc,start     ] GC(1620) Pause Young (Allocation Failure)
[29.891s][info][gc,heap      ] GC(1620) DefNew: 140203K->426K(157248K)
[29.891s][info][gc,heap      ] GC(1620) Tenured: 47394K->47423K(349568K)
[29.891s][info][gc,metaspace ] GC(1620) Metaspace: 13551K->13551K(1062912K)
[29.891s][info][gc           ] GC(1620) Pause Young (Allocation Failure) 183M->46M(494M) 0.363ms
[29.891s][info][gc,cpu       ] GC(1620) User=0.00s Sys=0.00s Real=0.00s
[29.906s][info][gc,start     ] GC(1621) Pause Young (Allocation Failure)
[29.907s][info][gc,heap      ] GC(1621) DefNew: 140202K->424K(157248K)
[29.907s][info][gc,heap      ] GC(1621) Tenured: 47423K->47453K(349568K)
[29.907s][info][gc,metaspace ] GC(1621) Metaspace: 13551K->13551K(1062912K)
[29.907s][info][gc           ] GC(1621) Pause Young (Allocation Failure) 183M->46M(494M) 0.419ms
[29.907s][info][gc,cpu       ] GC(1621) User=0.01s Sys=0.00s Real=0.00s
[29.922s][info][gc,start     ] GC(1622) Pause Young (Allocation Failure)
[29.922s][info][gc,heap      ] GC(1622) DefNew: 140200K->420K(157248K)
[29.922s][info][gc,heap      ] GC(1622) Tenured: 47453K->47482K(349568K)
[29.922s][info][gc,metaspace ] GC(1622) Metaspace: 13551K->13551K(1062912K)
[29.922s][info][gc           ] GC(1622) Pause Young (Allocation Failure) 183M->46M(494M) 0.388ms
[29.922s][info][gc,cpu       ] GC(1622) User=0.00s Sys=0.00s Real=0.00s
[29.940s][info][gc,start     ] GC(1623) Pause Young (Allocation Failure)
[29.940s][info][gc,heap      ] GC(1623) DefNew: 140196K->419K(157248K)
[29.940s][info][gc,heap      ] GC(1623) Tenured: 47482K->47511K(349568K)
[29.940s][info][gc,metaspace ] GC(1623) Metaspace: 13551K->13551K(1062912K)
[29.940s][info][gc           ] GC(1623) Pause Young (Allocation Failure) 183M->46M(494M) 0.394ms
[29.940s][info][gc,cpu       ] GC(1623) User=0.00s Sys=0.00s Real=0.00s
[29.958s][info][gc,start     ] GC(1624) Pause Young (Allocation Failure)
[29.958s][info][gc,heap      ] GC(1624) DefNew: 140195K->428K(157248K)
[29.958s][info][gc,heap      ] GC(1624) Tenured: 47511K->47531K(349568K)
[29.958s][info][gc,metaspace ] GC(1624) Metaspace: 13551K->13551K(1062912K)
[29.958s][info][gc           ] GC(1624) Pause Young (Allocation Failure) 183M->46M(494M) 0.493ms
[29.958s][info][gc,cpu       ] GC(1624) User=0.00s Sys=0.00s Real=0.00s
[29.976s][info][gc,start     ] GC(1625) Pause Young (Allocation Failure)
[29.977s][info][gc,heap      ] GC(1625) DefNew: 140204K->427K(157248K)
[29.977s][info][gc,heap      ] GC(1625) Tenured: 47531K->47560K(349568K)
[29.977s][info][gc,metaspace ] GC(1625) Metaspace: 13551K->13551K(1062912K)
[29.977s][info][gc           ] GC(1625) Pause Young (Allocation Failure) 183M->46M(494M) 0.502ms
[29.977s][info][gc,cpu       ] GC(1625) User=0.00s Sys=0.00s Real=0.00s
[29.998s][info][gc,start     ] GC(1626) Pause Young (Allocation Failure)
[29.998s][info][gc,heap      ] GC(1626) DefNew: 140203K->426K(157248K)
[29.998s][info][gc,heap      ] GC(1626) Tenured: 47560K->47590K(349568K)
[29.998s][info][gc,metaspace ] GC(1626) Metaspace: 13551K->13551K(1062912K)
[29.998s][info][gc           ] GC(1626) Pause Young (Allocation Failure) 183M->46M(494M) 0.510ms
[29.998s][info][gc,cpu       ] GC(1626) User=0.00s Sys=0.00s Real=0.00s
[30.016s][info][gc,start     ] GC(1627) Pause Young (Allocation Failure)
[30.016s][info][gc,heap      ] GC(1627) DefNew: 140202K->425K(157248K)
[30.016s][info][gc,heap      ] GC(1627) Tenured: 47590K->47619K(349568K)
[30.016s][info][gc,metaspace ] GC(1627) Metaspace: 13551K->13551K(1062912K)
[30.016s][info][gc           ] GC(1627) Pause Young (Allocation Failure) 183M->46M(494M) 0.622ms
[30.016s][info][gc,cpu       ] GC(1627) User=0.00s Sys=0.00s Real=0.00s
[30.034s][info][gc,start     ] GC(1628) Pause Young (Allocation Failure)
[30.034s][info][gc,heap      ] GC(1628) DefNew: 140201K->423K(157248K)
[30.034s][info][gc,heap      ] GC(1628) Tenured: 47619K->47648K(349568K)
[30.034s][info][gc,metaspace ] GC(1628) Metaspace: 13551K->13551K(1062912K)
[30.034s][info][gc           ] GC(1628) Pause Young (Allocation Failure) 183M->46M(494M) 0.497ms
[30.034s][info][gc,cpu       ] GC(1628) User=0.00s Sys=0.00s Real=0.00s
[30.049s][info][gc,start     ] GC(1629) Pause Young (Allocation Failure)
[30.050s][info][gc,heap      ] GC(1629) DefNew: 140199K->420K(157248K)
[30.050s][info][gc,heap      ] GC(1629) Tenured: 47648K->47678K(349568K)
[30.050s][info][gc,metaspace ] GC(1629) Metaspace: 13551K->13551K(1062912K)
[30.050s][info][gc           ] GC(1629) Pause Young (Allocation Failure) 183M->46M(494M) 0.396ms
[30.050s][info][gc,cpu       ] GC(1629) User=0.00s Sys=0.00s Real=0.01s
[30.067s][info][gc,start     ] GC(1630) Pause Young (Allocation Failure)
[30.068s][info][gc,heap      ] GC(1630) DefNew: 140196K->419K(157248K)
[30.068s][info][gc,heap      ] GC(1630) Tenured: 47678K->47707K(349568K)
[30.068s][info][gc,metaspace ] GC(1630) Metaspace: 13551K->13551K(1062912K)
[30.068s][info][gc           ] GC(1630) Pause Young (Allocation Failure) 183M->46M(494M) 0.399ms
[30.068s][info][gc,cpu       ] GC(1630) User=0.00s Sys=0.00s Real=0.00s
[30.086s][info][gc,start     ] GC(1631) Pause Young (Allocation Failure)
[30.086s][info][gc,heap      ] GC(1631) DefNew: 140195K->428K(157248K)
[30.086s][info][gc,heap      ] GC(1631) Tenured: 47707K->47727K(349568K)
[30.086s][info][gc,metaspace ] GC(1631) Metaspace: 13551K->13551K(1062912K)
[30.086s][info][gc           ] GC(1631) Pause Young (Allocation Failure) 183M->47M(494M) 0.463ms
[30.086s][info][gc,cpu       ] GC(1631) User=0.00s Sys=0.00s Real=0.00s
[30.105s][info][gc,start     ] GC(1632) Pause Young (Allocation Failure)
[30.106s][info][gc,heap      ] GC(1632) DefNew: 140204K->427K(157248K)
[30.106s][info][gc,heap      ] GC(1632) Tenured: 47727K->47756K(349568K)
[30.106s][info][gc,metaspace ] GC(1632) Metaspace: 13551K->13551K(1062912K)
[30.106s][info][gc           ] GC(1632) Pause Young (Allocation Failure) 183M->47M(494M) 0.420ms
[30.106s][info][gc,cpu       ] GC(1632) User=0.00s Sys=0.00s Real=0.00s
[30.123s][info][gc,start     ] GC(1633) Pause Young (Allocation Failure)
[30.123s][info][gc,heap      ] GC(1633) DefNew: 140203K->426K(157248K)
[30.123s][info][gc,heap      ] GC(1633) Tenured: 47756K->47785K(349568K)
[30.123s][info][gc,metaspace ] GC(1633) Metaspace: 13551K->13551K(1062912K)
[30.123s][info][gc           ] GC(1633) Pause Young (Allocation Failure) 183M->47M(494M) 0.400ms
[30.123s][info][gc,cpu       ] GC(1633) User=0.01s Sys=0.00s Real=0.00s
[30.139s][info][gc,start     ] GC(1634) Pause Young (Allocation Failure)
[30.139s][info][gc,heap      ] GC(1634) DefNew: 140202K->424K(157248K)
[30.139s][info][gc,heap      ] GC(1634) Tenured: 47785K->47815K(349568K)
[30.139s][info][gc,metaspace ] GC(1634) Metaspace: 13551K->13551K(1062912K)
[30.139s][info][gc           ] GC(1634) Pause Young (Allocation Failure) 183M->47M(494M) 0.426ms
[30.139s][info][gc,cpu       ] GC(1634) User=0.00s Sys=0.00s Real=0.00s
[30.155s][info][gc,start     ] GC(1635) Pause Young (Allocation Failure)
[30.156s][info][gc,heap      ] GC(1635) DefNew: 140200K->421K(157248K)
[30.156s][info][gc,heap      ] GC(1635) Tenured: 47815K->47844K(349568K)
[30.156s][info][gc,metaspace ] GC(1635) Metaspace: 13551K->13551K(1062912K)
[30.156s][info][gc           ] GC(1635) Pause Young (Allocation Failure) 183M->47M(494M) 0.699ms
[30.156s][info][gc,cpu       ] GC(1635) User=0.00s Sys=0.00s Real=0.00s
[30.172s][info][gc,start     ] GC(1636) Pause Young (Allocation Failure)
[30.173s][info][gc,heap      ] GC(1636) DefNew: 140197K->419K(157248K)
[30.173s][info][gc,heap      ] GC(1636) Tenured: 47844K->47873K(349568K)
[30.173s][info][gc,metaspace ] GC(1636) Metaspace: 13551K->13551K(1062912K)
[30.173s][info][gc           ] GC(1636) Pause Young (Allocation Failure) 183M->47M(494M) 0.432ms
[30.173s][info][gc,cpu       ] GC(1636) User=0.00s Sys=0.00s Real=0.00s
[30.192s][info][gc,start     ] GC(1637) Pause Young (Allocation Failure)
[30.192s][info][gc,heap      ] GC(1637) DefNew: 140195K->428K(157248K)
[30.192s][info][gc,heap      ] GC(1637) Tenured: 47873K->47893K(349568K)
[30.192s][info][gc,metaspace ] GC(1637) Metaspace: 13551K->13551K(1062912K)
[30.192s][info][gc           ] GC(1637) Pause Young (Allocation Failure) 183M->47M(494M) 0.442ms
[30.192s][info][gc,cpu       ] GC(1637) User=0.00s Sys=0.00s Real=0.00s
[30.209s][info][gc,start     ] GC(1638) Pause Young (Allocation Failure)
[30.209s][info][gc,heap      ] GC(1638) DefNew: 140204K->427K(157248K)
[30.209s][info][gc,heap      ] GC(1638) Tenured: 47893K->47922K(349568K)
[30.209s][info][gc,metaspace ] GC(1638) Metaspace: 13551K->13551K(1062912K)
[30.209s][info][gc           ] GC(1638) Pause Young (Allocation Failure) 183M->47M(494M) 0.534ms
[30.210s][info][gc,cpu       ] GC(1638) User=0.00s Sys=0.00s Real=0.01s
[30.226s][info][gc,start     ] GC(1639) Pause Young (Allocation Failure)
[30.227s][info][gc,heap      ] GC(1639) DefNew: 140203K->426K(157248K)
[30.227s][info][gc,heap      ] GC(1639) Tenured: 47922K->47952K(349568K)
[30.227s][info][gc,metaspace ] GC(1639) Metaspace: 13551K->13551K(1062912K)
[30.227s][info][gc           ] GC(1639) Pause Young (Allocation Failure) 183M->47M(494M) 0.436ms
[30.227s][info][gc,cpu       ] GC(1639) User=0.00s Sys=0.00s Real=0.00s
[30.245s][info][gc,start     ] GC(1640) Pause Young (Allocation Failure)
[30.245s][info][gc,heap      ] GC(1640) DefNew: 140202K->425K(157248K)
[30.245s][info][gc,heap      ] GC(1640) Tenured: 47952K->47981K(349568K)
[30.245s][info][gc,metaspace ] GC(1640) Metaspace: 13551K->13551K(1062912K)
[30.245s][info][gc           ] GC(1640) Pause Young (Allocation Failure) 183M->47M(494M) 0.474ms
[30.245s][info][gc,cpu       ] GC(1640) User=0.00s Sys=0.00s Real=0.00s
[30.263s][info][gc,start     ] GC(1641) Pause Young (Allocation Failure)
[30.263s][info][gc,heap      ] GC(1641) DefNew: 140201K->423K(157248K)
[30.263s][info][gc,heap      ] GC(1641) Tenured: 47981K->48010K(349568K)
[30.263s][info][gc,metaspace ] GC(1641) Metaspace: 13551K->13551K(1062912K)
[30.263s][info][gc           ] GC(1641) Pause Young (Allocation Failure) 183M->47M(494M) 0.554ms
[30.263s][info][gc,cpu       ] GC(1641) User=0.00s Sys=0.00s Real=0.00s
[30.280s][info][gc,start     ] GC(1642) Pause Young (Allocation Failure)
[30.280s][info][gc,heap      ] GC(1642) DefNew: 140199K->420K(157248K)
[30.280s][info][gc,heap      ] GC(1642) Tenured: 48010K->48040K(349568K)
[30.280s][info][gc,metaspace ] GC(1642) Metaspace: 13551K->13551K(1062912K)
[30.280s][info][gc           ] GC(1642) Pause Young (Allocation Failure) 183M->47M(494M) 0.462ms
[30.280s][info][gc,cpu       ] GC(1642) User=0.00s Sys=0.00s Real=0.00s
[30.297s][info][gc,start     ] GC(1643) Pause Young (Allocation Failure)
[30.297s][info][gc,heap      ] GC(1643) DefNew: 140196K->419K(157248K)
[30.297s][info][gc,heap      ] GC(1643) Tenured: 48040K->48069K(349568K)
[30.297s][info][gc,metaspace ] GC(1643) Metaspace: 13551K->13551K(1062912K)
[30.297s][info][gc           ] GC(1643) Pause Young (Allocation Failure) 183M->47M(494M) 0.421ms
[30.297s][info][gc,cpu       ] GC(1643) User=0.00s Sys=0.00s Real=0.00s
[30.313s][info][gc,start     ] GC(1644) Pause Young (Allocation Failure)
[30.313s][info][gc,heap      ] GC(1644) DefNew: 140195K->428K(157248K)
[30.313s][info][gc,heap      ] GC(1644) Tenured: 48069K->48089K(349568K)
[30.313s][info][gc,metaspace ] GC(1644) Metaspace: 13551K->13551K(1062912K)
[30.313s][info][gc           ] GC(1644) Pause Young (Allocation Failure) 183M->47M(494M) 0.405ms
[30.313s][info][gc,cpu       ] GC(1644) User=0.00s Sys=0.00s Real=0.00s
[30.333s][info][gc,start     ] GC(1645) Pause Young (Allocation Failure)
[30.333s][info][gc,heap      ] GC(1645) DefNew: 140204K->427K(157248K)
[30.333s][info][gc,heap      ] GC(1645) Tenured: 48089K->48118K(349568K)
[30.333s][info][gc,metaspace ] GC(1645) Metaspace: 13551K->13551K(1062912K)
[30.333s][info][gc           ] GC(1645) Pause Young (Allocation Failure) 183M->47M(494M) 0.538ms
[30.333s][info][gc,cpu       ] GC(1645) User=0.00s Sys=0.00s Real=0.00s
[30.351s][info][gc,start     ] GC(1646) Pause Young (Allocation Failure)
[30.351s][info][gc,heap      ] GC(1646) DefNew: 140203K->426K(157248K)
[30.351s][info][gc,heap      ] GC(1646) Tenured: 48118K->48147K(349568K)
[30.351s][info][gc,metaspace ] GC(1646) Metaspace: 13551K->13551K(1062912K)
[30.351s][info][gc           ] GC(1646) Pause Young (Allocation Failure) 183M->47M(494M) 0.452ms
[30.351s][info][gc,cpu       ] GC(1646) User=0.00s Sys=0.00s Real=0.00s
[30.371s][info][gc,start     ] GC(1647) Pause Young (Allocation Failure)
[30.371s][info][gc,heap      ] GC(1647) DefNew: 140202K->424K(157248K)
[30.371s][info][gc,heap      ] GC(1647) Tenured: 48147K->48177K(349568K)
[30.371s][info][gc,metaspace ] GC(1647) Metaspace: 13551K->13551K(1062912K)
[30.371s][info][gc           ] GC(1647) Pause Young (Allocation Failure) 183M->47M(494M) 0.440ms
[30.371s][info][gc,cpu       ] GC(1647) User=0.00s Sys=0.00s Real=0.00s
[30.389s][info][gc,start     ] GC(1648) Pause Young (Allocation Failure)
[30.390s][info][gc,heap      ] GC(1648) DefNew: 140200K->422K(157248K)
[30.390s][info][gc,heap      ] GC(1648) Tenured: 48177K->48206K(349568K)
[30.390s][info][gc,metaspace ] GC(1648) Metaspace: 13551K->13551K(1062912K)
[30.390s][info][gc           ] GC(1648) Pause Young (Allocation Failure) 183M->47M(494M) 0.728ms
[30.390s][info][gc,cpu       ] GC(1648) User=0.00s Sys=0.00s Real=0.01s
[30.407s][info][gc,start     ] GC(1649) Pause Young (Allocation Failure)
[30.407s][info][gc,heap      ] GC(1649) DefNew: 140198K->419K(157248K)
[30.407s][info][gc,heap      ] GC(1649) Tenured: 48206K->48235K(349568K)
[30.407s][info][gc,metaspace ] GC(1649) Metaspace: 13551K->13551K(1062912K)
[30.407s][info][gc           ] GC(1649) Pause Young (Allocation Failure) 183M->47M(494M) 0.460ms
[30.407s][info][gc,cpu       ] GC(1649) User=0.00s Sys=0.00s Real=0.00s
[30.426s][info][gc,start     ] GC(1650) Pause Young (Allocation Failure)
[30.426s][info][gc,heap      ] GC(1650) DefNew: 140195K->419K(157248K)
[30.426s][info][gc,heap      ] GC(1650) Tenured: 48235K->48265K(349568K)
[30.426s][info][gc,metaspace ] GC(1650) Metaspace: 13551K->13551K(1062912K)
[30.426s][info][gc           ] GC(1650) Pause Young (Allocation Failure) 184M->47M(494M) 0.547ms
[30.426s][info][gc,cpu       ] GC(1650) User=0.00s Sys=0.00s Real=0.00s
[30.443s][info][gc,start     ] GC(1651) Pause Young (Allocation Failure)
[30.443s][info][gc,heap      ] GC(1651) DefNew: 140195K->428K(157248K)
[30.443s][info][gc,heap      ] GC(1651) Tenured: 48265K->48284K(349568K)
[30.443s][info][gc,metaspace ] GC(1651) Metaspace: 13551K->13551K(1062912K)
[30.443s][info][gc           ] GC(1651) Pause Young (Allocation Failure) 184M->47M(494M) 0.438ms
[30.443s][info][gc,cpu       ] GC(1651) User=0.00s Sys=0.00s Real=0.00s
[30.459s][info][gc,start     ] GC(1652) Pause Young (Allocation Failure)
[30.460s][info][gc,heap      ] GC(1652) DefNew: 140204K->426K(157248K)
[30.460s][info][gc,heap      ] GC(1652) Tenured: 48284K->48313K(349568K)
[30.460s][info][gc,metaspace ] GC(1652) Metaspace: 13551K->13551K(1062912K)
[30.460s][info][gc           ] GC(1652) Pause Young (Allocation Failure) 184M->47M(494M) 0.425ms
[30.460s][info][gc,cpu       ] GC(1652) User=0.00s Sys=0.00s Real=0.01s
[30.477s][info][gc,start     ] GC(1653) Pause Young (Allocation Failure)
[30.477s][info][gc,heap      ] GC(1653) DefNew: 140202K->425K(157248K)
[30.477s][info][gc,heap      ] GC(1653) Tenured: 48313K->48343K(349568K)
[30.477s][info][gc,metaspace ] GC(1653) Metaspace: 13551K->13551K(1062912K)
[30.477s][info][gc           ] GC(1653) Pause Young (Allocation Failure) 184M->47M(494M) 0.430ms
[30.477s][info][gc,cpu       ] GC(1653) User=0.00s Sys=0.00s Real=0.00s
[30.493s][info][gc,start     ] GC(1654) Pause Young (Allocation Failure)
[30.493s][info][gc,heap      ] GC(1654) DefNew: 140201K->423K(157248K)
[30.493s][info][gc,heap      ] GC(1654) Tenured: 48343K->48372K(349568K)
[30.493s][info][gc,metaspace ] GC(1654) Metaspace: 13551K->13551K(1062912K)
[30.493s][info][gc           ] GC(1654) Pause Young (Allocation Failure) 184M->47M(494M) 0.392ms
[30.493s][info][gc,cpu       ] GC(1654) User=0.00s Sys=0.00s Real=0.00s
[30.508s][info][gc,start     ] GC(1655) Pause Young (Allocation Failure)
[30.509s][info][gc,heap      ] GC(1655) DefNew: 140199K->420K(157248K)
[30.509s][info][gc,heap      ] GC(1655) Tenured: 48372K->48402K(349568K)
[30.509s][info][gc,metaspace ] GC(1655) Metaspace: 13551K->13551K(1062912K)
[30.509s][info][gc           ] GC(1655) Pause Young (Allocation Failure) 184M->47M(494M) 0.413ms
[30.509s][info][gc,cpu       ] GC(1655) User=0.00s Sys=0.00s Real=0.00s
[30.524s][info][gc,start     ] GC(1656) Pause Young (Allocation Failure)
[30.525s][info][gc,heap      ] GC(1656) DefNew: 140196K->419K(157248K)
[30.525s][info][gc,heap      ] GC(1656) Tenured: 48402K->48431K(349568K)
[30.525s][info][gc,metaspace ] GC(1656) Metaspace: 13551K->13551K(1062912K)
[30.525s][info][gc           ] GC(1656) Pause Young (Allocation Failure) 184M->47M(494M) 0.394ms
[30.525s][info][gc,cpu       ] GC(1656) User=0.00s Sys=0.00s Real=0.00s
[30.542s][info][gc,start     ] GC(1657) Pause Young (Allocation Failure)
[30.543s][info][gc,heap      ] GC(1657) DefNew: 140195K->428K(157248K)
[30.543s][info][gc,heap      ] GC(1657) Tenured: 48431K->48450K(349568K)
[30.543s][info][gc,metaspace ] GC(1657) Metaspace: 13551K->13551K(1062912K)
[30.543s][info][gc           ] GC(1657) Pause Young (Allocation Failure) 184M->47M(494M) 0.423ms
[30.543s][info][gc,cpu       ] GC(1657) User=0.00s Sys=0.00s Real=0.00s
[30.560s][info][gc,start     ] GC(1658) Pause Young (Allocation Failure)
[30.561s][info][gc,heap      ] GC(1658) DefNew: 140204K->427K(157248K)
[30.561s][info][gc,heap      ] GC(1658) Tenured: 48450K->48480K(349568K)
[30.561s][info][gc,metaspace ] GC(1658) Metaspace: 13551K->13551K(1062912K)
[30.561s][info][gc           ] GC(1658) Pause Young (Allocation Failure) 184M->47M(494M) 0.481ms
[30.561s][info][gc,cpu       ] GC(1658) User=0.00s Sys=0.00s Real=0.00s
[30.578s][info][gc,start     ] GC(1659) Pause Young (Allocation Failure)
[30.578s][info][gc,heap      ] GC(1659) DefNew: 140203K->426K(157248K)
[30.578s][info][gc,heap      ] GC(1659) Tenured: 48480K->48509K(349568K)
[30.578s][info][gc,metaspace ] GC(1659) Metaspace: 13551K->13551K(1062912K)
[30.578s][info][gc           ] GC(1659) Pause Young (Allocation Failure) 184M->47M(494M) 0.362ms
[30.578s][info][gc,cpu       ] GC(1659) User=0.00s Sys=0.00s Real=0.00s
[30.596s][info][gc,start     ] GC(1660) Pause Young (Allocation Failure)
[30.596s][info][gc,heap      ] GC(1660) DefNew: 140202K->425K(157248K)
[30.596s][info][gc,heap      ] GC(1660) Tenured: 48509K->48538K(349568K)
[30.596s][info][gc,metaspace ] GC(1660) Metaspace: 13551K->13551K(1062912K)
[30.596s][info][gc           ] GC(1660) Pause Young (Allocation Failure) 184M->47M(494M) 0.462ms
[30.596s][info][gc,cpu       ] GC(1660) User=0.00s Sys=0.00s Real=0.00s
[30.614s][info][gc,start     ] GC(1661) Pause Young (Allocation Failure)
[30.614s][info][gc,heap      ] GC(1661) DefNew: 140201K->422K(157248K)
[30.614s][info][gc,heap      ] GC(1661) Tenured: 48538K->48568K(349568K)
[30.614s][info][gc,metaspace ] GC(1661) Metaspace: 13559K->13559K(1062912K)
[30.614s][info][gc           ] GC(1661) Pause Young (Allocation Failure) 184M->47M(494M) 0.406ms
[30.614s][info][gc,cpu       ] GC(1661) User=0.00s Sys=0.00s Real=0.00s
[30.643s][info][gc,start     ] GC(1662) Pause Young (Allocation Failure)
[30.644s][info][gc,heap      ] GC(1662) DefNew: 140198K->420K(157248K)
[30.644s][info][gc,heap      ] GC(1662) Tenured: 48568K->48597K(349568K)
[30.644s][info][gc,metaspace ] GC(1662) Metaspace: 13559K->13559K(1062912K)
[30.644s][info][gc           ] GC(1662) Pause Young (Allocation Failure) 184M->47M(494M) 0.539ms
[30.644s][info][gc,cpu       ] GC(1662) User=0.00s Sys=0.00s Real=0.00s
[30.677s][info][gc,start     ] GC(1663) Pause Young (Allocation Failure)
[30.677s][info][gc,heap      ] GC(1663) DefNew: 140196K->419K(157248K)
[30.677s][info][gc,heap      ] GC(1663) Tenured: 48597K->48626K(349568K)
[30.677s][info][gc,metaspace ] GC(1663) Metaspace: 13559K->13559K(1062912K)
[30.677s][info][gc           ] GC(1663) Pause Young (Allocation Failure) 184M->47M(494M) 0.399ms
[30.677s][info][gc,cpu       ] GC(1663) User=0.00s Sys=0.00s Real=0.00s
[30.694s][info][gc,start     ] GC(1664) Pause Young (Allocation Failure)
[30.694s][info][gc,heap      ] GC(1664) DefNew: 140195K->428K(157248K)
[30.694s][info][gc,heap      ] GC(1664) Tenured: 48626K->48646K(349568K)
[30.694s][info][gc,metaspace ] GC(1664) Metaspace: 13559K->13559K(1062912K)
[30.694s][info][gc           ] GC(1664) Pause Young (Allocation Failure) 184M->47M(494M) 0.452ms
[30.694s][info][gc,cpu       ] GC(1664) User=0.00s Sys=0.00s Real=0.00s
[30.711s][info][gc,start     ] GC(1665) Pause Young (Allocation Failure)
[30.711s][info][gc,heap      ] GC(1665) DefNew: 140204K->427K(157248K)
[30.711s][info][gc,heap      ] GC(1665) Tenured: 48646K->48675K(349568K)
[30.711s][info][gc,metaspace ] GC(1665) Metaspace: 13559K->13559K(1062912K)
[30.711s][info][gc           ] GC(1665) Pause Young (Allocation Failure) 184M->47M(494M) 0.441ms
[30.711s][info][gc,cpu       ] GC(1665) User=0.00s Sys=0.00s Real=0.00s
[30.727s][info][gc,start     ] GC(1666) Pause Young (Allocation Failure)
[30.728s][info][gc,heap      ] GC(1666) DefNew: 140203K->425K(157248K)
[30.728s][info][gc,heap      ] GC(1666) Tenured: 48675K->48705K(349568K)
[30.728s][info][gc,metaspace ] GC(1666) Metaspace: 13559K->13559K(1062912K)
[30.728s][info][gc           ] GC(1666) Pause Young (Allocation Failure) 184M->47M(494M) 0.388ms
[30.728s][info][gc,cpu       ] GC(1666) User=0.00s Sys=0.00s Real=0.00s
[30.744s][info][gc,start     ] GC(1667) Pause Young (Allocation Failure)
[30.745s][info][gc,heap      ] GC(1667) DefNew: 140201K->424K(157248K)
[30.745s][info][gc,heap      ] GC(1667) Tenured: 48705K->48734K(349568K)
[30.745s][info][gc,metaspace ] GC(1667) Metaspace: 13559K->13559K(1062912K)
[30.745s][info][gc           ] GC(1667) Pause Young (Allocation Failure) 184M->48M(494M) 0.656ms
[30.745s][info][gc,cpu       ] GC(1667) User=0.00s Sys=0.00s Real=0.00s
[30.761s][info][gc,start     ] GC(1668) Pause Young (Allocation Failure)
[30.761s][info][gc,heap      ] GC(1668) DefNew: 140200K->420K(157248K)
[30.761s][info][gc,heap      ] GC(1668) Tenured: 48734K->48763K(349568K)
[30.761s][info][gc,metaspace ] GC(1668) Metaspace: 13559K->13559K(1062912K)
[30.761s][info][gc           ] GC(1668) Pause Young (Allocation Failure) 184M->48M(494M) 0.419ms
[30.761s][info][gc,cpu       ] GC(1668) User=0.00s Sys=0.00s Real=0.00s
[30.779s][info][gc,start     ] GC(1669) Pause Young (Allocation Failure)
[30.780s][info][gc,heap      ] GC(1669) DefNew: 140196K->419K(157248K)
[30.780s][info][gc,heap      ] GC(1669) Tenured: 48763K->48793K(349568K)
[30.780s][info][gc,metaspace ] GC(1669) Metaspace: 13559K->13559K(1062912K)
[30.780s][info][gc           ] GC(1669) Pause Young (Allocation Failure) 184M->48M(494M) 0.396ms
[30.780s][info][gc,cpu       ] GC(1669) User=0.00s Sys=0.00s Real=0.01s
[30.798s][info][gc,start     ] GC(1670) Pause Young (Allocation Failure)
[30.798s][info][gc,heap      ] GC(1670) DefNew: 140195K->428K(157248K)
[30.798s][info][gc,heap      ] GC(1670) Tenured: 48793K->48812K(349568K)
[30.798s][info][gc,metaspace ] GC(1670) Metaspace: 13559K->13559K(1062912K)
[30.798s][info][gc           ] GC(1670) Pause Young (Allocation Failure) 184M->48M(494M) 0.400ms
[30.798s][info][gc,cpu       ] GC(1670) User=0.00s Sys=0.00s Real=0.00s
[30.815s][info][gc,start     ] GC(1671) Pause Young (Allocation Failure)
[30.816s][info][gc,heap      ] GC(1671) DefNew: 140204K->427K(157248K)
[30.816s][info][gc,heap      ] GC(1671) Tenured: 48812K->48842K(349568K)
[30.816s][info][gc,metaspace ] GC(1671) Metaspace: 13559K->13559K(1062912K)
[30.816s][info][gc           ] GC(1671) Pause Young (Allocation Failure) 184M->48M(494M) 0.438ms
[30.816s][info][gc,cpu       ] GC(1671) User=0.00s Sys=0.00s Real=0.00s
[30.833s][info][gc,start     ] GC(1672) Pause Young (Allocation Failure)
[30.833s][info][gc,heap      ] GC(1672) DefNew: 140203K->426K(157248K)
[30.833s][info][gc,heap      ] GC(1672) Tenured: 48842K->48871K(349568K)
[30.833s][info][gc,metaspace ] GC(1672) Metaspace: 13559K->13559K(1062912K)
[30.833s][info][gc           ] GC(1672) Pause Young (Allocation Failure) 184M->48M(494M) 0.464ms
[30.833s][info][gc,cpu       ] GC(1672) User=0.00s Sys=0.00s Real=0.00s
[30.852s][info][gc,start     ] GC(1673) Pause Young (Allocation Failure)
[30.853s][info][gc,heap      ] GC(1673) DefNew: 140202K->425K(157248K)
[30.853s][info][gc,heap      ] GC(1673) Tenured: 48871K->48900K(349568K)
[30.853s][info][gc,metaspace ] GC(1673) Metaspace: 13559K->13559K(1062912K)
[30.853s][info][gc           ] GC(1673) Pause Young (Allocation Failure) 184M->48M(494M) 0.549ms
[30.853s][info][gc,cpu       ] GC(1673) User=0.00s Sys=0.00s Real=0.00s
[30.872s][info][gc,start     ] GC(1674) Pause Young (Allocation Failure)
[30.872s][info][gc,heap      ] GC(1674) DefNew: 140201K->423K(157248K)
[30.872s][info][gc,heap      ] GC(1674) Tenured: 48900K->48930K(349568K)
[30.872s][info][gc,metaspace ] GC(1674) Metaspace: 13559K->13559K(1062912K)
[30.872s][info][gc           ] GC(1674) Pause Young (Allocation Failure) 184M->48M(494M) 0.668ms
[30.872s][info][gc,cpu       ] GC(1674) User=0.00s Sys=0.00s Real=0.00s
[30.892s][info][gc,start     ] GC(1675) Pause Young (Allocation Failure)
[30.893s][info][gc,heap      ] GC(1675) DefNew: 140199K->420K(157248K)
[30.893s][info][gc,heap      ] GC(1675) Tenured: 48930K->48959K(349568K)
[30.893s][info][gc,metaspace ] GC(1675) Metaspace: 13559K->13559K(1062912K)
[30.893s][info][gc           ] GC(1675) Pause Young (Allocation Failure) 184M->48M(494M) 0.397ms
[30.893s][info][gc,cpu       ] GC(1675) User=0.00s Sys=0.00s Real=0.00s
[30.912s][info][gc,start     ] GC(1676) Pause Young (Allocation Failure)
[30.913s][info][gc,heap      ] GC(1676) DefNew: 140196K->419K(157248K)
[30.913s][info][gc,heap      ] GC(1676) Tenured: 48959K->48988K(349568K)
[30.913s][info][gc,metaspace ] GC(1676) Metaspace: 13559K->13559K(1062912K)
[30.913s][info][gc           ] GC(1676) Pause Young (Allocation Failure) 184M->48M(494M) 0.403ms
[30.913s][info][gc,cpu       ] GC(1676) User=0.00s Sys=0.00s Real=0.00s
[30.931s][info][gc,start     ] GC(1677) Pause Young (Allocation Failure)
[30.931s][info][gc,heap      ] GC(1677) DefNew: 140195K->428K(157248K)
[30.931s][info][gc,heap      ] GC(1677) Tenured: 48988K->49008K(349568K)
[30.931s][info][gc,metaspace ] GC(1677) Metaspace: 13559K->13559K(1062912K)
[30.931s][info][gc           ] GC(1677) Pause Young (Allocation Failure) 184M->48M(494M) 0.470ms
[30.931s][info][gc,cpu       ] GC(1677) User=0.00s Sys=0.00s Real=0.00s
[30.949s][info][gc,start     ] GC(1678) Pause Young (Allocation Failure)
[30.950s][info][gc,heap      ] GC(1678) DefNew: 140204K->427K(157248K)
[30.950s][info][gc,heap      ] GC(1678) Tenured: 49008K->49037K(349568K)
[30.950s][info][gc,metaspace ] GC(1678) Metaspace: 13559K->13559K(1062912K)
[30.950s][info][gc           ] GC(1678) Pause Young (Allocation Failure) 184M->48M(494M) 0.478ms
[30.950s][info][gc,cpu       ] GC(1678) User=0.00s Sys=0.00s Real=0.01s
[30.968s][info][gc,start     ] GC(1679) Pause Young (Allocation Failure)
[30.969s][info][gc,heap      ] GC(1679) DefNew: 140203K->426K(157248K)
[30.969s][info][gc,heap      ] GC(1679) Tenured: 49037K->49067K(349568K)
[30.969s][info][gc,metaspace ] GC(1679) Metaspace: 13559K->13559K(1062912K)
[30.969s][info][gc           ] GC(1679) Pause Young (Allocation Failure) 184M->48M(494M) 0.608ms
[30.969s][info][gc,cpu       ] GC(1679) User=0.00s Sys=0.00s Real=0.00s
[30.986s][info][gc,start     ] GC(1680) Pause Young (Allocation Failure)
[30.987s][info][gc,heap      ] GC(1680) DefNew: 140202K->424K(157248K)
[30.987s][info][gc,heap      ] GC(1680) Tenured: 49067K->49096K(349568K)
[30.987s][info][gc,metaspace ] GC(1680) Metaspace: 13559K->13559K(1062912K)
[30.987s][info][gc           ] GC(1680) Pause Young (Allocation Failure) 184M->48M(494M) 0.473ms
[30.987s][info][gc,cpu       ] GC(1680) User=0.00s Sys=0.00s Real=0.00s
[31.006s][info][gc,start     ] GC(1681) Pause Young (Allocation Failure)
[31.006s][info][gc,heap      ] GC(1681) DefNew: 140200K->421K(157248K)
[31.006s][info][gc,heap      ] GC(1681) Tenured: 49096K->49125K(349568K)
[31.006s][info][gc,metaspace ] GC(1681) Metaspace: 13559K->13559K(1062912K)
[31.006s][info][gc           ] GC(1681) Pause Young (Allocation Failure) 184M->48M(494M) 0.448ms
[31.006s][info][gc,cpu       ] GC(1681) User=0.00s Sys=0.00s Real=0.00s
[31.022s][info][gc,start     ] GC(1682) Pause Young (Allocation Failure)
[31.022s][info][gc,heap      ] GC(1682) DefNew: 140197K->419K(157248K)
[31.022s][info][gc,heap      ] GC(1682) Tenured: 49125K->49155K(349568K)
[31.022s][info][gc,metaspace ] GC(1682) Metaspace: 13559K->13559K(1062912K)
[31.022s][info][gc           ] GC(1682) Pause Young (Allocation Failure) 184M->48M(494M) 0.440ms
[31.022s][info][gc,cpu       ] GC(1682) User=0.00s Sys=0.00s Real=0.00s
[31.041s][info][gc,start     ] GC(1683) Pause Young (Allocation Failure)
[31.041s][info][gc,heap      ] GC(1683) DefNew: 140195K->428K(157248K)
[31.041s][info][gc,heap      ] GC(1683) Tenured: 49155K->49174K(349568K)
[31.041s][info][gc,metaspace ] GC(1683) Metaspace: 13559K->13559K(1062912K)
[31.041s][info][gc           ] GC(1683) Pause Young (Allocation Failure) 184M->48M(494M) 0.394ms
[31.041s][info][gc,cpu       ] GC(1683) User=0.00s Sys=0.00s Real=0.00s
[31.057s][info][gc,start     ] GC(1684) Pause Young (Allocation Failure)
[31.058s][info][gc,heap      ] GC(1684) DefNew: 140204K->427K(157248K)
[31.058s][info][gc,heap      ] GC(1684) Tenured: 49174K->49204K(349568K)
[31.058s][info][gc,metaspace ] GC(1684) Metaspace: 13559K->13559K(1062912K)
[31.058s][info][gc           ] GC(1684) Pause Young (Allocation Failure) 184M->48M(494M) 0.421ms
[31.058s][info][gc,cpu       ] GC(1684) User=0.00s Sys=0.00s Real=0.00s
[31.074s][info][gc,start     ] GC(1685) Pause Young (Allocation Failure)
[31.074s][info][gc,heap      ] GC(1685) DefNew: 140203K->426K(157248K)
[31.074s][info][gc,heap      ] GC(1685) Tenured: 49204K->49233K(349568K)
[31.074s][info][gc,metaspace ] GC(1685) Metaspace: 13559K->13559K(1062912K)
[31.074s][info][gc           ] GC(1685) Pause Young (Allocation Failure) 184M->48M(494M) 0.434ms
[31.074s][info][gc,cpu       ] GC(1685) User=0.00s Sys=0.00s Real=0.00s
[31.090s][info][gc,start     ] GC(1686) Pause Young (Allocation Failure)
[31.091s][info][gc,heap      ] GC(1686) DefNew: 140202K->425K(157248K)
[31.091s][info][gc,heap      ] GC(1686) Tenured: 49233K->49262K(349568K)
[31.091s][info][gc,metaspace ] GC(1686) Metaspace: 13559K->13559K(1062912K)
[31.091s][info][gc           ] GC(1686) Pause Young (Allocation Failure) 184M->48M(494M) 0.422ms
[31.091s][info][gc,cpu       ] GC(1686) User=0.01s Sys=0.00s Real=0.00s
[31.107s][info][gc,start     ] GC(1687) Pause Young (Allocation Failure)
[31.107s][info][gc,heap      ] GC(1687) DefNew: 140201K->423K(157248K)
[31.107s][info][gc,heap      ] GC(1687) Tenured: 49262K->49292K(349568K)
[31.107s][info][gc,metaspace ] GC(1687) Metaspace: 13559K->13559K(1062912K)
[31.107s][info][gc           ] GC(1687) Pause Young (Allocation Failure) 185M->48M(494M) 0.439ms
[31.107s][info][gc,cpu       ] GC(1687) User=0.00s Sys=0.00s Real=0.00s
[31.123s][info][gc,start     ] GC(1688) Pause Young (Allocation Failure)
[31.123s][info][gc,heap      ] GC(1688) DefNew: 140199K->420K(157248K)
[31.123s][info][gc,heap      ] GC(1688) Tenured: 49292K->49321K(349568K)
[31.123s][info][gc,metaspace ] GC(1688) Metaspace: 13559K->13559K(1062912K)
[31.123s][info][gc           ] GC(1688) Pause Young (Allocation Failure) 185M->48M(494M) 0.368ms
[31.123s][info][gc,cpu       ] GC(1688) User=0.00s Sys=0.00s Real=0.00s
[31.139s][info][gc,start     ] GC(1689) Pause Young (Allocation Failure)
[31.139s][info][gc,heap      ] GC(1689) DefNew: 140196K->419K(157248K)
[31.139s][info][gc,heap      ] GC(1689) Tenured: 49321K->49350K(349568K)
[31.139s][info][gc,metaspace ] GC(1689) Metaspace: 13559K->13559K(1062912K)
[31.139s][info][gc           ] GC(1689) Pause Young (Allocation Failure) 185M->48M(494M) 0.402ms
[31.139s][info][gc,cpu       ] GC(1689) User=0.00s Sys=0.00s Real=0.00s
[31.155s][info][gc,start     ] GC(1690) Pause Young (Allocation Failure)
[31.155s][info][gc,heap      ] GC(1690) DefNew: 140195K->428K(157248K)
[31.155s][info][gc,heap      ] GC(1690) Tenured: 49350K->49370K(349568K)
[31.155s][info][gc,metaspace ] GC(1690) Metaspace: 13559K->13559K(1062912K)
[31.155s][info][gc           ] GC(1690) Pause Young (Allocation Failure) 185M->48M(494M) 0.439ms
[31.155s][info][gc,cpu       ] GC(1690) User=0.00s Sys=0.00s Real=0.00s
[31.173s][info][gc,start     ] GC(1691) Pause Young (Allocation Failure)
[31.174s][info][gc,heap      ] GC(1691) DefNew: 140204K->427K(157248K)
[31.174s][info][gc,heap      ] GC(1691) Tenured: 49370K->49399K(349568K)
[31.174s][info][gc,metaspace ] GC(1691) Metaspace: 13559K->13559K(1062912K)
[31.174s][info][gc           ] GC(1691) Pause Young (Allocation Failure) 185M->48M(494M) 0.402ms
[31.174s][info][gc,cpu       ] GC(1691) User=0.00s Sys=0.00s Real=0.00s
[31.192s][info][gc,start     ] GC(1692) Pause Young (Allocation Failure)
[31.193s][info][gc,heap      ] GC(1692) DefNew: 140203K->426K(157248K)
[31.193s][info][gc,heap      ] GC(1692) Tenured: 49399K->49429K(349568K)
[31.193s][info][gc,metaspace ] GC(1692) Metaspace: 13559K->13559K(1062912K)
[31.193s][info][gc           ] GC(1692) Pause Young (Allocation Failure) 185M->48M(494M) 0.455ms
[31.193s][info][gc,cpu       ] GC(1692) User=0.00s Sys=0.00s Real=0.00s
[31.212s][info][gc,start     ] GC(1693) Pause Young (Allocation Failure)
[31.212s][info][gc,heap      ] GC(1693) DefNew: 140202K->424K(157248K)
[31.212s][info][gc,heap      ] GC(1693) Tenured: 49429K->49458K(349568K)
[31.212s][info][gc,metaspace ] GC(1693) Metaspace: 13559K->13559K(1062912K)
[31.212s][info][gc           ] GC(1693) Pause Young (Allocation Failure) 185M->48M(494M) 0.540ms
[31.212s][info][gc,cpu       ] GC(1693) User=0.00s Sys=0.00s Real=0.00s
[31.230s][info][gc,start     ] GC(1694) Pause Young (Allocation Failure)
[31.230s][info][gc,heap      ] GC(1694) DefNew: 140200K->422K(157248K)
[31.230s][info][gc,heap      ] GC(1694) Tenured: 49458K->49487K(349568K)
[31.230s][info][gc,metaspace ] GC(1694) Metaspace: 13559K->13559K(1062912K)
[31.230s][info][gc           ] GC(1694) Pause Young (Allocation Failure) 185M->48M(494M) 0.501ms
[31.230s][info][gc,cpu       ] GC(1694) User=0.00s Sys=0.00s Real=0.00s
[31.248s][info][gc,start     ] GC(1695) Pause Young (Allocation Failure)
[31.248s][info][gc,heap      ] GC(1695) DefNew: 140198K->420K(157248K)
[31.248s][info][gc,heap      ] GC(1695) Tenured: 49487K->49517K(349568K)
[31.248s][info][gc,metaspace ] GC(1695) Metaspace: 13559K->13559K(1062912K)
[31.248s][info][gc           ] GC(1695) Pause Young (Allocation Failure) 185M->48M(494M) 0.420ms
[31.248s][info][gc,cpu       ] GC(1695) User=0.00s Sys=0.00s Real=0.00s
[31.267s][info][gc,start     ] GC(1696) Pause Young (Allocation Failure)
[31.268s][info][gc,heap      ] GC(1696) DefNew: 140196K->419K(157248K)
[31.268s][info][gc,heap      ] GC(1696) Tenured: 49517K->49546K(349568K)
[31.268s][info][gc,metaspace ] GC(1696) Metaspace: 13559K->13559K(1062912K)
[31.268s][info][gc           ] GC(1696) Pause Young (Allocation Failure) 185M->48M(494M) 0.436ms
[31.268s][info][gc,cpu       ] GC(1696) User=0.00s Sys=0.00s Real=0.00s
[31.286s][info][gc,start     ] GC(1697) Pause Young (Allocation Failure)
[31.286s][info][gc,heap      ] GC(1697) DefNew: 140195K->428K(157248K)
[31.286s][info][gc,heap      ] GC(1697) Tenured: 49546K->49565K(349568K)
[31.286s][info][gc,metaspace ] GC(1697) Metaspace: 13559K->13559K(1062912K)
[31.286s][info][gc           ] GC(1697) Pause Young (Allocation Failure) 185M->48M(494M) 0.461ms
[31.286s][info][gc,cpu       ] GC(1697) User=0.00s Sys=0.00s Real=0.00s
[31.304s][info][gc,start     ] GC(1698) Pause Young (Allocation Failure)
[31.304s][info][gc,heap      ] GC(1698) DefNew: 140204K->426K(157248K)
[31.304s][info][gc,heap      ] GC(1698) Tenured: 49565K->49595K(349568K)
[31.304s][info][gc,metaspace ] GC(1698) Metaspace: 13559K->13559K(1062912K)
[31.304s][info][gc           ] GC(1698) Pause Young (Allocation Failure) 185M->48M(494M) 0.432ms
[31.304s][info][gc,cpu       ] GC(1698) User=0.00s Sys=0.00s Real=0.00s
[31.323s][info][gc,start     ] GC(1699) Pause Young (Allocation Failure)
[31.323s][info][gc,heap      ] GC(1699) DefNew: 140202K->425K(157248K)
[31.323s][info][gc,heap      ] GC(1699) Tenured: 49595K->49624K(349568K)
[31.323s][info][gc,metaspace ] GC(1699) Metaspace: 13559K->13559K(1062912K)
[31.323s][info][gc           ] GC(1699) Pause Young (Allocation Failure) 185M->48M(494M) 0.486ms
[31.323s][info][gc,cpu       ] GC(1699) User=0.00s Sys=0.00s Real=0.00s
[31.339s][info][gc,start     ] GC(1700) Pause Young (Allocation Failure)
[31.340s][info][gc,heap      ] GC(1700) DefNew: 140201K->424K(157248K)
[31.340s][info][gc,heap      ] GC(1700) Tenured: 49624K->49654K(349568K)
[31.340s][info][gc,metaspace ] GC(1700) Metaspace: 13559K->13559K(1062912K)
[31.340s][info][gc           ] GC(1700) Pause Young (Allocation Failure) 185M->48M(494M) 0.447ms
[31.340s][info][gc,cpu       ] GC(1700) User=0.00s Sys=0.00s Real=0.01s
[31.354s][info][gc,start     ] GC(1701) Pause Young (Allocation Failure)
[31.354s][info][gc,heap      ] GC(1701) DefNew: 140200K->420K(157248K)
[31.354s][info][gc,heap      ] GC(1701) Tenured: 49654K->49683K(349568K)
[31.354s][info][gc,metaspace ] GC(1701) Metaspace: 13559K->13559K(1062912K)
[31.354s][info][gc           ] GC(1701) Pause Young (Allocation Failure) 185M->48M(494M) 0.398ms
[31.354s][info][gc,cpu       ] GC(1701) User=0.00s Sys=0.00s Real=0.00s
[31.369s][info][gc,start     ] GC(1702) Pause Young (Allocation Failure)
[31.369s][info][gc,heap      ] GC(1702) DefNew: 140196K->419K(157248K)
[31.369s][info][gc,heap      ] GC(1702) Tenured: 49683K->49712K(349568K)
[31.369s][info][gc,metaspace ] GC(1702) Metaspace: 13559K->13559K(1062912K)
[31.369s][info][gc           ] GC(1702) Pause Young (Allocation Failure) 185M->48M(494M) 0.395ms
[31.370s][info][gc,cpu       ] GC(1702) User=0.00s Sys=0.00s Real=0.01s
[31.386s][info][gc,start     ] GC(1703) Pause Young (Allocation Failure)
[31.386s][info][gc,heap      ] GC(1703) DefNew: 140195K->428K(157248K)
[31.386s][info][gc,heap      ] GC(1703) Tenured: 49712K->49732K(349568K)
[31.386s][info][gc,metaspace ] GC(1703) Metaspace: 13559K->13559K(1062912K)
[31.386s][info][gc           ] GC(1703) Pause Young (Allocation Failure) 185M->48M(494M) 0.426ms
[31.386s][info][gc,cpu       ] GC(1703) User=0.00s Sys=0.00s Real=0.00s
[31.405s][info][gc,start     ] GC(1704) Pause Young (Allocation Failure)
[31.406s][info][gc,heap      ] GC(1704) DefNew: 140204K->427K(157248K)
[31.406s][info][gc,heap      ] GC(1704) Tenured: 49732K->49761K(349568K)
[31.406s][info][gc,metaspace ] GC(1704) Metaspace: 13559K->13559K(1062912K)
[31.406s][info][gc           ] GC(1704) Pause Young (Allocation Failure) 185M->49M(494M) 0.418ms
[31.406s][info][gc,cpu       ] GC(1704) User=0.00s Sys=0.00s Real=0.00s
[31.425s][info][gc,start     ] GC(1705) Pause Young (Allocation Failure)
[31.425s][info][gc,heap      ] GC(1705) DefNew: 140203K->426K(157248K)
[31.425s][info][gc,heap      ] GC(1705) Tenured: 49761K->49790K(349568K)
[31.425s][info][gc,metaspace ] GC(1705) Metaspace: 13559K->13559K(1062912K)
[31.425s][info][gc           ] GC(1705) Pause Young (Allocation Failure) 185M->49M(494M) 0.443ms
[31.425s][info][gc,cpu       ] GC(1705) User=0.00s Sys=0.00s Real=0.00s
[31.443s][info][gc,start     ] GC(1706) Pause Young (Allocation Failure)
[31.443s][info][gc,heap      ] GC(1706) DefNew: 140202K->425K(157248K)
[31.443s][info][gc,heap      ] GC(1706) Tenured: 49790K->49820K(349568K)
[31.443s][info][gc,metaspace ] GC(1706) Metaspace: 13559K->13559K(1062912K)
[31.443s][info][gc           ] GC(1706) Pause Young (Allocation Failure) 185M->49M(494M) 0.413ms
[31.443s][info][gc,cpu       ] GC(1706) User=0.00s Sys=0.00s Real=0.00s
[31.460s][info][gc,start     ] GC(1707) Pause Young (Allocation Failure)
[31.460s][info][gc,heap      ] GC(1707) DefNew: 140201K->422K(157248K)
[31.460s][info][gc,heap      ] GC(1707) Tenured: 49820K->49849K(349568K)
[31.460s][info][gc,metaspace ] GC(1707) Metaspace: 13559K->13559K(1062912K)
[31.460s][info][gc           ] GC(1707) Pause Young (Allocation Failure) 185M->49M(494M) 0.398ms
[31.460s][info][gc,cpu       ] GC(1707) User=0.00s Sys=0.00s Real=0.00s
[31.475s][info][gc,start     ] GC(1708) Pause Young (Allocation Failure)
[31.476s][info][gc,heap      ] GC(1708) DefNew: 140198K->420K(157248K)
[31.476s][info][gc,heap      ] GC(1708) Tenured: 49849K->49878K(349568K)
[31.476s][info][gc,metaspace ] GC(1708) Metaspace: 13559K->13559K(1062912K)
[31.476s][info][gc           ] GC(1708) Pause Young (Allocation Failure) 185M->49M(494M) 0.434ms
[31.476s][info][gc,cpu       ] GC(1708) User=0.00s Sys=0.00s Real=0.00s
[31.492s][info][gc,start     ] GC(1709) Pause Young (Allocation Failure)
[31.493s][info][gc,heap      ] GC(1709) DefNew: 140196K->419K(157248K)
[31.493s][info][gc,heap      ] GC(1709) Tenured: 49878K->49908K(349568K)
[31.493s][info][gc,metaspace ] GC(1709) Metaspace: 13559K->13559K(1062912K)
[31.493s][info][gc           ] GC(1709) Pause Young (Allocation Failure) 185M->49M(494M) 0.403ms
[31.493s][info][gc,cpu       ] GC(1709) User=0.00s Sys=0.00s Real=0.00s
[31.510s][info][gc,start     ] GC(1710) Pause Young (Allocation Failure)
[31.510s][info][gc,heap      ] GC(1710) DefNew: 140195K->428K(157248K)
[31.510s][info][gc,heap      ] GC(1710) Tenured: 49908K->49927K(349568K)
[31.510s][info][gc,metaspace ] GC(1710) Metaspace: 13559K->13559K(1062912K)
[31.510s][info][gc           ] GC(1710) Pause Young (Allocation Failure) 185M->49M(494M) 0.419ms
[31.510s][info][gc,cpu       ] GC(1710) User=0.00s Sys=0.00s Real=0.00s
[31.528s][info][gc,start     ] GC(1711) Pause Young (Allocation Failure)
[31.528s][info][gc,heap      ] GC(1711) DefNew: 140204K->427K(157248K)
[31.528s][info][gc,heap      ] GC(1711) Tenured: 49927K->49957K(349568K)
[31.528s][info][gc,metaspace ] GC(1711) Metaspace: 13559K->13559K(1062912K)
[31.528s][info][gc           ] GC(1711) Pause Young (Allocation Failure) 185M->49M(494M) 0.453ms
[31.528s][info][gc,cpu       ] GC(1711) User=0.00s Sys=0.00s Real=0.00s
[31.544s][info][gc,start     ] GC(1712) Pause Young (Allocation Failure)
[31.545s][info][gc,heap      ] GC(1712) DefNew: 140203K->425K(157248K)
[31.545s][info][gc,heap      ] GC(1712) Tenured: 49957K->49986K(349568K)
[31.545s][info][gc,metaspace ] GC(1712) Metaspace: 13559K->13559K(1062912K)
[31.545s][info][gc           ] GC(1712) Pause Young (Allocation Failure) 185M->49M(494M) 0.434ms
[31.545s][info][gc,cpu       ] GC(1712) User=0.00s Sys=0.00s Real=0.00s
[31.560s][info][gc,start     ] GC(1713) Pause Young (Allocation Failure)
[31.561s][info][gc,heap      ] GC(1713) DefNew: 140201K->424K(157248K)
[31.561s][info][gc,heap      ] GC(1713) Tenured: 49986K->50015K(349568K)
[31.561s][info][gc,metaspace ] GC(1713) Metaspace: 13559K->13559K(1062912K)
[31.561s][info][gc           ] GC(1713) Pause Young (Allocation Failure) 185M->49M(494M) 0.403ms
[31.561s][info][gc,cpu       ] GC(1713) User=0.00s Sys=0.00s Real=0.00s
[31.575s][info][gc,start     ] GC(1714) Pause Young (Allocation Failure)
[31.576s][info][gc,heap      ] GC(1714) DefNew: 140200K->420K(157248K)
[31.576s][info][gc,heap      ] GC(1714) Tenured: 50015K->50045K(349568K)
[31.576s][info][gc,metaspace ] GC(1714) Metaspace: 13559K->13559K(1062912K)
[31.576s][info][gc           ] GC(1714) Pause Young (Allocation Failure) 185M->49M(494M) 0.342ms
[31.576s][info][gc,cpu       ] GC(1714) User=0.00s Sys=0.00s Real=0.00s
[31.592s][info][gc,start     ] GC(1715) Pause Young (Allocation Failure)
[31.592s][info][gc,heap      ] GC(1715) DefNew: 140196K->419K(157248K)
[31.592s][info][gc,heap      ] GC(1715) Tenured: 50045K->50074K(349568K)
[31.592s][info][gc,metaspace ] GC(1715) Metaspace: 13559K->13559K(1062912K)
[31.592s][info][gc           ] GC(1715) Pause Young (Allocation Failure) 185M->49M(494M) 0.389ms
[31.592s][info][gc,cpu       ] GC(1715) User=0.00s Sys=0.00s Real=0.00s
[31.608s][info][gc,start     ] GC(1716) Pause Young (Allocation Failure)
[31.608s][info][gc,heap      ] GC(1716) DefNew: 140195K->428K(157248K)
[31.608s][info][gc,heap      ] GC(1716) Tenured: 50074K->50094K(349568K)
[31.608s][info][gc,metaspace ] GC(1716) Metaspace: 13559K->13559K(1062912K)
[31.608s][info][gc           ] GC(1716) Pause Young (Allocation Failure) 185M->49M(494M) 0.394ms
[31.608s][info][gc,cpu       ] GC(1716) User=0.00s Sys=0.00s Real=0.00s
[31.631s][info][gc,start     ] GC(1717) Pause Young (Allocation Failure)
[31.632s][info][gc,heap      ] GC(1717) DefNew: 140204K->427K(157248K)
[31.632s][info][gc,heap      ] GC(1717) Tenured: 50094K->50123K(349568K)
[31.632s][info][gc,metaspace ] GC(1717) Metaspace: 13561K->13561K(1062912K)
[31.632s][info][gc           ] GC(1717) Pause Young (Allocation Failure) 185M->49M(494M) 0.634ms
[31.632s][info][gc,cpu       ] GC(1717) User=0.00s Sys=0.00s Real=0.00s
[31.662s][info][gc,start     ] GC(1718) Pause Young (Allocation Failure)
[31.663s][info][gc,heap      ] GC(1718) DefNew: 140203K->426K(157248K)
[31.663s][info][gc,heap      ] GC(1718) Tenured: 50123K->50152K(349568K)
[31.663s][info][gc,metaspace ] GC(1718) Metaspace: 13561K->13561K(1062912K)
[31.663s][info][gc           ] GC(1718) Pause Young (Allocation Failure) 185M->49M(494M) 0.517ms
[31.663s][info][gc,cpu       ] GC(1718) User=0.00s Sys=0.00s Real=0.00s
[31.685s][info][gc,start     ] GC(1719) Pause Young (Allocation Failure)
[31.686s][info][gc,heap      ] GC(1719) DefNew: 140202K->425K(157248K)
[31.686s][info][gc,heap      ] GC(1719) Tenured: 50152K->50182K(349568K)
[31.686s][info][gc,metaspace ] GC(1719) Metaspace: 13561K->13561K(1062912K)
[31.686s][info][gc           ] GC(1719) Pause Young (Allocation Failure) 185M->49M(494M) 0.494ms
[31.686s][info][gc,cpu       ] GC(1719) User=0.00s Sys=0.00s Real=0.00s
[31.703s][info][gc,start     ] GC(1720) Pause Young (Allocation Failure)
[31.703s][info][gc,heap      ] GC(1720) DefNew: 140201K->423K(157248K)
[31.703s][info][gc,heap      ] GC(1720) Tenured: 50182K->50211K(349568K)
[31.703s][info][gc,metaspace ] GC(1720) Metaspace: 13561K->13561K(1062912K)
[31.703s][info][gc           ] GC(1720) Pause Young (Allocation Failure) 185M->49M(494M) 0.472ms
[31.703s][info][gc,cpu       ] GC(1720) User=0.00s Sys=0.00s Real=0.00s
[31.718s][info][gc,start     ] GC(1721) Pause Young (Allocation Failure)
[31.719s][info][gc,heap      ] GC(1721) DefNew: 140199K->420K(157248K)
[31.719s][info][gc,heap      ] GC(1721) Tenured: 50211K->50240K(349568K)
[31.719s][info][gc,metaspace ] GC(1721) Metaspace: 13561K->13561K(1062912K)
[31.719s][info][gc           ] GC(1721) Pause Young (Allocation Failure) 185M->49M(494M) 0.418ms
[31.719s][info][gc,cpu       ] GC(1721) User=0.00s Sys=0.00s Real=0.00s
[31.735s][info][gc,start     ] GC(1722) Pause Young (Allocation Failure)
[31.736s][info][gc,heap      ] GC(1722) DefNew: 140196K->419K(157248K)
[31.736s][info][gc,heap      ] GC(1722) Tenured: 50240K->50270K(349568K)
[31.736s][info][gc,metaspace ] GC(1722) Metaspace: 13561K->13561K(1062912K)
[31.736s][info][gc           ] GC(1722) Pause Young (Allocation Failure) 185M->49M(494M) 0.445ms
[31.736s][info][gc,cpu       ] GC(1722) User=0.00s Sys=0.00s Real=0.00s
[31.752s][info][gc,start     ] GC(1723) Pause Young (Allocation Failure)
[31.753s][info][gc,heap      ] GC(1723) DefNew: 140195K->428K(157248K)
[31.753s][info][gc,heap      ] GC(1723) Tenured: 50270K->50289K(349568K)
[31.753s][info][gc,metaspace ] GC(1723) Metaspace: 13561K->13561K(1062912K)
[31.753s][info][gc           ] GC(1723) Pause Young (Allocation Failure) 186M->49M(494M) 0.445ms
[31.753s][info][gc,cpu       ] GC(1723) User=0.00s Sys=0.00s Real=0.00s
[31.768s][info][gc,start     ] GC(1724) Pause Young (Allocation Failure)
[31.769s][info][gc,heap      ] GC(1724) DefNew: 140204K->427K(157248K)
[31.769s][info][gc,heap      ] GC(1724) Tenured: 50289K->50319K(349568K)
[31.769s][info][gc,metaspace ] GC(1724) Metaspace: 13561K->13561K(1062912K)
[31.769s][info][gc           ] GC(1724) Pause Young (Allocation Failure) 186M->49M(494M) 0.424ms
[31.769s][info][gc,cpu       ] GC(1724) User=0.00s Sys=0.00s Real=0.00s
[31.788s][info][gc,start     ] GC(1725) Pause Young (Allocation Failure)
[31.789s][info][gc,heap      ] GC(1725) DefNew: 140203K->426K(157248K)
[31.789s][info][gc,heap      ] GC(1725) Tenured: 50319K->50348K(349568K)
[31.789s][info][gc,metaspace ] GC(1725) Metaspace: 13561K->13561K(1062912K)
[31.789s][info][gc           ] GC(1725) Pause Young (Allocation Failure) 186M->49M(494M) 0.465ms
[31.789s][info][gc,cpu       ] GC(1725) User=0.00s Sys=0.00s Real=0.00s
[31.806s][info][gc,start     ] GC(1726) Pause Young (Allocation Failure)
[31.807s][info][gc,heap      ] GC(1726) DefNew: 140202K->424K(157248K)
[31.807s][info][gc,heap      ] GC(1726) Tenured: 50348K->50377K(349568K)
[31.807s][info][gc,metaspace ] GC(1726) Metaspace: 13561K->13561K(1062912K)
[31.807s][info][gc           ] GC(1726) Pause Young (Allocation Failure) 186M->49M(494M) 0.549ms
[31.807s][info][gc,cpu       ] GC(1726) User=0.00s Sys=0.00s Real=0.00s
[31.824s][info][gc,start     ] GC(1727) Pause Young (Allocation Failure)
[31.825s][info][gc,heap      ] GC(1727) DefNew: 140200K->421K(157248K)
[31.825s][info][gc,heap      ] GC(1727) Tenured: 50377K->50407K(349568K)
[31.825s][info][gc,metaspace ] GC(1727) Metaspace: 13561K->13561K(1062912K)
[31.825s][info][gc           ] GC(1727) Pause Young (Allocation Failure) 186M->49M(494M) 0.648ms
[31.825s][info][gc,cpu       ] GC(1727) User=0.00s Sys=0.00s Real=0.00s
[31.843s][info][gc,start     ] GC(1728) Pause Young (Allocation Failure)
[31.843s][info][gc,heap      ] GC(1728) DefNew: 140197K->419K(157248K)
[31.843s][info][gc,heap      ] GC(1728) Tenured: 50407K->50436K(349568K)
[31.843s][info][gc,metaspace ] GC(1728) Metaspace: 13561K->13561K(1062912K)
[31.843s][info][gc           ] GC(1728) Pause Young (Allocation Failure) 186M->49M(494M) 0.417ms
[31.843s][info][gc,cpu       ] GC(1728) User=0.01s Sys=0.00s Real=0.00s
[31.861s][info][gc,start     ] GC(1729) Pause Young (Allocation Failure)
[31.861s][info][gc,heap      ] GC(1729) DefNew: 140195K->428K(157248K)
[31.861s][info][gc,heap      ] GC(1729) Tenured: 50436K->50456K(349568K)
[31.861s][info][gc,metaspace ] GC(1729) Metaspace: 13561K->13561K(1062912K)
[31.861s][info][gc           ] GC(1729) Pause Young (Allocation Failure) 186M->49M(494M) 0.462ms
[31.861s][info][gc,cpu       ] GC(1729) User=0.00s Sys=0.01s Real=0.00s
[31.879s][info][gc,start     ] GC(1730) Pause Young (Allocation Failure)
[31.879s][info][gc,heap      ] GC(1730) DefNew: 140204K->427K(157248K)
[31.879s][info][gc,heap      ] GC(1730) Tenured: 50456K->50485K(349568K)
[31.879s][info][gc,metaspace ] GC(1730) Metaspace: 13561K->13561K(1062912K)
[31.879s][info][gc           ] GC(1730) Pause Young (Allocation Failure) 186M->49M(494M) 0.505ms
[31.879s][info][gc,cpu       ] GC(1730) User=0.00s Sys=0.00s Real=0.00s
[31.896s][info][gc,start     ] GC(1731) Pause Young (Allocation Failure)
[31.897s][info][gc,heap      ] GC(1731) DefNew: 140203K->426K(157248K)
[31.897s][info][gc,heap      ] GC(1731) Tenured: 50485K->50514K(349568K)
[31.897s][info][gc,metaspace ] GC(1731) Metaspace: 13561K->13561K(1062912K)
[31.897s][info][gc           ] GC(1731) Pause Young (Allocation Failure) 186M->49M(494M) 0.527ms
[31.897s][info][gc,cpu       ] GC(1731) User=0.00s Sys=0.00s Real=0.00s
[31.912s][info][gc,start     ] GC(1732) Pause Young (Allocation Failure)
[31.913s][info][gc,heap      ] GC(1732) DefNew: 140202K->425K(157248K)
[31.913s][info][gc,heap      ] GC(1732) Tenured: 50514K->50544K(349568K)
[31.913s][info][gc,metaspace ] GC(1732) Metaspace: 13561K->13561K(1062912K)
[31.913s][info][gc           ] GC(1732) Pause Young (Allocation Failure) 186M->49M(494M) 0.438ms
[31.913s][info][gc,cpu       ] GC(1732) User=0.00s Sys=0.00s Real=0.00s
[31.929s][info][gc,start     ] GC(1733) Pause Young (Allocation Failure)
[31.930s][info][gc,heap      ] GC(1733) DefNew: 140201K->423K(157248K)
[31.930s][info][gc,heap      ] GC(1733) Tenured: 50544K->50573K(349568K)
[31.930s][info][gc,metaspace ] GC(1733) Metaspace: 13561K->13561K(1062912K)
[31.930s][info][gc           ] GC(1733) Pause Young (Allocation Failure) 186M->49M(494M) 0.441ms
[31.930s][info][gc,cpu       ] GC(1733) User=0.00s Sys=0.00s Real=0.01s
[31.945s][info][gc,start     ] GC(1734) Pause Young (Allocation Failure)
[31.946s][info][gc,heap      ] GC(1734) DefNew: 140199K->420K(157248K)
[31.946s][info][gc,heap      ] GC(1734) Tenured: 50573K->50602K(349568K)
[31.946s][info][gc,metaspace ] GC(1734) Metaspace: 13561K->13561K(1062912K)
[31.946s][info][gc           ] GC(1734) Pause Young (Allocation Failure) 186M->49M(494M) 0.415ms
[31.946s][info][gc,cpu       ] GC(1734) User=0.00s Sys=0.00s Real=0.00s
[31.962s][info][gc,start     ] GC(1735) Pause Young (Allocation Failure)
[31.962s][info][gc,heap      ] GC(1735) DefNew: 140196K->419K(157248K)
[31.962s][info][gc,heap      ] GC(1735) Tenured: 50602K->50632K(349568K)
[31.962s][info][gc,metaspace ] GC(1735) Metaspace: 13561K->13561K(1062912K)
[31.962s][info][gc           ] GC(1735) Pause Young (Allocation Failure) 186M->49M(494M) 0.397ms
[31.962s][info][gc,cpu       ] GC(1735) User=0.00s Sys=0.00s Real=0.00s
[31.978s][info][gc,start     ] GC(1736) Pause Young (Allocation Failure)
[31.979s][info][gc,heap      ] GC(1736) DefNew: 140195K->428K(157248K)
[31.979s][info][gc,heap      ] GC(1736) Tenured: 50632K->50651K(349568K)
[31.979s][info][gc,metaspace ] GC(1736) Metaspace: 13561K->13561K(1062912K)
[31.979s][info][gc           ] GC(1736) Pause Young (Allocation Failure) 186M->49M(494M) 0.375ms
[31.979s][info][gc,cpu       ] GC(1736) User=0.00s Sys=0.00s Real=0.00s
[31.995s][info][gc,start     ] GC(1737) Pause Young (Allocation Failure)
[31.995s][info][gc,heap      ] GC(1737) DefNew: 140204K->427K(157248K)
[31.995s][info][gc,heap      ] GC(1737) Tenured: 50651K->50681K(349568K)
[31.995s][info][gc,metaspace ] GC(1737) Metaspace: 13561K->13561K(1062912K)
[31.995s][info][gc           ] GC(1737) Pause Young (Allocation Failure) 186M->49M(494M) 0.407ms
[31.995s][info][gc,cpu       ] GC(1737) User=0.00s Sys=0.00s Real=0.00s
[32.012s][info][gc,start     ] GC(1738) Pause Young (Allocation Failure)
[32.013s][info][gc,heap      ] GC(1738) DefNew: 140203K->426K(157248K)
[32.013s][info][gc,heap      ] GC(1738) Tenured: 50681K->50710K(349568K)
[32.013s][info][gc,metaspace ] GC(1738) Metaspace: 13561K->13561K(1062912K)
[32.013s][info][gc           ] GC(1738) Pause Young (Allocation Failure) 186M->49M(494M) 0.470ms
[32.013s][info][gc,cpu       ] GC(1738) User=0.00s Sys=0.00s Real=0.00s
[32.032s][info][gc,start     ] GC(1739) Pause Young (Allocation Failure)
[32.033s][info][gc,heap      ] GC(1739) DefNew: 140202K->424K(157248K)
[32.033s][info][gc,heap      ] GC(1739) Tenured: 50710K->50739K(349568K)
[32.033s][info][gc,metaspace ] GC(1739) Metaspace: 13561K->13561K(1062912K)
[32.033s][info][gc           ] GC(1739) Pause Young (Allocation Failure) 186M->49M(494M) 0.463ms
[32.033s][info][gc,cpu       ] GC(1739) User=0.00s Sys=0.00s Real=0.00s
[32.050s][info][gc,start     ] GC(1740) Pause Young (Allocation Failure)
[32.051s][info][gc,heap      ] GC(1740) DefNew: 140200K->422K(157248K)
[32.051s][info][gc,heap      ] GC(1740) Tenured: 50739K->50769K(349568K)
[32.051s][info][gc,metaspace ] GC(1740) Metaspace: 13561K->13561K(1062912K)
[32.051s][info][gc           ] GC(1740) Pause Young (Allocation Failure) 186M->49M(494M) 0.630ms
[32.051s][info][gc,cpu       ] GC(1740) User=0.00s Sys=0.00s Real=0.00s
[32.067s][info][gc,start     ] GC(1741) Pause Young (Allocation Failure)
[32.068s][info][gc,heap      ] GC(1741) DefNew: 140198K->420K(157248K)
[32.068s][info][gc,heap      ] GC(1741) Tenured: 50769K->50798K(349568K)
[32.068s][info][gc,metaspace ] GC(1741) Metaspace: 13561K->13561K(1062912K)
[32.068s][info][gc           ] GC(1741) Pause Young (Allocation Failure) 186M->50M(494M) 0.499ms
[32.068s][info][gc,cpu       ] GC(1741) User=0.00s Sys=0.00s Real=0.00s
[32.086s][info][gc,start     ] GC(1742) Pause Young (Allocation Failure)
[32.086s][info][gc,heap      ] GC(1742) DefNew: 140196K->419K(157248K)
[32.086s][info][gc,heap      ] GC(1742) Tenured: 50798K->50827K(349568K)
[32.086s][info][gc,metaspace ] GC(1742) Metaspace: 13561K->13561K(1062912K)
[32.086s][info][gc           ] GC(1742) Pause Young (Allocation Failure) 186M->50M(494M) 0.525ms
[32.086s][info][gc,cpu       ] GC(1742) User=0.00s Sys=0.00s Real=0.00s
[32.103s][info][gc,start     ] GC(1743) Pause Young (Allocation Failure)
[32.104s][info][gc,heap      ] GC(1743) DefNew: 140195K->428K(157248K)
[32.104s][info][gc,heap      ] GC(1743) Tenured: 50827K->50847K(349568K)
[32.104s][info][gc,metaspace ] GC(1743) Metaspace: 13561K->13561K(1062912K)
[32.104s][info][gc           ] GC(1743) Pause Young (Allocation Failure) 186M->50M(494M) 0.412ms
[32.104s][info][gc,cpu       ] GC(1743) User=0.00s Sys=0.00s Real=0.00s
[32.120s][info][gc,start     ] GC(1744) Pause Young (Allocation Failure)
[32.120s][info][gc,heap      ] GC(1744) DefNew: 140204K->427K(157248K)
[32.120s][info][gc,heap      ] GC(1744) Tenured: 50847K->50876K(349568K)
[32.120s][info][gc,metaspace ] GC(1744) Metaspace: 13561K->13561K(1062912K)
[32.120s][info][gc           ] GC(1744) Pause Young (Allocation Failure) 186M->50M(494M) 0.412ms
[32.120s][info][gc,cpu       ] GC(1744) User=0.00s Sys=0.00s Real=0.00s
[32.137s][info][gc,start     ] GC(1745) Pause Young (Allocation Failure)
[32.138s][info][gc,heap      ] GC(1745) DefNew: 140203K->425K(157248K)
[32.138s][info][gc,heap      ] GC(1745) Tenured: 50876K->50906K(349568K)
[32.138s][info][gc,metaspace ] GC(1745) Metaspace: 13561K->13561K(1062912K)
[32.138s][info][gc           ] GC(1745) Pause Young (Allocation Failure) 186M->50M(494M) 0.415ms
[32.138s][info][gc,cpu       ] GC(1745) User=0.00s Sys=0.00s Real=0.00s
[32.154s][info][gc,start     ] GC(1746) Pause Young (Allocation Failure)
[32.154s][info][gc,heap      ] GC(1746) DefNew: 140201K->424K(157248K)
[32.154s][info][gc,heap      ] GC(1746) Tenured: 50906K->50935K(349568K)
[32.154s][info][gc,metaspace ] GC(1746) Metaspace: 13561K->13561K(1062912K)
[32.154s][info][gc           ] GC(1746) Pause Young (Allocation Failure) 186M->50M(494M) 0.439ms
[32.154s][info][gc,cpu       ] GC(1746) User=0.01s Sys=0.00s Real=0.00s
[32.169s][info][gc,start     ] GC(1747) Pause Young (Allocation Failure)
[32.170s][info][gc,heap      ] GC(1747) DefNew: 140200K->420K(157248K)
[32.170s][info][gc,heap      ] GC(1747) Tenured: 50935K->50964K(349568K)
[32.170s][info][gc,metaspace ] GC(1747) Metaspace: 13561K->13561K(1062912K)
[32.170s][info][gc           ] GC(1747) Pause Young (Allocation Failure) 186M->50M(494M) 0.389ms
[32.170s][info][gc,cpu       ] GC(1747) User=0.00s Sys=0.00s Real=0.01s
[32.186s][info][gc,start     ] GC(1748) Pause Young (Allocation Failure)
[32.187s][info][gc,heap      ] GC(1748) DefNew: 140196K->419K(157248K)
[32.187s][info][gc,heap      ] GC(1748) Tenured: 50964K->50994K(349568K)
[32.187s][info][gc,metaspace ] GC(1748) Metaspace: 13561K->13561K(1062912K)
[32.187s][info][gc           ] GC(1748) Pause Young (Allocation Failure) 186M->50M(494M) 0.514ms
[32.187s][info][gc,cpu       ] GC(1748) User=0.00s Sys=0.00s Real=0.00s
[32.207s][info][gc,start     ] GC(1749) Pause Young (Allocation Failure)
[32.207s][info][gc,heap      ] GC(1749) DefNew: 140195K->428K(157248K)
[32.207s][info][gc,heap      ] GC(1749) Tenured: 50994K->51013K(349568K)
[32.207s][info][gc,metaspace ] GC(1749) Metaspace: 13561K->13561K(1062912K)
[32.207s][info][gc           ] GC(1749) Pause Young (Allocation Failure) 186M->50M(494M) 0.461ms
[32.207s][info][gc,cpu       ] GC(1749) User=0.00s Sys=0.00s Real=0.00s
[32.227s][info][gc,start     ] GC(1750) Pause Young (Allocation Failure)
[32.227s][info][gc,heap      ] GC(1750) DefNew: 140204K->427K(157248K)
[32.227s][info][gc,heap      ] GC(1750) Tenured: 51013K->51042K(349568K)
[32.227s][info][gc,metaspace ] GC(1750) Metaspace: 13561K->13561K(1062912K)
[32.227s][info][gc           ] GC(1750) Pause Young (Allocation Failure) 186M->50M(494M) 0.414ms
[32.227s][info][gc,cpu       ] GC(1750) User=0.00s Sys=0.00s Real=0.00s
[32.245s][info][gc,start     ] GC(1751) Pause Young (Allocation Failure)
[32.246s][info][gc,heap      ] GC(1751) DefNew: 140203K->426K(157248K)
[32.246s][info][gc,heap      ] GC(1751) Tenured: 51042K->51072K(349568K)
[32.246s][info][gc,metaspace ] GC(1751) Metaspace: 13561K->13561K(1062912K)
[32.246s][info][gc           ] GC(1751) Pause Young (Allocation Failure) 186M->50M(494M) 0.485ms
[32.246s][info][gc,cpu       ] GC(1751) User=0.00s Sys=0.00s Real=0.00s
[32.265s][info][gc,start     ] GC(1752) Pause Young (Allocation Failure)
[32.265s][info][gc,heap      ] GC(1752) DefNew: 140202K->425K(157248K)
[32.265s][info][gc,heap      ] GC(1752) Tenured: 51072K->51101K(349568K)
[32.265s][info][gc,metaspace ] GC(1752) Metaspace: 13561K->13561K(1062912K)
[32.265s][info][gc           ] GC(1752) Pause Young (Allocation Failure) 186M->50M(494M) 0.425ms
[32.265s][info][gc,cpu       ] GC(1752) User=0.00s Sys=0.00s Real=0.00s
[32.283s][info][gc,start     ] GC(1753) Pause Young (Allocation Failure)
[32.284s][info][gc,heap      ] GC(1753) DefNew: 140201K->422K(157248K)
[32.284s][info][gc,heap      ] GC(1753) Tenured: 51101K->51130K(349568K)
[32.284s][info][gc,metaspace ] GC(1753) Metaspace: 13561K->13561K(1062912K)
[32.284s][info][gc           ] GC(1753) Pause Young (Allocation Failure) 186M->50M(494M) 0.631ms
[32.284s][info][gc,cpu       ] GC(1753) User=0.00s Sys=0.00s Real=0.00s
[32.300s][info][gc,start     ] GC(1754) Pause Young (Allocation Failure)
[32.300s][info][gc,heap      ] GC(1754) DefNew: 140198K->420K(157248K)
[32.300s][info][gc,heap      ] GC(1754) Tenured: 51130K->51160K(349568K)
[32.300s][info][gc,metaspace ] GC(1754) Metaspace: 13561K->13561K(1062912K)
[32.300s][info][gc           ] GC(1754) Pause Young (Allocation Failure) 186M->50M(494M) 0.417ms
[32.300s][info][gc,cpu       ] GC(1754) User=0.00s Sys=0.00s Real=0.00s
[32.317s][info][gc,start     ] GC(1755) Pause Young (Allocation Failure)
[32.317s][info][gc,heap      ] GC(1755) DefNew: 140196K->419K(157248K)
[32.317s][info][gc,heap      ] GC(1755) Tenured: 51160K->51189K(349568K)
[32.317s][info][gc,metaspace ] GC(1755) Metaspace: 13561K->13561K(1062912K)
[32.317s][info][gc           ] GC(1755) Pause Young (Allocation Failure) 186M->50M(494M) 0.389ms
[32.317s][info][gc,cpu       ] GC(1755) User=0.00s Sys=0.00s Real=0.00s
[32.324s][info][gc,heap,exit ] Heap
[32.324s][info][gc,heap,exit ]  def new generation   total 157248K, used 20022K [0x00000007e0000000, 0x00000007eaaa0000, 0x00000007eaaa0000)
[32.324s][info][gc,heap,exit ]   eden space 139776K,  14% used [0x00000007e0000000, 0x00000007e1324df0, 0x00000007e8880000)
[32.324s][info][gc,heap,exit ]   from space 17472K,   2% used [0x00000007e8880000, 0x00000007e88e8d40, 0x00000007e9990000)
[32.324s][info][gc,heap,exit ]   to   space 17472K,   0% used [0x00000007e9990000, 0x00000007e9990000, 0x00000007eaaa0000)
[32.324s][info][gc,heap,exit ]  tenured generation   total 349568K, used 51189K [0x00000007eaaa0000, 0x0000000800000000, 0x0000000800000000)
[32.324s][info][gc,heap,exit ]    the space 349568K,  14% used [0x00000007eaaa0000, 0x00000007edc9d6b0, 0x00000007edc9d800, 0x0000000800000000)
[32.324s][info][gc,heap,exit ]  Metaspace       used 13609K, capacity 14079K, committed 14208K, reserved 1062912K
[32.324s][info][gc,heap,exit ]   class space    used 1394K, capacity 1553K, committed 1664K, reserved 1048576K
